1790735192.237 15:26:32 login ok
=== 1790735193.389 15:26:33 >>> show mrp ring
Media Redundancy Protocol - Ring Information
MRP Ring 1
 Domain ID:                           ffffffff-ffff-ffff-ffff-ffffffffffff
 Domain Name:                         
 Ring Status:                         Enabled
 Running State:                       Running
 Role:                                Manager
 Network Status:                      Closed
 Port1:                               port1.0.13
  Status:                             Blocking
 Port2:                               port4.0.26
  Status:                             Forwarding
 Vlan ID:
 React on Link Change:                No
 Profile:                             500ms
  Topology Change Interval:           20ms
  Topology Change Count:              3
  Short Test Frame Interval:          30ms
  Default Test Frame Interval:        50ms
  Test Monitoring Interval Count:     5
  Test Monitoring Ext Interval Count: 15
  Non-blocking MRC Supported:         Yes
  Blocked port state supported:       Yes
=== 1790735194.541 15:26:34 >>> show mrp ring
Media Redundancy Protocol - Ring Information
MRP Ring 1
 Domain ID:                           ffffffff-ffff-ffff-ffff-ffffffffffff
 Domain Name:                         
 Ring Status:                         Enabled
 Running State:                       Running
 Role:                                Manager
 Network Status:                      Closed
 Port1:                               port1.0.13
  Status:                             Blocking
 Port2:                               port4.0.26
  Status:                             Forwarding
 Vlan ID:
 React on Link Change:                No
 Profile:                             500ms
  Topology Change Interval:           20ms
  Topology Change Count:              3
  Short Test Frame Interval:          30ms
  Default Test Frame Interval:        50ms
  Test Monitoring Interval Count:     5
  Test Monitoring Ext Interval Count: 15
  Non-blocking MRC Supported:         Yes
  Blocked port state supported:       Yes
=== 1790735196.541 15:26:36 >>> show mrp ring
Media Redundancy Protocol - Ring Information
MRP Ring 1
 Domain ID:                           ffffffff-ffff-ffff-ffff-ffffffffffff
 Domain Name:                         
 Ring Status:                         Enabled
 Running State:                       Running
 Role:                                Manager
 Network Status:                      Closed
 Port1:                               port1.0.13
  Status:                             Blocking
 Port2:                               port4.0.26
  Status:                             Forwarding
 Vlan ID:
 React on Link Change:                No
 Profile:                             500ms
  Topology Change Interval:           20ms
  Topology Change Count:              3
  Short Test Frame Interval:          30ms
  Default Test Frame Interval:        50ms
  Test Monitoring Interval Count:     5
  Test Monitoring Ext Interval Count: 15
  Non-blocking MRC Supported:         Yes
  Blocked port state supported:       Yes
=== 1790735198.541 15:26:38 >>> show mrp ring
Media Redundancy Protocol - Ring Information
MRP Ring 1
 Domain ID:                           ffffffff-ffff-ffff-ffff-ffffffffffff
 Domain Name:                         
 Ring Status:                         Enabled
 Running State:                       Running
 Role:                                Manager
 Network Status:                      Closed
 Port1:                               port1.0.13
  Status:                             Blocking
 Port2:                               port4.0.26
  Status:                             Forwarding
 Vlan ID:
 React on Link Change:                No
 Profile:                             500ms
  Topology Change Interval:           20ms
  Topology Change Count:              3
  Short Test Frame Interval:          30ms
  Default Test Frame Interval:        50ms
  Test Monitoring Interval Count:     5
  Test Monitoring Ext Interval Count: 15
  Non-blocking MRC Supported:         Yes
  Blocked port state supported:       Yes
=== 1790735200.541 15:26:40 >>> show mrp ring
Media Redundancy Protocol - Ring Information
MRP Ring 1
 Domain ID:                           ffffffff-ffff-ffff-ffff-ffffffffffff
 Domain Name:                         
 Ring Status:                         Enabled
 Running State:                       Running
 Role:                                Manager
 Network Status:                      Closed
 Port1:                               port1.0.13
  Status:                             Blocking
 Port2:                               port4.0.26
  Status:                             Forwarding
 Vlan ID:
 React on Link Change:                No
 Profile:                             500ms
  Topology Change Interval:           20ms
  Topology Change Count:              3
  Short Test Frame Interval:          30ms
  Default Test Frame Interval:        50ms
  Test Monitoring Interval Count:     5
  Test Monitoring Ext Interval Count: 15
  Non-blocking MRC Supported:         Yes
  Blocked port state supported:       Yes
=== 1790735202.541 15:26:42 >>> show mrp ring
Media Redundancy Protocol - Ring Information
MRP Ring 1
 Domain ID:                           ffffffff-ffff-ffff-ffff-ffffffffffff
 Domain Name:                         
 Ring Status:                         Enabled
 Running State:                       Running
 Role:                                Manager
 Network Status:                      Closed
 Port1:                               port1.0.13
  Status:                             Blocking
 Port2:                               port4.0.26
  Status:                             Forwarding
 Vlan ID:
 React on Link Change:                No
 Profile:                             500ms
  Topology Change Interval:           20ms
  Topology Change Count:              3
  Short Test Frame Interval:          30ms
  Default Test Frame Interval:        50ms
  Test Monitoring Interval Count:     5
  Test Monitoring Ext Interval Count: 15
  Non-blocking MRC Supported:         Yes
  Blocked port state supported:       Yes
=== 1790735204.541 15:26:44 >>> show mrp ring
Media Redundancy Protocol - Ring Information
MRP Ring 1
 Domain ID:                           ffffffff-ffff-ffff-ffff-ffffffffffff
 Domain Name:                         
 Ring Status:                         Enabled
 Running State:                       Running
 Role:                                Manager
 Network Status:                      Closed
 Port1:                               port1.0.13
  Status:                             Blocking
 Port2:                               port4.0.26
  Status:                             Forwarding
 Vlan ID:
 React on Link Change:                No
 Profile:                             500ms
  Topology Change Interval:           20ms
  Topology Change Count:              3
  Short Test Frame Interval:          30ms
  Default Test Frame Interval:        50ms
  Test Monitoring Interval Count:     5
  Test Monitoring Ext Interval Count: 15
  Non-blocking MRC Supported:         Yes
  Blocked port state supported:       Yes
=== 1790735206.542 15:26:46 >>> show mrp ring
Media Redundancy Protocol - Ring Information
MRP Ring 1
 Domain ID:                           ffffffff-ffff-ffff-ffff-ffffffffffff
 Domain Name:                         
 Ring Status:                         Enabled
 Running State:                       Running
 Role:                                Manager
 Network Status:                      Closed
 Port1:                               port1.0.13
  Status:                             Blocking
 Port2:                               port4.0.26
  Status:                             Forwarding
 Vlan ID:
 React on Link Change:                No
 Profile:                             500ms
  Topology Change Interval:           20ms
  Topology Change Count:              3
  Short Test Frame Interval:          30ms
  Default Test Frame Interval:        50ms
  Test Monitoring Interval Count:     5
  Test Monitoring Ext Interval Count: 15
  Non-blocking MRC Supported:         Yes
  Blocked port state supported:       Yes
=== 1790735208.542 15:26:48 >>> show mrp ring
Media Redundancy Protocol - Ring Information
MRP Ring 1
 Domain ID:                           ffffffff-ffff-ffff-ffff-ffffffffffff
 Domain Name:                         
 Ring Status:                         Enabled
 Running State:                       Running
 Role:                                Manager
 Network Status:                      Closed
 Port1:                               port1.0.13
  Status:                             Blocking
 Port2:                               port4.0.26
  Status:                             Forwarding
 Vlan ID:
 React on Link Change:                No
 Profile:                             500ms
  Topology Change Interval:           20ms
  Topology Change Count:              3
  Short Test Frame Interval:          30ms
  Default Test Frame Interval:        50ms
  Test Monitoring Interval Count:     5
  Test Monitoring Ext Interval Count: 15
  Non-blocking MRC Supported:         Yes
  Blocked port state supported:       Yes
=== 1790735210.542 15:26:50 >>> show mrp ring
Media Redundancy Protocol - Ring Information
MRP Ring 1
 Domain ID:                           ffffffff-ffff-ffff-ffff-ffffffffffff
 Domain Name:                         
 Ring Status:                         Enabled
 Running State:                       Running
 Role:                                Manager
 Network Status:                      Closed
 Port1:                               port1.0.13
  Status:                             Blocking
 Port2:                               port4.0.26
  Status:                             Forwarding
 Vlan ID:
 React on Link Change:                No
 Profile:                             500ms
  Topology Change Interval:           20ms
  Topology Change Count:              3
  Short Test Frame Interval:          30ms
  Default Test Frame Interval:        50ms
  Test Monitoring Interval Count:     5
  Test Monitoring Ext Interval Count: 15
  Non-blocking MRC Supported:         Yes
  Blocked port state supported:       Yes
=== 1790735212.542 15:26:52 >>> show mrp ring
Media Redundancy Protocol - Ring Information
MRP Ring 1
 Domain ID:                           ffffffff-ffff-ffff-ffff-ffffffffffff
 Domain Name:                         
 Ring Status:                         Enabled
 Running State:                       Running
 Role:                                Manager
 Network Status:                      Closed
 Port1:                               port1.0.13
  Status:                             Blocking
 Port2:                               port4.0.26
  Status:                             Forwarding
 Vlan ID:
 React on Link Change:                No
 Profile:                             500ms
  Topology Change Interval:           20ms
  Topology Change Count:              3
  Short Test Frame Interval:          30ms
  Default Test Frame Interval:        50ms
  Test Monitoring Interval Count:     5
  Test Monitoring Ext Interval Count: 15
  Non-blocking MRC Supported:         Yes
  Blocked port state supported:       Yes
=== 1790735214.542 15:26:54 >>> show mrp ring
Media Redundancy Protocol - Ring Information
MRP Ring 1
 Domain ID:                           ffffffff-ffff-ffff-ffff-ffffffffffff
 Domain Name:                         
 Ring Status:                         Enabled
 Running State:                       Running
 Role:                                Manager
 Network Status:                      Closed
 Port1:                               port1.0.13
  Status:                             Blocking
 Port2:                               port4.0.26
  Status:                             Forwarding
 Vlan ID:
 React on Link Change:                No
 Profile:                             500ms
  Topology Change Interval:           20ms
  Topology Change Count:              3
  Short Test Frame Interval:          30ms
  Default Test Frame Interval:        50ms
  Test Monitoring Interval Count:     5
  Test Monitoring Ext Interval Count: 15
  Non-blocking MRC Supported:         Yes
  Blocked port state supported:       Yes
=== 1790735216.542 15:26:56 >>> show mrp ring
Media Redundancy Protocol - Ring Information
MRP Ring 1
 Domain ID:                           ffffffff-ffff-ffff-ffff-ffffffffffff
 Domain Name:                         
 Ring Status:                         Enabled
 Running State:                       Running
 Role:                                Manager
 Network Status:                      Closed
 Port1:                               port1.0.13
  Status:                             Blocking
 Port2:                               port4.0.26
  Status:                             Forwarding
 Vlan ID:
 React on Link Change:                No
 Profile:                             500ms
  Topology Change Interval:           20ms
  Topology Change Count:              3
  Short Test Frame Interval:          30ms
  Default Test Frame Interval:        50ms
  Test Monitoring Interval Count:     5
  Test Monitoring Ext Interval Count: 15
  Non-blocking MRC Supported:         Yes
  Blocked port state supported:       Yes
=== 1790735218.542 15:26:58 >>> show mrp ring
Media Redundancy Protocol - Ring Information
MRP Ring 1
 Domain ID:                           ffffffff-ffff-ffff-ffff-ffffffffffff
 Domain Name:                         
 Ring Status:                         Enabled
 Running State:                       Running
 Role:                                Manager
 Network Status:                      Open
 Port1:                               port1.0.13
  Status:                             Forwarding
 Port2:                               port4.0.26
  Status:                             Blocking
 Vlan ID:
 React on Link Change:                No
 Profile:                             500ms
  Topology Change Interval:           20ms
  Topology Change Count:              3
  Short Test Frame Interval:          30ms
  Default Test Frame Interval:        50ms
  Test Monitoring Interval Count:     5
  Test Monitoring Ext Interval Count: 15
  Non-blocking MRC Supported:         Yes
  Blocked port state supported:       Yes
=== 1790735220.542 15:27:00 >>> show mrp ring
Media Redundancy Protocol - Ring Information
MRP Ring 1
 Domain ID:                           ffffffff-ffff-ffff-ffff-ffffffffffff
 Domain Name:                         
 Ring Status:                         Enabled
 Running State:                       Running
 Role:                                Manager
 Network Status:                      Open
 Port1:                               port1.0.13
  Status:                             Forwarding
 Port2:                               port4.0.26
  Status:                             Blocking
 Vlan ID:
 React on Link Change:                No
 Profile:                             500ms
  Topology Change Interval:           20ms
  Topology Change Count:              3
  Short Test Frame Interval:          30ms
  Default Test Frame Interval:        50ms
  Test Monitoring Interval Count:     5
  Test Monitoring Ext Interval Count: 15
  Non-blocking MRC Supported:         Yes
  Blocked port state supported:       Yes
=== 1790735222.542 15:27:02 >>> show mrp ring
Media Redundancy Protocol - Ring Information
MRP Ring 1
 Domain ID:                           ffffffff-ffff-ffff-ffff-ffffffffffff
 Domain Name:                         
 Ring Status:                         Enabled
 Running State:                       Running
 Role:                                Manager
 Network Status:                      Open
 Port1:                               port1.0.13
  Status:                             Forwarding
 Port2:                               port4.0.26
  Status:                             Blocking
 Vlan ID:
 React on Link Change:                No
 Profile:                             500ms
  Topology Change Interval:           20ms
  Topology Change Count:              3
  Short Test Frame Interval:          30ms
  Default Test Frame Interval:        50ms
  Test Monitoring Interval Count:     5
  Test Monitoring Ext Interval Count: 15
  Non-blocking MRC Supported:         Yes
  Blocked port state supported:       Yes
=== 1790735224.542 15:27:04 >>> show mrp ring
Media Redundancy Protocol - Ring Information
MRP Ring 1
 Domain ID:                           ffffffff-ffff-ffff-ffff-ffffffffffff
 Domain Name:                         
 Ring Status:                         Enabled
 Running State:                       Running
 Role:                                Manager
 Network Status:                      Open
 Port1:                               port1.0.13
  Status:                             Forwarding
 Port2:                               port4.0.26
  Status:                             Blocking
 Vlan ID:
 React on Link Change:                No
 Profile:                             500ms
  Topology Change Interval:           20ms
  Topology Change Count:              3
  Short Test Frame Interval:          30ms
  Default Test Frame Interval:        50ms
  Test Monitoring Interval Count:     5
  Test Monitoring Ext Interval Count: 15
  Non-blocking MRC Supported:         Yes
  Blocked port state supported:       Yes
=== 1790735226.542 15:27:06 >>> show mrp ring
Media Redundancy Protocol - Ring Information
MRP Ring 1
 Domain ID:                           ffffffff-ffff-ffff-ffff-ffffffffffff
 Domain Name:                         
 Ring Status:                         Enabled
 Running State:                       Running
 Role:                                Manager
 Network Status:                      Open
 Port1:                               port1.0.13
  Status:                             Forwarding
 Port2:                               port4.0.26
  Status:                             Blocking
 Vlan ID:
 React on Link Change:                No
 Profile:                             500ms
  Topology Change Interval:           20ms
  Topology Change Count:              3
  Short Test Frame Interval:          30ms
  Default Test Frame Interval:        50ms
  Test Monitoring Interval Count:     5
  Test Monitoring Ext Interval Count: 15
  Non-blocking MRC Supported:         Yes
  Blocked port state supported:       Yes
=== 1790735228.543 15:27:08 >>> show mrp ring
Media Redundancy Protocol - Ring Information
MRP Ring 1
 Domain ID:                           ffffffff-ffff-ffff-ffff-ffffffffffff
 Domain Name:                         
 Ring Status:                         Enabled
 Running State:                       Running
 Role:                                Manager
 Network Status:                      Open
 Port1:                               port1.0.13
  Status:                             Forwarding
 Port2:                               port4.0.26
  Status:                             Blocking
 Vlan ID:
 React on Link Change:                No
 Profile:                             500ms
  Topology Change Interval:           20ms
  Topology Change Count:              3
  Short Test Frame Interval:          30ms
  Default Test Frame Interval:        50ms
  Test Monitoring Interval Count:     5
  Test Monitoring Ext Interval Count: 15
  Non-blocking MRC Supported:         Yes
  Blocked port state supported:       Yes
=== 1790735230.543 15:27:10 >>> show mrp ring
Media Redundancy Protocol - Ring Information
MRP Ring 1
 Domain ID:                           ffffffff-ffff-ffff-ffff-ffffffffffff
 Domain Name:                         
 Ring Status:                         Enabled
 Running State:                       Running
 Role:                                Manager
 Network Status:                      Open
 Port1:                               port1.0.13
  Status:                             Forwarding
 Port2:                               port4.0.26
  Status:                             Blocking
 Vlan ID:
 React on Link Change:                No
 Profile:                             500ms
  Topology Change Interval:           20ms
  Topology Change Count:              3
  Short Test Frame Interval:          30ms
  Default Test Frame Interval:        50ms
  Test Monitoring Interval Count:     5
  Test Monitoring Ext Interval Count: 15
  Non-blocking MRC Supported:         Yes
  Blocked port state supported:       Yes
=== 1790735232.543 15:27:12 >>> show mrp ring
Media Redundancy Protocol - Ring Information
MRP Ring 1
 Domain ID:                           ffffffff-ffff-ffff-ffff-ffffffffffff
 Domain Name:                         
 Ring Status:                         Enabled
 Running State:                       Running
 Role:                                Manager
 Network Status:                      Open
 Port1:                               port1.0.13
  Status:                             Forwarding
 Port2:                               port4.0.26
  Status:                             Blocking
 Vlan ID:
 React on Link Change:                No
 Profile:                             500ms
  Topology Change Interval:           20ms
  Topology Change Count:              3
  Short Test Frame Interval:          30ms
  Default Test Frame Interval:        50ms
  Test Monitoring Interval Count:     5
  Test Monitoring Ext Interval Count: 15
  Non-blocking MRC Supported:         Yes
  Blocked port state supported:       Yes
=== 1790735234.543 15:27:14 >>> show mrp ring
Media Redundancy Protocol - Ring Information
MRP Ring 1
 Domain ID:                           ffffffff-ffff-ffff-ffff-ffffffffffff
 Domain Name:                         
 Ring Status:                         Enabled
 Running State:                       Running
 Role:                                Manager
 Network Status:                      Open
 Port1:                               port1.0.13
  Status:                             Forwarding
 Port2:                               port4.0.26
  Status:                             Blocking
 Vlan ID:
 React on Link Change:                No
 Profile:                             500ms
  Topology Change Interval:           20ms
  Topology Change Count:              3
  Short Test Frame Interval:          30ms
  Default Test Frame Interval:        50ms
  Test Monitoring Interval Count:     5
  Test Monitoring Ext Interval Count: 15
  Non-blocking MRC Supported:         Yes
  Blocked port state supported:       Yes
=== 1790735236.543 15:27:16 >>> show mrp ring
Media Redundancy Protocol - Ring Information
MRP Ring 1
 Domain ID:                           ffffffff-ffff-ffff-ffff-ffffffffffff
 Domain Name:                         
 Ring Status:                         Enabled
 Running State:                       Running
 Role:                                Manager
 Network Status:                      Open
 Port1:                               port1.0.13
  Status:                             Forwarding
 Port2:                               port4.0.26
  Status:                             Blocking
 Vlan ID:
 React on Link Change:                No
 Profile:                             500ms
  Topology Change Interval:           20ms
  Topology Change Count:              3
  Short Test Frame Interval:          30ms
  Default Test Frame Interval:        50ms
  Test Monitoring Interval Count:     5
  Test Monitoring Ext Interval Count: 15
  Non-blocking MRC Supported:         Yes
  Blocked port state supported:       Yes
=== 1790735238.543 15:27:18 >>> show mrp ring
Media Redundancy Protocol - Ring Information
MRP Ring 1
 Domain ID:                           ffffffff-ffff-ffff-ffff-ffffffffffff
 Domain Name:                         
 Ring Status:                         Enabled
 Running State:                       Running
 Role:                                Manager
 Network Status:                      Open
 Port1:                               port1.0.13
  Status:                             Forwarding
 Port2:                               port4.0.26
  Status:                             Blocking
 Vlan ID:
 React on Link Change:                No
 Profile:                             500ms
  Topology Change Interval:           20ms
  Topology Change Count:              3
  Short Test Frame Interval:          30ms
  Default Test Frame Interval:        50ms
  Test Monitoring Interval Count:     5
  Test Monitoring Ext Interval Count: 15
  Non-blocking MRC Supported:         Yes
  Blocked port state supported:       Yes
=== 1790735240.543 15:27:20 >>> show mrp ring
Media Redundancy Protocol - Ring Information
MRP Ring 1
 Domain ID:                           ffffffff-ffff-ffff-ffff-ffffffffffff
 Domain Name:                         
 Ring Status:                         Enabled
 Running State:                       Running
 Role:                                Manager
 Network Status:                      Open
 Port1:                               port1.0.13
  Status:                             Forwarding
 Port2:                               port4.0.26
  Status:                             Blocking
 Vlan ID:
 React on Link Change:                No
 Profile:                             500ms
  Topology Change Interval:           20ms
  Topology Change Count:              3
  Short Test Frame Interval:          30ms
  Default Test Frame Interval:        50ms
  Test Monitoring Interval Count:     5
  Test Monitoring Ext Interval Count: 15
  Non-blocking MRC Supported:         Yes
  Blocked port state supported:       Yes
=== 1790735242.543 15:27:22 >>> show mrp ring
Media Redundancy Protocol - Ring Information
MRP Ring 1
 Domain ID:                           ffffffff-ffff-ffff-ffff-ffffffffffff
 Domain Name:                         
 Ring Status:                         Enabled
 Running State:                       Running
 Role:                                Manager
 Network Status:                      Open
 Port1:                               port1.0.13
  Status:                             Forwarding
 Port2:                               port4.0.26
  Status:                             Blocking
 Vlan ID:
 React on Link Change:                No
 Profile:                             500ms
  Topology Change Interval:           20ms
  Topology Change Count:              3
  Short Test Frame Interval:          30ms
  Default Test Frame Interval:        50ms
  Test Monitoring Interval Count:     5
  Test Monitoring Ext Interval Count: 15
  Non-blocking MRC Supported:         Yes
  Blocked port state supported:       Yes
=== 1790735244.543 15:27:24 >>> show mrp ring
Media Redundancy Protocol - Ring Information
MRP Ring 1
 Domain ID:                           ffffffff-ffff-ffff-ffff-ffffffffffff
 Domain Name:                         
 Ring Status:                         Enabled
 Running State:                       Running
 Role:                                Manager
 Network Status:                      Open
 Port1:                               port1.0.13
  Status:                             Forwarding
 Port2:                               port4.0.26
  Status:                             Blocking
 Vlan ID:
 React on Link Change:                No
 Profile:                             500ms
  Topology Change Interval:           20ms
  Topology Change Count:              3
  Short Test Frame Interval:          30ms
  Default Test Frame Interval:        50ms
  Test Monitoring Interval Count:     5
  Test Monitoring Ext Interval Count: 15
  Non-blocking MRC Supported:         Yes
  Blocked port state supported:       Yes
=== 1790735246.543 15:27:26 >>> show mrp ring
Media Redundancy Protocol - Ring Information
MRP Ring 1
 Domain ID:                           ffffffff-ffff-ffff-ffff-ffffffffffff
 Domain Name:                         
 Ring Status:                         Enabled
 Running State:                       Running
 Role:                                Manager
 Network Status:                      Open
 Port1:                               port1.0.13
  Status:                             Forwarding
 Port2:                               port4.0.26
  Status:                             Blocking
 Vlan ID:
 React on Link Change:                No
 Profile:                             500ms
  Topology Change Interval:           20ms
  Topology Change Count:              3
  Short Test Frame Interval:          30ms
  Default Test Frame Interval:        50ms
  Test Monitoring Interval Count:     5
  Test Monitoring Ext Interval Count: 15
  Non-blocking MRC Supported:         Yes
  Blocked port state supported:       Yes
=== 1790735248.543 15:27:28 >>> show mrp ring
Media Redundancy Protocol - Ring Information
MRP Ring 1
 Domain ID:                           ffffffff-ffff-ffff-ffff-ffffffffffff
 Domain Name:                         
 Ring Status:                         Enabled
 Running State:                       Running
 Role:                                Manager
 Network Status:                      Closed
 Port1:                               port1.0.13
  Status:                             Forwarding
 Port2:                               port4.0.26
  Status:                             Blocking
 Vlan ID:
 React on Link Change:                No
 Profile:                             500ms
  Topology Change Interval:           20ms
  Topology Change Count:              3
  Short Test Frame Interval:          30ms
  Default Test Frame Interval:        50ms
  Test Monitoring Interval Count:     5
  Test Monitoring Ext Interval Count: 15
  Non-blocking MRC Supported:         Yes
  Blocked port state supported:       Yes
=== 1790735250.544 15:27:30 >>> show mrp ring
Media Redundancy Protocol - Ring Information
MRP Ring 1
 Domain ID:                           ffffffff-ffff-ffff-ffff-ffffffffffff
 Domain Name:                         
 Ring Status:                         Enabled
 Running State:                       Running
 Role:                                Manager
 Network Status:                      Closed
 Port1:                               port1.0.13
  Status:                             Forwarding
 Port2:                               port4.0.26
  Status:                             Blocking
 Vlan ID:
 React on Link Change:                No
 Profile:                             500ms
  Topology Change Interval:           20ms
  Topology Change Count:              3
  Short Test Frame Interval:          30ms
  Default Test Frame Interval:        50ms
  Test Monitoring Interval Count:     5
  Test Monitoring Ext Interval Count: 15
  Non-blocking MRC Supported:         Yes
  Blocked port state supported:       Yes
=== 1790735252.544 15:27:32 >>> show mrp ring
Media Redundancy Protocol - Ring Information
MRP Ring 1
 Domain ID:                           ffffffff-ffff-ffff-ffff-ffffffffffff
 Domain Name:                         
 Ring Status:                         Enabled
 Running State:                       Running
 Role:                                Manager
 Network Status:                      Closed
 Port1:                               port1.0.13
  Status:                             Forwarding
 Port2:                               port4.0.26
  Status:                             Blocking
 Vlan ID:
 React on Link Change:                No
 Profile:                             500ms
  Topology Change Interval:           20ms
  Topology Change Count:              3
  Short Test Frame Interval:          30ms
  Default Test Frame Interval:        50ms
  Test Monitoring Interval Count:     5
  Test Monitoring Ext Interval Count: 15
  Non-blocking MRC Supported:         Yes
  Blocked port state supported:       Yes
=== 1790735254.544 15:27:34 >>> show mrp ring
Media Redundancy Protocol - Ring Information
MRP Ring 1
 Domain ID:                           ffffffff-ffff-ffff-ffff-ffffffffffff
 Domain Name:                         
 Ring Status:                         Enabled
 Running State:                       Running
 Role:                                Manager
 Network Status:                      Closed
 Port1:                               port1.0.13
  Status:                             Forwarding
 Port2:                               port4.0.26
  Status:                             Blocking
 Vlan ID:
 React on Link Change:                No
 Profile:                             500ms
  Topology Change Interval:           20ms
  Topology Change Count:              3
  Short Test Frame Interval:          30ms
  Default Test Frame Interval:        50ms
  Test Monitoring Interval Count:     5
  Test Monitoring Ext Interval Count: 15
  Non-blocking MRC Supported:         Yes
  Blocked port state supported:       Yes
=== 1790735256.544 15:27:36 >>> show mrp ring
Media Redundancy Protocol - Ring Information
MRP Ring 1
 Domain ID:                           ffffffff-ffff-ffff-ffff-ffffffffffff
 Domain Name:                         
 Ring Status:                         Enabled
 Running State:                       Running
 Role:                                Manager
 Network Status:                      Closed
 Port1:                               port1.0.13
  Status:                             Forwarding
 Port2:                               port4.0.26
  Status:                             Blocking
 Vlan ID:
 React on Link Change:                No
 Profile:                             500ms
  Topology Change Interval:           20ms
  Topology Change Count:              3
  Short Test Frame Interval:          30ms
  Default Test Frame Interval:        50ms
  Test Monitoring Interval Count:     5
  Test Monitoring Ext Interval Count: 15
  Non-blocking MRC Supported:         Yes
  Blocked port state supported:       Yes
=== 1790735258.544 15:27:38 >>> show mrp ring
Media Redundancy Protocol - Ring Information
MRP Ring 1
 Domain ID:                           ffffffff-ffff-ffff-ffff-ffffffffffff
 Domain Name:                         
 Ring Status:                         Enabled
 Running State:                       Running
 Role:                                Manager
 Network Status:                      Closed
 Port1:                               port1.0.13
  Status:                             Forwarding
 Port2:                               port4.0.26
  Status:                             Blocking
 Vlan ID:
 React on Link Change:                No
 Profile:                             500ms
  Topology Change Interval:           20ms
  Topology Change Count:              3
  Short Test Frame Interval:          30ms
  Default Test Frame Interval:        50ms
  Test Monitoring Interval Count:     5
  Test Monitoring Ext Interval Count: 15
  Non-blocking MRC Supported:         Yes
  Blocked port state supported:       Yes
=== 1790735260.544 15:27:40 >>> show mrp ring
Media Redundancy Protocol - Ring Information
MRP Ring 1
 Domain ID:                           ffffffff-ffff-ffff-ffff-ffffffffffff
 Domain Name:                         
 Ring Status:                         Enabled
 Running State:                       Running
 Role:                                Manager
 Network Status:                      Closed
 Port1:                               port1.0.13
  Status:                             Forwarding
 Port2:                               port4.0.26
  Status:                             Blocking
 Vlan ID:
 React on Link Change:                No
 Profile:                             500ms
  Topology Change Interval:           20ms
  Topology Change Count:              3
  Short Test Frame Interval:          30ms
  Default Test Frame Interval:        50ms
  Test Monitoring Interval Count:     5
  Test Monitoring Ext Interval Count: 15
  Non-blocking MRC Supported:         Yes
  Blocked port state supported:       Yes
=== 1790735262.544 15:27:42 >>> show mrp ring
Media Redundancy Protocol - Ring Information
MRP Ring 1
 Domain ID:                           ffffffff-ffff-ffff-ffff-ffffffffffff
 Domain Name:                         
 Ring Status:                         Enabled
 Running State:                       Running
 Role:                                Manager
 Network Status:                      Closed
 Port1:                               port1.0.13
  Status:                             Forwarding
 Port2:                               port4.0.26
  Status:                             Blocking
 Vlan ID:
 React on Link Change:                No
 Profile:                             500ms
  Topology Change Interval:           20ms
  Topology Change Count:              3
  Short Test Frame Interval:          30ms
  Default Test Frame Interval:        50ms
  Test Monitoring Interval Count:     5
  Test Monitoring Ext Interval Count: 15
  Non-blocking MRC Supported:         Yes
  Blocked port state supported:       Yes
=== 1790735264.544 15:27:44 >>> show mrp ring
Media Redundancy Protocol - Ring Information
MRP Ring 1
 Domain ID:                           ffffffff-ffff-ffff-ffff-ffffffffffff
 Domain Name:                         
 Ring Status:                         Enabled
 Running State:                       Running
 Role:                                Manager
 Network Status:                      Closed
 Port1:                               port1.0.13
  Status:                             Forwarding
 Port2:                               port4.0.26
  Status:                             Blocking
 Vlan ID:
 React on Link Change:                No
 Profile:                             500ms
  Topology Change Interval:           20ms
  Topology Change Count:              3
  Short Test Frame Interval:          30ms
  Default Test Frame Interval:        50ms
  Test Monitoring Interval Count:     5
  Test Monitoring Ext Interval Count: 15
  Non-blocking MRC Supported:         Yes
  Blocked port state supported:       Yes
