1790735214.649 15:26:54 >>> configure terminal
configure terminal
Enter configuration commands, one per line.  End with CNTL/Z.
IE520-sa(config)#
1790735215.450 15:26:55 >>> interface port1.0.26
interface port1.0.26
IE520-sa(config-if)#
1790735216.251 15:26:56 >>> shutdown
shutdown
switch: port 26(port1.0.26) entered disabled state
switch: port 26(port1.0.26) entered disabled state
IE520-sa(config-if)#
1790735217.053 15:26:57 >>> end
end
IE520-sa#
1790735217.854 15:26:57 >>> show mrp ring
show mrp ring
Media Redundancy Protocol - Ring Information
MRP Ring 1
 Domain ID:                           ffffffff-ffff-ffff-ffff-ffffffffffff
 Domain Name:                         
 Ring Status:                         Enabled
 Running State:                       Running
 Role:                                Client
 Port1:                               port1.0.13
  Status:                             Forwarding
 Port2:                               port1.0.26
  Status:                             Blocking
 Vlan ID:
 Profile:                             500ms
  Link Down Interval:                 20ms
  Link Up Interval:                   20ms
  Link Change Count:                  4
  Blocked port state supported:       Yes

IE520-sa#
