TEST 11346 -- PIM-DM End-to-end test
===========================================================================
Run:    2026-09-30 18:27-19:12 NZDT, tb470, bench-runner (queue CAMPAIGN-QUEUE-2026-09-29.md
        row 12). Hand-driven: no framework script. That session ended at ~19:12 before it
        wrote the log or restored. On Terrence's 2026-10-01 instruction ("write it up from the
        2026-09-30 evidence, then restore -- no re-run") this log was written on 2026-10-01
        from the committed evidence and the tb470 /tmp/ck12 console transcripts. NOTHING WAS
        RE-MEASURED. The restore was done 2026-10-01 08:02-08:1x NZDT (below).
Build:  awplus_main-20260923-20 (stack and IE520-sa)
DUT:    IE520 3-member VCStack "IE520-stk" (members 1/3/4, master member 3), router MAC
        0000.cd37.0d6f (virtual MAC). sw1 = the standalone IE520-sa running PIM-DM.
Case:   AWPTCM-T11346 (ck.db), objective "PIM-DM works as expected DUT can route multicast
        traffic using PIM-DM". Precondition (topology): "IXIA -- DUT -- sw1(running PIM-DM)--
        IXIA". One step: "Setup a PIM-DM network" -> expected "Multicast client able to get
        multicast stream". Here tcpreplay/scapy on tb470 stand in for both Ixia ports.

VERDICT: PASS.
  A two-router PIM-DM network (DUT = first-hop router with the source directly connected,
  sw1 = last-hop router and IGMP querier for the client) formed PIMv2 dense-mode neighbours.
  The client's IGMP join got the multicast stream end to end:
    - 1000 pps, 30 s: 30,001 / 30,001 delivered (100.0000 %).
    - line rate, 1514 B, 30 s: 984.30 Mbps, 2,438,001 / 2,438,001 delivered (100.0000 %,
      0 kernel drops); 81,267 pps = 99.99 % of the 81,274 pps 1G maximum at this size.
  Controls:
    - baseline (IGMP join, no multicast routing): 0 / 10,001 delivered.
    - the frames arrive routed twice: TTL 16 sent -> 14 received, source MAC = the SA's
      vlan3113 MAC.
    - Leave -> prune: the stream stops and the DUT's downstream list empties; re-join ->
      graft: it resumes (2 runs).
  The (S,G) route is in hardware on all three stack members.

TOPOLOGY (standing bench as at 2026-09-30, no recable; all addressing scratch)
  NB: on 2026-09-30 tb470 eth1 was on stack port3.0.13. Since 2026-10-01 (commit 2ab61f7) it is
  on port3.0.10 and port3.0.13 is an empty cage; this log describes the bench the run had.
  source eth1 (tb470) -- stack port3.0.13      vlan3111 10.113.1.1/24   [source host 10.113.1.2, fake MAC]
  stack port4.0.26 (member 4, 1000BASE-SX) -- SA port1.0.26   vlan3112 10.113.2.1/30 <-> .2/30  (PIM-DM)
  SA port1.0.2 -- eth2 (tb470)                 vlan3113 10.113.3.1/24   [receiver 10.113.3.2 = fake
                                                MAC 02:31:13:00:00:03, IGMPv2 from scapy]
  Group 239.113.1.1, UDP 5000 -> 5001, TTL 16 (tools/mkmc.py). SA static route
  10.113.1.0/24 via 10.113.2.1 (RPF toward the source). The SX link's baseline VLAN 4000 and
  the vlan1 membership of port3.0.13 and SA port1.0.2 were changed for the case.

STEP 0 -- support check (18:30; evidence 11346-q-u5.out, 11346-q-u3.out). qmark.py self-test
  first ("'show clock ?' then Ctrl-U then CR executed nothing"), then `?` only, never with a CR:
    stack and SA:  service ?  ->  "pdm   Dense Mode (PIM-DM)"
                   ip pim ?   ->  "dense-mode   Dense Mode"
  (This supersedes memory awplus-service-gated-routing-daemons' "no service command for
  PIM-DM"; queue I-10.)

STEP 1a -- interfaces (18:31; 11346-s0-u5.out, 11346-s0-u3.out, 11346-s0b-*.out). No "% " line.
  stack: vlan 3111, 3112 / port3.0.13 access 3111 / port4.0.26 access 3112 /
         vlan3111 ip 10.113.1.1/24 / vlan3112 ip 10.113.2.1/30
  SA:    vlan 3112, 3113 / port1.0.26 access 3112 / port1.0.2 access 3113 /
         vlan3112 ip 10.113.2.2/30 / vlan3113 ip 10.113.3.1/24 / ip route 10.113.1.0/24 10.113.2.1
  -> stack 18:32:07  port3.0.13 connected 3111 a-full a-1000 10GBASE-TM
                     port4.0.26 connected 3112 a-full a-1000 1000BASE-SX
     SA 18:31:58     ping 10.113.2.1 repeat 3: 3 received, 0% packet loss
                     port1.0.2 connected 3113 a-1000 10GBASE-TM; port1.0.26 connected 3112 a-1000
                     S 10.113.1.0/24 [1/0] via 10.113.2.1, vlan3112

BASELINE -- IGMP join, no multicast routing (18:32:21-18:32:51; 11346-base-*)
  18:32:21 IGMPv2 report 239.113.1.1 x2 from 10.113.3.2 on eth2.
  SA snooping has the group: "Group: 239.113.1.1 ... Last reporter: 10.113.3.2 ... Port member
    list: port1.0.2".
  1000 pps for 10 s from eth1: sent 10,001, received 0, kernel drops 0, delivered 0.0000 %.
  Both units: `show ip mroute` empty; running-config "no ip multicast-routing".
  -> without PIM-DM nothing reaches the client.

STEP 1b -- PIM-DM (18:33-18:36; 11346-s1-*.out, 11346-s1b-*.out). No "% " line.
  stack: service pdm / ip multicast-routing / vlan3111 + vlan3112: ip pim dense-mode
  SA:    service pdm / ip multicast-routing / vlan3112: ip pim dense-mode /
         vlan3113: ip igmp + ip pim dense-mode
  (each SVI logged "vlanNNNN: entered allmulticast mode")
  stack 18:35:45  show ip pim dense-mode neighbor: 10.113.2.2  vlan3112  00:02:13/00:01:39 v2
                  show ip pim dense-mode interface: 10.113.1.1 vlan3111 v2/D Nbr 0;
                                                    10.113.2.1 vlan3112 v2/D Nbr 1
  SA 18:35:55     neighbour 10.113.2.1 vlan3112 00:02:19/00:01:26 v2; vlan3112 v2/D Nbr 1,
                  vlan3113 v2/D Nbr 0; vlan3113 "IGMP Enabled, Active, Querier, Version 3".
  -> PIM-DM network set up: one v2 dense-mode adjacency across the SX link.

STEP 2 -- the client gets the stream (11346-join-igmp.txt, -prime-*, -fwd1000-*, -s2a-u3.out)
  18:36:15 join x2; SA 18:36:22 `show ip igmp groups`: 239.113.1.1 vlan3113, reporter 10.113.3.2.
  prime,   1000 pps 5 s  (18:36:25): sent 5,001  received 4,953  delivered 99.0402 %
           (the ~48 frames missing are at the stream START, while the new (S,G) was being
           created; observation, not graded)
  fwd1000, 1000 pps 30 s (18:36:35): sent 30,001  received 30,001  kernel drops 0  100.0000 %
  first frames at eth2:
    18:36:36.076207 84:e3:27:87:07:80 > 01:00:5e:71:01:01, ... length 1514:
                    10.113.1.2.5000 > 239.113.1.1.5001: UDP, length 1472

  (No evidence file or console line exists for 18:37-19:09; nothing is claimed for that span.)

STEP 3 -- routed path and state (19:09; 11346-s3-*)
  45 s at 1000 pps (45,001 sent). Two frames captured verbosely at eth2:
    84:e3:27:87:07:80 > 01:00:5e:71:01:01 ... (tos 0x0, ttl 14, ...) 10.113.1.2.5000 > 239.113.1.1.5001
  -> TTL 16 at the source, 14 at the client: routed by both routers. 84e3.2787.0780 is the SA's
     vlan3113 MAC (`show interface vlan3113`, 2026-10-01 08:02, 11346-r0-u3.out).
  stack 19:09:08  (10.113.1.2, 239.113.1.1) "Source directly connected on vlan3111",
                  "State-Refresh Originator State: Originator", Upstream Forwarding,
                  Downstream IF List: vlan3112 in 'olist'. show ip mroute: Owner PIM-DM,
                  Flags: TF, Incoming vlan3111, Outgoing vlan3112 (1).
  SA 19:09:17     RPF Neighbor 10.113.2.1 vlan3112, Upstream Forwarding, Downstream vlan3113 in
                  'olist'. show ip mroute: Owner PIM-DM, Flags: F, Incoming vlan3112,
                  Outgoing vlan3113 (1). IGMP group 239.113.1.1 vlan3113.
  `show ip mroute count` on both: "(10.113.1.2, 239.113.1.1), Forwarding: 1/0, Other: 0" while
  tens of thousands of frames passed. That reads as hardware forwarding, with only the first
  packet in software (an inference, not a measurement).

STEP 4 -- prune on leave, graft on re-join (19:09:56-19:11:36; 11346-pg1-*, -pg2-*, -s4-pruned-*)
  11346-prunegraft.sh (tools/): a 40 s stream at 1000 pps, IGMPv2 Leave at +10 s, report at
  +25.8 s. Every received frame is timestamped (tb470 /tmp/ck12/rx-pg{1,2}.txt, 25 K lines each,
  not committed).
                              pg1 (19:09:56)       pg2 (19:11:04)
    sent                      40,001               40,001
    received                  25,247               25,290
    before the leave          9,893 frames         9,894 frames
    last frame after leave    +2.598 s             +2.566 s
    gap                       14.755 s             14.712 s
    first frame after join    +1.581 s             +1.568 s
    after the join            12,755 frames        12,829 frames
    other gaps (max)          1 ms                 3 ms
  received = sent - the gap in both runs, so there was no loss outside the prune window.
  While pruned: stack 19:10:16 `show ip pim dense-mode mroute` -> "Downstream IF List: empty"
  and `show ip mroute` -> "Outgoing interface list:" (empty); the (S,G) stays, Upstream
  Forwarding. After the join: SA 19:10:24 IGMP group back (uptime 00:00:00), vlan3113 in
  'olist' again.
  -> the ~2.6 s stop is the SA's last-member query (2 x 1 s, `show ip igmp interface`) plus
     the PIM-DM prune; the ~1.6 s resume is the report plus the graft.

STEP 5 -- line rate (19:11:49-19:12:20; 11346-lr-igmp.txt, 11346-l1514-*)
  join x2, then 1514 B `--topspeed` for 30 s:
    Rated: 123037783.8 Bps, 984.30 Mbps, 81266.70 pps
    sent 2,438,001  received 2,438,001  kernel drops 0  delivered 100.0000 %
    eth1 tcpreplay: Failed 0, ENOBUFS 0.

STEP 6 -- after the load (19:12; 11346-s5-post-*)
  stack neighbour 10.113.2.2 up 00:38:56; SA neighbour 10.113.2.1 up 00:39:01: the adjacency
  held from 18:33 through every run, including line rate.
  (S,G) still installed on both (stack Flags TF, SA Flags F).
  `show platform table ipmulti` on stack members 1, 3 and 4 (identical rows):
    6 239.113.1.1/32  10.113.1.2/32  cmd 5 (route)  RPFIf 3111  A 1
      Mll=1 VID=3112 ... Ports = port4.0.26 (member 4)  / Ports = None (members 1, 3)
  -> the route is in silicon on every member, and the hit bit is set.

NOT PROVEN (the case does not ask for them; nothing was re-measured on 2026-10-01)
  - 64 B line rate: p/mc64.pcap was built but no run of it exists.
  - Frames looping back to the source port: 11346-traffic.sh's header says eth1 is watched,
    but the script never started that capture.
  - Several groups or sources; the DUT as the last-hop/IGMP router; state-refresh timing.

OBSERVATIONS (not graded)
  O-1 SA 19:10:25, one second after the re-join: `show ip pim dense-mode mroute` shows the
      upstream (vlan3112) "Assert State: Loser". With two routers and no second path on that
      VLAN no assert was expected. Seen once; no packet capture of PIM on the link.
  O-2 After `no ip pim dense-mode` on every SVI (2026-10-01 restore) `show ip pim dense-mode
      interface` reads "Total configured interfaces: -1   Maximum allowed: 100" on BOTH the
      stack and the SA: a negative count (display defect).
  O-3 `no service pdm` answers "% Save the config and restart for this change to take
      effect."; `pdmd` stays in `show process` (3 on the stack, 1 on the SA) until a reboot.
      This is the documented service-gated behaviour, as for pim6/ospf6 (orient-dt §2).

RESTORE (2026-10-01; evidence 11346-r0..r4-*.out, console transcripts tb470 /tmp/ck12)
  Before (08:02): the T11346 config was still live and unsaved on the stack and the SA,
  ~13 h after the run. The running-config diff against pre-test-configs/2026-09-30/ showed
  exactly the case's lines and nothing else: service pdm, ip multicast-routing, VLANs
  3111/3112 (stack) and 3112/3113 (SA), the PIM-DM SVIs, port3.0.13 in 3111, port4.0.26 and
  SA port1.0.26 in 3112, SA port1.0.2 in 3113, SA ip igmp on vlan3113 and the static route.
  The PIM-DM neighbour had been up 11:33:53 at 08:02:40. x230 (u0) and AR4050S (u1)
  running-config IDENTICAL to their pre-test copies at 08:02. All consoles were free and at
  an exec prompt.
  Removal (ckyn.py; stops on "% " and on any unexpected (y/n)):
    stack: vlan3111/vlan3112 no ip pim dense-mode + no ip address / port3.0.13 no switchport
           access vlan / port4.0.26 switchport access vlan 4000 / no ip multicast-routing /
           no vlan 3111, 3112 / no service pdm
    SA:    vlan3113 no ip pim dense-mode, no ip igmp, no ip address / vlan3112 no ip pim
           dense-mode, no ip address / port1.0.2 no switchport access vlan / port1.0.26
           switchport access vlan 4000 / no ip route 10.113.1.0/24 10.113.2.1 /
           no ip multicast-routing / no vlan 3112, 3113 / no service pdm
    First pass (08:03-08:05): each driver stopped after vlan3112's "no ip pim dense-mode". The
    command had been accepted (prompt returned), but the async "vlan3112: left allmulticast
    mode" printed after the prompt, so the driver's end-anchored prompt match timed out
    (driver artefact, no CLI error). A bare CR showed an exec prompt on both, and the second
    pass (08:06) continued from the next line. The only "% " line was the last one,
    `no service pdm`, on each unit (O-3).
  After (08:06:57): running-config IDENTICAL to pre-test-configs/2026-09-30/pre-u5.out and
  pre-u3.out (rcdiff: no lines). port3.0.13 vlan 1 (not present), port4.0.26 and SA
  port1.0.26 vlan 4000 connected a-1000, SA port1.0.2 vlan 1 connected. PIM neighbours 0,
  `show ip mroute` empty, platform ipmulti table back to the single 224.0.0.0/24 entry.
  running-config = startup-config (flash:/tb470-bench.cfg) on both, apart from the file's
  leading "!".
  To clear pdmd (O-3), both units were rebooted with `reload` (nothing written):
    08:08:34 stack (u5) "Are you sure you want to reboot the whole stack? (y/n):" -> y,
             login: after 197 s; SA (u3) "reboot system? (y/n):" -> y, login: after 188 s.
             No save question was asked. (ckreload.py in tb470 /tmp/ck12.)
    08:13 (11346-r5-*.out): stack members 1/3/4 Ready, Normal operation, member 3 Active
          Master again (lowest MAC, equal priorities), VMAC 0000.cd37.0d6f; reboot history
          "2026-09-30 19:09:14 Expected User Request" (UTC) on the stack, "19:09:16 Expected
          CLI(user request)" on the SA. No pdmd in `show process`; `show ip pim dense-mode
          interface` -> "% PIM-DM protocol daemon is not running or feature license is not
          available" (the expected proof here, not an error in a step). Boot on both:
          flash:/IE520-tb470.rel (file exists), flash:/tb470-bench.cfg (file exists).
          Running-config still IDENTICAL to pre-u5.out / pre-u3.out.
  Probe 2026-09-30T191334Z (08:13 NZDT): MATCH, Advisories none. u0/u1 untouched by the case
  and its restore (IDENTICAL at 08:02).

RUN LABEL: clean for the measurements (one continuous 2026-09-30 session, standing bench,
  config verified before and after each step). Confounded only in the record: the session
  ended before the log and restore, so the 18:37-19:09 span has no evidence and this log was
  written a day later from the files alone.

EVIDENCE: evidence/11346/ (console outputs 11346-*-u{5,3}.out, per-run tcpreplay and receiver
  summaries, IGMP event logs, restore captures 11346-r0..r4-*.out). Tools: evidence/tools/
  11346-traffic.sh, 11346-prunegraft.sh (copied from tb470 /tmp/ck12 2026-10-01), igmp.py, mkmc.py; drivers ckcon.py / ckyn.py / qmark.py
  (copies in ../vlan-2026-09-29/evidence/ and evidence/12589/). Pre-test reference:
  pre-test-configs/2026-09-30/pre-u{5,3,1,0}.out. Raw console transcripts and the per-frame
  receive logs: tb470 /tmp/ck12/ (tmpfs).
