TEST 18948 -- VRRP routes near wirespeed multple instances
===========================================================================
Run:    2026-10-01 08:14-08:27 NZDT, tb470, bench-runner (queue CAMPAIGN-QUEUE-2026-09-29.md
        row 12, sentinel device-testing-67). Hand-driven: no framework script.
Build:  awplus_main-20260923-20 (stack and IE520-sa)
DUT:    IE520 3-member VCStack "IE520-stk" (members 1/3/4, master member 3), router MAC
        0000.cd37.0d6f. VRRP peer (backup): the standalone IE520-sa (84e3.2787.0780).
Case:   AWPTCM-T18948 (ck.db), objective "IP is routed at near wirespeed with multiple VRRP
        instances and multiple vlans". One step: "IP is routed at wirespeed when VRRP enabled.
        Multiple instances & multiple VLANs." -> expected "Near wirespeed achieved."
        The case gives no diagram. The scenario here: four VRRP instances in four VLANs, the
        DUT as master and the SA as backup on each, and hosts in all four VLANs sending
        through their VRRP virtual router at once.

VERDICT: PASS.
  Four VRRP instances (VRID 81-84 on vlan3181-3184) formed with the DUT Master and the SA
  Backup on each. VMAC was enabled, and the virtual MACs 0000.5e00.0151-0154 were installed
  to the CPU on the DUT. Traffic from hosts in all four VLANs, addressed to the four virtual
  MACs, was routed by the DUT at line rate with nothing lost:
    1518 B tagged (1514 B routed), 30 s: 984.03 Mbps, 81,031 pps = 99.95 % of the 81,070 pps
      1G maximum; sent 2,431,001, received 2,431,001 (100.0000 %), 607,750-607,751 per VLAN.
    68 B tagged (64 B routed), 30 s: 261,281 pps, 7,839,001 / 7,839,001 (100.0000 %), even
      per VLAN. That rate is the tcpreplay ceiling (~18 % of the 1.42 Mpps small-frame
      maximum), not the DUT's.
  Controls:
    - The same frames with no VRRP configured delivered 0 of 811,001.
    - Received frames are routed: TTL 64 -> 63, source MAC = the DUT's router MAC.
  VRRP held through the load: no Master transition on either router, and the backup
  received one advertisement per second per instance with none missing (see step 3).

TOPOLOGY (standing bench, no recable; all addressing scratch)
  eth1 (tb470) -- stack port3.0.10 (member 3, copper SFP)   TRUNK: native vlan 1 (baseline, untagged),
                                                             tagged 3181-3184
  stack port4.0.26 (member 4, 1000BASE-SX) -- SA port1.0.26  TRUNK: tagged 3181-3184 + 3189, native none
  SA port1.0.2 -- eth2 (tb470)                               access vlan 3189 (SA bridges only, no SVI)
  per VRRP VLAN i = 1..4 (vlan318i, VRID 8i):
    stack vlan318i 10.118.i.1/24, VRRP priority 200 | SA vlan318i 10.118.i.3/24, VRRP priority 100
    virtual IP 10.118.i.254 (not owned: `virtual-ip ... backup` on both)
    fake host 10.118.i.2, MAC 02:31:18:94:00:0i, gateway = virtual MAC 0000.5e00.015i
  destination: stack vlan3189 10.118.9.1/24; host 10.118.9.2 = static ARP to fake MAC
    0231.1894.0009 on port4.0.26; SA `mac address-table static 0231.1894.0009 forward
    interface port1.0.2 vlan 3189` (no flooding). eth2 counts in promiscuous mode (tb470 has
    ip_forward=1, so fake MACs keep the host out of the path; memory/T3116 method).
  Frames: tools/mkvrrp.py, round-robin across the four VLANs, UDP sport 5000+i -> 5001, so
    the receiver counts each VLAN separately (tools/18948-traffic.sh).
  The SX link's baseline access VLAN 4000, port3.0.10's access vlan 1 and SA port1.0.2's
  vlan 1 were changed for the case and restored after it.

STEP 0 -- support check (08:15; 18948-q0-*.out, 18948-q-*.out). qmark.py, `?` only, self-test first.
  stack and SA: `show vrrp` -> "% VRRPD protocol daemon is not running or feature license is not
  available" (service-gated, orient-dt §2); `router vrrp ?` -> "<1-255> Virtual router
  identifier"; `router vrrp 81 ?` -> "IFNAME Interface name"; `vrrp ?` -> icmp-ttl-exceeded...,
  "vmac  Virtual-MAC feature".

STEP 1a -- VLANs, trunks, SVIs; no VRRP (08:17; 18948-s0-*.out, 18948-s0b-*.out). No "% " line.
  stack 08:18:28  port3.0.10 connected trunk a-1000 1000BASE-T; port4.0.26 connected trunk a-1000
                  1000BASE-SX; vlan 3181-3184 = port3.0.10(t) port4.0.26(t), 3189 = port4.0.26(t);
                  vlan3181-3184, vlan3189 admin up / running; ping 10.118.1.3 2/2, 10.118.4.3 2/2
                  (across the trunk).
  SA 08:18:45     port1.0.2 connected 3189 a-1000; port1.0.26 connected trunk a-1000;
                  "3189 port1.0.2 0231.1894.0009 forward static".

BASELINE -- no VRRP (08:18:59, 10 s --topspeed, 1518 B; 18948-base-*)
  sent 811,001 at 983.89 Mbps; received 0, per VLAN 0/0/0/0.
  -> frames to the virtual MACs are not routed without VRRP.

STEP 1b -- four VRRP instances (08:19-08:22; 18948-s1*-*.out). No "% " line.
  both: service vrrp
  stack: router vrrp 8i vlan318i / virtual-ip 10.118.i.254 backup / priority 200 / enable (i=1..4)
  SA:    the same with priority 100
  Driver note: the stack's first batch stopped after VRID 82's `exit` (08:20:11), because the
  kernel line "vlan3182: entered promiscuous mode" was printed after the prompt and the
  driver's end-anchored prompt match timed out (no CLI error). `show running-config router
  vrrp` (08:22:20) then showed 81 and 82 complete and `router vrrp 83 vlan3183` with no body.
  83 and 84 were completed at 08:22:36 with ckyn2.py, which also accepts those kernel lines
  after the prompt. Because of this the SA's 83/84 (configured 08:21) were Master for about
  a minute. The stack took them over when its own 83/84 came up (preempt TRUE); that is the
  "Master Transitions 1" on SA 83/84 below.
  stack 08:22:57  show vrrp brief: vlan3181-3184 Grp 81-84 Prio 200 Pre P State Master
                  show vrrp: "VMAC enabled"; each "State: AdminUp - Master", "Virtual IP address:
                  10.118.i.254 (Not-owner)", "Advertisement interval: 100 centiseconds",
                  "Preempt mode: TRUE", "Master address: 10.118.i.1".
  SA 08:22:57     show vrrp brief: vlan3181-3184 Grp 81-84 Prio 100 State Backup.
                  counters: Master Transitions 0/0/1/1, Received Advertisements 95/93/16/14.

STEP 2 -- routed through the VRRP virtual routers (18948-prime-*, -l1518-*, -l68-*)
  prime, 1000 pps 5 s (08:23:0x): sent 5,001  received 5,001 (100 %), per VLAN 1251/1250/1250/1250.
  l1518, --topspeed 30 s (08:23:24):
    Rated: 123004550.4 Bps, 984.03 Mbps, 81030.66 pps
    sent 2,431,001  received 2,431,001  kernel drops 0  delivered 100.0000 %
    per VLAN 3181/3182/3183/3184 received 607751/607750/607750/607750 (expected 607,750 each)
    first frames at eth2:
      00:00:cd:37:0d:6f > 02:31:18:94:00:09, ethertype IPv4, length 1514: (tos 0x0, ttl 63, ...
        length 1500) 10.118.2.2.5001 > 10.118.9.2.5001: UDP, length 1472
      (and 10.118.1.2, 10.118.3.2, 10.118.4.2 likewise: all four VLANs, TTL 63)
  l68, --topspeed 30 s (08:24:1x):
    Rated: 17767134.8 Bps, 142.13 Mbps, 261281.39 pps
    sent 7,839,001  received 7,839,001  kernel drops 0  delivered 100.0000 %
    per VLAN 1959751/1959750/1959750/1959750
  eth1 tcpreplay: Failed packets 0 in every run.

STEP 3 -- state after the load (08:24:51-08:25:00; 18948-s3-*.out)
  stack: all four still Master; Master Transitions 1 each (the initial transition, as before
         the load); `show mac address-table`: "318i CPU 0000.5e00.015i forward static" for
         i = 1..4; `show platform table ip` on members 1, 3 and 4 (identical):
           10.118.9.2  32 ... 0231.1894.0009 0 3 26 - 3189 1500 Ena  (Dev 3 Port 26 = port4.0.26)
         -> the routed destination is in silicon on every member.
         show cpu: member 1 "1 second: 4%, 20 seconds: 3%, 60 seconds: 3%".
  SA:    all four still Backup; Master Transitions 0/0/1/1 (unchanged); Received
         Advertisements 209/206/130/128, i.e. +114/+113/+114/+114 over the 114 s since
         08:22:58. That is one per second per instance at the 100 cs interval through both
         line-rate runs, so none were lost.

NOT MEASURED (not required by the case)
  - 64 B line rate: generator ceiling, as T3116.
  - VRRP failover under load: the case asks for routing at wirespeed with VRRP enabled, not
    a switch-over. The SA has no route to 10.118.9.0/24, so it could not carry the flow.

TEARDOWN (08:25:4x-08:26:20; 18948-td-*.out, 18948-td2-*.out)
  stack: no router vrrp 81-84 / no arp 10.118.9.2 / no ip address on vlan3181-3184, 3189 /
         port3.0.10 switchport mode access / port4.0.26 switchport mode access + switchport
         access vlan 4000 / no vlan 3181-3184, 3189 / no service vrrp
  SA:    no router vrrp 81-84 / no mac address-table static ... / no ip address on
         vlan3181-3184 / port1.0.26 switchport mode access + switchport access vlan 4000 /
         port1.0.2 no switchport access vlan / no vlan 3181-3184, 3189 / no service vrrp
  The stack end of the SX link was fully back in 4000 before the SA end left the trunk, so
  both ends were never in VLAN 1 at once (STP is off and sa3 also carries VLAN 1).
  The only "% " line was the last, on each: `no service vrrp` -> "% Save the config and
  restart for this change to take effect." (service-gated daemon, as for pdm).
  08:26:39: running-config on u5 and u3 IDENTICAL to the pre-group capture
  (pre-test-configs/2026-10-01/, itself IDENTICAL to 2026-09-30/). port3.0.10 connected
  vlan 1; port4.0.26 and SA port1.0.26 connected 4000 a-1000; SA port1.0.2 connected vlan 1;
  `show vrrp brief` empty (vrrpd still running, no instances). Nothing written. vrrpd is
  cleared by the group-end reload (queue row 12 / README).

RUN LABEL: clean. Pre-group capture 08:14 IDENTICAL to the 09-30 baseline on u5/u3/u1/u0;
  probe 2026-09-30T191334Z MATCH before the group. T11346's pdmd had been cleared by a reload
  before this case. The VRRP config was completed in two batches (driver note, step 1b), and
  every measurement was taken after all four instances were Master/Backup.

EVIDENCE: evidence/18948/ (console outputs 18948-*-u{5,3}.out, per-run tcpreplay and receiver
  summaries with per-VLAN counts, first captured frames). Tools: evidence/tools/mkvrrp.py,
  18948-traffic.sh, ckyn2.py (ckyn.py with a tolerant prompt match); drivers ckcon.py / qmark.py
  / peek.py (copies in ../vlan-2026-09-29/evidence/ and ../ipv6-bgp-2026-09-29/evidence/tools/).
  Raw console transcripts: tb470 /tmp/ck12/console-u{5,3}.log (tmpfs).
