1790734910.913 15:21:50 login ok
=== 1790734912.065 15:21:52 >>> show mrp ring
Media Redundancy Protocol - Ring Information
MRP Ring 1
 Domain ID:                           ffffffff-ffff-ffff-ffff-ffffffffffff
 Domain Name:                         
 Ring Status:                         Enabled
 Running State:                       Running
 Role:                                Manager
 Network Status:                      Closed
 Port1:                               port1.0.13
  Status:                             Forwarding
 Port2:                               port4.0.26
  Status:                             Blocking
 Vlan ID:
 React on Link Change:                No
 Profile:                             500ms
  Topology Change Interval:           20ms
  Topology Change Count:              3
  Short Test Frame Interval:          30ms
  Default Test Frame Interval:        50ms
  Test Monitoring Interval Count:     5
  Test Monitoring Ext Interval Count: 15
  Non-blocking MRC Supported:         Yes
  Blocked port state supported:       Yes
=== 1790734913.216 15:21:53 >>> show mrp ring
Media Redundancy Protocol - Ring Information
MRP Ring 1
 Domain ID:                           ffffffff-ffff-ffff-ffff-ffffffffffff
 Domain Name:                         
 Ring Status:                         Enabled
 Running State:                       Running
 Role:                                Manager
 Network Status:                      Closed
 Port1:                               port1.0.13
  Status:                             Forwarding
 Port2:                               port4.0.26
  Status:                             Blocking
 Vlan ID:
 React on Link Change:                No
 Profile:                             500ms
  Topology Change Interval:           20ms
  Topology Change Count:              3
  Short Test Frame Interval:          30ms
  Default Test Frame Interval:        50ms
  Test Monitoring Interval Count:     5
  Test Monitoring Ext Interval Count: 15
  Non-blocking MRC Supported:         Yes
  Blocked port state supported:       Yes
=== 1790734915.217 15:21:55 >>> show mrp ring
Media Redundancy Protocol - Ring Information
MRP Ring 1
 Domain ID:                           ffffffff-ffff-ffff-ffff-ffffffffffff
 Domain Name:                         
 Ring Status:                         Enabled
 Running State:                       Running
 Role:                                Manager
 Network Status:                      Closed
 Port1:                               port1.0.13
  Status:                             Forwarding
 Port2:                               port4.0.26
  Status:                             Blocking
 Vlan ID:
 React on Link Change:                No
 Profile:                             500ms
  Topology Change Interval:           20ms
  Topology Change Count:              3
  Short Test Frame Interval:          30ms
  Default Test Frame Interval:        50ms
  Test Monitoring Interval Count:     5
  Test Monitoring Ext Interval Count: 15
  Non-blocking MRC Supported:         Yes
  Blocked port state supported:       Yes
=== 1790734917.217 15:21:57 >>> show mrp ring
Media Redundancy Protocol - Ring Information
MRP Ring 1
 Domain ID:                           ffffffff-ffff-ffff-ffff-ffffffffffff
 Domain Name:                         
 Ring Status:                         Enabled
 Running State:                       Running
 Role:                                Manager
 Network Status:                      Closed
 Port1:                               port1.0.13
  Status:                             Forwarding
 Port2:                               port4.0.26
  Status:                             Blocking
 Vlan ID:
 React on Link Change:                No
 Profile:                             500ms
  Topology Change Interval:           20ms
  Topology Change Count:              3
  Short Test Frame Interval:          30ms
  Default Test Frame Interval:        50ms
  Test Monitoring Interval Count:     5
  Test Monitoring Ext Interval Count: 15
  Non-blocking MRC Supported:         Yes
  Blocked port state supported:       Yes
=== 1790734919.217 15:21:59 >>> show mrp ring
Media Redundancy Protocol - Ring Information
MRP Ring 1
 Domain ID:                           ffffffff-ffff-ffff-ffff-ffffffffffff
 Domain Name:                         
 Ring Status:                         Enabled
 Running State:                       Running
 Role:                                Manager
 Network Status:                      Closed
 Port1:                               port1.0.13
  Status:                             Forwarding
 Port2:                               port4.0.26
  Status:                             Blocking
 Vlan ID:
 React on Link Change:                No
 Profile:                             500ms
  Topology Change Interval:           20ms
  Topology Change Count:              3
  Short Test Frame Interval:          30ms
  Default Test Frame Interval:        50ms
  Test Monitoring Interval Count:     5
  Test Monitoring Ext Interval Count: 15
  Non-blocking MRC Supported:         Yes
  Blocked port state supported:       Yes
=== 1790734921.217 15:22:01 >>> show mrp ring
Media Redundancy Protocol - Ring Information
MRP Ring 1
 Domain ID:                           ffffffff-ffff-ffff-ffff-ffffffffffff
 Domain Name:                         
 Ring Status:                         Enabled
 Running State:                       Running
 Role:                                Manager
 Network Status:                      Closed
 Port1:                               port1.0.13
  Status:                             Forwarding
 Port2:                               port4.0.26
  Status:                             Blocking
 Vlan ID:
 React on Link Change:                No
 Profile:                             500ms
  Topology Change Interval:           20ms
  Topology Change Count:              3
  Short Test Frame Interval:          30ms
  Default Test Frame Interval:        50ms
  Test Monitoring Interval Count:     5
  Test Monitoring Ext Interval Count: 15
  Non-blocking MRC Supported:         Yes
  Blocked port state supported:       Yes
=== 1790734923.217 15:22:03 >>> show mrp ring
Media Redundancy Protocol - Ring Information
MRP Ring 1
 Domain ID:                           ffffffff-ffff-ffff-ffff-ffffffffffff
 Domain Name:                         
 Ring Status:                         Enabled
 Running State:                       Running
 Role:                                Manager
 Network Status:                      Closed
 Port1:                               port1.0.13
  Status:                             Forwarding
 Port2:                               port4.0.26
  Status:                             Blocking
 Vlan ID:
 React on Link Change:                No
 Profile:                             500ms
  Topology Change Interval:           20ms
  Topology Change Count:              3
  Short Test Frame Interval:          30ms
  Default Test Frame Interval:        50ms
  Test Monitoring Interval Count:     5
  Test Monitoring Ext Interval Count: 15
  Non-blocking MRC Supported:         Yes
  Blocked port state supported:       Yes
=== 1790734925.217 15:22:05 >>> show mrp ring
Media Redundancy Protocol - Ring Information
MRP Ring 1
 Domain ID:                           ffffffff-ffff-ffff-ffff-ffffffffffff
 Domain Name:                         
 Ring Status:                         Enabled
 Running State:                       Running
 Role:                                Manager
 Network Status:                      Closed
 Port1:                               port1.0.13
  Status:                             Forwarding
 Port2:                               port4.0.26
  Status:                             Blocking
 Vlan ID:
 React on Link Change:                No
 Profile:                             500ms
  Topology Change Interval:           20ms
  Topology Change Count:              3
  Short Test Frame Interval:          30ms
  Default Test Frame Interval:        50ms
  Test Monitoring Interval Count:     5
  Test Monitoring Ext Interval Count: 15
  Non-blocking MRC Supported:         Yes
  Blocked port state supported:       Yes
=== 1790734927.217 15:22:07 >>> show mrp ring
Media Redundancy Protocol - Ring Information
MRP Ring 1
 Domain ID:                           ffffffff-ffff-ffff-ffff-ffffffffffff
 Domain Name:                         
 Ring Status:                         Enabled
 Running State:                       Running
 Role:                                Manager
 Network Status:                      Closed
 Port1:                               port1.0.13
  Status:                             Forwarding
 Port2:                               port4.0.26
  Status:                             Blocking
 Vlan ID:
 React on Link Change:                No
 Profile:                             500ms
  Topology Change Interval:           20ms
  Topology Change Count:              3
  Short Test Frame Interval:          30ms
  Default Test Frame Interval:        50ms
  Test Monitoring Interval Count:     5
  Test Monitoring Ext Interval Count: 15
  Non-blocking MRC Supported:         Yes
  Blocked port state supported:       Yes
=== 1790734929.217 15:22:09 >>> show mrp ring
Media Redundancy Protocol - Ring Information
MRP Ring 1
 Domain ID:                           ffffffff-ffff-ffff-ffff-ffffffffffff
 Domain Name:                         
 Ring Status:                         Enabled
 Running State:                       Running
 Role:                                Manager
 Network Status:                      Closed
 Port1:                               port1.0.13
  Status:                             Forwarding
 Port2:                               port4.0.26
  Status:                             Blocking
 Vlan ID:
 React on Link Change:                No
 Profile:                             500ms
  Topology Change Interval:           20ms
  Topology Change Count:              3
  Short Test Frame Interval:          30ms
  Default Test Frame Interval:        50ms
  Test Monitoring Interval Count:     5
  Test Monitoring Ext Interval Count: 15
  Non-blocking MRC Supported:         Yes
  Blocked port state supported:       Yes
=== 1790734931.218 15:22:11 >>> show mrp ring
Media Redundancy Protocol - Ring Information
MRP Ring 1
 Domain ID:                           ffffffff-ffff-ffff-ffff-ffffffffffff
 Domain Name:                         
 Ring Status:                         Enabled
 Running State:                       Running
 Role:                                Manager
 Network Status:                      Closed
 Port1:                               port1.0.13
  Status:                             Forwarding
 Port2:                               port4.0.26
  Status:                             Blocking
 Vlan ID:
 React on Link Change:                No
 Profile:                             500ms
  Topology Change Interval:           20ms
  Topology Change Count:              3
  Short Test Frame Interval:          30ms
  Default Test Frame Interval:        50ms
  Test Monitoring Interval Count:     5
  Test Monitoring Ext Interval Count: 15
  Non-blocking MRC Supported:         Yes
  Blocked port state supported:       Yes
=== 1790734933.217 15:22:13 >>> show mrp ring
Media Redundancy Protocol - Ring Information
MRP Ring 1
 Domain ID:                           ffffffff-ffff-ffff-ffff-ffffffffffff
 Domain Name:                         
 Ring Status:                         Enabled
 Running State:                       Running
 Role:                                Manager
 Network Status:                      Closed
 Port1:                               port1.0.13
  Status:                             Forwarding
 Port2:                               port4.0.26
  Status:                             Blocking
 Vlan ID:
 React on Link Change:                No
 Profile:                             500ms
  Topology Change Interval:           20ms
  Topology Change Count:              3
  Short Test Frame Interval:          30ms
  Default Test Frame Interval:        50ms
  Test Monitoring Interval Count:     5
  Test Monitoring Ext Interval Count: 15
  Non-blocking MRC Supported:         Yes
  Blocked port state supported:       Yes
=== 1790734935.218 15:22:15 >>> show mrp ring
Media Redundancy Protocol - Ring Information
MRP Ring 1
 Domain ID:                           ffffffff-ffff-ffff-ffff-ffffffffffff
 Domain Name:                         
 Ring Status:                         Enabled
 Running State:                       Running
 Role:                                Manager
 Network Status:                      Closed
 Port1:                               port1.0.13
  Status:                             Forwarding
 Port2:                               port4.0.26
  Status:                             Blocking
 Vlan ID:
 React on Link Change:                No
 Profile:                             500ms
  Topology Change Interval:           20ms
  Topology Change Count:              3
  Short Test Frame Interval:          30ms
  Default Test Frame Interval:        50ms
  Test Monitoring Interval Count:     5
  Test Monitoring Ext Interval Count: 15
  Non-blocking MRC Supported:         Yes
  Blocked port state supported:       Yes
=== 1790734937.218 15:22:17 >>> show mrp ring
Media Redundancy Protocol - Ring Information
MRP Ring 1
 Domain ID:                           ffffffff-ffff-ffff-ffff-ffffffffffff
 Domain Name:                         
 Ring Status:                         Enabled
 Running State:                       Running
 Role:                                Manager
 Network Status:                      Open
 Port1:                               port1.0.13
  Status:                             Blocking
 Port2:                               port4.0.26
  Status:                             Forwarding
 Vlan ID:
 React on Link Change:                No
 Profile:                             500ms
  Topology Change Interval:           20ms
  Topology Change Count:              3
  Short Test Frame Interval:          30ms
  Default Test Frame Interval:        50ms
  Test Monitoring Interval Count:     5
  Test Monitoring Ext Interval Count: 15
  Non-blocking MRC Supported:         Yes
  Blocked port state supported:       Yes
=== 1790734939.218 15:22:19 >>> show mrp ring
Media Redundancy Protocol - Ring Information
MRP Ring 1
 Domain ID:                           ffffffff-ffff-ffff-ffff-ffffffffffff
 Domain Name:                         
 Ring Status:                         Enabled
 Running State:                       Running
 Role:                                Manager
 Network Status:                      Open
 Port1:                               port1.0.13
  Status:                             Blocking
 Port2:                               port4.0.26
  Status:                             Forwarding
 Vlan ID:
 React on Link Change:                No
 Profile:                             500ms
  Topology Change Interval:           20ms
  Topology Change Count:              3
  Short Test Frame Interval:          30ms
  Default Test Frame Interval:        50ms
  Test Monitoring Interval Count:     5
  Test Monitoring Ext Interval Count: 15
  Non-blocking MRC Supported:         Yes
  Blocked port state supported:       Yes
=== 1790734941.218 15:22:21 >>> show mrp ring
Media Redundancy Protocol - Ring Information
MRP Ring 1
 Domain ID:                           ffffffff-ffff-ffff-ffff-ffffffffffff
 Domain Name:                         
 Ring Status:                         Enabled
 Running State:                       Running
 Role:                                Manager
 Network Status:                      Open
 Port1:                               port1.0.13
  Status:                             Blocking
 Port2:                               port4.0.26
  Status:                             Forwarding
 Vlan ID:
 React on Link Change:                No
 Profile:                             500ms
  Topology Change Interval:           20ms
  Topology Change Count:              3
  Short Test Frame Interval:          30ms
  Default Test Frame Interval:        50ms
  Test Monitoring Interval Count:     5
  Test Monitoring Ext Interval Count: 15
  Non-blocking MRC Supported:         Yes
  Blocked port state supported:       Yes
=== 1790734943.218 15:22:23 >>> show mrp ring
Media Redundancy Protocol - Ring Information
MRP Ring 1
 Domain ID:                           ffffffff-ffff-ffff-ffff-ffffffffffff
 Domain Name:                         
 Ring Status:                         Enabled
 Running State:                       Running
 Role:                                Manager
 Network Status:                      Open
 Port1:                               port1.0.13
  Status:                             Blocking
 Port2:                               port4.0.26
  Status:                             Forwarding
 Vlan ID:
 React on Link Change:                No
 Profile:                             500ms
  Topology Change Interval:           20ms
  Topology Change Count:              3
  Short Test Frame Interval:          30ms
  Default Test Frame Interval:        50ms
  Test Monitoring Interval Count:     5
  Test Monitoring Ext Interval Count: 15
  Non-blocking MRC Supported:         Yes
  Blocked port state supported:       Yes
=== 1790734945.218 15:22:25 >>> show mrp ring
Media Redundancy Protocol - Ring Information
MRP Ring 1
 Domain ID:                           ffffffff-ffff-ffff-ffff-ffffffffffff
 Domain Name:                         
 Ring Status:                         Enabled
 Running State:                       Running
 Role:                                Manager
 Network Status:                      Open
 Port1:                               port1.0.13
  Status:                             Blocking
 Port2:                               port4.0.26
  Status:                             Forwarding
 Vlan ID:
 React on Link Change:                No
 Profile:                             500ms
  Topology Change Interval:           20ms
  Topology Change Count:              3
  Short Test Frame Interval:          30ms
  Default Test Frame Interval:        50ms
  Test Monitoring Interval Count:     5
  Test Monitoring Ext Interval Count: 15
  Non-blocking MRC Supported:         Yes
  Blocked port state supported:       Yes
=== 1790734947.218 15:22:27 >>> show mrp ring
Media Redundancy Protocol - Ring Information
MRP Ring 1
 Domain ID:                           ffffffff-ffff-ffff-ffff-ffffffffffff
 Domain Name:                         
 Ring Status:                         Enabled
 Running State:                       Running
 Role:                                Manager
 Network Status:                      Open
 Port1:                               port1.0.13
  Status:                             Blocking
 Port2:                               port4.0.26
  Status:                             Forwarding
 Vlan ID:
 React on Link Change:                No
 Profile:                             500ms
  Topology Change Interval:           20ms
  Topology Change Count:              3
  Short Test Frame Interval:          30ms
  Default Test Frame Interval:        50ms
  Test Monitoring Interval Count:     5
  Test Monitoring Ext Interval Count: 15
  Non-blocking MRC Supported:         Yes
  Blocked port state supported:       Yes
=== 1790734949.218 15:22:29 >>> show mrp ring
Media Redundancy Protocol - Ring Information
MRP Ring 1
 Domain ID:                           ffffffff-ffff-ffff-ffff-ffffffffffff
 Domain Name:                         
 Ring Status:                         Enabled
 Running State:                       Running
 Role:                                Manager
 Network Status:                      Open
 Port1:                               port1.0.13
  Status:                             Blocking
 Port2:                               port4.0.26
  Status:                             Forwarding
 Vlan ID:
 React on Link Change:                No
 Profile:                             500ms
  Topology Change Interval:           20ms
  Topology Change Count:              3
  Short Test Frame Interval:          30ms
  Default Test Frame Interval:        50ms
  Test Monitoring Interval Count:     5
  Test Monitoring Ext Interval Count: 15
  Non-blocking MRC Supported:         Yes
  Blocked port state supported:       Yes
=== 1790734951.219 15:22:31 >>> show mrp ring
Media Redundancy Protocol - Ring Information
MRP Ring 1
 Domain ID:                           ffffffff-ffff-ffff-ffff-ffffffffffff
 Domain Name:                         
 Ring Status:                         Enabled
 Running State:                       Running
 Role:                                Manager
 Network Status:                      Open
 Port1:                               port1.0.13
  Status:                             Blocking
 Port2:                               port4.0.26
  Status:                             Forwarding
 Vlan ID:
 React on Link Change:                No
 Profile:                             500ms
  Topology Change Interval:           20ms
  Topology Change Count:              3
  Short Test Frame Interval:          30ms
  Default Test Frame Interval:        50ms
  Test Monitoring Interval Count:     5
  Test Monitoring Ext Interval Count: 15
  Non-blocking MRC Supported:         Yes
  Blocked port state supported:       Yes
=== 1790734953.219 15:22:33 >>> show mrp ring
Media Redundancy Protocol - Ring Information
MRP Ring 1
 Domain ID:                           ffffffff-ffff-ffff-ffff-ffffffffffff
 Domain Name:                         
 Ring Status:                         Enabled
 Running State:                       Running
 Role:                                Manager
 Network Status:                      Open
 Port1:                               port1.0.13
  Status:                             Blocking
 Port2:                               port4.0.26
  Status:                             Forwarding
 Vlan ID:
 React on Link Change:                No
 Profile:                             500ms
  Topology Change Interval:           20ms
  Topology Change Count:              3
  Short Test Frame Interval:          30ms
  Default Test Frame Interval:        50ms
  Test Monitoring Interval Count:     5
  Test Monitoring Ext Interval Count: 15
  Non-blocking MRC Supported:         Yes
  Blocked port state supported:       Yes
=== 1790734955.218 15:22:35 >>> show mrp ring
Media Redundancy Protocol - Ring Information
MRP Ring 1
 Domain ID:                           ffffffff-ffff-ffff-ffff-ffffffffffff
 Domain Name:                         
 Ring Status:                         Enabled
 Running State:                       Running
 Role:                                Manager
 Network Status:                      Open
 Port1:                               port1.0.13
  Status:                             Blocking
 Port2:                               port4.0.26
  Status:                             Forwarding
 Vlan ID:
 React on Link Change:                No
 Profile:                             500ms
  Topology Change Interval:           20ms
  Topology Change Count:              3
  Short Test Frame Interval:          30ms
  Default Test Frame Interval:        50ms
  Test Monitoring Interval Count:     5
  Test Monitoring Ext Interval Count: 15
  Non-blocking MRC Supported:         Yes
  Blocked port state supported:       Yes
=== 1790734957.219 15:22:37 >>> show mrp ring
Media Redundancy Protocol - Ring Information
MRP Ring 1
 Domain ID:                           ffffffff-ffff-ffff-ffff-ffffffffffff
 Domain Name:                         
 Ring Status:                         Enabled
 Running State:                       Running
 Role:                                Manager
 Network Status:                      Open
 Port1:                               port1.0.13
  Status:                             Blocking
 Port2:                               port4.0.26
  Status:                             Forwarding
 Vlan ID:
 React on Link Change:                No
 Profile:                             500ms
  Topology Change Interval:           20ms
  Topology Change Count:              3
  Short Test Frame Interval:          30ms
  Default Test Frame Interval:        50ms
  Test Monitoring Interval Count:     5
  Test Monitoring Ext Interval Count: 15
  Non-blocking MRC Supported:         Yes
  Blocked port state supported:       Yes
=== 1790734959.219 15:22:39 >>> show mrp ring
Media Redundancy Protocol - Ring Information
MRP Ring 1
 Domain ID:                           ffffffff-ffff-ffff-ffff-ffffffffffff
 Domain Name:                         
 Ring Status:                         Enabled
 Running State:                       Running
 Role:                                Manager
 Network Status:                      Open
 Port1:                               port1.0.13
  Status:                             Blocking
 Port2:                               port4.0.26
  Status:                             Forwarding
 Vlan ID:
 React on Link Change:                No
 Profile:                             500ms
  Topology Change Interval:           20ms
  Topology Change Count:              3
  Short Test Frame Interval:          30ms
  Default Test Frame Interval:        50ms
  Test Monitoring Interval Count:     5
  Test Monitoring Ext Interval Count: 15
  Non-blocking MRC Supported:         Yes
  Blocked port state supported:       Yes
=== 1790734961.219 15:22:41 >>> show mrp ring
Media Redundancy Protocol - Ring Information
MRP Ring 1
 Domain ID:                           ffffffff-ffff-ffff-ffff-ffffffffffff
 Domain Name:                         
 Ring Status:                         Enabled
 Running State:                       Running
 Role:                                Manager
 Network Status:                      Open
 Port1:                               port1.0.13
  Status:                             Blocking
 Port2:                               port4.0.26
  Status:                             Forwarding
 Vlan ID:
 React on Link Change:                No
 Profile:                             500ms
  Topology Change Interval:           20ms
  Topology Change Count:              3
  Short Test Frame Interval:          30ms
  Default Test Frame Interval:        50ms
  Test Monitoring Interval Count:     5
  Test Monitoring Ext Interval Count: 15
  Non-blocking MRC Supported:         Yes
  Blocked port state supported:       Yes
=== 1790734963.219 15:22:43 >>> show mrp ring
Media Redundancy Protocol - Ring Information
MRP Ring 1
 Domain ID:                           ffffffff-ffff-ffff-ffff-ffffffffffff
 Domain Name:                         
 Ring Status:                         Enabled
 Running State:                       Running
 Role:                                Manager
 Network Status:                      Open
 Port1:                               port1.0.13
  Status:                             Blocking
 Port2:                               port4.0.26
  Status:                             Forwarding
 Vlan ID:
 React on Link Change:                No
 Profile:                             500ms
  Topology Change Interval:           20ms
  Topology Change Count:              3
  Short Test Frame Interval:          30ms
  Default Test Frame Interval:        50ms
  Test Monitoring Interval Count:     5
  Test Monitoring Ext Interval Count: 15
  Non-blocking MRC Supported:         Yes
  Blocked port state supported:       Yes
=== 1790734965.219 15:22:45 >>> show mrp ring
Media Redundancy Protocol - Ring Information
MRP Ring 1
 Domain ID:                           ffffffff-ffff-ffff-ffff-ffffffffffff
 Domain Name:                         
 Ring Status:                         Enabled
 Running State:                       Running
 Role:                                Manager
 Network Status:                      Open
 Port1:                               port1.0.13
  Status:                             Blocking
 Port2:                               port4.0.26
  Status:                             Forwarding
 Vlan ID:
 React on Link Change:                No
 Profile:                             500ms
  Topology Change Interval:           20ms
  Topology Change Count:              3
  Short Test Frame Interval:          30ms
  Default Test Frame Interval:        50ms
  Test Monitoring Interval Count:     5
  Test Monitoring Ext Interval Count: 15
  Non-blocking MRC Supported:         Yes
  Blocked port state supported:       Yes
=== 1790734967.219 15:22:47 >>> show mrp ring
Media Redundancy Protocol - Ring Information
MRP Ring 1
 Domain ID:                           ffffffff-ffff-ffff-ffff-ffffffffffff
 Domain Name:                         
 Ring Status:                         Enabled
 Running State:                       Running
 Role:                                Manager
 Network Status:                      Open
 Port1:                               port1.0.13
  Status:                             Blocking
 Port2:                               port4.0.26
  Status:                             Forwarding
 Vlan ID:
 React on Link Change:                No
 Profile:                             500ms
  Topology Change Interval:           20ms
  Topology Change Count:              3
  Short Test Frame Interval:          30ms
  Default Test Frame Interval:        50ms
  Test Monitoring Interval Count:     5
  Test Monitoring Ext Interval Count: 15
  Non-blocking MRC Supported:         Yes
  Blocked port state supported:       Yes
=== 1790734969.219 15:22:49 >>> show mrp ring
Media Redundancy Protocol - Ring Information
MRP Ring 1
 Domain ID:                           ffffffff-ffff-ffff-ffff-ffffffffffff
 Domain Name:                         
 Ring Status:                         Enabled
 Running State:                       Running
 Role:                                Manager
 Network Status:                      Open
 Port1:                               port1.0.13
  Status:                             Blocking
 Port2:                               port4.0.26
  Status:                             Forwarding
 Vlan ID:
 React on Link Change:                No
 Profile:                             500ms
  Topology Change Interval:           20ms
  Topology Change Count:              3
  Short Test Frame Interval:          30ms
  Default Test Frame Interval:        50ms
  Test Monitoring Interval Count:     5
  Test Monitoring Ext Interval Count: 15
  Non-blocking MRC Supported:         Yes
  Blocked port state supported:       Yes
=== 1790734971.220 15:22:51 >>> show mrp ring
Media Redundancy Protocol - Ring Information
MRP Ring 1
 Domain ID:                           ffffffff-ffff-ffff-ffff-ffffffffffff
 Domain Name:                         
 Ring Status:                         Enabled
 Running State:                       Running
 Role:                                Manager
 Network Status:                      Closed
 Port1:                               port1.0.13
  Status:                             Blocking
 Port2:                               port4.0.26
  Status:                             Forwarding
 Vlan ID:
 React on Link Change:                No
 Profile:                             500ms
  Topology Change Interval:           20ms
  Topology Change Count:              3
  Short Test Frame Interval:          30ms
  Default Test Frame Interval:        50ms
  Test Monitoring Interval Count:     5
  Test Monitoring Ext Interval Count: 15
  Non-blocking MRC Supported:         Yes
  Blocked port state supported:       Yes
=== 1790734973.219 15:22:53 >>> show mrp ring
Media Redundancy Protocol - Ring Information
MRP Ring 1
 Domain ID:                           ffffffff-ffff-ffff-ffff-ffffffffffff
 Domain Name:                         
 Ring Status:                         Enabled
 Running State:                       Running
 Role:                                Manager
 Network Status:                      Closed
 Port1:                               port1.0.13
  Status:                             Blocking
 Port2:                               port4.0.26
  Status:                             Forwarding
 Vlan ID:
 React on Link Change:                No
 Profile:                             500ms
  Topology Change Interval:           20ms
  Topology Change Count:              3
  Short Test Frame Interval:          30ms
  Default Test Frame Interval:        50ms
  Test Monitoring Interval Count:     5
  Test Monitoring Ext Interval Count: 15
  Non-blocking MRC Supported:         Yes
  Blocked port state supported:       Yes
=== 1790734975.220 15:22:55 >>> show mrp ring
Media Redundancy Protocol - Ring Information
MRP Ring 1
 Domain ID:                           ffffffff-ffff-ffff-ffff-ffffffffffff
 Domain Name:                         
 Ring Status:                         Enabled
 Running State:                       Running
 Role:                                Manager
 Network Status:                      Closed
 Port1:                               port1.0.13
  Status:                             Blocking
 Port2:                               port4.0.26
  Status:                             Forwarding
 Vlan ID:
 React on Link Change:                No
 Profile:                             500ms
  Topology Change Interval:           20ms
  Topology Change Count:              3
  Short Test Frame Interval:          30ms
  Default Test Frame Interval:        50ms
  Test Monitoring Interval Count:     5
  Test Monitoring Ext Interval Count: 15
  Non-blocking MRC Supported:         Yes
  Blocked port state supported:       Yes
=== 1790734977.220 15:22:57 >>> show mrp ring
Media Redundancy Protocol - Ring Information
MRP Ring 1
 Domain ID:                           ffffffff-ffff-ffff-ffff-ffffffffffff
 Domain Name:                         
 Ring Status:                         Enabled
 Running State:                       Running
 Role:                                Manager
 Network Status:                      Closed
 Port1:                               port1.0.13
  Status:                             Blocking
 Port2:                               port4.0.26
  Status:                             Forwarding
 Vlan ID:
 React on Link Change:                No
 Profile:                             500ms
  Topology Change Interval:           20ms
  Topology Change Count:              3
  Short Test Frame Interval:          30ms
  Default Test Frame Interval:        50ms
  Test Monitoring Interval Count:     5
  Test Monitoring Ext Interval Count: 15
  Non-blocking MRC Supported:         Yes
  Blocked port state supported:       Yes
=== 1790734979.220 15:22:59 >>> show mrp ring
Media Redundancy Protocol - Ring Information
MRP Ring 1
 Domain ID:                           ffffffff-ffff-ffff-ffff-ffffffffffff
 Domain Name:                         
 Ring Status:                         Enabled
 Running State:                       Running
 Role:                                Manager
 Network Status:                      Closed
 Port1:                               port1.0.13
  Status:                             Blocking
 Port2:                               port4.0.26
  Status:                             Forwarding
 Vlan ID:
 React on Link Change:                No
 Profile:                             500ms
  Topology Change Interval:           20ms
  Topology Change Count:              3
  Short Test Frame Interval:          30ms
  Default Test Frame Interval:        50ms
  Test Monitoring Interval Count:     5
  Test Monitoring Ext Interval Count: 15
  Non-blocking MRC Supported:         Yes
  Blocked port state supported:       Yes
=== 1790734981.220 15:23:01 >>> show mrp ring
Media Redundancy Protocol - Ring Information
MRP Ring 1
 Domain ID:                           ffffffff-ffff-ffff-ffff-ffffffffffff
 Domain Name:                         
 Ring Status:                         Enabled
 Running State:                       Running
 Role:                                Manager
 Network Status:                      Closed
 Port1:                               port1.0.13
  Status:                             Blocking
 Port2:                               port4.0.26
  Status:                             Forwarding
 Vlan ID:
 React on Link Change:                No
 Profile:                             500ms
  Topology Change Interval:           20ms
  Topology Change Count:              3
  Short Test Frame Interval:          30ms
  Default Test Frame Interval:        50ms
  Test Monitoring Interval Count:     5
  Test Monitoring Ext Interval Count: 15
  Non-blocking MRC Supported:         Yes
  Blocked port state supported:       Yes
=== 1790734983.220 15:23:03 >>> show mrp ring
Media Redundancy Protocol - Ring Information
MRP Ring 1
 Domain ID:                           ffffffff-ffff-ffff-ffff-ffffffffffff
 Domain Name:                         
 Ring Status:                         Enabled
 Running State:                       Running
 Role:                                Manager
 Network Status:                      Closed
 Port1:                               port1.0.13
  Status:                             Blocking
 Port2:                               port4.0.26
  Status:                             Forwarding
 Vlan ID:
 React on Link Change:                No
 Profile:                             500ms
  Topology Change Interval:           20ms
  Topology Change Count:              3
  Short Test Frame Interval:          30ms
  Default Test Frame Interval:        50ms
  Test Monitoring Interval Count:     5
  Test Monitoring Ext Interval Count: 15
  Non-blocking MRC Supported:         Yes
  Blocked port state supported:       Yes
