1790734933.329 15:22:13 >>> configure terminal
configure terminal
Enter configuration commands, one per line.  End with CNTL/Z.
IE520-stk(config)#
1790734934.131 15:22:14 >>> interface port1.0.13
interface port1.0.13
IE520-stk(config-if)#
1790734934.932 15:22:14 >>> shutdown
shutdown
switch: port 33(port1.0.13) entered disabled state
IE520-stk(config-if)#switch: port 33(port1.0.13) entered disabled state

1790734935.733 15:22:15 >>> end
end
IE520-stk#
1790734936.534 15:22:16 >>> show mrp ring
show mrp ring
Media Redundancy Protocol - Ring Information
MRP Ring 1
 Domain ID:                           ffffffff-ffff-ffff-ffff-ffffffffffff
 Domain Name:                         
 Ring Status:                         Enabled
 Running State:                       Running
 Role:                                Manager
 Network Status:                      Open
 Port1:                               port1.0.13
  Status:                             Blocking
 Port2:                               port4.0.26
  Status:                             Forwarding
 Vlan ID:
 React on Link Change:                No
 Profile:                             500ms
  Topology Change Interval:           20ms
  Topology Change Count:              3
  Short Test Frame Interval:          30ms
  Default Test Frame Interval:        50ms
  Test Monitoring Interval Count:     5
  Test Monitoring Ext Interval Count: 15
  Non-blocking MRC Supported:         Yes
  Blocked port state supported:       Yes

IE520-stk#
