1790734995.227 15:23:15 >>> show mrp ring
show mrp ring
Media Redundancy Protocol - Ring Information
MRP Ring 1
 Domain ID:                           ffffffff-ffff-ffff-ffff-ffffffffffff
 Domain Name:                         
 Ring Status:                         Enabled
 Running State:                       Running
 Role:                                Manager
 Network Status:                      Closed
 Port1:                               port1.0.13
  Status:                             Blocking
 Port2:                               port4.0.26
  Status:                             Forwarding
 Vlan ID:
 React on Link Change:                No
 Profile:                             500ms
  Topology Change Interval:           20ms
  Topology Change Count:              3
  Short Test Frame Interval:          30ms
  Default Test Frame Interval:        50ms
  Test Monitoring Interval Count:     5
  Test Monitoring Ext Interval Count: 15
  Non-blocking MRC Supported:         Yes
  Blocked port state supported:       Yes

IE520-stk#
1790734999.480 15:23:19 >>> show log tail 60
show log tail 60
7[r[999;999H[6n
<date> <time> <facility>.<severity> <program[<pid>]>: <message>
-------------------------------------------------------------------------
2026 Sep 30 02:22:58 user.notice IE520-stk IMISH[7868]: [manager@ttyS0]terminal no monitor
2026 Sep 30 02:22:59 user.notice IE520-stk IMISH[17846]: [manager@ie520-stk-1]show mrp ring
2026 Sep 30 02:23:20 user.notice IE520-stk IMISH[329]: Last message '[manager@ie520-stk-1' repeated 10 times, suppressed by syslog-ng on IE520-stk
2026 Sep 30 02:23:20 user.notice IE520-stk IMISH[7868]: [manager@ttyS0]terminal length 0
2026 Sep 30 02:23:21 user.notice IE520-stk IMISH[17846]: [manager@ie520-stk-1]show mrp ring
2026 Sep 30 02:23:21 user.notice IE520-stk IMISH[7868]: [manager@ttyS0]terminal no monitor
2026 Sep 30 02:23:23 user.notice IE520-stk IMISH[17846]: [manager@ie520-stk-1]show mrp ring
2026 Sep 30 02:23:23 user.notice IE520-stk IMISH[7868]: [manager@ttyS0]configure terminal
2026 Sep 30 02:23:24 user.notice IE520-stk IMISH[7868]: [manager@ttyS0]interface port1.0.13
2026 Sep 30 02:23:25 user.notice IE520-stk IMISH[17846]: [manager@ie520-stk-1]show mrp ring
2026 Sep 30 02:23:25 user.notice IE520-stk IMISH[7868]: [manager@ttyS0]no shutdown
2026 Sep 30 02:23:25 user.notice IE520-stk NSM[702]: port1.0.13 user no shutdown
2026 Sep 30 02:23:27 user.notice IE520-stk IMISH[17846]: [manager@ie520-stk-1]show mrp ring
2026 Sep 30 02:23:27 user.notice IE520-stk IMISH[7868]: [manager@ttyS0]terminal no monitor
2026 Sep 30 02:23:29 user.notice IE520-stk IMISH[17846]: [manager@ie520-stk-1]show mrp ring
2026 Sep 30 02:23:29 user.notice IE520-stk mrpd: EVENT: Rx MRP_LinkUp ring_id=1 port=port4.0.26 mac=84e3.2787.0780
2026 Sep 30 02:23:29 user.notice IE520-stk mrpd: PORT: port1.0.13 link UP (0x11043)
2026 Sep 30 02:23:29 user.notice IE520-stk mrpd: ffffffff-ffff-ffff-ffff-ffffffffffff: Ring-id[1]: Ring closed
2026 Sep 30 02:23:29 user.notice IE520-stk mrpd: FSM: ring_id=1 PRM_UP -> CHK_RC evt=MRP_ProtEvMAUTypeChangeInd
2026 Sep 30 02:23:29 user.notice IE520-stk mrpd: FSM: PRM_RPort 20026 SEC_RPort 5013
2026 Sep 30 02:23:29 user.notice IE520-stk mrpd: FSM: port 5013 state Up
2026 Sep 30 02:23:29 user.notice IE520-stk mrpd: EVENT: Rx MRP_LinkUp ring_id=1 port=port4.0.26 mac=84e3.2787.0780
2026 Sep 30 02:23:29 user.notice IE520-stk NSM[702]: Port up notification received for port1.0.13 
2026 Sep 30 02:23:29 user.notice IE520-stk mrpd: EVENT: Rx MRP_LinkUp ring_id=1 port=port4.0.26 mac=84e3.2787.0780
2026 Sep 30 02:23:29 user.notice IE520-stk mrpd[329]: Last message 'EVENT: Rx MRP_LinkUp' repeated 2 times, suppressed by syslog-ng on IE520-stk
2026 Sep 30 02:23:29 user.notice IE520-stk mrpd: PORT: Update ring port port1.0.13 with state to Forwarding
2026 Sep 30 02:23:29 user.notice IE520-stk mrpd: PORT: port 5013 set Forwarding
2026 Sep 30 02:23:29 user.notice IE520-stk mrpd: ffffffff-ffff-ffff-ffff-ffffffffffff: Ring-id[1]: Ring opened
2026 Sep 30 02:23:29 user.notice IE520-stk mrpd: FSM: ring_id=1 CHK_RC -> CHK_RO evt=MRP_ProtEvTestTimerExpired
2026 Sep 30 02:23:29 user.notice IE520-stk mrpd: EVENT: Rx MRP_TopologyChange ring_id=1 port=port4.0.26
2026 Sep 30 02:23:29 user.notice IE520-stk mrpd: EVENT: Rx MRP_TopologyChange ring_id=1 port=port1.0.13
2026 Sep 30 02:23:29 user.notice IE520-stk mrpd: PORT: Update ring port port1.0.13 with state to Blocked
2026 Sep 30 02:23:29 user.notice IE520-stk mrpd: PORT: port 5013 set Blocked
2026 Sep 30 02:23:29 user.notice IE520-stk mrpd: ffffffff-ffff-ffff-ffff-ffffffffffff: Ring-id[1]: Ring closed
2026 Sep 30 02:23:29 user.notice IE520-stk mrpd: FSM: ring_id=1 CHK_RO -> CHK_RC evt=MRP_ProtEvTestRingInd
2026 Sep 30 02:23:29 user.notice IE520-stk mrpd: EVENT: Rx MRP_TopologyChange ring_id=1 port=port4.0.26
2026 Sep 30 02:23:29 user.notice IE520-stk mrpd: EVENT: Rx MRP_TopologyChange ring_id=1 port=port1.0.13
2026 Sep 30 02:23:30 user.notice IE520-stk mrpd: EVENT: Rx MRP_TopologyChange ring_id=1 port=port4.0.26
2026 Sep 30 02:23:30 user.notice IE520-stk mrpd: EVENT: Rx MRP_TopologyChange ring_id=1 port=port1.0.13
2026 Sep 30 02:23:30 user.notice IE520-stk mrpd: EVENT: Rx MRP_TopologyChange ring_id=1 port=port4.0.26
2026 Sep 30 02:23:30 user.notice IE520-stk mrpd: EVENT: Rx MRP_TopologyChange ring_id=1 port=port1.0.13
2026 Sep 30 02:23:30 user.notice IE520-stk mrpd: FDB: Flush FDB entries for the ring ports with ifindices: {5013, 20026}
2026 Sep 30 02:23:30 user.notice IE520-stk mrpd: EVENT: Rx MRP_TopologyChange ring_id=1 port=port4.0.26
2026 Sep 30 02:23:30 user.notice IE520-stk mrpd: EVENT: Rx MRP_TopologyChange ring_id=1 port=port1.0.13
2026 Sep 30 02:23:31 user.notice IE520-stk IMISH[17846]: [manager@ie520-stk-1]show mrp ring
2026 Sep 30 02:23:35 user.notice IE520-stk IMISH[329]: Last message '[manager@ie520-stk-1' repeated 2 times, suppressed by syslog-ng on IE520-stk
2026 Sep 30 02:23:35 user.notice IE520-stk IMISH[7868]: [manager@ttyS0]terminal length 0
2026 Sep 30 02:23:36 user.notice IE520-stk IMISH[7868]: [manager@ttyS0]terminal no monitor
2026 Sep 30 02:23:37 user.notice IE520-stk IMISH[17846]: [manager@ie520-stk-1]show mrp ring
2026 Sep 30 02:23:38 user.notice IE520-stk IMISH[7868]: [manager@ttyS0]show mrp ring
2026 Sep 30 02:23:39 user.notice IE520-stk IMISH[17846]: [manager@ie520-stk-1]show mrp ring
2026 Sep 30 02:23:39 user.notice IE520-stk IMISH[7868]: [manager@ttyS0]show interface port1.0.13 status
2026 Sep 30 02:23:40 user.notice IE520-stk IMISH[7868]: [manager@ttyS0]terminal no monitor
2026 Sep 30 02:23:41 user.notice IE520-stk IMISH[17846]: [manager@ie520-stk-1]show mrp ring
2026 Sep 30 02:23:46 user.notice IE520-stk IMISH[329]: Last message '[manager@ie520-stk-1' repeated 1 times, suppressed by syslog-ng on IE520-stk
2026 Sep 30 02:23:46 user.notice IE520-stk IMISH[17846]: [manager@ie520-stk-1]terminal no monitor
2026 Sep 30 02:23:52 user.notice IE520-stk IMISH[7868]: [manager@ttyS0]terminal length 0
2026 Sep 30 02:23:53 user.notice IE520-stk IMISH[7868]: [manager@ttyS0]terminal no monitor
2026 Sep 30 02:23:55 user.notice IE520-stk IMISH[7868]: [manager@ttyS0]show mrp ring
2026 Sep 30 02:23:59 user.notice IE520-stk IMISH[7868]: [manager@ttyS0]show log tail 60
IE520-stk#
