1790734323.285 15:12:03 >>> configure terminal
configure terminal
Enter configuration commands, one per line.  End with CNTL/Z.
IE520-stk(config)#
1790734324.087 15:12:04 >>> interface port1.0.13
interface port1.0.13
IE520-stk(config-if)#
1790734325.088 15:12:05 >>> shutdown
shutdown
switch: port 33(port1.0.13) entered disabled state
IE520-stk(config-if)#switch: port 33(port1.0.13) entered disabled state

1790734325.889 15:12:05 >>> end
end
IE520-stk#
1790734326.691 15:12:06 >>> show mrp ring
show mrp ring
Media Redundancy Protocol - Ring Information
MRP Ring 1
 Domain ID:                           ffffffff-ffff-ffff-ffff-ffffffffffff
 Domain Name:                         
 Ring Status:                         Enabled
 Running State:                       Running
 Role:                                Manager
 Network Status:                      Open
 Port1:                               port1.0.13
  Status:                             Blocking
 Port2:                               port4.0.26
  Status:                             Forwarding
 Vlan ID:
 React on Link Change:                No
 Profile:                             200ms
  Topology Change Interval:           10ms
  Topology Change Count:              3
  Short Test Frame Interval:          10ms
  Default Test Frame Interval:        20ms
  Test Monitoring Interval Count:     3
  Test Monitoring Ext Interval Count: 3
  Non-blocking MRC Supported:         No
  Blocked port state supported:       Yes

IE520-stk#
