1790730083.815 14:01:23 >>> show stack
show stack
Virtual Chassis Stacking summary information

ID   Pending ID  MAC address        Priority  Status  Role
1    -           84e3.2787.0ac0     128       Ready   Backup Member
2    -           -                  -         -       Provisioned
3    -           84e3.2787.0740     128       Ready   Backup Member
4    -           84e3.2787.09c0     128       Ready   Active Master

Operational Status                 Normal operation
Stack MAC address                  0000.cd37.0d6f (Virtual MAC)
IE520-stk#
1790730084.617 14:01:24 >>> show mrp ring
show mrp ring
Media Redundancy Protocol - Ring Information
MRP Ring 1
 Domain ID:                           ffffffff-ffff-ffff-ffff-ffffffffffff
 Domain Name:                         
 Ring Status:                         Enabled
 Running State:                       Running
 Role:                                Manager
 Network Status:                      Closed
 Port1:                               port1.0.13
  Status:                             Forwarding
 Port2:                               port4.0.26
  Status:                             Blocking
 Vlan ID:
 React on Link Change:                No
 Profile:                             200ms
  Topology Change Interval:           10ms
  Topology Change Count:              3
  Short Test Frame Interval:          10ms
  Default Test Frame Interval:        20ms
  Test Monitoring Interval Count:     3
  Test Monitoring Ext Interval Count: 3
  Non-blocking MRC Supported:         No
  Blocked port state supported:       Yes

IE520-stk#
1790730090.526 14:01:30 >>> show log | include MRP|mrp|Stack|VCS|loop
show log | include MRP|mrp|Stack|VCS|loop
7[r[999;999H[6n2026 Sep 30 00:31:30 daemon.err IE520-stk-4 radvd[24107]: Exiting, privsep_read_loop had readn return 0 bytes
2026 Sep 30 00:31:30 daemon.err IE520-stk-4 radvd[24107]: Exiting, privsep_read_loop is complete.
2026 Sep 30 00:51:53 daemon.notice IE520-stk-4 systemd[1]: /lib/systemd/system/mrp.service:5: PIDFile= references a path below legacy directory /var/run/, updating /var/run/mrpd.pid → /run/mrpd.pid; please update the unit file accordingly.
2026 Sep 30 00:51:53 user.notice IE520-stk-4 mrpd: starting mrpd version 4
2026 Sep 30 00:51:53 user.notice IE520-stk-4 mrpd: libmrp initialised
2026 Sep 30 00:51:57 user.notice IE520-stk-4 mrpd: PORT: Ring port port1.0.13 5013 added
2026 Sep 30 00:51:59 user.notice IE520-stk-4 mrpd: PORT: Ring port port4.0.26 20026 added
2026 Sep 30 00:51:59 user.notice IE520-stk-4 mrpd: ffffffff-ffff-ffff-ffff-ffffffffffff: Ring-id[1]: Ring opened
2026 Sep 30 00:51:59 user.notice IE520-stk-4 mrpd: FSM: ring_id=1 POWER_ON -> AC_STAT1 evt=MRP_ProtEvPowerOn
2026 Sep 30 00:51:59 user.notice IE520-stk-4 mrpd: FSM: ring_id=1 AC_STAT1 -> PRM_UP evt=MRP_ProtEvMAUTypeChangeInd
2026 Sep 30 00:51:59 user.notice IE520-stk-4 mrpd: FSM: PRM_RPort 5013 SEC_RPort 20026
2026 Sep 30 00:51:59 user.notice IE520-stk-4 mrpd: FSM: port 5013 state Up
2026 Sep 30 00:51:59 user.notice IE520-stk-4 mrpd: Started manager ring-id 1 ffffffff-ffff-ffff-ffff-ffffffffffff
2026 Sep 30 00:51:59 user.notice IE520-stk-4 mrpd: PORT: port 5013 set Forwarding
2026 Sep 30 00:51:59 user.notice IE520-stk-4 mrpd: PORT: port 20026 set Forwarding
2026 Sep 30 00:51:59 user.notice IE520-stk-4 mrpd: PORT: port 5013 set Blocked
2026 Sep 30 00:51:59 user.notice IE520-stk-4 mrpd: PORT: port 20026 set Blocked
2026 Sep 30 00:51:59 user.notice IE520-stk-4 mrpd: PORT: port 5013 set Forwarding
2026 Sep 30 00:52:52 user.notice IE520-stk-4 mrpd: EVENT: Rx MRP_LinkUp ring_id=1 port=port1.0.13 mac=84e3.2787.0780
2026 Sep 30 00:52:52 user.notice IE520-stk-4 mrpd: PORT: port4.0.26 link UP (0x11043)
2026 Sep 30 00:52:52 user.notice IE520-stk-4 mrpd: ffffffff-ffff-ffff-ffff-ffffffffffff: Ring-id[1]: Ring closed
2026 Sep 30 00:52:52 user.notice IE520-stk-4 mrpd: FSM: ring_id=1 PRM_UP -> CHK_RC evt=MRP_ProtEvMAUTypeChangeInd
2026 Sep 30 00:52:52 user.notice IE520-stk-4 mrpd: FSM: PRM_RPort 5013 SEC_RPort 20026
2026 Sep 30 00:52:52 user.notice IE520-stk-4 mrpd: FSM: port 20026 state Up
2026 Sep 30 00:52:52 user.notice IE520-stk-4 mrpd: EVENT: Rx MRP_LinkUp ring_id=1 port=port1.0.13 mac=84e3.2787.0780
2026 Sep 30 00:52:52 user.notice IE520-stk-4 mrpd[310]: Last message 'EVENT: Rx MRP_LinkUp' repeated 1 times, suppressed by syslog-ng on IE520-stk-4
2026 Sep 30 00:52:52 user.notice IE520-stk-4 mrpd: PORT: port 20026 set Forwarding
2026 Sep 30 00:52:52 user.notice IE520-stk-4 mrpd: EVENT: Rx MRP_TopologyChange ring_id=1 port=port4.0.26
2026 Sep 30 00:52:52 user.notice IE520-stk-4 mrpd: EVENT: Rx MRP_TopologyChange ring_id=1 port=port1.0.13
2026 Sep 30 00:52:52 user.notice IE520-stk-4 mrpd: PORT: port 20026 set Blocked
2026 Sep 30 00:52:52 user.notice IE520-stk-4 mrpd: EVENT: Rx MRP_TopologyChange ring_id=1 port=port4.0.26
2026 Sep 30 00:52:52 user.notice IE520-stk-4 mrpd: EVENT: Rx MRP_TopologyChange ring_id=1 port=port1.0.13
2026 Sep 30 00:52:52 user.notice IE520-stk-4 mrpd: EVENT: Rx MRP_TopologyChange ring_id=1 port=port4.0.26
2026 Sep 30 00:52:52 user.notice IE520-stk-4 mrpd: EVENT: Rx MRP_TopologyChange ring_id=1 port=port1.0.13
2026 Sep 30 00:52:52 user.notice IE520-stk-4 mrpd: EVENT: Rx MRP_TopologyChange ring_id=1 port=port4.0.26
2026 Sep 30 00:52:52 user.notice IE520-stk-4 mrpd: EVENT: Rx MRP_TopologyChange ring_id=1 port=port1.0.13
2026 Sep 30 00:55:22 user.notice IE520-stk-4 VCS[660]: Link between Member 4 and Member 3 is down
2026 Sep 30 00:55:22 user.notice IE520-stk-4 VCS[660]: Link between Member 1 and Member 3 is down
2026 Sep 30 00:55:22 user.crit IE520-stk-4 VCS[660]: Contact with the Active Master has been lost
2026 Sep 30 00:55:22 user.crit IE520-stk-4 VCS[660]: Member 4 (84e3.2787.09c0) has become the Active Master
2026 Sep 30 00:55:22 user.notice IE520-stk-4 mrpd: PORT: Update ring port port1.0.13 with state to Forwarding
2026 Sep 30 00:55:22 user.notice IE520-stk-4 mrpd: PORT: Update ring port port4.0.26 with state to Blocked
2026 Sep 30 00:55:22 user.notice IE520-stk-4 mrpd: FSM: refresh ring_id=1 state CHK_RC
2026 Sep 30 00:55:22 user.notice IE520-stk-4 mrpd: FSM: refresh Ports PRM 5013 Sec 20026
2026 Sep 30 00:55:22 user.crit IE520-stk-4 VCS[660]: Stack Virtual MAC is 0000.cd37.0d6f
2026 Sep 30 00:55:22 user.notice IE520-stk-4 mrpd: PORT: port 5013 set Forwarding
2026 Sep 30 00:55:22 user.notice IE520-stk-4 mrpd: PORT: Update ring port port4.0.26 with state to Forwarding
2026 Sep 30 00:55:22 user.notice IE520-stk-4 mrpd: ffffffff-ffff-ffff-ffff-ffffffffffff: Ring-id[1]: Ring opened
2026 Sep 30 00:55:22 user.notice IE520-stk-4 mrpd: FSM: ring_id=1 CHK_RC -> CHK_RO evt=MRP_ProtEvTestTimerExpired
2026 Sep 30 00:55:23 user.crit IE520-stk-4 VCS[660]: Member 3 (84e3.2787.0740) has left the stack
2026 Sep 30 00:55:23 local6.notice IE520-stk-1 VCS[622]: Link down event on stack link port1.0.27
2026 Sep 30 00:55:23 local6.notice IE520-stk-4 VCS[660]: Link down event on stack link port4.0.28
2026 Sep 30 00:55:26 user.notice IE520-stk mrpd: PORT: port 20026 set Blocked
2026 Sep 30 00:55:26 user.notice IE520-stk mrpd: PORT: Update ring port port4.0.26 with state to Blocked
2026 Sep 30 00:55:26 user.notice IE520-stk mrpd: ffffffff-ffff-ffff-ffff-ffffffffffff: Ring-id[1]: Ring closed
2026 Sep 30 00:55:26 user.notice IE520-stk mrpd: FSM: ring_id=1 CHK_RO -> CHK_RC evt=MRP_ProtEvTestRingInd
2026 Sep 30 00:55:26 user.notice IE520-stk mrpd: FDB: Flush FDB entries for the ring ports with ifindices: {5013, 20026}
2026 Sep 30 00:55:26 user.notice IE520-stk mrpd: EVENT: Rx MRP_TopologyChange ring_id=1 port=port4.0.26
2026 Sep 30 00:55:26 user.notice IE520-stk mrpd: EVENT: Rx MRP_TopologyChange ring_id=1 port=port1.0.13
2026 Sep 30 00:55:26 user.notice IE520-stk mrpd: EVENT: Rx MRP_TopologyChange ring_id=1 port=port4.0.26
2026 Sep 30 00:55:26 user.notice IE520-stk mrpd: EVENT: Rx MRP_TopologyChange ring_id=1 port=port1.0.13
2026 Sep 30 00:55:26 user.notice IE520-stk mrpd: PORT: port 20026 set Forwarding
2026 Sep 30 00:55:26 user.notice IE520-stk mrpd: PORT: port 20026 set Blocked
2026 Sep 30 00:55:26 user.notice IE520-stk mrpd: PORT: Update ring port port4.0.26 with state to Forwarding
2026 Sep 30 00:55:26 user.notice IE520-stk mrpd: ffffffff-ffff-ffff-ffff-ffffffffffff: Ring-id[1]: Ring opened
2026 Sep 30 00:55:26 user.notice IE520-stk mrpd: FSM: ring_id=1 CHK_RC -> CHK_RO evt=MRP_ProtEvTestTimerExpired
2026 Sep 30 00:55:26 user.notice IE520-stk mrpd: FDB: Flush FDB entries for the ring ports with ifindices: {5013, 20026}
2026 Sep 30 00:55:26 user.notice IE520-stk mrpd: PORT: Update ring port port4.0.26 with state to Blocked
2026 Sep 30 00:55:26 user.notice IE520-stk mrpd: ffffffff-ffff-ffff-ffff-ffffffffffff: Ring-id[1]: Ring closed
2026 Sep 30 00:55:26 user.notice IE520-stk mrpd: FSM: ring_id=1 CHK_RO -> CHK_RC evt=MRP_ProtEvTestRingInd
2026 Sep 30 00:55:26 user.notice IE520-stk mrpd: EVENT: Rx MRP_TopologyChange ring_id=1 port=port4.0.26
2026 Sep 30 00:55:26 user.notice IE520-stk mrpd: EVENT: Rx MRP_TopologyChange ring_id=1 port=port1.0.13
2026 Sep 30 00:55:26 user.notice IE520-stk mrpd: EVENT: Rx MRP_TopologyChange ring_id=1 port=port4.0.26
2026 Sep 30 00:55:26 user.notice IE520-stk mrpd: EVENT: Rx MRP_TopologyChange ring_id=1 port=port1.0.13
2026 Sep 30 00:55:26 user.notice IE520-stk mrpd: EVENT: Rx MRP_TopologyChange ring_id=1 port=port4.0.26
2026 Sep 30 00:55:26 user.notice IE520-stk mrpd: EVENT: Rx MRP_TopologyChange ring_id=1 port=port1.0.13
2026 Sep 30 00:55:26 user.notice IE520-stk mrpd: EVENT: Rx MRP_TopologyChange ring_id=1 port=port4.0.26
2026 Sep 30 00:55:26 user.notice IE520-stk mrpd: EVENT: Rx MRP_TopologyChange ring_id=1 port=port1.0.13
2026 Sep 30 00:55:26 user.notice IE520-stk mrpd: EVENT: Rx MRP_TopologyChange ring_id=1 port=port4.0.26
2026 Sep 30 00:55:26 user.notice IE520-stk mrpd: EVENT: Rx MRP_TopologyChange ring_id=1 port=port1.0.13
2026 Sep 30 00:55:26 user.notice IE520-stk mrpd: EVENT: Rx MRP_TopologyChange ring_id=1 port=port4.0.26
2026 Sep 30 00:55:26 user.notice IE520-stk mrpd: EVENT: Rx MRP_TopologyChange ring_id=1 port=port1.0.13
2026 Sep 30 00:55:26 user.notice IE520-stk mrpd: EVENT: Rx MRP_TopologyChange ring_id=1 port=port4.0.26
2026 Sep 30 00:55:26 user.notice IE520-stk mrpd: EVENT: Rx MRP_TopologyChange ring_id=1 port=port1.0.13
2026 Sep 30 00:55:26 user.notice IE520-stk mrpd: FDB: Flush FDB entries for the ring ports with ifindices: {5013, 20026}
2026 Sep 30 00:55:26 user.notice IE520-stk mrpd: PORT: port 20026 set Forwarding
2026 Sep 30 00:55:26 user.notice IE520-stk mrpd: PORT: port 20026 set Blocked
2026 Sep 30 00:55:26 user.notice IE520-stk mrpd: FDB: Flush FDB entries for the ring ports with ifindices: {5013, 20026}
2026 Sep 30 00:55:26 user.notice IE520-stk mrpd: PORT: Update ring port port4.0.26 with state to Forwarding
2026 Sep 30 00:55:26 user.notice IE520-stk mrpd: ffffffff-ffff-ffff-ffff-ffffffffffff: Ring-id[1]: Ring opened
2026 Sep 30 00:55:26 user.notice IE520-stk mrpd: FSM: ring_id=1 CHK_RC -> CHK_RO evt=MRP_ProtEvTestTimerExpired
2026 Sep 30 00:55:26 user.notice IE520-stk mrpd: FDB: Flush FDB entries for the ring ports with ifindices: {5013, 20026}
2026 Sep 30 00:55:26 user.notice IE520-stk mrpd: EVENT: Rx MRP_TopologyChange ring_id=1 port=port4.0.26
2026 Sep 30 00:55:26 user.notice IE520-stk mrpd: EVENT: Rx MRP_TopologyChange ring_id=1 port=port1.0.13
2026 Sep 30 00:55:26 user.notice IE520-stk mrpd: PORT: Update ring port port4.0.26 with state to Blocked
2026 Sep 30 00:55:26 user.notice IE520-stk mrpd: ffffffff-ffff-ffff-ffff-ffffffffffff: Ring-id[1]: Ring closed
2026 Sep 30 00:55:26 user.notice IE520-stk mrpd: FSM: ring_id=1 CHK_RO -> CHK_RC evt=MRP_ProtEvTestRingInd
2026 Sep 30 00:55:26 user.notice IE520-stk mrpd: EVENT: Rx MRP_TopologyChange ring_id=1 port=port4.0.26
2026 Sep 30 00:55:26 user.notice IE520-stk mrpd: EVENT: Rx MRP_TopologyChange ring_id=1 port=port1.0.13
2026 Sep 30 00:55:26 user.notice IE520-stk mrpd: EVENT: Rx MRP_TopologyChange ring_id=1 port=port4.0.26
2026 Sep 30 00:55:26 user.notice IE520-stk mrpd: EVENT: Rx MRP_TopologyChange ring_id=1 port=port1.0.13
2026 Sep 30 00:55:26 user.notice IE520-stk mrpd: EVENT: Rx MRP_TopologyChange ring_id=1 port=port4.0.26
2026 Sep 30 00:55:26 user.notice IE520-stk mrpd: EVENT: Rx MRP_TopologyChange ring_id=1 port=port1.0.13
2026 Sep 30 00:55:26 user.notice IE520-stk mrpd: EVENT: Rx MRP_TopologyChange ring_id=1 port=port4.0.26
2026 Sep 30 00:55:26 user.notice IE520-stk mrpd: EVENT: Rx MRP_TopologyChange ring_id=1 port=port1.0.13
2026 Sep 30 00:55:26 user.notice IE520-stk mrpd: EVENT: Rx MRP_TopologyChange ring_id=1 port=port4.0.26
2026 Sep 30 00:55:26 user.notice IE520-stk mrpd: EVENT: Rx MRP_TopologyChange ring_id=1 port=port1.0.13
2026 Sep 30 00:55:26 user.notice IE520-stk mrpd: EVENT: Rx MRP_TopologyChange ring_id=1 port=port4.0.26
2026 Sep 30 00:55:26 user.notice IE520-stk mrpd: EVENT: Rx MRP_TopologyChange ring_id=1 port=port1.0.13
2026 Sep 30 00:55:26 user.notice IE520-stk mrpd: PORT: port 20026 set Forwarding
2026 Sep 30 00:55:26 user.notice IE520-stk mrpd: PORT: port 20026 set Blocked
2026 Sep 30 00:55:26 user.notice IE520-stk mrpd: FDB: Flush FDB entries for the ring ports with ifindices: {5013, 20026}
2026 Sep 30 00:55:26 user.notice IE520-stk mrpd: EVENT: Rx MRP_TopologyChange ring_id=1 port=port4.0.26
2026 Sep 30 00:55:26 user.notice IE520-stk mrpd: EVENT: Rx MRP_TopologyChange ring_id=1 port=port1.0.13
2026 Sep 30 00:55:26 user.notice IE520-stk mrpd: EVENT: Rx MRP_TopologyChange ring_id=1 port=port4.0.26
2026 Sep 30 00:55:26 user.notice IE520-stk mrpd: EVENT: Rx MRP_TopologyChange ring_id=1 port=port1.0.13
2026 Sep 30 00:55:26 user.notice IE520-stk mrpd: EVENT: Rx MRP_TopologyChange ring_id=1 port=port4.0.26
2026 Sep 30 00:55:26 user.notice IE520-stk mrpd: EVENT: Rx MRP_TopologyChange ring_id=1 port=port1.0.13
2026 Sep 30 00:55:26 user.notice IE520-stk mrpd: FDB: Flush FDB entries for the ring ports with ifindices: {5013, 20026}
2026 Sep 30 00:55:26 user.notice IE520-stk mrpd: EVENT: Rx MRP_TopologyChange ring_id=1 port=port4.0.26
2026 Sep 30 00:55:26 user.notice IE520-stk mrpd: EVENT: Rx MRP_TopologyChange ring_id=1 port=port1.0.13
2026 Sep 30 00:55:39 user.notice IE520-stk IMISH[13070]: [manager@ttyS0]show mrp ring
2026 Sep 30 00:55:41 user.notice IE520-stk IMISH[13070]: [manager@ttyS0]show mrp ring
2026 Sep 30 00:55:44 user.notice IE520-stk IMISH[13070]: [manager@ttyS0]show mrp ring
2026 Sep 30 00:55:47 user.notice IE520-stk IMISH[13070]: [manager@ttyS0]show mrp ring
2026 Sep 30 00:55:50 user.notice IE520-stk IMISH[13070]: [manager@ttyS0]show mrp ring
2026 Sep 30 00:55:53 user.notice IE520-stk IMISH[13070]: [manager@ttyS0]show mrp ring
2026 Sep 30 00:55:56 user.notice IE520-stk IMISH[13070]: [manager@ttyS0]show mrp ring
2026 Sep 30 00:55:59 user.notice IE520-stk IMISH[13070]: [manager@ttyS0]show mrp ring
2026 Sep 30 00:56:02 user.notice IE520-stk IMISH[13070]: [manager@ttyS0]show mrp ring
2026 Sep 30 00:56:05 user.notice IE520-stk IMISH[13070]: [manager@ttyS0]show mrp ring
2026 Sep 30 00:56:08 user.notice IE520-stk IMISH[13070]: [manager@ttyS0]show mrp ring
2026 Sep 30 00:56:11 user.notice IE520-stk IMISH[13070]: [manager@ttyS0]show mrp ring
2026 Sep 30 00:56:14 user.notice IE520-stk IMISH[13070]: [manager@ttyS0]show mrp ring
2026 Sep 30 00:56:17 user.notice IE520-stk IMISH[13070]: [manager@ttyS0]show mrp ring
2026 Sep 30 00:56:20 user.notice IE520-stk IMISH[13070]: [manager@ttyS0]show mrp ring
2026 Sep 30 00:56:23 user.notice IE520-stk IMISH[13070]: [manager@ttyS0]show mrp ring
2026 Sep 30 00:56:26 user.notice IE520-stk IMISH[13070]: [manager@ttyS0]show mrp ring
2026 Sep 30 00:56:29 user.notice IE520-stk IMISH[13070]: [manager@ttyS0]show mrp ring
2026 Sep 30 00:56:32 user.notice IE520-stk IMISH[13070]: [manager@ttyS0]show mrp ring
2026 Sep 30 00:56:35 user.notice IE520-stk IMISH[13070]: [manager@ttyS0]show mrp ring
2026 Sep 30 00:56:38 user.notice IE520-stk IMISH[13070]: [manager@ttyS0]show mrp ring
2026 Sep 30 00:56:41 user.notice IE520-stk IMISH[13070]: [manager@ttyS0]show mrp ring
2026 Sep 30 00:56:44 user.notice IE520-stk IMISH[13070]: [manager@ttyS0]show mrp ring
2026 Sep 30 00:56:47 user.notice IE520-stk IMISH[13070]: [manager@ttyS0]show mrp ring
2026 Sep 30 00:56:50 user.notice IE520-stk IMISH[13070]: [manager@ttyS0]show mrp ring
2026 Sep 30 00:56:53 user.notice IE520-stk IMISH[13070]: [manager@ttyS0]show mrp ring
2026 Sep 30 00:56:56 user.notice IE520-stk IMISH[13070]: [manager@ttyS0]show mrp ring
2026 Sep 30 00:56:59 user.notice IE520-stk IMISH[13070]: [manager@ttyS0]show mrp ring
2026 Sep 30 00:57:02 user.notice IE520-stk IMISH[13070]: [manager@ttyS0]show mrp ring
2026 Sep 30 00:57:05 user.notice IE520-stk IMISH[13070]: [manager@ttyS0]show mrp ring
2026 Sep 30 00:57:08 user.notice IE520-stk IMISH[13070]: [manager@ttyS0]show mrp ring
2026 Sep 30 00:57:11 user.notice IE520-stk IMISH[13070]: [manager@ttyS0]show mrp ring
2026 Sep 30 00:57:14 user.notice IE520-stk IMISH[13070]: [manager@ttyS0]show mrp ring
2026 Sep 30 00:57:15 local6.notice IE520-stk-1 VCS[622]: Link up event on stack link port1.0.27
2026 Sep 30 00:57:15 local6.notice IE520-stk VCS[660]: Link up event on stack link port4.0.28
2026 Sep 30 00:57:16 user.crit IE520-stk VCS[660]: Member 3 (84e3.2787.0740) has joined the stack
2026 Sep 30 00:57:16 user.notice IE520-stk VCS[660]: Link between Member 4 and Member 3 is up
2026 Sep 30 00:57:16 user.notice IE520-stk VCS[660]: Link between Member 1 and Member 3 is up
2026 Sep 30 00:57:18 user.notice IE520-stk IMISH[13070]: [manager@ttyS0]show mrp ring
2026 Sep 30 00:57:23 user.notice IE520-stk IMISH[13070]: [manager@ttyS0]show mrp ring
2026 Sep 30 00:57:25 user.notice IE520-stk IMISH[13070]: [manager@ttyS0]show mrp ring
2026 Sep 30 00:57:29 user.notice IE520-stk IMISH[13070]: [manager@ttyS0]show mrp ring
2026 Sep 30 00:57:32 user.notice IE520-stk IMISH[13070]: [manager@ttyS0]show mrp ring
2026 Sep 30 00:57:35 user.notice IE520-stk IMISH[13070]: [manager@ttyS0]show mrp ring
2026 Sep 30 00:57:37 user.notice IE520-stk IMISH[13070]: [manager@ttyS0]show mrp ring
2026 Sep 30 00:57:40 user.notice IE520-stk IMISH[13070]: [manager@ttyS0]show mrp ring
2026 Sep 30 00:57:43 user.notice IE520-stk IMISH[13070]: [manager@ttyS0]show mrp ring
2026 Sep 30 00:57:46 user.notice IE520-stk IMISH[13070]: [manager@ttyS0]show mrp ring
2026 Sep 30 00:57:49 user.notice IE520-stk IMISH[13070]: [manager@ttyS0]show mrp ring
2026 Sep 30 00:57:52 user.notice IE520-stk IMISH[13070]: [manager@ttyS0]show mrp ring
2026 Sep 30 00:57:55 user.notice IE520-stk IMISH[13070]: [manager@ttyS0]show mrp ring
2026 Sep 30 00:57:58 user.notice IE520-stk IMISH[13070]: [manager@ttyS0]show mrp ring
2026 Sep 30 00:58:01 user.notice IE520-stk IMISH[13070]: [manager@ttyS0]show mrp ring
2026 Sep 30 00:58:04 user.notice IE520-stk IMISH[13070]: [manager@ttyS0]show mrp ring
2026 Sep 30 00:58:07 user.notice IE520-stk IMISH[13070]: [manager@ttyS0]show mrp ring
2026 Sep 30 00:58:10 user.notice IE520-stk IMISH[13070]: [manager@ttyS0]show mrp ring
2026 Sep 30 00:58:12 user.notice IE520-stk mrpd: Updating late join member 3
2026 Sep 30 00:58:12 user.notice IE520-stk mrpd: PORT: Update ring port port4.0.26 with state to Blocked
2026 Sep 30 00:58:12 user.notice IE520-stk mrpd: PORT: Update ring port port1.0.13 with state to Forwarding
2026 Sep 30 00:58:12 user.notice IE520-stk mrpd: PORT: port 20026 set Blocked
2026 Sep 30 00:58:12 user.notice IE520-stk mrpd: PORT: port 5013 set Forwarding
2026 Sep 30 00:58:13 user.notice IE520-stk IMISH[13070]: [manager@ttyS0]show mrp ring
2026 Sep 30 00:58:17 user.notice IE520-stk IMISH[13070]: [manager@ttyS0]show mrp ring
2026 Sep 30 00:58:19 user.notice IE520-stk IMISH[13070]: [manager@ttyS0]show mrp ring
2026 Sep 30 00:58:22 user.notice IE520-stk IMISH[13070]: [manager@ttyS0]show mrp ring
2026 Sep 30 00:58:25 user.notice IE520-stk IMISH[13070]: [manager@ttyS0]show mrp ring
2026 Sep 30 00:58:28 user.notice IE520-stk IMISH[13070]: [manager@ttyS0]show mrp ring
2026 Sep 30 00:58:31 user.notice IE520-stk IMISH[13070]: [manager@ttyS0]show mrp ring
2026 Sep 30 00:58:34 user.notice IE520-stk IMISH[13070]: [manager@ttyS0]show mrp ring
2026 Sep 30 00:58:37 user.notice IE520-stk IMISH[13070]: [manager@ttyS0]show mrp ring
2026 Sep 30 00:58:40 user.notice IE520-stk IMISH[13070]: [manager@ttyS0]show mrp ring
2026 Sep 30 00:58:43 user.notice IE520-stk IMISH[13070]: [manager@ttyS0]show mrp ring
2026 Sep 30 00:58:46 user.notice IE520-stk IMISH[13070]: [manager@ttyS0]show mrp ring
2026 Sep 30 00:58:49 user.notice IE520-stk IMISH[13070]: [manager@ttyS0]show mrp ring
2026 Sep 30 00:58:52 user.notice IE520-stk IMISH[13070]: [manager@ttyS0]show mrp ring
2026 Sep 30 00:58:55 user.notice IE520-stk IMISH[13070]: [manager@ttyS0]show mrp ring
2026 Sep 30 00:58:58 user.notice IE520-stk IMISH[13070]: [manager@ttyS0]show mrp ring
2026 Sep 30 00:59:01 user.notice IE520-stk IMISH[13070]: [manager@ttyS0]show mrp ring
2026 Sep 30 00:59:04 user.notice IE520-stk IMISH[13070]: [manager@ttyS0]show mrp ring
2026 Sep 30 00:59:07 user.notice IE520-stk IMISH[13070]: [manager@ttyS0]show mrp ring
2026 Sep 30 00:59:10 user.notice IE520-stk IMISH[13070]: [manager@ttyS0]show mrp ring
2026 Sep 30 00:59:13 user.notice IE520-stk IMISH[13070]: [manager@ttyS0]show mrp ring
2026 Sep 30 00:59:16 user.notice IE520-stk IMISH[13070]: [manager@ttyS0]show mrp ring
2026 Sep 30 00:59:19 user.notice IE520-stk IMISH[13070]: [manager@ttyS0]show mrp ring
2026 Sep 30 00:59:22 user.notice IE520-stk IMISH[13070]: [manager@ttyS0]show mrp ring
2026 Sep 30 00:59:25 user.notice IE520-stk IMISH[13070]: [manager@ttyS0]show mrp ring
2026 Sep 30 00:59:28 user.notice IE520-stk IMISH[13070]: [manager@ttyS0]show mrp ring
2026 Sep 30 00:59:31 user.notice IE520-stk IMISH[13070]: [manager@ttyS0]show mrp ring
2026 Sep 30 00:59:34 user.notice IE520-stk IMISH[13070]: [manager@ttyS0]show mrp ring
2026 Sep 30 00:59:37 user.notice IE520-stk IMISH[13070]: [manager@ttyS0]show mrp ring
2026 Sep 30 00:59:40 user.notice IE520-stk IMISH[13070]: [manager@ttyS0]show mrp ring
2026 Sep 30 00:59:43 user.notice IE520-stk IMISH[13070]: [manager@ttyS0]show mrp ring
2026 Sep 30 00:59:46 user.notice IE520-stk IMISH[13070]: [manager@ttyS0]show mrp ring
2026 Sep 30 00:59:50 user.notice IE520-stk IMISH[13070]: [manager@ttyS0]show mrp ring
2026 Sep 30 00:59:52 user.notice IE520-stk IMISH[13070]: [manager@ttyS0]show mrp ring
2026 Sep 30 00:59:55 user.notice IE520-stk IMISH[13070]: [manager@ttyS0]show mrp ring
2026 Sep 30 00:59:58 user.notice IE520-stk IMISH[13070]: [manager@ttyS0]show mrp ring
2026 Sep 30 01:00:01 user.notice IE520-stk IMISH[13070]: [manager@ttyS0]show mrp ring
2026 Sep 30 01:00:04 user.notice IE520-stk IMISH[13070]: [manager@ttyS0]show mrp ring
2026 Sep 30 01:00:07 user.notice IE520-stk IMISH[13070]: [manager@ttyS0]show mrp ring
2026 Sep 30 01:00:10 user.notice IE520-stk IMISH[13070]: [manager@ttyS0]show mrp ring
2026 Sep 30 01:00:13 user.notice IE520-stk IMISH[13070]: [manager@ttyS0]show mrp ring
2026 Sep 30 01:00:16 user.notice IE520-stk IMISH[13070]: [manager@ttyS0]show mrp ring
2026 Sep 30 01:00:19 user.notice IE520-stk IMISH[13070]: [manager@ttyS0]show mrp ring
2026 Sep 30 01:00:22 user.notice IE520-stk IMISH[13070]: [manager@ttyS0]show mrp ring
2026 Sep 30 01:00:25 user.notice IE520-stk IMISH[13070]: [manager@ttyS0]show mrp ring
2026 Sep 30 01:00:28 user.notice IE520-stk IMISH[13070]: [manager@ttyS0]show mrp ring
2026 Sep 30 01:00:31 user.notice IE520-stk IMISH[13070]: [manager@ttyS0]show mrp ring
2026 Sep 30 01:02:06 user.notice IE520-stk IMISH[13070]: [manager@ttyS0]show mrp ring
2026 Sep 30 01:02:10 user.notice IE520-stk IMISH[13070]: [manager@ttyS0]show log | include MRP|mrp|Stack|VCS|loop
IE520-stk#
