================================================================================
AWPTCM-T38424 (1.0)  Standard test - static MLD
Run date : 2026-09-09      Bench : tb470 (IE520)
Software : IE520-awplus_main-20260905-1714.rel  (AlliedWare Plus, build 09/04/26; bootloader pauld)
Result   : PASS  (steps 1-3)
================================================================================

RESULT
  Step 1  Forward when static MLD group set ... PASS   30/30 rx, 0% loss, no listener report
  Step 2  Membership maintained over soak ..... PASS   Exclude(Static), never ages
  Step 3  Remove static entry -> clears ....... PASS   show ipv6 mld groups empties (test group)
  DUT is the MLD querier; the group is forced by `ipv6 mld static-group`, no host report.

--------------------------------------------------------------------------------
BENCH / TOPOLOGY AS TESTED
--------------------------------------------------------------------------------
  DUT / querier : u4  S/N 264A23052  MAC 84e3.2787.09c0
  Source        : u5  S/N 264A23066  MAC 84e3.2787.0740   (vlan10 2001:db8:10::3)
  Receiver/host : tb470 eth2  ->  u4 port1.0.2 (vlan10)
  Fabric        : one vlan10 trunk  u4 port1.0.24 <-> u5 port2.0.24 (2nd link port*.0.26 shutdown).

METHOD / SCOPE
  No IXIA. The static group forwards to the host port (port1.0.2) with NO listener report;
  SOURCE = u5 `ping ipv6 <group> interface vlan10` at 1 pps; receipt counted by tcpdump.
  Functional, NOT line rate.

--------------------------------------------------------------------------------
CONFIG APPLIED   (running-config only, NOT saved to startup)
--------------------------------------------------------------------------------
u4 (DUT/querier)                            u5 (source)
  ipv6 multicast-routing                      ipv6 multicast-routing
  interface vlan10                            interface vlan10
   ipv6 mld                                    ipv6 address 2001:db8:10::3/64
   ipv6 address 2001:db8:10::2/64             ipv6 mld
   ipv6 mld static-group ff1e::4 interface port1.0.2   <- the static entry under test

--------------------------------------------------------------------------------
STEP 1 - Check multicast traffic is forwarded when the static MLD group is configured
--------------------------------------------------------------------------------
u4# show ipv6 mld groups                      <- baseline (ff05::2 is the host's own kernel MLD)

u4(config-if)# ipv6 mld static-group ff1e::4 interface port1.0.2

u4# show ipv6 mld groups
MLD Connected Group Membership
Group Address                           Interface            Uptime   Expires   Last Reporter
ff05::2                                 vlan10 (port1.0.2)   00:01:41 00:02:59   fe80::cfe7:b827:c695:6034
ff1e::4                                 vlan10 (port1.0.2)   00:00:04 stopped    ::

u4# show ipv6 mld groups ff1e::4 detail
Interface:      vlan10 (port1.0.2)
Group:          ff1e::4
Group mode:     Exclude (Static)
Last reporter:  ::
Source list is empty
  => ff1e::4 registered STATICALLY (mode "Exclude (Static)", Expires "stopped", no reporter).

u5# ping ipv6 ff1e::4 interface vlan10 repeat 30
--- ff1e::4 ping statistics ---
30 packets transmitted, 0 received, 100% packet loss, time 30146ms
host# tcpdump icmp6 dst ff1e::4 => 30 frames of 30 sent (0.0% loss)
   IP6 2001:db8:10::3 > ff1e::4: ICMP6, echo request, id 23374, seq 1, length 64
   IP6 2001:db8:10::3 > ff1e::4: ICMP6, echo request, id 23374, seq 2, length 64
   IP6 2001:db8:10::3 > ff1e::4: ICMP6, echo request, id 23374, seq 3, length 64
  => 30/30 forwarded to the host, 0% loss, purely on the static group.

--------------------------------------------------------------------------------
STEP 2 - Leave traffic running (membership maintained)
--------------------------------------------------------------------------------
u4# show ipv6 mld groups ff1e::4 detail   (after soak)
Group:          ff1e::4
Group mode:     Exclude (Static)
Uptime:         00:00:45
  => static membership persists unchanged.  SCOPE: 30 s / 1 pps sample.

--------------------------------------------------------------------------------
STEP 3 - Remove the static MLD entry  (stream stops, table clears)
--------------------------------------------------------------------------------
u4(config-if)# no ipv6 mld static-group ff1e::4 interface port1.0.2

u4# show ipv6 mld groups
MLD Connected Group Membership
Group Address                           Interface            Uptime   Expires   Last Reporter
ff05::2                                 vlan10 (port1.0.2)   00:02:33 00:04:12   fe80::cfe7:b827:c695:6034
  => the TEST group ff1e::4 is removed (only the host's own ff05::2 remains).

u5# ping ipv6 ff1e::4 interface vlan10 repeat 5   (after removal)
--- ff1e::4 ping statistics ---
5 packets transmitted, 0 received, 100% packet loss, time 4142ms
host# after removal => 5 frames received (expect 0)
  => `show ipv6 mld groups` no longer lists ff1e::4. The 5 residual frames are the L2
     MLD-snooping entry aging out (no fast-leave); traffic then ceases. PASS.
================================================================================
