1790735813.934 15:36:53 >>> configure terminal
configure terminal
Enter configuration commands, one per line.  End with CNTL/Z.
IE520-sa(config)#
1790735814.735 15:36:54 >>> mrp ring 1
mrp ring 1
IE520-sa(config-mrp-ring)#
1790735815.536 15:36:55 >>> no profile
no profile
IE520-sa(config-mrp-ring)#
1790735816.337 15:36:56 >>> role manager
role manager
IE520-sa(config-mrp-ring-manager)#
1790735817.138 15:36:57 >>> end
end
IE520-sa#
1790735817.940 15:36:57 >>> show mrp ring
show mrp ring
Media Redundancy Protocol - Ring Information
MRP Ring 1
 Domain ID:                           ffffffff-ffff-ffff-ffff-ffffffffffff
 Domain Name:                         
 Ring Status:                         Enabled
 Running State:                       Running
 Role:                                Manager
 Network Status:                      Open
 Port1:                               port1.0.13
  Status:                             Forwarding
 Port2:                               port1.0.26
  Status:                             Blocking
 Vlan ID:
 React on Link Change:                No
 Profile:                             200ms
  Topology Change Interval:           10ms
  Topology Change Count:              3
  Short Test Frame Interval:          10ms
  Default Test Frame Interval:        20ms
  Test Monitoring Interval Count:     3
  Test Monitoring Ext Interval Count: 3
  Non-blocking MRC Supported:         No
  Blocked port state supported:       Yes

IE520-sa#
