1790736298.938 15:44:58 >>> show log tail 120
show log tail 120
7[r[999;999H[6n
<date> <time> <facility>.<severity> <program[<pid>]>: <message>
-------------------------------------------------------------------------
2026 Sep 30 02:42:53 user.notice IE520-stk IMISH[7868]: [manager@ttyS0]configure terminal
2026 Sep 30 02:42:54 user.notice IE520-stk IMISH[7868]: [manager@ttyS0]interface port1.0.13
2026 Sep 30 02:42:54 user.notice IE520-stk IMISH[17846]: [manager@ie520-stk-1]show mrp ring
2026 Sep 30 02:42:55 user.notice IE520-stk IMISH[7868]: [manager@ttyS0]no shutdown
2026 Sep 30 02:42:55 user.notice IE520-stk NSM[702]: port1.0.13 user no shutdown
2026 Sep 30 02:42:56 user.notice IE520-stk IMISH[17846]: [manager@ie520-stk-1]show mrp ring
2026 Sep 30 02:42:57 user.notice IE520-stk IMISH[7868]: [manager@ttyS0]terminal no monitor
2026 Sep 30 02:42:58 user.notice IE520-stk IMISH[17846]: [manager@ie520-stk-1]show mrp ring
2026 Sep 30 02:42:59 user.notice IE520-stk mrpd: PORT: port1.0.13 link UP (0x11043)
2026 Sep 30 02:42:59 user.notice IE520-stk mrpd: FSM: ring_id=1 DE_IDLE -> PT evt=MRP_ProtEvMAUTypeChangeInd
2026 Sep 30 02:42:59 user.notice IE520-stk mrpd: FSM: PRM_RPort 20026 SEC_RPort 5013
2026 Sep 30 02:42:59 user.notice IE520-stk mrpd: FSM: port 5013 state Up
2026 Sep 30 02:42:59 user.notice IE520-stk NSM[702]: Port up notification received for port1.0.13 
2026 Sep 30 02:42:59 user.notice IE520-stk mrpd: EVENT: Rx MRP_TopologyChange ring_id=1 port=port1.0.13
2026 Sep 30 02:42:59 user.notice IE520-stk mrpd: PORT: Update ring port port1.0.13 with state to Forwarding
2026 Sep 30 02:42:59 user.notice IE520-stk mrpd: FSM: ring_id=1 PT -> PT_IDLE evt=MRP_ProtEvTopologyChangeInd
2026 Sep 30 02:42:59 user.notice IE520-stk mrpd: EVENT: Rx MRP_TopologyChange ring_id=1 port=port4.0.26
2026 Sep 30 02:42:59 user.notice IE520-stk mrpd: PORT: port 5013 set Forwarding
2026 Sep 30 02:42:59 user.notice IE520-stk mrpd: FDB: Flush FDB entries for the ring ports with ifindices: {5013, 20026}
2026 Sep 30 02:42:59 user.notice IE520-stk mrpd: EVENT: Rx MRP_TopologyChange ring_id=1 port=port1.0.13
2026 Sep 30 02:42:59 user.notice IE520-stk mrpd: EVENT: Rx MRP_TopologyChange ring_id=1 port=port4.0.26
2026 Sep 30 02:42:59 user.notice IE520-stk mrpd: EVENT: Rx MRP_TopologyChange ring_id=1 port=port1.0.13
2026 Sep 30 02:42:59 user.notice IE520-stk mrpd: EVENT: Rx MRP_TopologyChange ring_id=1 port=port4.0.26
2026 Sep 30 02:42:59 user.notice IE520-stk mrpd: EVENT: Rx MRP_TopologyChange ring_id=1 port=port1.0.13
2026 Sep 30 02:42:59 user.notice IE520-stk mrpd: EVENT: Rx MRP_TopologyChange ring_id=1 port=port4.0.26
2026 Sep 30 02:42:59 user.notice IE520-stk mrpd: EVENT: Rx MRP_TopologyChange ring_id=1 port=port1.0.13
2026 Sep 30 02:42:59 user.notice IE520-stk mrpd: EVENT: Rx MRP_TopologyChange ring_id=1 port=port4.0.26
2026 Sep 30 02:42:59 user.notice IE520-stk mrpd: FDB: Flush FDB entries for the ring ports with ifindices: {5013, 20026}
2026 Sep 30 02:43:00 user.notice IE520-stk mrpd[329]: Last message 'FDB: Flush FDB entri' repeated 2 times, suppressed by syslog-ng on IE520-stk
2026 Sep 30 02:43:00 user.notice IE520-stk IMISH[17846]: [manager@ie520-stk-1]show mrp ring
2026 Sep 30 02:43:05 user.notice IE520-stk IMISH[329]: Last message '[manager@ie520-stk-1' repeated 2 times, suppressed by syslog-ng on IE520-stk
2026 Sep 30 02:43:05 user.notice IE520-stk IMISH[7868]: [manager@ttyS0]terminal length 0
2026 Sep 30 02:43:06 user.notice IE520-stk IMISH[7868]: [manager@ttyS0]terminal no monitor
2026 Sep 30 02:43:06 user.notice IE520-stk IMISH[17846]: [manager@ie520-stk-1]show mrp ring
2026 Sep 30 02:43:08 user.notice IE520-stk IMISH[7868]: [manager@ttyS0]show mrp ring
2026 Sep 30 02:43:08 user.notice IE520-stk IMISH[17846]: [manager@ie520-stk-1]show mrp ring
2026 Sep 30 02:43:09 user.notice IE520-stk IMISH[7868]: [manager@ttyS0]show interface port1.0.13 status
2026 Sep 30 02:43:10 user.notice IE520-stk IMISH[7868]: [manager@ttyS0]terminal no monitor
2026 Sep 30 02:43:10 user.notice IE520-stk IMISH[17846]: [manager@ie520-stk-1]show mrp ring
2026 Sep 30 02:43:16 user.notice IE520-stk IMISH[329]: Last message '[manager@ie520-stk-1' repeated 1 times, suppressed by syslog-ng on IE520-stk
2026 Sep 30 02:43:16 user.notice IE520-stk IMISH[17846]: [manager@ie520-stk-1]terminal no monitor
2026 Sep 30 02:43:33 user.notice IE520-stk IMISH[17846]: [manager@ie520-stk-1]terminal length 0
2026 Sep 30 02:43:34 user.notice IE520-stk IMISH[17846]: [manager@ie520-stk-1]terminal no monitor
2026 Sep 30 02:43:35 user.notice IE520-stk IMISH[17846]: [manager@ie520-stk-1]show mrp ring
2026 Sep 30 02:43:54 user.notice IE520-stk IMISH[329]: Last message '[manager@ie520-stk-1' repeated 9 times, suppressed by syslog-ng on IE520-stk
2026 Sep 30 02:43:54 user.notice IE520-stk IMISH[7868]: [manager@ttyS0]terminal length 0
2026 Sep 30 02:43:54 user.notice IE520-stk IMISH[17846]: [manager@ie520-stk-1]show mrp ring
2026 Sep 30 02:43:55 user.notice IE520-stk IMISH[7868]: [manager@ttyS0]terminal no monitor
2026 Sep 30 02:43:56 user.notice IE520-stk IMISH[17846]: [manager@ie520-stk-1]show mrp ring
2026 Sep 30 02:43:57 user.notice IE520-stk IMISH[7868]: [manager@ttyS0]configure terminal
2026 Sep 30 02:43:58 user.notice IE520-stk IMISH[7868]: [manager@ttyS0]interface port4.0.26
2026 Sep 30 02:43:58 user.notice IE520-stk IMISH[17846]: [manager@ie520-stk-1]show mrp ring
2026 Sep 30 02:43:58 user.notice IE520-stk IMISH[7868]: [manager@ttyS0]shutdown
2026 Sep 30 02:43:59 user.notice IE520-stk mrpd: EVENT: Rx MRP_TopologyChange ring_id=1 port=port1.0.13
2026 Sep 30 02:43:59 user.notice IE520-stk mrpd: PORT: port4.0.26 link DOWN (0x1002)
2026 Sep 30 02:43:59 user.notice IE520-stk mrpd: PORT: Update ring port port4.0.26 with state to Blocked
2026 Sep 30 02:43:59 user.notice IE520-stk mrpd: FSM: ring_id=1 PT_IDLE -> DE evt=MRP_ProtEvMAUTypeChangeInd
2026 Sep 30 02:43:59 user.notice IE520-stk mrpd: FSM: PRM_RPort 5013 SEC_RPort 20026
2026 Sep 30 02:43:59 user.notice IE520-stk mrpd: FSM: port 20026 state Down
2026 Sep 30 02:43:59 user.notice IE520-stk mrpd: PORT: port 20026 set Blocked
2026 Sep 30 02:43:59 user.notice IE520-stk mrpd: EVENT: Rx MRP_TopologyChange ring_id=1 port=port1.0.13
2026 Sep 30 02:43:59 user.notice IE520-stk mrpd: FSM: ring_id=1 DE -> DE_IDLE evt=MRP_ProtEvTopologyChangeInd
2026 Sep 30 02:43:59 user.notice IE520-stk mrpd: FDB: Flush FDB entries for the ring ports with ifindices: {5013, 20026}
2026 Sep 30 02:43:59 user.notice IE520-stk NSM[702]: Port down notification received for port4.0.26 
2026 Sep 30 02:43:59 user.notice IE520-stk mrpd: EVENT: Rx MRP_TopologyChange ring_id=1 port=port1.0.13
2026 Sep 30 02:43:59 user.notice IE520-stk NSM[702]: port4.0.26 user shutdown
2026 Sep 30 02:43:59 user.notice IE520-stk mrpd: EVENT: Rx MRP_TopologyChange ring_id=1 port=port1.0.13
2026 Sep 30 02:43:59 user.notice IE520-stk mrpd: FDB: Flush FDB entries for the ring ports with ifindices: {5013, 20026}
2026 Sep 30 02:44:00 user.notice IE520-stk mrpd[329]: Last message 'FDB: Flush FDB entri' repeated 1 times, suppressed by syslog-ng on IE520-stk
2026 Sep 30 02:44:00 user.notice IE520-stk IMISH[7868]: [manager@ttyS0]show mrp ring
2026 Sep 30 02:44:00 user.notice IE520-stk IMISH[17846]: [manager@ie520-stk-1]show mrp ring
2026 Sep 30 02:44:01 user.notice IE520-stk IMISH[7868]: [manager@ttyS0]terminal no monitor
2026 Sep 30 02:44:02 user.notice IE520-stk IMISH[17846]: [manager@ie520-stk-1]show mrp ring
2026 Sep 30 02:44:24 user.notice IE520-stk IMISH[329]: Last message '[manager@ie520-stk-1' repeated 10 times, suppressed by syslog-ng on IE520-stk
2026 Sep 30 02:44:24 user.notice IE520-stk IMISH[7868]: [manager@ttyS0]terminal length 0
2026 Sep 30 02:44:24 user.notice IE520-stk IMISH[17846]: [manager@ie520-stk-1]show mrp ring
2026 Sep 30 02:44:25 user.notice IE520-stk IMISH[7868]: [manager@ttyS0]terminal no monitor
2026 Sep 30 02:44:26 user.notice IE520-stk IMISH[17846]: [manager@ie520-stk-1]show mrp ring
2026 Sep 30 02:44:27 user.notice IE520-stk IMISH[7868]: [manager@ttyS0]configure terminal
2026 Sep 30 02:44:28 user.notice IE520-stk IMISH[7868]: [manager@ttyS0]interface port4.0.26
2026 Sep 30 02:44:28 user.notice IE520-stk IMISH[17846]: [manager@ie520-stk-1]show mrp ring
2026 Sep 30 02:44:29 user.notice IE520-stk IMISH[7868]: [manager@ttyS0]no shutdown
2026 Sep 30 02:44:29 user.notice IE520-stk NSM[702]: port4.0.26 user no shutdown
2026 Sep 30 02:44:29 user.notice IE520-stk mrpd: PORT: port4.0.26 link UP (0x11043)
2026 Sep 30 02:44:29 user.notice IE520-stk mrpd: FSM: ring_id=1 DE_IDLE -> PT evt=MRP_ProtEvMAUTypeChangeInd
2026 Sep 30 02:44:29 user.notice IE520-stk mrpd: FSM: PRM_RPort 5013 SEC_RPort 20026
2026 Sep 30 02:44:29 user.notice IE520-stk mrpd: FSM: port 20026 state Up
2026 Sep 30 02:44:29 user.notice IE520-stk NSM[702]: Port up notification received for port4.0.26 
2026 Sep 30 02:44:29 user.notice IE520-stk mrpd: EVENT: Rx MRP_TopologyChange ring_id=1 port=port1.0.13
2026 Sep 30 02:44:29 user.notice IE520-stk mrpd: PORT: Update ring port port4.0.26 with state to Forwarding
2026 Sep 30 02:44:29 user.notice IE520-stk mrpd: FSM: ring_id=1 PT -> PT_IDLE evt=MRP_ProtEvTopologyChangeInd
2026 Sep 30 02:44:29 user.notice IE520-stk mrpd: EVENT: Rx MRP_TopologyChange ring_id=1 port=port4.0.26
2026 Sep 30 02:44:29 user.notice IE520-stk mrpd: PORT: port 20026 set Forwarding
2026 Sep 30 02:44:29 user.notice IE520-stk mrpd: EVENT: Rx MRP_TopologyChange ring_id=1 port=port1.0.13
2026 Sep 30 02:44:29 user.notice IE520-stk mrpd: EVENT: Rx MRP_TopologyChange ring_id=1 port=port4.0.26
2026 Sep 30 02:44:29 user.notice IE520-stk mrpd: EVENT: Rx MRP_TopologyChange ring_id=1 port=port1.0.13
2026 Sep 30 02:44:29 user.notice IE520-stk mrpd: EVENT: Rx MRP_TopologyChange ring_id=1 port=port4.0.26
2026 Sep 30 02:44:29 user.notice IE520-stk mrpd: EVENT: Rx MRP_TopologyChange ring_id=1 port=port1.0.13
2026 Sep 30 02:44:29 user.notice IE520-stk mrpd: EVENT: Rx MRP_TopologyChange ring_id=1 port=port4.0.26
2026 Sep 30 02:44:29 user.notice IE520-stk mrpd: EVENT: Rx MRP_TopologyChange ring_id=1 port=port1.0.13
2026 Sep 30 02:44:29 user.notice IE520-stk mrpd: EVENT: Rx MRP_TopologyChange ring_id=1 port=port4.0.26
2026 Sep 30 02:44:29 user.notice IE520-stk mrpd: FDB: Flush FDB entries for the ring ports with ifindices: {5013, 20026}
2026 Sep 30 02:44:30 user.notice IE520-stk mrpd[329]: Last message 'FDB: Flush FDB entri' repeated 2 times, suppressed by syslog-ng on IE520-stk
2026 Sep 30 02:44:30 user.notice IE520-stk IMISH[17846]: [manager@ie520-stk-1]show mrp ring
2026 Sep 30 02:44:30 user.notice IE520-stk IMISH[7868]: [manager@ttyS0]terminal no monitor
2026 Sep 30 02:44:32 user.notice IE520-stk IMISH[17846]: [manager@ie520-stk-1]show mrp ring
2026 Sep 30 02:44:39 user.notice IE520-stk IMISH[329]: Last message '[manager@ie520-stk-1' repeated 3 times, suppressed by syslog-ng on IE520-stk
2026 Sep 30 02:44:39 user.notice IE520-stk IMISH[7868]: [manager@ttyS0]terminal length 0
2026 Sep 30 02:44:40 user.notice IE520-stk IMISH[7868]: [manager@ttyS0]terminal no monitor
2026 Sep 30 02:44:40 user.notice IE520-stk IMISH[17846]: [manager@ie520-stk-1]show mrp ring
2026 Sep 30 02:44:42 user.notice IE520-stk IMISH[7868]: [manager@ttyS0]show mrp ring
2026 Sep 30 02:44:42 user.notice IE520-stk IMISH[17846]: [manager@ie520-stk-1]show mrp ring
2026 Sep 30 02:44:43 user.notice IE520-stk IMISH[7868]: [manager@ttyS0]show interface port4.0.26 status
2026 Sep 30 02:44:44 user.notice IE520-stk IMISH[7868]: [manager@ttyS0]terminal no monitor
2026 Sep 30 02:44:44 user.notice IE520-stk IMISH[17846]: [manager@ie520-stk-1]show mrp ring
2026 Sep 30 02:44:49 user.notice IE520-stk IMISH[329]: Last message '[manager@ie520-stk-1' repeated 1 times, suppressed by syslog-ng on IE520-stk
2026 Sep 30 02:44:49 user.notice IE520-stk IMISH[17846]: [manager@ie520-stk-1]terminal no monitor
2026 Sep 30 02:45:32 user.notice IE520-stk IMISH[7868]: [manager@ttyS0]terminal length 0
2026 Sep 30 02:45:33 user.notice IE520-stk IMISH[7868]: [manager@ttyS0]terminal no monitor
2026 Sep 30 02:45:38 user.notice IE520-stk IMISH[7868]: [manager@ttyS0]show log tail 120
IE520-stk#
