1790736793.503 15:53:13 >>> show mrp ring
show mrp ring
Media Redundancy Protocol - Ring Information
MRP Ring 1
 Domain ID:                           ffffffff-ffff-ffff-ffff-ffffffffffff
 Domain Name:                         
 Ring Status:                         Enabled
 Running State:                       Running
 Role:                                Manager
 Network Status:                      Closed
 Port1:                               port1.0.13
  Status:                             Blocking
 Port2:                               port1.0.26
  Status:                             Forwarding
 Vlan ID:
 React on Link Change:                No
 Profile:                             200ms
  Topology Change Interval:           10ms
  Topology Change Count:              3
  Short Test Frame Interval:          10ms
  Default Test Frame Interval:        20ms
  Test Monitoring Interval Count:     3
  Test Monitoring Ext Interval Count: 3
  Non-blocking MRC Supported:         No
  Blocked port state supported:       Yes

IE520-sa#
1790736797.757 15:53:17 >>> show log tail 60
show log tail 60
7[r[999;999H[6n
<date> <time> <facility>.<severity> <program[<pid>]>: <message>
-------------------------------------------------------------------------
2026 Sep 30 02:49:55 user.notice IE520-sa mrpd: FSM: port 5026 state Up
2026 Sep 30 02:49:55 user.notice IE520-sa mrpd: PORT: port 5026 set Forwarding
2026 Sep 30 02:49:57 user.notice IE520-sa IMISH[23482]: [manager@ttyS0]show mrp ring
2026 Sep 30 02:49:58 user.notice IE520-sa NSM[723]: Port up notification received for port1.0.13 
2026 Sep 30 02:49:58 user.notice IE520-sa mrpd: PORT: port1.0.13 link UP (0x11043)
2026 Sep 30 02:49:58 user.notice IE520-sa mrpd: ffffffff-ffff-ffff-ffff-ffffffffffff: Ring-id[1]: Ring closed
2026 Sep 30 02:49:58 user.notice IE520-sa mrpd: FSM: ring_id=1 PRM_UP -> CHK_RC evt=MRP_ProtEvMAUTypeChangeInd
2026 Sep 30 02:49:58 user.notice IE520-sa mrpd: FSM: PRM_RPort 5026 SEC_RPort 5013
2026 Sep 30 02:49:58 user.notice IE520-sa mrpd: FSM: port 5013 state Up
2026 Sep 30 02:49:58 user.notice IE520-sa mrpd: PORT: Update ring port port1.0.13 with state to Forwarding
2026 Sep 30 02:49:58 user.notice IE520-sa mrpd: ffffffff-ffff-ffff-ffff-ffffffffffff: Ring-id[1]: Ring opened
2026 Sep 30 02:49:58 user.notice IE520-sa mrpd: FSM: ring_id=1 CHK_RC -> CHK_RO evt=MRP_ProtEvTestTimerExpired
2026 Sep 30 02:49:58 user.notice IE520-sa mrpd: PORT: port 5013 set Forwarding
2026 Sep 30 02:49:58 user.notice IE520-sa mrpd: FDB: Flush FDB entries for the ring ports with ifindices: {5013, 5026}
2026 Sep 30 02:50:00 user.notice IE520-sa IMISH[23482]: [manager@ttyS0]show mrp ring
2026 Sep 30 02:50:04 user.notice IE520-sa IMISH[341]: Last message '[manager@ttyS0]show ' repeated 1 times, suppressed by syslog-ng on IE520-sa
2026 Sep 30 02:50:04 user.notice IE520-sa mrpd: PORT: port1.0.13 link DOWN (0x1003)
2026 Sep 30 02:50:04 user.notice IE520-sa mrpd: PORT: Update ring port port1.0.13 with state to Blocked
2026 Sep 30 02:50:04 user.notice IE520-sa mrpd: PORT: port 5013 set Blocked
2026 Sep 30 02:50:04 user.notice IE520-sa mrpd: FSM: ring_id=1 CHK_RO -> PRM_UP evt=MRP_ProtEvMAUTypeChangeInd
2026 Sep 30 02:50:04 user.notice IE520-sa mrpd: FSM: PRM_RPort 5026 SEC_RPort 5013
2026 Sep 30 02:50:04 user.notice IE520-sa mrpd: FSM: port 5013 state Down
2026 Sep 30 02:50:04 user.notice IE520-sa NSM[723]: Port down notification received for port1.0.13 
2026 Sep 30 02:50:06 user.notice IE520-sa IMISH[23482]: [manager@ttyS0]show mrp ring
2026 Sep 30 02:50:08 user.notice IE520-sa mrpd: PORT: port1.0.13 link UP (0x11043)
2026 Sep 30 02:50:08 user.notice IE520-sa NSM[723]: Port up notification received for port1.0.13 
2026 Sep 30 02:50:08 user.notice IE520-sa mrpd: ffffffff-ffff-ffff-ffff-ffffffffffff: Ring-id[1]: Ring closed
2026 Sep 30 02:50:08 user.notice IE520-sa mrpd: FSM: ring_id=1 PRM_UP -> CHK_RC evt=MRP_ProtEvMAUTypeChangeInd
2026 Sep 30 02:50:08 user.notice IE520-sa mrpd: FSM: PRM_RPort 5026 SEC_RPort 5013
2026 Sep 30 02:50:08 user.notice IE520-sa mrpd: FSM: port 5013 state Up
2026 Sep 30 02:50:08 user.notice IE520-sa mrpd: EVENT: Rx MRP_LinkUp ring_id=1 port=port1.0.26 mac=0000.cd37.0d6f
2026 Sep 30 02:50:08 user.notice IE520-sa mrpd[341]: Last message 'EVENT: Rx MRP_LinkUp' repeated 1 times, suppressed by syslog-ng on IE520-sa
2026 Sep 30 02:50:08 user.notice IE520-sa mrpd: PORT: Update ring port port1.0.13 with state to Forwarding
2026 Sep 30 02:50:08 user.notice IE520-sa mrpd: ffffffff-ffff-ffff-ffff-ffffffffffff: Ring-id[1]: Ring opened
2026 Sep 30 02:50:08 user.notice IE520-sa mrpd: FSM: ring_id=1 CHK_RC -> CHK_RO evt=MRP_ProtEvTestTimerExpired
2026 Sep 30 02:50:08 user.notice IE520-sa mrpd: PORT: port 5013 set Forwarding
2026 Sep 30 02:50:08 user.notice IE520-sa mrpd: EVENT: Rx MRP_TopologyChange ring_id=1 port=port1.0.26
2026 Sep 30 02:50:08 user.notice IE520-sa mrpd: EVENT: Rx MRP_TopologyChange ring_id=1 port=port1.0.13
2026 Sep 30 02:50:08 user.notice IE520-sa mrpd: PORT: Update ring port port1.0.13 with state to Blocked
2026 Sep 30 02:50:08 user.notice IE520-sa mrpd: PORT: port 5013 set Blocked
2026 Sep 30 02:50:08 user.notice IE520-sa mrpd: ffffffff-ffff-ffff-ffff-ffffffffffff: Ring-id[1]: Ring closed
2026 Sep 30 02:50:08 user.notice IE520-sa mrpd: FSM: ring_id=1 CHK_RO -> CHK_RC evt=MRP_ProtEvTestRingInd
2026 Sep 30 02:50:08 user.notice IE520-sa mrpd: EVENT: Rx MRP_TopologyChange ring_id=1 port=port1.0.26
2026 Sep 30 02:50:08 user.notice IE520-sa mrpd: EVENT: Rx MRP_TopologyChange ring_id=1 port=port1.0.13
2026 Sep 30 02:50:08 user.notice IE520-sa mrpd: EVENT: Rx MRP_TopologyChange ring_id=1 port=port1.0.26
2026 Sep 30 02:50:08 user.notice IE520-sa mrpd: EVENT: Rx MRP_TopologyChange ring_id=1 port=port1.0.13
2026 Sep 30 02:50:08 user.notice IE520-sa mrpd: FDB: Flush FDB entries for the ring ports with ifindices: {5013, 5026}
2026 Sep 30 02:50:08 user.notice IE520-sa mrpd: EVENT: Rx MRP_TopologyChange ring_id=1 port=port1.0.26
2026 Sep 30 02:50:08 user.notice IE520-sa mrpd: EVENT: Rx MRP_TopologyChange ring_id=1 port=port1.0.13
2026 Sep 30 02:50:09 user.notice IE520-sa IMISH[23482]: [manager@ttyS0]show mrp ring
2026 Sep 30 02:51:11 user.notice IE520-sa IMISH[341]: Last message '[manager@ttyS0]show ' repeated 20 times, suppressed by syslog-ng on IE520-sa
2026 Sep 30 02:51:12 user.notice IE520-sa IMISH[23482]: [manager@ttyS0]show mrp ring
2026 Sep 30 02:52:14 user.notice IE520-sa IMISH[341]: Last message '[manager@ttyS0]show ' repeated 20 times, suppressed by syslog-ng on IE520-sa
2026 Sep 30 02:52:15 user.notice IE520-sa IMISH[23482]: [manager@ttyS0]show mrp ring
2026 Sep 30 02:53:01 user.notice IE520-sa IMISH[341]: Last message '[manager@ttyS0]show ' repeated 14 times, suppressed by syslog-ng on IE520-sa
2026 Sep 30 02:53:01 user.notice IE520-sa IMISH[23482]: [manager@ttyS0]terminal no monitor
2026 Sep 30 02:53:51 user.notice IE520-sa IMISH[23482]: [manager@ttyS0]terminal length 0
2026 Sep 30 02:53:52 user.notice IE520-sa IMISH[23482]: [manager@ttyS0]terminal no monitor
2026 Sep 30 02:53:54 user.notice IE520-sa IMISH[23482]: [manager@ttyS0]show mrp ring
2026 Sep 30 02:53:58 user.notice IE520-sa IMISH[23482]: [manager@ttyS0]show log tail 60
IE520-sa#
