11:11:30: ================ PowerGroup has been initialised ================
11:11:30: ======== Turning PowerGroup on
11:11:30: PowerGroup._pdu_cmd(on, [1], 3) called
11:11:30: Waiting for pdu lock
11:11:30: ...lock acquired
11:11:30: Power outlets are already in the desired state
11:11:30: ...lock released
11:11:30: Turning PowerGroup on: Success
11:18:50: ========= TestCase 4 Starting =========
11:18:55: ======== Turning PowerGroup off
11:18:55: PowerGroup._pdu_cmd(off, [1], 3) called
11:18:55: Waiting for pdu lock
11:18:55: ...lock acquired
11:18:55: HTTP POST was successfully executed
11:18:56: PowerGroup._pdu_cmd(status, [1], 3) called
11:18:56: Waiting for pdu lock
11:18:56: ...lock acquired
11:18:56: Current outlet status: {1: '0', 2: '1', 3: '1', 4: '1', 5: '1', 6: '1', 7: '1', 8: '1', 9: '1', 10: '0', 11: '0', 12: '0', 13: '0', 14: '0', 15: '0', 16: '0', 17: '1', 18: '0', 19: '0', 20: '0', 21: '0', 22: '0', 23: '0', 24: '0', 25: '0'}
11:18:56: ...lock released
11:18:56: Power outlets have been successfully turned off
11:18:56: ...lock released
11:18:56: Turning PowerGroup off: Success
11:19:13: ======== Turning PowerGroup on
11:19:13: PowerGroup._pdu_cmd(on, [1], 3) called
11:19:13: Waiting for pdu lock
11:19:13: ...lock acquired
11:19:13: Sleep 0 seconds to work around the x610 power supply issue
11:19:13: HTTP POST was successfully executed
11:19:16: PowerGroup._pdu_cmd(status, [1], 3) called
11:19:16: Waiting for pdu lock
11:19:16: ...lock acquired
11:19:16: Current outlet status: {1: '1', 2: '1', 3: '1', 4: '1', 5: '1', 6: '1', 7: '1', 8: '1', 9: '1', 10: '0', 11: '0', 12: '0', 13: '0', 14: '0', 15: '0', 16: '0', 17: '1', 18: '0', 19: '0', 20: '0', 21: '0', 22: '0', 23: '0', 24: '0', 25: '0'}
11:19:16: ...lock released
11:19:16: Power outlets have been successfully turned on
11:19:16: ...lock released
11:19:16: Turning PowerGroup on: Success
11:20:28: ======== Turning PowerGroup off
11:20:28: PowerGroup._pdu_cmd(off, [1], 3) called
11:20:28: Waiting for pdu lock
11:20:28: ...lock acquired
11:20:28: HTTP POST was successfully executed
11:20:29: PowerGroup._pdu_cmd(status, [1], 3) called
11:20:29: Waiting for pdu lock
11:20:29: ...lock acquired
11:20:29: Current outlet status: {1: '0', 2: '1', 3: '1', 4: '1', 5: '1', 6: '1', 7: '1', 8: '1', 9: '1', 10: '0', 11: '0', 12: '0', 13: '0', 14: '0', 15: '0', 16: '0', 17: '1', 18: '0', 19: '0', 20: '0', 21: '0', 22: '0', 23: '0', 24: '0', 25: '0'}
11:20:29: ...lock released
11:20:29: Power outlets have been successfully turned off
11:20:29: ...lock released
11:20:29: Turning PowerGroup off: Success
11:20:45: ======== Turning PowerGroup on
11:20:45: PowerGroup._pdu_cmd(on, [1], 3) called
11:20:45: Waiting for pdu lock
11:20:45: ...lock acquired
11:20:45: Sleep 0 seconds to work around the x610 power supply issue
11:20:45: HTTP POST was successfully executed
11:20:48: PowerGroup._pdu_cmd(status, [1], 3) called
11:20:48: Waiting for pdu lock
11:20:48: ...lock acquired
11:20:48: Current outlet status: {1: '1', 2: '1', 3: '1', 4: '1', 5: '1', 6: '1', 7: '1', 8: '1', 9: '1', 10: '0', 11: '0', 12: '0', 13: '0', 14: '0', 15: '0', 16: '0', 17: '1', 18: '0', 19: '0', 20: '0', 21: '0', 22: '0', 23: '0', 24: '0', 25: '0'}
11:20:48: ...lock released
11:20:48: Power outlets have been successfully turned on
11:20:48: ...lock released
11:20:48: Turning PowerGroup on: Success
11:22:54: ======== Turning PowerGroup off
11:22:54: PowerGroup._pdu_cmd(off, [1], 3) called
11:22:54: Waiting for pdu lock
11:22:54: ...lock acquired
11:22:54: HTTP POST was successfully executed
11:22:55: PowerGroup._pdu_cmd(status, [1], 3) called
11:22:55: Waiting for pdu lock
11:22:55: ...lock acquired
11:22:55: Current outlet status: {1: '0', 2: '1', 3: '1', 4: '1', 5: '1', 6: '1', 7: '1', 8: '1', 9: '1', 10: '0', 11: '0', 12: '0', 13: '0', 14: '0', 15: '0', 16: '0', 17: '1', 18: '0', 19: '0', 20: '0', 21: '0', 22: '0', 23: '0', 24: '0', 25: '0'}
11:22:55: ...lock released
11:22:55: Power outlets have been successfully turned off
11:22:55: ...lock released
11:22:55: Turning PowerGroup off: Success
11:23:11: ======== Turning PowerGroup on
11:23:11: PowerGroup._pdu_cmd(on, [1], 3) called
11:23:11: Waiting for pdu lock
11:23:11: ...lock acquired
11:23:11: Sleep 0 seconds to work around the x610 power supply issue
11:23:11: HTTP POST was successfully executed
11:23:14: PowerGroup._pdu_cmd(status, [1], 3) called
11:23:14: Waiting for pdu lock
11:23:14: ...lock acquired
11:23:14: Current outlet status: {1: '1', 2: '1', 3: '1', 4: '1', 5: '1', 6: '1', 7: '1', 8: '1', 9: '1', 10: '0', 11: '0', 12: '0', 13: '0', 14: '0', 15: '0', 16: '0', 17: '1', 18: '0', 19: '0', 20: '0', 21: '0', 22: '0', 23: '0', 24: '0', 25: '0'}
11:23:14: ...lock released
11:23:14: Power outlets have been successfully turned on
11:23:14: ...lock released
11:23:14: Turning PowerGroup on: Success
11:24:34: ======== Turning PowerGroup off
11:24:34: PowerGroup._pdu_cmd(off, [1], 3) called
11:24:34: Waiting for pdu lock
11:24:34: ...lock acquired
11:24:34: HTTP POST was successfully executed
11:24:35: PowerGroup._pdu_cmd(status, [1], 3) called
11:24:35: Waiting for pdu lock
11:24:35: ...lock acquired
11:24:35: Current outlet status: {1: '0', 2: '1', 3: '1', 4: '1', 5: '1', 6: '1', 7: '1', 8: '1', 9: '1', 10: '0', 11: '0', 12: '0', 13: '0', 14: '0', 15: '0', 16: '0', 17: '1', 18: '0', 19: '0', 20: '0', 21: '0', 22: '0', 23: '0', 24: '0', 25: '0'}
11:24:35: ...lock released
11:24:35: Power outlets have been successfully turned off
11:24:35: ...lock released
11:24:35: Turning PowerGroup off: Success
11:24:51: ======== Turning PowerGroup on
11:24:51: PowerGroup._pdu_cmd(on, [1], 3) called
11:24:51: Waiting for pdu lock
11:24:51: ...lock acquired
11:24:51: Sleep 0 seconds to work around the x610 power supply issue
11:24:51: HTTP POST was successfully executed
11:24:54: PowerGroup._pdu_cmd(status, [1], 3) called
11:24:54: Waiting for pdu lock
11:24:54: ...lock acquired
11:24:54: Current outlet status: {1: '1', 2: '1', 3: '1', 4: '1', 5: '1', 6: '1', 7: '1', 8: '1', 9: '1', 10: '0', 11: '0', 12: '0', 13: '0', 14: '0', 15: '0', 16: '0', 17: '1', 18: '0', 19: '0', 20: '0', 21: '0', 22: '0', 23: '0', 24: '0', 25: '0'}
11:24:54: ...lock released
11:24:54: Power outlets have been successfully turned on
11:24:54: ...lock released
11:24:54: Turning PowerGroup on: Success
11:26:24: ======== Turning PowerGroup off
11:26:24: PowerGroup._pdu_cmd(off, [1], 3) called
11:26:24: Waiting for pdu lock
11:26:24: ...lock acquired
11:26:24: HTTP POST was successfully executed
11:26:25: PowerGroup._pdu_cmd(status, [1], 3) called
11:26:25: Waiting for pdu lock
11:26:25: ...lock acquired
11:26:25: Current outlet status: {1: '0', 2: '1', 3: '1', 4: '1', 5: '1', 6: '1', 7: '1', 8: '1', 9: '1', 10: '0', 11: '0', 12: '0', 13: '0', 14: '0', 15: '0', 16: '0', 17: '1', 18: '0', 19: '0', 20: '0', 21: '0', 22: '0', 23: '0', 24: '0', 25: '0'}
11:26:25: ...lock released
11:26:25: Power outlets have been successfully turned off
11:26:25: ...lock released
11:26:25: Turning PowerGroup off: Success
11:26:41: ======== Turning PowerGroup on
11:26:41: PowerGroup._pdu_cmd(on, [1], 3) called
11:26:41: Waiting for pdu lock
11:26:41: ...lock acquired
11:26:41: Sleep 0 seconds to work around the x610 power supply issue
11:26:41: HTTP POST was successfully executed
11:26:44: PowerGroup._pdu_cmd(status, [1], 3) called
11:26:44: Waiting for pdu lock
11:26:44: ...lock acquired
11:26:44: Current outlet status: {1: '1', 2: '1', 3: '1', 4: '1', 5: '1', 6: '1', 7: '1', 8: '1', 9: '1', 10: '0', 11: '0', 12: '0', 13: '0', 14: '0', 15: '0', 16: '0', 17: '1', 18: '0', 19: '0', 20: '0', 21: '0', 22: '0', 23: '0', 24: '0', 25: '0'}
11:26:44: ...lock released
11:26:44: Power outlets have been successfully turned on
11:26:44: ...lock released
11:26:44: Turning PowerGroup on: Success
11:28:04: ======== Turning PowerGroup off
11:28:04: PowerGroup._pdu_cmd(off, [1], 3) called
11:28:04: Waiting for pdu lock
11:28:04: ...lock acquired
11:28:04: HTTP POST was successfully executed
11:28:05: PowerGroup._pdu_cmd(status, [1], 3) called
11:28:05: Waiting for pdu lock
11:28:05: ...lock acquired
11:28:05: Current outlet status: {1: '0', 2: '1', 3: '1', 4: '1', 5: '1', 6: '1', 7: '1', 8: '1', 9: '1', 10: '0', 11: '0', 12: '0', 13: '0', 14: '0', 15: '0', 16: '0', 17: '1', 18: '0', 19: '0', 20: '0', 21: '0', 22: '0', 23: '0', 24: '0', 25: '0'}
11:28:05: ...lock released
11:28:05: Power outlets have been successfully turned off
11:28:05: ...lock released
11:28:05: Turning PowerGroup off: Success
11:28:21: ======== Turning PowerGroup on
11:28:21: PowerGroup._pdu_cmd(on, [1], 3) called
11:28:21: Waiting for pdu lock
11:28:21: ...lock acquired
11:28:21: Sleep 0 seconds to work around the x610 power supply issue
11:28:21: HTTP POST was successfully executed
11:28:24: PowerGroup._pdu_cmd(status, [1], 3) called
11:28:24: Waiting for pdu lock
11:28:24: ...lock acquired
11:28:24: Current outlet status: {1: '1', 2: '1', 3: '1', 4: '1', 5: '1', 6: '1', 7: '1', 8: '1', 9: '1', 10: '0', 11: '0', 12: '0', 13: '0', 14: '0', 15: '0', 16: '0', 17: '1', 18: '0', 19: '0', 20: '0', 21: '0', 22: '0', 23: '0', 24: '0', 25: '0'}
11:28:24: ...lock released
11:28:24: Power outlets have been successfully turned on
11:28:24: ...lock released
11:28:24: Turning PowerGroup on: Success
11:29:54: ======== Turning PowerGroup off
11:29:54: PowerGroup._pdu_cmd(off, [1], 3) called
11:29:54: Waiting for pdu lock
11:29:54: ...lock acquired
11:29:54: HTTP POST was successfully executed
11:29:55: PowerGroup._pdu_cmd(status, [1], 3) called
11:29:55: Waiting for pdu lock
11:29:55: ...lock acquired
11:29:55: Current outlet status: {1: '0', 2: '1', 3: '1', 4: '1', 5: '1', 6: '1', 7: '1', 8: '1', 9: '1', 10: '0', 11: '0', 12: '0', 13: '0', 14: '0', 15: '0', 16: '0', 17: '1', 18: '0', 19: '0', 20: '0', 21: '0', 22: '0', 23: '0', 24: '0', 25: '0'}
11:29:55: ...lock released
11:29:55: Power outlets have been successfully turned off
11:29:55: ...lock released
11:29:55: Turning PowerGroup off: Success
11:30:11: ======== Turning PowerGroup on
11:30:11: PowerGroup._pdu_cmd(on, [1], 3) called
11:30:11: Waiting for pdu lock
11:30:11: ...lock acquired
11:30:11: Sleep 0 seconds to work around the x610 power supply issue
11:30:11: HTTP POST was successfully executed
11:30:14: PowerGroup._pdu_cmd(status, [1], 3) called
11:30:14: Waiting for pdu lock
11:30:14: ...lock acquired
11:30:14: Current outlet status: {1: '1', 2: '1', 3: '1', 4: '1', 5: '1', 6: '1', 7: '1', 8: '1', 9: '1', 10: '0', 11: '0', 12: '0', 13: '0', 14: '0', 15: '0', 16: '0', 17: '1', 18: '0', 19: '0', 20: '0', 21: '0', 22: '0', 23: '0', 24: '0', 25: '0'}
11:30:14: ...lock released
11:30:14: Power outlets have been successfully turned on
11:30:14: ...lock released
11:30:14: Turning PowerGroup on: Success
11:31:34: ======== Turning PowerGroup off
11:31:34: PowerGroup._pdu_cmd(off, [1], 3) called
11:31:34: Waiting for pdu lock
11:31:34: ...lock acquired
11:31:34: HTTP POST was successfully executed
11:31:35: PowerGroup._pdu_cmd(status, [1], 3) called
11:31:35: Waiting for pdu lock
11:31:35: ...lock acquired
11:31:35: Current outlet status: {1: '0', 2: '1', 3: '1', 4: '1', 5: '1', 6: '1', 7: '1', 8: '1', 9: '1', 10: '0', 11: '0', 12: '0', 13: '0', 14: '0', 15: '0', 16: '0', 17: '1', 18: '0', 19: '0', 20: '0', 21: '0', 22: '0', 23: '0', 24: '0', 25: '0'}
11:31:35: ...lock released
11:31:35: Power outlets have been successfully turned off
11:31:35: ...lock released
11:31:35: Turning PowerGroup off: Success
11:31:51: ======== Turning PowerGroup on
11:31:51: PowerGroup._pdu_cmd(on, [1], 3) called
11:31:51: Waiting for pdu lock
11:31:51: ...lock acquired
11:31:51: Sleep 0 seconds to work around the x610 power supply issue
11:31:51: HTTP POST was successfully executed
11:31:54: PowerGroup._pdu_cmd(status, [1], 3) called
11:31:54: Waiting for pdu lock
11:31:54: ...lock acquired
11:31:54: Current outlet status: {1: '1', 2: '1', 3: '1', 4: '1', 5: '1', 6: '1', 7: '1', 8: '1', 9: '1', 10: '0', 11: '0', 12: '0', 13: '0', 14: '0', 15: '0', 16: '0', 17: '1', 18: '0', 19: '0', 20: '0', 21: '0', 22: '0', 23: '0', 24: '0', 25: '0'}
11:31:54: ...lock released
11:31:54: Power outlets have been successfully turned on
11:31:54: ...lock released
11:31:54: Turning PowerGroup on: Success
11:33:24: ======== Turning PowerGroup off
11:33:24: PowerGroup._pdu_cmd(off, [1], 3) called
11:33:24: Waiting for pdu lock
11:33:24: ...lock acquired
11:33:24: HTTP POST was successfully executed
11:33:25: PowerGroup._pdu_cmd(status, [1], 3) called
11:33:25: Waiting for pdu lock
11:33:25: ...lock acquired
11:33:25: Current outlet status: {1: '0', 2: '1', 3: '1', 4: '1', 5: '1', 6: '1', 7: '1', 8: '1', 9: '1', 10: '0', 11: '0', 12: '0', 13: '0', 14: '0', 15: '0', 16: '0', 17: '1', 18: '0', 19: '0', 20: '0', 21: '0', 22: '0', 23: '0', 24: '0', 25: '0'}
11:33:25: ...lock released
11:33:25: Power outlets have been successfully turned off
11:33:25: ...lock released
11:33:25: Turning PowerGroup off: Success
11:33:40: ======== Turning PowerGroup on
11:33:40: PowerGroup._pdu_cmd(on, [1], 3) called
11:33:40: Waiting for pdu lock
11:33:40: ...lock acquired
11:33:40: Sleep 0 seconds to work around the x610 power supply issue
11:33:40: HTTP POST was successfully executed
11:33:43: PowerGroup._pdu_cmd(status, [1], 3) called
11:33:43: Waiting for pdu lock
11:33:43: ...lock acquired
11:33:43: Current outlet status: {1: '1', 2: '1', 3: '1', 4: '1', 5: '1', 6: '1', 7: '1', 8: '1', 9: '1', 10: '0', 11: '0', 12: '0', 13: '0', 14: '0', 15: '0', 16: '0', 17: '1', 18: '0', 19: '0', 20: '0', 21: '0', 22: '0', 23: '0', 24: '0', 25: '0'}
11:33:43: ...lock released
11:33:43: Power outlets have been successfully turned on
11:33:43: ...lock released
11:33:43: Turning PowerGroup on: Success
11:35:03: ======== Turning PowerGroup off
11:35:03: PowerGroup._pdu_cmd(off, [1], 3) called
11:35:03: Waiting for pdu lock
11:35:03: ...lock acquired
11:35:03: HTTP POST was successfully executed
11:35:04: PowerGroup._pdu_cmd(status, [1], 3) called
11:35:04: Waiting for pdu lock
11:35:04: ...lock acquired
11:35:04: Current outlet status: {1: '0', 2: '1', 3: '1', 4: '1', 5: '1', 6: '1', 7: '1', 8: '1', 9: '1', 10: '0', 11: '0', 12: '0', 13: '0', 14: '0', 15: '0', 16: '0', 17: '1', 18: '0', 19: '0', 20: '0', 21: '0', 22: '0', 23: '0', 24: '0', 25: '0'}
11:35:04: ...lock released
11:35:04: Power outlets have been successfully turned off
11:35:04: ...lock released
11:35:04: Turning PowerGroup off: Success
11:35:19: ======== Turning PowerGroup on
11:35:19: PowerGroup._pdu_cmd(on, [1], 3) called
11:35:19: Waiting for pdu lock
11:35:19: ...lock acquired
11:35:19: Sleep 0 seconds to work around the x610 power supply issue
11:35:19: HTTP POST was successfully executed
11:35:22: PowerGroup._pdu_cmd(status, [1], 3) called
11:35:22: Waiting for pdu lock
11:35:22: ...lock acquired
11:35:22: Current outlet status: {1: '1', 2: '1', 3: '1', 4: '1', 5: '1', 6: '1', 7: '1', 8: '1', 9: '1', 10: '0', 11: '0', 12: '0', 13: '0', 14: '0', 15: '0', 16: '0', 17: '1', 18: '0', 19: '0', 20: '0', 21: '0', 22: '0', 23: '0', 24: '0', 25: '0'}
11:35:22: ...lock released
11:35:22: Power outlets have been successfully turned on
11:35:22: ...lock released
11:35:22: Turning PowerGroup on: Success
11:36:52: ======== Turning PowerGroup off
11:36:52: PowerGroup._pdu_cmd(off, [1], 3) called
11:36:52: Waiting for pdu lock
11:36:52: ...lock acquired
11:36:52: HTTP POST was successfully executed
11:36:53: PowerGroup._pdu_cmd(status, [1], 3) called
11:36:53: Waiting for pdu lock
11:36:53: ...lock acquired
11:36:53: Current outlet status: {1: '0', 2: '1', 3: '1', 4: '1', 5: '1', 6: '1', 7: '1', 8: '1', 9: '1', 10: '0', 11: '0', 12: '0', 13: '0', 14: '0', 15: '0', 16: '0', 17: '1', 18: '0', 19: '0', 20: '0', 21: '0', 22: '0', 23: '0', 24: '0', 25: '0'}
11:36:53: ...lock released
11:36:53: Power outlets have been successfully turned off
11:36:53: ...lock released
11:36:53: Turning PowerGroup off: Success
11:37:09: ======== Turning PowerGroup on
11:37:09: PowerGroup._pdu_cmd(on, [1], 3) called
11:37:09: Waiting for pdu lock
11:37:09: ...lock acquired
11:37:09: Sleep 0 seconds to work around the x610 power supply issue
11:37:09: HTTP POST was successfully executed
11:37:12: PowerGroup._pdu_cmd(status, [1], 3) called
11:37:12: Waiting for pdu lock
11:37:12: ...lock acquired
11:37:12: Current outlet status: {1: '1', 2: '1', 3: '1', 4: '1', 5: '1', 6: '1', 7: '1', 8: '1', 9: '1', 10: '0', 11: '0', 12: '0', 13: '0', 14: '0', 15: '0', 16: '0', 17: '1', 18: '0', 19: '0', 20: '0', 21: '0', 22: '0', 23: '0', 24: '0', 25: '0'}
11:37:12: ...lock released
11:37:12: Power outlets have been successfully turned on
11:37:12: ...lock released
11:37:12: Turning PowerGroup on: Success
11:38:26: ======== Turning PowerGroup off
11:38:26: PowerGroup._pdu_cmd(off, [1], 3) called
11:38:26: Waiting for pdu lock
11:38:26: ...lock acquired
11:38:26: HTTP POST was successfully executed
11:38:27: PowerGroup._pdu_cmd(status, [1], 3) called
11:38:27: Waiting for pdu lock
11:38:27: ...lock acquired
11:38:27: Current outlet status: {1: '0', 2: '1', 3: '1', 4: '1', 5: '1', 6: '1', 7: '1', 8: '1', 9: '1', 10: '0', 11: '0', 12: '0', 13: '0', 14: '0', 15: '0', 16: '0', 17: '1', 18: '0', 19: '0', 20: '0', 21: '0', 22: '0', 23: '0', 24: '0', 25: '0'}
11:38:27: ...lock released
11:38:27: Power outlets have been successfully turned off
11:38:27: ...lock released
11:38:27: Turning PowerGroup off: Success
11:38:42: ======== Turning PowerGroup on
11:38:42: PowerGroup._pdu_cmd(on, [1], 3) called
11:38:42: Waiting for pdu lock
11:38:42: ...lock acquired
11:38:42: Sleep 0 seconds to work around the x610 power supply issue
11:38:42: HTTP POST was successfully executed
11:38:45: PowerGroup._pdu_cmd(status, [1], 3) called
11:38:45: Waiting for pdu lock
11:38:45: ...lock acquired
11:38:45: Current outlet status: {1: '1', 2: '1', 3: '1', 4: '1', 5: '1', 6: '1', 7: '1', 8: '1', 9: '1', 10: '0', 11: '0', 12: '0', 13: '0', 14: '0', 15: '0', 16: '0', 17: '1', 18: '0', 19: '0', 20: '0', 21: '0', 22: '0', 23: '0', 24: '0', 25: '0'}
11:38:45: ...lock released
11:38:45: Power outlets have been successfully turned on
11:38:45: ...lock released
11:38:45: Turning PowerGroup on: Success
11:40:00: ======== Turning PowerGroup off
11:40:00: PowerGroup._pdu_cmd(off, [1], 3) called
11:40:00: Waiting for pdu lock
11:40:00: ...lock acquired
11:40:00: HTTP POST was successfully executed
11:40:01: PowerGroup._pdu_cmd(status, [1], 3) called
11:40:01: Waiting for pdu lock
11:40:01: ...lock acquired
11:40:01: Current outlet status: {1: '0', 2: '1', 3: '1', 4: '1', 5: '1', 6: '1', 7: '1', 8: '1', 9: '1', 10: '0', 11: '0', 12: '0', 13: '0', 14: '0', 15: '0', 16: '0', 17: '1', 18: '0', 19: '0', 20: '0', 21: '0', 22: '0', 23: '0', 24: '0', 25: '0'}
11:40:01: ...lock released
11:40:01: Power outlets have been successfully turned off
11:40:01: ...lock released
11:40:01: Turning PowerGroup off: Success
11:40:17: ======== Turning PowerGroup on
11:40:17: PowerGroup._pdu_cmd(on, [1], 3) called
11:40:17: Waiting for pdu lock
11:40:17: ...lock acquired
11:40:17: Sleep 0 seconds to work around the x610 power supply issue
11:40:17: HTTP POST was successfully executed
11:40:20: PowerGroup._pdu_cmd(status, [1], 3) called
11:40:20: Waiting for pdu lock
11:40:20: ...lock acquired
11:40:20: Current outlet status: {1: '1', 2: '1', 3: '1', 4: '1', 5: '1', 6: '1', 7: '1', 8: '1', 9: '1', 10: '0', 11: '0', 12: '0', 13: '0', 14: '0', 15: '0', 16: '0', 17: '1', 18: '0', 19: '0', 20: '0', 21: '0', 22: '0', 23: '0', 24: '0', 25: '0'}
11:40:20: ...lock released
11:40:20: Power outlets have been successfully turned on
11:40:20: ...lock released
11:40:20: Turning PowerGroup on: Success
11:41:34: ======== Turning PowerGroup off
11:41:34: PowerGroup._pdu_cmd(off, [1], 3) called
11:41:34: Waiting for pdu lock
11:41:34: ...lock acquired
11:41:34: HTTP POST was successfully executed
11:41:35: PowerGroup._pdu_cmd(status, [1], 3) called
11:41:35: Waiting for pdu lock
11:41:35: ...lock acquired
11:41:35: Current outlet status: {1: '0', 2: '1', 3: '1', 4: '1', 5: '1', 6: '1', 7: '1', 8: '1', 9: '1', 10: '0', 11: '0', 12: '0', 13: '0', 14: '0', 15: '0', 16: '0', 17: '1', 18: '0', 19: '0', 20: '0', 21: '0', 22: '0', 23: '0', 24: '0', 25: '0'}
11:41:35: ...lock released
11:41:35: Power outlets have been successfully turned off
11:41:35: ...lock released
11:41:35: Turning PowerGroup off: Success
11:41:51: ======== Turning PowerGroup on
11:41:51: PowerGroup._pdu_cmd(on, [1], 3) called
11:41:51: Waiting for pdu lock
11:41:51: ...lock acquired
11:41:51: Sleep 0 seconds to work around the x610 power supply issue
11:41:51: HTTP POST was successfully executed
11:41:54: PowerGroup._pdu_cmd(status, [1], 3) called
11:41:54: Waiting for pdu lock
11:41:54: ...lock acquired
11:41:54: Current outlet status: {1: '1', 2: '1', 3: '1', 4: '1', 5: '1', 6: '1', 7: '1', 8: '1', 9: '1', 10: '0', 11: '0', 12: '0', 13: '0', 14: '0', 15: '0', 16: '0', 17: '1', 18: '0', 19: '0', 20: '0', 21: '0', 22: '0', 23: '0', 24: '0', 25: '0'}
11:41:54: ...lock released
11:41:54: Power outlets have been successfully turned on
11:41:54: ...lock released
11:41:54: Turning PowerGroup on: Success
11:43:40: ======== Turning PowerGroup off
11:43:40: PowerGroup._pdu_cmd(off, [1], 3) called
11:43:40: Waiting for pdu lock
11:43:40: ...lock acquired
11:43:40: HTTP POST was successfully executed
11:43:41: PowerGroup._pdu_cmd(status, [1], 3) called
11:43:41: Waiting for pdu lock
11:43:41: ...lock acquired
11:43:41: Current outlet status: {1: '0', 2: '1', 3: '1', 4: '1', 5: '1', 6: '1', 7: '1', 8: '1', 9: '1', 10: '0', 11: '0', 12: '0', 13: '0', 14: '0', 15: '0', 16: '0', 17: '1', 18: '0', 19: '0', 20: '0', 21: '0', 22: '0', 23: '0', 24: '0', 25: '0'}
11:43:41: ...lock released
11:43:41: Power outlets have been successfully turned off
11:43:41: ...lock released
11:43:41: Turning PowerGroup off: Success
11:43:57: ======== Turning PowerGroup on
11:43:57: PowerGroup._pdu_cmd(on, [1], 3) called
11:43:57: Waiting for pdu lock
11:43:57: ...lock acquired
11:43:57: Sleep 0 seconds to work around the x610 power supply issue
11:43:57: HTTP POST was successfully executed
11:44:00: PowerGroup._pdu_cmd(status, [1], 3) called
11:44:00: Waiting for pdu lock
11:44:00: ...lock acquired
11:44:00: Current outlet status: {1: '1', 2: '1', 3: '1', 4: '1', 5: '1', 6: '1', 7: '1', 8: '1', 9: '1', 10: '0', 11: '0', 12: '0', 13: '0', 14: '0', 15: '0', 16: '0', 17: '1', 18: '0', 19: '0', 20: '0', 21: '0', 22: '0', 23: '0', 24: '0', 25: '0'}
11:44:00: ...lock released
11:44:00: Power outlets have been successfully turned on
11:44:00: ...lock released
11:44:00: Turning PowerGroup on: Success
11:46:01: ======== Turning PowerGroup off
11:46:01: PowerGroup._pdu_cmd(off, [1], 3) called
11:46:01: Waiting for pdu lock
11:46:01: ...lock acquired
11:46:02: HTTP POST was successfully executed
11:46:03: PowerGroup._pdu_cmd(status, [1], 3) called
11:46:03: Waiting for pdu lock
11:46:03: ...lock acquired
11:46:03: Current outlet status: {1: '0', 2: '1', 3: '1', 4: '1', 5: '1', 6: '1', 7: '1', 8: '1', 9: '1', 10: '0', 11: '0', 12: '0', 13: '0', 14: '0', 15: '0', 16: '0', 17: '1', 18: '0', 19: '0', 20: '0', 21: '0', 22: '0', 23: '0', 24: '0', 25: '0'}
11:46:03: ...lock released
11:46:03: Power outlets have been successfully turned off
11:46:03: ...lock released
11:46:03: Turning PowerGroup off: Success
11:46:19: ======== Turning PowerGroup on
11:46:19: PowerGroup._pdu_cmd(on, [1], 3) called
11:46:19: Waiting for pdu lock
11:46:19: ...lock acquired
11:46:19: Sleep 0 seconds to work around the x610 power supply issue
11:46:19: HTTP POST was successfully executed
11:46:22: PowerGroup._pdu_cmd(status, [1], 3) called
11:46:22: Waiting for pdu lock
11:46:22: ...lock acquired
11:46:22: Current outlet status: {1: '1', 2: '1', 3: '1', 4: '1', 5: '1', 6: '1', 7: '1', 8: '1', 9: '1', 10: '0', 11: '0', 12: '0', 13: '0', 14: '0', 15: '0', 16: '0', 17: '1', 18: '0', 19: '0', 20: '0', 21: '0', 22: '0', 23: '0', 24: '0', 25: '0'}
11:46:22: ...lock released
11:46:22: Power outlets have been successfully turned on
11:46:22: ...lock released
11:46:22: Turning PowerGroup on: Success
11:47:42: ======== Turning PowerGroup off
11:47:42: PowerGroup._pdu_cmd(off, [1], 3) called
11:47:42: Waiting for pdu lock
11:47:42: ...lock acquired
11:47:42: HTTP POST was successfully executed
11:47:43: PowerGroup._pdu_cmd(status, [1], 3) called
11:47:43: Waiting for pdu lock
11:47:43: ...lock acquired
11:47:43: Current outlet status: {1: '0', 2: '1', 3: '1', 4: '1', 5: '1', 6: '1', 7: '1', 8: '1', 9: '1', 10: '0', 11: '0', 12: '0', 13: '0', 14: '0', 15: '0', 16: '0', 17: '1', 18: '0', 19: '0', 20: '0', 21: '0', 22: '0', 23: '0', 24: '0', 25: '0'}
11:47:43: ...lock released
11:47:43: Power outlets have been successfully turned off
11:47:43: ...lock released
11:47:43: Turning PowerGroup off: Success
11:47:58: ======== Turning PowerGroup on
11:47:58: PowerGroup._pdu_cmd(on, [1], 3) called
11:47:58: Waiting for pdu lock
11:47:58: ...lock acquired
11:47:58: Sleep 0 seconds to work around the x610 power supply issue
11:47:58: HTTP POST was successfully executed
11:48:01: PowerGroup._pdu_cmd(status, [1], 3) called
11:48:01: Waiting for pdu lock
11:48:01: ...lock acquired
11:48:01: Current outlet status: {1: '1', 2: '1', 3: '1', 4: '1', 5: '1', 6: '1', 7: '1', 8: '1', 9: '1', 10: '0', 11: '0', 12: '0', 13: '0', 14: '0', 15: '0', 16: '0', 17: '1', 18: '0', 19: '0', 20: '0', 21: '0', 22: '0', 23: '0', 24: '0', 25: '0'}
11:48:01: ...lock released
11:48:01: Power outlets have been successfully turned on
11:48:01: ...lock released
11:48:01: Turning PowerGroup on: Success
11:49:21: ======== Turning PowerGroup off
11:49:21: PowerGroup._pdu_cmd(off, [1], 3) called
11:49:21: Waiting for pdu lock
11:49:21: ...lock acquired
11:49:21: HTTP POST was successfully executed
11:49:22: PowerGroup._pdu_cmd(status, [1], 3) called
11:49:22: Waiting for pdu lock
11:49:22: ...lock acquired
11:49:22: Current outlet status: {1: '0', 2: '1', 3: '1', 4: '1', 5: '1', 6: '1', 7: '1', 8: '1', 9: '1', 10: '0', 11: '0', 12: '0', 13: '0', 14: '0', 15: '0', 16: '0', 17: '1', 18: '0', 19: '0', 20: '0', 21: '0', 22: '0', 23: '0', 24: '0', 25: '0'}
11:49:22: ...lock released
11:49:22: Power outlets have been successfully turned off
11:49:22: ...lock released
11:49:22: Turning PowerGroup off: Success
11:49:38: ======== Turning PowerGroup on
11:49:38: PowerGroup._pdu_cmd(on, [1], 3) called
11:49:38: Waiting for pdu lock
11:49:38: ...lock acquired
11:49:38: Sleep 0 seconds to work around the x610 power supply issue
11:49:38: HTTP POST was successfully executed
11:49:41: PowerGroup._pdu_cmd(status, [1], 3) called
11:49:41: Waiting for pdu lock
11:49:41: ...lock acquired
11:49:41: Current outlet status: {1: '1', 2: '1', 3: '1', 4: '1', 5: '1', 6: '1', 7: '1', 8: '1', 9: '1', 10: '0', 11: '0', 12: '0', 13: '0', 14: '0', 15: '0', 16: '0', 17: '1', 18: '0', 19: '0', 20: '0', 21: '0', 22: '0', 23: '0', 24: '0', 25: '0'}
11:49:41: ...lock released
11:49:41: Power outlets have been successfully turned on
11:49:41: ...lock released
11:49:41: Turning PowerGroup on: Success
11:51:01: ======== Turning PowerGroup off
11:51:01: PowerGroup._pdu_cmd(off, [1], 3) called
11:51:01: Waiting for pdu lock
11:51:01: ...lock acquired
11:51:01: HTTP POST was successfully executed
11:51:02: PowerGroup._pdu_cmd(status, [1], 3) called
11:51:02: Waiting for pdu lock
11:51:02: ...lock acquired
11:51:02: Current outlet status: {1: '0', 2: '1', 3: '1', 4: '1', 5: '1', 6: '1', 7: '1', 8: '1', 9: '1', 10: '0', 11: '0', 12: '0', 13: '0', 14: '0', 15: '0', 16: '0', 17: '1', 18: '0', 19: '0', 20: '0', 21: '0', 22: '0', 23: '0', 24: '0', 25: '0'}
11:51:02: ...lock released
11:51:02: Power outlets have been successfully turned off
11:51:02: ...lock released
11:51:02: Turning PowerGroup off: Success
11:51:18: ======== Turning PowerGroup on
11:51:18: PowerGroup._pdu_cmd(on, [1], 3) called
11:51:18: Waiting for pdu lock
11:51:18: ...lock acquired
11:51:18: Sleep 0 seconds to work around the x610 power supply issue
11:51:18: HTTP POST was successfully executed
11:51:21: PowerGroup._pdu_cmd(status, [1], 3) called
11:51:21: Waiting for pdu lock
11:51:21: ...lock acquired
11:51:21: Current outlet status: {1: '1', 2: '1', 3: '1', 4: '1', 5: '1', 6: '1', 7: '1', 8: '1', 9: '1', 10: '0', 11: '0', 12: '0', 13: '0', 14: '0', 15: '0', 16: '0', 17: '1', 18: '0', 19: '0', 20: '0', 21: '0', 22: '0', 23: '0', 24: '0', 25: '0'}
11:51:21: ...lock released
11:51:21: Power outlets have been successfully turned on
11:51:21: ...lock released
11:51:21: Turning PowerGroup on: Success
11:52:41: ======== Turning PowerGroup off
11:52:41: PowerGroup._pdu_cmd(off, [1], 3) called
11:52:41: Waiting for pdu lock
11:52:41: ...lock acquired
11:52:41: HTTP POST was successfully executed
11:52:42: PowerGroup._pdu_cmd(status, [1], 3) called
11:52:42: Waiting for pdu lock
11:52:42: ...lock acquired
11:52:42: Current outlet status: {1: '0', 2: '1', 3: '1', 4: '1', 5: '1', 6: '1', 7: '1', 8: '1', 9: '1', 10: '0', 11: '0', 12: '0', 13: '0', 14: '0', 15: '0', 16: '0', 17: '1', 18: '0', 19: '0', 20: '0', 21: '0', 22: '0', 23: '0', 24: '0', 25: '0'}
11:52:42: ...lock released
11:52:42: Power outlets have been successfully turned off
11:52:42: ...lock released
11:52:42: Turning PowerGroup off: Success
11:52:58: ======== Turning PowerGroup on
11:52:58: PowerGroup._pdu_cmd(on, [1], 3) called
11:52:58: Waiting for pdu lock
11:52:58: ...lock acquired
11:52:58: Sleep 0 seconds to work around the x610 power supply issue
11:52:58: HTTP POST was successfully executed
11:53:01: PowerGroup._pdu_cmd(status, [1], 3) called
11:53:01: Waiting for pdu lock
11:53:01: ...lock acquired
11:53:01: Current outlet status: {1: '1', 2: '1', 3: '1', 4: '1', 5: '1', 6: '1', 7: '1', 8: '1', 9: '1', 10: '0', 11: '0', 12: '0', 13: '0', 14: '0', 15: '0', 16: '0', 17: '1', 18: '0', 19: '0', 20: '0', 21: '0', 22: '0', 23: '0', 24: '0', 25: '0'}
11:53:02: ...lock released
11:53:02: Power outlets have been successfully turned on
11:53:02: ...lock released
11:53:02: Turning PowerGroup on: Success
11:54:21: ======== Turning PowerGroup off
11:54:21: PowerGroup._pdu_cmd(off, [1], 3) called
11:54:21: Waiting for pdu lock
11:54:21: ...lock acquired
11:54:21: HTTP POST was successfully executed
11:54:22: PowerGroup._pdu_cmd(status, [1], 3) called
11:54:22: Waiting for pdu lock
11:54:22: ...lock acquired
11:54:22: Current outlet status: {1: '0', 2: '1', 3: '1', 4: '1', 5: '1', 6: '1', 7: '1', 8: '1', 9: '1', 10: '0', 11: '0', 12: '0', 13: '0', 14: '0', 15: '0', 16: '0', 17: '1', 18: '0', 19: '0', 20: '0', 21: '0', 22: '0', 23: '0', 24: '0', 25: '0'}
11:54:22: ...lock released
11:54:22: Power outlets have been successfully turned off
11:54:22: ...lock released
11:54:22: Turning PowerGroup off: Success
11:54:38: ======== Turning PowerGroup on
11:54:38: PowerGroup._pdu_cmd(on, [1], 3) called
11:54:38: Waiting for pdu lock
11:54:38: ...lock acquired
11:54:38: Sleep 0 seconds to work around the x610 power supply issue
11:54:38: HTTP POST was successfully executed
11:54:41: PowerGroup._pdu_cmd(status, [1], 3) called
11:54:41: Waiting for pdu lock
11:54:41: ...lock acquired
11:54:41: Current outlet status: {1: '1', 2: '1', 3: '1', 4: '1', 5: '1', 6: '1', 7: '1', 8: '1', 9: '1', 10: '0', 11: '0', 12: '0', 13: '0', 14: '0', 15: '0', 16: '0', 17: '1', 18: '0', 19: '0', 20: '0', 21: '0', 22: '0', 23: '0', 24: '0', 25: '0'}
11:54:41: ...lock released
11:54:41: Power outlets have been successfully turned on
11:54:41: ...lock released
11:54:41: Turning PowerGroup on: Success
11:56:01: ======== Turning PowerGroup off
11:56:01: PowerGroup._pdu_cmd(off, [1], 3) called
11:56:01: Waiting for pdu lock
11:56:01: ...lock acquired
11:56:01: HTTP POST was successfully executed
11:56:02: PowerGroup._pdu_cmd(status, [1], 3) called
11:56:02: Waiting for pdu lock
11:56:02: ...lock acquired
11:56:02: Current outlet status: {1: '0', 2: '1', 3: '1', 4: '1', 5: '1', 6: '1', 7: '1', 8: '1', 9: '1', 10: '0', 11: '0', 12: '0', 13: '0', 14: '0', 15: '0', 16: '0', 17: '1', 18: '0', 19: '0', 20: '0', 21: '0', 22: '0', 23: '0', 24: '0', 25: '0'}
11:56:02: ...lock released
11:56:02: Power outlets have been successfully turned off
11:56:02: ...lock released
11:56:02: Turning PowerGroup off: Success
11:56:18: ======== Turning PowerGroup on
11:56:18: PowerGroup._pdu_cmd(on, [1], 3) called
11:56:18: Waiting for pdu lock
11:56:18: ...lock acquired
11:56:18: Sleep 0 seconds to work around the x610 power supply issue
11:56:18: HTTP POST was successfully executed
11:56:21: PowerGroup._pdu_cmd(status, [1], 3) called
11:56:21: Waiting for pdu lock
11:56:21: ...lock acquired
11:56:21: Current outlet status: {1: '1', 2: '1', 3: '1', 4: '1', 5: '1', 6: '1', 7: '1', 8: '1', 9: '1', 10: '0', 11: '0', 12: '0', 13: '0', 14: '0', 15: '0', 16: '0', 17: '1', 18: '0', 19: '0', 20: '0', 21: '0', 22: '0', 23: '0', 24: '0', 25: '0'}
11:56:21: ...lock released
11:56:21: Power outlets have been successfully turned on
11:56:21: ...lock released
11:56:21: Turning PowerGroup on: Success
11:57:41: ======== Turning PowerGroup off
11:57:41: PowerGroup._pdu_cmd(off, [1], 3) called
11:57:41: Waiting for pdu lock
11:57:41: ...lock acquired
11:57:41: HTTP POST was successfully executed
11:57:42: PowerGroup._pdu_cmd(status, [1], 3) called
11:57:42: Waiting for pdu lock
11:57:42: ...lock acquired
11:57:42: Current outlet status: {1: '0', 2: '1', 3: '1', 4: '1', 5: '1', 6: '1', 7: '1', 8: '1', 9: '1', 10: '0', 11: '0', 12: '0', 13: '0', 14: '0', 15: '0', 16: '0', 17: '1', 18: '0', 19: '0', 20: '0', 21: '0', 22: '0', 23: '0', 24: '0', 25: '0'}
11:57:42: ...lock released
11:57:42: Power outlets have been successfully turned off
11:57:42: ...lock released
11:57:42: Turning PowerGroup off: Success
11:57:58: ======== Turning PowerGroup on
11:57:58: PowerGroup._pdu_cmd(on, [1], 3) called
11:57:58: Waiting for pdu lock
11:57:58: ...lock acquired
11:57:58: Sleep 0 seconds to work around the x610 power supply issue
11:57:58: HTTP POST was successfully executed
11:58:01: PowerGroup._pdu_cmd(status, [1], 3) called
11:58:01: Waiting for pdu lock
11:58:01: ...lock acquired
11:58:01: Current outlet status: {1: '1', 2: '1', 3: '1', 4: '1', 5: '1', 6: '1', 7: '1', 8: '1', 9: '1', 10: '0', 11: '0', 12: '0', 13: '0', 14: '0', 15: '0', 16: '0', 17: '1', 18: '0', 19: '0', 20: '0', 21: '0', 22: '0', 23: '0', 24: '0', 25: '0'}
11:58:01: ...lock released
11:58:01: Power outlets have been successfully turned on
11:58:01: ...lock released
11:58:01: Turning PowerGroup on: Success
11:59:21: ======== Turning PowerGroup off
11:59:21: PowerGroup._pdu_cmd(off, [1], 3) called
11:59:21: Waiting for pdu lock
11:59:21: ...lock acquired
11:59:21: HTTP POST was successfully executed
11:59:22: PowerGroup._pdu_cmd(status, [1], 3) called
11:59:22: Waiting for pdu lock
11:59:22: ...lock acquired
11:59:22: Current outlet status: {1: '0', 2: '1', 3: '1', 4: '1', 5: '1', 6: '1', 7: '1', 8: '1', 9: '1', 10: '0', 11: '0', 12: '0', 13: '0', 14: '0', 15: '0', 16: '0', 17: '1', 18: '0', 19: '0', 20: '0', 21: '0', 22: '0', 23: '0', 24: '0', 25: '0'}
11:59:22: ...lock released
11:59:22: Power outlets have been successfully turned off
11:59:22: ...lock released
11:59:22: Turning PowerGroup off: Success
11:59:38: ======== Turning PowerGroup on
11:59:38: PowerGroup._pdu_cmd(on, [1], 3) called
11:59:38: Waiting for pdu lock
11:59:38: ...lock acquired
11:59:38: Sleep 0 seconds to work around the x610 power supply issue
11:59:38: HTTP POST was successfully executed
11:59:41: PowerGroup._pdu_cmd(status, [1], 3) called
11:59:41: Waiting for pdu lock
11:59:41: ...lock acquired
11:59:41: Current outlet status: {1: '1', 2: '1', 3: '1', 4: '1', 5: '1', 6: '1', 7: '1', 8: '1', 9: '1', 10: '0', 11: '0', 12: '0', 13: '0', 14: '0', 15: '0', 16: '0', 17: '1', 18: '0', 19: '0', 20: '0', 21: '0', 22: '0', 23: '0', 24: '0', 25: '0'}
11:59:41: ...lock released
11:59:41: Power outlets have been successfully turned on
11:59:41: ...lock released
11:59:41: Turning PowerGroup on: Success
12:00:55: ======== Turning PowerGroup off
12:00:55: PowerGroup._pdu_cmd(off, [1], 3) called
12:00:55: Waiting for pdu lock
12:00:55: ...lock acquired
12:00:55: HTTP POST was successfully executed
12:00:56: PowerGroup._pdu_cmd(status, [1], 3) called
12:00:56: Waiting for pdu lock
12:00:56: ...lock acquired
12:00:56: Current outlet status: {1: '0', 2: '1', 3: '1', 4: '1', 5: '1', 6: '1', 7: '1', 8: '1', 9: '1', 10: '0', 11: '0', 12: '0', 13: '0', 14: '0', 15: '0', 16: '0', 17: '1', 18: '0', 19: '0', 20: '0', 21: '0', 22: '0', 23: '0', 24: '0', 25: '0'}
12:00:56: ...lock released
12:00:56: Power outlets have been successfully turned off
12:00:56: ...lock released
12:00:56: Turning PowerGroup off: Success
12:01:12: ======== Turning PowerGroup on
12:01:12: PowerGroup._pdu_cmd(on, [1], 3) called
12:01:12: Waiting for pdu lock
12:01:12: ...lock acquired
12:01:12: Sleep 0 seconds to work around the x610 power supply issue
12:01:12: HTTP POST was successfully executed
12:01:15: PowerGroup._pdu_cmd(status, [1], 3) called
12:01:15: Waiting for pdu lock
12:01:15: ...lock acquired
12:01:15: Current outlet status: {1: '1', 2: '1', 3: '1', 4: '1', 5: '1', 6: '1', 7: '1', 8: '1', 9: '1', 10: '0', 11: '0', 12: '0', 13: '0', 14: '0', 15: '0', 16: '0', 17: '1', 18: '0', 19: '0', 20: '0', 21: '0', 22: '0', 23: '0', 24: '0', 25: '0'}
12:01:15: ...lock released
12:01:15: Power outlets have been successfully turned on
12:01:15: ...lock released
12:01:15: Turning PowerGroup on: Success
12:02:30: ======== Turning PowerGroup off
12:02:30: PowerGroup._pdu_cmd(off, [1], 3) called
12:02:30: Waiting for pdu lock
12:02:30: ...lock acquired
12:02:30: HTTP POST was successfully executed
12:02:31: PowerGroup._pdu_cmd(status, [1], 3) called
12:02:31: Waiting for pdu lock
12:02:31: ...lock acquired
12:02:31: Current outlet status: {1: '0', 2: '1', 3: '1', 4: '1', 5: '1', 6: '1', 7: '1', 8: '1', 9: '1', 10: '0', 11: '0', 12: '0', 13: '0', 14: '0', 15: '0', 16: '0', 17: '1', 18: '0', 19: '0', 20: '0', 21: '0', 22: '0', 23: '0', 24: '0', 25: '0'}
12:02:31: ...lock released
12:02:31: Power outlets have been successfully turned off
12:02:31: ...lock released
12:02:31: Turning PowerGroup off: Success
12:02:46: ======== Turning PowerGroup on
12:02:46: PowerGroup._pdu_cmd(on, [1], 3) called
12:02:46: Waiting for pdu lock
12:02:46: ...lock acquired
12:02:46: Sleep 0 seconds to work around the x610 power supply issue
12:02:46: HTTP POST was successfully executed
12:02:49: PowerGroup._pdu_cmd(status, [1], 3) called
12:02:49: Waiting for pdu lock
12:02:49: ...lock acquired
12:02:49: Current outlet status: {1: '1', 2: '1', 3: '1', 4: '1', 5: '1', 6: '1', 7: '1', 8: '1', 9: '1', 10: '0', 11: '0', 12: '0', 13: '0', 14: '0', 15: '0', 16: '0', 17: '1', 18: '0', 19: '0', 20: '0', 21: '0', 22: '0', 23: '0', 24: '0', 25: '0'}
12:02:49: ...lock released
12:02:49: Power outlets have been successfully turned on
12:02:49: ...lock released
12:02:49: Turning PowerGroup on: Success
12:04:03: ======== Turning PowerGroup off
12:04:03: PowerGroup._pdu_cmd(off, [1], 3) called
12:04:03: Waiting for pdu lock
12:04:03: ...lock acquired
12:04:03: HTTP POST was successfully executed
12:04:04: PowerGroup._pdu_cmd(status, [1], 3) called
12:04:04: Waiting for pdu lock
12:04:04: ...lock acquired
12:04:04: Current outlet status: {1: '0', 2: '1', 3: '1', 4: '1', 5: '1', 6: '1', 7: '1', 8: '1', 9: '1', 10: '0', 11: '0', 12: '0', 13: '0', 14: '0', 15: '0', 16: '0', 17: '1', 18: '0', 19: '0', 20: '0', 21: '0', 22: '0', 23: '0', 24: '0', 25: '0'}
12:04:04: ...lock released
12:04:04: Power outlets have been successfully turned off
12:04:04: ...lock released
12:04:04: Turning PowerGroup off: Success
12:04:19: ======== Turning PowerGroup on
12:04:19: PowerGroup._pdu_cmd(on, [1], 3) called
12:04:19: Waiting for pdu lock
12:04:19: ...lock acquired
12:04:19: Sleep 0 seconds to work around the x610 power supply issue
12:04:19: HTTP POST was successfully executed
12:04:22: PowerGroup._pdu_cmd(status, [1], 3) called
12:04:22: Waiting for pdu lock
12:04:22: ...lock acquired
12:04:22: Current outlet status: {1: '1', 2: '1', 3: '1', 4: '1', 5: '1', 6: '1', 7: '1', 8: '1', 9: '1', 10: '0', 11: '0', 12: '0', 13: '0', 14: '0', 15: '0', 16: '0', 17: '1', 18: '0', 19: '0', 20: '0', 21: '0', 22: '0', 23: '0', 24: '0', 25: '0'}
12:04:22: ...lock released
12:04:22: Power outlets have been successfully turned on
12:04:22: ...lock released
12:04:22: Turning PowerGroup on: Success
12:05:58: ======== Turning PowerGroup off
12:05:58: PowerGroup._pdu_cmd(off, [1], 3) called
12:05:58: Waiting for pdu lock
12:05:58: ...lock acquired
12:05:58: HTTP POST was successfully executed
12:05:59: PowerGroup._pdu_cmd(status, [1], 3) called
12:05:59: Waiting for pdu lock
12:05:59: ...lock acquired
12:05:59: Current outlet status: {1: '0', 2: '1', 3: '1', 4: '1', 5: '1', 6: '1', 7: '1', 8: '1', 9: '1', 10: '0', 11: '0', 12: '0', 13: '0', 14: '0', 15: '0', 16: '0', 17: '1', 18: '0', 19: '0', 20: '0', 21: '0', 22: '0', 23: '0', 24: '0', 25: '0'}
12:05:59: ...lock released
12:05:59: Power outlets have been successfully turned off
12:05:59: ...lock released
12:05:59: Turning PowerGroup off: Success
12:06:14: ======== Turning PowerGroup on
12:06:14: PowerGroup._pdu_cmd(on, [1], 3) called
12:06:14: Waiting for pdu lock
12:06:14: ...lock acquired
12:06:14: Sleep 0 seconds to work around the x610 power supply issue
12:06:14: HTTP POST was successfully executed
12:06:17: PowerGroup._pdu_cmd(status, [1], 3) called
12:06:17: Waiting for pdu lock
12:06:17: ...lock acquired
12:06:17: Current outlet status: {1: '1', 2: '1', 3: '1', 4: '1', 5: '1', 6: '1', 7: '1', 8: '1', 9: '1', 10: '0', 11: '0', 12: '0', 13: '0', 14: '0', 15: '0', 16: '0', 17: '1', 18: '0', 19: '0', 20: '0', 21: '0', 22: '0', 23: '0', 24: '0', 25: '0'}
12:06:17: ...lock released
12:06:17: Power outlets have been successfully turned on
12:06:17: ...lock released
12:06:17: Turning PowerGroup on: Success
12:12:37: ======== Turning PowerGroup off
12:12:37: PowerGroup._pdu_cmd(off, [1], 3) called
12:12:37: Waiting for pdu lock
12:12:37: ...lock acquired
12:12:37: HTTP POST was successfully executed
12:12:38: PowerGroup._pdu_cmd(status, [1], 3) called
12:12:38: Waiting for pdu lock
12:12:38: ...lock acquired
12:12:38: Current outlet status: {1: '0', 2: '1', 3: '1', 4: '1', 5: '1', 6: '1', 7: '1', 8: '1', 9: '1', 10: '0', 11: '0', 12: '0', 13: '0', 14: '0', 15: '0', 16: '0', 17: '1', 18: '0', 19: '0', 20: '0', 21: '0', 22: '0', 23: '0', 24: '0', 25: '0'}
12:12:38: ...lock released
12:12:38: Power outlets have been successfully turned off
12:12:38: ...lock released
12:12:38: Turning PowerGroup off: Success
12:12:53: ======== Turning PowerGroup on
12:12:53: PowerGroup._pdu_cmd(on, [1], 3) called
12:12:53: Waiting for pdu lock
12:12:53: ...lock acquired
12:12:53: Sleep 0 seconds to work around the x610 power supply issue
12:12:53: HTTP POST was successfully executed
12:12:56: PowerGroup._pdu_cmd(status, [1], 3) called
12:12:56: Waiting for pdu lock
12:12:56: ...lock acquired
12:12:56: Current outlet status: {1: '1', 2: '1', 3: '1', 4: '1', 5: '1', 6: '1', 7: '1', 8: '1', 9: '1', 10: '0', 11: '0', 12: '0', 13: '0', 14: '0', 15: '0', 16: '0', 17: '1', 18: '0', 19: '0', 20: '0', 21: '0', 22: '0', 23: '0', 24: '0', 25: '0'}
12:12:56: ...lock released
12:12:56: Power outlets have been successfully turned on
12:12:56: ...lock released
12:12:56: Turning PowerGroup on: Success
12:14:09: ======== Turning PowerGroup off
12:14:09: PowerGroup._pdu_cmd(off, [1], 3) called
12:14:09: Waiting for pdu lock
12:14:09: ...lock acquired
12:14:09: HTTP POST was successfully executed
12:14:10: PowerGroup._pdu_cmd(status, [1], 3) called
12:14:10: Waiting for pdu lock
12:14:10: ...lock acquired
12:14:10: Current outlet status: {1: '0', 2: '1', 3: '1', 4: '1', 5: '1', 6: '1', 7: '1', 8: '1', 9: '1', 10: '0', 11: '0', 12: '0', 13: '0', 14: '0', 15: '0', 16: '0', 17: '1', 18: '0', 19: '0', 20: '0', 21: '0', 22: '0', 23: '0', 24: '0', 25: '0'}
12:14:10: ...lock released
12:14:10: Power outlets have been successfully turned off
12:14:10: ...lock released
12:14:10: Turning PowerGroup off: Success
12:14:26: ======== Turning PowerGroup on
12:14:26: PowerGroup._pdu_cmd(on, [1], 3) called
12:14:26: Waiting for pdu lock
12:14:26: ...lock acquired
12:14:26: Sleep 0 seconds to work around the x610 power supply issue
12:14:26: HTTP POST was successfully executed
12:14:29: PowerGroup._pdu_cmd(status, [1], 3) called
12:14:29: Waiting for pdu lock
12:14:29: ...lock acquired
12:14:29: Current outlet status: {1: '1', 2: '1', 3: '1', 4: '1', 5: '1', 6: '1', 7: '1', 8: '1', 9: '1', 10: '0', 11: '0', 12: '0', 13: '0', 14: '0', 15: '0', 16: '0', 17: '1', 18: '0', 19: '0', 20: '0', 21: '0', 22: '0', 23: '0', 24: '0', 25: '0'}
12:14:29: ...lock released
12:14:29: Power outlets have been successfully turned on
12:14:29: ...lock released
12:14:29: Turning PowerGroup on: Success
12:19:27: ========= TestCase 4 Tear Down =========
12:19:33: ======== Turning PowerGroup off
12:19:33: PowerGroup._pdu_cmd(off, [1], 3) called
12:19:33: Waiting for pdu lock
12:19:33: ...lock acquired
12:19:33: HTTP POST was successfully executed
12:19:34: PowerGroup._pdu_cmd(status, [1], 3) called
12:19:34: Waiting for pdu lock
12:19:34: ...lock acquired
12:19:34: Current outlet status: {1: '0', 2: '1', 3: '1', 4: '1', 5: '1', 6: '1', 7: '1', 8: '1', 9: '1', 10: '0', 11: '0', 12: '0', 13: '0', 14: '0', 15: '0', 16: '0', 17: '1', 18: '0', 19: '0', 20: '0', 21: '0', 22: '0', 23: '0', 24: '0', 25: '0'}
12:19:34: ...lock released
12:19:34: Power outlets have been successfully turned off
12:19:34: ...lock released
12:19:34: Turning PowerGroup off: Success
12:19:40: ======== Turning PowerGroup on
12:19:40: PowerGroup._pdu_cmd(on, [1], 3) called
12:19:40: Waiting for pdu lock
12:19:40: ...lock acquired
12:19:40: Sleep 7.700892925262451 seconds to work around the x610 power supply issue
12:19:48: HTTP POST was successfully executed
12:19:51: PowerGroup._pdu_cmd(status, [1], 3) called
12:19:51: Waiting for pdu lock
12:19:51: ...lock acquired
12:19:51: Current outlet status: {1: '1', 2: '1', 3: '1', 4: '1', 5: '1', 6: '1', 7: '1', 8: '1', 9: '1', 10: '0', 11: '0', 12: '0', 13: '0', 14: '0', 15: '0', 16: '0', 17: '1', 18: '0', 19: '0', 20: '0', 21: '0', 22: '0', 23: '0', 24: '0', 25: '0'}
12:19:51: ...lock released
12:19:51: Power outlets have been successfully turned on
12:19:51: ...lock released
12:19:51: Turning PowerGroup on: Success
