1790734510.798 15:15:10 >>> configure terminal
configure terminal
Enter configuration commands, one per line.  End with CNTL/Z.
IE520-sa(config)#
1790734511.599 15:15:11 >>> interface port1.0.13
interface port1.0.13
IE520-sa(config-if)#
1790734512.400 15:15:12 >>> shutdown
shutdown
switch: port 13(port1.0.13) entered disabled state
IE520-sa(config-if)#switch: port 13(port1.0.13) entered disabled state

1790734513.201 15:15:13 >>> end
end
IE520-sa#
1790734514.003 15:15:14 >>> show mrp ring
show mrp ring
Media Redundancy Protocol - Ring Information
MRP Ring 1
 Domain ID:                           ffffffff-ffff-ffff-ffff-ffffffffffff
 Domain Name:                         
 Ring Status:                         Enabled
 Running State:                       Running
 Role:                                Client
 Port1:                               port1.0.13
  Status:                             Blocking
 Port2:                               port1.0.26
  Status:                             Forwarding
 Vlan ID:
 Profile:                             200ms
  Link Down Interval:                 20ms
  Link Up Interval:                   20ms
  Link Change Count:                  4
  Blocked port state supported:       Yes

IE520-sa#
