1790732209.289 14:36:49 >>> show running-config
show running-config
!
service password-encryption
!
hostname IE520-stk
!
no banner motd
!
username manager privilege 15 password 8 $5$bJob5N4D$VDlAWDKf4Z/shG0P/kPIysg5qD4cc1OidC4abIHlMg7
!
!
ssh server allow-users manager
service ssh
!
no service telnet
!
service http
!
no clock timezone
!
snmp-server
!
!
!
aaa authentication enable default local
aaa authentication login default local
!
!
!
stack virtual-mac
stack virtual-chassis-id 3439
!
!
loop-protection loop-detect ldf-interval 1 fast-block
!
service mrp
service onm
no service ospf
!
mrp ring 1
 role manager
!
!
!
!
ip domain-lookup
!
!
!
no service dhcp-server
!
!
!
no ip multicast-routing
!
lldp run
!
spanning-tree mode rstp
!
no lacp global-passive-mode enable
no spanning-tree rstp enable
!
switch 1 provision ie520-28
switch 2 provision ie520-28
switch 3 provision ie520-28
switch 4 provision ie520-28
!
vlan database
 vlan 10 name data
 vlan 4000 name sx-link
 vlan 10,4000 state enable
!
interface port1.0.1
 switchport
 switchport mode access
!
interface port1.0.2
 switchport
 switchport mode access
 static-channel-group 2
!
interface port1.0.3-1.0.8
 switchport
 switchport mode access
!
interface port1.0.9
 switchport
 switchport mode access
 static-channel-group 2
!
interface port1.0.10-1.0.12
 switchport
 switchport mode access
!
interface port1.0.13
 switchport
 switchport mode access
 mrp ring 1            
!
interface port1.0.14-1.0.26
 switchport
 switchport mode access
!
interface port1.0.27-1.0.28
 stackport
!
interface port2.0.1-2.0.26
 switchport
 switchport mode access
!
interface port2.0.27-2.0.28
 stackport
!
interface port3.0.1
 switchport
 switchport mode access
!
interface port3.0.2
 switchport
 switchport mode access
 switchport access vlan 10
 static-channel-group 1
!
interface port3.0.3-3.0.26
 switchport
 switchport mode access
!
interface port3.0.27-3.0.28
 stackport
!
interface port4.0.1
 switchport
 switchport mode access
!
interface port4.0.2
 switchport
 switchport mode access
 switchport access vlan 10
 static-channel-group 1
!
interface port4.0.3-4.0.8
 switchport
 switchport mode access
!
interface port4.0.9
 switchport
 switchport mode access
 shutdown
 static-channel-group 3
!
interface port4.0.10-4.0.25
 switchport
 switchport mode access
!
interface port4.0.26
 switchport
 switchport mode access
 mrp ring 1            
!
interface port4.0.27-4.0.28
 stackport
!
interface sa1
 switchport
 switchport mode access
 switchport access vlan 10
!
interface sa2-3
 switchport
 switchport mode access
!
interface vlan1
 ip address 10.38.215.10/27
 ip address 10.38.215.40/27 secondary
 ip address 10.38.215.66/27 secondary
 ipv6 enable
 ipv6 address dhcp
 ip dhcp-client vendor-identifying-class
 ip dhcp-client request vendor-identifying-specific
!
interface vlan10
 ip address 10.10.10.1/27
!
ip route 10.38.215.64/27 10.10.10.2
!
line con 0
 exec-timeout 0 0
line vty 0 7
!
end

IE520-stk#
1790732214.888 14:36:54 >>> write memory
write memory
Building configuration...
[OK]
Synchronizing file across the stack, please wait...
File synchronization with stack member 1 successfully completed
File synchronization with stack member 3 successfully completed
[DONE]
IE520-stk#
1790732215.690 14:36:55 >>> dir tb470-bench.cfg
dir tb470-bench.cfg
      2971 -rw- Sep 30 2026 01:37:33  flash:/tb470-bench.cfg
IE520-stk#
1790732216.692 14:36:56 >>> dir IE520-stk-1/flash:/tb470-bench.cfg
dir IE520-stk-1/flash:/tb470-bench.cfg
      2971 -rw- Sep 30 2026 01:37:33  IE520-stk-1/flash:/tb470-bench.cfg
IE520-stk#
1790732217.695 14:36:57 >>> dir IE520-stk-3/flash:/tb470-bench.cfg
dir IE520-stk-3/flash:/tb470-bench.cfg
      2971 -rw- Sep 30 2026 01:37:33  IE520-stk-3/flash:/tb470-bench.cfg
IE520-stk#
1790732218.497 14:36:58 >>> show mrp ring
show mrp ring
Media Redundancy Protocol - Ring Information
MRP Ring 1
 Domain ID:                           ffffffff-ffff-ffff-ffff-ffffffffffff
 Domain Name:                         
 Ring Status:                         Enabled
 Running State:                       Running
 Role:                                Manager
 Network Status:                      Closed
 Port1:                               port1.0.13
  Status:                             Forwarding
 Port2:                               port4.0.26
  Status:                             Blocking
 Vlan ID:
 React on Link Change:                No
 Profile:                             200ms
  Topology Change Interval:           10ms
  Topology Change Count:              3
  Short Test Frame Interval:          10ms
  Default Test Frame Interval:        20ms
  Test Monitoring Interval Count:     3
  Test Monitoring Ext Interval Count: 3
  Non-blocking MRC Supported:         No
  Blocked port state supported:       Yes

IE520-stk#
1790732219.300 14:36:59 >>> show mrp ports
show mrp ports
Media Redundancy Protocol - Port Information

Connection         Port         State
------------------------------------------
Ring 1             port1.0.13   Forwarding
Ring 1             port4.0.26   Blocking

IE520-stk#
