1790732226.228 14:37:06 >>> show running-config
show running-config
!
service password-encryption
!
hostname IE520-sa
!
no banner motd
!
username manager privilege 15 password 8 $5$bJob5N4D$VDlAWDKf4Z/shG0P/kPIysg5qD4cc1OidC4abIHlMg7
!
!
ssh server allow-users manager
service ssh
!
no service telnet
!
service http
!
no clock timezone
!
snmp-server
!
!
!
aaa authentication enable default local
aaa authentication login default local
!
!
!
stack virtual-chassis-id 3439
!
!
loop-protection loop-detect ldf-interval 1 fast-block
!
service mrp
service onm
!
mrp ring 1
!
!
!
!
ip domain-lookup
!
!
!
no service dhcp-server
!
!
!
no ip multicast-routing
!
lldp run
!
spanning-tree mode rstp
!
no lacp global-passive-mode enable
no spanning-tree rstp enable
!
switch 1 provision ie520-28
!
vlan database
 vlan 10 name data
 vlan 4000 name sx-link
 vlan 10,4000 state enable
!
interface port1.0.1-1.0.8
 switchport
 switchport mode access
!
interface port1.0.9
 switchport
 switchport mode access
 static-channel-group 3
!
interface port1.0.10-1.0.12
 switchport
 switchport mode access
!
interface port1.0.13
 switchport
 switchport mode access
 mrp ring 1            
!
interface port1.0.14-1.0.25
 switchport
 switchport mode access
!
interface port1.0.26
 switchport
 switchport mode access
 mrp ring 1            
!
interface port1.0.27-1.0.28
 stackport
!
interface sa3
 switchport
 switchport mode access
!
interface vlan1
 ip address 10.38.215.41/27
 ipv6 enable
 ipv6 address dhcp
 ip dhcp-client vendor-identifying-class
 ip dhcp-client request vendor-identifying-specific
!
line con 0
 exec-timeout 0 0
line vty 0 7
!
end

IE520-sa#
1790732228.314 14:37:08 >>> write memory
write memory
Building configuration...
[OK]
IE520-sa#
1790732229.117 14:37:09 >>> dir tb470-bench.cfg
dir tb470-bench.cfg
      1649 -rw- Sep 30 2026 01:37:49  flash:/tb470-bench.cfg
IE520-sa#
1790732229.919 14:37:09 >>> show mrp ring
show mrp ring
Media Redundancy Protocol - Ring Information
MRP Ring 1
 Domain ID:                           ffffffff-ffff-ffff-ffff-ffffffffffff
 Domain Name:                         
 Ring Status:                         Enabled
 Running State:                       Running
 Role:                                Client
 Port1:                               port1.0.13
  Status:                             Forwarding
 Port2:                               port1.0.26
  Status:                             Forwarding
 Vlan ID:
 Profile:                             200ms
  Link Down Interval:                 20ms
  Link Up Interval:                   20ms
  Link Change Count:                  4
  Blocked port state supported:       Yes

IE520-sa#
1790732230.722 14:37:10 >>> show mrp ports
show mrp ports
Media Redundancy Protocol - Port Information

Connection         Port         State
------------------------------------------
Ring 1             port1.0.13   Forwarding
Ring 1             port1.0.26   Forwarding

IE520-sa#
