1790730526.582 14:08:46 >>> show clock
show clock
UTC Time:   Wed, 30 Sep 2026 01:09:28 +0000
Timezone: UTC
Timezone Offset: +00:00
Summer time zone: None

IE520-stk#
1790730534.098 14:08:54 >>> show log | include 01:0[3-9]
show log | include 01:0[3-9]
7[r[999;999H[6n2026 Sep 30 01:03:01 user.notice IE520-stk IMISH[13070]: [manager@ttyS0]terminal length 0
2026 Sep 30 01:03:02 user.notice IE520-stk IMISH[13070]: [manager@ttyS0]terminal no monitor
2026 Sep 30 01:03:03 user.notice IE520-stk IMISH[13070]: [manager@ttyS0]show clock
2026 Sep 30 01:03:04 user.notice IE520-stk IMISH[13070]: [manager@ttyS0]show stack
2026 Sep 30 01:03:05 user.notice IE520-stk IMISH[13070]: [manager@ttyS0]show mrp ring
2026 Sep 30 01:03:07 user.notice IE520-stk IMISH[13070]: [manager@ttyS0]show clock
2026 Sep 30 01:03:08 user.notice IE520-stk IMISH[13070]: [manager@ttyS0]show stack
2026 Sep 30 01:03:09 user.notice IE520-stk IMISH[13070]: [manager@ttyS0]show mrp ring
2026 Sep 30 01:03:10 user.notice IE520-stk IMISH[13070]: [manager@ttyS0]show clock
2026 Sep 30 01:03:11 user.notice IE520-stk IMISH[13070]: [manager@ttyS0]show stack
2026 Sep 30 01:03:12 user.notice IE520-stk IMISH[13070]: [manager@ttyS0]show mrp ring
2026 Sep 30 01:03:13 user.notice IE520-stk IMISH[13070]: [manager@ttyS0]show clock
2026 Sep 30 01:03:15 user.notice IE520-stk IMISH[13070]: [manager@ttyS0]show stack
2026 Sep 30 01:03:16 user.notice IE520-stk IMISH[13070]: [manager@ttyS0]show mrp ring
2026 Sep 30 01:03:17 user.notice IE520-stk IMISH[13070]: [manager@ttyS0]show clock
2026 Sep 30 01:03:18 user.notice IE520-stk IMISH[13070]: [manager@ttyS0]show stack
2026 Sep 30 01:03:19 user.notice IE520-stk IMISH[13070]: [manager@ttyS0]show mrp ring
2026 Sep 30 01:03:20 user.notice IE520-stk IMISH[13070]: [manager@ttyS0]show clock
2026 Sep 30 01:03:21 user.notice IE520-stk IMISH[13070]: [manager@ttyS0]show stack
2026 Sep 30 01:03:23 user.notice IE520-stk IMISH[13070]: [manager@ttyS0]show mrp ring
2026 Sep 30 01:03:24 user.notice IE520-stk IMISH[13070]: [manager@ttyS0]show clock
2026 Sep 30 01:03:25 user.notice IE520-stk IMISH[13070]: [manager@ttyS0]show stack
2026 Sep 30 01:03:26 user.notice IE520-stk IMISH[13070]: [manager@ttyS0]show mrp ring
2026 Sep 30 01:03:27 user.notice IE520-stk IMISH[13070]: [manager@ttyS0]show clock
2026 Sep 30 01:03:28 user.notice IE520-stk IMISH[13070]: [manager@ttyS0]show stack
2026 Sep 30 01:03:30 user.notice IE520-stk IMISH[13070]: [manager@ttyS0]show mrp ring
2026 Sep 30 01:03:31 user.notice IE520-stk IMISH[13070]: [manager@ttyS0]show clock
2026 Sep 30 01:03:32 user.notice IE520-stk IMISH[13070]: [manager@ttyS0]show stack
2026 Sep 30 01:03:33 user.notice IE520-stk IMISH[13070]: [manager@ttyS0]show mrp ring
2026 Sep 30 01:03:33 user.notice IE520-stk IMISH[20541]: [SCRIPT]privilege 1
2026 Sep 30 01:03:33 user.notice IE520-stk IMISH[20541]: [SCRIPT]exec-timeout 0 0
2026 Sep 30 01:03:33 user.notice IE520-stk IMISH[20541]: [SCRIPT]no length
2026 Sep 30 01:03:33 user.notice IE520-stk IMISH[20541]: [SCRIPT]aaa-configure manager enable-mode 2 cmd-acct-priv 0 update-intval 0
2026 Sep 30 01:03:33 user.notice IE520-stk IMISH[20541]: [manager@ie520-stk-3]fib-id 0
2026 Sep 30 01:03:33 user.notice IE520-stk IMISH[20541]: [manager@ie520-stk-3]banner exec AlliedWare Plus (TM) 0.0.0 09/22/26 14:25:56
2026 Sep 30 01:03:34 user.notice IE520-stk IMISH[20541]: [manager@ie520-stk-3]enable
2026 Sep 30 01:03:34 user.notice IE520-stk IMISH[20541]: [manager@ie520-stk-3]terminal length 0
2026 Sep 30 01:03:34 user.notice IE520-stk IMISH[13070]: [manager@ttyS0]show clock
2026 Sep 30 01:03:35 user.notice IE520-stk IMISH[20541]: [manager@ie520-stk-3]terminal no monitor
2026 Sep 30 01:03:35 user.notice IE520-stk IMISH[13070]: [manager@ttyS0]show stack
2026 Sep 30 01:03:36 user.notice IE520-stk IMISH[20541]: [manager@ie520-stk-3]show stack
2026 Sep 30 01:03:36 user.notice IE520-stk IMISH[13070]: [manager@ttyS0]show mrp ring
2026 Sep 30 01:03:38 user.notice IE520-stk IMISH[13070]: [manager@ttyS0]show clock
2026 Sep 30 01:03:38 user.notice IE520-stk IMISH[20541]: [manager@ie520-stk-3]reload stack-member 3
2026 Sep 30 01:03:38 user.notice IE520-stk IMISH[20656]: [SCRIPT]privilege 1
2026 Sep 30 01:03:38 user.notice IE520-stk IMISH[20656]: [SCRIPT]exec-timeout 10 0
2026 Sep 30 01:03:38 user.notice IE520-stk IMISH[20656]: [SCRIPT]no length
2026 Sep 30 01:03:38 user.notice IE520-stk IMISH[20656]: [SCRIPT]aaa-configure manager enable-mode 2 cmd-acct-priv 0 update-intval 0
2026 Sep 30 01:03:38 user.notice IE520-stk IMISH[20656]: [manager@ie520-stk-3]fib-id 0
2026 Sep 30 01:03:38 user.notice IE520-stk IMISH[20656]: [manager@ie520-stk-3]banner exec AlliedWare Plus (TM) 0.0.0 09/22/26 14:25:56
2026 Sep 30 01:03:38 user.notice IE520-stk IMISH[20656]: [manager@ie520-stk-3]enable
2026 Sep 30 01:03:38 user.notice IE520-stk IMISH[20656]: [manager@ie520-stk-3]reload stack-member 3
2026 Sep 30 01:03:39 user.notice IE520-stk IMISH[13070]: [manager@ttyS0]show stack
2026 Sep 30 01:03:40 user.notice IE520-stk VCS[660]: Link between Member 4 and Member 3 is down
2026 Sep 30 01:03:40 user.notice IE520-stk VCS[660]: Link between Member 1 and Member 3 is down
2026 Sep 30 01:03:40 user.crit IE520-stk VCS[660]: Member 3 (84e3.2787.0740) has left the stack
2026 Sep 30 01:03:40 user.notice IE520-stk IMISH[20541]: [manager@ie520-stk-3]exit
2026 Sep 30 01:03:40 local6.notice IE520-stk VCS[660]: Link down event on stack link port4.0.28
2026 Sep 30 01:03:40 local6.notice IE520-stk-1 VCS[622]: Link down event on stack link port1.0.27
2026 Sep 30 01:03:42 user.notice IE520-stk IMISH[13070]: [manager@ttyS0]show mrp ring
2026 Sep 30 01:03:44 user.notice IE520-stk IMISH[13070]: [manager@ttyS0]show clock
2026 Sep 30 01:03:45 user.notice IE520-stk IMISH[13070]: [manager@ttyS0]show stack
2026 Sep 30 01:03:45 user.err IE520-stk apteryxd: No response from proxy for path "/platform/pluggables/port3.0.2/type"
2026 Sep 30 01:03:45 user.notice IE520-stk NSM[584]: Port down notification received for port3.0.2 
2026 Sep 30 01:03:45 user.notice IE520-stk NSM[584]: Port down notification received for port3.0.13 
2026 Sep 30 01:03:45 user.notice IE520-stk NSM[584]: Port down notification received for port3.0.27 
2026 Sep 30 01:03:45 user.notice IE520-stk NSM[584]: Port down notification received for port3.0.28 
2026 Sep 30 01:03:45 user.crit IE520-stk NSM[584]: Removal event on unit 3.0 has been completed
2026 Sep 30 01:03:45 user.notice IE520-stk NSM[584]: Port down notification received for port1.0.27 
2026 Sep 30 01:03:45 user.notice IE520-stk NSM[584]: Port down notification received for port4.0.28 
2026 Sep 30 01:03:46 user.notice IE520-stk IMISH[13070]: [manager@ttyS0]show mrp ring
2026 Sep 30 01:03:47 user.notice IE520-stk IMISH[13070]: [manager@ttyS0]show clock
2026 Sep 30 01:03:48 user.notice IE520-stk IMISH[13070]: [manager@ttyS0]show stack
2026 Sep 30 01:03:50 user.notice IE520-stk IMISH[13070]: [manager@ttyS0]show mrp ring
2026 Sep 30 01:03:51 user.notice IE520-stk IMISH[13070]: [manager@ttyS0]show clock
2026 Sep 30 01:03:52 user.notice IE520-stk IMISH[13070]: [manager@ttyS0]show stack
2026 Sep 30 01:03:53 user.notice IE520-stk IMISH[13070]: [manager@ttyS0]show mrp ring
2026 Sep 30 01:03:54 user.notice IE520-stk IMISH[13070]: [manager@ttyS0]show clock
2026 Sep 30 01:03:55 user.notice IE520-stk IMISH[13070]: [manager@ttyS0]show stack
2026 Sep 30 01:03:56 user.notice IE520-stk IMISH[13070]: [manager@ttyS0]show mrp ring
2026 Sep 30 01:03:58 user.notice IE520-stk IMISH[13070]: [manager@ttyS0]show clock
2026 Sep 30 01:03:59 user.notice IE520-stk IMISH[13070]: [manager@ttyS0]show stack
2026 Sep 30 01:04:00 user.notice IE520-stk IMISH[13070]: [manager@ttyS0]show mrp ring
2026 Sep 30 01:04:01 user.notice IE520-stk IMISH[13070]: [manager@ttyS0]show clock
2026 Sep 30 01:04:02 user.notice IE520-stk IMISH[13070]: [manager@ttyS0]show stack
2026 Sep 30 01:04:03 user.notice IE520-stk IMISH[13070]: [manager@ttyS0]show mrp ring
2026 Sep 30 01:04:05 user.notice IE520-stk IMISH[13070]: [manager@ttyS0]show clock
2026 Sep 30 01:04:06 user.notice IE520-stk IMISH[13070]: [manager@ttyS0]show stack
2026 Sep 30 01:04:07 user.notice IE520-stk IMISH[13070]: [manager@ttyS0]show mrp ring
2026 Sep 30 01:04:08 user.notice IE520-stk IMISH[13070]: [manager@ttyS0]show clock
2026 Sep 30 01:04:09 user.notice IE520-stk IMISH[13070]: [manager@ttyS0]show stack
2026 Sep 30 01:04:10 user.notice IE520-stk IMISH[13070]: [manager@ttyS0]show mrp ring
2026 Sep 30 01:04:11 user.notice IE520-stk IMISH[13070]: [manager@ttyS0]show clock
2026 Sep 30 01:04:13 user.notice IE520-stk IMISH[13070]: [manager@ttyS0]show stack
2026 Sep 30 01:04:14 user.notice IE520-stk IMISH[13070]: [manager@ttyS0]show mrp ring
2026 Sep 30 01:04:15 user.notice IE520-stk IMISH[13070]: [manager@ttyS0]show clock
2026 Sep 30 01:04:16 user.notice IE520-stk IMISH[13070]: [manager@ttyS0]show stack
2026 Sep 30 01:04:17 user.notice IE520-stk IMISH[13070]: [manager@ttyS0]show mrp ring
2026 Sep 30 01:04:18 user.notice IE520-stk IMISH[13070]: [manager@ttyS0]show clock
2026 Sep 30 01:04:20 user.notice IE520-stk IMISH[13070]: [manager@ttyS0]show stack
2026 Sep 30 01:04:21 user.notice IE520-stk IMISH[13070]: [manager@ttyS0]show mrp ring
2026 Sep 30 01:04:22 user.notice IE520-stk IMISH[13070]: [manager@ttyS0]show clock
2026 Sep 30 01:04:23 user.notice IE520-stk IMISH[13070]: [manager@ttyS0]show stack
2026 Sep 30 01:04:24 user.notice IE520-stk IMISH[13070]: [manager@ttyS0]show mrp ring
2026 Sep 30 01:04:25 user.notice IE520-stk IMISH[13070]: [manager@ttyS0]show clock
2026 Sep 30 01:04:26 user.notice IE520-stk IMISH[13070]: [manager@ttyS0]show stack
2026 Sep 30 01:04:28 user.notice IE520-stk IMISH[13070]: [manager@ttyS0]show mrp ring
2026 Sep 30 01:04:29 user.notice IE520-stk IMISH[13070]: [manager@ttyS0]show clock
2026 Sep 30 01:04:30 user.notice IE520-stk IMISH[13070]: [manager@ttyS0]show stack
2026 Sep 30 01:04:31 user.notice IE520-stk IMISH[13070]: [manager@ttyS0]show mrp ring
2026 Sep 30 01:04:32 user.notice IE520-stk IMISH[13070]: [manager@ttyS0]show clock
2026 Sep 30 01:04:33 user.notice IE520-stk IMISH[13070]: [manager@ttyS0]show stack
2026 Sep 30 01:04:34 user.notice IE520-stk IMISH[13070]: [manager@ttyS0]show mrp ring
2026 Sep 30 01:04:36 user.notice IE520-stk IMISH[13070]: [manager@ttyS0]show clock
2026 Sep 30 01:04:37 user.notice IE520-stk IMISH[13070]: [manager@ttyS0]show stack
2026 Sep 30 01:04:38 user.notice IE520-stk IMISH[13070]: [manager@ttyS0]show mrp ring
2026 Sep 30 01:04:39 user.notice IE520-stk IMISH[13070]: [manager@ttyS0]show clock
2026 Sep 30 01:04:40 user.notice IE520-stk IMISH[13070]: [manager@ttyS0]show stack
2026 Sep 30 01:04:41 user.notice IE520-stk IMISH[13070]: [manager@ttyS0]show mrp ring
2026 Sep 30 01:04:43 user.notice IE520-stk IMISH[13070]: [manager@ttyS0]show clock
2026 Sep 30 01:04:44 user.notice IE520-stk IMISH[13070]: [manager@ttyS0]show stack
2026 Sep 30 01:04:45 user.notice IE520-stk IMISH[13070]: [manager@ttyS0]show mrp ring
2026 Sep 30 01:04:46 user.notice IE520-stk IMISH[13070]: [manager@ttyS0]show clock
2026 Sep 30 01:04:47 user.notice IE520-stk IMISH[13070]: [manager@ttyS0]show stack
2026 Sep 30 01:04:48 user.notice IE520-stk IMISH[13070]: [manager@ttyS0]show mrp ring
2026 Sep 30 01:04:49 user.notice IE520-stk IMISH[13070]: [manager@ttyS0]show clock
2026 Sep 30 01:04:51 user.notice IE520-stk IMISH[13070]: [manager@ttyS0]show stack
2026 Sep 30 01:04:52 user.notice IE520-stk IMISH[13070]: [manager@ttyS0]show mrp ring
2026 Sep 30 01:04:53 user.notice IE520-stk IMISH[13070]: [manager@ttyS0]show clock
2026 Sep 30 01:04:54 user.notice IE520-stk IMISH[13070]: [manager@ttyS0]show stack
2026 Sep 30 01:04:55 user.notice IE520-stk IMISH[13070]: [manager@ttyS0]show mrp ring
2026 Sep 30 01:04:56 user.notice IE520-stk IMISH[13070]: [manager@ttyS0]show clock
2026 Sep 30 01:04:58 user.notice IE520-stk IMISH[13070]: [manager@ttyS0]show stack
2026 Sep 30 01:04:59 user.notice IE520-stk IMISH[13070]: [manager@ttyS0]show mrp ring
2026 Sep 30 01:05:00 user.notice IE520-stk IMISH[13070]: [manager@ttyS0]show clock
2026 Sep 30 01:05:01 user.notice IE520-stk IMISH[13070]: [manager@ttyS0]show stack
2026 Sep 30 01:05:02 user.notice IE520-stk IMISH[13070]: [manager@ttyS0]show mrp ring
2026 Sep 30 01:05:03 user.notice IE520-stk IMISH[13070]: [manager@ttyS0]show clock
2026 Sep 30 01:05:04 user.notice IE520-stk IMISH[13070]: [manager@ttyS0]show stack
2026 Sep 30 01:05:06 user.notice IE520-stk IMISH[13070]: [manager@ttyS0]show mrp ring
2026 Sep 30 01:05:07 user.notice IE520-stk IMISH[13070]: [manager@ttyS0]show clock
2026 Sep 30 01:05:08 user.notice IE520-stk IMISH[13070]: [manager@ttyS0]show stack
2026 Sep 30 01:05:09 user.notice IE520-stk IMISH[13070]: [manager@ttyS0]show mrp ring
2026 Sep 30 01:05:10 user.notice IE520-stk IMISH[13070]: [manager@ttyS0]show clock
2026 Sep 30 01:05:11 user.notice IE520-stk IMISH[13070]: [manager@ttyS0]show stack
2026 Sep 30 01:05:13 user.notice IE520-stk IMISH[13070]: [manager@ttyS0]show mrp ring
2026 Sep 30 01:05:14 user.notice IE520-stk IMISH[13070]: [manager@ttyS0]show clock
2026 Sep 30 01:05:15 user.notice IE520-stk IMISH[13070]: [manager@ttyS0]show stack
2026 Sep 30 01:05:16 user.notice IE520-stk IMISH[13070]: [manager@ttyS0]show mrp ring
2026 Sep 30 01:05:17 user.notice IE520-stk IMISH[13070]: [manager@ttyS0]show clock
2026 Sep 30 01:05:18 user.notice IE520-stk IMISH[13070]: [manager@ttyS0]show stack
2026 Sep 30 01:05:19 user.notice IE520-stk IMISH[13070]: [manager@ttyS0]show mrp ring
2026 Sep 30 01:05:21 user.notice IE520-stk IMISH[13070]: [manager@ttyS0]show clock
2026 Sep 30 01:05:22 user.notice IE520-stk IMISH[13070]: [manager@ttyS0]show stack
2026 Sep 30 01:05:23 user.notice IE520-stk IMISH[13070]: [manager@ttyS0]show mrp ring
2026 Sep 30 01:05:24 user.notice IE520-stk IMISH[13070]: [manager@ttyS0]show clock
2026 Sep 30 01:05:25 user.notice IE520-stk IMISH[13070]: [manager@ttyS0]show stack
2026 Sep 30 01:05:26 user.notice IE520-stk IMISH[13070]: [manager@ttyS0]show mrp ring
2026 Sep 30 01:05:27 user.notice IE520-stk IMISH[13070]: [manager@ttyS0]show clock
2026 Sep 30 01:05:29 user.notice IE520-stk IMISH[13070]: [manager@ttyS0]show stack
2026 Sep 30 01:05:30 user.notice IE520-stk IMISH[13070]: [manager@ttyS0]show mrp ring
2026 Sep 30 01:05:31 user.notice IE520-stk IMISH[13070]: [manager@ttyS0]show clock
2026 Sep 30 01:05:32 user.notice IE520-stk IMISH[13070]: [manager@ttyS0]show stack
2026 Sep 30 01:05:33 user.notice IE520-stk IMISH[13070]: [manager@ttyS0]show mrp ring
2026 Sep 30 01:05:34 user.notice IE520-stk IMISH[13070]: [manager@ttyS0]show clock
2026 Sep 30 01:05:35 local6.notice IE520-stk-1 VCS[622]: Link up event on stack link port1.0.27
2026 Sep 30 01:05:35 user.notice IE520-stk NSM[584]: Port up notification received for port1.0.27 
2026 Sep 30 01:05:35 local6.notice IE520-stk VCS[660]: Link up event on stack link port4.0.28
2026 Sep 30 01:05:35 user.notice IE520-stk NSM[584]: Port up notification received for port4.0.28 
2026 Sep 30 01:05:36 user.crit IE520-stk VCS[660]: Member 3 (84e3.2787.0740) has joined the stack
2026 Sep 30 01:05:36 user.notice IE520-stk VCS[660]: Link between Member 4 and Member 3 is up
2026 Sep 30 01:05:36 user.notice IE520-stk IMISH[13070]: [manager@ttyS0]show stack
2026 Sep 30 01:05:36 user.notice IE520-stk VCS[660]: Link between Member 1 and Member 3 is up
2026 Sep 30 01:05:36 syslog.notice IE520-stk syslog-ng[310]: Configuration reload request received, reloading configuration;
2026 Sep 30 01:05:36 syslog.notice IE520-stk syslog-ng[310]: Configuration reload finished;
2026 Sep 30 01:05:37 user.notice IE520-stk IMISH[13070]: [manager@ttyS0]show mrp ring
2026 Sep 30 01:05:38 user.notice IE520-stk IMISH[13070]: [manager@ttyS0]show clock
2026 Sep 30 01:05:41 user.notice IE520-stk IMISH[13070]: [manager@ttyS0]show stack
2026 Sep 30 01:05:43 user.notice IE520-stk IMISH[13070]: [manager@ttyS0]show mrp ring
2026 Sep 30 01:05:43 user.crit IE520-stk IMI[575]: All users returned to config mode while switch synchronization is in progress.
2026 Sep 30 01:05:45 user.notice IE520-stk IMISH[13070]: [manager@ttyS0]show clock
2026 Sep 30 01:05:45 user.notice IE520-stk NSM[584]: port3.0.1 port mode access updated VLAN
2026 Sep 30 01:05:45 user.notice IE520-stk NSM[584]: port3.0.1 updated vlans
2026 Sep 30 01:05:45 user.notice IE520-stk NSM[584]: port3.0.1 VLAN mode set to access
2026 Sep 30 01:05:46 user.notice IE520-stk NSM[584]: port3.0.2 port mode access updated VLAN
2026 Sep 30 01:05:46 user.notice IE520-stk NSM[584]: port3.0.2 updated vlans
2026 Sep 30 01:05:46 user.notice IE520-stk NSM[584]: port3.0.2 VLAN mode set to access
2026 Sep 30 01:05:46 user.notice IE520-stk NSM[584]: port3.0.3 port mode access updated VLAN
2026 Sep 30 01:05:46 user.notice IE520-stk NSM[584]: port3.0.3 updated vlans
2026 Sep 30 01:05:46 user.notice IE520-stk NSM[584]: port3.0.3 VLAN mode set to access
2026 Sep 30 01:05:46 user.notice IE520-stk NSM[584]: port3.0.4 port mode access updated VLAN
2026 Sep 30 01:05:46 user.notice IE520-stk NSM[584]: port3.0.4 updated vlans
2026 Sep 30 01:05:46 user.notice IE520-stk NSM[584]: port3.0.4 VLAN mode set to access
2026 Sep 30 01:05:46 user.notice IE520-stk NSM[584]: port3.0.5 port mode access updated VLAN
2026 Sep 30 01:05:46 user.notice IE520-stk NSM[584]: port3.0.5 updated vlans
2026 Sep 30 01:05:46 user.notice IE520-stk NSM[584]: port3.0.5 VLAN mode set to access
2026 Sep 30 01:05:46 user.notice IE520-stk NSM[584]: port3.0.6 port mode access updated VLAN
2026 Sep 30 01:05:46 user.notice IE520-stk NSM[584]: port3.0.6 updated vlans
2026 Sep 30 01:05:46 user.notice IE520-stk NSM[584]: port3.0.6 VLAN mode set to access
2026 Sep 30 01:05:46 user.notice IE520-stk NSM[584]: port3.0.7 port mode access updated VLAN
2026 Sep 30 01:05:46 user.notice IE520-stk NSM[584]: port3.0.7 updated vlans
2026 Sep 30 01:05:46 user.notice IE520-stk NSM[584]: port3.0.7 VLAN mode set to access
2026 Sep 30 01:05:46 user.notice IE520-stk NSM[584]: port3.0.8 port mode access updated VLAN
2026 Sep 30 01:05:46 user.notice IE520-stk NSM[584]: port3.0.8 updated vlans
2026 Sep 30 01:05:46 user.notice IE520-stk NSM[584]: port3.0.8 VLAN mode set to access
2026 Sep 30 01:05:46 user.notice IE520-stk NSM[584]: port3.0.9 port mode access updated VLAN
2026 Sep 30 01:05:46 user.notice IE520-stk NSM[584]: port3.0.9 updated vlans
2026 Sep 30 01:05:46 user.notice IE520-stk NSM[584]: port3.0.9 VLAN mode set to access
2026 Sep 30 01:05:47 user.notice IE520-stk NSM[584]: port3.0.10 port mode access updated VLAN
2026 Sep 30 01:05:47 user.notice IE520-stk NSM[584]: port3.0.10 updated vlans
2026 Sep 30 01:05:47 user.notice IE520-stk NSM[584]: port3.0.10 VLAN mode set to access
2026 Sep 30 01:05:47 user.notice IE520-stk NSM[584]: port3.0.11 port mode access updated VLAN
2026 Sep 30 01:05:47 user.notice IE520-stk NSM[584]: port3.0.11 updated vlans
2026 Sep 30 01:05:47 user.notice IE520-stk NSM[584]: port3.0.11 VLAN mode set to access
2026 Sep 30 01:05:47 user.notice IE520-stk NSM[584]: port3.0.12 port mode access updated VLAN
2026 Sep 30 01:05:47 user.notice IE520-stk NSM[584]: port3.0.12 updated vlans
2026 Sep 30 01:05:47 user.notice IE520-stk NSM[584]: port3.0.12 VLAN mode set to access
2026 Sep 30 01:05:47 user.notice IE520-stk NSM[584]: port3.0.13 port mode access updated VLAN
2026 Sep 30 01:05:47 user.notice IE520-stk NSM[584]: port3.0.13 updated vlans
2026 Sep 30 01:05:47 user.notice IE520-stk NSM[584]: port3.0.13 VLAN mode set to access
2026 Sep 30 01:05:47 user.notice IE520-stk NSM[584]: port3.0.14 port mode access updated VLAN
2026 Sep 30 01:05:47 user.notice IE520-stk NSM[584]: port3.0.14 updated vlans
2026 Sep 30 01:05:47 user.notice IE520-stk NSM[584]: port3.0.14 VLAN mode set to access
2026 Sep 30 01:05:47 user.notice IE520-stk NSM[584]: port3.0.15 port mode access updated VLAN
2026 Sep 30 01:05:47 user.notice IE520-stk NSM[584]: port3.0.15 updated vlans
2026 Sep 30 01:05:47 user.notice IE520-stk NSM[584]: port3.0.15 VLAN mode set to access
2026 Sep 30 01:05:47 user.notice IE520-stk NSM[584]: port3.0.16 port mode access updated VLAN
2026 Sep 30 01:05:47 user.notice IE520-stk NSM[584]: port3.0.16 updated vlans
2026 Sep 30 01:05:47 user.notice IE520-stk NSM[584]: port3.0.16 VLAN mode set to access
2026 Sep 30 01:05:47 user.notice IE520-stk NSM[584]: port3.0.17 port mode access updated VLAN
2026 Sep 30 01:05:47 user.notice IE520-stk NSM[584]: port3.0.17 updated vlans
2026 Sep 30 01:05:47 user.notice IE520-stk NSM[584]: port3.0.17 VLAN mode set to access
2026 Sep 30 01:05:47 user.notice IE520-stk NSM[584]: port3.0.18 port mode access updated VLAN
2026 Sep 30 01:05:47 user.notice IE520-stk NSM[584]: port3.0.18 updated vlans
2026 Sep 30 01:05:47 user.notice IE520-stk NSM[584]: port3.0.18 VLAN mode set to access
2026 Sep 30 01:05:47 user.notice IE520-stk IMISH[13070]: [manager@ttyS0]show stack
2026 Sep 30 01:05:47 user.notice IE520-stk NSM[584]: port3.0.19 port mode access updated VLAN
2026 Sep 30 01:05:47 user.notice IE520-stk NSM[584]: port3.0.19 updated vlans
2026 Sep 30 01:05:47 user.notice IE520-stk NSM[584]: port3.0.19 VLAN mode set to access
2026 Sep 30 01:05:47 user.notice IE520-stk NSM[584]: port3.0.20 port mode access updated VLAN
2026 Sep 30 01:05:47 user.notice IE520-stk NSM[584]: port3.0.20 updated vlans
2026 Sep 30 01:05:47 user.notice IE520-stk NSM[584]: port3.0.20 VLAN mode set to access
2026 Sep 30 01:05:47 user.notice IE520-stk NSM[584]: port3.0.21 port mode access updated VLAN
2026 Sep 30 01:05:47 user.notice IE520-stk NSM[584]: port3.0.21 updated vlans
2026 Sep 30 01:05:47 user.notice IE520-stk NSM[584]: port3.0.21 VLAN mode set to access
2026 Sep 30 01:05:47 user.notice IE520-stk NSM[584]: port3.0.22 port mode access updated VLAN
2026 Sep 30 01:05:47 user.notice IE520-stk NSM[584]: port3.0.22 updated vlans
2026 Sep 30 01:05:47 user.notice IE520-stk NSM[584]: port3.0.22 VLAN mode set to access
2026 Sep 30 01:05:48 user.notice IE520-stk NSM[584]: port3.0.23 port mode access updated VLAN
2026 Sep 30 01:05:48 user.notice IE520-stk NSM[584]: port3.0.23 updated vlans
2026 Sep 30 01:05:48 user.notice IE520-stk NSM[584]: port3.0.23 VLAN mode set to access
2026 Sep 30 01:05:48 user.notice IE520-stk NSM[584]: port3.0.24 port mode access updated VLAN
2026 Sep 30 01:05:48 user.notice IE520-stk NSM[584]: port3.0.24 updated vlans
2026 Sep 30 01:05:48 user.notice IE520-stk NSM[584]: port3.0.24 VLAN mode set to access
2026 Sep 30 01:05:48 user.notice IE520-stk NSM[584]: port3.0.25 port mode access updated VLAN
2026 Sep 30 01:05:48 user.notice IE520-stk NSM[584]: port3.0.25 updated vlans
2026 Sep 30 01:05:48 user.notice IE520-stk NSM[584]: port3.0.25 VLAN mode set to access
2026 Sep 30 01:05:48 user.notice IE520-stk NSM[584]: port3.0.26 port mode access updated VLAN
2026 Sep 30 01:05:48 user.notice IE520-stk NSM[584]: port3.0.26 updated vlans
2026 Sep 30 01:05:48 user.notice IE520-stk NSM[584]: port3.0.26 VLAN mode set to access
2026 Sep 30 01:05:48 user.notice IE520-stk NSM[584]: Port up notification received for port3.0.27 
2026 Sep 30 01:05:48 user.crit IE520-stk NSM[584]: Insertion event on unit 3.0 has been completed
2026 Sep 30 01:05:48 user.notice IE520-stk NSM[584]: Port up notification received for port3.0.28 
2026 Sep 30 01:05:49 user.notice IE520-stk IMISH[13070]: [manager@ttyS0]show mrp ring
2026 Sep 30 01:05:50 user.notice IE520-stk NSM[584]: port3.0.2 port mode access updated VLAN
2026 Sep 30 01:05:50 user.notice IE520-stk IMISH[13070]: [manager@ttyS0]show clock
2026 Sep 30 01:05:52 user.notice IE520-stk IMISH[13070]: [manager@ttyS0]show stack
2026 Sep 30 01:05:53 user.notice IE520-stk IMISH[13070]: [manager@ttyS0]show mrp ring
2026 Sep 30 01:05:54 user.notice IE520-stk IMISH[13070]: [manager@ttyS0]show clock
2026 Sep 30 01:05:55 user.notice IE520-stk IMISH[13070]: [manager@ttyS0]show stack
2026 Sep 30 01:05:56 user.notice IE520-stk IMISH[13070]: [manager@ttyS0]show mrp ring
2026 Sep 30 01:05:57 user.notice IE520-stk IMISH[13070]: [manager@ttyS0]show clock
2026 Sep 30 01:05:59 user.notice IE520-stk IMISH[13070]: [manager@ttyS0]show stack
2026 Sep 30 01:06:00 user.notice IE520-stk IMISH[13070]: [manager@ttyS0]show mrp ring
2026 Sep 30 01:06:01 user.notice IE520-stk IMISH[13070]: [manager@ttyS0]show clock
2026 Sep 30 01:06:02 user.notice IE520-stk IMISH[13070]: [manager@ttyS0]show stack
2026 Sep 30 01:06:03 user.notice IE520-stk IMISH[13070]: [manager@ttyS0]show mrp ring
2026 Sep 30 01:06:04 user.notice IE520-stk IMISH[13070]: [manager@ttyS0]show clock
2026 Sep 30 01:06:06 user.notice IE520-stk IMISH[13070]: [manager@ttyS0]show stack
2026 Sep 30 01:06:07 user.notice IE520-stk IMISH[13070]: [manager@ttyS0]show mrp ring
2026 Sep 30 01:06:08 user.notice IE520-stk IMISH[13070]: [manager@ttyS0]show clock
2026 Sep 30 01:06:09 user.notice IE520-stk IMISH[13070]: [manager@ttyS0]show stack
2026 Sep 30 01:06:10 user.notice IE520-stk IMISH[13070]: [manager@ttyS0]show mrp ring
2026 Sep 30 01:06:11 user.notice IE520-stk IMISH[13070]: [manager@ttyS0]show clock
2026 Sep 30 01:06:12 user.notice IE520-stk IMISH[13070]: [manager@ttyS0]show stack
2026 Sep 30 01:06:14 user.notice IE520-stk IMISH[13070]: [manager@ttyS0]show mrp ring
2026 Sep 30 01:06:15 user.notice IE520-stk IMISH[13070]: [manager@ttyS0]show clock
2026 Sep 30 01:06:16 user.notice IE520-stk IMISH[13070]: [manager@ttyS0]show stack
2026 Sep 30 01:06:17 user.notice IE520-stk IMISH[13070]: [manager@ttyS0]show mrp ring
2026 Sep 30 01:06:18 user.notice IE520-stk IMISH[13070]: [manager@ttyS0]show clock
2026 Sep 30 01:06:19 user.notice IE520-stk IMISH[13070]: [manager@ttyS0]show stack
2026 Sep 30 01:06:21 user.notice IE520-stk IMISH[13070]: [manager@ttyS0]show mrp ring
2026 Sep 30 01:06:22 user.notice IE520-stk IMISH[13070]: [manager@ttyS0]show clock
2026 Sep 30 01:06:23 user.notice IE520-stk IMISH[13070]: [manager@ttyS0]show stack
2026 Sep 30 01:06:24 user.notice IE520-stk IMISH[13070]: [manager@ttyS0]show mrp ring
2026 Sep 30 01:06:25 user.notice IE520-stk IMISH[13070]: [manager@ttyS0]show clock
2026 Sep 30 01:06:26 user.notice IE520-stk IMISH[13070]: [manager@ttyS0]show stack
2026 Sep 30 01:06:27 user.notice IE520-stk IMISH[13070]: [manager@ttyS0]show mrp ring
2026 Sep 30 01:06:28 user.notice IE520-stk mrpd: Updating late join member 3
2026 Sep 30 01:06:28 user.notice IE520-stk mrpd: PORT: Update ring port port4.0.26 with state to Blocked
2026 Sep 30 01:06:28 user.notice IE520-stk mrpd: PORT: Update ring port port1.0.13 with state to Forwarding
2026 Sep 30 01:06:28 user.notice IE520-stk mrpd: PORT: port 20026 set Blocked
2026 Sep 30 01:06:28 user.crit IE520-stk IMI[575]: Configuration update completed for port3.0.1-port3.0.28
2026 Sep 30 01:06:28 user.notice IE520-stk mrpd: PORT: port 5013 set Forwarding
2026 Sep 30 01:06:28 user.notice IE520-stk mrpd: PORT: Update ring port port4.0.26 with state to Forwarding
2026 Sep 30 01:06:28 user.notice IE520-stk mrpd: ffffffff-ffff-ffff-ffff-ffffffffffff: Ring-id[1]: Ring opened
2026 Sep 30 01:06:28 user.notice IE520-stk mrpd: FSM: ring_id=1 CHK_RC -> CHK_RO evt=MRP_ProtEvTestTimerExpired
2026 Sep 30 01:06:28 user.notice IE520-stk mrpd: PORT: Update ring port port4.0.26 with state to Blocked
2026 Sep 30 01:06:28 user.notice IE520-stk mrpd: ffffffff-ffff-ffff-ffff-ffffffffffff: Ring-id[1]: Ring closed
2026 Sep 30 01:06:28 user.notice IE520-stk mrpd: FSM: ring_id=1 CHK_RO -> CHK_RC evt=MRP_ProtEvTestRingInd
2026 Sep 30 01:06:28 user.notice IE520-stk mrpd: EVENT: Rx MRP_TopologyChange ring_id=1 port=port4.0.26
2026 Sep 30 01:06:28 user.notice IE520-stk mrpd: EVENT: Rx MRP_TopologyChange ring_id=1 port=port1.0.13
2026 Sep 30 01:06:28 user.notice IE520-stk mrpd: PORT: port 20026 set Forwarding
2026 Sep 30 01:06:28 user.notice IE520-stk mrpd: PORT: port 20026 set Blocked
2026 Sep 30 01:06:28 user.notice IE520-stk mrpd: EVENT: Rx MRP_TopologyChange ring_id=1 port=port4.0.26
2026 Sep 30 01:06:28 user.notice IE520-stk mrpd: EVENT: Rx MRP_TopologyChange ring_id=1 port=port1.0.13
2026 Sep 30 01:06:28 user.notice IE520-stk mrpd: EVENT: Rx MRP_TopologyChange ring_id=1 port=port4.0.26
2026 Sep 30 01:06:28 user.notice IE520-stk mrpd: EVENT: Rx MRP_TopologyChange ring_id=1 port=port1.0.13
2026 Sep 30 01:06:28 user.notice IE520-stk mrpd: EVENT: Rx MRP_TopologyChange ring_id=1 port=port4.0.26
2026 Sep 30 01:06:28 user.notice IE520-stk mrpd: EVENT: Rx MRP_TopologyChange ring_id=1 port=port1.0.13
2026 Sep 30 01:06:28 user.notice IE520-stk mrpd: FDB: Flush FDB entries for the ring ports with ifindices: {5013, 20026}
2026 Sep 30 01:06:28 user.notice IE520-stk mrpd: EVENT: Rx MRP_TopologyChange ring_id=1 port=port4.0.26
2026 Sep 30 01:06:28 user.notice IE520-stk mrpd: EVENT: Rx MRP_TopologyChange ring_id=1 port=port1.0.13
2026 Sep 30 01:06:29 user.notice IE520-stk IMISH[13070]: [manager@ttyS0]show clock
2026 Sep 30 01:06:30 user.notice IE520-stk IMISH[13070]: [manager@ttyS0]show stack
2026 Sep 30 01:06:31 user.notice IE520-stk IMISH[13070]: [manager@ttyS0]show mrp ring
2026 Sep 30 01:06:31 user.notice IE520-stk NSM[584]: Port up notification received for port3.0.2 
2026 Sep 30 01:06:32 user.notice IE520-stk IMISH[13070]: [manager@ttyS0]show clock
2026 Sep 30 01:06:34 user.notice IE520-stk IMISH[13070]: [manager@ttyS0]show stack
2026 Sep 30 01:06:35 user.notice IE520-stk IMISH[13070]: [manager@ttyS0]show mrp ring
2026 Sep 30 01:06:36 user.notice IE520-stk IMISH[13070]: [manager@ttyS0]show clock
2026 Sep 30 01:06:37 user.notice IE520-stk IMISH[13070]: [manager@ttyS0]show stack
2026 Sep 30 01:06:38 user.notice IE520-stk IMISH[13070]: [manager@ttyS0]show mrp ring
2026 Sep 30 01:06:39 user.notice IE520-stk IMISH[13070]: [manager@ttyS0]show clock
2026 Sep 30 01:06:40 user.notice IE520-stk IMISH[13070]: [manager@ttyS0]show stack
2026 Sep 30 01:06:42 user.notice IE520-stk NSM[584]: Port up notification received for port3.0.13 
2026 Sep 30 01:06:43 user.notice IE520-stk IMISH[13070]: [manager@ttyS0]show mrp ring
2026 Sep 30 01:06:44 user.notice IE520-stk IMISH[13070]: [manager@ttyS0]show clock
2026 Sep 30 01:06:45 user.notice IE520-stk IMISH[13070]: [manager@ttyS0]show stack
2026 Sep 30 01:06:46 user.notice IE520-stk IMISH[13070]: [manager@ttyS0]show mrp ring
2026 Sep 30 01:06:47 user.notice IE520-stk IMISH[13070]: [manager@ttyS0]show clock
2026 Sep 30 01:06:48 user.notice IE520-stk IMISH[13070]: [manager@ttyS0]show stack
2026 Sep 30 01:06:50 user.notice IE520-stk IMISH[13070]: [manager@ttyS0]show mrp ring
2026 Sep 30 01:06:51 user.notice IE520-stk IMISH[13070]: [manager@ttyS0]show clock
2026 Sep 30 01:06:52 user.notice IE520-stk IMISH[13070]: [manager@ttyS0]show stack
2026 Sep 30 01:06:53 user.notice IE520-stk IMISH[13070]: [manager@ttyS0]show mrp ring
2026 Sep 30 01:06:54 user.notice IE520-stk IMISH[13070]: [manager@ttyS0]show clock
2026 Sep 30 01:06:55 user.notice IE520-stk IMISH[13070]: [manager@ttyS0]show stack
2026 Sep 30 01:06:56 user.notice IE520-stk IMISH[13070]: [manager@ttyS0]show mrp ring
2026 Sep 30 01:06:58 user.notice IE520-stk IMISH[13070]: [manager@ttyS0]show clock
2026 Sep 30 01:06:59 user.notice IE520-stk IMISH[13070]: [manager@ttyS0]show stack
2026 Sep 30 01:07:00 user.notice IE520-stk IMISH[13070]: [manager@ttyS0]show mrp ring
2026 Sep 30 01:07:01 user.notice IE520-stk IMISH[13070]: [manager@ttyS0]show clock
2026 Sep 30 01:07:02 user.notice IE520-stk IMISH[13070]: [manager@ttyS0]show stack
2026 Sep 30 01:07:03 user.notice IE520-stk IMISH[13070]: [manager@ttyS0]show mrp ring
2026 Sep 30 01:07:04 user.notice IE520-stk IMISH[13070]: [manager@ttyS0]show clock
2026 Sep 30 01:07:06 user.notice IE520-stk IMISH[13070]: [manager@ttyS0]show stack
2026 Sep 30 01:07:07 user.notice IE520-stk IMISH[13070]: [manager@ttyS0]show mrp ring
2026 Sep 30 01:07:08 user.notice IE520-stk mrpd: PORT: Update ring port port4.0.26 with state to Forwarding
2026 Sep 30 01:07:08 user.notice IE520-stk mrpd: ffffffff-ffff-ffff-ffff-ffffffffffff: Ring-id[1]: Ring opened
2026 Sep 30 01:07:08 user.notice IE520-stk mrpd: FSM: ring_id=1 CHK_RC -> CHK_RO evt=MRP_ProtEvTestTimerExpired
2026 Sep 30 01:07:08 user.notice IE520-stk mrpd: PORT: Update ring port port4.0.26 with state to Blocked
2026 Sep 30 01:07:08 user.notice IE520-stk mrpd: ffffffff-ffff-ffff-ffff-ffffffffffff: Ring-id[1]: Ring closed
2026 Sep 30 01:07:08 user.notice IE520-stk mrpd: FSM: ring_id=1 CHK_RO -> CHK_RC evt=MRP_ProtEvTestRingInd
2026 Sep 30 01:07:08 user.notice IE520-stk mrpd: PORT: port 20026 set Forwarding
2026 Sep 30 01:07:08 user.notice IE520-stk IMISH[13070]: [manager@ttyS0]show clock
2026 Sep 30 01:07:08 user.notice IE520-stk mrpd: EVENT: Rx MRP_TopologyChange ring_id=1 port=port4.0.26
2026 Sep 30 01:07:08 user.notice IE520-stk mrpd: EVENT: Rx MRP_TopologyChange ring_id=1 port=port1.0.13
2026 Sep 30 01:07:08 user.notice IE520-stk mrpd: EVENT: Rx MRP_TopologyChange ring_id=1 port=port4.0.26
2026 Sep 30 01:07:08 user.notice IE520-stk mrpd: EVENT: Rx MRP_TopologyChange ring_id=1 port=port1.0.13
2026 Sep 30 01:07:08 user.notice IE520-stk mrpd: EVENT: Rx MRP_TopologyChange ring_id=1 port=port4.0.26
2026 Sep 30 01:07:08 user.notice IE520-stk mrpd: EVENT: Rx MRP_TopologyChange ring_id=1 port=port1.0.13
2026 Sep 30 01:07:08 user.notice IE520-stk mrpd: PORT: port 20026 set Blocked
2026 Sep 30 01:07:08 user.notice IE520-stk mrpd: EVENT: Rx MRP_TopologyChange ring_id=1 port=port4.0.26
2026 Sep 30 01:07:08 user.notice IE520-stk mrpd: EVENT: Rx MRP_TopologyChange ring_id=1 port=port1.0.13
2026 Sep 30 01:07:08 user.notice IE520-stk mrpd: PORT: Update ring port port4.0.26 with state to Forwarding
2026 Sep 30 01:07:08 user.notice IE520-stk mrpd: ffffffff-ffff-ffff-ffff-ffffffffffff: Ring-id[1]: Ring opened
2026 Sep 30 01:07:08 user.notice IE520-stk mrpd: FSM: ring_id=1 CHK_RC -> CHK_RO evt=MRP_ProtEvTestTimerExpired
2026 Sep 30 01:07:08 user.notice IE520-stk mrpd: FDB: Flush FDB entries for the ring ports with ifindices: {5013, 20026}
2026 Sep 30 01:07:08 user.notice IE520-stk mrpd: EVENT: Rx MRP_TopologyChange ring_id=1 port=port4.0.26
2026 Sep 30 01:07:08 user.notice IE520-stk mrpd: EVENT: Rx MRP_TopologyChange ring_id=1 port=port1.0.13
2026 Sep 30 01:07:08 user.notice IE520-stk mrpd: PORT: Update ring port port4.0.26 with state to Blocked
2026 Sep 30 01:07:08 user.notice IE520-stk mrpd: ffffffff-ffff-ffff-ffff-ffffffffffff: Ring-id[1]: Ring closed
2026 Sep 30 01:07:08 user.notice IE520-stk mrpd: FSM: ring_id=1 CHK_RO -> CHK_RC evt=MRP_ProtEvTestRingInd
2026 Sep 30 01:07:08 user.notice IE520-stk mrpd: EVENT: Rx MRP_TopologyChange ring_id=1 port=port4.0.26
2026 Sep 30 01:07:08 user.notice IE520-stk mrpd: EVENT: Rx MRP_TopologyChange ring_id=1 port=port1.0.13
2026 Sep 30 01:07:08 user.notice IE520-stk mrpd: EVENT: Rx MRP_TopologyChange ring_id=1 port=port4.0.26
2026 Sep 30 01:07:08 user.notice IE520-stk mrpd: EVENT: Rx MRP_TopologyChange ring_id=1 port=port1.0.13
2026 Sep 30 01:07:08 user.notice IE520-stk mrpd: PORT: port 20026 set Forwarding
2026 Sep 30 01:07:08 user.notice IE520-stk mrpd: PORT: port 20026 set Blocked
2026 Sep 30 01:07:08 user.notice IE520-stk mrpd: FDB: Flush FDB entries for the ring ports with ifindices: {5013, 20026}
2026 Sep 30 01:07:08 user.notice IE520-stk mrpd: EVENT: Rx MRP_TopologyChange ring_id=1 port=port4.0.26
2026 Sep 30 01:07:08 user.notice IE520-stk mrpd: EVENT: Rx MRP_TopologyChange ring_id=1 port=port1.0.13
2026 Sep 30 01:07:08 user.notice IE520-stk mrpd: EVENT: Rx MRP_TopologyChange ring_id=1 port=port4.0.26
2026 Sep 30 01:07:08 user.notice IE520-stk mrpd: EVENT: Rx MRP_TopologyChange ring_id=1 port=port1.0.13
2026 Sep 30 01:07:08 user.notice IE520-stk mrpd: EVENT: Rx MRP_TopologyChange ring_id=1 port=port4.0.26
2026 Sep 30 01:07:08 user.notice IE520-stk mrpd: EVENT: Rx MRP_TopologyChange ring_id=1 port=port1.0.13
2026 Sep 30 01:07:09 user.notice IE520-stk IMISH[13070]: [manager@ttyS0]show stack
2026 Sep 30 01:07:10 user.notice IE520-stk IMISH[13070]: [manager@ttyS0]show mrp ring
2026 Sep 30 01:07:11 user.notice IE520-stk IMISH[13070]: [manager@ttyS0]show clock
2026 Sep 30 01:07:13 user.notice IE520-stk IMISH[13070]: [manager@ttyS0]show stack
2026 Sep 30 01:07:14 user.notice IE520-stk IMISH[13070]: [manager@ttyS0]show mrp ring
2026 Sep 30 01:07:15 user.notice IE520-stk IMISH[13070]: [manager@ttyS0]show clock
2026 Sep 30 01:07:16 user.notice IE520-stk IMISH[13070]: [manager@ttyS0]show stack
2026 Sep 30 01:07:17 user.notice IE520-stk IMISH[13070]: [manager@ttyS0]show mrp ring
2026 Sep 30 01:07:18 user.notice IE520-stk IMISH[13070]: [manager@ttyS0]show clock
2026 Sep 30 01:07:19 user.notice IE520-stk IMISH[13070]: [manager@ttyS0]show stack
2026 Sep 30 01:07:21 user.notice IE520-stk IMISH[13070]: [manager@ttyS0]show mrp ring
2026 Sep 30 01:07:22 user.notice IE520-stk IMISH[13070]: [manager@ttyS0]show clock
2026 Sep 30 01:07:23 user.notice IE520-stk IMISH[13070]: [manager@ttyS0]show stack
2026 Sep 30 01:07:24 user.notice IE520-stk IMISH[13070]: [manager@ttyS0]show mrp ring
2026 Sep 30 01:07:25 user.notice IE520-stk IMISH[13070]: [manager@ttyS0]show clock
2026 Sep 30 01:07:26 user.notice IE520-stk IMISH[13070]: [manager@ttyS0]show stack
2026 Sep 30 01:07:28 user.notice IE520-stk IMISH[13070]: [manager@ttyS0]show mrp ring
2026 Sep 30 01:07:29 user.notice IE520-stk IMISH[13070]: [manager@ttyS0]show clock
2026 Sep 30 01:07:30 user.notice IE520-stk IMISH[13070]: [manager@ttyS0]show stack
2026 Sep 30 01:07:31 user.notice IE520-stk IMISH[13070]: [manager@ttyS0]show mrp ring
2026 Sep 30 01:07:32 user.notice IE520-stk IMISH[13070]: [manager@ttyS0]show clock
2026 Sep 30 01:07:33 user.notice IE520-stk IMISH[13070]: [manager@ttyS0]show stack
2026 Sep 30 01:07:34 user.notice IE520-stk IMISH[13070]: [manager@ttyS0]show mrp ring
2026 Sep 30 01:07:36 user.notice IE520-stk IMISH[13070]: [manager@ttyS0]show clock
2026 Sep 30 01:07:37 user.notice IE520-stk IMISH[13070]: [manager@ttyS0]show stack
2026 Sep 30 01:07:38 user.notice IE520-stk IMISH[13070]: [manager@ttyS0]show mrp ring
2026 Sep 30 01:07:39 user.notice IE520-stk IMISH[13070]: [manager@ttyS0]show clock
2026 Sep 30 01:07:40 user.notice IE520-stk IMISH[13070]: [manager@ttyS0]show stack
2026 Sep 30 01:07:41 user.notice IE520-stk IMISH[13070]: [manager@ttyS0]show mrp ring
2026 Sep 30 01:07:42 user.notice IE520-stk IMISH[13070]: [manager@ttyS0]show clock
2026 Sep 30 01:07:44 user.notice IE520-stk IMISH[13070]: [manager@ttyS0]show stack
2026 Sep 30 01:07:45 user.notice IE520-stk IMISH[13070]: [manager@ttyS0]show mrp ring
2026 Sep 30 01:07:46 user.notice IE520-stk IMISH[13070]: [manager@ttyS0]show clock
2026 Sep 30 01:07:47 user.notice IE520-stk IMISH[13070]: [manager@ttyS0]show stack
2026 Sep 30 01:07:48 user.notice IE520-stk IMISH[13070]: [manager@ttyS0]show mrp ring
2026 Sep 30 01:07:49 user.notice IE520-stk IMISH[13070]: [manager@ttyS0]show clock
2026 Sep 30 01:07:51 user.notice IE520-stk IMISH[13070]: [manager@ttyS0]show stack
2026 Sep 30 01:07:52 user.notice IE520-stk IMISH[13070]: [manager@ttyS0]show mrp ring
2026 Sep 30 01:07:53 user.notice IE520-stk IMISH[13070]: [manager@ttyS0]show clock
2026 Sep 30 01:07:54 user.notice IE520-stk IMISH[13070]: [manager@ttyS0]show stack
2026 Sep 30 01:07:55 user.notice IE520-stk IMISH[13070]: [manager@ttyS0]show mrp ring
2026 Sep 30 01:07:56 user.notice IE520-stk IMISH[13070]: [manager@ttyS0]show clock
2026 Sep 30 01:07:57 user.notice IE520-stk IMISH[13070]: [manager@ttyS0]show stack
2026 Sep 30 01:07:59 user.notice IE520-stk IMISH[13070]: [manager@ttyS0]show mrp ring
2026 Sep 30 01:08:00 user.notice IE520-stk IMISH[13070]: [manager@ttyS0]show clock
2026 Sep 30 01:08:01 user.notice IE520-stk IMISH[13070]: [manager@ttyS0]show stack
2026 Sep 30 01:08:02 user.notice IE520-stk IMISH[13070]: [manager@ttyS0]show mrp ring
2026 Sep 30 01:08:03 user.notice IE520-stk IMISH[13070]: [manager@ttyS0]show clock
2026 Sep 30 01:08:04 user.notice IE520-stk IMISH[13070]: [manager@ttyS0]show stack
2026 Sep 30 01:08:06 user.notice IE520-stk IMISH[13070]: [manager@ttyS0]show mrp ring
2026 Sep 30 01:08:07 user.notice IE520-stk IMISH[13070]: [manager@ttyS0]show clock
2026 Sep 30 01:08:08 user.notice IE520-stk IMISH[13070]: [manager@ttyS0]show stack
2026 Sep 30 01:08:09 user.notice IE520-stk IMISH[13070]: [manager@ttyS0]show mrp ring
2026 Sep 30 01:08:10 user.notice IE520-stk IMISH[13070]: [manager@ttyS0]show clock
2026 Sep 30 01:08:11 user.notice IE520-stk IMISH[13070]: [manager@ttyS0]show stack
2026 Sep 30 01:08:12 user.notice IE520-stk IMISH[13070]: [manager@ttyS0]show mrp ring
2026 Sep 30 01:08:14 user.notice IE520-stk IMISH[13070]: [manager@ttyS0]show clock
2026 Sep 30 01:08:15 user.notice IE520-stk IMISH[13070]: [manager@ttyS0]show stack
2026 Sep 30 01:08:16 user.notice IE520-stk IMISH[13070]: [manager@ttyS0]show mrp ring
2026 Sep 30 01:08:17 user.notice IE520-stk IMISH[13070]: [manager@ttyS0]show clock
2026 Sep 30 01:08:18 user.notice IE520-stk IMISH[13070]: [manager@ttyS0]show stack
2026 Sep 30 01:08:19 user.notice IE520-stk IMISH[13070]: [manager@ttyS0]show mrp ring
2026 Sep 30 01:08:21 user.notice IE520-stk IMISH[13070]: [manager@ttyS0]show clock
2026 Sep 30 01:08:22 user.notice IE520-stk IMISH[13070]: [manager@ttyS0]show stack
2026 Sep 30 01:08:23 user.notice IE520-stk IMISH[13070]: [manager@ttyS0]show mrp ring
2026 Sep 30 01:08:24 user.notice IE520-stk IMISH[13070]: [manager@ttyS0]show clock
2026 Sep 30 01:08:25 user.notice IE520-stk IMISH[13070]: [manager@ttyS0]show stack
2026 Sep 30 01:08:26 user.notice IE520-stk IMISH[13070]: [manager@ttyS0]show mrp ring
2026 Sep 30 01:08:27 user.notice IE520-stk IMISH[13070]: [manager@ttyS0]show clock
2026 Sep 30 01:08:29 user.notice IE520-stk IMISH[13070]: [manager@ttyS0]show stack
2026 Sep 30 01:08:30 user.notice IE520-stk IMISH[13070]: [manager@ttyS0]show mrp ring
2026 Sep 30 01:08:31 user.notice IE520-stk IMISH[13070]: [manager@ttyS0]show clock
2026 Sep 30 01:08:32 user.notice IE520-stk IMISH[13070]: [manager@ttyS0]show stack
2026 Sep 30 01:08:33 user.notice IE520-stk IMISH[13070]: [manager@ttyS0]show mrp ring
2026 Sep 30 01:08:34 user.notice IE520-stk IMISH[13070]: [manager@ttyS0]show clock
2026 Sep 30 01:08:35 user.notice IE520-stk IMISH[13070]: [manager@ttyS0]show stack
2026 Sep 30 01:08:37 user.notice IE520-stk IMISH[13070]: [manager@ttyS0]show mrp ring
2026 Sep 30 01:08:38 user.notice IE520-stk IMISH[13070]: [manager@ttyS0]show clock
2026 Sep 30 01:08:39 user.notice IE520-stk IMISH[13070]: [manager@ttyS0]show stack
2026 Sep 30 01:08:40 user.notice IE520-stk IMISH[13070]: [manager@ttyS0]show mrp ring
2026 Sep 30 01:08:41 user.notice IE520-stk IMISH[13070]: [manager@ttyS0]show clock
2026 Sep 30 01:08:42 user.notice IE520-stk IMISH[13070]: [manager@ttyS0]show stack
2026 Sep 30 01:08:44 user.notice IE520-stk IMISH[13070]: [manager@ttyS0]show mrp ring
2026 Sep 30 01:08:45 user.notice IE520-stk IMISH[13070]: [manager@ttyS0]show clock
2026 Sep 30 01:08:46 user.notice IE520-stk IMISH[13070]: [manager@ttyS0]show stack
2026 Sep 30 01:08:47 user.notice IE520-stk IMISH[13070]: [manager@ttyS0]show mrp ring
2026 Sep 30 01:08:49 user.notice IE520-stk IMISH[13070]: [manager@ttyS0]terminal no monitor
2026 Sep 30 01:09:25 user.notice IE520-stk IMISH[13070]: [manager@ttyS0]terminal length 0
2026 Sep 30 01:09:26 user.notice IE520-stk IMISH[13070]: [manager@ttyS0]terminal no monitor
2026 Sep 30 01:09:28 user.notice IE520-stk IMISH[13070]: [manager@ttyS0]show clock
2026 Sep 30 01:09:32 user.notice IE520-stk IMISH[13070]: [manager@ttyS0]show log | include 01:0[3-9]
IE520-stk#
