1790733903.571 15:05:03 login ok
=== 1790733904.723 15:05:04 >>> show mrp ring
Media Redundancy Protocol - Ring Information
MRP Ring 1
 Domain ID:                           ffffffff-ffff-ffff-ffff-ffffffffffff
 Domain Name:                         
 Ring Status:                         Enabled
 Running State:                       Running
 Role:                                Client
 Port1:                               port1.0.13
  Status:                             Forwarding
 Port2:                               port1.0.26
  Status:                             Forwarding
 Vlan ID:
 Profile:                             200ms
  Link Down Interval:                 20ms
  Link Up Interval:                   20ms
  Link Change Count:                  4
  Blocked port state supported:       Yes
=== 1790733905.875 15:05:05 >>> show mrp ring
Media Redundancy Protocol - Ring Information
MRP Ring 1
 Domain ID:                           ffffffff-ffff-ffff-ffff-ffffffffffff
 Domain Name:                         
 Ring Status:                         Enabled
 Running State:                       Running
 Role:                                Client
 Port1:                               port1.0.13
  Status:                             Forwarding
 Port2:                               port1.0.26
  Status:                             Forwarding
 Vlan ID:
 Profile:                             200ms
  Link Down Interval:                 20ms
  Link Up Interval:                   20ms
  Link Change Count:                  4
  Blocked port state supported:       Yes
=== 1790733907.875 15:05:07 >>> show mrp ring
Media Redundancy Protocol - Ring Information
MRP Ring 1
 Domain ID:                           ffffffff-ffff-ffff-ffff-ffffffffffff
 Domain Name:                         
 Ring Status:                         Enabled
 Running State:                       Running
 Role:                                Client
 Port1:                               port1.0.13
  Status:                             Forwarding
 Port2:                               port1.0.26
  Status:                             Forwarding
 Vlan ID:
 Profile:                             200ms
  Link Down Interval:                 20ms
  Link Up Interval:                   20ms
  Link Change Count:                  4
  Blocked port state supported:       Yes
=== 1790733909.875 15:05:09 >>> show mrp ring
Media Redundancy Protocol - Ring Information
MRP Ring 1
 Domain ID:                           ffffffff-ffff-ffff-ffff-ffffffffffff
 Domain Name:                         
 Ring Status:                         Enabled
 Running State:                       Running
 Role:                                Client
 Port1:                               port1.0.13
  Status:                             Forwarding
 Port2:                               port1.0.26
  Status:                             Forwarding
 Vlan ID:
 Profile:                             200ms
  Link Down Interval:                 20ms
  Link Up Interval:                   20ms
  Link Change Count:                  4
  Blocked port state supported:       Yes
=== 1790733911.875 15:05:11 >>> show mrp ring
Media Redundancy Protocol - Ring Information
MRP Ring 1
 Domain ID:                           ffffffff-ffff-ffff-ffff-ffffffffffff
 Domain Name:                         
 Ring Status:                         Enabled
 Running State:                       Running
 Role:                                Client
 Port1:                               port1.0.13
  Status:                             Forwarding
 Port2:                               port1.0.26
  Status:                             Forwarding
 Vlan ID:
 Profile:                             200ms
  Link Down Interval:                 20ms
  Link Up Interval:                   20ms
  Link Change Count:                  4
  Blocked port state supported:       Yes
=== 1790733913.875 15:05:13 >>> show mrp ring
Media Redundancy Protocol - Ring Information
MRP Ring 1
 Domain ID:                           ffffffff-ffff-ffff-ffff-ffffffffffff
 Domain Name:                         
 Ring Status:                         Enabled
 Running State:                       Running
 Role:                                Client
 Port1:                               port1.0.13
  Status:                             Forwarding
 Port2:                               port1.0.26
  Status:                             Forwarding
 Vlan ID:
 Profile:                             200ms
  Link Down Interval:                 20ms
  Link Up Interval:                   20ms
  Link Change Count:                  4
  Blocked port state supported:       Yes
=== 1790733915.875 15:05:15 >>> show mrp ring
Media Redundancy Protocol - Ring Information
MRP Ring 1
 Domain ID:                           ffffffff-ffff-ffff-ffff-ffffffffffff
 Domain Name:                         
 Ring Status:                         Enabled
 Running State:                       Running
 Role:                                Client
 Port1:                               port1.0.13
  Status:                             Forwarding
 Port2:                               port1.0.26
  Status:                             Forwarding
 Vlan ID:
 Profile:                             200ms
  Link Down Interval:                 20ms
  Link Up Interval:                   20ms
  Link Change Count:                  4
  Blocked port state supported:       Yes
=== 1790733917.875 15:05:17 >>> show mrp ring
Media Redundancy Protocol - Ring Information
MRP Ring 1
 Domain ID:                           ffffffff-ffff-ffff-ffff-ffffffffffff
 Domain Name:                         
 Ring Status:                         Enabled
 Running State:                       Running
 Role:                                Client
 Port1:                               port1.0.13
  Status:                             Forwarding
 Port2:                               port1.0.26
  Status:                             Forwarding
 Vlan ID:
 Profile:                             200ms
  Link Down Interval:                 20ms
  Link Up Interval:                   20ms
  Link Change Count:                  4
  Blocked port state supported:       Yes
=== 1790733919.875 15:05:19 >>> show mrp ring
Media Redundancy Protocol - Ring Information
MRP Ring 1
 Domain ID:                           ffffffff-ffff-ffff-ffff-ffffffffffff
 Domain Name:                         
 Ring Status:                         Enabled
 Running State:                       Running
 Role:                                Client
 Port1:                               port1.0.13
  Status:                             Forwarding
 Port2:                               port1.0.26
  Status:                             Forwarding
 Vlan ID:
 Profile:                             200ms
  Link Down Interval:                 20ms
  Link Up Interval:                   20ms
  Link Change Count:                  4
  Blocked port state supported:       Yes
=== 1790733921.876 15:05:21 >>> show mrp ring
Media Redundancy Protocol - Ring Information
MRP Ring 1
 Domain ID:                           ffffffff-ffff-ffff-ffff-ffffffffffff
 Domain Name:                         
 Ring Status:                         Enabled
 Running State:                       Running
 Role:                                Client
 Port1:                               port1.0.13
  Status:                             Forwarding
 Port2:                               port1.0.26
  Status:                             Forwarding
 Vlan ID:
 Profile:                             200ms
  Link Down Interval:                 20ms
  Link Up Interval:                   20ms
  Link Change Count:                  4
  Blocked port state supported:       Yes
=== 1790733923.875 15:05:23 >>> show mrp ring
Media Redundancy Protocol - Ring Information
MRP Ring 1
 Domain ID:                           ffffffff-ffff-ffff-ffff-ffffffffffff
 Domain Name:                         
 Ring Status:                         Enabled
 Running State:                       Running
 Role:                                Client
 Port1:                               port1.0.13
  Status:                             Forwarding
 Port2:                               port1.0.26
  Status:                             Forwarding
 Vlan ID:
 Profile:                             200ms
  Link Down Interval:                 20ms
  Link Up Interval:                   20ms
  Link Change Count:                  4
  Blocked port state supported:       Yes
=== 1790733925.875 15:05:25 >>> show mrp ring
Media Redundancy Protocol - Ring Information
MRP Ring 1
 Domain ID:                           ffffffff-ffff-ffff-ffff-ffffffffffff
 Domain Name:                         
 Ring Status:                         Enabled
 Running State:                       Running
 Role:                                Client
 Port1:                               port1.0.13
  Status:                             Forwarding
 Port2:                               port1.0.26
  Status:                             Forwarding
 Vlan ID:
 Profile:                             200ms
  Link Down Interval:                 20ms
  Link Up Interval:                   20ms
  Link Change Count:                  4
  Blocked port state supported:       Yes
=== 1790733928.827 15:05:28 >>> show mrp ring
Media Redundancy Protocol - Ring Information
MRP Ring 1
 Domain ID:                           ffffffff-ffff-ffff-ffff-ffffffffffff
 Domain Name:                         
 Ring Status:                         Enabled
 Running State:                       Running
 Role:                                Client
 Port1:                               port1.0.13
  Status:                             Forwarding
 Port2:                               port1.0.26
  Status:                             Forwarding
 Vlan ID:
 Profile:                             200ms
  Link Down Interval:                 20ms
  Link Up Interval:                   20ms
  Link Change Count:                  4
  Blocked port state supported:       Yes

IE520-sa#switch: port 13(port1.0.13) entered disabled state
=== 1790733929.979 15:05:29 >>> show mrp ring
Media Redundancy Protocol - Ring Information
MRP Ring 1
 Domain ID:                           ffffffff-ffff-ffff-ffff-ffffffffffff
 Domain Name:                         
 Ring Status:                         Enabled
 Running State:                       Running
 Role:                                Client
 Port1:                               port1.0.13
  Status:                             Blocking
 Port2:                               port1.0.26
  Status:                             Forwarding
 Vlan ID:
 Profile:                             200ms
  Link Down Interval:                 20ms
  Link Up Interval:                   20ms
  Link Change Count:                  4
  Blocked port state supported:       Yes
=== 1790733931.979 15:05:31 >>> show mrp ring
Media Redundancy Protocol - Ring Information
MRP Ring 1
 Domain ID:                           ffffffff-ffff-ffff-ffff-ffffffffffff
 Domain Name:                         
 Ring Status:                         Enabled
 Running State:                       Running
 Role:                                Client
 Port1:                               port1.0.13
  Status:                             Blocking
 Port2:                               port1.0.26
  Status:                             Forwarding
 Vlan ID:
 Profile:                             200ms
  Link Down Interval:                 20ms
  Link Up Interval:                   20ms
  Link Change Count:                  4
  Blocked port state supported:       Yes
=== 1790733933.979 15:05:33 >>> show mrp ring
Media Redundancy Protocol - Ring Information
MRP Ring 1
 Domain ID:                           ffffffff-ffff-ffff-ffff-ffffffffffff
 Domain Name:                         
 Ring Status:                         Enabled
 Running State:                       Running
 Role:                                Client
 Port1:                               port1.0.13
  Status:                             Blocking
 Port2:                               port1.0.26
  Status:                             Forwarding
 Vlan ID:
 Profile:                             200ms
  Link Down Interval:                 20ms
  Link Up Interval:                   20ms
  Link Change Count:                  4
  Blocked port state supported:       Yes
=== 1790733935.979 15:05:35 >>> show mrp ring
Media Redundancy Protocol - Ring Information
MRP Ring 1
 Domain ID:                           ffffffff-ffff-ffff-ffff-ffffffffffff
 Domain Name:                         
 Ring Status:                         Enabled
 Running State:                       Running
 Role:                                Client
 Port1:                               port1.0.13
  Status:                             Blocking
 Port2:                               port1.0.26
  Status:                             Forwarding
 Vlan ID:
 Profile:                             200ms
  Link Down Interval:                 20ms
  Link Up Interval:                   20ms
  Link Change Count:                  4
  Blocked port state supported:       Yes
=== 1790733937.979 15:05:37 >>> show mrp ring
Media Redundancy Protocol - Ring Information
MRP Ring 1
 Domain ID:                           ffffffff-ffff-ffff-ffff-ffffffffffff
 Domain Name:                         
 Ring Status:                         Enabled
 Running State:                       Running
 Role:                                Client
 Port1:                               port1.0.13
  Status:                             Blocking
 Port2:                               port1.0.26
  Status:                             Forwarding
 Vlan ID:
 Profile:                             200ms
  Link Down Interval:                 20ms
  Link Up Interval:                   20ms
  Link Change Count:                  4
  Blocked port state supported:       Yes
=== 1790733939.979 15:05:39 >>> show mrp ring
Media Redundancy Protocol - Ring Information
MRP Ring 1
 Domain ID:                           ffffffff-ffff-ffff-ffff-ffffffffffff
 Domain Name:                         
 Ring Status:                         Enabled
 Running State:                       Running
 Role:                                Client
 Port1:                               port1.0.13
  Status:                             Blocking
 Port2:                               port1.0.26
  Status:                             Forwarding
 Vlan ID:
 Profile:                             200ms
  Link Down Interval:                 20ms
  Link Up Interval:                   20ms
  Link Change Count:                  4
  Blocked port state supported:       Yes
=== 1790733941.979 15:05:41 >>> show mrp ring
Media Redundancy Protocol - Ring Information
MRP Ring 1
 Domain ID:                           ffffffff-ffff-ffff-ffff-ffffffffffff
 Domain Name:                         
 Ring Status:                         Enabled
 Running State:                       Running
 Role:                                Client
 Port1:                               port1.0.13
  Status:                             Blocking
 Port2:                               port1.0.26
  Status:                             Forwarding
 Vlan ID:
 Profile:                             200ms
  Link Down Interval:                 20ms
  Link Up Interval:                   20ms
  Link Change Count:                  4
  Blocked port state supported:       Yes
=== 1790733943.979 15:05:43 >>> show mrp ring
Media Redundancy Protocol - Ring Information
MRP Ring 1
 Domain ID:                           ffffffff-ffff-ffff-ffff-ffffffffffff
 Domain Name:                         
 Ring Status:                         Enabled
 Running State:                       Running
 Role:                                Client
 Port1:                               port1.0.13
  Status:                             Blocking
 Port2:                               port1.0.26
  Status:                             Forwarding
 Vlan ID:
 Profile:                             200ms
  Link Down Interval:                 20ms
  Link Up Interval:                   20ms
  Link Change Count:                  4
  Blocked port state supported:       Yes
=== 1790733945.979 15:05:45 >>> show mrp ring
Media Redundancy Protocol - Ring Information
MRP Ring 1
 Domain ID:                           ffffffff-ffff-ffff-ffff-ffffffffffff
 Domain Name:                         
 Ring Status:                         Enabled
 Running State:                       Running
 Role:                                Client
 Port1:                               port1.0.13
  Status:                             Blocking
 Port2:                               port1.0.26
  Status:                             Forwarding
 Vlan ID:
 Profile:                             200ms
  Link Down Interval:                 20ms
  Link Up Interval:                   20ms
  Link Change Count:                  4
  Blocked port state supported:       Yes
=== 1790733947.980 15:05:47 >>> show mrp ring
Media Redundancy Protocol - Ring Information
MRP Ring 1
 Domain ID:                           ffffffff-ffff-ffff-ffff-ffffffffffff
 Domain Name:                         
 Ring Status:                         Enabled
 Running State:                       Running
 Role:                                Client
 Port1:                               port1.0.13
  Status:                             Blocking
 Port2:                               port1.0.26
  Status:                             Forwarding
 Vlan ID:
 Profile:                             200ms
  Link Down Interval:                 20ms
  Link Up Interval:                   20ms
  Link Change Count:                  4
  Blocked port state supported:       Yes
=== 1790733949.980 15:05:49 >>> show mrp ring
Media Redundancy Protocol - Ring Information
MRP Ring 1
 Domain ID:                           ffffffff-ffff-ffff-ffff-ffffffffffff
 Domain Name:                         
 Ring Status:                         Enabled
 Running State:                       Running
 Role:                                Client
 Port1:                               port1.0.13
  Status:                             Blocking
 Port2:                               port1.0.26
  Status:                             Forwarding
 Vlan ID:
 Profile:                             200ms
  Link Down Interval:                 20ms
  Link Up Interval:                   20ms
  Link Change Count:                  4
  Blocked port state supported:       Yes
=== 1790733951.980 15:05:51 >>> show mrp ring
Media Redundancy Protocol - Ring Information
MRP Ring 1
 Domain ID:                           ffffffff-ffff-ffff-ffff-ffffffffffff
 Domain Name:                         
 Ring Status:                         Enabled
 Running State:                       Running
 Role:                                Client
 Port1:                               port1.0.13
  Status:                             Blocking
 Port2:                               port1.0.26
  Status:                             Forwarding
 Vlan ID:
 Profile:                             200ms
  Link Down Interval:                 20ms
  Link Up Interval:                   20ms
  Link Change Count:                  4
  Blocked port state supported:       Yes
=== 1790733953.980 15:05:53 >>> show mrp ring
Media Redundancy Protocol - Ring Information
MRP Ring 1
 Domain ID:                           ffffffff-ffff-ffff-ffff-ffffffffffff
 Domain Name:                         
 Ring Status:                         Enabled
 Running State:                       Running
 Role:                                Client
 Port1:                               port1.0.13
  Status:                             Blocking
 Port2:                               port1.0.26
  Status:                             Forwarding
 Vlan ID:
 Profile:                             200ms
  Link Down Interval:                 20ms
  Link Up Interval:                   20ms
  Link Change Count:                  4
  Blocked port state supported:       Yes
=== 1790733955.980 15:05:55 >>> show mrp ring
Media Redundancy Protocol - Ring Information
MRP Ring 1
 Domain ID:                           ffffffff-ffff-ffff-ffff-ffffffffffff
 Domain Name:                         
 Ring Status:                         Enabled
 Running State:                       Running
 Role:                                Client
 Port1:                               port1.0.13
  Status:                             Blocking
 Port2:                               port1.0.26
  Status:                             Forwarding
 Vlan ID:
 Profile:                             200ms
  Link Down Interval:                 20ms
  Link Up Interval:                   20ms
  Link Change Count:                  4
  Blocked port state supported:       Yes
=== 1790733957.980 15:05:57 >>> show mrp ring
Media Redundancy Protocol - Ring Information
MRP Ring 1
 Domain ID:                           ffffffff-ffff-ffff-ffff-ffffffffffff
 Domain Name:                         
 Ring Status:                         Enabled
 Running State:                       Running
 Role:                                Client
 Port1:                               port1.0.13
  Status:                             Blocking
 Port2:                               port1.0.26
  Status:                             Forwarding
 Vlan ID:
 Profile:                             200ms
  Link Down Interval:                 20ms
  Link Up Interval:                   20ms
  Link Change Count:                  4
  Blocked port state supported:       Yes
=== 1790733959.980 15:05:59 >>> show mrp ring
Media Redundancy Protocol - Ring Information
MRP Ring 1
 Domain ID:                           ffffffff-ffff-ffff-ffff-ffffffffffff
 Domain Name:                         
 Ring Status:                         Enabled
 Running State:                       Running
 Role:                                Client
 Port1:                               port1.0.13
  Status:                             Blocking
 Port2:                               port1.0.26
  Status:                             Forwarding
 Vlan ID:
 Profile:                             200ms
  Link Down Interval:                 20ms
  Link Up Interval:                   20ms
  Link Change Count:                  4
  Blocked port state supported:       Yes
=== 1790733962.180 15:06:02 >>> show mrp ring
Media Redundancy Protocol - Ring Information
MRP Ring 1
 Domain ID:                           ffffffff-ffff-ffff-ffff-ffffffffffff
 Domain Name:                         
 Ring Status:                         Enabled
 Running State:                       Running
 Role:                                Client
 Port1:                               port1.0.13
  Status:                             Blocking
 Port2:                               port1.0.26
  Status:                             Forwarding
 Vlan ID:
 Profile:                             200ms
  Link Down Interval:                 20ms
  Link Up Interval:                   20ms
  Link Change Count:                  4
  Blocked port state supported:       Yes

IE520-sa#switch: port 13(port1.0.13) entered blocking state
switch: port 13(port1.0.13) entered forwarding state
=== 1790733963.980 15:06:03 >>> show mrp ring
Media Redundancy Protocol - Ring Information
MRP Ring 1
 Domain ID:                           ffffffff-ffff-ffff-ffff-ffffffffffff
 Domain Name:                         
 Ring Status:                         Enabled
 Running State:                       Running
 Role:                                Client
 Port1:                               port1.0.13
  Status:                             Forwarding
 Port2:                               port1.0.26
  Status:                             Forwarding
 Vlan ID:
 Profile:                             200ms
  Link Down Interval:                 20ms
  Link Up Interval:                   20ms
  Link Change Count:                  4
  Blocked port state supported:       Yes
=== 1790733965.980 15:06:05 >>> show mrp ring
Media Redundancy Protocol - Ring Information
MRP Ring 1
 Domain ID:                           ffffffff-ffff-ffff-ffff-ffffffffffff
 Domain Name:                         
 Ring Status:                         Enabled
 Running State:                       Running
 Role:                                Client
 Port1:                               port1.0.13
  Status:                             Forwarding
 Port2:                               port1.0.26
  Status:                             Forwarding
 Vlan ID:
 Profile:                             200ms
  Link Down Interval:                 20ms
  Link Up Interval:                   20ms
  Link Change Count:                  4
  Blocked port state supported:       Yes
=== 1790733967.981 15:06:07 >>> show mrp ring
Media Redundancy Protocol - Ring Information
MRP Ring 1
 Domain ID:                           ffffffff-ffff-ffff-ffff-ffffffffffff
 Domain Name:                         
 Ring Status:                         Enabled
 Running State:                       Running
 Role:                                Client
 Port1:                               port1.0.13
  Status:                             Forwarding
 Port2:                               port1.0.26
  Status:                             Forwarding
 Vlan ID:
 Profile:                             200ms
  Link Down Interval:                 20ms
  Link Up Interval:                   20ms
  Link Change Count:                  4
  Blocked port state supported:       Yes
=== 1790733969.980 15:06:09 >>> show mrp ring
Media Redundancy Protocol - Ring Information
MRP Ring 1
 Domain ID:                           ffffffff-ffff-ffff-ffff-ffffffffffff
 Domain Name:                         
 Ring Status:                         Enabled
 Running State:                       Running
 Role:                                Client
 Port1:                               port1.0.13
  Status:                             Forwarding
 Port2:                               port1.0.26
  Status:                             Forwarding
 Vlan ID:
 Profile:                             200ms
  Link Down Interval:                 20ms
  Link Up Interval:                   20ms
  Link Change Count:                  4
  Blocked port state supported:       Yes
=== 1790733971.981 15:06:11 >>> show mrp ring
Media Redundancy Protocol - Ring Information
MRP Ring 1
 Domain ID:                           ffffffff-ffff-ffff-ffff-ffffffffffff
 Domain Name:                         
 Ring Status:                         Enabled
 Running State:                       Running
 Role:                                Client
 Port1:                               port1.0.13
  Status:                             Forwarding
 Port2:                               port1.0.26
  Status:                             Forwarding
 Vlan ID:
 Profile:                             200ms
  Link Down Interval:                 20ms
  Link Up Interval:                   20ms
  Link Change Count:                  4
  Blocked port state supported:       Yes
=== 1790733973.981 15:06:13 >>> show mrp ring
Media Redundancy Protocol - Ring Information
MRP Ring 1
 Domain ID:                           ffffffff-ffff-ffff-ffff-ffffffffffff
 Domain Name:                         
 Ring Status:                         Enabled
 Running State:                       Running
 Role:                                Client
 Port1:                               port1.0.13
  Status:                             Forwarding
 Port2:                               port1.0.26
  Status:                             Forwarding
 Vlan ID:
 Profile:                             200ms
  Link Down Interval:                 20ms
  Link Up Interval:                   20ms
  Link Change Count:                  4
  Blocked port state supported:       Yes
=== 1790733975.981 15:06:15 >>> show mrp ring
Media Redundancy Protocol - Ring Information
MRP Ring 1
 Domain ID:                           ffffffff-ffff-ffff-ffff-ffffffffffff
 Domain Name:                         
 Ring Status:                         Enabled
 Running State:                       Running
 Role:                                Client
 Port1:                               port1.0.13
  Status:                             Forwarding
 Port2:                               port1.0.26
  Status:                             Forwarding
 Vlan ID:
 Profile:                             200ms
  Link Down Interval:                 20ms
  Link Up Interval:                   20ms
  Link Change Count:                  4
  Blocked port state supported:       Yes
