1790733987.898 15:06:27 >>> show mrp ring
show mrp ring
Media Redundancy Protocol - Ring Information
MRP Ring 1
 Domain ID:                           ffffffff-ffff-ffff-ffff-ffffffffffff
 Domain Name:                         
 Ring Status:                         Enabled
 Running State:                       Running
 Role:                                Manager
 Network Status:                      Closed
 Port1:                               port1.0.13
  Status:                             Blocking
 Port2:                               port4.0.26
  Status:                             Forwarding
 Vlan ID:
 React on Link Change:                No
 Profile:                             200ms
  Topology Change Interval:           10ms
  Topology Change Count:              3
  Short Test Frame Interval:          10ms
  Default Test Frame Interval:        20ms
  Test Monitoring Interval Count:     3
  Test Monitoring Ext Interval Count: 3
  Non-blocking MRC Supported:         No
  Blocked port state supported:       Yes

IE520-stk#
1790733992.152 15:06:32 >>> show log tail 60
show log tail 60
7[r[999;999H[6n
<date> <time> <facility>.<severity> <program[<pid>]>: <message>
-------------------------------------------------------------------------
2026 Sep 30 02:06:37 user.notice IE520-stk IMISH[17846]: [manager@ie520-stk-1]show mrp ring
2026 Sep 30 02:06:38 user.notice IE520-stk IMISH[7868]: [manager@ttyS0]no shutdown
2026 Sep 30 02:06:38 user.notice IE520-stk NSM[702]: port1.0.13 user no shutdown
2026 Sep 30 02:06:39 user.notice IE520-stk IMISH[17846]: [manager@ie520-stk-1]show mrp ring
2026 Sep 30 02:06:40 user.notice IE520-stk IMISH[7868]: [manager@ttyS0]terminal no monitor
2026 Sep 30 02:06:41 user.notice IE520-stk IMISH[17846]: [manager@ie520-stk-1]show mrp ring
2026 Sep 30 02:06:41 local6.warning IE520-stk-1 EXFX[664]: Link flapping detected on port1.0.13, check connection/configuration
2026 Sep 30 02:06:42 user.notice IE520-stk mrpd: EVENT: Rx MRP_LinkUp ring_id=1 port=port4.0.26 mac=84e3.2787.0780
2026 Sep 30 02:06:42 user.notice IE520-stk mrpd: PORT: port1.0.13 link UP (0x11043)
2026 Sep 30 02:06:42 user.notice IE520-stk mrpd: ffffffff-ffff-ffff-ffff-ffffffffffff: Ring-id[1]: Ring closed
2026 Sep 30 02:06:42 user.notice IE520-stk mrpd: FSM: ring_id=1 PRM_UP -> CHK_RC evt=MRP_ProtEvMAUTypeChangeInd
2026 Sep 30 02:06:42 user.notice IE520-stk mrpd: FSM: PRM_RPort 20026 SEC_RPort 5013
2026 Sep 30 02:06:42 user.notice IE520-stk mrpd: FSM: port 5013 state Up
2026 Sep 30 02:06:42 user.notice IE520-stk mrpd: EVENT: Rx MRP_LinkUp ring_id=1 port=port4.0.26 mac=84e3.2787.0780
2026 Sep 30 02:06:42 user.notice IE520-stk mrpd[329]: Last message 'EVENT: Rx MRP_LinkUp' repeated 1 times, suppressed by syslog-ng on IE520-stk
2026 Sep 30 02:06:42 user.notice IE520-stk NSM[702]: Port up notification received for port1.0.13 
2026 Sep 30 02:06:42 user.notice IE520-stk mrpd: EVENT: Rx MRP_LinkUp ring_id=1 port=port4.0.26 mac=84e3.2787.0780
2026 Sep 30 02:06:42 user.notice IE520-stk mrpd[329]: Last message 'EVENT: Rx MRP_LinkUp' repeated 1 times, suppressed by syslog-ng on IE520-stk
2026 Sep 30 02:06:42 user.notice IE520-stk mrpd: PORT: Update ring port port1.0.13 with state to Forwarding
2026 Sep 30 02:06:42 user.notice IE520-stk mrpd: ffffffff-ffff-ffff-ffff-ffffffffffff: Ring-id[1]: Ring opened
2026 Sep 30 02:06:42 user.notice IE520-stk mrpd: FSM: ring_id=1 CHK_RC -> CHK_RO evt=MRP_ProtEvTestTimerExpired
2026 Sep 30 02:06:42 user.notice IE520-stk mrpd: PORT: port 5013 set Forwarding
2026 Sep 30 02:06:42 user.notice IE520-stk mrpd: EVENT: Rx MRP_TopologyChange ring_id=1 port=port4.0.26
2026 Sep 30 02:06:42 user.notice IE520-stk mrpd: EVENT: Rx MRP_TopologyChange ring_id=1 port=port1.0.13
2026 Sep 30 02:06:42 user.notice IE520-stk mrpd: PORT: Update ring port port1.0.13 with state to Blocked
2026 Sep 30 02:06:42 user.notice IE520-stk mrpd: ffffffff-ffff-ffff-ffff-ffffffffffff: Ring-id[1]: Ring closed
2026 Sep 30 02:06:42 user.notice IE520-stk mrpd: FSM: ring_id=1 CHK_RO -> CHK_RC evt=MRP_ProtEvTestRingInd
2026 Sep 30 02:06:42 user.notice IE520-stk mrpd: PORT: port 5013 set Blocked
2026 Sep 30 02:06:42 user.notice IE520-stk mrpd: EVENT: Rx MRP_TopologyChange ring_id=1 port=port4.0.26
2026 Sep 30 02:06:42 user.notice IE520-stk mrpd: EVENT: Rx MRP_TopologyChange ring_id=1 port=port1.0.13
2026 Sep 30 02:06:42 user.notice IE520-stk mrpd: EVENT: Rx MRP_TopologyChange ring_id=1 port=port4.0.26
2026 Sep 30 02:06:42 user.notice IE520-stk mrpd: EVENT: Rx MRP_TopologyChange ring_id=1 port=port1.0.13
2026 Sep 30 02:06:42 user.notice IE520-stk mrpd: FDB: Flush FDB entries for the ring ports with ifindices: {5013, 20026}
2026 Sep 30 02:06:42 user.notice IE520-stk mrpd: EVENT: Rx MRP_TopologyChange ring_id=1 port=port4.0.26
2026 Sep 30 02:06:42 user.notice IE520-stk mrpd: EVENT: Rx MRP_TopologyChange ring_id=1 port=port1.0.13
2026 Sep 30 02:06:42 local6.warning IE520-stk EXFX[731]: Thrash-limiting: Disabled learning on sa2 by 00f0.4d00.7718 on vlan 1
2026 Sep 30 02:06:42 local6.warning IE520-stk EXFX[731]: Thrash-limiting: Disabled learning on port1.0.2 on vlan 1
2026 Sep 30 02:06:42 local6.warning IE520-stk EXFX[731]: Thrash-limiting: Disabled learning on port1.0.9 on vlan 1
2026 Sep 30 02:06:42 local6.warning IE520-stk-4 EXFX[661]: Thrash-limiting: Disabled learning on sa2 by 00f0.4d00.7718 on vlan 1
2026 Sep 30 02:06:42 local6.warning IE520-stk-1 EXFX[664]: Thrash-limiting: Disabled learning on sa2 by 00f0.4d00.7718 on vlan 1
2026 Sep 30 02:06:43 user.notice IE520-stk IMISH[17846]: [manager@ie520-stk-1]show mrp ring
2026 Sep 30 02:06:44 local6.warning IE520-stk EXFX[731]: Thrash-limiting: Re-enabled learning on sa2 on vlan 1
2026 Sep 30 02:06:44 local6.warning IE520-stk EXFX[731]: Thrash-limiting: Re-enabled learning on port1.0.2 on vlan 1
2026 Sep 30 02:06:44 local6.warning IE520-stk EXFX[731]: Thrash-limiting: Re-enabled learning on port1.0.9 on vlan 1
2026 Sep 30 02:06:45 user.notice IE520-stk IMISH[17846]: [manager@ie520-stk-1]show mrp ring
2026 Sep 30 02:06:48 user.notice IE520-stk IMISH[329]: Last message '[manager@ie520-stk-1' repeated 1 times, suppressed by syslog-ng on IE520-stk
2026 Sep 30 02:06:48 user.notice IE520-stk IMISH[7868]: [manager@ttyS0]terminal length 0
2026 Sep 30 02:06:49 user.notice IE520-stk IMISH[7868]: [manager@ttyS0]terminal no monitor
2026 Sep 30 02:06:49 user.notice IE520-stk IMISH[17846]: [manager@ie520-stk-1]show mrp ring
2026 Sep 30 02:06:51 user.notice IE520-stk IMISH[7868]: [manager@ttyS0]show mrp ring
2026 Sep 30 02:06:51 user.notice IE520-stk IMISH[17846]: [manager@ie520-stk-1]show mrp ring
2026 Sep 30 02:06:52 user.notice IE520-stk IMISH[7868]: [manager@ttyS0]show interface port1.0.13 status
2026 Sep 30 02:06:53 user.notice IE520-stk IMISH[7868]: [manager@ttyS0]terminal no monitor
2026 Sep 30 02:06:53 user.notice IE520-stk IMISH[17846]: [manager@ie520-stk-1]show mrp ring
2026 Sep 30 02:06:58 user.notice IE520-stk IMISH[329]: Last message '[manager@ie520-stk-1' repeated 1 times, suppressed by syslog-ng on IE520-stk
2026 Sep 30 02:06:58 user.notice IE520-stk IMISH[17846]: [manager@ie520-stk-1]terminal no monitor
2026 Sep 30 02:07:05 user.notice IE520-stk IMISH[7868]: [manager@ttyS0]terminal length 0
2026 Sep 30 02:07:06 user.notice IE520-stk IMISH[7868]: [manager@ttyS0]terminal no monitor
2026 Sep 30 02:07:08 user.notice IE520-stk IMISH[7868]: [manager@ttyS0]show mrp ring
2026 Sep 30 02:07:12 user.notice IE520-stk IMISH[7868]: [manager@ttyS0]show log tail 60
IE520-stk#
