TEST 38473 -- ATMF - Member
===========================================================================
Run:    2026-09-21, tb470
DUT:    IE520 4-member VCStack, AMF node name "IE520-stk"
        (AT-IE520-28GSX x4, S/N 264A23061/68/66/52, awplus_main-20260913-1734)
Peer:   AR4050S-5G, AMF node name "4050-5g", AMF master
        (awplus_main-20260918-7)
AMF:    network-name "tb470", AMF link = po1 (LACP aggregate, switchport atmf-link)
Evidence: 00-baseline.txt (pre-change config), 01-amf-setup.txt (full transcripts)

VERDICT: PASS

STEP 1 -- "Check DUT can join an AMF network as a member"
  Before:  ATMF Status Enabled / Network Name "Not Set" / Role Member /
           Current ATMF Nodes 1        (i.e. not in any network)
  Applied: DUT   -> hostname IE520-stk; atmf network-name tb470;
                    interface po1 / switchport atmf-link
           Peer  -> atmf network-name tb470; atmf master;
                    interface po1 / switchport atmf-link
  After:   DUT   -> Network Name tb470 / Node Name IE520-stk / Role Member /
                    Current ATMF Nodes 2
           Peer  -> Network Name tb470 / Node Name 4050-5g   / Role Master /
                    Current ATMF Nodes 2
  PASS -- the DUT joined as a Member.

  Link state read on the master:
    Local  Link      Link    ATMF    Adjacent    Adjacent Link
    Port   Type      Status  State   Node/Area   Ifindex  State
    po1    Downlink  Up      Full    IE520-stk   4751     Forwarding

STEP 2 -- "show atmf nodes on the AMF master; output should have the correct
           device type for the DUT"
  Read on 4050-5g (the master):

    Node        Device           ATMF        Parent     Node
    Name        Type             Master  SC  Domain     Depth
    ------------------------------------------------------------
  * 4050-5g     AR4050S-5G         Y     N   none        0
    IE520-stk   AT-IE520-28GSX     N     S   4050-5g     1

    Node map exchange is active
    Current ATMF node count 2

  PASS -- Device Type reads "AT-IE520-28GSX", which is the correct type for the
  DUT. SC reads "S" (Stackable), also correct: the DUT is a 4-member VCStack.

NOTE -- the four IE520s are ONE VCStack and therefore ONE AMF node. The AMF node
count of 2 is correct and is the bench ceiling; it is not a partial join.
