TEST 38472 -- ATMF - Master
===========================================================================
Run:    2026-09-21, tb470
DUT:    IE520 4-member VCStack, AMF node "IE520-stk", configured as AMF MASTER
Peer:   AR4050S-5G, AMF node "4050-5g", AMF member
AMF:    network-name "tb470"; AMF link = po1 (LACP aggregate, switchport atmf-link)

VERDICT: FAIL -- steps 1, 2, 3 and 5 PASS; STEP 4 (secure mode) FAILED.
         Recorded and continued per standing policy. See FINDING below.

STEP 1 -- "Setup an AMF network with the DUT as the AMF master"        PASS
  Applied: peer -> no atmf master ; DUT -> atmf master
  Result:
    DUT   : Network Name tb470 / Node Name IE520-stk / Role Master / Nodes 2
    Peer  : Network Name tb470 / Node Name 4050-5g   / Role Member / Nodes 2
  show atmf nodes on the DUT:
      Node        Device           ATMF        Parent      Node
      Name        Type             Master  SC  Domain      Depth
    * IE520-stk   AT-IE520-28GSX     Y     S   none          0
      4050-5g     AR4050S-5G         N     N   IE520-stk     1

STEP 2 -- "Check nodes leaving and joining does not affect the DUT"    PASS
  Method: shutdown / no shutdown po1 on the MEMBER, so the DUT is never the
  device being changed.
      before       : DUT nodes = 2, Role = Master
      member gone  : DUT nodes = 1, Role = Master      <-- DUT unaffected
      rejoined     : DUT nodes = 2, Role = Master
  The DUT held mastership throughout and the node count tracked the member
  leaving and rejoining exactly once each way.
  CAVEAT: with only one other node on this bench, "nodes leaving and joining"
  is exercised at n=1. This does not test master stability under several nodes
  churning at once.

STEP 3 -- "atmf working-set group all creates a working set with all nodes"  PASS
      IE520-stk# atmf working-set group all
      ===================
      4050-5g, IE520-stk:
      ===================
      Working set join
      tb470[2]#
  POSITIVE PROOF the working set is real, not just a prompt change -- one
  command issued inside it executed on BOTH nodes and each answered for itself:
      tb470[2]# show atmf | include Node Name
      ========
      4050-5g:        Node Name : 4050-5g
      ==========
      IE520-stk:      Node Name : IE520-stk
  The prompt "tb470[2]#" carries the network name and the member count (2).

STEP 4 -- "atmf secure-mode enable-all; all nodes should leave and rejoin"  FAIL

  Command syntax note: "atmf secure-mode enable-all" is a PRIVILEGED EXEC
  command on this build, not a configure-mode one. The case text does not say
  which mode. In configure mode only "atmf secure-mode" (local node) exists.

  The command itself behaved correctly:
      IE520-stk# atmf secure-mode enable-all
      Total number of nodes 2
      2 nodes support secure-mode
      Enable secure-mode across the ATMF network ? (y/n): y
      IMISH: Please wait while nodes leave and rejoin the network with the
             updated setting.

  Secure mode did enable on BOTH nodes, and certificates were issued:
      show atmf secure-mode certificate (on the master)
        Node Name    Signer       Expires        Status
        IE520-stk    IE520-stk    19 Mar 2027    Active
        4050-5g      IE520-stk    19 Mar 2027    Active
      show atmf authorization pending  ->  empty (nothing waiting to be approved)

  *** THE NODES LEFT BUT NEVER REJOINED. ***
      DUT   : Secure Mode Enabled, Current ATMF Nodes 1
      Peer  : Secure Mode Enabled, Current ATMF Nodes 1
      Both sides, symmetrically:
        po1  Downlink/Uplink  Up  OneWay  <peer named correctly>  Blocking

  Each node names the other correctly as the adjacent node -- so hellos are
  being heard -- yet the adjacency never progresses past OneWay and the port
  stays Blocking. This persisted for more than 10 minutes and SURVIVED a full
  link flap (shutdown / no shutdown po1 on the member).

STEP 5 -- "Disable secure mode"                                        PASS
  The literal command from the case text does exist in privileged EXEC:
      IE520-stk# no atmf secure-mode enable-all
      % Warning: All security certificates will be deleted.
      Disable secure-mode across the ATMF network ? (y/n):
  Because the network was already split, it was disabled per node instead
  ("no atmf secure-mode" in configure mode on each), which is the only path
  that reaches both nodes when they cannot see each other.

  Result, within one settle period:
      DUT   : Secure Mode Disabled, Nodes 2, po1 Downlink Up FULL Forwarding
      Peer  : Secure Mode Disabled, Nodes 2, po1 Uplink   Up FULL Forwarding

=========================== FINDING =======================================
With ATMF secure mode ENABLED, this two-node AMF network does not form.
With it DISABLED, the SAME link on the SAME config goes Full/Forwarding
immediately. That is a clean A/B on one link:

    secure mode OFF -> po1 Full / Forwarding, 2 nodes   (observed repeatedly)
    secure mode ON  -> po1 OneWay / Blocking, 1 node    (>10 min, survived a
                                                         link flap)

Not explained by authorization: certificates were Active for both nodes and
the pending-authorization queue was empty.

=========================== OPERATOR ERROR ================================
Recorded because it is in the transcripts and would otherwise be confusing.
While probing the syntax, "atmf secure-mode ?" was sent by a driver that
appends a carriage return. "<cr>" was a valid completion, so the trailing CR
EXECUTED "atmf secure-mode" in configure mode and enabled secure mode on the
DUT alone. That split the network (master secure, member not). It was detected
on the next command ("ATMF Secure-mode is already enabled"), backed out with
"no atmf secure-mode", and the network re-formed to 2 nodes before step 4 was
run properly. No result above depends on that state.
LESSON: never send "<command> ?" through a driver that appends CR.

--------------------------- RAW TRANSCRIPTS -------------------------------
TEST 38472 -- ATMF - Master  (2026-09-21 11:06:00)
DUT = IE520 VCStack (IE520-stk) as AMF MASTER; peer AR4050S (4050-5g) as member

##### ar :: remove virtual-link, restore switchport atmf-link
configure terminal

Enter configuration commands, one per line.  End with CNTL/Z.
4050-5g(config)#no atmf virtual-link id 2

4050-5g(config)#interface po1

4050-5g(config-if)#switchport atmf-link

4050-5g(config-if)#11:06:13 4050-5g ATMF[1194]: IE520-stk has left. 1 member in total.                                                                               

exit

4050-5g(config)#end

4050-5g#

##### stk :: remove virtual-link, restore switchport atmf-link
br-atmfmgmt: port 2(vlink1.4092) entered disabled state
23:06:10 IE520-stk ATMF[710]: ATMF link (vlink1): Remote ATMF node sent packet 

with incompatible flag set                                                                               

23:06:13 IE520-stk ATMF[710]: 4050-5g has left. 1 member in total.                                                                               

configure terminal

Enter configuration commands, one per line.  End with CNTL/Z.
IE520-stk(config)#no atmf virtual-link id 1

vlink1.4092 (unregistering): left allmulticast mode
vlink1 (unregistering): left allmulticast mode
vlink1.4092 (unregistering): left promiscuous mode
vlink1 (unregistering): left promiscuous mode
br-atmfmgmt: port 2(vlink1.4092) entered disabled state
IE520-stk(config)#interface po1

IE520-stk(config-if)#switchport atmf-link

IE520-stk(config-if)#exit

IE520-stk(config)#end

IE520-stk#

##### ar  :: no atmf master
configure terminal

Enter configuration commands, one per line.  End with CNTL/Z.
4050-5g(config)#no atmf master

4050-5g(config)#end

4050-5g#

##### stk :: atmf master (DUT becomes master)
configure terminal

Enter configuration commands, one per line.  End with CNTL/Z.
IE520-stk(config)#atmf master

IE520-stk(config)#end

IE520-stk#

##### stk :: show atmf AFTER master swap
23:06:32 IE520-stk ATMF[710]: 4050-5g has joined. 2 members in total.                                                                               

show atmf

ATMF Summary Information:

ATMF Status           : Enabled
Network Name          : tb470
Node Name             : IE520-stk
Role                  : Master
Restricted login      : Disabled
Secure Mode           : Disabled
Current ATMF Guests   : 0
Current ATMF Nodes    : 2
Total number of licensed nodes available is 4094


IE520-stk#

##### ar :: show atmf AFTER master swap
11:06:32 4050-5g ATMF[1194]: IE520-stk has joined. 2 members in total.                                                                               

show atmf

ATMF Summary Information:

ATMF Status           : Enabled
Network Name          : tb470
Node Name             : 4050-5g
Role                  : Member
Restricted login      : Disabled
Secure Mode           : Disabled
Current ATMF Nodes    : 2


4050-5g#

##### stk :: show atmf nodes (DUT is master)
show atmf nodes


Node Information:

  * = Local device 

 SC = Switch Configuration:
  C = Chassis   S = Stackable   N = Standalone

  Node                 Device             ATMF         Parent              Node 
  Name                 Type               Master  SC   Domain              Depth
--------------------------------------------------------------------------------
* IE520-stk            AT-IE520-28GSX       Y     S    none                  0
  4050-5g              AR4050S-5G           N     N    IE520-stk             1

 Node map exchange is active
 Current ATMF node count 2
IE520-stk#

##### stk :: show atmf links
show atmf links


ATMF Link Brief Information:

Local       Link      Link    ATMF         Adjacent          Adjacent Link
Port        Type      Status  State        Node/Area         Ifindex  State
--------------------------------------------------------------------------------
po1         Downlink  Up      Full         4050-5g           4751     Forwarding

* = Provisioned.


IE520-stk#

=== STEP 2: nodes leaving and joining must not affect the DUT ===

##### ar :: shutdown po1 (node LEAVES)
configure terminal

Enter configuration commands, one per line.  End with CNTL/Z.
4050-5g(config)#interface po1

4050-5g(config-if)#shutdown

4050-5g(config-if)#exit

4050-5g(config)#end

4050-5g#11:09:11 4050-5g ATMF[1194]: IE520-stk has left. 1 member in total.                                                                               



##### stk :: show atmf while member is GONE
show atmf

ATMF Summary Information:

ATMF Status           : Enabled
Network Name          : tb470
Node Name             : IE520-stk
Role                  : Master
Restricted login      : Disabled
Secure Mode           : Disabled
Current ATMF Guests   : 0
Current ATMF Nodes    : 1
Total number of licensed nodes available is 4094


IE520-stk#

##### stk :: show atmf nodes while member is GONE
show atmf nodes


Node Information:

  * = Local device 

 SC = Switch Configuration:
  C = Chassis   S = Stackable   N = Standalone

  Node                 Device             ATMF         Parent              Node 
  Name                 Type               Master  SC   Domain              Depth
--------------------------------------------------------------------------------
* IE520-stk            AT-IE520-28GSX       Y     S    none                  0

 Node map exchange is active
 Current ATMF node count 1
IE520-stk#

##### ar :: no shutdown po1 (node REJOINS)
configure terminal

Enter configuration commands, one per line.  End with CNTL/Z.
4050-5g(config)#interface po1

4050-5g(config-if)#no shutdown

4050-5g(config-if)#exit

4050-5g(config)#end

4050-5g#

##### stk :: show atmf after member REJOINED
show atmf

ATMF Summary Information:

ATMF Status           : Enabled
Network Name          : tb470
Node Name             : IE520-stk
Role                  : Master
Restricted login      : Disabled
Secure Mode           : Disabled
Current ATMF Guests   : 0
Current ATMF Nodes    : 2
Total number of licensed nodes available is 4094


IE520-stk#

##### stk :: show atmf nodes after member REJOINED
show atmf nodes


Node Information:

  * = Local device 

 SC = Switch Configuration:
  C = Chassis   S = Stackable   N = Standalone

  Node                 Device             ATMF         Parent              Node 
  Name                 Type               Master  SC   Domain              Depth
--------------------------------------------------------------------------------
* IE520-stk            AT-IE520-28GSX       Y     S    none                  0
  4050-5g              AR4050S-5G           N     N    IE520-stk             1

 Node map exchange is active
 Current ATMF node count 2
IE520-stk#
RESULT step2: gone(nodes=1 role=Master) rejoined(nodes=2 role=Master)

=== STEP 3: atmf working-set group all ===

##### stk :: atmf working-set group all
atmf working-set group all

===================
4050-5g, IE520-stk:
===================

Working set join


tb470[2]#

##### stk :: show atmf Node Name INSIDE working set
show atmf | include Node Name

========
4050-5g:
========

Node Name             : 4050-5g

==========
IE520-stk:
==========

Node Name             : IE520-stk

tb470[2]#

##### stk :: back to local working set
atmf working-set group local

==========
IE520-stk:
==========

Working set join


IE520-stk#

=== RECOVERY: back out an ACCIDENTAL local secure-mode enable (operator error, see note) ===

##### stk :: no atmf secure-mode
no atmf secure-mode

IE520-stk(config)#

##### DUT :: show atmf after recovery
show atmf

ATMF Summary Information:

ATMF Status           : Enabled
Network Name          : tb470
Node Name             : IE520-stk
Role                  : Master
Restricted login      : Enabled
Secure Mode           : Disabled
Current ATMF Guests   : 0
Current ATMF Nodes    : 2
Total number of licensed nodes available is 4094


IE520-stk#

##### member :: show atmf after recovery
show atmf

ATMF Summary Information:

ATMF Status           : Enabled
Network Name          : tb470
Node Name             : 4050-5g
Role                  : Member
Restricted login      : Enabled
Secure Mode           : Disabled
Current ATMF Nodes    : 2


4050-5g#

=== STEP 4: atmf secure-mode enable-all (privileged EXEC on the DUT/master) ===

##### stk :: atmf secure-mode enable-all
atmf secure-mode enable-all


Total number of nodes 2
2 nodes support secure-mode

Enable secure-mode across the ATMF network ? (y/n): 

##### stk :: confirm y
y

23:18:23 IE520-stk IMISH[4913]: Please wait while nodes leave and rejoin the ne

twork with the updated setting.                                                                               



##### DUT/master :: show atmf after enable-all
show atmf

ATMF Summary Information:

ATMF Status           : Enabled
Network Name          : tb470
Node Name             : IE520-stk
Role                  : Master
Restricted login      : Enabled
Secure Mode           : Enabled
Current ATMF Guests   : 0
Current ATMF Nodes    : 1
Total number of licensed nodes available is 4094


IE520-stk#

##### member :: show atmf after enable-all
show atmf

ATMF Summary Information:

ATMF Status           : Enabled
Network Name          : tb470
Node Name             : 4050-5g
Role                  : Member
Restricted login      : Enabled
Secure Mode           : Enabled
Current ATMF Nodes    : 1


4050-5g#

##### stk :: show atmf nodes after enable-all
show atmf nodes


Node Information:

  * = Local device 

 SC = Switch Configuration:
  C = Chassis   S = Stackable   N = Standalone

  Node                 Device             ATMF         Parent              Node 
  Name                 Type               Master  SC   Domain              Depth
--------------------------------------------------------------------------------
* IE520-stk            AT-IE520-28GSX       Y     S    none                  0

 Node map exchange is active
 Current ATMF node count 1
IE520-stk#

=== DIAGNOSTIC: link flap after secure-mode enable-all ===

##### ar :: flap po1
configure terminal

Enter configuration commands, one per line.  End with CNTL/Z.
4050-5g(config)#interface po1

4050-5g(config-if)#shutdown

4050-5g(config-if)#exit

4050-5g(config)#end

4050-5g#

##### ar :: no shutdown po1
configure terminal

Enter configuration commands, one per line.  End with CNTL/Z.
4050-5g(config)#interface po1

4050-5g(config-if)#no shutdown

4050-5g(config-if)#exit

4050-5g(config)#end

4050-5g#

##### DUT/master :: after flap show atmf
show atmf

ATMF Summary Information:

ATMF Status           : Enabled
Network Name          : tb470
Node Name             : IE520-stk
Role                  : Master
Restricted login      : Enabled
Secure Mode           : Enabled
Current ATMF Guests   : 0
Current ATMF Nodes    : 1
Total number of licensed nodes available is 4094


IE520-stk#

##### DUT/master :: after flap links
show atmf links


ATMF Link Brief Information:

Local       Link      Link    ATMF         Adjacent          Adjacent Link
Port        Type      Status  State        Node/Area         Ifindex  State
--------------------------------------------------------------------------------
po1         Downlink  Up      OneWay       4050-5g           0        Blocking

* = Provisioned.


IE520-stk#

##### member :: after flap show atmf
show atmf

ATMF Summary Information:

ATMF Status           : Enabled
Network Name          : tb470
Node Name             : 4050-5g
Role                  : Member
Restricted login      : Enabled
Secure Mode           : Enabled
Current ATMF Nodes    : 1


4050-5g#

##### member :: after flap links
show atmf links


ATMF Link Brief Information:

Local       Link      Link    ATMF         Adjacent          Adjacent Link
Port        Type      Status  State        Node/Area         Ifindex  State
--------------------------------------------------------------------------------
po1         Downlink  Up      OneWay       IE520-stk         0        Blocking

* = Provisioned.


4050-5g#

=== STEP 5: disable secure mode ===

##### stk :: literal `no atmf secure-mode enable-all` in EXEC
no atmf secure-mode enable-all

% Warning: All security certificates will be deleted.
Disable secure-mode across the ATMF network ? (y/n): 

##### DUT/master :: no atmf secure-mode (config mode)
no atmf secure-mode

IE520-stk(config)#

##### member :: no atmf secure-mode (config mode)
no atmf secure-mode

4050-5g(config)#

##### DUT/master :: after disabling secure mode
show atmf

ATMF Summary Information:

ATMF Status           : Enabled
Network Name          : tb470
Node Name             : IE520-stk
Role                  : Master
Restricted login      : Enabled
Secure Mode           : Disabled
Current ATMF Guests   : 0
Current ATMF Nodes    : 2
Total number of licensed nodes available is 4094


IE520-stk#

##### member :: after disabling secure mode
show atmf

ATMF Summary Information:

ATMF Status           : Enabled
Network Name          : tb470
Node Name             : 4050-5g
Role                  : Member
Restricted login      : Enabled
Secure Mode           : Disabled
Current ATMF Nodes    : 2


4050-5g#
literal exec `no ... enable-all` accepted = True

=== EXPERIMENT: is the secure-mode failure specific to the LACP AGGREGATE? ===
Collapse to ONE physical AMF link (no aggregate), loop-free, then retry secure mode.

##### ar  :: shutdown port1.0.4 (2nd member link)
configure terminal

Enter configuration commands, one per line.  End with CNTL/Z.
4050-5g(config)#interface port1.0.4

4050-5g(config-if)#shutdown

4050-5g(config-if)#exit

4050-5g(config)#end

4050-5g#

##### stk :: shutdown port4.0.2 (2nd member link)
switch: port 60(port4.0.2) entered disabled state
configure terminal

Enter configuration commands, one per line.  End with CNTL/Z.
IE520-stk(config)#interface port4.0.2

IE520-stk(config-if)#shutdown

switch: port 60(port4.0.2) entered disabled state
IE520-stk(config-if)#exit

IE520-stk(config)#end

IE520-stk#

##### ar  :: port1.0.2 standalone atmf-link
configure terminal

Enter configuration commands, one per line.  End with CNTL/Z.
4050-5g(config)#interface port1.0.2

4050-5g(config-if)#no channel-group

% port1.0.2: po1 has an ATMF link enabled. Please remove the ATMF link first.
4050-5g(config-if)#switchport

% port1.0.2: Interface already a switchport.
4050-5g(config-if)#switchport mode access

% port1.0.2: Cannot configure aggregator member.
4050-5g(config-if)#switchport access vlan 10

% port1.0.2: Cannot configure aggregator member.
4050-5g(config-if)#switchport atmf-link

% Cannot configure atmf-link on aggregator member.
4050-5g(config-if)#exit

4050-5g(config)#end

4050-5g#

##### stk :: port1.0.2 standalone atmf-link
configure terminal

Enter configuration commands, one per line.  End with CNTL/Z.
IE520-stk(config)#interface port1.0.2

IE520-stk(config-if)#no channel-group

% port1.0.2: po1 has an ATMF link enabled. Please remove the ATMF link first.
IE520-stk(config-if)#switchport

% port1.0.2: Interface already a switchport.
IE520-stk(config-if)#switchport mode access

% port1.0.2: Cannot configure aggregator member.
IE520-stk(config-if)#switchport access vlan 10

% port1.0.2: Cannot configure aggregator member.
IE520-stk(config-if)#switchport atmf-link

% Cannot configure atmf-link on aggregator member.
IE520-stk(config-if)#exit

IE520-stk(config)#end

IE520-stk#

##### DUT/master :: single-port AMF link, secure mode OFF
show atmf

ATMF Summary Information:

ATMF Status           : Enabled
Network Name          : tb470
Node Name             : IE520-stk
Role                  : Master
Restricted login      : Enabled
Secure Mode           : Disabled
Current ATMF Guests   : 0
Current ATMF Nodes    : 2
Total number of licensed nodes available is 4094


IE520-stk#

##### member :: single-port AMF link, secure mode OFF
show atmf

ATMF Summary Information:

ATMF Status           : Enabled
Network Name          : tb470
Node Name             : 4050-5g
Role                  : Member
Restricted login      : Enabled
Secure Mode           : Disabled
Current ATMF Nodes    : 2


4050-5g#

===========================================================================
ADDENDUM 2026-09-21 -- ATMF SECURE MODE PERSISTS WITHOUT AN EXPLICIT WRITE
===========================================================================

Found while setting up 38475, and it sharpens the §STEP 4 finding above.

`atmf secure-mode` was still in the DUT's **startup-config** hours later:

    IE520-stk# show startup-config | include atmf
    atmf network-name tb470
    atmf master
    atmf secure-mode              <-- still there
    no atmf backup guests enable
    switchport atmf-link

**No `write` / `copy running-config startup-config` was ever issued** between
enabling secure mode and finding this. Enabling ATMF secure mode persists
itself to startup-config on its own.

**Consequence, observed live:** after the member reboots during the 38475
setup, the stack reloaded `atmf secure-mode` from startup-config while the new
AMF master (the AR4050S) had it disabled. The network would not form, and both
ends reported:

    1.0.2   Downlink  Up  OneWaySm  x230-10GP  Blocking
    vlink1  Downlink      OneWaySm  -          Blocking

Note the **`Sm`** suffix -- a secure-mode-qualified OneWay, distinct from the
plain `OneWay` seen in STEP 4. Clearing it with `no atmf secure-mode` on the
DUT restored the network to 3 nodes within one settle period.

**Two things this adds to the STEP 4 finding:**
 1. A secure/non-secure MISMATCH between nodes reproducibly yields
    OneWaySm/Blocking. That is a different (and explicable) state from STEP 4,
    where BOTH nodes were in secure mode and still would not form.
 2. Anyone reproducing STEP 4 must clear secure mode from **startup-config**,
    not just the running config, or it returns at the next reboot and looks
    like a fresh failure.
