   74.5s === STEP 4: atmf cleanup on the DUT (x230) ===
  121.5s atmf cleanup
This command will erase all NVS, all flash contents except for
the boot release, a GUI resource file, and installed licenses,
and then reboot the device.
Proceed ? (y/n):
  469.9s CONFIRM-> g Active Workload to HA processes:
hsl, nsm, lacpd, loopprotd, mstpd, rmond, sflowd
authd, lldpd, imi

Received event [1;34mnetwork.activated[m

Loading default configuration
Warning: flash:/default.cfg does not exist, loading factory defaults.
.

done!
Received event [1;34mnetwork.configured[m
[m

awplus login: 19:08:53 awplus Autoboot: autoboot.txt not found
19:09:14 awplus : IP address assignment underway:
19:09:52 awplus : Interface vlan1 address set to 10.38.215.9/27

  503.9s === STEP 5: no shutdown on the provisioning port ===
no shutdown
IE520-stk(config-if)#switch: port 86(port1.0.2) entered blocking state
switch: port 86(port1.0.2) entered forwarding state

  557.0s [DUT] 19:11:34 awplus ATMF[956]: ATMF network detected
  557.0s [DUT] 19:11:34 awplus ATMF[956]: ATMF safe mode config applied (forwarding disabled)
  608.0s [DUT] 19:13:04 awplus ATMF[956]: Shutting down all non ATMF ports
  608.0s [DUT] 19:13:04 awplus ATMF[956]: host_001a_eb91_cca1 has left. 0 member in total.
  608.0s [DUT] 19:13:07 x230-10GP ATMF[956]: x230-10GP has joined. 1 member in total.
  608.0s [DUT] 19:13:07 x230-10GP atmffsd: Automatic node recovery started
  608.0s [DUT] 19:13:07 x230-10GP atmffsd: Attempting to recover as x230-10GP
  615.1s [DUT] 19:13:14 x230-10GP ATMF[956]: 4050-5g has joined. 2 members in total.
  615.1s [DUT] 19:13:14 x230-10GP ATMF[956]: IE520-stk has joined. 3 members in total.
  628.1s [DUT] 19:13:28 x230-10GP atmffsd: Checking controller and master node availability
  653.1s [DUT] 19:13:53 x230-10GP atmffsd: Retrieving recovery data from recovery node IE520-stk
  689.1s [DUT] 19:14:29 x230-10GP atmffsd: File recovery from master node succeeded. Node will now reboot
  702.2s [DUT] Unmounting any reboot: Restarting system
  702.2s [DUT] Bootloader 3.2.16 loaded
  702.2s [DUT] Press <Ctrl+B> for the Boot Menu
  711.2s [DUT] Warning: System has been forced to boot from a non-standard location
  711.2s [DUT] To restore the system to default behaviour, enter the Boot Menu,
  711.2s [DUT] Loading tftp://10.38.215.1/x230-tb470.rel...
  730.0s [MASTER] 1.0.2       Downlink  Up      Full         *x230-10GP        5003     Forwarding
  730.0s [MASTER] IE520-stk#switch: port 86(port1.0.2) entered disabled state
  753.2s [DUT] Verifying release...
  760.2s [DUT] Booting...
  765.2s [DUT] AlliedWare Plus (TM) v5.5.5
  765.2s [DUT] Current release filename:
  796.2s [DUT] Starting base/reboot-stability...                       [  [1;32mOK[m  ]
  796.2s [DUT] Checking system reboot stability...                     [  [1;32mOK[m  ]
  855.3s [DUT] atmf_agentd, execd, hostd
  867.3s [DUT] auth, lacp, loopprot, udldd, atmfd, lldpd, nsm
  885.1s [MASTER] 1.0.2       Downlink  Down    Init         *x230-10GP        -        Blocking
 1040.1s [MASTER] 1.0.2       Downlink  Down    Init         *x230-10GP        -        Blocking
 1047.5s [DUT] Loading configuration file flash:/default.cfg, please wait.
 1054.5s [DUT] x230-10GP login:
 1195.1s [MASTER] switch: port 86(port1.0.2) entered blocking state
 1195.1s [MASTER] switch: port 86(port1.0.2) entered forwarding state
 1195.1s [MASTER] 1.0.2       Downlink  Up      OneWay       *x230-10GP        0        Blocking
 1350.2s [MASTER] 1.0.2       Downlink  Up      OneWay       *x230-10GP        0        Blocking
 1505.2s [MASTER] 1.0.2       Downlink  Up      OneWay       *x230-10GP        0        Blocking
 1660.3s [MASTER] 1.0.2       Downlink  Up      OneWay       *x230-10GP        0        Blocking
 1815.3s [MASTER] 1.0.2       Downlink  Up      OneWay       *x230-10GP        0        Blocking
 1970.3s [MASTER] 1.0.2       Downlink  Up      OneWay       *x230-10GP        0        Blocking
 2125.4s [MASTER] 1.0.2       Downlink  Up      OneWay       *x230-10GP        0        Blocking
 2127.4s === window ended ===
