
===== opened /dev/u5 at 2026-09-21 13:56:42 =====

IE520-stk-3 login: manager
Password: 
enable
enable
AlliedWare Plus (TM) 0.0.0 09/13/26 11:21:26

IE520-stk>enable
IE520-stk#
>>> terminal length 0
terminal length 0
IE520-stk#
>>> terminal no monitor
terminal no monitor
IE520-stk#
>>> terminal length 0
terminal length 0
IE520-stk#
>>> show stack
show stack
Virtual Chassis Stacking summary information

ID   Pending ID  MAC address        Priority  Status  Role
1    -           84e3.2787.0ac0     1         Ready   Active Master
2    -           84e3.2787.0780     2         Ready   Backup Member
3    -           84e3.2787.0740     128       Syncing Backup Member
4    -           84e3.2787.09c0     128       Ready   Backup Member

Operational Status                 Normal operation
Stack MAC address                  0000.cd37.0d6f (Virtual MAC)
IE520-stk#
>>> show atmf backup
show atmf backup
Node Backup ........... Enabled
  Schedule ............ 1 per day starting at 03:00
  Next Backup Time .... 21 Sep 2026 03:00
Backup Bandwidth ...... Unlimited
Backup Media .......... NONE
Current Action ........ Idle
  Started ............. -
  Current Node ........ -
Backup Redundancy ..... Disabled
Recovery Server ....... Disabled


% No backup media found on this device

IE520-stk#