
===== opened /dev/u5 at 2026-09-22 07:47:20 =====

IE520-stk#
>>> terminal length 0
terminal length 0
IE520-stk#
>>> terminal no monitor
terminal no monitor
IE520-stk#
>>> terminal length 0
terminal length 0
IE520-stk#
>>> show atmf links
show atmf links

ATMF Link Brief Information:

Local       Link      Link    ATMF         Adjacent          Adjacent Link
Port        Type      Status  State        Node/Area         Ifindex  State
--------------------------------------------------------------------------------
1.0.2       Downlink  Up      OneWay       *x230-10GP        0        Blocking
vlink1      Downlink          Full         4050-5g           16779265 Forwarding

* = Provisioned.


IE520-stk#
>>> show loop-protection
show loop-protection


LDF Interval:    1
Fast Block:      Enabled
Total Instances: 104 (104 packets/s)
                                                        Timeout
  Int           Enabled  Action     Status    Timeout   Remain   Rx port
  --------------------------------------------------------------------------
  port1.0.1     Yes      vlan-dis   Normal    7         -        -          
  port1.0.2     Yes      vlan-dis   Normal    7         -        -          
  port1.0.3     Yes      vlan-dis   Normal    7         -        -          
  port1.0.4     Yes      vlan-dis   Normal    7         -        -          
  port1.0.5     Yes      vlan-dis   Normal    7         -        -          
  port1.0.6     Yes      vlan-dis   Normal    7         -        -          
  port1.0.7     Yes      vlan-dis   Normal    7         -        -          
  port1.0.8     Yes      vlan-dis   Normal    7         -        -          
  port1.0.9     Yes      vlan-dis   Normal    7         -        -          
  port1.0.10    Yes      vlan-dis   Normal    7         -        -          
  port1.0.11    Yes      vlan-dis   Normal    7         -        -          
  port1.0.12    Yes      vlan-dis   Normal    7         -        -          
  port1.0.13    Yes      vlan-dis   Normal    7         -        -          
  port1.0.14    Yes      vlan-dis   Normal    7         -        -          
  port1.0.15    Yes      vlan-dis   Normal    7         -        -          
  port1.0.16    Yes      vlan-dis   Normal    7         -        -          
  port1.0.17    Yes      vlan-dis   Normal    7         -        -          
  port1.0.18    Yes      vlan-dis   Normal    7         -        -          
  port1.0.19    Yes      vlan-dis   Normal    7         -        -          
  port1.0.20    Yes      vlan-dis   Normal    7         -        -          
  port1.0.21    Yes      vlan-dis   Normal    7         -        -          
  port1.0.22    Yes      vlan-dis   Normal    7         -        -          
  port1.0.23    Yes      vlan-dis   Normal    7         -        -          
  port1.0.24    Yes      vlan-dis   Normal    7         -        -          
  port1.0.25    Yes      vlan-dis   Normal    7         -        -          
  port1.0.26    Yes      vlan-dis   Normal    7         -        -          
  port2.0.1     Yes      vlan-dis   Normal    7         -        -          
  port2.0.2     Yes      vlan-dis   Normal    7         -        -          
  port2.0.3     Yes      vlan-dis   Normal    7         -        -          
  port2.0.4     Yes      vlan-dis   Normal    7         -        -          
  port2.0.5     Yes      vlan-dis   Normal    7         -        -          
  port2.0.6     Yes      vlan-dis   Normal    7         -        -          
  port2.0.7     Yes      vlan-dis   Normal    7         -        -          
  port2.0.8     Yes      vlan-dis   Normal    7         -        -          
  port2.0.9     Yes      vlan-dis   Normal    7         -        -          
  port2.0.10    Yes      vlan-dis   Normal    7         -        -          
  port2.0.11    Yes      vlan-dis   Normal    7         -        -          
  port2.0.12    Yes      vlan-dis   Normal    7         -        -          
  port2.0.13    Yes      vlan-dis   Normal    7         -        -          
  port2.0.14    Yes      vlan-dis   Normal    7         -        -          
  port2.0.15    Yes      vlan-dis   Normal    7         -        -          
  port2.0.16    Yes      vlan-dis   Normal    7         -        -          
  port2.0.17    Yes      vlan-dis   Normal    7         -        -          
  port2.0.18    Yes      vlan-dis   Normal    7         -        -          
  port2.0.19    Yes      vlan-dis   Normal    7         -        -          
  port2.0.20    Yes      vlan-dis   Normal    7         -        -          
  port2.0.21    Yes      vlan-dis   Normal    7         -        -          
  port2.0.22    Yes      vlan-dis   Normal    7         -        -          
  port2.0.23    Yes      vlan-dis   Normal    7         -        -          
  port2.0.24    Yes      vlan-dis   Normal    7         -        -          
  port2.0.25    Yes      vlan-dis   Normal    7         -        -          
  port2.0.26    Yes      vlan-dis   Normal    7         -        -          
  port3.0.1     Yes      vlan-dis   Normal    7         -        -          
  port3.0.2     Yes      vlan-dis   Normal    7         -        -          
  port3.0.3     Yes      vlan-dis   Normal    7         -        -          
  port3.0.4     Yes      vlan-dis   Normal    7         -        -          
  port3.0.5     Yes      vlan-dis   Normal    7         -        -          
  port3.0.6     Yes      vlan-dis   Normal    7         -        -          
  port3.0.7     Yes      vlan-dis   Normal    7         -        -          
  port3.0.8     Yes      vlan-dis   Normal    7         -        -          
  port3.0.9     Yes      vlan-dis   Normal    7         -        -          
  port3.0.10    Yes      vlan-dis   Normal    7         -        -          
  port3.0.11    Yes      vlan-dis   Normal    7         -        -          
  port3.0.12    Yes      vlan-dis   Normal    7         -        -          
  port3.0.13    Yes      vlan-dis   Normal    7         -        -          
  port3.0.14    Yes      vlan-dis   Normal    7         -        -          
  port3.0.15    Yes      vlan-dis   Normal    7         -        -          
  port3.0.16    Yes      vlan-dis   Normal    7         -        -          
  port3.0.17    Yes      vlan-dis   Normal    7         -        -          
  port3.0.18    Yes      vlan-dis   Normal    7         -        -          
  port3.0.19    Yes      vlan-dis   Normal    7         -        -          
  port3.0.20    Yes      vlan-dis   Normal    7         -        -          
  port3.0.21    Yes      vlan-dis   Normal    7         -        -          
  port3.0.22    Yes      vlan-dis   Normal    7         -        -          
  port3.0.23    Yes      vlan-dis   Normal    7         -        -          
  port3.0.24    Yes      vlan-dis   Normal    7         -        -          
  port3.0.25    Yes      vlan-dis   Normal    7         -        -          
  port3.0.26    Yes      vlan-dis   Normal    7         -        -          
  port4.0.1     Yes      vlan-dis   Normal    7         -        -          
  port4.0.2     No       -          -         -         -        -          
  port4.0.3     Yes      vlan-dis   Normal    7         -        -          
  port4.0.4     Yes      vlan-dis   Normal    7         -        -          
  port4.0.5     Yes      vlan-dis   Normal    7         -        -          
  port4.0.6     Yes      vlan-dis   Normal    7         -        -          
  port4.0.7     Yes      vlan-dis   Normal    7         -        -          
  port4.0.8     Yes      vlan-dis   Normal    7         -        -          
  port4.0.9     Yes      vlan-dis   Normal    7         -        -          
  port4.0.10    Yes      vlan-dis   Normal    7         -        -          
  port4.0.11    Yes      vlan-dis   Normal    7         -        -          
  port4.0.12    Yes      vlan-dis   Normal    7         -        -          
  port4.0.13    Yes      vlan-dis   Normal    7         -        -          
  port4.0.14    Yes      vlan-dis   Normal    7         -        -          
  port4.0.15    Yes      vlan-dis   Normal    7         -        -          
  port4.0.16    Yes      vlan-dis   Normal    7         -        -          
  port4.0.17    Yes      vlan-dis   Normal    7         -        -          
  port4.0.18    Yes      vlan-dis   Normal    7         -        -          
  port4.0.19    Yes      vlan-dis   Normal    7         -        -          
  port4.0.20    Yes      vlan-dis   Normal    7         -        -          
  port4.0.21    Yes      vlan-dis   Normal    7         -        -          
  port4.0.22    Yes      vlan-dis   Normal    7         -        -          
  port4.0.23    Yes      vlan-dis   Normal    7         -        -          
  port4.0.24    Yes      vlan-dis   Normal    7         -        -          
  port4.0.25    Yes      vlan-dis   Normal    7         -        -          
  port4.0.26    Yes      vlan-dis   Normal    7         -        -          
  po1           Yes      vlan-dis   Normal    7         -        -          
IE520-stk#
>>> show log tail 25
show log tail 25
7[r[999;999H[6n
<date> <time> <facility>.<severity> <program[<pid>]>: <message>
-------------------------------------------------------------------------
2026 Sep 21 19:11:30 user.notice IE520-stk NSM[689]: Port up notification received for port1.0.2 
2026 Sep 21 19:11:52 user.notice IE520-stk IMISH[14075]: [manager@ttyS0]exit
2026 Sep 21 19:12:04 user.notice IE520-stk ATMF[722]: Interface port1.0.2 link partner has no valid ATMF response.
2026 Sep 21 19:13:11 user.notice IE520-stk ATMF[722]: ATMF port (5002) remote port reset
2026 Sep 21 19:13:15 local6.crit IE520-stk ATMF[722]: x230-10GP has joined. 3 members in total.
2026 Sep 21 19:14:16 user.notice IE520-stk IMISH[14075]: [manager@ttyS0]show atmf links
2026 Sep 21 19:14:41 user.notice IE520-stk NSM[689]: Port down notification received for port1.0.2 
2026 Sep 21 19:14:43 local6.crit IE520-stk ATMF[722]: x230-10GP has left. 2 members in total.
2026 Sep 21 19:17:13 user.notice IE520-stk IMISH[14075]: [manager@ttyS0]show atmf links
2026 Sep 21 19:19:48 user.notice IE520-stk IMISH[14075]: [manager@ttyS0]show atmf links
2026 Sep 21 19:20:31 user.notice IE520-stk NSM[689]: Port up notification received for port1.0.2 
2026 Sep 21 19:21:05 user.notice IE520-stk ATMF[722]: Interface port1.0.2 link partner has no valid ATMF response.
2026 Sep 21 19:22:23 user.notice IE520-stk IMISH[14075]: [manager@ttyS0]show atmf links
2026 Sep 21 19:24:58 user.notice IE520-stk IMISH[14075]: [manager@ttyS0]show atmf links
2026 Sep 21 19:27:33 user.notice IE520-stk IMISH[14075]: [manager@ttyS0]show atmf links
2026 Sep 21 19:30:08 user.notice IE520-stk IMISH[14075]: [manager@ttyS0]show atmf links
2026 Sep 21 19:32:43 user.notice IE520-stk IMISH[14075]: [manager@ttyS0]show atmf links
2026 Sep 21 19:35:18 user.notice IE520-stk IMISH[14075]: [manager@ttyS0]show atmf links
2026 Sep 21 19:37:54 user.notice IE520-stk IMISH[14075]: [manager@ttyS0]show atmf links
2026 Sep 21 19:47:21 user.notice IE520-stk IMISH[14075]: [manager@ttyS0]terminal length 0
2026 Sep 21 19:47:22 user.notice IE520-stk IMISH[14075]: [manager@ttyS0]terminal no monitor
2026 Sep 21 19:47:23 user.notice IE520-stk IMISH[14075]: [manager@ttyS0]terminal length 0
2026 Sep 21 19:47:29 user.notice IE520-stk IMISH[14075]: [manager@ttyS0]show atmf links
2026 Sep 21 19:47:30 user.notice IE520-stk IMISH[14075]: [manager@ttyS0]show loop-protection
2026 Sep 21 19:47:37 user.notice IE520-stk IMISH[14075]: [manager@ttyS0]show log tail 25
IE520-stk#