
===== opened /dev/u0 at 2026-09-21 12:55:28 =====

enable
Login incorrect

x230-10GP login: 
>>> terminal length 0
terminal length 0
x230-10GP#
>>> show interface status
show interface status
Port        Name               Status      Vlan      Duplex Speed   Type        
--------------------------------------------------------------------------------
port1.0.1   -                  connected         100 a-full a-1000  1000BASE-T  
port1.0.2   -                  connected         100 a-full a-1000  1000BASE-T  
port1.0.3   -                  connected         100 a-full a-1000  1000BASE-T  
port1.0.4   -                  notconnect        100 auto   auto    1000BASE-T  
port1.0.5   -                  notconnect        100 auto   auto    1000BASE-T  
port1.0.6   -                  notconnect        100 auto   auto    1000BASE-T  
port1.0.7   -                  notconnect        100 auto   auto    1000BASE-T  
port1.0.8   -                  notconnect        100 auto   auto    1000BASE-T  
port1.0.9   -                  notconnect        100 auto   auto    not present 
port1.0.10  -                  notconnect        100 auto   auto    not present 
po1         -                  notconnect        100 auto   auto    -           
po2         -                  notconnect        100 auto   auto    -           

x230-10GP#
>>> show license
show license

Board region: Global

Feature licenses:

Index                         : 1
License name                  : Base License
Customer name                 : Base License
Type of license               : Full 
License issue date            : 21-Sep-2026
Features included             : BASE-AW+, BW-UNLIMITED, IPv6Basic,
                                L3-FORWARDING, L3-MC-ROUTE, LAG-FULL, MLDSnoop,
                                No-License-Lock, RADIUS-100, RIP, RIPNG, UFO

Index                         : 2
License name                  : access
Customer name                 : ATI-EMEA (Use Only with permission)
Quantity of licenses          : 1
Type of license               : Full 
License issue date            : 16-Oct-2009
Features included             : ACCESS


Release licenses on this unit:

x230-10GP#
>>> show license
show license

Board region: Global

Feature licenses:

Index                         : 1
License name                  : Base License
Customer name                 : Base License
Type of license               : Full 
License issue date            : 21-Sep-2026
Features included             : BASE-AW+, BW-UNLIMITED, IPv6Basic,
                                L3-FORWARDING, L3-MC-ROUTE, LAG-FULL, MLDSnoop,
                                No-License-Lock, RADIUS-100, RIP, RIPNG, UFO

Index                         : 2
License name                  : access
Customer name                 : ATI-EMEA (Use Only with permission)
Quantity of licenses          : 1
Type of license               : Full 
License issue date            : 16-Oct-2009
Features included             : ACCESS


Release licenses on this unit:

x230-10GP#
>>> show vlan brief
show vlan brief

VLAN ID  Name            Type    State   Member ports                   
                                         (u)-Untagged, (t)-Tagged
======= ================ ======= ======= ====================================
1       default          STATIC  ACTIVE  
100     VLAN0100         STATIC  ACTIVE  po1(u) po2(u) port1.0.1(u) 
                                         port1.0.2(u) port1.0.3(u) port1.0.4(u) 
                                         port1.0.5(u) port1.0.6(u) port1.0.7(u) 
                                         port1.0.8(u) port1.0.9(u) 
                                         port1.0.10(u) 
x230-10GP#
>>> show atmf
show atmf
ATMF Summary Information:

ATMF Status           : Enabled
Network Name          : Not Set
Node Name             : host_001a_eb91_cca1
Role                  : Member
Restricted login      : Enabled
Secure Mode           : Disabled
Current ATMF Nodes    : 1


x230-10GP#
>>> show mac address-table
show mac address-table
VLAN port             mac            fwd 
1    CPU          001a.eb91.cca1   forward       static 
100  CPU          001a.eb91.cca1   forward       static 
x230-10GP#
>>> show spanning-tree brief
show spanning-tree brief
Default: Bridge up - Spanning Tree Disabled
Default: Root Path Cost 0 - Root Port 0 -  Bridge Priority 32768
Default: Root Id 8000:001aeb91cca1
Default: Bridge Id 8000:001aeb91cca1

Port            Designated Bridge    Port Id    Role             State
po1             8000:001aeb91cca1    828f       Disabled         Forwarding
po2             0000:000000000000    8290       Disabled         Forwarding
port1.0.1       8000:001aeb91cca1    8389       Disabled         Forwarding
port1.0.5       8000:001aeb91cca1    838d       Disabled         Forwarding
port1.0.6       8000:001aeb91cca1    838e       Disabled         Forwarding
port1.0.7       8000:001aeb91cca1    838f       Disabled         Forwarding
port1.0.8       8000:001aeb91cca1    8390       Disabled         Forwarding
port1.0.9       8000:001aeb91cca1    8391       Disabled         Forwarding
port1.0.10      8000:001aeb91cca1    8392       Disabled         Forwarding
x230-10GP#
>>> show loop-protection
show loop-protection


LDF Interval:    10
Fast Block:      Disabled
Total Instances: 0 (0 packets/s)
                                                        Timeout
  Int           Enabled  Action     Status    Timeout   Remain   Rx port
  --------------------------------------------------------------------------
  port1.0.1     No       -          -         -         -        -          
  port1.0.2     No       -          -         -         -        -          
  port1.0.3     No       -          -         -         -        -          
  port1.0.4     No       -          -         -         -        -          
  port1.0.5     No       -          -         -         -        -          
  port1.0.6     No       -          -         -         -        -          
  port1.0.7     No       -          -         -         -        -          
  port1.0.8     No       -          -         -         -        -          
  port1.0.9     No       -          -         -         -        -          
  port1.0.10    No       -          -         -         -        -          
  po1           No       -          -         -         -        -          
  po2           No       -          -         -         -        -          
x230-10GP#
>>> show running-config
show running-config
!
service password-encryption
!
hostname x230-10GP
!
no banner motd
!
username manager privilege 15 password 8 $5$bJoPd84D$jDpGxr3DGpKESW14aCrmaazeZClEjvyEAJI77rEYMS3
!
!
ssh server secure-algs
ssh server allow-users manager
service ssh
!
no service telnet
!
service http
!
no clock timezone
!
snmp-server
!
!
!
aaa authentication enable default local
aaa authentication login default local
!
!
!
!
!
!
!
ip domain-lookup
!
!
!
no service dhcp-server
!
spanning-tree mode rstp
!
service power-inline
lacp global-passive-mode enable
no spanning-tree rstp enable
!
vlan database
 vlan 100 state enable
!
interface port1.0.1
 switchport
 switchport mode access
 switchport access vlan 100
!
interface port1.0.2
 switchport
 switchport mode access
 switchport access vlan 100
 channel-group 1 mode active
!
interface port1.0.3
 switchport
 switchport mode access
 switchport access vlan 100
!
interface port1.0.4
 switchport
 switchport mode access
 switchport access vlan 100
 channel-group 1 mode active
!
interface port1.0.5-1.0.10
 switchport
 switchport mode access
 switchport access vlan 100
!
interface po1
 switchport
 switchport mode access
 switchport access vlan 100
!
interface vlan100
 ip address 10.38.215.2/27
!
line con 0
line vty 0 7
!
end

x230-10GP#
>>> configure terminal
configure terminal
Enter configuration commands, one per line.  End with CNTL/Z.
x230-10GP(config)#
>>> lldp run
lldp run
x230-10GP(config)#
>>> end
end
x230-10GP#
>>> show lldp neighbors
show lldp neighbors

LLDP Neighbor Information:

Total number of neighbors on these ports .... 2

 System Capability Codes:
   O = Other   P = Repeater   B = Bridge               W = WLAN Access Point
   R = Router  T = Telephone  C = DOCSIS Cable Device  S = Station Only
 LLDP-MED Device Type and Power Source Codes:
   1 = Class I   3 = Class III    PSE  = PoE    Both = PoE&Local  Prim = Primary
   2 = Class II  N = Network Con. Locl = Local  Unkn = Unknown    Back = Backup

Local    Neighbor        Neighbor        Neighbor                System   MED   
Port     Chassis ID      Port ID         Sys Name                Cap.     Ty Pwr
--------------------------------------------------------------------------------
1.0.2    0000.cd40.0394  port1.0.2                                        
1.0.3    0000.cd37.0d6f  port1.0.2                                        
x230-10GP#