
===== opened /dev/u5 at 2026-09-21 11:33:36 =====

IE520-stk#
>>> terminal length 0
terminal length 0
IE520-stk#
>>> terminal no monitor
terminal no monitor
IE520-stk#
>>> terminal length 0
terminal length 0
IE520-stk#
>>> configure terminal
switch: port 60(port4.0.2) entered disabled state
configure terminal
Enter configuration commands, one per line.  End with CNTL/Z.
IE520-stk(config)#
>>> interface port4.0.2
interface port4.0.2
IE520-stk(config-if)#
>>> shutdown
shutdown
switch: port 60(port4.0.2) entered disabled state
IE520-stk(config-if)#
>>> exit
exit
IE520-stk(config)#
>>> end
end
IE520-stk#
>>> configure terminal
configure terminal
Enter configuration commands, one per line.  End with CNTL/Z.
IE520-stk(config)#
>>> interface port1.0.2
interface port1.0.2
IE520-stk(config-if)#
>>> no channel-group
no channel-group
% port1.0.2: po1 has an ATMF link enabled. Please remove the ATMF link first.
IE520-stk(config-if)#
>>> switchport
switchport
% port1.0.2: Interface already a switchport.
IE520-stk(config-if)#
>>> switchport mode access
switchport mode access
% port1.0.2: Cannot configure aggregator member.
IE520-stk(config-if)#
>>> switchport access vlan 10
switchport access vlan 10
% port1.0.2: Cannot configure aggregator member.
IE520-stk(config-if)#
>>> switchport atmf-link
switchport atmf-link
% Cannot configure atmf-link on aggregator member.
IE520-stk(config-if)#
>>> exit
exit
IE520-stk(config)#
>>> end
end
IE520-stk#
>>> show atmf
show atmf
ATMF Summary Information:

ATMF Status           : Enabled
Network Name          : tb470
Node Name             : IE520-stk
Role                  : Master
Restricted login      : Enabled
Secure Mode           : Disabled
Current ATMF Guests   : 0
Current ATMF Nodes    : 2
Total number of licensed nodes available is 4094


IE520-stk#
>>> show atmf links
show atmf links

ATMF Link Brief Information:

Local       Link      Link    ATMF         Adjacent          Adjacent Link
Port        Type      Status  State        Node/Area         Ifindex  State
--------------------------------------------------------------------------------
po1         Downlink  Up      Full         4050-5g           4751     Forwarding

* = Provisioned.


IE520-stk#