
===== opened /dev/u5 at 2026-09-21 15:19:09 =====

IE520-stk#
>>> terminal length 0
terminal length 0
IE520-stk#
>>> terminal no monitor
terminal no monitor
IE520-stk#
>>> terminal length 0
terminal length 0
IE520-stk#
>>> atmf provision node x230-10GP
atmf provision node x230-10GP
IE520-stk[atmf-provision]#
>>> create
create
IE520-stk[atmf-provision]#
>>> locate
locate
IE520-stk[atmf-provision]#
>>> dir
dir
IE520-stk[atmf-provision]#configure ?
  boot  Boot configuration

[K[36CIE520-stk[atmf-provision]#configure 

IE520-stk#copy ?
  FILE                  URL of the Source file
  buffered-log          Copy from buffered log
  debug                 Copy from Debug
  fdb-radius-users      Copy from FDB in Radius user format
  flash                 Copy from flash memory
  force                 Overwrite destination file without prompt
  fserver               Copy from remote file server
  http                  Copy from HTTP source
  local-radius-user-db  Copy from Radius server user database
  nvs                   Copy from NVS memory
  permanent-log         Copy from buffered log
  running-config        Copy from current system configuration
  scp                   Copy from SCP source
  sftp                  Copy from SFTP source
  startup-config        Copy from startup configuration
  tftp                  Copy from TFTP source
  usb                   Copy from USB storage device
  zmodem                ZMODEM protocol

[K[15CIE520-stk#copy 

IE520-stk#