
===== opened /dev/u5 at 2026-09-21 13:50:40 =====

IE520-stk#
>>> terminal length 0
terminal length 0
IE520-stk#
>>> terminal no monitor
terminal no monitor
IE520-stk#
>>> terminal length 0
terminal length 0
IE520-stk#
>>> show stack
show stack
Virtual Chassis Stacking summary information

ID   Pending ID  MAC address        Priority  Status  Role
1    -           84e3.2787.0ac0     128       Ready   Backup Member
2    -           84e3.2787.0780     2         Ready   Backup Member
3    -           84e3.2787.0740     128       Ready   Active Master
4    -           84e3.2787.09c0     128       Ready   Backup Member

Operational Status                 Normal operation
Stack MAC address                  0000.cd37.0d6f (Virtual MAC)
IE520-stk#dir ?
  FILE        Debug root directory
  all         List all files
  flash       Flash memory root directory
  fserver     Remote file server
  nvs         NVS memory root directory
  recursive   List files recursively
  sort        Sort directory listing
  stack-wide  Execute on all stack members
  usb         USB storage device root directory
  <cr>

[K[14CIE520-stk#dir 

IE520-stk#copy ?
  FILE                  URL of the Source file
  buffered-log          Copy from buffered log
  debug                 Copy from Debug
  fdb-radius-users      Copy from FDB in Radius user format
  flash                 Copy from flash memory
  force                 Overwrite destination file without prompt
  fserver               Copy from remote file server
  http                  Copy from HTTP source
  local-radius-user-db  Copy from Radius server user database
  nvs                   Copy from NVS memory
  permanent-log         Copy from buffered log
  running-config        Copy from current system configuration
  scp                   Copy from SCP source
  sftp                  Copy from SFTP source
  startup-config        Copy from startup configuration
  tftp                  Copy from TFTP source
  usb                   Copy from USB storage device
  zmodem                ZMODEM protocol

[K[15CIE520-stk#copy 

IE520-stk#