
===== opened /dev/u5 at 2026-09-21 10:50:39 =====

IE520-stk#
>>> terminal length 0
terminal length 0
IE520-stk#
>>> terminal no monitor
terminal no monitor
IE520-stk#
>>> terminal length 0
terminal length 0
IE520-stk#
>>> show atmf
show atmf
ATMF Summary Information:

ATMF Status           : Enabled
Network Name          : tb470
Node Name             : IE520-stk
Role                  : Member
Restricted login      : Disabled
Secure Mode           : Disabled
Current ATMF Nodes    : 2


IE520-stk#
>>> atmf remote-login 4050-5g
atmf remote-login 4050-5g
Type 'exit' to return to IE520-stk.
AlliedWare Plus (TM) 0.0.0 09/17/26 22:08:49

4050-5g>
>>> show system | include Board Name|Base 
show system | include Board Name|Base 
Board      ID   Bay     Board Name                        Rev   Serial number
Base       598  Base    AR4050S-5G                        A-2   A10401G214000005
4050-5g>
>>> exit
exit
IE520-stk#
>>> show atmf | include Node Name
show atmf | include Node Name
Node Name             : IE520-stk
IE520-stk#