
===== opened /dev/u5 at 2026-09-21 14:13:58 =====

IE520-stk#
>>> terminal length 0
terminal length 0
IE520-stk#
>>> terminal no monitor
terminal no monitor
IE520-stk#
>>> terminal length 0
terminal length 0
IE520-stk#
>>> show startup-config | include atmf
show startup-config | include atmf
atmf network-name tb470
atmf master
atmf secure-mode
no atmf backup guests enable
 switchport atmf-link
IE520-stk#
>>> configure terminal
configure terminal
Enter configuration commands, one per line.  End with CNTL/Z.
IE520-stk(config)#
>>> no atmf secure-mode
no atmf secure-mode
IE520-stk(config)#
>>> end
end
IE520-stk#