
===== opened /dev/u1 at 2026-09-21 11:25:24 =====

4050-5g#
>>> terminal length 0
terminal length 0
4050-5g#
>>> terminal no monitor
terminal no monitor
4050-5g#
>>> terminal length 0
terminal length 0
4050-5g#
>>> configure terminal
configure terminal
Enter configuration commands, one per line.  End with CNTL/Z.
4050-5g(config)#
>>> interface po1
interface po1
4050-5g(config-if)#
>>> shutdown
shutdown
4050-5g(config-if)#
>>> exit
exit
4050-5g(config)#
>>> end
end
4050-5g#
>>> configure terminal
configure terminal
Enter configuration commands, one per line.  End with CNTL/Z.
4050-5g(config)#
>>> interface po1
interface po1
4050-5g(config-if)#
>>> no shutdown
no shutdown
4050-5g(config-if)#
>>> exit
exit
4050-5g(config)#
>>> end
end
4050-5g#