
===== opened /dev/u5 at 2026-09-21 15:17:16 =====

IE520-stk#
>>> terminal length 0
terminal length 0
IE520-stk#
>>> terminal no monitor
terminal no monitor
IE520-stk#
>>> terminal length 0
terminal length 0
IE520-stk#configure terminal
Enter configuration commands, one per line.  End with CNTL/Z.
IE520-stk(config)#atmf provision ?
% Unrecognized command
[K[33CIE520-stk(config)#atmf provision 

IE520-stk#end
            ^
% Invalid input detected at '^' marker.

IE520-stk#configure terminal
Enter configuration commands, one per line.  End with CNTL/Z.
IE520-stk(config)#atmf provision node ?
% Unrecognized command
[K[38CIE520-stk(config)#atmf provision node 

IE520-stk#end
            ^
% Invalid input detected at '^' marker.

IE520-stk#