
===== opened /dev/u5 at 2026-09-21 13:06:36 =====

IE520-stk#
>>> terminal length 0
terminal length 0
IE520-stk#
>>> terminal no monitor
terminal no monitor
IE520-stk#
>>> terminal length 0
terminal length 0
IE520-stk#
>>> show interface status
show interface status
Port        Name               Status      Vlan      Duplex Speed   Type        
--------------------------------------------------------------------------------
port1.0.1   -                  notconnect          1 auto   auto    not present 
port1.0.2   -                  connected       trunk a-full a-1000  1000BASE-T  
port1.0.3   -                  notconnect          1 auto   auto    not present 
port1.0.4   -                  notconnect          1 auto   auto    not present 
port1.0.5   -                  notconnect          1 auto   auto    not present 
port1.0.6   -                  notconnect          1 auto   auto    not present 
port1.0.7   -                  notconnect          1 auto   auto    not present 
port1.0.8   -                  notconnect          1 auto   auto    not present 
port1.0.9   -                  notconnect          1 auto   auto    1000BASE-T  
port1.0.10  -                  notconnect          1 auto   auto    not present 
port1.0.11  -                  notconnect          1 auto   auto    not present 
port1.0.12  -                  notconnect          1 auto   auto    not present 
port1.0.13  -                  notconnect          1 auto   auto    10GBASE-TM  
port1.0.14  -                  notconnect          1 auto   auto    not present 
port1.0.15  -                  notconnect          1 auto   auto    not present 
port1.0.16  -                  notconnect          1 auto   auto    not present 
port1.0.17  -                  notconnect          1 auto   auto    not present 
port1.0.18  -                  notconnect          1 auto   auto    not present 
port1.0.19  -                  notconnect          1 auto   auto    not present 
port1.0.20  -                  notconnect          1 auto   auto    not present 
port1.0.21  -                  notconnect          1 auto   auto    not present 
port1.0.22  -                  notconnect          1 auto   auto    not present 
port1.0.23  -                  notconnect          1 auto   auto    not present 
port1.0.24  -                  notconnect          1 auto   auto    not present 
port1.0.25  -                  notconnect          1 auto   auto    not present 
port1.0.26  -                  notconnect          1 auto   auto    not present 
port1.0.27  -                  connected   stackport a-full a-10G   10GBASE-SR  
port1.0.28  -                  connected   stackport a-full a-10G   10GBASE-SR  
port2.0.1   -                  notconnect          1 auto   auto    not present 
port2.0.2   -                  connected           1 a-full a-1000  10GBASE-TM  
port2.0.3   -                  notconnect          1 auto   auto    not present 
port2.0.4   -                  notconnect          1 auto   auto    not present 
port2.0.5   -                  notconnect          1 auto   auto    not present 
port2.0.6   -                  notconnect          1 auto   auto    not present 
port2.0.7   -                  notconnect          1 auto   auto    not present 
port2.0.8   -                  notconnect          1 auto   auto    not present 
port2.0.9   -                  notconnect          1 auto   auto    1000BASE-T  
port2.0.10  -                  notconnect          1 auto   auto    not present 
port2.0.11  -                  notconnect          1 auto   auto    not present 
port2.0.12  -                  notconnect          1 auto   auto    not present 
port2.0.13  -                  notconnect          1 auto   auto    10GBASE-TM  
port2.0.14  -                  notconnect          1 auto   auto    not present 
port2.0.15  -                  notconnect          1 auto   auto    not present 
port2.0.16  -                  notconnect          1 auto   auto    not present 
port2.0.17  -                  notconnect          1 auto   auto    not present 
port2.0.18  -                  notconnect          1 auto   auto    not present 
port2.0.19  -                  notconnect          1 auto   auto    not present 
port2.0.20  -                  notconnect          1 auto   auto    not present 
port2.0.21  -                  notconnect          1 auto   auto    not present 
port2.0.22  -                  notconnect          1 auto   auto    not present 
port2.0.23  -                  notconnect          1 auto   auto    not present 
port2.0.24  -                  notconnect          1 auto   auto    not present 
port2.0.25  -                  notconnect          1 auto   auto    not present 
port2.0.26  -                  notconnect          1 auto   auto    not present 
port2.0.27  -                  connected   stackport a-full a-10G   10GBASE-SR  
port2.0.28  -                  connected   stackport a-full a-10G   1xCOPPER PAS
port3.0.1   -                  notconnect          1 auto   auto    not present 
port3.0.2   -                  notconnect          1 auto   auto    1000BASE-T  
port3.0.3   -                  notconnect          1 auto   auto    not present 
port3.0.4   -                  notconnect          1 auto   auto    not present 
port3.0.5   -                  notconnect          1 auto   auto    not present 
port3.0.6   -                  notconnect          1 auto   auto    not present 
port3.0.7   -                  notconnect          1 auto   auto    not present 
port3.0.8   -                  notconnect          1 auto   auto    not present 
port3.0.9   -                  notconnect          1 auto   auto    1000BASE-T  
port3.0.10  -                  notconnect          1 auto   auto    not present 
port3.0.11  -                  notconnect          1 auto   auto    not present 
port3.0.12  -                  notconnect          1 auto   auto    not present 
port3.0.13  -                  notconnect          1 auto   auto    10GBASE-TM  
port3.0.14  -                  notconnect          1 auto   auto    not present 
port3.0.15  -                  notconnect          1 auto   auto    not present 
port3.0.16  -                  notconnect          1 auto   auto    not present 
port3.0.17  -                  notconnect          1 auto   auto    not present 
port3.0.18  -                  notconnect          1 auto   auto    not present 
port3.0.19  -                  notconnect          1 auto   auto    not present 
port3.0.20  -                  notconnect          1 auto   auto    not present 
port3.0.21  -                  notconnect          1 auto   auto    not present 
port3.0.22  -                  notconnect          1 auto   auto    not present 
port3.0.23  -                  notconnect          1 auto   auto    not present 
port3.0.24  -                  notconnect          1 auto   auto    not present 
port3.0.25  -                  notconnect          1 auto   auto    not present 
port3.0.26  -                  notconnect          1 auto   auto    not present 
port3.0.27  -                  connected   stackport a-full a-10G   1xCOPPER PAS
port3.0.28  -                  connected   stackport a-full a-10G   10GBASE-SR  
port4.0.1   -                  notconnect          1 auto   auto    not present 
port4.0.2   -                  connected       trunk a-full a-1000  1000BASE-T  
port4.0.3   -                  notconnect          1 auto   auto    not present 
port4.0.4   -                  notconnect          1 auto   auto    not present 
port4.0.5   -                  notconnect          1 auto   auto    not present 
port4.0.6   -                  notconnect          1 auto   auto    not present 
port4.0.7   -                  notconnect          1 auto   auto    not present 
port4.0.8   -                  notconnect          1 auto   auto    not present 
port4.0.9   -                  notconnect          1 auto   auto    10GBASE-T   
port4.0.10  -                  notconnect          1 auto   auto    not present 
port4.0.11  -                  notconnect          1 auto   auto    not present 
port4.0.12  -                  notconnect          1 auto   auto    not present 
port4.0.13  -                  notconnect          1 auto   auto    10GBASE-TM  
port4.0.14  -                  notconnect          1 auto   auto    not present 
port4.0.15  -                  notconnect          1 auto   auto    not present 
port4.0.16  -                  notconnect          1 auto   auto    not present 
port4.0.17  -                  notconnect          1 auto   auto    not present 
port4.0.18  -                  notconnect          1 auto   auto    not present 
port4.0.19  -                  notconnect          1 auto   auto    not present 
port4.0.20  -                  notconnect          1 auto   auto    not present 
port4.0.21  -                  notconnect          1 auto   auto    not present 
port4.0.22  -                  notconnect          1 auto   auto    not present 
port4.0.23  -                  notconnect          1 auto   auto    not present 
port4.0.24  -                  notconnect          1 auto   auto    not present 
port4.0.25  -                  notconnect          1 auto   auto    not present 
port4.0.26  -                  notconnect          1 auto   auto    not present 
port4.0.27  -                  connected   stackport a-full a-10G   1xCOPPER PAS
port4.0.28  -                  connected   stackport a-full a-10G   1xCOPPER PAS
po1         -                  connected       trunk a-full a-1000  -           

IE520-stk#