
===== opened /dev/u5 at 2026-09-21 11:22:01 =====

IE520-stk#
>>> terminal length 0
terminal length 0
IE520-stk#
>>> terminal no monitor
terminal no monitor
IE520-stk#
>>> terminal length 0
terminal length 0
IE520-stk#
>>> show atmf authorization
show atmf authorization
% Incomplete command.

IE520-stk#
>>> show atmf authorization pending
show atmf authorization pending

  Pending Authorizations:

IE520-stk#
>>> show atmf secure-mode certificate
show atmf secure-mode certificate

  Certificates
  Node Name             Signer                Expires               Status
------------------------------------------------------------------------------
  IE520-stk             IE520-stk             19 Mar 2027           Active
  4050-5g               IE520-stk             19 Mar 2027           Active

IE520-stk#
>>> show atmf links
show atmf links

ATMF Link Brief Information:

Local       Link      Link    ATMF         Adjacent          Adjacent Link
Port        Type      Status  State        Node/Area         Ifindex  State
--------------------------------------------------------------------------------
po1         Downlink  Up      OneWay       4050-5g           0        Blocking

* = Provisioned.


IE520-stk#