
===== opened /dev/u5 at 2026-09-22 07:59:46 =====

IE520-stk#
>>> terminal length 0
terminal length 0
IE520-stk#
>>> terminal no monitor
terminal no monitor
IE520-stk#
>>> terminal length 0
terminal length 0
IE520-stk#
>>> configure terminal
configure terminal
Enter configuration commands, one per line.  End with CNTL/Z.
IE520-stk(config)#
>>> interface port2.0.2
interface port2.0.2
IE520-stk(config-if)#
>>> no application-proxy threat-protection
no application-proxy threat-protection
% atmf-application-proxy service not enabled.
IE520-stk(config-if)#
>>> exit
exit
IE520-stk(config)#
>>> end
end
IE520-stk#
>>> configure terminal
configure terminal
Enter configuration commands, one per line.  End with CNTL/Z.
IE520-stk(config)#
>>> interface port2.0.2
interface port2.0.2
IE520-stk(config-if)#
>>> no application-proxy threat-protection drop
no application-proxy threat-protection drop
                                                            ^
% Invalid input detected at '^' marker.

IE520-stk(config-if)#
>>> exit
exit
IE520-stk(config)#
>>> end
end
IE520-stk#
>>> show running-config interface port2.0.2
show running-config interface port2.0.2
!
interface port2.0.2
 switchport
 switchport mode access
 application-proxy threat-protection drop
!
IE520-stk#
>>> show running-config | include application-proxy
show running-config | include application-proxy
 application-proxy threat-protection drop
IE520-stk#