
===== opened /dev/u5 at 2026-09-21 11:17:49 =====

IE520-stk#
>>> terminal length 0
terminal length 0
IE520-stk#
>>> terminal no monitor
terminal no monitor
IE520-stk#
>>> terminal length 0
terminal length 0
IE520-stk#
>>> show atmf
show atmf
ATMF Summary Information:

ATMF Status           : Enabled
Network Name          : tb470
Node Name             : IE520-stk
Role                  : Master
Restricted login      : Enabled
Secure Mode           : Disabled
Current ATMF Guests   : 0
Current ATMF Nodes    : 2
Total number of licensed nodes available is 4094


IE520-stk#