
===== opened /dev/u5 at 2026-09-21 14:19:39 =====

IE520-stk#
>>> terminal length 0
terminal length 0
IE520-stk#
>>> terminal no monitor
terminal no monitor
IE520-stk#
>>> terminal length 0
terminal length 0
IE520-stk#
>>> copy flash:/IE520-awplus_main-20260913-1734.rel usb:
copy flash:/IE520-awplus_main-20260913-1734.rel usb:
Copying...

>>> dir usb:
dir usb:
Successful operation
IE520-stk#dir usb:
  40052759 -rwx Sep 21 2026 02:21:28  [32mIE520-awplus_main-20260913-1734.rel[0m
      2480 -rwx Sep 21 2026 02:17:50  [32matmf_recovery_file[0m
        16 -rwx Sep 21 2026 02:17:50  [32matmf_recovery_file_hash[0m
  41104167 -rwx Aug 11 2026 03:59:58  [32m---w-z-03-09-a-y---.rel[0m
  41103815 -rwx Aug 09 2026 19:04:18  [32mIE520-tb470.rel[0m
   1572864 -rwx Aug 02 2026 21:51:18  [32mIE520-bootloader-9.1.0.kwb[0m
IE520-stk#