
===== opened /dev/u5 at 2026-09-21 14:18:49 =====

IE520-stk#
>>> terminal length 0
terminal length 0
IE520-stk#
>>> terminal no monitor
terminal no monitor
IE520-stk#
>>> terminal length 0
terminal length 0
IE520-stk#
>>> dir flash:
dir flash:
      2474 -rw- Sep 21 2026 02:17:48  default.cfg
       448 drwx Sep 21 2026 02:04:00  [01;34mlog/[0m
    260057 -rw- Sep 17 2026 21:25:12  debug-duplicate-master-IE520-awplus_main-20260913-1734-3-1789680301.tgz
      1390 -rw- Sep 17 2026 21:25:12  exception.log
    271396 -rw- Sep 14 2026 21:19:51  debug-duplicate-master-IE520-awplus_main-20260913-1734-3-1789420782.tgz
    269324 -rw- Sep 14 2026 21:17:02  debug-duplicate-master-IE520-awplus_main-20260913-1734-3-1789420611.tgz
    236232 -rw- Sep 14 2026 02:33:19  debug-duplicate-master-IE520-awplus_main-20260913-1734-3-1789353188.tgz
  40052759 -rw- Sep 14 2026 02:25:44  IE520-awplus_main-20260913-1734.rel
       376 drwx Sep 04 2026 01:08:01  [01;34mgui-userdata/[0m
   3846144 -rw- Feb 20 2000 11:34:36  awplus-gui_999_99.gui
IE520-stk#
>>> show system
show system
System Status                                           Mon Sep 21 02:18:55 2026

Stack member 1

Board      ID   Bay     Board Name                        Rev   Serial number
--------------------------------------------------------------------------------
Base       717  Base    AT-IE520-28GSX                    X1-0  264A23061       
--------------------------------------------------------------------------------
RAM: Total: 506724 kB Free: 277656 kB
Flash: 106.3MB Used: 42.3MB Available: 64.1MB
--------------------------------------------------------------------------------
Environment Status : Normal
Uptime             : 0 days 00:16:07
Bootloader version : 9.1.0


Stack member 2

Board      ID   Bay     Board Name                        Rev   Serial number
--------------------------------------------------------------------------------
Base       717  Base    AT-IE520-28GSX                    X1-0  264A23068       
--------------------------------------------------------------------------------
RAM: Total: 506724 kB Free: 271768 kB
Flash: 106.3MB Used: 42.4MB Available: 64.0MB
--------------------------------------------------------------------------------
Environment Status : Normal
Uptime             : 1 days 10:34:57
Bootloader version : master-20260822-535


Stack member 3

Board      ID   Bay     Board Name                        Rev   Serial number
--------------------------------------------------------------------------------
Base       717  Base    AT-IE520-28GSX                    X1-0  264A23066       
--------------------------------------------------------------------------------
RAM: Total: 506724 kB Free: 254868 kB
Flash: 106.3MB Used: 41.8MB Available: 64.5MB
--------------------------------------------------------------------------------
Environment Status : Normal
Uptime             : 0 days 00:25:41
Bootloader version : 9.1.0


Stack member 4

Board      ID   Bay     Board Name                        Rev   Serial number
--------------------------------------------------------------------------------
Base       717  Base    AT-IE520-28GSX                    X1-0  264A23052       
--------------------------------------------------------------------------------
RAM: Total: 506724 kB Free: 270084 kB
Flash: 106.3MB Used: 42.1MB Available: 64.3MB
--------------------------------------------------------------------------------
Environment Status : Normal
Uptime             : 2 days 15:42:10
Bootloader version : pauld


Current software   : IE520-awplus_main-20260913-1734.rel
Software version   : awplus_main-20260913-1734
Build date         : Sun Sep 13 11:21:26 UTC 2026

Current boot config: flash:/default.cfg (file exists)

System Name
 IE520-stk
System Contact

System Location

IE520-stk#