
===== opened /dev/u5 at 2026-09-21 10:47:56 =====

awplus#
>>> terminal length 0
terminal length 0
awplus#
>>> terminal no monitor
terminal no monitor
awplus#
>>> terminal length 0
terminal length 0
awplus#
>>> show atmf
show atmf
ATMF Summary Information:

ATMF Status           : Enabled
Network Name          : Not Set
Node Name             : host_84e3_2787_0740
Role                  : Member
Restricted login      : Enabled
Secure Mode           : Disabled
Current ATMF Nodes    : 1


awplus#
>>> configure terminal
configure terminal
Enter configuration commands, one per line.  End with CNTL/Z.
awplus(config)#
>>> hostname IE520-stk
hostname IE520-stk
IE520-stk(config)#
>>> atmf network-name tb470
atmf network-name tb470
22:48:50 IE520-stk ATMF[710]: Host name change [host_84e3_2787_0740 -> IE520-st
k]                                                                               
IE520-stk(config)#
>>> interface po1
interface po1
IE520-stk(config-if)#
>>> switchport atmf-link
switchport atmf-link
IE520-stk(config-if)#
>>> exit
exit
IE520-stk(config)#
>>> end
end
IE520-stk#
>>> show atmf
22:49:02 IE520-stk ATMF[710]: 4050-5g has joined. 2 members in total.                                                                               
systemd-journald[96]: Time jumped backwards, rotating.
show atmf
ATMF Summary Information:

ATMF Status           : Enabled
Network Name          : tb470
Node Name             : IE520-stk
Role                  : Member
Restricted login      : Disabled
Secure Mode           : Disabled
Current ATMF Nodes    : 2


IE520-stk#
>>> show atmf links
show atmf links

ATMF Link Brief Information:

Local       Link      Link    ATMF         Adjacent          Adjacent Link
Port        Type      Status  State        Node/Area         Ifindex  State
--------------------------------------------------------------------------------
po1         Uplink    Up      Full         4050-5g           4751     Forwarding

* = Provisioned.


IE520-stk#
>>> show atmf nodes
show atmf nodes

Node Information:

  * = Local device 

 SC = Switch Configuration:
  C = Chassis   S = Stackable   N = Standalone

  Node                 Device             ATMF         Parent              Node 
  Name                 Type               Master  SC   Domain              Depth
--------------------------------------------------------------------------------
  4050-5g              AR4050S-5G           Y     N    none                  0
* IE520-stk            AT-IE520-28GSX       N     S    4050-5g               1

 Node map exchange is active
 Current ATMF node count 2
IE520-stk#