
===== opened /dev/u5 at 2026-09-21 13:51:15 =====

IE520-stk#
>>> terminal length 0
terminal length 0
IE520-stk#
>>> terminal no monitor
terminal no monitor
IE520-stk#
>>> terminal length 0
terminal length 0
IE520-stk#
>>> dir stack-wide usb:
dir stack-wide usb:

Stack member 1:
  41104167 -rwx Aug 11 2026 03:59:58  [32m---w-z-03-09-a-y---.rel[0m
  41103815 -rwx Aug 09 2026 19:04:18  [32mIE520-tb470.rel[0m
   1572864 -rwx Aug 02 2026 21:51:18  [32mIE520-bootloader-9.1.0.kwb[0m

Stack member 2:
% No such file or directory
Stack member 3:
% No such file or directory
Stack member 4:
% No such file or directory
IE520-stk#
>>> show atmf provision nodes
show atmf provision nodes

ATMF Provisioned Node Information: 

Backup Media .......... NONE

IE520-stk#
>>> show atmf backup
show atmf backup
Node Backup ........... Enabled
  Schedule ............ 1 per day starting at 03:00
  Next Backup Time .... 21 Sep 2026 03:00
Backup Bandwidth ...... Unlimited
Backup Media .......... NONE
Current Action ........ Idle
  Started ............. -
  Current Node ........ -
Backup Redundancy ..... Disabled
Recovery Server ....... Disabled


% No backup media found on this device

IE520-stk#