
===== opened /dev/u5 at 2026-09-21 12:23:14 =====

IE520-stk#
>>> terminal length 0
terminal length 0
IE520-stk#
>>> terminal no monitor
terminal no monitor
IE520-stk#
>>> terminal length 0
terminal length 0
IE520-stk#
>>> configure terminal
configure terminal
Enter configuration commands, one per line.  End with CNTL/Z.
IE520-stk(config)#atmf application-proxy ?
% Unrecognized command
[K[41CIE520-stk(config)#atmf application-proxy 

IE520-stk#application-proxy ?ion-proxy ?
  threat-protection  Threat protection

[K[28CIE520-stk#application-proxy 

IE520-stk#atmf backup ?
  area-masters  Local masters in the area
  delete        Delete a backup
  guests        Guest nodes in the network
  now           Start a backup now
  stop          Stop backup in progress
  synchronize   Synchronize the remote backup file servers

[K[22CIE520-stk#atmf backup 

IE520-stk#atmf trustpoint ?
% Unrecognized command
[K[26CIE520-stk#atmf trustpoint 

IE520-stk#
>>> end
end
            ^
% Invalid input detected at '^' marker.

IE520-stk#
>>> show atmf | include Secure Mode|Role|Current ATMF
show atmf | include Secure Mode|Role|Current ATMF
Role                  : Master
Secure Mode           : Disabled
Current ATMF Guests   : 0
Current ATMF Nodes    : 2
IE520-stk#