
===== opened /dev/u5 at 2026-09-21 11:37:40 =====

IE520-stk#
>>> terminal length 0
terminal length 0
IE520-stk#
>>> terminal no monitor
terminal no monitor
IE520-stk#
>>> terminal length 0
terminal length 0
IE520-stk#
>>> show running-config interface port1.0.2
show running-config interface port1.0.2
!
interface port1.0.2
 switchport
 switchport mode trunk
 channel-group 1 mode active
!
IE520-stk#
>>> show running-config interface po1
show running-config interface po1
!
interface po1
 switchport
 switchport mode trunk
 switchport atmf-link
!
IE520-stk#