
===== opened /dev/u5 at 2026-09-21 15:18:38 =====

IE520-stk#
>>> terminal length 0
terminal length 0
IE520-stk#
>>> terminal no monitor
terminal no monitor
IE520-stk#
>>> terminal length 0
terminal length 0
IE520-stk#
>>> atmf provision node x230-10GP
atmf provision node x230-10GP
IE520-stk[atmf-provision]#?
ATMF Node provisioning configuration commands:
  clone         Copy files from another backup or provisioned node
  configure     Configuration for provisioned node
  copy          Copy from one file to another
  create        Set up a space for configuration and files
  delete        Delete a file
  dir           List the files on a filesystem
  do            To run exec commands in provision mode
  edit          Text Editor
  end           End current mode and change to EXEC mode
  exit          End current mode and down to previous mode
  help          Description of the interactive help system
  identity      Identity for recovery
  license-cert  Licence certificate
  locate        Changes working directory to provisioned node path in Backup
                media
  move          Rename or move a file
  no            Negate a command or set its defaults
  pwd           Print the current working directory
  quit          Exit current mode and down to previous mode
  show          Show running system information

[K[26CIE520-stk[atmf-provision]#

IE520-stk#