
===== opened /dev/u5 at 2026-09-21 10:46:25 =====

awplus#
>>> terminal length 0
terminal length 0
awplus#
>>> terminal no monitor
terminal no monitor
awplus#
>>> terminal length 0
terminal length 0
awplus#
>>> show system
show system
System Status                                           Sun Sep 20 22:46:59 2026

Stack member 1

Board      ID   Bay     Board Name                        Rev   Serial number
--------------------------------------------------------------------------------
Base       717  Base    AT-IE520-28GSX                    X1-0  264A23061       
--------------------------------------------------------------------------------
RAM: Total: 506724 kB Free: 279124 kB
Flash: 106.3MB Used: 42.3MB Available: 64.1MB
--------------------------------------------------------------------------------
Environment Status : Normal
Uptime             : 0 days 00:18:17
Bootloader version : 9.1.0


Stack member 2

Board      ID   Bay     Board Name                        Rev   Serial number
--------------------------------------------------------------------------------
Base       717  Base    AT-IE520-28GSX                    X1-0  264A23068       
--------------------------------------------------------------------------------
RAM: Total: 506724 kB Free: 274196 kB
Flash: 106.3MB Used: 42.5MB Available: 63.8MB
--------------------------------------------------------------------------------
Environment Status : Normal
Uptime             : 1 days 07:02:32
Bootloader version : master-20260822-535


Stack member 3

Board      ID   Bay     Board Name                        Rev   Serial number
--------------------------------------------------------------------------------
Base       717  Base    AT-IE520-28GSX                    X1-0  264A23066       
--------------------------------------------------------------------------------
RAM: Total: 506724 kB Free: 251568 kB
Flash: 106.3MB Used: 41.9MB Available: 64.4MB
--------------------------------------------------------------------------------
Environment Status : Normal
Uptime             : 1 days 07:08:06
Bootloader version : 9.1.0


Stack member 4

Board      ID   Bay     Board Name                        Rev   Serial number
--------------------------------------------------------------------------------
Base       717  Base    AT-IE520-28GSX                    X1-0  264A23052       
--------------------------------------------------------------------------------
RAM: Total: 506724 kB Free: 269432 kB
Flash: 106.3MB Used: 42.2MB Available: 64.1MB
--------------------------------------------------------------------------------
Environment Status : Normal
Uptime             : 2 days 12:09:45
Bootloader version : pauld


Current software   : IE520-awplus_main-20260913-1734.rel
Software version   : awplus_main-20260913-1734
Build date         : Sun Sep 13 11:21:26 UTC 2026

Current boot config: flash:/default.cfg (file exists)

System Name
 awplus
System Contact

System Location

awplus#
>>> show atmf
show atmf
ATMF Summary Information:

ATMF Status           : Enabled
Network Name          : Not Set
Node Name             : host_84e3_2787_0740
Role                  : Member
Restricted login      : Enabled
Secure Mode           : Disabled
Current ATMF Nodes    : 1


awplus#
>>> show running-config
show running-config
!
service password-encryption
!
no banner motd
!
username manager privilege 15 password 8 $5$bJob5N4D$VDlAWDKf4Z/shG0P/kPIysg5qD4cc1OidC4abIHlMg7
!
!
ssh server allow-users manager
service ssh
!
no service telnet
!
service http
!
no clock timezone
!
snmp-server
!
!
!
aaa authentication enable default local
aaa authentication login default local
!
!
!
stack virtual-mac
stack virtual-chassis-id 3439
stack 2 priority 2
!
!
loop-protection loop-detect ldf-interval 1 fast-block
!
service onm
no service ospf
!
!
!
!
ip domain-lookup
!
!
!
no service dhcp-server
!
!
!
no ip multicast-routing
!
lldp run
!
spanning-tree mode rstp
!
lacp global-passive-mode enable
no spanning-tree rstp enable
!
switch 1 provision ie520-28
switch 2 provision ie520-28
switch 3 provision ie520-28
switch 4 provision ie520-28
!
vlan database
 vlan 10 name data
 vlan 10 state enable
!
interface port1.0.1
 switchport
 switchport mode access
!
interface port1.0.2
 switchport
 switchport mode access
 switchport access vlan 10
 channel-group 1 mode active
!
interface port1.0.3-1.0.26
 switchport
 switchport mode access
!
interface port1.0.27-1.0.28
 stackport
!
interface port2.0.1-2.0.26
 switchport
 switchport mode access
!
interface port2.0.27-2.0.28
 stackport
!
interface port3.0.1-3.0.26
 switchport
 switchport mode access
!
interface port3.0.27-3.0.28
 stackport
!
interface port4.0.1
 switchport
 switchport mode access
!
interface port4.0.2
 switchport
 switchport mode access
 switchport access vlan 10
 channel-group 1 mode active
!
interface port4.0.3-4.0.26
 switchport
 switchport mode access
!
interface port4.0.27-4.0.28
 stackport
!
interface po1
 switchport
 switchport mode access
 switchport access vlan 10
!
interface vlan1
 ip address 10.38.215.10/27
 ip address 10.38.215.40/27 secondary
 ipv6 enable
 ipv6 address dhcp
 ip dhcp-client vendor-identifying-class
 ip dhcp-client request vendor-identifying-specific
!
interface vlan10
 ip address 10.10.10.1/27
!
ip route 10.38.215.64/27 10.10.10.2
!
line con 0
 exec-timeout 0 0
line vty 0 7
!
end

awplus#
>>> show ip interface brief
show ip interface brief
Interface             IP-Address         Status          Protocol
lo                    unassigned         admin up        running    
vlan1                 10.38.215.10/27    admin up        running    
vlan10                10.10.10.1/27      admin up        running    
awplus#
>>> show vlan brief
show vlan brief

VLAN ID  Name            Type    State   Member ports                   
                                         (u)-Untagged, (t)-Tagged
======= ================ ======= ======= ====================================
1       default          STATIC  ACTIVE  port1.0.1(u) port1.0.3(u) port1.0.4(u) 
                                         port1.0.5(u) port1.0.6(u) port1.0.7(u) 
                                         port1.0.8(u) port1.0.9(u) 
                                         port1.0.10(u) port1.0.11(u) 
                                         port1.0.12(u) port1.0.13(u) 
                                         port1.0.14(u) port1.0.15(u) 
                                         port1.0.16(u) port1.0.17(u) 
                                         port1.0.18(u) port1.0.19(u) 
                                         port1.0.20(u) port1.0.21(u) 
                                         port1.0.22(u) port1.0.23(u) 
                                         port1.0.24(u) port1.0.25(u) 
                                         port1.0.26(u) port2.0.1(u) 
                                         port2.0.2(u) port2.0.3(u) port2.0.4(u) 
                                         port2.0.5(u) port2.0.6(u) port2.0.7(u) 
                                         port2.0.8(u) port2.0.9(u) 
                                         port2.0.10(u) port2.0.11(u) 
                                         port2.0.12(u) port2.0.13(u) 
                                         port2.0.14(u) port2.0.15(u) 
                                         port2.0.16(u) port2.0.17(u) 
                                         port2.0.18(u) port2.0.19(u) 
                                         port2.0.20(u) port2.0.21(u) 
                                         port2.0.22(u) port2.0.23(u) 
                                         port2.0.24(u) port2.0.25(u) 
                                         port2.0.26(u) port3.0.1(u) 
                                         port3.0.2(u) port3.0.3(u) port3.0.4(u) 
                                         port3.0.5(u) port3.0.6(u) port3.0.7(u) 
                                         port3.0.8(u) port3.0.9(u) 
                                         port3.0.10(u) port3.0.11(u) 
                                         port3.0.12(u) port3.0.13(u) 
                                         port3.0.14(u) port3.0.15(u) 
                                         port3.0.16(u) port3.0.17(u) 
                                         port3.0.18(u) port3.0.19(u) 
                                         port3.0.20(u) port3.0.21(u) 
                                         port3.0.22(u) port3.0.23(u) 
                                         port3.0.24(u) port3.0.25(u) 
                                         port3.0.26(u) port4.0.1(u) 
                                         port4.0.3(u) port4.0.4(u) port4.0.5(u) 
                                         port4.0.6(u) port4.0.7(u) port4.0.8(u) 
                                         port4.0.9(u) port4.0.10(u) 
                                         port4.0.11(u) port4.0.12(u) 
                                         port4.0.13(u) port4.0.14(u) 
                                         port4.0.15(u) port4.0.16(u) 
                                         port4.0.17(u) port4.0.18(u) 
                                         port4.0.19(u) port4.0.20(u) 
                                         port4.0.21(u) port4.0.22(u) 
                                         port4.0.23(u) port4.0.24(u) 
                                         port4.0.25(u) port4.0.26(u) 
10      data             STATIC  ACTIVE  po1(u) port1.0.2(u) port4.0.2(u) 
awplus#
>>> show etherchannel detail
show etherchannel detail
Aggregator po1 (IfIndex: 4751)
 Mac address: 00:00:cd:37:0d:6f
 Admin Key: 0001 - Oper Key 0001
 Receive link count: 2 - Transmit link count: 2
 Individual: 0 - Ready: 1
 Partner LAG: 0x8000,00-00-cd-40-03-94,0x0001
  Link: port1.0.2 (IfIndex: 5002 Actor Port: 5002 ) synchronized
  Link: port4.0.2 (IfIndex: 20002 Actor Port: 8002 ) synchronized
awplus#