
===== opened /dev/u5 at 2026-09-21 15:12:05 =====

IE520-stk#
>>> terminal length 0
terminal length 0
IE520-stk#
>>> terminal no monitor
terminal no monitor
IE520-stk#
>>> terminal length 0
terminal length 0
IE520-stk#
>>> configure terminal
br-atmfmgmt: port 2(vlink1.4092) entered disabled state
configure terminal
Enter configuration commands, one per line.  End with CNTL/Z.
IE520-stk(config)#03:12:18 IE520-stk ATMF[722]: x230-10GP has left. 2 members in total.                                                                               
03:12:18 IE520-stk ATMF[722]: 4050-5g has left. 1 member in total.                                                                               

>>> atmf master
atmf master
IE520-stk(config)#br-atmfmgmt: port 2(vlink1.4092) entered blocking state
br-atmfmgmt: port 2(vlink1.4092) entered forwarding state

>>> end
end
IE520-stk#
>>> show atmf
03:12:23 IE520-stk ATMF[722]: x230-10GP has joined. 2 members in total.                                                                               
03:12:23 IE520-stk ATMF[722]: 4050-5g has joined. 3 members in total.                                                                               
show atmf
ATMF Summary Information:

ATMF Status           : Enabled
Network Name          : tb470
Node Name             : IE520-stk
Role                  : Master
Restricted login      : Enabled
Secure Mode           : Disabled
Current ATMF Guests   : 0
Current ATMF Nodes    : 3
Total number of licensed nodes available is 4094


IE520-stk#
>>> copy tftp://10.38.215.1/x230-tb470.rel flash:x230-tb470.rel
copy tftp://10.38.215.1/x230-tb470.rel flash:x230-tb470.rel
Copying...

>>> dir flash:
dir flash:
Successful operation
IE520-stk#dir flash:
  25785296 -rw- Sep 21 2026 03:14:20  x230-tb470.rel
      2474 -rw- Sep 21 2026 02:17:48  default.cfg
       448 drwx Sep 21 2026 02:04:00  [01;34mlog/[0m
    260057 -rw- Sep 17 2026 21:25:12  debug-duplicate-master-IE520-awplus_main-20260913-1734-3-1789680301.tgz
      1390 -rw- Sep 17 2026 21:25:12  exception.log
    271396 -rw- Sep 14 2026 21:19:51  debug-duplicate-master-IE520-awplus_main-20260913-1734-3-1789420782.tgz
    269324 -rw- Sep 14 2026 21:17:02  debug-duplicate-master-IE520-awplus_main-20260913-1734-3-1789420611.tgz
    236232 -rw- Sep 14 2026 02:33:19  debug-duplicate-master-IE520-awplus_main-20260913-1734-3-1789353188.tgz
  40052759 -rw- Sep 14 2026 02:25:44  IE520-awplus_main-20260913-1734.rel
       376 drwx Sep 04 2026 01:08:01  [01;34mgui-userdata/[0m
   3846144 -rw- Feb 20 2000 11:34:36  awplus-gui_999_99.gui
IE520-stk#