
===== opened /dev/u1 at 2026-09-21 15:12:09 =====

4050-5g#
>>> terminal length 0
terminal length 0
4050-5g#
>>> terminal no monitor
terminal no monitor
4050-5g#
>>> terminal length 0
terminal length 0
4050-5g#
>>> configure terminal
configure terminal
Enter configuration commands, one per line.  End with CNTL/Z.
4050-5g(config)#
>>> no atmf master
no atmf master
4050-5g(config)#
>>> end
end
4050-5g#
>>> show atmf
15:12:18 4050-5g ATMF[1194]: x230-10GP has left. 2 members in total.                                                                               
15:12:18 4050-5g ATMF[1194]: IE520-stk has left. 1 member in total.                                                                               
15:12:23 4050-5g ATMF[1194]: x230-10GP has joined. 2 members in total.                                                                               
15:12:23 4050-5g ATMF[1194]: IE520-stk has joined. 3 members in total.                                                                               
show atmf
ATMF Summary Information:

ATMF Status           : Enabled
Network Name          : tb470
Node Name             : 4050-5g
Role                  : Member
Restricted login      : Enabled
Secure Mode           : Disabled
Current ATMF Nodes    : 3


4050-5g#