
===== opened /dev/u5 at 2026-09-21 14:17:42 =====

IE520-stk#
>>> terminal length 0
terminal length 0
IE520-stk#
>>> terminal no monitor
terminal no monitor
IE520-stk#
>>> terminal length 0
terminal length 0
IE520-stk#
>>> copy running-config startup-config
copy running-config startup-config
Building configuration...

>>> dir usb:
[OK]
Synchronizing file across the stack, please wait...
File synchronization with stack member 1 successfully completed
File synchronization with stack member 2 successfully completed
File synchronization with stack member 4 successfully completed
[DONE]
IE520-stk#dir usb:
      2480 -rwx Sep 21 2026 02:17:50  [32matmf_recovery_file[0m
        16 -rwx Sep 21 2026 02:17:50  [32matmf_recovery_file_hash[0m
  41104167 -rwx Aug 11 2026 03:59:58  [32m---w-z-03-09-a-y---.rel[0m
  41103815 -rwx Aug 09 2026 19:04:18  [32mIE520-tb470.rel[0m
   1572864 -rwx Aug 02 2026 21:51:18  [32mIE520-bootloader-9.1.0.kwb[0m
IE520-stk#
>>> show file usb:atmf_recovery_file
show file usb:atmf_recovery_file
7[r[999;999H[6n% usb:atmf_recovery_file must be a text file
IE520-stk#