
===== opened /dev/u1 at 2026-09-21 10:57:07 =====

4050-5g#
>>> terminal length 0
terminal length 0
4050-5g#
>>> terminal no monitor
terminal no monitor
4050-5g#
>>> terminal length 0
terminal length 0
4050-5g#
>>> show atmf links
show atmf links

ATMF Link Brief Information:

Local       Link      Link    ATMF         Adjacent          Adjacent Link
Port        Type      Status  State        Node/Area         Ifindex  State
--------------------------------------------------------------------------------
po1         Downlink  Up      Full         IE520-stk         4751     Forwarding

* = Provisioned.


4050-5g#
>>> show atmf nodes
show atmf nodes

Node Information:

  * = Local device 

 SC = Switch Configuration:
  C = Chassis   S = Stackable   N = Standalone

  Node                 Device             ATMF         Parent              Node 
  Name                 Type               Master  SC   Domain              Depth
--------------------------------------------------------------------------------
* 4050-5g              AR4050S-5G           Y     N    none                  0
  IE520-stk            AT-IE520-28GSX       N     S    4050-5g               1

 Node map exchange is active
 Current ATMF node count 2
4050-5g#
>>> configure terminal
configure terminal
Enter configuration commands, one per line.  End with CNTL/Z.
4050-5g(config)#
>>> interface po1
interface po1
4050-5g(config-if)#
>>> no switchport atmf-link
no switchport atmf-link
4050-5g(config-if)#
>>> switchport atmf-crosslink
switchport atmf-crosslink
4050-5g(config-if)#
>>> exit
exit
4050-5g(config)#10:57:20 4050-5g ATMF[1194]: IE520-stk has left. 1 member in total.                                                                               

>>> end
end
4050-5g#
>>> show atmf
10:57:29 4050-5g ATMF[1194]: IE520-stk has joined. 2 members in total.                                                                               
show atmf
ATMF Summary Information:

ATMF Status           : Enabled
Network Name          : tb470
Node Name             : 4050-5g
Role                  : Master
Restricted login      : Disabled
Secure Mode           : Disabled
Current ATMF Guests   : 0
Current ATMF Nodes    : 2
Total number of licensed nodes available is 4094


4050-5g#
>>> show atmf links
show atmf links

ATMF Link Brief Information:

Local       Link      Link    ATMF         Adjacent          Adjacent Link
Port        Type      Status  State        Node/Area         Ifindex  State
--------------------------------------------------------------------------------
po1         Crosslink Up      Full         IE520-stk         4751     Forwarding

* = Provisioned.


4050-5g#
>>> show atmf links detail
show atmf links detail

--------------------------------------------------------------------------------
Crosslink Ports Information
--------------------------------------------------------------------------------
Port                               : po1
Ifindex                            : 4751
Port Status                        : Up
Port State                         : Full
Last event                         : AdjNodeLSEPresent
Port BPDU Receive Count            : 86
Adjacent Node Name                 : IE520-stk
Adjacent Ifindex                   : 4751
Adjacent MAC                       : 0000.cd37.0d6f
Port Last Message Response         : 0



Link State Entries:

Crosslink Ports Blocking           : False
Node.Ifindex                       : 4050-5g.4751 - IE520-stk.4751
Transaction ID                     : 1 - 1
MAC Address                        : 0000.cd40.0394 - 0000.cd37.0d6f
Link State                         : Full - Full



Domain Nodes Tree:

Node                               : 4050-5g
  Links on Node                    : 1
  Link 0                           : 4050-5g.4751 - IE520-stk.4751
  Forwarding State                 : Forwarding
Node                               : IE520-stk
  Links on Node                    : 1
  Link 0                           : 4050-5g.4751 - IE520-stk.4751
  Forwarding State                 : Forwarding


Crosslink Transaction Entries:

Node                               : IE520-stk
Transaction ID                     : 1
Uplink Transaction ID              : 4


Uplink Information:

Waiting for Sync                   : 0
Transaction ID                     : 4
Number of Links                    : 0
Number of Local Uplinks            : 0

Originating Node                   : IE520-stk
Domain                             : -'s domain
Node                               : IE520-stk
Ifindex                            : 0
Node Depth                         : 0
Transaction ID                     : 4
Flags                              : 32
Domain Controller                  : -
Domain Controller MAC              : 0000.0000.0000



Downlink Domain Information:



--------------------------------------------------------------------------------
Up/Downlink Ports Information
--------------------------------------------------------------------------------

Special Link Present               : FALSE

4050-5g#
>>> show atmf nodes
show atmf nodes

Node Information:

  * = Local device 

 SC = Switch Configuration:
  C = Chassis   S = Stackable   N = Standalone

  Node                 Device             ATMF         Parent              Node 
  Name                 Type               Master  SC   Domain              Depth
--------------------------------------------------------------------------------
  IE520-stk            AT-IE520-28GSX       N     S    none                  0
* 4050-5g              AR4050S-5G           Y     N    none                  0

 Node map exchange is active
 Current ATMF node count 2
4050-5g#
>>> show atmf links
show atmf links

ATMF Link Brief Information:

Local       Link      Link    ATMF         Adjacent          Adjacent Link
Port        Type      Status  State        Node/Area         Ifindex  State
--------------------------------------------------------------------------------
po1         Crosslink Up      Full         IE520-stk         4751     Forwarding

* = Provisioned.


4050-5g#
>>> show atmf
show atmf
ATMF Summary Information:

ATMF Status           : Enabled
Network Name          : tb470
Node Name             : 4050-5g
Role                  : Master
Restricted login      : Disabled
Secure Mode           : Disabled
Current ATMF Guests   : 0
Current ATMF Nodes    : 2
Total number of licensed nodes available is 4094


4050-5g#