
===== opened /dev/u5 at 2026-09-22 08:00:19 =====

IE520-stk#
>>> terminal length 0
terminal length 0
IE520-stk#
>>> terminal no monitor
terminal no monitor
IE520-stk#
>>> terminal length 0
terminal length 0
IE520-stk#
>>> configure terminal
configure terminal
Enter configuration commands, one per line.  End with CNTL/Z.
IE520-stk(config)#
>>> service atmf-application-proxy
service atmf-application-proxy
IE520-stk(config)#
>>> end
end
IE520-stk#
>>> configure terminal
configure terminal
Enter configuration commands, one per line.  End with CNTL/Z.
IE520-stk(config)#
>>> interface port2.0.2
interface port2.0.2
IE520-stk(config-if)#
>>> no application-proxy threat-protection
no application-proxy threat-protection
IE520-stk(config-if)#
>>> exit
exit
IE520-stk(config)#
>>> end
end
IE520-stk#
>>> configure terminal
configure terminal
Enter configuration commands, one per line.  End with CNTL/Z.
IE520-stk(config)#
>>> no service atmf-application-proxy
no service atmf-application-proxy
IE520-stk(config)#
>>> end
end
IE520-stk#
>>> show running-config interface port2.0.2
show running-config interface port2.0.2
!
interface port2.0.2
 switchport
 switchport mode access
!
IE520-stk#
>>> show running-config | include application-proxy
show running-config | include application-proxy
IE520-stk#