
===== opened /dev/u1 at 2026-09-21 11:15:09 =====

4050-5g#
>>> terminal length 0
terminal length 0
4050-5g#
>>> terminal no monitor
terminal no monitor
4050-5g#
>>> terminal length 0
terminal length 0
4050-5g#
>>> show atmf
show atmf
ATMF Summary Information:

ATMF Status           : Enabled
Network Name          : tb470
Node Name             : 4050-5g
Role                  : Member
Restricted login      : Disabled
Secure Mode           : Disabled
Current ATMF Nodes    : 1


4050-5g#
>>> show running-config | include atmf
show running-config | include atmf
atmf network-name tb470
 switchport atmf-link
4050-5g#