
===== opened /dev/u5 at 2026-09-21 11:06:00 =====

IE520-stk#
>>> configure terminal
br-atmfmgmt: port 2(vlink1.4092) entered disabled state
23:06:10 IE520-stk ATMF[710]: ATMF link (vlink1): Remote ATMF node sent packet 

with incompatible flag set                                                                               

23:06:13 IE520-stk ATMF[710]: 4050-5g has left. 1 member in total.                                                                               

configure terminal

Enter configuration commands, one per line.  End with CNTL/Z.
IE520-stk(config)#
>>> no atmf virtual-link id 1
no atmf virtual-link id 1

vlink1.4092 (unregistering): left allmulticast mode
vlink1 (unregistering): left allmulticast mode
vlink1.4092 (unregistering): left promiscuous mode
vlink1 (unregistering): left promiscuous mode
br-atmfmgmt: port 2(vlink1.4092) entered disabled state
IE520-stk(config)#
>>> interface po1
interface po1

IE520-stk(config-if)#
>>> switchport atmf-link
switchport atmf-link

IE520-stk(config-if)#
>>> exit
exit

IE520-stk(config)#
>>> end
end

IE520-stk#
>>> configure terminal
configure terminal

Enter configuration commands, one per line.  End with CNTL/Z.
IE520-stk(config)#
>>> atmf master
atmf master

IE520-stk(config)#
>>> end
end

IE520-stk#
>>> show atmf
23:06:32 IE520-stk ATMF[710]: 4050-5g has joined. 2 members in total.                                                                               

show atmf

ATMF Summary Information:

ATMF Status           : Enabled
Network Name          : tb470
Node Name             : IE520-stk
Role                  : Master
Restricted login      : Disabled
Secure Mode           : Disabled
Current ATMF Guests   : 0
Current ATMF Nodes    : 2
Total number of licensed nodes available is 4094


IE520-stk#
>>> show atmf nodes
show atmf nodes


Node Information:

  * = Local device 

 SC = Switch Configuration:
  C = Chassis   S = Stackable   N = Standalone

  Node                 Device             ATMF         Parent              Node 
  Name                 Type               Master  SC   Domain              Depth
--------------------------------------------------------------------------------
* IE520-stk            AT-IE520-28GSX       Y     S    none                  0
  4050-5g              AR4050S-5G           N     N    IE520-stk             1

 Node map exchange is active
 Current ATMF node count 2
IE520-stk#
>>> show atmf links
show atmf links


ATMF Link Brief Information:

Local       Link      Link    ATMF         Adjacent          Adjacent Link
Port        Type      Status  State        Node/Area         Ifindex  State
--------------------------------------------------------------------------------
po1         Downlink  Up      Full         4050-5g           4751     Forwarding

* = Provisioned.


IE520-stk#
>>> show atmf nodes
show atmf nodes


Node Information:

  * = Local device 

 SC = Switch Configuration:
  C = Chassis   S = Stackable   N = Standalone

  Node                 Device             ATMF         Parent              Node 
  Name                 Type               Master  SC   Domain              Depth
--------------------------------------------------------------------------------
* IE520-stk            AT-IE520-28GSX       Y     S    none                  0
  4050-5g              AR4050S-5G           N     N    IE520-stk             1

 Node map exchange is active
 Current ATMF node count 2
IE520-stk#
===== opened /dev/u5 at 2026-09-21 11:08:55 =====


IE520-stk#
>>> terminal length 0
terminal length 0

IE520-stk#
>>> terminal no monitor
terminal no monitor

IE520-stk#
>>> terminal length 0
terminal length 0

IE520-stk#
>>> show atmf
show atmf

ATMF Summary Information:

ATMF Status           : Enabled
Network Name          : tb470
Node Name             : IE520-stk
Role                  : Master
Restricted login      : Disabled
Secure Mode           : Disabled
Current ATMF Guests   : 0
Current ATMF Nodes    : 2
Total number of licensed nodes available is 4094


IE520-stk#
>>> show atmf
show atmf

ATMF Summary Information:

ATMF Status           : Enabled
Network Name          : tb470
Node Name             : IE520-stk
Role                  : Master
Restricted login      : Disabled
Secure Mode           : Disabled
Current ATMF Guests   : 0
Current ATMF Nodes    : 2
Total number of licensed nodes available is 4094


IE520-stk#
>>> show atmf
switch: port 30(port1.0.2) entered disabled state
switch: port 60(port4.0.2) entered disabled state
23:09:12 IE520-stk ATMF[710]: 4050-5g has left. 1 member in total.                                                                               

show atmf

ATMF Summary Information:

ATMF Status           : Enabled
Network Name          : tb470
Node Name             : IE520-stk
Role                  : Master
Restricted login      : Disabled
Secure Mode           : Disabled
Current ATMF Guests   : 0
Current ATMF Nodes    : 1
Total number of licensed nodes available is 4094


IE520-stk#
>>> show atmf
show atmf

ATMF Summary Information:

ATMF Status           : Enabled
Network Name          : tb470
Node Name             : IE520-stk
Role                  : Master
Restricted login      : Disabled
Secure Mode           : Disabled
Current ATMF Guests   : 0
Current ATMF Nodes    : 1
Total number of licensed nodes available is 4094


IE520-stk#
>>> show atmf
show atmf

ATMF Summary Information:

ATMF Status           : Enabled
Network Name          : tb470
Node Name             : IE520-stk
Role                  : Master
Restricted login      : Disabled
Secure Mode           : Disabled
Current ATMF Guests   : 0
Current ATMF Nodes    : 1
Total number of licensed nodes available is 4094


IE520-stk#
>>> show atmf nodes
show atmf nodes


Node Information:

  * = Local device 

 SC = Switch Configuration:
  C = Chassis   S = Stackable   N = Standalone

  Node                 Device             ATMF         Parent              Node 
  Name                 Type               Master  SC   Domain              Depth
--------------------------------------------------------------------------------
* IE520-stk            AT-IE520-28GSX       Y     S    none                  0

 Node map exchange is active
 Current ATMF node count 1
IE520-stk#
>>> show atmf
switch: port 30(port1.0.2) entered blocking state
switch: port 30(port1.0.2) entered forwarding state
switch: port 60(port4.0.2) entered blocking state
switch: port 60(port4.0.2) entered forwarding state
23:11:10 IE520-stk ATMF[710]: 4050-5g has joined. 2 members in total.                                                                               

show atmf

ATMF Summary Information:

ATMF Status           : Enabled
Network Name          : tb470
Node Name             : IE520-stk
Role                  : Master
Restricted login      : Disabled
Secure Mode           : Disabled
Current ATMF Guests   : 0
Current ATMF Nodes    : 2
Total number of licensed nodes available is 4094


IE520-stk#
>>> show atmf
show atmf

ATMF Summary Information:

ATMF Status           : Enabled
Network Name          : tb470
Node Name             : IE520-stk
Role                  : Master
Restricted login      : Disabled
Secure Mode           : Disabled
Current ATMF Guests   : 0
Current ATMF Nodes    : 2
Total number of licensed nodes available is 4094


IE520-stk#
>>> show atmf
show atmf

ATMF Summary Information:

ATMF Status           : Enabled
Network Name          : tb470
Node Name             : IE520-stk
Role                  : Master
Restricted login      : Disabled
Secure Mode           : Disabled
Current ATMF Guests   : 0
Current ATMF Nodes    : 2
Total number of licensed nodes available is 4094


IE520-stk#
>>> show atmf nodes
show atmf nodes


Node Information:

  * = Local device 

 SC = Switch Configuration:
  C = Chassis   S = Stackable   N = Standalone

  Node                 Device             ATMF         Parent              Node 
  Name                 Type               Master  SC   Domain              Depth
--------------------------------------------------------------------------------
* IE520-stk            AT-IE520-28GSX       Y     S    none                  0
  4050-5g              AR4050S-5G           N     N    IE520-stk             1

 Node map exchange is active
 Current ATMF node count 2
IE520-stk#
>>> atmf working-set group all
atmf working-set group all

===================
4050-5g, IE520-stk:
===================

Working set join


tb470[2]#
>>> show atmf | include Node Name
show atmf | include Node Name

========
4050-5g:
========

Node Name             : 4050-5g

==========
IE520-stk:
==========

Node Name             : IE520-stk

tb470[2]#
>>> atmf working-set group local
atmf working-set group local

==========
IE520-stk:
==========

Working set join


IE520-stk#