
===== opened /dev/u1 at 2026-09-22 07:55:55 =====

4050-5g#
>>> terminal length 0
terminal length 0
4050-5g#
>>> terminal no monitor
terminal no monitor
4050-5g#
>>> terminal length 0
terminal length 0
4050-5g#
>>> show etherchannel detail
show etherchannel detail
Aggregator po1 (IfIndex: 4751)
 Mac address: 00:00:cd:40:03:94
 Admin Key: 0001 - Oper Key 0001
 Receive link count: 1 - Transmit link count: 1
 Individual: 0 - Ready: 1
 Partner LAG: 0x8000,00-00-cd-37-0d-6f,0x0001
  Link: port1.0.2 (IfIndex: 5002 Actor Port: 5002 ) unsynchronized
  Link: port1.0.4 (IfIndex: 5004 Actor Port: 5004 ) synchronized
4050-5g#
>>> configure terminal
configure terminal
Enter configuration commands, one per line.  End with CNTL/Z.
4050-5g(config)#
>>> interface port1.0.2
interface port1.0.2
4050-5g(config-if)#
>>> shutdown
shutdown
4050-5g(config-if)#
>>> no channel-group
no channel-group
4050-5g(config-if)#
>>> exit
exit
4050-5g(config)#
>>> end
end
4050-5g#
>>> show etherchannel detail
show etherchannel detail
Aggregator po1 (IfIndex: 4751)
 Mac address: 00:00:cd:40:03:94
 Admin Key: 0001 - Oper Key 0001
 Receive link count: 1 - Transmit link count: 1
 Individual: 0 - Ready: 1
 Partner LAG: 0x8000,00-00-cd-37-0d-6f,0x0001
  Link: port1.0.4 (IfIndex: 5004 Actor Port: 5004 ) synchronized
4050-5g#
>>> show interface status
show interface status
Port        Name               Status      Vlan      Duplex Speed   Type        
--------------------------------------------------------------------------------
port1.0.1   -                  connected           1 a-full a-1000  1000BASE-T  
port1.0.2   -                  disabled        trunk auto   auto    1000BASE-T  
port1.0.3   -                  notconnect          1 auto   auto    1000BASE-T  
port1.0.4   -                  connected       trunk a-full a-1000  1000BASE-T  
port1.0.5   -                  notconnect          1 auto   auto    1000BASE-T  
port1.0.6   -                  notconnect          1 auto   auto    1000BASE-T  
port1.0.7   -                  notconnect          1 auto   auto    1000BASE-T  
port1.0.8   -                  notconnect          1 auto   auto    1000BASE-T  
eth1        -                  notconnect       none auto   auto    1000BASE-T  
eth2        -                  notconnect       none auto   auto    1000BASE-T  
po1         -                  connected       trunk a-full a-1000  -           

4050-5g#