
===== opened /dev/u1 at 2026-09-22 07:47:24 =====

4050-5g#
>>> terminal length 0
terminal length 0
4050-5g#
>>> terminal no monitor
terminal no monitor
4050-5g#
>>> terminal length 0
terminal length 0
4050-5g#
>>> show etherchannel detail
show etherchannel detail
Aggregator po1 (IfIndex: 4751)
 Mac address: 00:00:cd:40:03:94
 Admin Key: 0001 - Oper Key 0001
 Receive link count: 1 - Transmit link count: 1
 Individual: 0 - Ready: 1
 Partner LAG: 0x8000,00-00-cd-37-0d-6f,0x0001
  Link: port1.0.2 (IfIndex: 5002 Actor Port: 5002 ) unsynchronized
  Link: port1.0.4 (IfIndex: 5004 Actor Port: 5004 ) synchronized
4050-5g#
>>> show lldp neighbors
show lldp neighbors

LLDP Neighbor Information:

Total number of neighbors on these ports .... 1

 System Capability Codes:
   O = Other   P = Repeater   B = Bridge               W = WLAN Access Point
   R = Router  T = Telephone  C = DOCSIS Cable Device  S = Station Only
 LLDP-MED Device Type and Power Source Codes:
   1 = Class I   3 = Class III    PSE  = PoE    Both = PoE&Local  Prim = Primary
   2 = Class II  N = Network Con. Locl = Local  Unkn = Unknown    Back = Backup

Local    Neighbor        Neighbor        Neighbor                System   MED   
Port     Chassis ID      Port ID         Sys Name                Cap.     Ty Pwr
--------------------------------------------------------------------------------
1.0.4    0000.cd37.0d6f  port4.0.2                                        
4050-5g#