
===== opened /dev/u5 at 2026-09-21 10:57:03 =====

IE520-stk#
>>> terminal length 0
terminal length 0
IE520-stk#
>>> terminal no monitor
terminal no monitor
IE520-stk#
>>> terminal length 0
terminal length 0
IE520-stk#
>>> show atmf links
show atmf links

ATMF Link Brief Information:

Local       Link      Link    ATMF         Adjacent          Adjacent Link
Port        Type      Status  State        Node/Area         Ifindex  State
--------------------------------------------------------------------------------
po1         Uplink    Up      Full         4050-5g           4751     Forwarding

* = Provisioned.


IE520-stk#
>>> configure terminal
22:57:18 IE520-stk ATMF[710]: ATMF link (po1): Remote ATMF node sent packet wit
h incompatible flag set                                                                               
22:57:20 IE520-stk ATMF[710]: 4050-5g has left. 1 member in total.                                                                               
configure terminal
Enter configuration commands, one per line.  End with CNTL/Z.
IE520-stk(config)#
>>> interface po1
interface po1
IE520-stk(config-if)#
>>> no switchport atmf-link
no switchport atmf-link
IE520-stk(config-if)#
>>> switchport atmf-crosslink
switchport atmf-crosslink
IE520-stk(config-if)#
>>> exit
exit
IE520-stk(config)#
>>> end
end
IE520-stk#22:57:29 IE520-stk ATMF[710]: 4050-5g has joined. 2 members in total.                                                                               

>>> show atmf
show atmf
ATMF Summary Information:

ATMF Status           : Enabled
Network Name          : tb470
Node Name             : IE520-stk
Role                  : Member
Restricted login      : Disabled
Secure Mode           : Disabled
Current ATMF Nodes    : 2


IE520-stk#
>>> show atmf links
show atmf links

ATMF Link Brief Information:

Local       Link      Link    ATMF         Adjacent          Adjacent Link
Port        Type      Status  State        Node/Area         Ifindex  State
--------------------------------------------------------------------------------
po1         Crosslink Up      Full         4050-5g           4751     Forwarding

* = Provisioned.


IE520-stk#
>>> show atmf links detail
show atmf links detail

--------------------------------------------------------------------------------
Crosslink Ports Information
--------------------------------------------------------------------------------
Port                               : po1
Ifindex                            : 4751
Port Status                        : Up
Port State                         : Full
Last event                         : AdjNodeLSEPresent
Port BPDU Receive Count            : 77
Adjacent Node Name                 : 4050-5g
Adjacent Ifindex                   : 4751
Adjacent MAC                       : 0000.cd40.0394
Port Last Message Response         : 0



Link State Entries:

Crosslink Ports Blocking           : False
Node.Ifindex                       : 4050-5g.4751 - IE520-stk.4751
Transaction ID                     : 1 - 1
MAC Address                        : 0000.cd40.0394 - 0000.cd37.0d6f
Link State                         : Full - Full



Domain Nodes Tree:

Node                               : 4050-5g
  Links on Node                    : 1
  Link 0                           : 4050-5g.4751 - IE520-stk.4751
  Forwarding State                 : Forwarding
Node                               : IE520-stk
  Links on Node                    : 1
  Link 0                           : 4050-5g.4751 - IE520-stk.4751
  Forwarding State                 : Forwarding


Crosslink Transaction Entries:

Node                               : 4050-5g
Transaction ID                     : 1
Uplink Transaction ID              : 4


Uplink Information:

Waiting for Sync                   : 0
Transaction ID                     : 4
Number of Links                    : 0
Number of Local Uplinks            : 0

Originating Node                   : 4050-5g
Domain                             : -'s domain
Node                               : 4050-5g
Ifindex                            : 0
Node Depth                         : 0
Transaction ID                     : 4
Flags                              : 32
Domain Controller                  : -
Domain Controller MAC              : 0000.0000.0000



Downlink Domain Information:



--------------------------------------------------------------------------------
Up/Downlink Ports Information
--------------------------------------------------------------------------------

Special Link Present               : FALSE

IE520-stk#
>>> show atmf nodes
show atmf nodes

Node Information:

  * = Local device 

 SC = Switch Configuration:
  C = Chassis   S = Stackable   N = Standalone

  Node                 Device             ATMF         Parent              Node 
  Name                 Type               Master  SC   Domain              Depth
--------------------------------------------------------------------------------
  4050-5g              AR4050S-5G           Y     N    none                  0
* IE520-stk            AT-IE520-28GSX       N     S    none                  0

 Node map exchange is active
 Current ATMF node count 2
IE520-stk#
>>> show atmf
show atmf
ATMF Summary Information:

ATMF Status           : Enabled
Network Name          : tb470
Node Name             : IE520-stk
Role                  : Member
Restricted login      : Disabled
Secure Mode           : Disabled
Current ATMF Nodes    : 2


IE520-stk#