
===== opened /dev/u5 at 2026-09-21 13:06:10 =====

IE520-stk#
>>> terminal length 0
terminal length 0
IE520-stk#
>>> terminal no monitor
terminal no monitor
IE520-stk#
>>> terminal length 0
terminal length 0
IE520-stk#
>>> show interface port1.0.1 status
show interface port1.0.1 status
Port        Name               Status      Vlan      Duplex Speed   Type        
--------------------------------------------------------------------------------
port1.0.1   -                  notconnect          1 auto   auto    not present 

IE520-stk#
>>> show loop-protection
show loop-protection


LDF Interval:    1
Fast Block:      Enabled
Total Instances: 124 (124 packets/s)
                                                        Timeout
  Int           Enabled  Action     Status    Timeout   Remain   Rx port
  --------------------------------------------------------------------------
  port1.0.1     Yes      vlan-dis   Normal    7         -        -          
  port1.0.2     No       -          -         -         -        -          
  port1.0.3     Yes      vlan-dis   Normal    7         -        -          
  port1.0.4     Yes      vlan-dis   Normal    7         -        -          
  port1.0.5     Yes      vlan-dis   Normal    7         -        -          
  port1.0.6     Yes      vlan-dis   Normal    7         -        -          
  port1.0.7     Yes      vlan-dis   Normal    7         -        -          
  port1.0.8     Yes      vlan-dis   Normal    7         -        -          
  port1.0.9     Yes      vlan-dis   Normal    7         -        -          
  port1.0.10    Yes      vlan-dis   Normal    7         -        -          
  port1.0.11    Yes      vlan-dis   Normal    7         -        -          
  port1.0.12    Yes      vlan-dis   Normal    7         -        -          
  port1.0.13    Yes      vlan-dis   Normal    7         -        -          
  port1.0.14    Yes      vlan-dis   Normal    7         -        -          
  port1.0.15    Yes      vlan-dis   Normal    7         -        -          
  port1.0.16    Yes      vlan-dis   Normal    7         -        -          
  port1.0.17    Yes      vlan-dis   Normal    7         -        -          
  port1.0.18    Yes      vlan-dis   Normal    7         -        -          
  port1.0.19    Yes      vlan-dis   Normal    7         -        -          
  port1.0.20    Yes      vlan-dis   Normal    7         -        -          
  port1.0.21    Yes      vlan-dis   Normal    7         -        -          
  port1.0.22    Yes      vlan-dis   Normal    7         -        -          
  port1.0.23    Yes      vlan-dis   Normal    7         -        -          
  port1.0.24    Yes      vlan-dis   Normal    7         -        -          
  port1.0.25    Yes      vlan-dis   Normal    7         -        -          
  port1.0.26    Yes      vlan-dis   Normal    7         -        -          
  port2.0.1     Yes      vlan-dis   Normal    7         -        -          
  port2.0.2     Yes      vlan-dis   Normal    7         -        -          
  port2.0.3     Yes      vlan-dis   Normal    7         -        -          
  port2.0.4     Yes      vlan-dis   Normal    7         -        -          
  port2.0.5     Yes      vlan-dis   Normal    7         -        -          
  port2.0.6     Yes      vlan-dis   Normal    7         -        -          
  port2.0.7     Yes      vlan-dis   Normal    7         -        -          
  port2.0.8     Yes      vlan-dis   Normal    7         -        -          
  port2.0.9     Yes      vlan-dis   Normal    7         -        -          
  port2.0.10    Yes      vlan-dis   Normal    7         -        -          
  port2.0.11    Yes      vlan-dis   Normal    7         -        -          
  port2.0.12    Yes      vlan-dis   Normal    7         -        -          
  port2.0.13    Yes      vlan-dis   Normal    7         -        -          
  port2.0.14    Yes      vlan-dis   Normal    7         -        -          
  port2.0.15    Yes      vlan-dis   Normal    7         -        -          
  port2.0.16    Yes      vlan-dis   Normal    7         -        -          
  port2.0.17    Yes      vlan-dis   Normal    7         -        -          
  port2.0.18    Yes      vlan-dis   Normal    7         -        -          
  port2.0.19    Yes      vlan-dis   Normal    7         -        -          
  port2.0.20    Yes      vlan-dis   Normal    7         -        -          
  port2.0.21    Yes      vlan-dis   Normal    7         -        -          
  port2.0.22    Yes      vlan-dis   Normal    7         -        -          
  port2.0.23    Yes      vlan-dis   Normal    7         -        -          
  port2.0.24    Yes      vlan-dis   Normal    7         -        -          
  port2.0.25    Yes      vlan-dis   Normal    7         -        -          
  port2.0.26    Yes      vlan-dis   Normal    7         -        -          
  port3.0.1     Yes      vlan-dis   Normal    7         -        -          
  port3.0.2     Yes      vlan-dis   Normal    7         -        -          
  port3.0.3     Yes      vlan-dis   Normal    7         -        -          
  port3.0.4     Yes      vlan-dis   Normal    7         -        -          
  port3.0.5     Yes      vlan-dis   Normal    7         -        -          
  port3.0.6     Yes      vlan-dis   Normal    7         -        -          
  port3.0.7     Yes      vlan-dis   Normal    7         -        -          
  port3.0.8     Yes      vlan-dis   Normal    7         -        -          
  port3.0.9     Yes      vlan-dis   Normal    7         -        -          
  port3.0.10    Yes      vlan-dis   Normal    7         -        -          
  port3.0.11    Yes      vlan-dis   Normal    7         -        -          
  port3.0.12    Yes      vlan-dis   Normal    7         -        -          
  port3.0.13    Yes      vlan-dis   Normal    7         -        -          
  port3.0.14    Yes      vlan-dis   Normal    7         -        -          
  port3.0.15    Yes      vlan-dis   Normal    7         -        -          
  port3.0.16    Yes      vlan-dis   Normal    7         -        -          
  port3.0.17    Yes      vlan-dis   Normal    7         -        -          
  port3.0.18    Yes      vlan-dis   Normal    7         -        -          
  port3.0.19    Yes      vlan-dis   Normal    7         -        -          
  port3.0.20    Yes      vlan-dis   Normal    7         -        -          
  port3.0.21    Yes      vlan-dis   Normal    7         -        -          
  port3.0.22    Yes      vlan-dis   Normal    7         -        -          
  port3.0.23    Yes      vlan-dis   Normal    7         -        -          
  port3.0.24    Yes      vlan-dis   Normal    7         -        -          
  port3.0.25    Yes      vlan-dis   Normal    7         -        -          
  port3.0.26    Yes      vlan-dis   Normal    7         -        -          
  port4.0.1     Yes      vlan-dis   Normal    7         -        -          
  port4.0.2     No       -          -         -         -        -          
  port4.0.3     Yes      vlan-dis   Normal    7         -        -          
  port4.0.4     Yes      vlan-dis   Normal    7         -        -          
  port4.0.5     Yes      vlan-dis   Normal    7         -        -          
  port4.0.6     Yes      vlan-dis   Normal    7         -        -          
  port4.0.7     Yes      vlan-dis   Normal    7         -        -          
  port4.0.8     Yes      vlan-dis   Normal    7         -        -          
  port4.0.9     Yes      vlan-dis   Normal    7         -        -          
  port4.0.10    Yes      vlan-dis   Normal    7         -        -          
  port4.0.11    Yes      vlan-dis   Normal    7         -        -          
  port4.0.12    Yes      vlan-dis   Normal    7         -        -          
  port4.0.13    Yes      vlan-dis   Normal    7         -        -          
  port4.0.14    Yes      vlan-dis   Normal    7         -        -          
  port4.0.15    Yes      vlan-dis   Normal    7         -        -          
  port4.0.16    Yes      vlan-dis   Normal    7         -        -          
  port4.0.17    Yes      vlan-dis   Normal    7         -        -          
  port4.0.18    Yes      vlan-dis   Normal    7         -        -          
  port4.0.19    Yes      vlan-dis   Normal    7         -        -          
  port4.0.20    Yes      vlan-dis   Normal    7         -        -          
  port4.0.21    Yes      vlan-dis   Normal    7         -        -          
  port4.0.22    Yes      vlan-dis   Normal    7         -        -          
  port4.0.23    Yes      vlan-dis   Normal    7         -        -          
  port4.0.24    Yes      vlan-dis   Normal    7         -        -          
  port4.0.25    Yes      vlan-dis   Normal    7         -        -          
  port4.0.26    Yes      vlan-dis   Normal    7         -        -          
  po1           Yes      vlan-dis   Normal    7         -        -          
IE520-stk#