
===== opened /dev/u1 at 2026-09-21 14:19:33 =====

4050-5g#
>>> terminal length 0
terminal length 0
4050-5g#
>>> terminal no monitor
terminal no monitor
4050-5g#
>>> terminal length 0
terminal length 0
4050-5g#
>>> show atmf backup
show atmf backup
Node Backup ........... Enabled
  Schedule ............ 1 per day starting at 03:00
  Next Backup Time .... 22 Sep 2026 03:00
Backup Bandwidth ...... Unlimited
Backup Media .......... NONE
Current Action ........ Idle
  Started ............. -
  Current Node ........ -
Backup Redundancy ..... Disabled
Recovery Server ....... Disabled


% No backup media found on this device

4050-5g#