
===== opened /dev/u5 at 2026-09-21 13:53:54 =====
[    [0;31m*[0;1;31m*[0m] (3 of 3) A start job is running for syslog-ng (29s / 1min 47s)
M[K[   [0;31m*[0;1;31m*[0m[0;31m*[0m] (1 of 3) A start job is running for…are Management Service (29s / 54s)
M[K[  [0;31m*[0;1;31m*[0m[0;31m* [0m] (1 of 3) A start job is running for…are Management Service (30s / 54s)
M[K[[0;32m  OK  [0m] Started [0;1;39mPlatform Hardware Management Service[0m.
[K         Starting [0;1;39mExternal Media[0m...
[[0;32m  OK  [0m] Started [0;1;39mhostcfg[0m.
[[0;32m  OK  [0m] Started [0;1;39mfilesysd[0m.
[[0;32m  OK  [0m] Started [0;1;39mhostd[0m.
[[0;32m  OK  [0m] Started [0;1;39mMount monitor[0m.
[[0;32m  OK  [0m] Started [0;1;39mmodbus[0m.
         Starting [0;1;39mpreautoconf[0m...
[[0;32m  OK  [0m] Started [0;1;39mPluggables Manager[0m.
         Starting [0;1;39mPlatform Information Service[0m...
         Starting [0;1;39mPluggable checker daemon[0m...
[[0;32m  OK  [0m] Finished [0;1;39mPluggable checker daemon[0m.
[[0;32m  OK  [0m] Finished [0;1;39mpreautoconf[0m.
[[0;32m  OK  [0m] Finished [0;1;39mExternal Media[0m.
[[0;32m  OK  [0m] Started [0;1;39msyslog-ng[0m.
         Starting [0;1;39mContinuous reboot prevention[0m...
         Starting [0;1;39mSecure mode enable[0m...
01:53:54 awplus Pluggable[421]: Pluggable AT-SPTXa inserted into port3.0.2
[[0;32m  OK  [0m] Finished [0;1;39mSecure mode enable[0m.
01:53:54 awplus Pluggable[421]: Pluggable AT-SPTXc inserted into port3.0.9
01:53:54 awplus Pluggable[421]: port3.0.13 - 10Gb SFP+ in 1Gb SFP port not supported. Please remove.
01:53:54 awplus Pluggable[421]: Pluggable AT-SP10TM inserted into port3.0.13
01:53:54 awplus Pluggable[421]: Pluggable 1-2127931-2 inserted into port3.0.27
01:53:54 awplus Pluggable[421]: Pluggable AT-SP10SR inserted into port3.0.28
01:53:55 awplus plugcheck: port3.0.13 doesn't support this module type.
tipc: Started in network mode
tipc: Node identity 1001003, cluster identity 4711
usb 1-1: USB disconnect, device number 2
asix 1-1:1.0 eth0: unregister 'asix' usb-f1050000.usb-1, ASIX AX88772B USB 2.0 Ethernet
tipc: Node number set to 16781315
[[0;32m  OK  [0m] Finished [0;1;39mContinuous reboot prevention[0m.
[[0;32m  OK  [0m] Started [0;1;39mTPM 2.0 Server Daemon[0m.
         Starting [0;1;39mTPM2 Access Broker and Resource Management Daemon[0m...
[[0;32m  OK  [0m] Started [0;1;39mPlatform Information Service[0m.
[[0;32m  OK  [0m] Started [0;1;39malmond[0m.
[[0;32m  OK  [0m] Started [0;1;39meventwatch[0m.
[[0;32m  OK  [0m] Started [0;1;39mimi[0m.
[[0;32m  OK  [0m] Started [0;1;39mhsl[0m.
[[0;32m  OK  [0m] Started [0;1;39mLicensing Daemon[0m.
[[0;32m  OK  [0m] Started [0;1;39mLink monitoring[0m.
         Starting [0;1;39mmarvell[0m...
[[0;32m  OK  [0m] Started [0;1;39mnsm[0m.
[[0;32m  OK  [0m] Started [0;1;39mAMF Apps[0m.
[[0;32m  OK  [0m] Started [0;1;39matmf agent[0m.
         Starting [0;1;39matmfd[0m...
[[0;32m  OK  [0m] Started [0;1;39mATMF file server daemon[0m.
         Starting [0;1;39mauthd[0m...
         Starting [0;1;39mimiproxyd[0m...
         Starting [0;1;39mirdpd[0m...
         Starting [0;1;39mlacpd[0m...
         Starting [0;1;39mlldpd[0m...
         Starting [0;1;39mloopprotd[0m...
         Starting [0;1;39mmstpd[0m...
[[0;32m  OK  [0m] Started [0;1;39mPlatform Event Handler[0m.
         Starting [0;1;39mrmond[0m...
         Starting [0;1;39msflowd[0m...
         Starting [0;1;39mStack Manager[0m...
         Starting [0;1;39mTrigger[0m...
[[0;32m  OK  [0m] Started [0;1;39mTunnel Manager[0m.
         Starting [0;1;39mudldd[0m...
[[0;32m  OK  [0m] Started [0;1;39mmarvell[0m.
[[0;32m  OK  [0m] Started [0;1;39mStack Manager[0m.
         Starting [0;1;39mStack Election[0m...
         Starting [0;1;39mD-Bus User Message Bus[0m...
[[0;32m  OK  [0m] Started [0;1;39matmfd[0m.
[[0;32m  OK  [0m] Started [0;1;39mD-Bus User Message Bus[0m.
enable

===== opened /dev/u5 at 2026-09-21 13:54:15 =====

enable
scsi 0:0:0:0: Direct-Access     USB3.0   FLASH DRIVE      PMAP PQ: 0 ANSI: 6
sd 0:0:0:0: [sda] 60628992 512-byte logical blocks: (31.0 GB/28.9 GiB)
sd 0:0:0:0: [sda] Write Protect is off
sd 0:0:0:0: [sda] Mode Sense: 23 00 00 00
sd 0:0:0:0: [sda] No Caching mode page found
sd 0:0:0:0: [sda] Assuming drive cache: write through
 sda: sda1
sd 0:0:0:0: [sda] Attached SCSI removable disk

===== opened /dev/u5 at 2026-09-21 13:54:24 =====

enable

===== opened /dev/u5 at 2026-09-21 13:54:32 =====
[[0;32m  OK  [0m] Started [0;1;39mcorosync[0m.
01:54:28 awplus-3 VCS[715]: Member 4 (84e3.2787.09c0) has joined the stack
[     [0;31m*[0m] A start job is running for iptables (1min 9s / 6min 6s)
M[K[    [0;31m*[0;1;31m*[0m] A start job is running for iptables (1min 9s / 6min 6s)
M[K[[0;32m  OK  [0m] Finished [0;1;39miptables[0m.
[K[[0;32m  OK  [0m] Reached target [0;1;39mMulti-User System[0m.
         Starting [0;1;39mAWPlus[0m...
