
===== opened /dev/u1 at 2026-09-21 10:50:43 =====

4050-5g#
>>> terminal length 0
terminal length 0
4050-5g#
>>> terminal no monitor
terminal no monitor
4050-5g#
>>> terminal length 0
terminal length 0
4050-5g#
>>> show atmf
show atmf
ATMF Summary Information:

ATMF Status           : Enabled
Network Name          : tb470
Node Name             : 4050-5g
Role                  : Master
Restricted login      : Disabled
Secure Mode           : Disabled
Current ATMF Guests   : 0
Current ATMF Nodes    : 2
Total number of licensed nodes available is 4094


4050-5g#
>>> atmf remote-login IE520-stk
atmf remote-login IE520-stk
Type 'exit' to return to 4050-5g.
AlliedWare Plus (TM) 0.0.0 09/13/26 11:21:26

IE520-stk>
>>> show system | include Board Name|Base 
show system | include Board Name|Base 
Board      ID   Bay     Board Name                        Rev   Serial number
Base       717  Base    AT-IE520-28GSX                    X1-0  264A23061       
Board      ID   Bay     Board Name                        Rev   Serial number
Base       717  Base    AT-IE520-28GSX                    X1-0  264A23068       
Board      ID   Bay     Board Name                        Rev   Serial number
Base       717  Base    AT-IE520-28GSX                    X1-0  264A23066       
Board      ID   Bay     Board Name                        Rev   Serial number
Base       717  Base    AT-IE520-28GSX                    X1-0  264A23052       
IE520-stk>
>>> exit
exit
4050-5g#
>>> show atmf | include Node Name
show atmf | include Node Name
Node Name             : 4050-5g
4050-5g#