
===== opened /dev/u1 at 2026-09-21 10:48:01 =====

4050-5g#
>>> terminal length 0
terminal length 0
4050-5g#
>>> terminal no monitor
terminal no monitor
4050-5g#
>>> terminal length 0
terminal length 0
4050-5g#
>>> show atmf
show atmf
ATMF Summary Information:

ATMF Status           : Enabled
Network Name          : Not Set
Node Name             : host_0000_cd40_0394
Role                  : Member
Restricted login      : Enabled
Secure Mode           : Disabled
Current ATMF Nodes    : 1


4050-5g#
>>> configure terminal
configure terminal
Enter configuration commands, one per line.  End with CNTL/Z.
4050-5g(config)#
>>> atmf network-name tb470
atmf network-name tb470
10:48:09 4050-5g ATMF[1194]: Host name change [host_0000_cd40_0394 -> 4050-5g]                                                                               
4050-5g(config)#
>>> atmf master
atmf master
4050-5g(config)#10:48:11 4050-5g ATMF[1194]: The number of nodes allowed on this ATMF network i
s 4094                                                                               

>>> interface po1
interface po1
4050-5g(config-if)#
>>> switchport atmf-link
switchport atmf-link
4050-5g(config-if)#
>>> exit
exit
4050-5g(config)#
>>> end
end
4050-5g#
>>> show atmf
10:48:33 4050-5g ATMF[1194]: IE520-stk has joined. 2 members in total.                                                                               
show atmf
ATMF Summary Information:

ATMF Status           : Enabled
Network Name          : tb470
Node Name             : 4050-5g
Role                  : Master
Restricted login      : Disabled
Secure Mode           : Disabled
Current ATMF Guests   : 0
Current ATMF Nodes    : 2
Total number of licensed nodes available is 4094


4050-5g#
>>> show atmf links
show atmf links

ATMF Link Brief Information:

Local       Link      Link    ATMF         Adjacent          Adjacent Link
Port        Type      Status  State        Node/Area         Ifindex  State
--------------------------------------------------------------------------------
po1         Downlink  Up      Full         IE520-stk         4751     Forwarding

* = Provisioned.


4050-5g#
>>> show atmf nodes
show atmf nodes

Node Information:

  * = Local device 

 SC = Switch Configuration:
  C = Chassis   S = Stackable   N = Standalone

  Node                 Device             ATMF         Parent              Node 
  Name                 Type               Master  SC   Domain              Depth
--------------------------------------------------------------------------------
* 4050-5g              AR4050S-5G           Y     N    none                  0
  IE520-stk            AT-IE520-28GSX       N     S    4050-5g               1

 Node map exchange is active
 Current ATMF node count 2
4050-5g#