
===== opened /dev/u1 at 2026-09-21 14:07:43 =====

4050-5g#
>>> terminal length 0
terminal length 0
4050-5g#
>>> terminal no monitor
terminal no monitor
4050-5g#
>>> terminal length 0
terminal length 0
4050-5g#
>>> configure terminal
configure terminal
Enter configuration commands, one per line.  End with CNTL/Z.
4050-5g(config)#
>>> atmf master
atmf master
4050-5g(config)#
>>> end
end
4050-5g#
>>> show atmf
show atmf
ATMF Summary Information:

ATMF Status           : Enabled
Network Name          : tb470
Node Name             : 4050-5g
Role                  : Master
Restricted login      : Enabled
Secure Mode           : Disabled
Current ATMF Guests   : 0
Current ATMF Nodes    : 1
Total number of licensed nodes available is 4094


4050-5g#
>>> configure terminal
configure terminal
Enter configuration commands, one per line.  End with CNTL/Z.
4050-5g(config)#
>>> interface po1
interface po1
4050-5g(config-if)#
>>> no switchport atmf-link
no switchport atmf-link
4050-5g(config-if)#
>>> exit
exit
4050-5g(config)#
>>> end
end
4050-5g#
>>> configure terminal
configure terminal
Enter configuration commands, one per line.  End with CNTL/Z.
4050-5g(config)#
>>> atmf virtual-link id 2 ip 10.10.10.2 remote-id 1 remote-ip 10.10.10.1
atmf virtual-link id 2 ip 10.10.10.2 remote-id 1 remote-ip 10.10
.10.1
4050-5g(config)#
>>> end
end
4050-5g#
>>> show atmf
show atmf
ATMF Summary Information:

ATMF Status           : Enabled
Network Name          : tb470
Node Name             : 4050-5g
Role                  : Master
Restricted login      : Enabled
Secure Mode           : Disabled
Current ATMF Guests   : 0
Current ATMF Nodes    : 1
Total number of licensed nodes available is 4094


4050-5g#