
===== opened /dev/u5 at 2026-09-21 13:31:07 =====

IE520-stk#
>>> terminal length 0
terminal length 0
IE520-stk#
>>> terminal no monitor
terminal no monitor
IE520-stk#
>>> terminal length 0
terminal length 0
IE520-stk#
>>> show atmf
show atmf
ATMF Summary Information:

ATMF Status           : Enabled
Network Name          : tb470
Node Name             : IE520-stk
Role                  : Master
Restricted login      : Enabled
Secure Mode           : Disabled
Current ATMF Guests   : 0
Current ATMF Nodes    : 3
Total number of licensed nodes available is 4094


IE520-stk#
>>> show atmf nodes
show atmf nodes

Node Information:

  * = Local device 

 SC = Switch Configuration:
  C = Chassis   S = Stackable   N = Standalone

  Node                 Device             ATMF         Parent              Node 
  Name                 Type               Master  SC   Domain              Depth
--------------------------------------------------------------------------------
* IE520-stk            AT-IE520-28GSX       Y     S    none                  0
  x230-10GP            x230-10GP            N     N    IE520-stk             1
  4050-5g              AR4050S-5G           N     N    IE520-stk             1

 Node map exchange is active
 Current ATMF node count 3
IE520-stk#
>>> show atmf links
show atmf links

ATMF Link Brief Information:

Local       Link      Link    ATMF         Adjacent          Adjacent Link
Port        Type      Status  State        Node/Area         Ifindex  State
--------------------------------------------------------------------------------
po1         Downlink  Up      Full         4050-5g           4751     Forwarding
1.0.2       Downlink  Up      Full         x230-10GP         5003     Forwarding

* = Provisioned.


IE520-stk#
>>> show stack
show stack
Virtual Chassis Stacking summary information

ID   Pending ID  MAC address        Priority  Status  Role
1    -           84e3.2787.0ac0     128       Ready   Backup Member
2    -           84e3.2787.0780     2         Ready   Backup Member
3    -           84e3.2787.0740     128       Ready   Active Master
4    -           84e3.2787.09c0     128       Ready   Backup Member

Operational Status                 Normal operation
Stack MAC address                  0000.cd37.0d6f (Virtual MAC)
IE520-stk#