
===== opened /dev/u1 at 2026-09-21 13:07:13 =====

4050-5g#
>>> terminal length 0
terminal length 0
4050-5g#
>>> terminal no monitor
terminal no monitor
4050-5g#
>>> terminal length 0
terminal length 0
4050-5g#
>>> show interface status
show interface status
Port        Name               Status      Vlan      Duplex Speed   Type        
--------------------------------------------------------------------------------
port1.0.1   -                  connected           1 a-full a-1000  1000BASE-T  
port1.0.2   -                  connected       trunk a-full a-1000  1000BASE-T  
port1.0.3   -                  notconnect          1 auto   auto    1000BASE-T  
port1.0.4   -                  connected       trunk a-full a-1000  1000BASE-T  
port1.0.5   -                  notconnect          1 auto   auto    1000BASE-T  
port1.0.6   -                  notconnect          1 auto   auto    1000BASE-T  
port1.0.7   -                  notconnect          1 auto   auto    1000BASE-T  
port1.0.8   -                  notconnect          1 auto   auto    1000BASE-T  
eth1        -                  notconnect       none auto   auto    1000BASE-T  
eth2        -                  notconnect       none auto   auto    1000BASE-T  
po1         -                  connected       trunk a-full a-1000  -           

4050-5g#