
===== opened /dev/u5 at 2026-09-21 13:43:09 =====

IE520-stk#
>>> terminal length 0
terminal length 0
IE520-stk#
>>> terminal no monitor
terminal no monitor
IE520-stk#
>>> terminal length 0
terminal length 0
IE520-stk#
>>> show application-proxy threat-protection
show application-proxy threat-protection

Quarantine Vlan           : Not set
Global IP-Filter          : Enabled
IP-Filter Limit Exceeded  : 0
Redirect-URL              : Not set

Client IP        Interface       MAC Address     VLAN      Action
-----------------------------------------------------------------
10.1.1.1         *               *               *      ip-filter
IE520-stk#