
===== opened /dev/u5 at 2026-09-21 14:17:11 =====

IE520-stk#
>>> terminal length 0
terminal length 0
IE520-stk#
>>> terminal no monitor
terminal no monitor
IE520-stk#
>>> terminal length 0
terminal length 0
IE520-stk#
>>> show atmf links
show atmf links

ATMF Link Brief Information:

Local       Link      Link    ATMF         Adjacent          Adjacent Link
Port        Type      Status  State        Node/Area         Ifindex  State
--------------------------------------------------------------------------------
1.0.2       Downlink  Up      Full         x230-10GP         5003     Forwarding
vlink1      Uplink            Full         4050-5g           16779265 Forwarding

* = Provisioned.


IE520-stk#
>>> show atmf virtual-links
show atmf virtual-links

ATMF Virtual-Link Information:

Local     Local                 Remote                Tunnel    Tunnel
Port      ID   IP               ID   IP               Protect   State
-----------------------------------------------------------------------------
vlink1    1    10.10.10.1       2    10.10.10.2       -         Complete     

 * = Dynamic Address.

Virtual Links Configured: 1


IE520-stk#
>>> dir usb:
dir usb:
        16 -rwx Sep 21 2026 02:14:18  [32matmf_recovery_file_hash[0m
      2176 -rwx Sep 21 2026 02:14:14  [32matmf_recovery_file[0m
  41104167 -rwx Aug 11 2026 03:59:58  [32m---w-z-03-09-a-y---.rel[0m
  41103815 -rwx Aug 09 2026 19:04:18  [32mIE520-tb470.rel[0m
   1572864 -rwx Aug 02 2026 21:51:18  [32mIE520-bootloader-9.1.0.kwb[0m
IE520-stk#