
===== opened /dev/u1 at 2026-09-21 11:38:35 =====

4050-5g#
>>> terminal length 0
terminal length 0
4050-5g#
>>> terminal no monitor
terminal no monitor
4050-5g#
>>> terminal length 0
terminal length 0
4050-5g#
>>> configure terminal
configure terminal
Enter configuration commands, one per line.  End with CNTL/Z.
4050-5g(config)#
>>> interface port1.0.4
interface port1.0.4
4050-5g(config-if)#
>>> no shutdown
no shutdown
4050-5g(config-if)#
>>> exit
exit
4050-5g(config)#
>>> end
end
4050-5g#
>>> configure terminal
configure terminal
Enter configuration commands, one per line.  End with CNTL/Z.
4050-5g(config)#
>>> interface po1
interface po1
4050-5g(config-if)#
>>> switchport trunk allowed vlan add 10
switchport trunk allowed vlan add 10
4050-5g(config-if)#
>>> switchport trunk native vlan 10
switchport trunk native vlan 10
4050-5g(config-if)#
>>> exit
exit
4050-5g(config)#
>>> end
end
4050-5g#
>>> show atmf
show atmf
ATMF Summary Information:

ATMF Status           : Enabled
Network Name          : tb470
Node Name             : 4050-5g
Role                  : Member
Restricted login      : Enabled
Secure Mode           : Disabled
Current ATMF Nodes    : 2


4050-5g#