
===== opened /dev/u5 at 2026-09-21 14:12:47 =====

IE520-stk#
>>> terminal length 0
terminal length 0
IE520-stk#
>>> terminal no monitor
terminal no monitor
IE520-stk#
>>> terminal length 0
terminal length 0
IE520-stk#
>>> show atmf
show atmf
ATMF Summary Information:

ATMF Status           : Enabled
Network Name          : tb470
Node Name             : IE520-stk
Role                  : Member
Restricted login      : Enabled
Secure Mode           : Enabled
Current ATMF Nodes    : 1


IE520-stk#
>>> show running-config | include atmf
show running-config | include atmf
atmf network-name tb470
atmf secure-mode
service atmf-application-proxy
 switchport atmf-link
atmf virtual-link id 1 ip 10.10.10.1 remote-id 2 remote-ip 10.10.10.2 
IE520-stk#