
===== opened /dev/u5 at 2026-09-22 07:59:08 =====

IE520-stk#
>>> terminal length 0
terminal length 0
IE520-stk#
>>> terminal no monitor
terminal no monitor
IE520-stk#
>>> terminal length 0
terminal length 0
IE520-stk#
>>> show running-config interface port1.0.2
show running-config interface port1.0.2
!
interface port1.0.2
 switchport
 switchport mode access
!
IE520-stk#
>>> show running-config interface port2.0.2
show running-config interface port2.0.2
!
interface port2.0.2
 switchport
 switchport mode access
 application-proxy threat-protection drop
!
IE520-stk#
>>> show running-config interface po1
show running-config interface po1
!
interface po1
 switchport
 switchport mode access
 switchport access vlan 10
!
IE520-stk#
>>> show running-config interface vlan1
show running-config interface vlan1
!
interface vlan1
 ip address 10.38.215.10/27
 ip address 10.38.215.40/27 secondary
 ipv6 enable
 ipv6 address dhcp
 ip dhcp-client vendor-identifying-class
 ip dhcp-client request vendor-identifying-specific
!
IE520-stk#
>>> show running-config interface vlan10
show running-config interface vlan10
!
interface vlan10
 ip address 10.10.10.1/27
!
IE520-stk#
>>> show running-config | include atmf|application-proxy|provision
show running-config | include atmf|application-proxy|provision
switch 1 provision ie520-28
switch 2 provision ie520-28
switch 3 provision ie520-28
switch 4 provision ie520-28
 application-proxy threat-protection drop
IE520-stk#