
===== opened /dev/u5 at 2026-09-21 14:47:40 =====

IE520-stk#
>>> terminal length 0
terminal length 0
IE520-stk#02:47:42 IE520-stk IMISH[14075]: [manager@ttyS0]terminal length 0

>>> terminal no monitor
terminal no monitor
02:47:43 IE520-stk IMISH[14075]: [manager@ttyS0]terminal no monitor
IE520-stk#02:47:43 IE520-stk logconf: Update log configuration

>>> terminal length 0
terminal length 0
IE520-stk#
>>> show stack
show stack
Virtual Chassis Stacking summary information

ID   Pending ID  MAC address        Priority  Status  Role
1    -           84e3.2787.0ac0     128       Ready   Backup Member
2    -           84e3.2787.0780     2         Ready   Backup Member
3    -           84e3.2787.0740     1         Ready   Active Master
4    -           84e3.2787.09c0     128       Ready   Backup Member

Operational Status                 Normal operation
Stack MAC address                  0000.cd37.0d6f (Virtual MAC)
IE520-stk#
>>> dir flash:
dir flash:
      2474 -rw- Sep 21 2026 02:17:48  default.cfg
       448 drwx Sep 21 2026 02:04:00  [01;34mlog/[0m
    260057 -rw- Sep 17 2026 21:25:12  debug-duplicate-master-IE520-awplus_main-20260913-1734-3-1789680301.tgz
      1390 -rw- Sep 17 2026 21:25:12  exception.log
    271396 -rw- Sep 14 2026 21:19:51  debug-duplicate-master-IE520-awplus_main-20260913-1734-3-1789420782.tgz
    269324 -rw- Sep 14 2026 21:17:02  debug-duplicate-master-IE520-awplus_main-20260913-1734-3-1789420611.tgz
    236232 -rw- Sep 14 2026 02:33:19  debug-duplicate-master-IE520-awplus_main-20260913-1734-3-1789353188.tgz
  40052759 -rw- Sep 14 2026 02:25:44  IE520-awplus_main-20260913-1734.rel
       376 drwx Sep 04 2026 01:08:01  [01;34mgui-userdata/[0m
   3846144 -rw- Feb 20 2000 11:34:36  awplus-gui_999_99.gui
IE520-stk#
>>> show atmf
show atmf
ATMF Summary Information:

ATMF Status           : Enabled
Network Name          : tb470
Node Name             : IE520-stk
Role                  : Member
Restricted login      : Enabled
Secure Mode           : Disabled
Current ATMF Nodes    : 3


IE520-stk#