
===== opened /dev/u5 at 2026-09-21 13:13:51 =====

IE520-stk#
>>> terminal length 0
terminal length 0
IE520-stk#
>>> terminal no monitor
terminal no monitor
IE520-stk#
>>> terminal length 0
terminal length 0
IE520-stk#
>>> show etherchannel detail
show etherchannel detail
Aggregator po1 (IfIndex: 4751)
 Mac address: 00:00:cd:37:0d:6f
 Admin Key: 0001 - Oper Key 0001
 Receive link count: 1 - Transmit link count: 1
 Individual: 0 - Ready: 1
 Partner LAG: 0x8000,00-00-cd-40-03-94,0x0001
  Link: port1.0.2 (IfIndex: 5002 Actor Port: 5002 ) unsynchronized
  Link: port4.0.2 (IfIndex: 20002 Actor Port: 8002 ) synchronized
IE520-stk#
>>> show lldp neighbors
show lldp neighbors

LLDP Neighbor Information:

Total number of neighbors on these ports .... 2

 System Capability Codes:
   O = Other   P = Repeater   B = Bridge               W = WLAN Access Point
   R = Router  T = Telephone  C = DOCSIS Cable Device  S = Station Only
 LLDP-MED Device Type and Power Source Codes:
   1 = Class I   3 = Class III    PSE  = PoE    Both = PoE&Local  Prim = Primary
   2 = Class II  N = Network Con. Locl = Local  Unkn = Unknown    Back = Backup

Local    Neighbor        Neighbor        Neighbor                System   MED   
Port     Chassis ID      Port ID         Sys Name                Cap.     Ty Pwr
--------------------------------------------------------------------------------
1.0.2    001a.eb91.cca1  port1.0.3                                        
4.0.2    0000.cd40.0394  port1.0.4                                        
IE520-stk#