
===== opened /dev/u5 at 2026-09-21 13:25:01 =====

IE520-stk#
>>> terminal length 0
terminal length 0
IE520-stk#
>>> terminal no monitor
terminal no monitor
IE520-stk#
>>> terminal length 0
terminal length 0
IE520-stk#
>>> configure terminal
configure terminal
Enter configuration commands, one per line.  End with CNTL/Z.
IE520-stk(config)#
>>> no lacp global-passive-mode enable
no lacp global-passive-mode enable
IE520-stk(config)#
>>> end
end
IE520-stk#
>>> configure terminal
configure terminal
Enter configuration commands, one per line.  End with CNTL/Z.
IE520-stk(config)#
>>> interface port1.0.2
interface port1.0.2
IE520-stk(config-if)#
>>> no channel-group
no channel-group
IE520-stk(config-if)#
>>> switchport atmf-link
switchport atmf-link
IE520-stk(config-if)#
>>> switchport trunk native vlan 1
switchport trunk native vlan 1
IE520-stk(config-if)#
>>> exit
exit
IE520-stk(config)#
>>> end
end
IE520-stk#
>>> show running-config interface port1.0.2
show running-config interface port1.0.2
!
interface port1.0.2
 switchport
 switchport mode trunk
 switchport atmf-link
!
IE520-stk#
>>> show etherchannel detail
show etherchannel detail
Aggregator po1 (IfIndex: 4751)
 Mac address: 00:00:cd:37:0d:6f
 Admin Key: 0001 - Oper Key 0001
 Receive link count: 1 - Transmit link count: 1
 Individual: 0 - Ready: 1
 Partner LAG: 0x8000,00-00-cd-40-03-94,0x0001
  Link: port4.0.2 (IfIndex: 20002 Actor Port: 8002 ) synchronized
IE520-stk#