
===== opened /dev/u5 at 2026-09-21 16:07:07 =====

IE520-stk#
>>> terminal length 0
terminal length 0
IE520-stk#
>>> terminal no monitor
terminal no monitor
IE520-stk#
>>> terminal length 0
terminal length 0
IE520-stk#
>>> show atmf nodes
show atmf nodes

Node Information:

  * = Local device 

 SC = Switch Configuration:
  C = Chassis   S = Stackable   N = Standalone

  Node                 Device             ATMF         Parent              Node 
  Name                 Type               Master  SC   Domain              Depth
--------------------------------------------------------------------------------
* IE520-stk            AT-IE520-28GSX       Y     S    none                  0
  4050-5g              AR4050S-5G           N     N    IE520-stk             1

 Node map exchange is active
 Current ATMF node count 2
IE520-stk#