
===== opened /dev/u1 at 2026-09-22 07:57:10 =====

4050-5g#
>>> terminal length 0
terminal length 0
4050-5g#
>>> terminal no monitor
terminal no monitor
4050-5g#
>>> terminal length 0
terminal length 0
4050-5g#
>>> configure terminal
07:57:39 4050-5g ATMF[1194]: ATMF link (vlink2): Remote ATMF node sent packet w
ith incompatible flag set                                                                               
07:57:42 4050-5g ATMF[1194]: IE520-stk has left. 1 member in total.                                                                               
configure terminal
Enter configuration commands, one per line.  End with CNTL/Z.
4050-5g(config)#
>>> interface po1
interface po1
4050-5g(config-if)#
>>> no switchport atmf-link
no switchport atmf-link
% Port 'po1' is not configured as ATMF link
4050-5g(config-if)#
>>> switchport mode access
switchport mode access
4050-5g(config-if)#
>>> switchport access vlan 10
switchport access vlan 10
4050-5g(config-if)#
>>> exit
exit
4050-5g(config)#
>>> end
end
4050-5g#
>>> configure terminal
configure terminal
Enter configuration commands, one per line.  End with CNTL/Z.
4050-5g(config)#
>>> no atmf virtual-link id 2
no atmf virtual-link id 2
4050-5g(config)#
>>> no service atmf-application-proxy
no service atmf-application-proxy
4050-5g(config)#
>>> no atmf network-name
no atmf network-name
4050-5g(config)#
>>> end
end
4050-5g#
>>> show atmf
show atmf
ATMF Summary Information:

ATMF Status           : Enabled
Network Name          : Not Set
Node Name             : 4050-5g
Role                  : Member
Restricted login      : Enabled
Secure Mode           : Disabled
Current ATMF Nodes    : 1


4050-5g#