
===== opened /dev/u5 at 2026-09-21 15:59:37 =====

IE520-stk#
>>> terminal length 0
terminal length 0
IE520-stk#
>>> terminal no monitor
terminal no monitor
IE520-stk#
>>> terminal length 0
terminal length 0
IE520-stk#
>>> show atmf
show atmf
ATMF Summary Information:

ATMF Status           : Enabled
Network Name          : tb470
Node Name             : IE520-stk
Role                  : Master
Restricted login      : Enabled
Secure Mode           : Disabled
Current ATMF Guests   : 0
Current ATMF Nodes    : 3
Total number of licensed nodes available is 4094


IE520-stk#
>>> show atmf nodes
show atmf nodes

Node Information:

  * = Local device 

 SC = Switch Configuration:
  C = Chassis   S = Stackable   N = Standalone

  Node                 Device             ATMF         Parent              Node 
  Name                 Type               Master  SC   Domain              Depth
--------------------------------------------------------------------------------
* IE520-stk            AT-IE520-28GSX       Y     S    none                  0
  4050-5g              AR4050S-5G           N     N    IE520-stk             1
  x230-10GP            x230-10GP            N     N    IE520-stk             1

 Node map exchange is active
 Current ATMF node count 3
IE520-stk#