
===== opened /dev/u5 at 2026-09-21 11:37:17 =====

IE520-stk#
>>> terminal length 0
terminal length 0
IE520-stk#
>>> terminal no monitor
terminal no monitor
IE520-stk#
>>> terminal length 0
terminal length 0
IE520-stk#
>>> show atmf links
show atmf links

ATMF Link Brief Information:

Local       Link      Link    ATMF         Adjacent          Adjacent Link
Port        Type      Status  State        Node/Area         Ifindex  State
--------------------------------------------------------------------------------
po1         Downlink  Up      Full         4050-5g           4751     Forwarding

* = Provisioned.


IE520-stk#