
===== opened /dev/u5 at 2026-09-21 15:17:56 =====

IE520-stk#
>>> terminal length 0
terminal length 0
IE520-stk#
>>> terminal no monitor
terminal no monitor
IE520-stk#
>>> terminal length 0
terminal length 0
IE520-stk#atmf provision ?
  node  Set up the configuration of a provisioned node

[K[25CIE520-stk#atmf provision 

IE520-stk#avitmf prosion node ?vision node ?
  NODE-NAME  ATMF node name

[K[30CIE520-stk#atmf provision node 

IE520-stk#atmf provision node x230-10GP ?
  device  Provision a specific device type
  <cr>

[K[40CIE520-stk#atmf provision node x230-10GP 

IE520-stk#