
===== opened /dev/u5 at 2026-09-21 13:23:42 =====

IE520-stk#
>>> terminal length 0
terminal length 0
IE520-stk#
>>> terminal no monitor
terminal no monitor
IE520-stk#
>>> terminal length 0
terminal length 0
IE520-stk#
>>> show running-config interface port1.0.2
show running-config interface port1.0.2
!
interface port1.0.2
 switchport
 switchport mode trunk
 switchport trunk native vlan 10
!
IE520-stk#
>>> show running-config | include lacp
show running-config | include lacp
lacp global-passive-mode enable
IE520-stk#