
===== opened /dev/u5 at 2026-09-21 12:25:11 =====

IE520-stk#
>>> terminal length 0
terminal length 0
IE520-stk#
>>> terminal no monitor
terminal no monitor
IE520-stk#
>>> terminal length 0
terminal length 0
IE520-stk#configure terminal
Enter configuration commands, one per line.  End with CNTL/Z.
IE520-stk(config)#atmf backup server id 1 ?
  HOSTNAME  A.B.C.D, X:X::X:X or host name

[K[42CIE520-stk(config)#atmf backup server id 1 

IE520-stk#end
            ^
% Invalid input detected at '^' marker.

IE520-stk#configure terminal
Enter configuration commands, one per line.  End with CNTL/Z.
IE520-stk(config)#atmf backup server id 1 10.38.215.1 ?
  username  Username on the remote file server

[K[54CIE520-stk(config)#atmf backup server id 1 10.38.215.1 

IE520-stk#end
            ^
% Invalid input detected at '^' marker.

IE520-stk#