
===== opened /dev/u1 at 2026-09-21 11:17:55 =====

4050-5g#
>>> terminal length 0
terminal length 0
4050-5g#
>>> terminal no monitor
terminal no monitor
4050-5g#
>>> terminal length 0
terminal length 0
4050-5g#
>>> show atmf
show atmf
ATMF Summary Information:

ATMF Status           : Enabled
Network Name          : tb470
Node Name             : 4050-5g
Role                  : Member
Restricted login      : Enabled
Secure Mode           : Disabled
Current ATMF Nodes    : 2


4050-5g#