
===== opened /dev/u5 at 2026-09-21 14:16:42 =====

IE520-stk#
>>> terminal length 0
terminal length 0
IE520-stk#
>>> terminal no monitor
terminal no monitor
IE520-stk#
>>> terminal length 0
terminal length 0
IE520-stk#
>>> show atmf
show atmf
ATMF Summary Information:

ATMF Status           : Enabled
Network Name          : tb470
Node Name             : IE520-stk
Role                  : Member
Restricted login      : Enabled
Secure Mode           : Disabled
Current ATMF Nodes    : 3


IE520-stk#