
===== opened /dev/u1 at 2026-09-21 11:33:41 =====

4050-5g#
>>> terminal length 0
terminal length 0
4050-5g#
>>> terminal no monitor
terminal no monitor
4050-5g#
>>> terminal length 0
terminal length 0
4050-5g#
>>> configure terminal
configure terminal
Enter configuration commands, one per line.  End with CNTL/Z.
4050-5g(config)#
>>> interface port1.0.4
interface port1.0.4
4050-5g(config-if)#
>>> shutdown
shutdown
4050-5g(config-if)#
>>> exit
exit
4050-5g(config)#
>>> end
end
4050-5g#
>>> configure terminal
configure terminal
Enter configuration commands, one per line.  End with CNTL/Z.
4050-5g(config)#
>>> interface port1.0.2
interface port1.0.2
4050-5g(config-if)#
>>> no channel-group
no channel-group
% port1.0.2: po1 has an ATMF link enabled. Please remove the ATMF link first.
4050-5g(config-if)#
>>> switchport
switchport
% port1.0.2: Interface already a switchport.
4050-5g(config-if)#
>>> switchport mode access
switchport mode access
% port1.0.2: Cannot configure aggregator member.
4050-5g(config-if)#
>>> switchport access vlan 10
switchport access vlan 10
% port1.0.2: Cannot configure aggregator member.
4050-5g(config-if)#
>>> switchport atmf-link
switchport atmf-link
% Cannot configure atmf-link on aggregator member.
4050-5g(config-if)#
>>> exit
exit
4050-5g(config)#
>>> end
end
4050-5g#
>>> show atmf
show atmf
ATMF Summary Information:

ATMF Status           : Enabled
Network Name          : tb470
Node Name             : 4050-5g
Role                  : Member
Restricted login      : Enabled
Secure Mode           : Disabled
Current ATMF Nodes    : 2


4050-5g#
>>> show atmf links
show atmf links

ATMF Link Brief Information:

Local       Link      Link    ATMF         Adjacent          Adjacent Link
Port        Type      Status  State        Node/Area         Ifindex  State
--------------------------------------------------------------------------------
po1         Uplink    Up      Full         IE520-stk         4751     Forwarding

* = Provisioned.


4050-5g#