
===== opened /dev/u1 at 2026-09-21 11:24:59 =====

4050-5g#
>>> terminal length 0
terminal length 0
4050-5g#
>>> terminal no monitor
terminal no monitor
4050-5g#
>>> terminal length 0
terminal length 0
4050-5g#
>>> show atmf
show atmf
ATMF Summary Information:

ATMF Status           : Enabled
Network Name          : tb470
Node Name             : 4050-5g
Role                  : Member
Restricted login      : Enabled
Secure Mode           : Enabled
Current ATMF Nodes    : 1


4050-5g#
>>> show atmf links
show atmf links

ATMF Link Brief Information:

Local       Link      Link    ATMF         Adjacent          Adjacent Link
Port        Type      Status  State        Node/Area         Ifindex  State
--------------------------------------------------------------------------------
po1         Downlink  Up      OneWay       IE520-stk         0        Blocking

* = Provisioned.


4050-5g#