14:39:39: Waiting for pdu lock
14:39:39: ...lock acquired
14:39:39: (10.36.150.14, 1): status is ON
14:39:39: ...lock released
14:39:41: Waiting for pdu lock
14:39:41: ...lock acquired
14:39:41: (10.36.150.14, 1): status is ON
14:39:41: ...lock released
14:39:41: Waiting for pdu lock
14:39:41: ...lock acquired
14:39:41: (10.36.150.14, 1): status is ON
14:39:41: ...lock released
14:45:43: ========= TestCase 1 Starting =========
14:45:55: ========= TestCase 1 Tear Down =========
14:46:07: ========= TestCase 2 Starting =========
14:46:16: ========= TestCase 2 Tear Down =========
14:46:28: ========= TestCase 10 Starting =========
14:46:49: Waiting for pdu lock
14:46:49: ...lock acquired
14:46:49: (10.36.150.14, 1): status is OFF
14:46:49: ...lock released
