## 14:12:38 open; login
=== show system ===
show system
System Status                                           Tue Oct 06 14:12:15 2026

Board      ID   Bay     Board Name                        Rev   Serial number
--------------------------------------------------------------------------------
Base       706  Base    AT-x230-28GS V2                   A-0   A10783G262900002
--------------------------------------------------------------------------------
RAM: Total: 506920 kB Free: 318932 kB
Flash: 95.6MB Used: 68.5MB Available: 27.1MB
--------------------------------------------------------------------------------
Environment Status : Normal
Uptime             : 0 days 00:10:42
Bootloader version : 6.2.40

Current software   : x230v2_28GS-tb470.rel
Software version   : awplus_main-20261006-51
Build date         : Mon Oct 5 11:38:30 UTC 2026

Current boot config: flash:/default.cfg (file exists)

System Name
 awplus
System Contact

System Location

awplus#
=== END ===
=== show boot ===
show boot
Boot configuration
--------------------------------------------------------------------------------
Current software   : x230v2_28GS-tb470.rel 
Current boot image : flash:/x230v2_28GS-tb470.rel (file exists)
Backup  boot image : Not set 
Default boot config: flash:/default.cfg
Current boot config: flash:/default.cfg (file exists)
Backup  boot config: Not set 
Autoboot status    : disabled
Boot Security Level: none

awplus#
=== END ===
## 14:12:40 reload (y+CR) to reach the Boot Menu
## 14:12:46 banner seen; bare Ctrl+B until the menu appears
## 14:12:48 Boot Menu reached; send '1' (Perform one-off boot from alternate source)
=== MENU 1 (verbatim) ===
1

Select device:

  0. Return to previous menu
  ------------------------------------------------------
  1. Flash   (flash:)
  3. TFTP    (tftp://)
  4. YMODEM  (ymodem:)
  6. USB     (usb:)

Enter selection ==> 
=== END ===
## 14:12:49 send '3' (TFTP)
PROMPT 'Enter IP version [4|6].................. [4]:' -> '4'
PROMPT 'Enter IP address for this device........ [10.38.215.40]:' -> '10.38.215.34'
PROMPT 'Enter subnet mask....................... [255.255.255.224]:' -> '255.255.255.224'
PROMPT 'Enter gateway IP........................ [0.0.0.0]:' -> '0.0.0.0'
PROMPT 'Enter TFTP server IP.................... [10.38.215.33]:' -> '10.38.215.33'
PROMPT 'Enter filename.......................... [x230v2_28GS-tb470.rel]:' -> 'x230-tb470.rel'
=== PROMPTS ANSWERED ===
'Enter IP version [4|6].................. [4]:' -> '4'
'Enter IP address for this device........ [10.38.215.40]:' -> '10.38.215.34'
'Enter subnet mask....................... [255.255.255.224]:' -> '255.255.255.224'
'Enter gateway IP........................ [0.0.0.0]:' -> '0.0.0.0'
'Enter TFTP server IP.................... [10.38.215.33]:' -> '10.38.215.33'
'Enter filename.......................... [x230v2_28GS-tb470.rel]:' -> 'x230-tb470.rel'
=== END ===
## 14:12:50 filename sent; waiting for download / verify / login (900 s)
=== TFTP BOOT (bootloader part, verbatim) ===
x230-tb470.rel
Loading tftp://10.38.215.33/x230-tb470.rel via USB Ethernet adapter...

Verifying release... OK
Booting.
=== END ===
## 14:15:24 TFTP boot reached login:; verify
=== show system ===
show system
System Status                                           Tue Oct 06 14:15:03 2026

Board      ID   Bay     Board Name                        Rev   Serial number
--------------------------------------------------------------------------------
Base       706  Base    AT-x230-28GS V2                   A-0   A10783G262900002
--------------------------------------------------------------------------------
RAM: Total: 506920 kB Free: 320628 kB
Flash: 95.6MB Used: 68.5MB Available: 27.2MB
--------------------------------------------------------------------------------
Environment Status : Normal
Uptime             : 0 days 00:02:20
Bootloader version : 6.2.40

Current software   : x230-tb470.rel
Software version   : awplus_main-20261006-52
Build date         : Mon Oct 5 21:39:08 UTC 2026

Current boot config: flash:/default.cfg (file exists)

System Name
 awplus
System Contact

System Location

awplus#
=== END ===
=== show boot ===
show boot
Boot configuration
--------------------------------------------------------------------------------
Current software   : x230-tb470.rel 
Current boot image : flash:/x230v2_28GS-tb470.rel (file exists)
Backup  boot image : Not set 
Default boot config: flash:/default.cfg
Current boot config: flash:/default.cfg (file exists)
Backup  boot config: Not set 
Autoboot status    : disabled
Boot Security Level: none

awplus#
=== END ===
## 14:15:28 plain CLI reload back to flash (no keypresses in the bootloader)
## 14:18:07 flash boot: login=True forced_banner=False source='Loading flash:x230v2_28GS-tb470.rel...'
=== FLASH BOOT (bootloader part, verbatim) ===
Bootloader 6.2.40 loaded
Press <Ctrl+B> for the Boot Menu
Loading flash:x230v2_28GS-tb470.rel...
Verifying release... OK
Booting.
=== END ===
=== show system ===
show system
System Status                                           Tue Oct 06 14:17:45 2026

Board      ID   Bay     Board Name                        Rev   Serial number
--------------------------------------------------------------------------------
Base       706  Base    AT-x230-28GS V2                   A-0   A10783G262900002
--------------------------------------------------------------------------------
RAM: Total: 506920 kB Free: 321032 kB
Flash: 95.6MB Used: 68.5MB Available: 27.1MB
--------------------------------------------------------------------------------
Environment Status : Normal
Uptime             : 0 days 00:02:19
Bootloader version : 6.2.40

Current software   : x230v2_28GS-tb470.rel
Software version   : awplus_main-20261006-51
Build date         : Mon Oct 5 11:38:30 UTC 2026

Current boot config: flash:/default.cfg (file exists)

System Name
 awplus
System Contact

System Location

awplus#
=== END ===
=== show boot ===
show boot
Boot configuration
--------------------------------------------------------------------------------
Current software   : x230v2_28GS-tb470.rel 
Current boot image : flash:/x230v2_28GS-tb470.rel (file exists)
Backup  boot image : Not set 
Default boot config: flash:/default.cfg
Current boot config: flash:/default.cfg (file exists)
Backup  boot config: Not set 
Autoboot status    : disabled
Boot Security Level: none

awplus#
=== END ===
## 14:18:10 log out (exit)
## 14:18:13 close (state=loggedout)
