17:41:53 >>> show ipv6 neighbors
IPv6 Address                            MAC Address    Interface          Port       Type
2001:db8:8770:1::1:10                   0287.7001.0010 vlan3971           port3.0.13  dynamic
2001:db8:8770:1::1:395                  0287.7001.0395 vlan3971           port3.0.13  dynamic
2001:db8:8770:1::1:26d                  0287.7001.026d vlan3971           port3.0.13  dynamic
2001:db8:8770:1::1:145                  0287.7001.0145 vlan3971           port3.0.13  dynamic
2001:db8:8770:1::1:1d                   0287.7001.001d vlan3971           port3.0.13  dynamic
2001:db8:8770:1::1:3a2                  0287.7001.03a2 vlan3971           port3.0.13  dynamic
2001:db8:8770:1::1:27a                  0287.7001.027a vlan3971           port3.0.13  dynamic
2001:db8:8770:1::1:152                  0287.7001.0152 vlan3971           port3.0.13  dynamic
2001:db8:8770:1::1:2a                   0287.7001.002a vlan3971           port3.0.13  dynamic
2001:db8:8770:1::1:3af                  0287.7001.03af vlan3971           port3.0.13  dynamic
2001:db8:8770:1::1:287                  0287.7001.0287 vlan3971           port3.0.13  dynamic
2001:db8:8770:1::1:15f                  0287.7001.015f vlan3971           port3.0.13  dynamic
2001:db8:8770:1::1:50c                  0287.7001.050c vlan3971           port3.0.13  dynamic
2001:db8:8770:1::1:37                   0287.7001.0037 vlan3971           port3.0.13  dynamic
2001:db8:8770:1::1:3bc                  0287.7001.03bc vlan3971           port3.0.13  dynamic
2001:db8:8770:1::1:294                  0287.7001.0294 vlan3971           port3.0.13  dynamic
2001:db8:8770:1::1:641                  0287.7001.0641 vlan3971           port3.0.13  dynamic
2001:db8:8770:1::1:16c                  0287.7001.016c vlan3971           port3.0.13  dynamic
2001:db8:8770:1::1:519                  0287.7001.0519 vlan3971           port3.0.13  dynamic
2001:db8:8770:1::1:44                   0287.7001.0044 vlan3971           port3.0.13  dynamic
2001:db8:8770:1::1:3c9                  0287.7001.03c9 vlan3971           port3.0.13  dynamic
2001:db8:8770:1::1:776                  0287.7001.0776 vlan3971           port3.0.13  dynamic
2001:db8:8770:1::1:2a1                  0287.7001.02a1 vlan3971           port3.0.13  dynamic
2001:db8:8770:1::1:64e                  0287.7001.064e vlan3971           port3.0.13  dynamic
2001:db8:8770:1::1:179                  0287.7001.0179 vlan3971           port3.0.13  dynamic
2001:db8:8770:1::1:526                  0287.7001.0526 vlan3971           port3.0.13  dynamic
2001:db8:8770:1::1:51                   0287.7001.0051 vlan3971           port3.0.13  dynamic
2001:db8:8770:1::1:4fe                  0287.7001.04fe vlan3971           port3.0.13  dynamic
2001:db8:8770:1::1:3d6                  0287.7001.03d6 vlan3971           port3.0.13  dynamic
2001:db8:8770:1::1:783                  0287.7001.0783 vlan3971           port3.0.13  dynamic
2001:db8:8770:1::1:2ae                  0287.7001.02ae vlan3971           port3.0.13  dynamic
2001:db8:8770:1::1:65b                  0287.7001.065b vlan3971           port3.0.13  dynamic
2001:db8:8770:1::1:186                  0287.7001.0186 vlan3971           port3.0.13  dynamic
2001:db8:8770:1::1:533                  0287.7001.0533 vlan3971           port3.0.13  dynamic
2001:db8:8770:1::1:5e                   0287.7001.005e vlan3971           port3.0.13  dynamic
2001:db8:8770:1::1:40b                  0287.7001.040b vlan3971           port3.0.13  dynamic
2001:db8:8770:1::1:3e3                  0287.7001.03e3 vlan3971           port3.0.13  dynamic
2001:db8:8770:1::1:790                  0287.7001.0790 vlan3971           port3.0.13  dynamic
2001:db8:8770:1::1:2bb                  0287.7001.02bb vlan3971           port3.0.13  dynamic
2001:db8:8770:1::1:668                  0287.7001.0668 vlan3971           port3.0.13  dynamic
2001:db8:8770:1::1:193                  0287.7001.0193 vlan3971           port3.0.13  dynamic
2001:db8:8770:1::1:540                  0287.7001.0540 vlan3971           port3.0.13  dynamic
2001:db8:8770:1::1:6b                   0287.7001.006b vlan3971           port3.0.13  dynamic
2001:db8:8770:1::1:418                  0287.7001.0418 vlan3971           port3.0.13  dynamic
2001:db8:8770:1::1:3f0                  0287.7001.03f0 vlan3971           port3.0.13  dynamic
2001:db8:8770:1::1:79d                  0287.7001.079d vlan3971           port3.0.13  dynamic
2001:db8:8770:1::1:2c8                  0287.7001.02c8 vlan3971           port3.0.13  dynamic
2001:db8:8770:1::1:675                  0287.7001.0675 vlan3971           port3.0.13  dynamic
2001:db8:8770:1::1:54d                  0287.7001.054d vlan3971           port3.0.13  dynamic
2001:db8:8770:1::1:425                  0287.7001.0425 vlan3971           port3.0.13  dynamic
2001:db8:8770:1::1:3fd                  0287.7001.03fd vlan3971           port3.0.13  dynamic
2001:db8:8770:1::1:7aa                  0287.7001.07aa vlan3971           port3.0.13  dynamic
2001:db8:8770:1::1:2d5                  0287.7001.02d5 vlan3971           port3.0.13  dynamic
2001:db8:8770:1::1:682                  0287.7001.0682 vlan3971           port3.0.13  dynamic
2001:db8:8770:1::1:55a                  0287.7001.055a vlan3971           port3.0.13  dynamic
2001:db8:8770:1::1:432                  0287.7001.0432 vlan3971           port3.0.13  dynamic
2001:db8:8770:1::1:7b7                  0287.7001.07b7 vlan3971           port3.0.13  dynamic
2001:db8:8770:1::1:2e2                  0287.7001.02e2 vlan3971           port3.0.13  dynamic
2001:db8:8770:1::1:68f                  0287.7001.068f vlan3971           port3.0.13  dynamic
2001:db8:8770:1::1:567                  0287.7001.0567 vlan3971           port3.0.13  dynamic
2001:db8:8770:1::1:43f                  0287.7001.043f vlan3971           port3.0.13  dynamic
2001:db8:8770:1::1:7c4                  0287.7001.07c4 vlan3971           port3.0.13  dynamic
2001:db8:8770:1::1:2ef                  0287.7001.02ef vlan3971           port3.0.13  dynamic
2001:db8:8770:1::1:69c                  0287.7001.069c vlan3971           port3.0.13  dynamic
2001:db8:8770:1::1:574                  0287.7001.0574 vlan3971           port3.0.13  dynamic
2001:db8:8770:1::1:44c                  0287.7001.044c vlan3971           port3.0.13  dynamic
2001:db8:8770:1::1:6a9                  0287.7001.06a9 vlan3971           port3.0.13  dynamic
2001:db8:8770:1::1:6b6                  0287.7001.06b6 vlan3971           port3.0.13  dynamic
2001:db8:8770:1::1:6c3                  0287.7001.06c3 vlan3971           port3.0.13  dynamic
2001:db8:8770:1::1:6d0                  0287.7001.06d0 vlan3971           port3.0.13  dynamic
2001:db8:8770:1::1:6dd                  0287.7001.06dd vlan3971           port3.0.13  dynamic
2001:db8:8770:1::1:24a                  0287.7001.024a vlan3971           port3.0.13  dynamic
2001:db8:8770:1::1:257                  0287.7001.0257 vlan3971           port3.0.13  dynamic
2001:db8:8770:1::1:12f                  0287.7001.012f vlan3971           port3.0.13  dynamic
2001:db8:8770:1::1:7                    0287.7001.0007 vlan3971           port3.0.13  dynamic
2001:db8:8770:1::1:38c                  0287.7001.038c vlan3971           port3.0.13  dynamic
2001:db8:8770:1::1:264                  0287.7001.0264 vlan3971           port3.0.13  dynamic
2001:db8:8770:1::1:13c                  0287.7001.013c vlan3971           port3.0.13  dynamic
2001:db8:8770:1::1:14                   0287.7001.0014 vlan3971           port3.0.13  dynamic
2001:db8:8770:1::1:399                  0287.7001.0399 vlan3971           port3.0.13  dynamic
2001:db8:8770:1::1:271                  0287.7001.0271 vlan3971           port3.0.13  dynamic
2001:db8:8770:1::1:149                  0287.7001.0149 vlan3971           port3.0.13  dynamic
2001:db8:8770:1::1:21                   0287.7001.0021 vlan3971           port3.0.13  dynamic
2001:db8:8770:1::1:3a6                  0287.7001.03a6 vlan3971           port3.0.13  dynamic
2001:db8:8770:1::1:27e                  0287.7001.027e vlan3971           port3.0.13  dynamic
2001:db8:8770:1::1:156                  0287.7001.0156 vlan3971           port3.0.13  dynamic
2001:db8:8770:1::1:503                  0287.7001.0503 vlan3971           port3.0.13  dynamic
2001:db8:8770:1::1:2e                   0287.7001.002e vlan3971           port3.0.13  dynamic
2001:db8:8770:1::1:3b3                  0287.7001.03b3 vlan3971           port3.0.13  dynamic
2001:db8:8770:1::1:28b                  0287.7001.028b vlan3971           port3.0.13  dynamic
2001:db8:8770:1::1:638                  0287.7001.0638 vlan3971           port3.0.13  dynamic
2001:db8:8770:1::1:163                  0287.7001.0163 vlan3971           port3.0.13  dynamic
2001:db8:8770:1::1:510                  0287.7001.0510 vlan3971           port3.0.13  dynamic
2001:db8:8770:1::1:3b                   0287.7001.003b vlan3971           port3.0.13  dynamic
2001:db8:8770:1::1:3c0                  0287.7001.03c0 vlan3971           port3.0.13  dynamic
2001:db8:8770:1::1:298                  0287.7001.0298 vlan3971           port3.0.13  dynamic
2001:db8:8770:1::1:645                  0287.7001.0645 vlan3971           port3.0.13  dynamic
2001:db8:8770:1::1:170                  0287.7001.0170 vlan3971           port3.0.13  dynamic
2001:db8:8770:1::1:51d                  0287.7001.051d vlan3971           port3.0.13  dynamic
2001:db8:8770:1::1:48                   0287.7001.0048 vlan3971           port3.0.13  dynamic
2001:db8:8770:1::1:3cd                  0287.7001.03cd vlan3971           port3.0.13  dynamic
2001:db8:8770:1::1:77a                  0287.7001.077a vlan3971           port3.0.13  dynamic
2001:db8:8770:1::1:2a5                  0287.7001.02a5 vlan3971           port3.0.13  dynamic
2001:db8:8770:1::1:652                  0287.7001.0652 vlan3971           port3.0.13  dynamic
2001:db8:8770:1::1:17d                  0287.7001.017d vlan3971           port3.0.13  dynamic
2001:db8:8770:1::1:52a                  0287.7001.052a vlan3971           port3.0.13  dynamic
2001:db8:8770:1::1:55                   0287.7001.0055 vlan3971           port3.0.13  dynamic
2001:db8:8770:1::1:402                  0287.7001.0402 vlan3971           port3.0.13  dynamic
2001:db8:8770:1::1:3da                  0287.7001.03da vlan3971           port3.0.13  dynamic
2001:db8:8770:1::1:787                  0287.7001.0787 vlan3971           port3.0.13  dynamic
2001:db8:8770:1::1:2b2                  0287.7001.02b2 vlan3971           port3.0.13  dynamic
2001:db8:8770:1::1:65f                  0287.7001.065f vlan3971           port3.0.13  dynamic
2001:db8:8770:1::1:18a                  0287.7001.018a vlan3971           port3.0.13  dynamic
2001:db8:8770:1::1:537                  0287.7001.0537 vlan3971           port3.0.13  dynamic
2001:db8:8770:1::1:62                   0287.7001.0062 vlan3971           port3.0.13  dynamic
2001:db8:8770:1::1:40f                  0287.7001.040f vlan3971           port3.0.13  dynamic
2001:db8:8770:1::1:3e7                  0287.7001.03e7 vlan3971           port3.0.13  dynamic
2001:db8:8770:1::1:794                  0287.7001.0794 vlan3971           port3.0.13  dynamic
2001:db8:8770:1::1:2bf                  0287.7001.02bf vlan3971           port3.0.13  dynamic
2001:db8:8770:1::1:66c                  0287.7001.066c vlan3971           port3.0.13  dynamic
2001:db8:8770:1::1:197                  0287.7001.0197 vlan3971           port3.0.13  dynamic
2001:db8:8770:1::1:544                  0287.7001.0544 vlan3971           port3.0.13  dynamic
2001:db8:8770:1::1:6f                   0287.7001.006f vlan3971           port3.0.13  dynamic
2001:db8:8770:1::1:41c                  0287.7001.041c vlan3971           port3.0.13  dynamic
2001:db8:8770:1::1:3f4                  0287.7001.03f4 vlan3971           port3.0.13  dynamic
2001:db8:8770:1::1:7a1                  0287.7001.07a1 vlan3971           port3.0.13  dynamic
2001:db8:8770:1::1:2cc                  0287.7001.02cc vlan3971           port3.0.13  dynamic
2001:db8:8770:1::1:679                  0287.7001.0679 vlan3971           port3.0.13  dynamic
2001:db8:8770:1::1:551                  0287.7001.0551 vlan3971           port3.0.13  dynamic
2001:db8:8770:1::1:429                  0287.7001.0429 vlan3971           port3.0.13  dynamic
2001:db8:8770:1::1:7ae                  0287.7001.07ae vlan3971           port3.0.13  dynamic
2001:db8:8770:1::1:2d9                  0287.7001.02d9 vlan3971           port3.0.13  dynamic
2001:db8:8770:1::1:686                  0287.7001.0686 vlan3971           port3.0.13  dynamic
2001:db8:8770:1::1:55e                  0287.7001.055e vlan3971           port3.0.13  dynamic
2001:db8:8770:1::1:436                  0287.7001.0436 vlan3971           port3.0.13  dynamic
2001:db8:8770:1::1:7bb                  0287.7001.07bb vlan3971           port3.0.13  dynamic
2001:db8:8770:1::1:2e6                  0287.7001.02e6 vlan3971           port3.0.13  dynamic
2001:db8:8770:1::1:693                  0287.7001.0693 vlan3971           port3.0.13  dynamic
2001:db8:8770:1::1:56b                  0287.7001.056b vlan3971           port3.0.13  dynamic
2001:db8:8770:1::1:443                  0287.7001.0443 vlan3971           port3.0.13  dynamic
2001:db8:8770:1::1:7c8                  0287.7001.07c8 vlan3971           port3.0.13  dynamic
2001:db8:8770:1::1:2f3                  0287.7001.02f3 vlan3971           port3.0.13  dynamic
2001:db8:8770:1::1:6a0                  0287.7001.06a0 vlan3971           port3.0.13  dynamic
2001:db8:8770:1::1:578                  0287.7001.0578 vlan3971           port3.0.13  dynamic
2001:db8:8770:1::1:6ad                  0287.7001.06ad vlan3971           port3.0.13  dynamic
2001:db8:8770:1::1:6ba                  0287.7001.06ba vlan3971           port3.0.13  dynamic
2001:db8:8770:1::1:6c7                  0287.7001.06c7 vlan3971           port3.0.13  dynamic
2001:db8:8770:1::1:6d4                  0287.7001.06d4 vlan3971           port3.0.13  dynamic
2001:db8:8770:1::1:6e1                  0287.7001.06e1 vlan3971           port3.0.13  dynamic
2001:db8:8770:1::1:24e                  0287.7001.024e vlan3971           port3.0.13  dynamic
2001:db8:8770:1::1:383                  0287.7001.0383 vlan3971           port3.0.13  dynamic
2001:db8:8770:1::1:25b                  0287.7001.025b vlan3971           port3.0.13  dynamic
2001:db8:8770:1::1:133                  0287.7001.0133 vlan3971           port3.0.13  dynamic
2001:db8:8770:1::1:b                    0287.7001.000b vlan3971           port3.0.13  dynamic
2001:db8:8770:1::1:390                  0287.7001.0390 vlan3971           port3.0.13  dynamic
2001:db8:8770:1::1:268                  0287.7001.0268 vlan3971           port3.0.13  dynamic
2001:db8:8770:1::1:140                  0287.7001.0140 vlan3971           port3.0.13  dynamic
2001:db8:8770:1::1:18                   0287.7001.0018 vlan3971           port3.0.13  dynamic
2001:db8:8770:1::1:39d                  0287.7001.039d vlan3971           port3.0.13  dynamic
2001:db8:8770:1::1:275                  0287.7001.0275 vlan3971           port3.0.13  dynamic
2001:db8:8770:1::1:14d                  0287.7001.014d vlan3971           port3.0.13  dynamic
2001:db8:8770:1::1:25                   0287.7001.0025 vlan3971           port3.0.13  dynamic
2001:db8:8770:1::1:3aa                  0287.7001.03aa vlan3971           port3.0.13  dynamic
2001:db8:8770:1::1:282                  0287.7001.0282 vlan3971           port3.0.13  dynamic
2001:db8:8770:1::1:15a                  0287.7001.015a vlan3971           port3.0.13  dynamic
2001:db8:8770:1::1:507                  0287.7001.0507 vlan3971           port3.0.13  dynamic
2001:db8:8770:1::1:32                   0287.7001.0032 vlan3971           port3.0.13  dynamic
2001:db8:8770:1::1:3b7                  0287.7001.03b7 vlan3971           port3.0.13  dynamic
2001:db8:8770:1::1:28f                  0287.7001.028f vlan3971           port3.0.13  dynamic
2001:db8:8770:1::1:63c                  0287.7001.063c vlan3971           port3.0.13  dynamic
2001:db8:8770:1::1:167                  0287.7001.0167 vlan3971           port3.0.13  dynamic
2001:db8:8770:1::1:514                  0287.7001.0514 vlan3971           port3.0.13  dynamic
2001:db8:8770:1::1:3f                   0287.7001.003f vlan3971           port3.0.13  dynamic
2001:db8:8770:1::1:3c4                  0287.7001.03c4 vlan3971           port3.0.13  dynamic
2001:db8:8770:1::1:771                  0287.7001.0771 vlan3971           port3.0.13  dynamic
2001:db8:8770:1::1:29c                  0287.7001.029c vlan3971           port3.0.13  dynamic
2001:db8:8770:1::1:649                  0287.7001.0649 vlan3971           port3.0.13  dynamic
2001:db8:8770:1::1:174                  0287.7001.0174 vlan3971           port3.0.13  dynamic
2001:db8:8770:1::1:521                  0287.7001.0521 vlan3971           port3.0.13  dynamic
2001:db8:8770:1::1:4c                   0287.7001.004c vlan3971           port3.0.13  dynamic
2001:db8:8770:1::1:3d1                  0287.7001.03d1 vlan3971           port3.0.13  dynamic
2001:db8:8770:1::1:77e                  0287.7001.077e vlan3971           port3.0.13  dynamic
2001:db8:8770:1::1:2a9                  0287.7001.02a9 vlan3971           port3.0.13  dynamic
2001:db8:8770:1::1:656                  0287.7001.0656 vlan3971           port3.0.13  dynamic
2001:db8:8770:1::1:181                  0287.7001.0181 vlan3971           port3.0.13  dynamic
2001:db8:8770:1::1:52e                  0287.7001.052e vlan3971           port3.0.13  dynamic
2001:db8:8770:1::1:59                   0287.7001.0059 vlan3971           port3.0.13  dynamic
2001:db8:8770:1::1:406                  0287.7001.0406 vlan3971           port3.0.13  dynamic
2001:db8:8770:1::1:3de                  0287.7001.03de vlan3971           port3.0.13  dynamic
2001:db8:8770:1::1:78b                  0287.7001.078b vlan3971           port3.0.13  dynamic
2001:db8:8770:1::1:2b6                  0287.7001.02b6 vlan3971           port3.0.13  dynamic
2001:db8:8770:1::1:663                  0287.7001.0663 vlan3971           port3.0.13  dynamic
2001:db8:8770:1::1:18e                  0287.7001.018e vlan3971           port3.0.13  dynamic
2001:db8:8770:1::1:53b                  0287.7001.053b vlan3971           port3.0.13  dynamic
2001:db8:8770:1::1:66                   0287.7001.0066 vlan3971           port3.0.13  dynamic
2001:db8:8770:1::1:413                  0287.7001.0413 vlan3971           port3.0.13  dynamic
2001:db8:8770:1::1:3eb                  0287.7001.03eb vlan3971           port3.0.13  dynamic
2001:db8:8770:1::1:798                  0287.7001.0798 vlan3971           port3.0.13  dynamic
2001:db8:8770:1::1:2c3                  0287.7001.02c3 vlan3971           port3.0.13  dynamic
2001:db8:8770:1::1:670                  0287.7001.0670 vlan3971           port3.0.13  dynamic
2001:db8:8770:1::1:19b                  0287.7001.019b vlan3971           port3.0.13  dynamic
2001:db8:8770:1::1:548                  0287.7001.0548 vlan3971           port3.0.13  dynamic
2001:db8:8770:1::1:420                  0287.7001.0420 vlan3971           port3.0.13  dynamic
2001:db8:8770:1::1:3f8                  0287.7001.03f8 vlan3971           port3.0.13  dynamic
2001:db8:8770:1::1:7a5                  0287.7001.07a5 vlan3971           port3.0.13  dynamic
2001:db8:8770:1::1:2d0                  0287.7001.02d0 vlan3971           port3.0.13  dynamic
2001:db8:8770:1::1:67d                  0287.7001.067d vlan3971           port3.0.13  dynamic
2001:db8:8770:1::1:555                  0287.7001.0555 vlan3971           port3.0.13  dynamic
2001:db8:8770:1::1:42d                  0287.7001.042d vlan3971           port3.0.13  dynamic
2001:db8:8770:1::1:7b2                  0287.7001.07b2 vlan3971           port3.0.13  dynamic
2001:db8:8770:1::1:2dd                  0287.7001.02dd vlan3971           port3.0.13  dynamic
2001:db8:8770:1::1:68a                  0287.7001.068a vlan3971           port3.0.13  dynamic
2001:db8:8770:1::1:562                  0287.7001.0562 vlan3971           port3.0.13  dynamic
2001:db8:8770:1::1:43a                  0287.7001.043a vlan3971           port3.0.13  dynamic
2001:db8:8770:1::1:7bf                  0287.7001.07bf vlan3971           port3.0.13  dynamic
2001:db8:8770:1::1:2ea                  0287.7001.02ea vlan3971           port3.0.13  dynamic
2001:db8:8770:1::1:697                  0287.7001.0697 vlan3971           port3.0.13  dynamic
2001:db8:8770:1::1:56f                  0287.7001.056f vlan3971           port3.0.13  dynamic
2001:db8:8770:1::1:447                  0287.7001.0447 vlan3971           port3.0.13  dynamic
2001:db8:8770:1::1:7cc                  0287.7001.07cc vlan3971           port3.0.13  dynamic
2001:db8:8770:1::1:2f7                  0287.7001.02f7 vlan3971           port3.0.13  dynamic
2001:db8:8770:1::1:6a4                  0287.7001.06a4 vlan3971           port3.0.13  dynamic
2001:db8:8770:1::1:57c                  0287.7001.057c vlan3971           port3.0.13  dynamic
2001:db8:8770:1::1:6b1                  0287.7001.06b1 vlan3971           port3.0.13  dynamic
2001:db8:8770:1::1:6be                  0287.7001.06be vlan3971           port3.0.13  dynamic
2001:db8:8770:1::1:6cb                  0287.7001.06cb vlan3971           port3.0.13  dynamic
2001:db8:8770:1::1:6d8                  0287.7001.06d8 vlan3971           port3.0.13  dynamic
2001:db8:8770:1::1:252                  0287.7001.0252 vlan3971           port3.0.13  dynamic
2001:db8:8770:1::1:12a                  0287.7001.012a vlan3971           port3.0.13  dynamic
2001:db8:8770:1::1:2                    0287.7001.0002 vlan3971           port3.0.13  dynamic
2001:db8:8770:1::1:387                  0287.7001.0387 vlan3971           port3.0.13  dynamic
2001:db8:8770:1::1:25f                  0287.7001.025f vlan3971           port3.0.13  dynamic
2001:db8:8770:1::1:137                  0287.7001.0137 vlan3971           port3.0.13  dynamic
2001:db8:8770:1::1:f                    0287.7001.000f vlan3971           port3.0.13  dynamic
2001:db8:8770:1::1:394                  0287.7001.0394 vlan3971           port3.0.13  dynamic
2001:db8:8770:1::1:26c                  0287.7001.026c vlan3971           port3.0.13  dynamic
2001:db8:8770:1::1:144                  0287.7001.0144 vlan3971           port3.0.13  dynamic
2001:db8:8770:1::1:1c                   0287.7001.001c vlan3971           port3.0.13  dynamic
2001:db8:8770:1::1:3a1                  0287.7001.03a1 vlan3971           port3.0.13  dynamic
2001:db8:8770:1::1:279                  0287.7001.0279 vlan3971           port3.0.13  dynamic
2001:db8:8770:1::1:151                  0287.7001.0151 vlan3971           port3.0.13  dynamic
2001:db8:8770:1::1:29                   0287.7001.0029 vlan3971           port3.0.13  dynamic
2001:db8:8770:1::1:3ae                  0287.7001.03ae vlan3971           port3.0.13  dynamic
2001:db8:8770:1::1:286                  0287.7001.0286 vlan3971           port3.0.13  dynamic
2001:db8:8770:1::1:15e                  0287.7001.015e vlan3971           port3.0.13  dynamic
2001:db8:8770:1::1:50b                  0287.7001.050b vlan3971           port3.0.13  dynamic
2001:db8:8770:1::1:36                   0287.7001.0036 vlan3971           port3.0.13  dynamic
2001:db8:8770:1::1:3bb                  0287.7001.03bb vlan3971           port3.0.13  dynamic
2001:db8:8770:1::1:293                  0287.7001.0293 vlan3971           port3.0.13  dynamic
2001:db8:8770:1::1:640                  0287.7001.0640 vlan3971           port3.0.13  dynamic
2001:db8:8770:1::1:16b                  0287.7001.016b vlan3971           port3.0.13  dynamic
2001:db8:8770:1::1:518                  0287.7001.0518 vlan3971           port3.0.13  dynamic
2001:db8:8770:1::1:43                   0287.7001.0043 vlan3971           port3.0.13  dynamic
2001:db8:8770:1::1:3c8                  0287.7001.03c8 vlan3971           port3.0.13  dynamic
2001:db8:8770:1::1:775                  0287.7001.0775 vlan3971           port3.0.13  dynamic
2001:db8:8770:1::1:2a0                  0287.7001.02a0 vlan3971           port3.0.13  dynamic
2001:db8:8770:1::1:64d                  0287.7001.064d vlan3971           port3.0.13  dynamic
2001:db8:8770:1::1:178                  0287.7001.0178 vlan3971           port3.0.13  dynamic
2001:db8:8770:1::1:525                  0287.7001.0525 vlan3971           port3.0.13  dynamic
2001:db8:8770:1::1:50                   0287.7001.0050 vlan3971           port3.0.13  dynamic
2001:db8:8770:1::1:4fd                  0287.7001.04fd vlan3971           port3.0.13  dynamic
2001:db8:8770:1::1:3d5                  0287.7001.03d5 vlan3971           port3.0.13  dynamic
2001:db8:8770:1::1:782                  0287.7001.0782 vlan3971           port3.0.13  dynamic
2001:db8:8770:1::1:2ad                  0287.7001.02ad vlan3971           port3.0.13  dynamic
2001:db8:8770:1::1:65a                  0287.7001.065a vlan3971           port3.0.13  dynamic
2001:db8:8770:1::1:185                  0287.7001.0185 vlan3971           port3.0.13  dynamic
2001:db8:8770:1::1:532                  0287.7001.0532 vlan3971           port3.0.13  dynamic
2001:db8:8770:1::1:5d                   0287.7001.005d vlan3971           port3.0.13  dynamic
2001:db8:8770:1::1:40a                  0287.7001.040a vlan3971           port3.0.13  dynamic
2001:db8:8770:1::1:3e2                  0287.7001.03e2 vlan3971           port3.0.13  dynamic
2001:db8:8770:1::1:78f                  0287.7001.078f vlan3971           port3.0.13  dynamic
2001:db8:8770:1::1:2ba                  0287.7001.02ba vlan3971           port3.0.13  dynamic
2001:db8:8770:1::1:667                  0287.7001.0667 vlan3971           port3.0.13  dynamic
2001:db8:8770:1::1:192                  0287.7001.0192 vlan3971           port3.0.13  dynamic
2001:db8:8770:1::1:53f                  0287.7001.053f vlan3971           port3.0.13  dynamic
2001:db8:8770:1::1:6a                   0287.7001.006a vlan3971           port3.0.13  dynamic
2001:db8:8770:1::1:417                  0287.7001.0417 vlan3971           port3.0.13  dynamic
2001:db8:8770:1::1:3ef                  0287.7001.03ef vlan3971           port3.0.13  dynamic
2001:db8:8770:1::1:79c                  0287.7001.079c vlan3971           port3.0.13  dynamic
2001:db8:8770:1::1:2c7                  0287.7001.02c7 vlan3971           port3.0.13  dynamic
2001:db8:8770:1::1:674                  0287.7001.0674 vlan3971           port3.0.13  dynamic
2001:db8:8770:1::1:54c                  0287.7001.054c vlan3971           port3.0.13  dynamic
2001:db8:8770:1::1:424                  0287.7001.0424 vlan3971           port3.0.13  dynamic
2001:db8:8770:1::1:3fc                  0287.7001.03fc vlan3971           port3.0.13  dynamic
2001:db8:8770:1::1:7a9                  0287.7001.07a9 vlan3971           port3.0.13  dynamic
2001:db8:8770:1::1:2d4                  0287.7001.02d4 vlan3971           port3.0.13  dynamic
2001:db8:8770:1::1:681                  0287.7001.0681 vlan3971           port3.0.13  dynamic
2001:db8:8770:1::1:559                  0287.7001.0559 vlan3971           port3.0.13  dynamic
2001:db8:8770:1::1:431                  0287.7001.0431 vlan3971           port3.0.13  dynamic
2001:db8:8770:1::1:7b6                  0287.7001.07b6 vlan3971           port3.0.13  dynamic
2001:db8:8770:1::1:2e1                  0287.7001.02e1 vlan3971           port3.0.13  dynamic
2001:db8:8770:1::1:68e                  0287.7001.068e vlan3971           port3.0.13  dynamic
2001:db8:8770:1::1:566                  0287.7001.0566 vlan3971           port3.0.13  dynamic
2001:db8:8770:1::1:43e                  0287.7001.043e vlan3971           port3.0.13  dynamic
2001:db8:8770:1::1:7c3                  0287.7001.07c3 vlan3971           port3.0.13  dynamic
2001:db8:8770:1::1:2ee                  0287.7001.02ee vlan3971           port3.0.13  dynamic
2001:db8:8770:1::1:69b                  0287.7001.069b vlan3971           port3.0.13  dynamic
2001:db8:8770:1::1:573                  0287.7001.0573 vlan3971           port3.0.13  dynamic
2001:db8:8770:1::1:44b                  0287.7001.044b vlan3971           port3.0.13  dynamic
2001:db8:8770:1::1:7d0                  0287.7001.07d0 vlan3971           port3.0.13  dynamic
2001:db8:8770:1::1:6a8                  0287.7001.06a8 vlan3971           port3.0.13  dynamic
2001:db8:8770:1::1:6b5                  0287.7001.06b5 vlan3971           port3.0.13  dynamic
2001:db8:8770:1::1:6c2                  0287.7001.06c2 vlan3971           port3.0.13  dynamic
2001:db8:8770:1::1:6cf                  0287.7001.06cf vlan3971           port3.0.13  dynamic
2001:db8:8770:1::1:6dc                  0287.7001.06dc vlan3971           port3.0.13  dynamic
2001:db8:8770:1::1:256                  0287.7001.0256 vlan3971           port3.0.13  dynamic
2001:db8:8770:1::1:12e                  0287.7001.012e vlan3971           port3.0.13  dynamic
2001:db8:8770:1::1:6                    0287.7001.0006 vlan3971           port3.0.13  dynamic
2001:db8:8770:1::1:38b                  0287.7001.038b vlan3971           port3.0.13  dynamic
2001:db8:8770:1::1:263                  0287.7001.0263 vlan3971           port3.0.13  dynamic
2001:db8:8770:1::1:13b                  0287.7001.013b vlan3971           port3.0.13  dynamic
2001:db8:8770:1::1:13                   0287.7001.0013 vlan3971           port3.0.13  dynamic
2001:db8:8770:1::1:398                  0287.7001.0398 vlan3971           port3.0.13  dynamic
2001:db8:8770:1::1:270                  0287.7001.0270 vlan3971           port3.0.13  dynamic
2001:db8:8770:1::1:148                  0287.7001.0148 vlan3971           port3.0.13  dynamic
2001:db8:8770:1::1:20                   0287.7001.0020 vlan3971           port3.0.13  dynamic
2001:db8:8770:1::1:3a5                  0287.7001.03a5 vlan3971           port3.0.13  dynamic
2001:db8:8770:1::1:27d                  0287.7001.027d vlan3971           port3.0.13  dynamic
2001:db8:8770:1::1:155                  0287.7001.0155 vlan3971           port3.0.13  dynamic
2001:db8:8770:1::1:502                  0287.7001.0502 vlan3971           port3.0.13  dynamic
2001:db8:8770:1::1:2d                   0287.7001.002d vlan3971           port3.0.13  dynamic
2001:db8:8770:1::1:3b2                  0287.7001.03b2 vlan3971           port3.0.13  dynamic
2001:db8:8770:1::1:28a                  0287.7001.028a vlan3971           port3.0.13  dynamic
2001:db8:8770:1::1:637                  0287.7001.0637 vlan3971           port3.0.13  dynamic
2001:db8:8770:1::1:162                  0287.7001.0162 vlan3971           port3.0.13  dynamic
2001:db8:8770:1::1:50f                  0287.7001.050f vlan3971           port3.0.13  dynamic
2001:db8:8770:1::1:3a                   0287.7001.003a vlan3971           port3.0.13  dynamic
2001:db8:8770:1::1:3bf                  0287.7001.03bf vlan3971           port3.0.13  dynamic
2001:db8:8770:1::1:297                  0287.7001.0297 vlan3971           port3.0.13  dynamic
2001:db8:8770:1::1:644                  0287.7001.0644 vlan3971           port3.0.13  dynamic
2001:db8:8770:1::1:16f                  0287.7001.016f vlan3971           port3.0.13  dynamic
2001:db8:8770:1::1:51c                  0287.7001.051c vlan3971           port3.0.13  dynamic
2001:db8:8770:1::1:47                   0287.7001.0047 vlan3971           port3.0.13  dynamic
2001:db8:8770:1::1:3cc                  0287.7001.03cc vlan3971           port3.0.13  dynamic
2001:db8:8770:1::1:779                  0287.7001.0779 vlan3971           port3.0.13  dynamic
2001:db8:8770:1::1:2a4                  0287.7001.02a4 vlan3971           port3.0.13  dynamic
2001:db8:8770:1::1:651                  0287.7001.0651 vlan3971           port3.0.13  dynamic
2001:db8:8770:1::1:17c                  0287.7001.017c vlan3971           port3.0.13  dynamic
2001:db8:8770:1::1:529                  0287.7001.0529 vlan3971           port3.0.13  dynamic
2001:db8:8770:1::1:54                   0287.7001.0054 vlan3971           port3.0.13  dynamic
2001:db8:8770:1::1:401                  0287.7001.0401 vlan3971           port3.0.13  dynamic
2001:db8:8770:1::1:3d9                  0287.7001.03d9 vlan3971           port3.0.13  dynamic
2001:db8:8770:1::1:786                  0287.7001.0786 vlan3971           port3.0.13  dynamic
2001:db8:8770:1::1:2b1                  0287.7001.02b1 vlan3971           port3.0.13  dynamic
2001:db8:8770:1::1:65e                  0287.7001.065e vlan3971           port3.0.13  dynamic
2001:db8:8770:1::1:189                  0287.7001.0189 vlan3971           port3.0.13  dynamic
2001:db8:8770:1::1:536                  0287.7001.0536 vlan3971           port3.0.13  dynamic
2001:db8:8770:1::1:61                   0287.7001.0061 vlan3971           port3.0.13  dynamic
2001:db8:8770:1::1:40e                  0287.7001.040e vlan3971           port3.0.13  dynamic
2001:db8:8770:1::1:3e6                  0287.7001.03e6 vlan3971           port3.0.13  dynamic
2001:db8:8770:1::1:793                  0287.7001.0793 vlan3971           port3.0.13  dynamic
2001:db8:8770:1::1:2be                  0287.7001.02be vlan3971           port3.0.13  dynamic
2001:db8:8770:1::1:66b                  0287.7001.066b vlan3971           port3.0.13  dynamic
2001:db8:8770:1::1:196                  0287.7001.0196 vlan3971           port3.0.13  dynamic
2001:db8:8770:1::1:543                  0287.7001.0543 vlan3971           port3.0.13  dynamic
2001:db8:8770:1::1:6e                   0287.7001.006e vlan3971           port3.0.13  dynamic
2001:db8:8770:1::1:41b                  0287.7001.041b vlan3971           port3.0.13  dynamic
2001:db8:8770:1::1:3f3                  0287.7001.03f3 vlan3971           port3.0.13  dynamic
2001:db8:8770:1::1:7a0                  0287.7001.07a0 vlan3971           port3.0.13  dynamic
2001:db8:8770:1::1:2cb                  0287.7001.02cb vlan3971           port3.0.13  dynamic
2001:db8:8770:1::1:678                  0287.7001.0678 vlan3971           port3.0.13  dynamic
2001:db8:8770:1::1:550                  0287.7001.0550 vlan3971           port3.0.13  dynamic
2001:db8:8770:1::1:428                  0287.7001.0428 vlan3971           port3.0.13  dynamic
2001:db8:8770:1::1:7ad                  0287.7001.07ad vlan3971           port3.0.13  dynamic
2001:db8:8770:1::1:2d8                  0287.7001.02d8 vlan3971           port3.0.13  dynamic
2001:db8:8770:1::1:685                  0287.7001.0685 vlan3971           port3.0.13  dynamic
2001:db8:8770:1::1:55d                  0287.7001.055d vlan3971           port3.0.13  dynamic
2001:db8:8770:1::1:435                  0287.7001.0435 vlan3971           port3.0.13  dynamic
2001:db8:8770:1::1:7ba                  0287.7001.07ba vlan3971           port3.0.13  dynamic
2001:db8:8770:1::1:2e5                  0287.7001.02e5 vlan3971           port3.0.13  dynamic
2001:db8:8770:1::1:692                  0287.7001.0692 vlan3971           port3.0.13  dynamic
2001:db8:8770:1::1:56a                  0287.7001.056a vlan3971           port3.0.13  dynamic
2001:db8:8770:1::1:442                  0287.7001.0442 vlan3971           port3.0.13  dynamic
2001:db8:8770:1::1:7c7                  0287.7001.07c7 vlan3971           port3.0.13  dynamic
2001:db8:8770:1::1:2f2                  0287.7001.02f2 vlan3971           port3.0.13  dynamic
2001:db8:8770:1::1:69f                  0287.7001.069f vlan3971           port3.0.13  dynamic
2001:db8:8770:1::1:577                  0287.7001.0577 vlan3971           port3.0.13  dynamic
2001:db8:8770:1::1:6ac                  0287.7001.06ac vlan3971           port3.0.13  dynamic
2001:db8:8770:1::1:6b9                  0287.7001.06b9 vlan3971           port3.0.13  dynamic
2001:db8:8770:1::1:6c6                  0287.7001.06c6 vlan3971           port3.0.13  dynamic
2001:db8:8770:1::1:6d3                  0287.7001.06d3 vlan3971           port3.0.13  dynamic
2001:db8:8770:1::1:6e0                  0287.7001.06e0 vlan3971           port3.0.13  dynamic
2001:db8:8770:1::1:24d                  0287.7001.024d vlan3971           port3.0.13  dynamic
2001:db8:8770:1::1:382                  0287.7001.0382 vlan3971           port3.0.13  dynamic
2001:db8:8770:1::1:25a                  0287.7001.025a vlan3971           port3.0.13  dynamic
2001:db8:8770:1::1:132                  0287.7001.0132 vlan3971           port3.0.13  dynamic
2001:db8:8770:1::1:a                    0287.7001.000a vlan3971           port3.0.13  dynamic
2001:db8:8770:1::1:38f                  0287.7001.038f vlan3971           port3.0.13  dynamic
2001:db8:8770:1::1:267                  0287.7001.0267 vlan3971           port3.0.13  dynamic
2001:db8:8770:1::1:13f                  0287.7001.013f vlan3971           port3.0.13  dynamic
2001:db8:8770:1::1:17                   0287.7001.0017 vlan3971           port3.0.13  dynamic
2001:db8:8770:1::1:39c                  0287.7001.039c vlan3971           port3.0.13  dynamic
2001:db8:8770:1::1:274                  0287.7001.0274 vlan3971           port3.0.13  dynamic
2001:db8:8770:1::1:14c                  0287.7001.014c vlan3971           port3.0.13  dynamic
2001:db8:8770:1::1:24                   0287.7001.0024 vlan3971           port3.0.13  dynamic
2001:db8:8770:1::1:3a9                  0287.7001.03a9 vlan3971           port3.0.13  dynamic
2001:db8:8770:1::1:281                  0287.7001.0281 vlan3971           port3.0.13  dynamic
2001:db8:8770:1::1:159                  0287.7001.0159 vlan3971           port3.0.13  dynamic
2001:db8:8770:1::1:506                  0287.7001.0506 vlan3971           port3.0.13  dynamic
2001:db8:8770:1::1:31                   0287.7001.0031 vlan3971           port3.0.13  dynamic
2001:db8:8770:1::1:3b6                  0287.7001.03b6 vlan3971           port3.0.13  dynamic
2001:db8:8770:1::1:28e                  0287.7001.028e vlan3971           port3.0.13  dynamic
2001:db8:8770:1::1:63b                  0287.7001.063b vlan3971           port3.0.13  dynamic
2001:db8:8770:1::1:166                  0287.7001.0166 vlan3971           port3.0.13  dynamic
2001:db8:8770:1::1:513                  0287.7001.0513 vlan3971           port3.0.13  dynamic
2001:db8:8770:1::1:3e                   0287.7001.003e vlan3971           port3.0.13  dynamic
2001:db8:8770:1::1:3c3                  0287.7001.03c3 vlan3971           port3.0.13  dynamic
2001:db8:8770:1::1:770                  0287.7001.0770 vlan3971           port3.0.13  dynamic
2001:db8:8770:1::1:29b                  0287.7001.029b vlan3971           port3.0.13  dynamic
2001:db8:8770:1::1:648                  0287.7001.0648 vlan3971           port3.0.13  dynamic
2001:db8:8770:1::1:173                  0287.7001.0173 vlan3971           port3.0.13  dynamic
2001:db8:8770:1::1:520                  0287.7001.0520 vlan3971           port3.0.13  dynamic
2001:db8:8770:1::1:4b                   0287.7001.004b vlan3971           port3.0.13  dynamic
2001:db8:8770:1::1:3d0                  0287.7001.03d0 vlan3971           port3.0.13  dynamic
2001:db8:8770:1::1:77d                  0287.7001.077d vlan3971           port3.0.13  dynamic
2001:db8:8770:1::1:2a8                  0287.7001.02a8 vlan3971           port3.0.13  dynamic
2001:db8:8770:1::1:655                  0287.7001.0655 vlan3971           port3.0.13  dynamic
2001:db8:8770:1::1:180                  0287.7001.0180 vlan3971           port3.0.13  dynamic
2001:db8:8770:1::1:52d                  0287.7001.052d vlan3971           port3.0.13  dynamic
2001:db8:8770:1::1:58                   0287.7001.0058 vlan3971           port3.0.13  dynamic
2001:db8:8770:1::1:405                  0287.7001.0405 vlan3971           port3.0.13  dynamic
2001:db8:8770:1::1:3dd                  0287.7001.03dd vlan3971           port3.0.13  dynamic
2001:db8:8770:1::1:78a                  0287.7001.078a vlan3971           port3.0.13  dynamic
2001:db8:8770:1::1:2b5                  0287.7001.02b5 vlan3971           port3.0.13  dynamic
2001:db8:8770:1::1:662                  0287.7001.0662 vlan3971           port3.0.13  dynamic
2001:db8:8770:1::1:18d                  0287.7001.018d vlan3971           port3.0.13  dynamic
2001:db8:8770:1::1:53a                  0287.7001.053a vlan3971           port3.0.13  dynamic
2001:db8:8770:1::1:65                   0287.7001.0065 vlan3971           port3.0.13  dynamic
2001:db8:8770:1::1:412                  0287.7001.0412 vlan3971           port3.0.13  dynamic
2001:db8:8770:1::1:3ea                  0287.7001.03ea vlan3971           port3.0.13  dynamic
2001:db8:8770:1::1:797                  0287.7001.0797 vlan3971           port3.0.13  dynamic
2001:db8:8770:1::1:2c2                  0287.7001.02c2 vlan3971           port3.0.13  dynamic
2001:db8:8770:1::1:66f                  0287.7001.066f vlan3971           port3.0.13  dynamic
2001:db8:8770:1::1:19a                  0287.7001.019a vlan3971           port3.0.13  dynamic
2001:db8:8770:1::1:547                  0287.7001.0547 vlan3971           port3.0.13  dynamic
2001:db8:8770:1::1:41f                  0287.7001.041f vlan3971           port3.0.13  dynamic
2001:db8:8770:1::1:3f7                  0287.7001.03f7 vlan3971           port3.0.13  dynamic
2001:db8:8770:1::1:7a4                  0287.7001.07a4 vlan3971           port3.0.13  dynamic
2001:db8:8770:1::1:2cf                  0287.7001.02cf vlan3971           port3.0.13  dynamic
2001:db8:8770:1::1:67c                  0287.7001.067c vlan3971           port3.0.13  dynamic
2001:db8:8770:1::1:554                  0287.7001.0554 vlan3971           port3.0.13  dynamic
2001:db8:8770:1::1:42c                  0287.7001.042c vlan3971           port3.0.13  dynamic
2001:db8:8770:1::1:7b1                  0287.7001.07b1 vlan3971           port3.0.13  dynamic
2001:db8:8770:1::1:2dc                  0287.7001.02dc vlan3971           port3.0.13  dynamic
2001:db8:8770:1::1:689                  0287.7001.0689 vlan3971           port3.0.13  dynamic
2001:db8:8770:1::1:561                  0287.7001.0561 vlan3971           port3.0.13  dynamic
2001:db8:8770:1::1:439                  0287.7001.0439 vlan3971           port3.0.13  dynamic
2001:db8:8770:1::1:7be                  0287.7001.07be vlan3971           port3.0.13  dynamic
2001:db8:8770:1::1:2e9                  0287.7001.02e9 vlan3971           port3.0.13  dynamic
2001:db8:8770:1::1:696                  0287.7001.0696 vlan3971           port3.0.13  dynamic
2001:db8:8770:1::1:56e                  0287.7001.056e vlan3971           port3.0.13  dynamic
2001:db8:8770:1::1:446                  0287.7001.0446 vlan3971           port3.0.13  dynamic
2001:db8:8770:1::1:7cb                  0287.7001.07cb vlan3971           port3.0.13  dynamic
2001:db8:8770:1::1:2f6                  0287.7001.02f6 vlan3971           port3.0.13  dynamic
2001:db8:8770:1::1:6a3                  0287.7001.06a3 vlan3971           port3.0.13  dynamic
2001:db8:8770:1::1:57b                  0287.7001.057b vlan3971           port3.0.13  dynamic
2001:db8:8770:1::1:6b0                  0287.7001.06b0 vlan3971           port3.0.13  dynamic
2001:db8:8770:1::1:6bd                  0287.7001.06bd vlan3971           port3.0.13  dynamic
2001:db8:8770:1::1:6ca                  0287.7001.06ca vlan3971           port3.0.13  dynamic
2001:db8:8770:1::1:6d7                  0287.7001.06d7 vlan3971           port3.0.13  dynamic
2001:db8:8770:1::1:251                  0287.7001.0251 vlan3971           port3.0.13  dynamic
2001:db8:8770:1::1:1                    0287.7001.0001 vlan3971           port3.0.13  dynamic
2001:db8:8770:1::1:386                  0287.7001.0386 vlan3971           port3.0.13  dynamic
2001:db8:8770:1::1:25e                  0287.7001.025e vlan3971           port3.0.13  dynamic
2001:db8:8770:1::1:136                  0287.7001.0136 vlan3971           port3.0.13  dynamic
2001:db8:8770:1::1:e                    0287.7001.000e vlan3971           port3.0.13  dynamic
2001:db8:8770:1::1:393                  0287.7001.0393 vlan3971           port3.0.13  dynamic
2001:db8:8770:1::1:26b                  0287.7001.026b vlan3971           port3.0.13  dynamic
2001:db8:8770:1::1:143                  0287.7001.0143 vlan3971           port3.0.13  dynamic
2001:db8:8770:1::1:1b                   0287.7001.001b vlan3971           port3.0.13  dynamic
2001:db8:8770:1::1:3a0                  0287.7001.03a0 vlan3971           port3.0.13  dynamic
2001:db8:8770:1::1:278                  0287.7001.0278 vlan3971           port3.0.13  dynamic
2001:db8:8770:1::1:150                  0287.7001.0150 vlan3971           port3.0.13  dynamic
2001:db8:8770:1::1:28                   0287.7001.0028 vlan3971           port3.0.13  dynamic
2001:db8:8770:1::1:3ad                  0287.7001.03ad vlan3971           port3.0.13  dynamic
2001:db8:8770:1::1:285                  0287.7001.0285 vlan3971           port3.0.13  dynamic
2001:db8:8770:1::1:15d                  0287.7001.015d vlan3971           port3.0.13  dynamic
2001:db8:8770:1::1:50a                  0287.7001.050a vlan3971           port3.0.13  dynamic
2001:db8:8770:1::1:35                   0287.7001.0035 vlan3971           port3.0.13  dynamic
2001:db8:8770:1::1:3ba                  0287.7001.03ba vlan3971           port3.0.13  dynamic
2001:db8:8770:1::1:292                  0287.7001.0292 vlan3971           port3.0.13  dynamic
2001:db8:8770:1::1:63f                  0287.7001.063f vlan3971           port3.0.13  dynamic
2001:db8:8770:1::1:16a                  0287.7001.016a vlan3971           port3.0.13  dynamic
2001:db8:8770:1::1:517                  0287.7001.0517 vlan3971           port3.0.13  dynamic
2001:db8:8770:1::1:42                   0287.7001.0042 vlan3971           port3.0.13  dynamic
2001:db8:8770:1::1:3c7                  0287.7001.03c7 vlan3971           port3.0.13  dynamic
2001:db8:8770:1::1:774                  0287.7001.0774 vlan3971           port3.0.13  dynamic
2001:db8:8770:1::1:29f                  0287.7001.029f vlan3971           port3.0.13  dynamic
2001:db8:8770:1::1:64c                  0287.7001.064c vlan3971           port3.0.13  dynamic
2001:db8:8770:1::1:177                  0287.7001.0177 vlan3971           port3.0.13  dynamic
2001:db8:8770:1::1:524                  0287.7001.0524 vlan3971           port3.0.13  dynamic
2001:db8:8770:1::1:4f                   0287.7001.004f vlan3971           port3.0.13  dynamic
2001:db8:8770:1::1:4fc                  0287.7001.04fc vlan3971           port3.0.13  dynamic
2001:db8:8770:1::1:3d4                  0287.7001.03d4 vlan3971           port3.0.13  dynamic
2001:db8:8770:1::1:781                  0287.7001.0781 vlan3971           port3.0.13  dynamic
2001:db8:8770:1::1:2ac                  0287.7001.02ac vlan3971           port3.0.13  dynamic
2001:db8:8770:1::1:659                  0287.7001.0659 vlan3971           port3.0.13  dynamic
2001:db8:8770:1::1:184                  0287.7001.0184 vlan3971           port3.0.13  dynamic
2001:db8:8770:1::1:531                  0287.7001.0531 vlan3971           port3.0.13  dynamic
2001:db8:8770:1::1:5c                   0287.7001.005c vlan3971           port3.0.13  dynamic
2001:db8:8770:1::1:409                  0287.7001.0409 vlan3971           port3.0.13  dynamic
2001:db8:8770:1::1:3e1                  0287.7001.03e1 vlan3971           port3.0.13  dynamic
2001:db8:8770:1::1:78e                  0287.7001.078e vlan3971           port3.0.13  dynamic
2001:db8:8770:1::1:2b9                  0287.7001.02b9 vlan3971           port3.0.13  dynamic
2001:db8:8770:1::1:666                  0287.7001.0666 vlan3971           port3.0.13  dynamic
2001:db8:8770:1::1:191                  0287.7001.0191 vlan3971           port3.0.13  dynamic
2001:db8:8770:1::1:53e                  0287.7001.053e vlan3971           port3.0.13  dynamic
2001:db8:8770:1::1:69                   0287.7001.0069 vlan3971           port3.0.13  dynamic
2001:db8:8770:1::1:416                  0287.7001.0416 vlan3971           port3.0.13  dynamic
2001:db8:8770:1::1:3ee                  0287.7001.03ee vlan3971           port3.0.13  dynamic
2001:db8:8770:1::1:79b                  0287.7001.079b vlan3971           port3.0.13  dynamic
2001:db8:8770:1::1:2c6                  0287.7001.02c6 vlan3971           port3.0.13  dynamic
2001:db8:8770:1::1:673                  0287.7001.0673 vlan3971           port3.0.13  dynamic
2001:db8:8770:1::1:54b                  0287.7001.054b vlan3971           port3.0.13  dynamic
2001:db8:8770:1::1:423                  0287.7001.0423 vlan3971           port3.0.13  dynamic
2001:db8:8770:1::1:3fb                  0287.7001.03fb vlan3971           port3.0.13  dynamic
2001:db8:8770:1::1:7a8                  0287.7001.07a8 vlan3971           port3.0.13  dynamic
2001:db8:8770:1::1:2d3                  0287.7001.02d3 vlan3971           port3.0.13  dynamic
2001:db8:8770:1::1:680                  0287.7001.0680 vlan3971           port3.0.13  dynamic
2001:db8:8770:1::1:558                  0287.7001.0558 vlan3971           port3.0.13  dynamic
2001:db8:8770:1::1:430                  0287.7001.0430 vlan3971           port3.0.13  dynamic
2001:db8:8770:1::1:7b5                  0287.7001.07b5 vlan3971           port3.0.13  dynamic
2001:db8:8770:1::1:2e0                  0287.7001.02e0 vlan3971           port3.0.13  dynamic
2001:db8:8770:1::1:68d                  0287.7001.068d vlan3971           port3.0.13  dynamic
2001:db8:8770:1::1:565                  0287.7001.0565 vlan3971           port3.0.13  dynamic
2001:db8:8770:1::1:43d                  0287.7001.043d vlan3971           port3.0.13  dynamic
2001:db8:8770:1::1:7c2                  0287.7001.07c2 vlan3971           port3.0.13  dynamic
2001:db8:8770:1::1:2ed                  0287.7001.02ed vlan3971           port3.0.13  dynamic
2001:db8:8770:1::1:69a                  0287.7001.069a vlan3971           port3.0.13  dynamic
2001:db8:8770:1::1:572                  0287.7001.0572 vlan3971           port3.0.13  dynamic
2001:db8:8770:1::1:44a                  0287.7001.044a vlan3971           port3.0.13  dynamic
2001:db8:8770:1::1:7cf                  0287.7001.07cf vlan3971           port3.0.13  dynamic
2001:db8:8770:1::1:6a7                  0287.7001.06a7 vlan3971           port3.0.13  dynamic
2001:db8:8770:1::1:6b4                  0287.7001.06b4 vlan3971           port3.0.13  dynamic
2001:db8:8770:1::1:6c1                  0287.7001.06c1 vlan3971           port3.0.13  dynamic
2001:db8:8770:1::1:6ce                  0287.7001.06ce vlan3971           port3.0.13  dynamic
2001:db8:8770:1::1:6db                  0287.7001.06db vlan3971           port3.0.13  dynamic
2001:db8:8770:1::1:255                  0287.7001.0255 vlan3971           port3.0.13  dynamic
2001:db8:8770:1::1:12d                  0287.7001.012d vlan3971           port3.0.13  dynamic
2001:db8:8770:1::1:5                    0287.7001.0005 vlan3971           port3.0.13  dynamic
2001:db8:8770:1::1:38a                  0287.7001.038a vlan3971           port3.0.13  dynamic
2001:db8:8770:1::1:262                  0287.7001.0262 vlan3971           port3.0.13  dynamic
2001:db8:8770:1::1:13a                  0287.7001.013a vlan3971           port3.0.13  dynamic
2001:db8:8770:1::1:12                   0287.7001.0012 vlan3971           port3.0.13  dynamic
2001:db8:8770:1::1:397                  0287.7001.0397 vlan3971           port3.0.13  dynamic
2001:db8:8770:1::1:26f                  0287.7001.026f vlan3971           port3.0.13  dynamic
2001:db8:8770:1::1:147                  0287.7001.0147 vlan3971           port3.0.13  dynamic
2001:db8:8770:1::1:1f                   0287.7001.001f vlan3971           port3.0.13  dynamic
2001:db8:8770:1::1:3a4                  0287.7001.03a4 vlan3971           port3.0.13  dynamic
2001:db8:8770:1::1:27c                  0287.7001.027c vlan3971           port3.0.13  dynamic
2001:db8:8770:1::1:154                  0287.7001.0154 vlan3971           port3.0.13  dynamic
2001:db8:8770:1::1:501                  0287.7001.0501 vlan3971           port3.0.13  dynamic
2001:db8:8770:1::1:2c                   0287.7001.002c vlan3971           port3.0.13  dynamic
2001:db8:8770:1::1:3b1                  0287.7001.03b1 vlan3971           port3.0.13  dynamic
2001:db8:8770:1::1:289                  0287.7001.0289 vlan3971           port3.0.13  dynamic
2001:db8:8770:1::1:636                  0287.7001.0636 vlan3971           port3.0.13  dynamic
2001:db8:8770:1::1:161                  0287.7001.0161 vlan3971           port3.0.13  dynamic
2001:db8:8770:1::1:50e                  0287.7001.050e vlan3971           port3.0.13  dynamic
2001:db8:8770:1::1:39                   0287.7001.0039 vlan3971           port3.0.13  dynamic
2001:db8:8770:1::1:3be                  0287.7001.03be vlan3971           port3.0.13  dynamic
2001:db8:8770:1::1:296                  0287.7001.0296 vlan3971           port3.0.13  dynamic
2001:db8:8770:1::1:643                  0287.7001.0643 vlan3971           port3.0.13  dynamic
2001:db8:8770:1::1:16e                  0287.7001.016e vlan3971           port3.0.13  dynamic
2001:db8:8770:1::1:51b                  0287.7001.051b vlan3971           port3.0.13  dynamic
2001:db8:8770:1::1:46                   0287.7001.0046 vlan3971           port3.0.13  dynamic
2001:db8:8770:1::1:3cb                  0287.7001.03cb vlan3971           port3.0.13  dynamic
2001:db8:8770:1::1:778                  0287.7001.0778 vlan3971           port3.0.13  dynamic
2001:db8:8770:1::1:2a3                  0287.7001.02a3 vlan3971           port3.0.13  dynamic
2001:db8:8770:1::1:650                  0287.7001.0650 vlan3971           port3.0.13  dynamic
2001:db8:8770:1::1:17b                  0287.7001.017b vlan3971           port3.0.13  dynamic
2001:db8:8770:1::1:528                  0287.7001.0528 vlan3971           port3.0.13  dynamic
2001:db8:8770:1::1:53                   0287.7001.0053 vlan3971           port3.0.13  dynamic
2001:db8:8770:1::1:400                  0287.7001.0400 vlan3971           port3.0.13  dynamic
2001:db8:8770:1::1:3d8                  0287.7001.03d8 vlan3971           port3.0.13  dynamic
2001:db8:8770:1::1:785                  0287.7001.0785 vlan3971           port3.0.13  dynamic
2001:db8:8770:1::1:2b0                  0287.7001.02b0 vlan3971           port3.0.13  dynamic
2001:db8:8770:1::1:65d                  0287.7001.065d vlan3971           port3.0.13  dynamic
2001:db8:8770:1::1:188                  0287.7001.0188 vlan3971           port3.0.13  dynamic
2001:db8:8770:1::1:535                  0287.7001.0535 vlan3971           port3.0.13  dynamic
2001:db8:8770:1::1:60                   0287.7001.0060 vlan3971           port3.0.13  dynamic
2001:db8:8770:1::1:40d                  0287.7001.040d vlan3971           port3.0.13  dynamic
2001:db8:8770:1::1:3e5                  0287.7001.03e5 vlan3971           port3.0.13  dynamic
2001:db8:8770:1::1:792                  0287.7001.0792 vlan3971           port3.0.13  dynamic
2001:db8:8770:1::1:2bd                  0287.7001.02bd vlan3971           port3.0.13  dynamic
2001:db8:8770:1::1:66a                  0287.7001.066a vlan3971           port3.0.13  dynamic
2001:db8:8770:1::1:195                  0287.7001.0195 vlan3971           port3.0.13  dynamic
2001:db8:8770:1::1:542                  0287.7001.0542 vlan3971           port3.0.13  dynamic
2001:db8:8770:1::1:6d                   0287.7001.006d vlan3971           port3.0.13  dynamic
2001:db8:8770:1::1:41a                  0287.7001.041a vlan3971           port3.0.13  dynamic
2001:db8:8770:1::1:3f2                  0287.7001.03f2 vlan3971           port3.0.13  dynamic
2001:db8:8770:1::1:79f                  0287.7001.079f vlan3971           port3.0.13  dynamic
2001:db8:8770:1::1:2ca                  0287.7001.02ca vlan3971           port3.0.13  dynamic
2001:db8:8770:1::1:677                  0287.7001.0677 vlan3971           port3.0.13  dynamic
2001:db8:8770:1::1:54f                  0287.7001.054f vlan3971           port3.0.13  dynamic
2001:db8:8770:1::1:427                  0287.7001.0427 vlan3971           port3.0.13  dynamic
2001:db8:8770:1::1:3ff                  0287.7001.03ff vlan3971           port3.0.13  dynamic
2001:db8:8770:1::1:7ac                  0287.7001.07ac vlan3971           port3.0.13  dynamic
2001:db8:8770:1::1:2d7                  0287.7001.02d7 vlan3971           port3.0.13  dynamic
2001:db8:8770:1::1:684                  0287.7001.0684 vlan3971           port3.0.13  dynamic
2001:db8:8770:1::1:55c                  0287.7001.055c vlan3971           port3.0.13  dynamic
2001:db8:8770:1::1:434                  0287.7001.0434 vlan3971           port3.0.13  dynamic
2001:db8:8770:1::1:7b9                  0287.7001.07b9 vlan3971           port3.0.13  dynamic
2001:db8:8770:1::1:2e4                  0287.7001.02e4 vlan3971           port3.0.13  dynamic
2001:db8:8770:1::1:691                  0287.7001.0691 vlan3971           port3.0.13  dynamic
2001:db8:8770:1::1:569                  0287.7001.0569 vlan3971           port3.0.13  dynamic
2001:db8:8770:1::1:441                  0287.7001.0441 vlan3971           port3.0.13  dynamic
2001:db8:8770:1::1:7c6                  0287.7001.07c6 vlan3971           port3.0.13  dynamic
2001:db8:8770:1::1:2f1                  0287.7001.02f1 vlan3971           port3.0.13  dynamic
2001:db8:8770:1::1:69e                  0287.7001.069e vlan3971           port3.0.13  dynamic
2001:db8:8770:1::1:576                  0287.7001.0576 vlan3971           port3.0.13  dynamic
2001:db8:8770:1::1:6ab                  0287.7001.06ab vlan3971           port3.0.13  dynamic
2001:db8:8770:1::1:6b8                  0287.7001.06b8 vlan3971           port3.0.13  dynamic
2001:db8:8770:1::1:6c5                  0287.7001.06c5 vlan3971           port3.0.13  dynamic
2001:db8:8770:1::1:6d2                  0287.7001.06d2 vlan3971           port3.0.13  dynamic
2001:db8:8770:1::1:6df                  0287.7001.06df vlan3971           port3.0.13  dynamic
2001:db8:8770:1::1:24c                  0287.7001.024c vlan3971           port3.0.13  dynamic
2001:db8:8770:1::1:259                  0287.7001.0259 vlan3971           port3.0.13  dynamic
2001:db8:8770:1::1:131                  0287.7001.0131 vlan3971           port3.0.13  dynamic
2001:db8:8770:1::1:9                    0287.7001.0009 vlan3971           port3.0.13  dynamic
2001:db8:8770:1::1:38e                  0287.7001.038e vlan3971           port3.0.13  dynamic
2001:db8:8770:1::1:266                  0287.7001.0266 vlan3971           port3.0.13  dynamic
2001:db8:8770:1::1:13e                  0287.7001.013e vlan3971           port3.0.13  dynamic
2001:db8:8770:1::1:16                   0287.7001.0016 vlan3971           port3.0.13  dynamic
2001:db8:8770:1::1:39b                  0287.7001.039b vlan3971           port3.0.13  dynamic
2001:db8:8770:1::1:273                  0287.7001.0273 vlan3971           port3.0.13  dynamic
2001:db8:8770:1::1:14b                  0287.7001.014b vlan3971           port3.0.13  dynamic
2001:db8:8770:1::1:23                   0287.7001.0023 vlan3971           port3.0.13  dynamic
2001:db8:8770:1::1:3a8                  0287.7001.03a8 vlan3971           port3.0.13  dynamic
2001:db8:8770:1::1:280                  0287.7001.0280 vlan3971           port3.0.13  dynamic
2001:db8:8770:1::1:158                  0287.7001.0158 vlan3971           port3.0.13  dynamic
2001:db8:8770:1::1:505                  0287.7001.0505 vlan3971           port3.0.13  dynamic
2001:db8:8770:1::1:30                   0287.7001.0030 vlan3971           port3.0.13  dynamic
2001:db8:8770:1::1:3b5                  0287.7001.03b5 vlan3971           port3.0.13  dynamic
2001:db8:8770:1::1:28d                  0287.7001.028d vlan3971           port3.0.13  dynamic
2001:db8:8770:1::1:63a                  0287.7001.063a vlan3971           port3.0.13  dynamic
2001:db8:8770:1::1:165                  0287.7001.0165 vlan3971           port3.0.13  dynamic
2001:db8:8770:1::1:512                  0287.7001.0512 vlan3971           port3.0.13  dynamic
2001:db8:8770:1::1:3d                   0287.7001.003d vlan3971           port3.0.13  dynamic
2001:db8:8770:1::1:3c2                  0287.7001.03c2 vlan3971           port3.0.13  dynamic
2001:db8:8770:1::1:76f                  0287.7001.076f vlan3971           port3.0.13  dynamic
2001:db8:8770:1::1:29a                  0287.7001.029a vlan3971           port3.0.13  dynamic
2001:db8:8770:1::1:647                  0287.7001.0647 vlan3971           port3.0.13  dynamic
2001:db8:8770:1::1:172                  0287.7001.0172 vlan3971           port3.0.13  dynamic
2001:db8:8770:1::1:51f                  0287.7001.051f vlan3971           port3.0.13  dynamic
2001:db8:8770:1::1:4a                   0287.7001.004a vlan3971           port3.0.13  dynamic
2001:db8:8770:1::1:3cf                  0287.7001.03cf vlan3971           port3.0.13  dynamic
2001:db8:8770:1::1:77c                  0287.7001.077c vlan3971           port3.0.13  dynamic
2001:db8:8770:1::1:2a7                  0287.7001.02a7 vlan3971           port3.0.13  dynamic
2001:db8:8770:1::1:654                  0287.7001.0654 vlan3971           port3.0.13  dynamic
2001:db8:8770:1::1:17f                  0287.7001.017f vlan3971           port3.0.13  dynamic
2001:db8:8770:1::1:52c                  0287.7001.052c vlan3971           port3.0.13  dynamic
2001:db8:8770:1::1:57                   0287.7001.0057 vlan3971           port3.0.13  dynamic
2001:db8:8770:1::1:404                  0287.7001.0404 vlan3971           port3.0.13  dynamic
2001:db8:8770:1::1:3dc                  0287.7001.03dc vlan3971           port3.0.13  dynamic
2001:db8:8770:1::1:789                  0287.7001.0789 vlan3971           port3.0.13  dynamic
2001:db8:8770:1::1:2b4                  0287.7001.02b4 vlan3971           port3.0.13  dynamic
2001:db8:8770:1::1:661                  0287.7001.0661 vlan3971           port3.0.13  dynamic
2001:db8:8770:1::1:18c                  0287.7001.018c vlan3971           port3.0.13  dynamic
2001:db8:8770:1::1:539                  0287.7001.0539 vlan3971           port3.0.13  dynamic
2001:db8:8770:1::1:64                   0287.7001.0064 vlan3971           port3.0.13  dynamic
2001:db8:8770:1::1:411                  0287.7001.0411 vlan3971           port3.0.13  dynamic
2001:db8:8770:1::1:3e9                  0287.7001.03e9 vlan3971           port3.0.13  dynamic
2001:db8:8770:1::1:796                  0287.7001.0796 vlan3971           port3.0.13  dynamic
2001:db8:8770:1::1:2c1                  0287.7001.02c1 vlan3971           port3.0.13  dynamic
2001:db8:8770:1::1:66e                  0287.7001.066e vlan3971           port3.0.13  dynamic
2001:db8:8770:1::1:199                  0287.7001.0199 vlan3971           port3.0.13  dynamic
2001:db8:8770:1::1:546                  0287.7001.0546 vlan3971           port3.0.13  dynamic
2001:db8:8770:1::1:41e                  0287.7001.041e vlan3971           port3.0.13  dynamic
2001:db8:8770:1::1:3f6                  0287.7001.03f6 vlan3971           port3.0.13  dynamic
2001:db8:8770:1::1:7a3                  0287.7001.07a3 vlan3971           port3.0.13  dynamic
2001:db8:8770:1::1:2ce                  0287.7001.02ce vlan3971           port3.0.13  dynamic
2001:db8:8770:1::1:67b                  0287.7001.067b vlan3971           port3.0.13  dynamic
2001:db8:8770:1::1:553                  0287.7001.0553 vlan3971           port3.0.13  dynamic
2001:db8:8770:1::1:42b                  0287.7001.042b vlan3971           port3.0.13  dynamic
2001:db8:8770:1::1:7b0                  0287.7001.07b0 vlan3971           port3.0.13  dynamic
2001:db8:8770:1::1:2db                  0287.7001.02db vlan3971           port3.0.13  dynamic
2001:db8:8770:1::1:688                  0287.7001.0688 vlan3971           port3.0.13  dynamic
2001:db8:8770:1::1:560                  0287.7001.0560 vlan3971           port3.0.13  dynamic
2001:db8:8770:1::1:438                  0287.7001.0438 vlan3971           port3.0.13  dynamic
2001:db8:8770:1::1:7bd                  0287.7001.07bd vlan3971           port3.0.13  dynamic
2001:db8:8770:1::1:2e8                  0287.7001.02e8 vlan3971           port3.0.13  dynamic
2001:db8:8770:1::1:695                  0287.7001.0695 vlan3971           port3.0.13  dynamic
2001:db8:8770:1::1:56d                  0287.7001.056d vlan3971           port3.0.13  dynamic
2001:db8:8770:1::1:445                  0287.7001.0445 vlan3971           port3.0.13  dynamic
2001:db8:8770:1::1:7ca                  0287.7001.07ca vlan3971           port3.0.13  dynamic
2001:db8:8770:1::1:2f5                  0287.7001.02f5 vlan3971           port3.0.13  dynamic
2001:db8:8770:1::1:6a2                  0287.7001.06a2 vlan3971           port3.0.13  dynamic
2001:db8:8770:1::1:57a                  0287.7001.057a vlan3971           port3.0.13  dynamic
2001:db8:8770:1::1:6af                  0287.7001.06af vlan3971           port3.0.13  dynamic
2001:db8:8770:1::1:6bc                  0287.7001.06bc vlan3971           port3.0.13  dynamic
2001:db8:8770:1::1:6c9                  0287.7001.06c9 vlan3971           port3.0.13  dynamic
2001:db8:8770:1::1:6d6                  0287.7001.06d6 vlan3971           port3.0.13  dynamic
2001:db8:8770:1::1:6e3                  0287.7001.06e3 vlan3971           port3.0.13  dynamic
2001:db8:8770:1::1:250                  0287.7001.0250 vlan3971           port3.0.13  dynamic
2001:db8:8770:1::1:385                  0287.7001.0385 vlan3971           port3.0.13  dynamic
2001:db8:8770:1::1:25d                  0287.7001.025d vlan3971           port3.0.13  dynamic
2001:db8:8770:1::1:135                  0287.7001.0135 vlan3971           port3.0.13  dynamic
2001:db8:8770:1::1:d                    0287.7001.000d vlan3971           port3.0.13  dynamic
2001:db8:8770:1::1:392                  0287.7001.0392 vlan3971           port3.0.13  dynamic
2001:db8:8770:1::1:26a                  0287.7001.026a vlan3971           port3.0.13  dynamic
2001:db8:8770:1::1:142                  0287.7001.0142 vlan3971           port3.0.13  dynamic
2001:db8:8770:1::1:1a                   0287.7001.001a vlan3971           port3.0.13  dynamic
2001:db8:8770:1::1:39f                  0287.7001.039f vlan3971           port3.0.13  dynamic
2001:db8:8770:1::1:277                  0287.7001.0277 vlan3971           port3.0.13  dynamic
2001:db8:8770:1::1:14f                  0287.7001.014f vlan3971           port3.0.13  dynamic
2001:db8:8770:1::1:27                   0287.7001.0027 vlan3971           port3.0.13  dynamic
2001:db8:8770:1::1:3ac                  0287.7001.03ac vlan3971           port3.0.13  dynamic
2001:db8:8770:1::1:284                  0287.7001.0284 vlan3971           port3.0.13  dynamic
2001:db8:8770:1::1:15c                  0287.7001.015c vlan3971           port3.0.13  dynamic
2001:db8:8770:1::1:509                  0287.7001.0509 vlan3971           port3.0.13  dynamic
2001:db8:8770:1::1:34                   0287.7001.0034 vlan3971           port3.0.13  dynamic
2001:db8:8770:1::1:3b9                  0287.7001.03b9 vlan3971           port3.0.13  dynamic
2001:db8:8770:1::1:291                  0287.7001.0291 vlan3971           port3.0.13  dynamic
2001:db8:8770:1::1:63e                  0287.7001.063e vlan3971           port3.0.13  dynamic
2001:db8:8770:1::1:169                  0287.7001.0169 vlan3971           port3.0.13  dynamic
2001:db8:8770:1::1:516                  0287.7001.0516 vlan3971           port3.0.13  dynamic
2001:db8:8770:1::1:41                   0287.7001.0041 vlan3971           port3.0.13  dynamic
2001:db8:8770:1::1:3c6                  0287.7001.03c6 vlan3971           port3.0.13  dynamic
2001:db8:8770:1::1:773                  0287.7001.0773 vlan3971           port3.0.13  dynamic
2001:db8:8770:1::1:29e                  0287.7001.029e vlan3971           port3.0.13  dynamic
2001:db8:8770:1::1:64b                  0287.7001.064b vlan3971           port3.0.13  dynamic
2001:db8:8770:1::1:176                  0287.7001.0176 vlan3971           port3.0.13  dynamic
2001:db8:8770:1::1:523                  0287.7001.0523 vlan3971           port3.0.13  dynamic
2001:db8:8770:1::1:4e                   0287.7001.004e vlan3971           port3.0.13  dynamic
2001:db8:8770:1::1:4fb                  0287.7001.04fb vlan3971           port3.0.13  dynamic
2001:db8:8770:1::1:3d3                  0287.7001.03d3 vlan3971           port3.0.13  dynamic
2001:db8:8770:1::1:780                  0287.7001.0780 vlan3971           port3.0.13  dynamic
2001:db8:8770:1::1:2ab                  0287.7001.02ab vlan3971           port3.0.13  dynamic
2001:db8:8770:1::1:658                  0287.7001.0658 vlan3971           port3.0.13  dynamic
2001:db8:8770:1::1:183                  0287.7001.0183 vlan3971           port3.0.13  dynamic
2001:db8:8770:1::1:530                  0287.7001.0530 vlan3971           port3.0.13  dynamic
2001:db8:8770:1::1:5b                   0287.7001.005b vlan3971           port3.0.13  dynamic
2001:db8:8770:1::1:408                  0287.7001.0408 vlan3971           port3.0.13  dynamic
2001:db8:8770:1::1:3e0                  0287.7001.03e0 vlan3971           port3.0.13  dynamic
2001:db8:8770:1::1:78d                  0287.7001.078d vlan3971           port3.0.13  dynamic
2001:db8:8770:1::1:2b8                  0287.7001.02b8 vlan3971           port3.0.13  dynamic
2001:db8:8770:1::1:665                  0287.7001.0665 vlan3971           port3.0.13  dynamic
2001:db8:8770:1::1:190                  0287.7001.0190 vlan3971           port3.0.13  dynamic
2001:db8:8770:1::1:53d                  0287.7001.053d vlan3971           port3.0.13  dynamic
2001:db8:8770:1::1:68                   0287.7001.0068 vlan3971           port3.0.13  dynamic
2001:db8:8770:1::1:415                  0287.7001.0415 vlan3971           port3.0.13  dynamic
2001:db8:8770:1::1:3ed                  0287.7001.03ed vlan3971           port3.0.13  dynamic
2001:db8:8770:1::1:79a                  0287.7001.079a vlan3971           port3.0.13  dynamic
2001:db8:8770:1::1:2c5                  0287.7001.02c5 vlan3971           port3.0.13  dynamic
2001:db8:8770:1::1:672                  0287.7001.0672 vlan3971           port3.0.13  dynamic
2001:db8:8770:1::1:19d                  0287.7001.019d vlan3971           port3.0.13  dynamic
2001:db8:8770:1::1:54a                  0287.7001.054a vlan3971           port3.0.13  dynamic
2001:db8:8770:1::1:422                  0287.7001.0422 vlan3971           port3.0.13  dynamic
2001:db8:8770:1::1:3fa                  0287.7001.03fa vlan3971           port3.0.13  dynamic
2001:db8:8770:1::1:7a7                  0287.7001.07a7 vlan3971           port3.0.13  dynamic
2001:db8:8770:1::1:2d2                  0287.7001.02d2 vlan3971           port3.0.13  dynamic
2001:db8:8770:1::1:67f                  0287.7001.067f vlan3971           port3.0.13  dynamic
2001:db8:8770:1::1:557                  0287.7001.0557 vlan3971           port3.0.13  dynamic
2001:db8:8770:1::1:42f                  0287.7001.042f vlan3971           port3.0.13  dynamic
2001:db8:8770:1::1:7b4                  0287.7001.07b4 vlan3971           port3.0.13  dynamic
2001:db8:8770:1::1:2df                  0287.7001.02df vlan3971           port3.0.13  dynamic
2001:db8:8770:1::1:68c                  0287.7001.068c vlan3971           port3.0.13  dynamic
2001:db8:8770:1::1:564                  0287.7001.0564 vlan3971           port3.0.13  dynamic
2001:db8:8770:1::1:43c                  0287.7001.043c vlan3971           port3.0.13  dynamic
2001:db8:8770:1::1:7c1                  0287.7001.07c1 vlan3971           port3.0.13  dynamic
2001:db8:8770:1::1:2ec                  0287.7001.02ec vlan3971           port3.0.13  dynamic
2001:db8:8770:1::1:699                  0287.7001.0699 vlan3971           port3.0.13  dynamic
2001:db8:8770:1::1:571                  0287.7001.0571 vlan3971           port3.0.13  dynamic
2001:db8:8770:1::1:449                  0287.7001.0449 vlan3971           port3.0.13  dynamic
2001:db8:8770:1::1:7ce                  0287.7001.07ce vlan3971           port3.0.13  dynamic
2001:db8:8770:1::1:6a6                  0287.7001.06a6 vlan3971           port3.0.13  dynamic
2001:db8:8770:1::1:6b3                  0287.7001.06b3 vlan3971           port3.0.13  dynamic
2001:db8:8770:1::1:6c0                  0287.7001.06c0 vlan3971           port3.0.13  dynamic
2001:db8:8770:1::1:6cd                  0287.7001.06cd vlan3971           port3.0.13  dynamic
2001:db8:8770:1::1:6da                  0287.7001.06da vlan3971           port3.0.13  dynamic
2001:db8:8770:1::1:254                  0287.7001.0254 vlan3971           port3.0.13  dynamic
2001:db8:8770:1::1:12c                  0287.7001.012c vlan3971           port3.0.13  dynamic
2001:db8:8770:1::1:4                    0287.7001.0004 vlan3971           port3.0.13  dynamic
2001:db8:8770:1::1:389                  0287.7001.0389 vlan3971           port3.0.13  dynamic
2001:db8:8770:1::1:261                  0287.7001.0261 vlan3971           port3.0.13  dynamic
2001:db8:8770:1::1:139                  0287.7001.0139 vlan3971           port3.0.13  dynamic
2001:db8:8770:1::1:11                   0287.7001.0011 vlan3971           port3.0.13  dynamic
2001:db8:8770:1::1:396                  0287.7001.0396 vlan3971           port3.0.13  dynamic
2001:db8:8770:1::1:26e                  0287.7001.026e vlan3971           port3.0.13  dynamic
2001:db8:8770:1::1:146                  0287.7001.0146 vlan3971           port3.0.13  dynamic
2001:db8:8770:1::1:1e                   0287.7001.001e vlan3971           port3.0.13  dynamic
2001:db8:8770:1::1:3a3                  0287.7001.03a3 vlan3971           port3.0.13  dynamic
2001:db8:8770:1::1:27b                  0287.7001.027b vlan3971           port3.0.13  dynamic
2001:db8:8770:1::1:153                  0287.7001.0153 vlan3971           port3.0.13  dynamic
2001:db8:8770:1::1:500                  0287.7001.0500 vlan3971           port3.0.13  dynamic
2001:db8:8770:1::1:2b                   0287.7001.002b vlan3971           port3.0.13  dynamic
2001:db8:8770:1::1:3b0                  0287.7001.03b0 vlan3971           port3.0.13  dynamic
2001:db8:8770:1::1:288                  0287.7001.0288 vlan3971           port3.0.13  dynamic
2001:db8:8770:1::1:160                  0287.7001.0160 vlan3971           port3.0.13  dynamic
2001:db8:8770:1::1:50d                  0287.7001.050d vlan3971           port3.0.13  dynamic
2001:db8:8770:1::1:38                   0287.7001.0038 vlan3971           port3.0.13  dynamic
2001:db8:8770:1::1:3bd                  0287.7001.03bd vlan3971           port3.0.13  dynamic
2001:db8:8770:1::1:295                  0287.7001.0295 vlan3971           port3.0.13  dynamic
2001:db8:8770:1::1:642                  0287.7001.0642 vlan3971           port3.0.13  dynamic
2001:db8:8770:1::1:16d                  0287.7001.016d vlan3971           port3.0.13  dynamic
2001:db8:8770:1::1:51a                  0287.7001.051a vlan3971           port3.0.13  dynamic
2001:db8:8770:1::1:45                   0287.7001.0045 vlan3971           port3.0.13  dynamic
2001:db8:8770:1::1:3ca                  0287.7001.03ca vlan3971           port3.0.13  dynamic
2001:db8:8770:1::1:777                  0287.7001.0777 vlan3971           port3.0.13  dynamic
2001:db8:8770:1::1:2a2                  0287.7001.02a2 vlan3971           port3.0.13  dynamic
2001:db8:8770:1::1:64f                  0287.7001.064f vlan3971           port3.0.13  dynamic
2001:db8:8770:1::1:17a                  0287.7001.017a vlan3971           port3.0.13  dynamic
2001:db8:8770:1::1:527                  0287.7001.0527 vlan3971           port3.0.13  dynamic
2001:db8:8770:1::1:52                   0287.7001.0052 vlan3971           port3.0.13  dynamic
2001:db8:8770:1::1:4ff                  0287.7001.04ff vlan3971           port3.0.13  dynamic
2001:db8:8770:1::1:3d7                  0287.7001.03d7 vlan3971           port3.0.13  dynamic
2001:db8:8770:1::1:784                  0287.7001.0784 vlan3971           port3.0.13  dynamic
2001:db8:8770:1::1:2af                  0287.7001.02af vlan3971           port3.0.13  dynamic
2001:db8:8770:1::1:65c                  0287.7001.065c vlan3971           port3.0.13  dynamic
2001:db8:8770:1::1:187                  0287.7001.0187 vlan3971           port3.0.13  dynamic
2001:db8:8770:1::1:534                  0287.7001.0534 vlan3971           port3.0.13  dynamic
2001:db8:8770:1::1:5f                   0287.7001.005f vlan3971           port3.0.13  dynamic
2001:db8:8770:1::1:40c                  0287.7001.040c vlan3971           port3.0.13  dynamic
2001:db8:8770:1::1:3e4                  0287.7001.03e4 vlan3971           port3.0.13  dynamic
2001:db8:8770:1::1:791                  0287.7001.0791 vlan3971           port3.0.13  dynamic
2001:db8:8770:1::1:2bc                  0287.7001.02bc vlan3971           port3.0.13  dynamic
2001:db8:8770:1::1:669                  0287.7001.0669 vlan3971           port3.0.13  dynamic
2001:db8:8770:1::1:194                  0287.7001.0194 vlan3971           port3.0.13  dynamic
2001:db8:8770:1::1:541                  0287.7001.0541 vlan3971           port3.0.13  dynamic
2001:db8:8770:1::1:6c                   0287.7001.006c vlan3971           port3.0.13  dynamic
2001:db8:8770:1::1:419                  0287.7001.0419 vlan3971           port3.0.13  dynamic
2001:db8:8770:1::1:3f1                  0287.7001.03f1 vlan3971           port3.0.13  dynamic
2001:db8:8770:1::1:79e                  0287.7001.079e vlan3971           port3.0.13  dynamic
2001:db8:8770:1::1:2c9                  0287.7001.02c9 vlan3971           port3.0.13  dynamic
2001:db8:8770:1::1:676                  0287.7001.0676 vlan3971           port3.0.13  dynamic
2001:db8:8770:1::1:54e                  0287.7001.054e vlan3971           port3.0.13  dynamic
2001:db8:8770:1::1:426                  0287.7001.0426 vlan3971           port3.0.13  dynamic
2001:db8:8770:1::1:3fe                  0287.7001.03fe vlan3971           port3.0.13  dynamic
2001:db8:8770:1::1:7ab                  0287.7001.07ab vlan3971           port3.0.13  dynamic
2001:db8:8770:1::1:2d6                  0287.7001.02d6 vlan3971           port3.0.13  dynamic
2001:db8:8770:1::1:683                  0287.7001.0683 vlan3971           port3.0.13  dynamic
2001:db8:8770:1::1:55b                  0287.7001.055b vlan3971           port3.0.13  dynamic
2001:db8:8770:1::1:433                  0287.7001.0433 vlan3971           port3.0.13  dynamic
2001:db8:8770:1::1:7b8                  0287.7001.07b8 vlan3971           port3.0.13  dynamic
2001:db8:8770:1::1:2e3                  0287.7001.02e3 vlan3971           port3.0.13  dynamic
2001:db8:8770:1::1:690                  0287.7001.0690 vlan3971           port3.0.13  dynamic
2001:db8:8770:1::1:568                  0287.7001.0568 vlan3971           port3.0.13  dynamic
2001:db8:8770:1::1:440                  0287.7001.0440 vlan3971           port3.0.13  dynamic
2001:db8:8770:1::1:7c5                  0287.7001.07c5 vlan3971           port3.0.13  dynamic
2001:db8:8770:1::1:2f0                  0287.7001.02f0 vlan3971           port3.0.13  dynamic
2001:db8:8770:1::1:69d                  0287.7001.069d vlan3971           port3.0.13  dynamic
2001:db8:8770:1::1:575                  0287.7001.0575 vlan3971           port3.0.13  dynamic
2001:db8:8770:1::1:44d                  0287.7001.044d vlan3971           port3.0.13  dynamic
2001:db8:8770:1::1:6aa                  0287.7001.06aa vlan3971           port3.0.13  dynamic
2001:db8:8770:1::1:6b7                  0287.7001.06b7 vlan3971           port3.0.13  dynamic
2001:db8:8770:1::1:6c4                  0287.7001.06c4 vlan3971           port3.0.13  dynamic
2001:db8:8770:1::1:6d1                  0287.7001.06d1 vlan3971           port3.0.13  dynamic
2001:db8:8770:1::1:6de                  0287.7001.06de vlan3971           port3.0.13  dynamic
2001:db8:8770:1::1:24b                  0287.7001.024b vlan3971           port3.0.13  dynamic
2001:db8:8770:1::1:258                  0287.7001.0258 vlan3971           port3.0.13  dynamic
2001:db8:8770:1::1:130                  0287.7001.0130 vlan3971           port3.0.13  dynamic
2001:db8:8770:1::1:8                    0287.7001.0008 vlan3971           port3.0.13  dynamic
2001:db8:8770:1::1:38d                  0287.7001.038d vlan3971           port3.0.13  dynamic
2001:db8:8770:1::1:265                  0287.7001.0265 vlan3971           port3.0.13  dynamic
2001:db8:8770:1::1:13d                  0287.7001.013d vlan3971           port3.0.13  dynamic
2001:db8:8770:1::1:15                   0287.7001.0015 vlan3971           port3.0.13  dynamic
2001:db8:8770:1::1:39a                  0287.7001.039a vlan3971           port3.0.13  dynamic
2001:db8:8770:1::1:272                  0287.7001.0272 vlan3971           port3.0.13  dynamic
2001:db8:8770:1::1:14a                  0287.7001.014a vlan3971           port3.0.13  dynamic
2001:db8:8770:1::1:22                   0287.7001.0022 vlan3971           port3.0.13  dynamic
2001:db8:8770:1::1:3a7                  0287.7001.03a7 vlan3971           port3.0.13  dynamic
2001:db8:8770:1::1:27f                  0287.7001.027f vlan3971           port3.0.13  dynamic
2001:db8:8770:1::1:157                  0287.7001.0157 vlan3971           port3.0.13  dynamic
2001:db8:8770:1::1:504                  0287.7001.0504 vlan3971           port3.0.13  dynamic
2001:db8:8770:1::1:2f                   0287.7001.002f vlan3971           port3.0.13  dynamic
2001:db8:8770:1::1:3b4                  0287.7001.03b4 vlan3971           port3.0.13  dynamic
2001:db8:8770:1::1:28c                  0287.7001.028c vlan3971           port3.0.13  dynamic
2001:db8:8770:1::1:639                  0287.7001.0639 vlan3971           port3.0.13  dynamic
2001:db8:8770:1::1:164                  0287.7001.0164 vlan3971           port3.0.13  dynamic
2001:db8:8770:1::1:511                  0287.7001.0511 vlan3971           port3.0.13  dynamic
2001:db8:8770:1::1:3c                   0287.7001.003c vlan3971           port3.0.13  dynamic
2001:db8:8770:1::1:3c1                  0287.7001.03c1 vlan3971           port3.0.13  dynamic
2001:db8:8770:1::1:76e                  0287.7001.076e vlan3971           port3.0.13  dynamic
2001:db8:8770:1::1:299                  0287.7001.0299 vlan3971           port3.0.13  dynamic
2001:db8:8770:1::1:646                  0287.7001.0646 vlan3971           port3.0.13  dynamic
2001:db8:8770:1::1:171                  0287.7001.0171 vlan3971           port3.0.13  dynamic
2001:db8:8770:1::1:51e                  0287.7001.051e vlan3971           port3.0.13  dynamic
2001:db8:8770:1::1:49                   0287.7001.0049 vlan3971           port3.0.13  dynamic
2001:db8:8770:1::1:3ce                  0287.7001.03ce vlan3971           port3.0.13  dynamic
2001:db8:8770:1::1:77b                  0287.7001.077b vlan3971           port3.0.13  dynamic
2001:db8:8770:1::1:2a6                  0287.7001.02a6 vlan3971           port3.0.13  dynamic
2001:db8:8770:1::1:653                  0287.7001.0653 vlan3971           port3.0.13  dynamic
2001:db8:8770:1::1:17e                  0287.7001.017e vlan3971           port3.0.13  dynamic
2001:db8:8770:1::1:52b                  0287.7001.052b vlan3971           port3.0.13  dynamic
2001:db8:8770:1::1:56                   0287.7001.0056 vlan3971           port3.0.13  dynamic
2001:db8:8770:1::1:403                  0287.7001.0403 vlan3971           port3.0.13  dynamic
2001:db8:8770:1::1:3db                  0287.7001.03db vlan3971           port3.0.13  dynamic
2001:db8:8770:1::1:788                  0287.7001.0788 vlan3971           port3.0.13  dynamic
2001:db8:8770:1::1:2b3                  0287.7001.02b3 vlan3971           port3.0.13  dynamic
2001:db8:8770:1::1:660                  0287.7001.0660 vlan3971           port3.0.13  dynamic
2001:db8:8770:1::1:18b                  0287.7001.018b vlan3971           port3.0.13  dynamic
2001:db8:8770:1::1:538                  0287.7001.0538 vlan3971           port3.0.13  dynamic
2001:db8:8770:1::1:63                   0287.7001.0063 vlan3971           port3.0.13  dynamic
2001:db8:8770:1::1:410                  0287.7001.0410 vlan3971           port3.0.13  dynamic
2001:db8:8770:1::1:3e8                  0287.7001.03e8 vlan3971           port3.0.13  dynamic
2001:db8:8770:1::1:795                  0287.7001.0795 vlan3971           port3.0.13  dynamic
2001:db8:8770:1::1:2c0                  0287.7001.02c0 vlan3971           port3.0.13  dynamic
2001:db8:8770:1::1:66d                  0287.7001.066d vlan3971           port3.0.13  dynamic
2001:db8:8770:1::1:198                  0287.7001.0198 vlan3971           port3.0.13  dynamic
2001:db8:8770:1::1:545                  0287.7001.0545 vlan3971           port3.0.13  dynamic
2001:db8:8770:1::1:41d                  0287.7001.041d vlan3971           port3.0.13  dynamic
2001:db8:8770:1::1:3f5                  0287.7001.03f5 vlan3971           port3.0.13  dynamic
2001:db8:8770:1::1:7a2                  0287.7001.07a2 vlan3971           port3.0.13  dynamic
2001:db8:8770:1::1:2cd                  0287.7001.02cd vlan3971           port3.0.13  dynamic
2001:db8:8770:1::1:67a                  0287.7001.067a vlan3971           port3.0.13  dynamic
2001:db8:8770:1::1:552                  0287.7001.0552 vlan3971           port3.0.13  dynamic
2001:db8:8770:1::1:42a                  0287.7001.042a vlan3971           port3.0.13  dynamic
2001:db8:8770:1::1:7af                  0287.7001.07af vlan3971           port3.0.13  dynamic
2001:db8:8770:1::1:2da                  0287.7001.02da vlan3971           port3.0.13  dynamic
2001:db8:8770:1::1:687                  0287.7001.0687 vlan3971           port3.0.13  dynamic
2001:db8:8770:1::1:55f                  0287.7001.055f vlan3971           port3.0.13  dynamic
2001:db8:8770:1::1:437                  0287.7001.0437 vlan3971           port3.0.13  dynamic
2001:db8:8770:1::1:7bc                  0287.7001.07bc vlan3971           port3.0.13  dynamic
2001:db8:8770:1::1:2e7                  0287.7001.02e7 vlan3971           port3.0.13  dynamic
2001:db8:8770:1::1:694                  0287.7001.0694 vlan3971           port3.0.13  dynamic
2001:db8:8770:1::1:56c                  0287.7001.056c vlan3971           port3.0.13  dynamic
2001:db8:8770:1::1:444                  0287.7001.0444 vlan3971           port3.0.13  dynamic
2001:db8:8770:1::1:7c9                  0287.7001.07c9 vlan3971           port3.0.13  dynamic
2001:db8:8770:1::1:2f4                  0287.7001.02f4 vlan3971           port3.0.13  dynamic
2001:db8:8770:1::1:6a1                  0287.7001.06a1 vlan3971           port3.0.13  dynamic
2001:db8:8770:1::1:579                  0287.7001.0579 vlan3971           port3.0.13  dynamic
2001:db8:8770:1::1:6ae                  0287.7001.06ae vlan3971           port3.0.13  dynamic
2001:db8:8770:1::1:6bb                  0287.7001.06bb vlan3971           port3.0.13  dynamic
2001:db8:8770:1::1:6c8                  0287.7001.06c8 vlan3971           port3.0.13  dynamic
2001:db8:8770:1::1:6d5                  0287.7001.06d5 vlan3971           port3.0.13  dynamic
2001:db8:8770:1::1:6e2                  0287.7001.06e2 vlan3971           port3.0.13  dynamic
2001:db8:8770:1::1:24f                  0287.7001.024f vlan3971           port3.0.13  dynamic
2001:db8:8770:1::1:384                  0287.7001.0384 vlan3971           port3.0.13  dynamic
2001:db8:8770:1::1:25c                  0287.7001.025c vlan3971           port3.0.13  dynamic
2001:db8:8770:1::1:134                  0287.7001.0134 vlan3971           port3.0.13  dynamic
2001:db8:8770:1::1:c                    0287.7001.000c vlan3971           port3.0.13  dynamic
2001:db8:8770:1::1:391                  0287.7001.0391 vlan3971           port3.0.13  dynamic
2001:db8:8770:1::1:269                  0287.7001.0269 vlan3971           port3.0.13  dynamic
2001:db8:8770:1::1:141                  0287.7001.0141 vlan3971           port3.0.13  dynamic
2001:db8:8770:1::1:19                   0287.7001.0019 vlan3971           port3.0.13  dynamic
2001:db8:8770:1::1:39e                  0287.7001.039e vlan3971           port3.0.13  dynamic
2001:db8:8770:1::1:276                  0287.7001.0276 vlan3971           port3.0.13  dynamic
2001:db8:8770:1::1:14e                  0287.7001.014e vlan3971           port3.0.13  dynamic
2001:db8:8770:1::1:26                   0287.7001.0026 vlan3971           port3.0.13  dynamic
2001:db8:8770:1::1:3ab                  0287.7001.03ab vlan3971           port3.0.13  dynamic
2001:db8:8770:1::1:283                  0287.7001.0283 vlan3971           port3.0.13  dynamic
2001:db8:8770:1::1:15b                  0287.7001.015b vlan3971           port3.0.13  dynamic
2001:db8:8770:1::1:508                  0287.7001.0508 vlan3971           port3.0.13  dynamic
2001:db8:8770:1::1:33                   0287.7001.0033 vlan3971           port3.0.13  dynamic
2001:db8:8770:1::1:3b8                  0287.7001.03b8 vlan3971           port3.0.13  dynamic
2001:db8:8770:1::1:290                  0287.7001.0290 vlan3971           port3.0.13  dynamic
2001:db8:8770:1::1:63d                  0287.7001.063d vlan3971           port3.0.13  dynamic
2001:db8:8770:1::1:168                  0287.7001.0168 vlan3971           port3.0.13  dynamic
2001:db8:8770:1::1:515                  0287.7001.0515 vlan3971           port3.0.13  dynamic
2001:db8:8770:1::1:40                   0287.7001.0040 vlan3971           port3.0.13  dynamic
2001:db8:8770:1::1:3c5                  0287.7001.03c5 vlan3971           port3.0.13  dynamic
2001:db8:8770:1::1:772                  0287.7001.0772 vlan3971           port3.0.13  dynamic
2001:db8:8770:1::1:29d                  0287.7001.029d vlan3971           port3.0.13  dynamic
2001:db8:8770:1::1:64a                  0287.7001.064a vlan3971           port3.0.13  dynamic
2001:db8:8770:1::1:175                  0287.7001.0175 vlan3971           port3.0.13  dynamic
2001:db8:8770:1::1:522                  0287.7001.0522 vlan3971           port3.0.13  dynamic
2001:db8:8770:1::1:4d                   0287.7001.004d vlan3971           port3.0.13  dynamic
2001:db8:8770:1::1:4fa                  0287.7001.04fa vlan3971           port3.0.13  dynamic
2001:db8:8770:1::1:3d2                  0287.7001.03d2 vlan3971           port3.0.13  dynamic
2001:db8:8770:1::1:77f                  0287.7001.077f vlan3971           port3.0.13  dynamic
2001:db8:8770:1::1:2aa                  0287.7001.02aa vlan3971           port3.0.13  dynamic
2001:db8:8770:1::1:657                  0287.7001.0657 vlan3971           port3.0.13  dynamic
2001:db8:8770:1::1:182                  0287.7001.0182 vlan3971           port3.0.13  dynamic
2001:db8:8770:1::1:52f                  0287.7001.052f vlan3971           port3.0.13  dynamic
2001:db8:8770:1::1:5a                   0287.7001.005a vlan3971           port3.0.13  dynamic
2001:db8:8770:1::1:407                  0287.7001.0407 vlan3971           port3.0.13  dynamic
2001:db8:8770:1::1:3df                  0287.7001.03df vlan3971           port3.0.13  dynamic
2001:db8:8770:1::1:78c                  0287.7001.078c vlan3971           port3.0.13  dynamic
2001:db8:8770:1::1:2b7                  0287.7001.02b7 vlan3971           port3.0.13  dynamic
2001:db8:8770:1::1:664                  0287.7001.0664 vlan3971           port3.0.13  dynamic
2001:db8:8770:1::1:18f                  0287.7001.018f vlan3971           port3.0.13  dynamic
2001:db8:8770:1::1:53c                  0287.7001.053c vlan3971           port3.0.13  dynamic
2001:db8:8770:1::1:67                   0287.7001.0067 vlan3971           port3.0.13  dynamic
2001:db8:8770:1::1:414                  0287.7001.0414 vlan3971           port3.0.13  dynamic
2001:db8:8770:1::1:3ec                  0287.7001.03ec vlan3971           port3.0.13  dynamic
2001:db8:8770:1::1:799                  0287.7001.0799 vlan3971           port3.0.13  dynamic
2001:db8:8770:1::1:2c4                  0287.7001.02c4 vlan3971           port3.0.13  dynamic
2001:db8:8770:1::1:671                  0287.7001.0671 vlan3971           port3.0.13  dynamic
2001:db8:8770:1::1:19c                  0287.7001.019c vlan3971           port3.0.13  dynamic
2001:db8:8770:1::1:549                  0287.7001.0549 vlan3971           port3.0.13  dynamic
2001:db8:8770:1::1:421                  0287.7001.0421 vlan3971           port3.0.13  dynamic
2001:db8:8770:1::1:3f9                  0287.7001.03f9 vlan3971           port3.0.13  dynamic
2001:db8:8770:1::1:7a6                  0287.7001.07a6 vlan3971           port3.0.13  dynamic
2001:db8:8770:1::1:2d1                  0287.7001.02d1 vlan3971           port3.0.13  dynamic
2001:db8:8770:1::1:67e                  0287.7001.067e vlan3971           port3.0.13  dynamic
2001:db8:8770:1::1:556                  0287.7001.0556 vlan3971           port3.0.13  dynamic
2001:db8:8770:1::1:42e                  0287.7001.042e vlan3971           port3.0.13  dynamic
2001:db8:8770:1::1:7b3                  0287.7001.07b3 vlan3971           port3.0.13  dynamic
2001:db8:8770:1::1:2de                  0287.7001.02de vlan3971           port3.0.13  dynamic
2001:db8:8770:1::1:68b                  0287.7001.068b vlan3971           port3.0.13  dynamic
2001:db8:8770:1::1:563                  0287.7001.0563 vlan3971           port3.0.13  dynamic
2001:db8:8770:1::1:43b                  0287.7001.043b vlan3971           port3.0.13  dynamic
2001:db8:8770:1::1:7c0                  0287.7001.07c0 vlan3971           port3.0.13  dynamic
2001:db8:8770:1::1:2eb                  0287.7001.02eb vlan3971           port3.0.13  dynamic
2001:db8:8770:1::1:698                  0287.7001.0698 vlan3971           port3.0.13  dynamic
2001:db8:8770:1::1:570                  0287.7001.0570 vlan3971           port3.0.13  dynamic
2001:db8:8770:1::1:448                  0287.7001.0448 vlan3971           port3.0.13  dynamic
2001:db8:8770:1::1:7cd                  0287.7001.07cd vlan3971           port3.0.13  dynamic
2001:db8:8770:1::1:2f8                  0287.7001.02f8 vlan3971           port3.0.13  dynamic
2001:db8:8770:1::1:6a5                  0287.7001.06a5 vlan3971           port3.0.13  dynamic
2001:db8:8770:1::1:6b2                  0287.7001.06b2 vlan3971           port3.0.13  dynamic
2001:db8:8770:1::1:6bf                  0287.7001.06bf vlan3971           port3.0.13  dynamic
2001:db8:8770:1::1:6cc                  0287.7001.06cc vlan3971           port3.0.13  dynamic
2001:db8:8770:1::1:6d9                  0287.7001.06d9 vlan3971           port3.0.13  dynamic
2001:db8:8770:1::1:253                  0287.7001.0253 vlan3971           port3.0.13  dynamic
2001:db8:8770:1::1:12b                  0287.7001.012b vlan3971           port3.0.13  dynamic
2001:db8:8770:1::1:3                    0287.7001.0003 vlan3971           port3.0.13  dynamic
2001:db8:8770:1::1:388                  0287.7001.0388 vlan3971           port3.0.13  dynamic
2001:db8:8770:1::1:260                  0287.7001.0260 vlan3971           port3.0.13  dynamic
2001:db8:8770:1::1:138                  0287.7001.0138 vlan3971           port3.0.13  dynamic
