17:40:23 >>> show ipv6 neighbors
IPv6 Address                            MAC Address    Interface          Port       Type
2001:db8:8770:1::1:4                    0287.7001.0004 vlan3971           port3.0.13  dynamic
2001:db8:8770:1::1:8                    0287.7001.0008 vlan3971           port3.0.13  dynamic
2001:db8:8770:1::1:5                    0287.7001.0005 vlan3971           port3.0.13  dynamic
2001:db8:8770:1::1:1                    0287.7001.0001 vlan3971           port3.0.13  dynamic
2001:db8:8770:1::1:9                    0287.7001.0009 vlan3971           port3.0.13  dynamic
2001:db8:8770:1::1:6                    0287.7001.0006 vlan3971           port3.0.13  dynamic
2001:db8:8770:1::1:2                    0287.7001.0002 vlan3971           port3.0.13  dynamic
2001:db8:8770:1::1:a                    0287.7001.000a vlan3971           port3.0.13  dynamic
2001:db8:8770:1::1:7                    0287.7001.0007 vlan3971           port3.0.13  dynamic
2001:db8:8770:1::1:3                    0287.7001.0003 vlan3971           port3.0.13  dynamic
17:40:25 >>> show platform table ipv6
Stack member 1:

[Instance 0] 
IPv6 Unicast Route Table:
--------------------------------------------------------------------------------
RE-Idx               IP address/prefLen    Route-Entry   EnCap Dev Port Tr VID
--------------------------------------------------------------------------------
0                                ::/  0 *  trap to cpu  *  -    -   -    -  -
2                 2001:db8:8770:1::/ 64 *  trap to cpu  *  -    -   -    -  -
5              2001:db8:8770:1::1:1/128 0287.7001.0001     LL   2   13   -  3971
6              2001:db8:8770:1::1:2/128 0287.7001.0002     LL   2   13   -  3971
7              2001:db8:8770:1::1:3/128 0287.7001.0003     LL   2   13   -  3971
8              2001:db8:8770:1::1:4/128 0287.7001.0004     LL   2   13   -  3971
9              2001:db8:8770:1::1:5/128 0287.7001.0005     LL   2   13   -  3971
10             2001:db8:8770:1::1:6/128 0287.7001.0006     LL   2   13   -  3971
11             2001:db8:8770:1::1:7/128 0287.7001.0007     LL   2   13   -  3971
12             2001:db8:8770:1::1:8/128 0287.7001.0008     LL   2   13   -  3971
13             2001:db8:8770:1::1:9/128 0287.7001.0009     LL   2   13   -  3971
14             2001:db8:8770:1::1:a/128 0287.7001.000a     LL   2   13   -  3971
2                            fe80::/ 64 *  trap to cpu  *  -    -   -    -  -

Stack member 3:

[Instance 2] 
IPv6 Unicast Route Table:
--------------------------------------------------------------------------------
RE-Idx               IP address/prefLen    Route-Entry   EnCap Dev Port Tr VID
--------------------------------------------------------------------------------
0                                ::/  0 *  trap to cpu  *  -    -   -    -  -
2                 2001:db8:8770:1::/ 64 *  trap to cpu  *  -    -   -    -  -
5              2001:db8:8770:1::1:1/128 0287.7001.0001     LL   2   13   -  3971
6              2001:db8:8770:1::1:2/128 0287.7001.0002     LL   2   13   -  3971
7              2001:db8:8770:1::1:3/128 0287.7001.0003     LL   2   13   -  3971
8              2001:db8:8770:1::1:4/128 0287.7001.0004     LL   2   13   -  3971
9              2001:db8:8770:1::1:5/128 0287.7001.0005     LL   2   13   -  3971
10             2001:db8:8770:1::1:6/128 0287.7001.0006     LL   2   13   -  3971
11             2001:db8:8770:1::1:7/128 0287.7001.0007     LL   2   13   -  3971
12             2001:db8:8770:1::1:8/128 0287.7001.0008     LL   2   13   -  3971
13             2001:db8:8770:1::1:9/128 0287.7001.0009     LL   2   13   -  3971
14             2001:db8:8770:1::1:a/128 0287.7001.000a     LL   2   13   -  3971
2                            fe80::/ 64 *  trap to cpu  *  -    -   -    -  -

Stack member 4:

[Instance 3] 
IPv6 Unicast Route Table:
--------------------------------------------------------------------------------
RE-Idx               IP address/prefLen    Route-Entry   EnCap Dev Port Tr VID
--------------------------------------------------------------------------------
0                                ::/  0 *  trap to cpu  *  -    -   -    -  -
2                 2001:db8:8770:1::/ 64 *  trap to cpu  *  -    -   -    -  -
5              2001:db8:8770:1::1:1/128 0287.7001.0001     LL   2   13   -  3971
6              2001:db8:8770:1::1:2/128 0287.7001.0002     LL   2   13   -  3971
7              2001:db8:8770:1::1:3/128 0287.7001.0003     LL   2   13   -  3971
8              2001:db8:8770:1::1:4/128 0287.7001.0004     LL   2   13   -  3971
9              2001:db8:8770:1::1:5/128 0287.7001.0005     LL   2   13   -  3971
10             2001:db8:8770:1::1:6/128 0287.7001.0006     LL   2   13   -  3971
11             2001:db8:8770:1::1:7/128 0287.7001.0007     LL   2   13   -  3971
12             2001:db8:8770:1::1:8/128 0287.7001.0008     LL   2   13   -  3971
13             2001:db8:8770:1::1:9/128 0287.7001.0009     LL   2   13   -  3971
14             2001:db8:8770:1::1:a/128 0287.7001.000a     LL   2   13   -  3971
2                            fe80::/ 64 *  trap to cpu  *  -    -   -    -  -
