17:41:11 >>> show ipv6 neighbors
IPv6 Address                            MAC Address    Interface          Port       Type
2001:db8:8770:1::1:18e                  0287.7001.018e vlan3971           port3.0.13  dynamic
2001:db8:8770:1::1:3aa                  0287.7001.03aa vlan3971           port3.0.13  dynamic
2001:db8:8770:1::1:15                   0287.7001.0015 vlan3971           port3.0.13  dynamic
2001:db8:8770:1::1:3bf                  0287.7001.03bf vlan3971           port3.0.13  dynamic
2001:db8:8770:1::1:2a                   0287.7001.002a vlan3971           port3.0.13  dynamic
2001:db8:8770:1::1:3d4                  0287.7001.03d4 vlan3971           port3.0.13  dynamic
2001:db8:8770:1::1:3f                   0287.7001.003f vlan3971           port3.0.13  dynamic
2001:db8:8770:1::1:25b                  0287.7001.025b vlan3971           port3.0.13  dynamic
2001:db8:8770:1::1:54                   0287.7001.0054 vlan3971           port3.0.13  dynamic
2001:db8:8770:1::1:270                  0287.7001.0270 vlan3971           port3.0.13  dynamic
2001:db8:8770:1::1:69                   0287.7001.0069 vlan3971           port3.0.13  dynamic
2001:db8:8770:1::1:285                  0287.7001.0285 vlan3971           port3.0.13  dynamic
2001:db8:8770:1::1:29a                  0287.7001.029a vlan3971           port3.0.13  dynamic
2001:db8:8770:1::1:2af                  0287.7001.02af vlan3971           port3.0.13  dynamic
2001:db8:8770:1::1:136                  0287.7001.0136 vlan3971           port3.0.13  dynamic
2001:db8:8770:1::1:2c4                  0287.7001.02c4 vlan3971           port3.0.13  dynamic
2001:db8:8770:1::1:14b                  0287.7001.014b vlan3971           port3.0.13  dynamic
2001:db8:8770:1::1:2d9                  0287.7001.02d9 vlan3971           port3.0.13  dynamic
2001:db8:8770:1::1:160                  0287.7001.0160 vlan3971           port3.0.13  dynamic
2001:db8:8770:1::1:2ee                  0287.7001.02ee vlan3971           port3.0.13  dynamic
2001:db8:8770:1::1:175                  0287.7001.0175 vlan3971           port3.0.13  dynamic
2001:db8:8770:1::1:391                  0287.7001.0391 vlan3971           port3.0.13  dynamic
2001:db8:8770:1::1:18a                  0287.7001.018a vlan3971           port3.0.13  dynamic
2001:db8:8770:1::1:3a6                  0287.7001.03a6 vlan3971           port3.0.13  dynamic
2001:db8:8770:1::1:11                   0287.7001.0011 vlan3971           port3.0.13  dynamic
2001:db8:8770:1::1:3bb                  0287.7001.03bb vlan3971           port3.0.13  dynamic
2001:db8:8770:1::1:26                   0287.7001.0026 vlan3971           port3.0.13  dynamic
2001:db8:8770:1::1:3d0                  0287.7001.03d0 vlan3971           port3.0.13  dynamic
2001:db8:8770:1::1:3b                   0287.7001.003b vlan3971           port3.0.13  dynamic
2001:db8:8770:1::1:257                  0287.7001.0257 vlan3971           port3.0.13  dynamic
2001:db8:8770:1::1:3e5                  0287.7001.03e5 vlan3971           port3.0.13  dynamic
2001:db8:8770:1::1:50                   0287.7001.0050 vlan3971           port3.0.13  dynamic
2001:db8:8770:1::1:26c                  0287.7001.026c vlan3971           port3.0.13  dynamic
2001:db8:8770:1::1:65                   0287.7001.0065 vlan3971           port3.0.13  dynamic
2001:db8:8770:1::1:281                  0287.7001.0281 vlan3971           port3.0.13  dynamic
2001:db8:8770:1::1:296                  0287.7001.0296 vlan3971           port3.0.13  dynamic
2001:db8:8770:1::1:2ab                  0287.7001.02ab vlan3971           port3.0.13  dynamic
2001:db8:8770:1::1:132                  0287.7001.0132 vlan3971           port3.0.13  dynamic
2001:db8:8770:1::1:2c0                  0287.7001.02c0 vlan3971           port3.0.13  dynamic
2001:db8:8770:1::1:147                  0287.7001.0147 vlan3971           port3.0.13  dynamic
2001:db8:8770:1::1:2d5                  0287.7001.02d5 vlan3971           port3.0.13  dynamic
2001:db8:8770:1::1:15c                  0287.7001.015c vlan3971           port3.0.13  dynamic
2001:db8:8770:1::1:2ea                  0287.7001.02ea vlan3971           port3.0.13  dynamic
2001:db8:8770:1::1:171                  0287.7001.0171 vlan3971           port3.0.13  dynamic
2001:db8:8770:1::1:38d                  0287.7001.038d vlan3971           port3.0.13  dynamic
2001:db8:8770:1::1:186                  0287.7001.0186 vlan3971           port3.0.13  dynamic
2001:db8:8770:1::1:3a2                  0287.7001.03a2 vlan3971           port3.0.13  dynamic
2001:db8:8770:1::1:d                    0287.7001.000d vlan3971           port3.0.13  dynamic
2001:db8:8770:1::1:19b                  0287.7001.019b vlan3971           port3.0.13  dynamic
2001:db8:8770:1::1:3b7                  0287.7001.03b7 vlan3971           port3.0.13  dynamic
2001:db8:8770:1::1:22                   0287.7001.0022 vlan3971           port3.0.13  dynamic
2001:db8:8770:1::1:3cc                  0287.7001.03cc vlan3971           port3.0.13  dynamic
2001:db8:8770:1::1:37                   0287.7001.0037 vlan3971           port3.0.13  dynamic
2001:db8:8770:1::1:253                  0287.7001.0253 vlan3971           port3.0.13  dynamic
2001:db8:8770:1::1:3e1                  0287.7001.03e1 vlan3971           port3.0.13  dynamic
2001:db8:8770:1::1:4c                   0287.7001.004c vlan3971           port3.0.13  dynamic
2001:db8:8770:1::1:268                  0287.7001.0268 vlan3971           port3.0.13  dynamic
2001:db8:8770:1::1:61                   0287.7001.0061 vlan3971           port3.0.13  dynamic
2001:db8:8770:1::1:27d                  0287.7001.027d vlan3971           port3.0.13  dynamic
2001:db8:8770:1::1:292                  0287.7001.0292 vlan3971           port3.0.13  dynamic
2001:db8:8770:1::1:2a7                  0287.7001.02a7 vlan3971           port3.0.13  dynamic
2001:db8:8770:1::1:12e                  0287.7001.012e vlan3971           port3.0.13  dynamic
2001:db8:8770:1::1:2bc                  0287.7001.02bc vlan3971           port3.0.13  dynamic
2001:db8:8770:1::1:143                  0287.7001.0143 vlan3971           port3.0.13  dynamic
2001:db8:8770:1::1:2d1                  0287.7001.02d1 vlan3971           port3.0.13  dynamic
2001:db8:8770:1::1:158                  0287.7001.0158 vlan3971           port3.0.13  dynamic
2001:db8:8770:1::1:2e6                  0287.7001.02e6 vlan3971           port3.0.13  dynamic
2001:db8:8770:1::1:16d                  0287.7001.016d vlan3971           port3.0.13  dynamic
2001:db8:8770:1::1:389                  0287.7001.0389 vlan3971           port3.0.13  dynamic
2001:db8:8770:1::1:182                  0287.7001.0182 vlan3971           port3.0.13  dynamic
2001:db8:8770:1::1:39e                  0287.7001.039e vlan3971           port3.0.13  dynamic
2001:db8:8770:1::1:9                    0287.7001.0009 vlan3971           port3.0.13  dynamic
2001:db8:8770:1::1:197                  0287.7001.0197 vlan3971           port3.0.13  dynamic
2001:db8:8770:1::1:3b3                  0287.7001.03b3 vlan3971           port3.0.13  dynamic
2001:db8:8770:1::1:1e                   0287.7001.001e vlan3971           port3.0.13  dynamic
2001:db8:8770:1::1:3c8                  0287.7001.03c8 vlan3971           port3.0.13  dynamic
2001:db8:8770:1::1:33                   0287.7001.0033 vlan3971           port3.0.13  dynamic
2001:db8:8770:1::1:24f                  0287.7001.024f vlan3971           port3.0.13  dynamic
2001:db8:8770:1::1:3dd                  0287.7001.03dd vlan3971           port3.0.13  dynamic
2001:db8:8770:1::1:48                   0287.7001.0048 vlan3971           port3.0.13  dynamic
2001:db8:8770:1::1:264                  0287.7001.0264 vlan3971           port3.0.13  dynamic
2001:db8:8770:1::1:5d                   0287.7001.005d vlan3971           port3.0.13  dynamic
2001:db8:8770:1::1:279                  0287.7001.0279 vlan3971           port3.0.13  dynamic
2001:db8:8770:1::1:28e                  0287.7001.028e vlan3971           port3.0.13  dynamic
2001:db8:8770:1::1:2a3                  0287.7001.02a3 vlan3971           port3.0.13  dynamic
2001:db8:8770:1::1:12a                  0287.7001.012a vlan3971           port3.0.13  dynamic
2001:db8:8770:1::1:2b8                  0287.7001.02b8 vlan3971           port3.0.13  dynamic
2001:db8:8770:1::1:13f                  0287.7001.013f vlan3971           port3.0.13  dynamic
2001:db8:8770:1::1:2cd                  0287.7001.02cd vlan3971           port3.0.13  dynamic
2001:db8:8770:1::1:154                  0287.7001.0154 vlan3971           port3.0.13  dynamic
2001:db8:8770:1::1:2e2                  0287.7001.02e2 vlan3971           port3.0.13  dynamic
2001:db8:8770:1::1:169                  0287.7001.0169 vlan3971           port3.0.13  dynamic
2001:db8:8770:1::1:2f7                  0287.7001.02f7 vlan3971           port3.0.13  dynamic
2001:db8:8770:1::1:385                  0287.7001.0385 vlan3971           port3.0.13  dynamic
2001:db8:8770:1::1:17e                  0287.7001.017e vlan3971           port3.0.13  dynamic
2001:db8:8770:1::1:39a                  0287.7001.039a vlan3971           port3.0.13  dynamic
2001:db8:8770:1::1:5                    0287.7001.0005 vlan3971           port3.0.13  dynamic
2001:db8:8770:1::1:193                  0287.7001.0193 vlan3971           port3.0.13  dynamic
2001:db8:8770:1::1:3af                  0287.7001.03af vlan3971           port3.0.13  dynamic
2001:db8:8770:1::1:1a                   0287.7001.001a vlan3971           port3.0.13  dynamic
2001:db8:8770:1::1:3c4                  0287.7001.03c4 vlan3971           port3.0.13  dynamic
2001:db8:8770:1::1:2f                   0287.7001.002f vlan3971           port3.0.13  dynamic
2001:db8:8770:1::1:24b                  0287.7001.024b vlan3971           port3.0.13  dynamic
2001:db8:8770:1::1:3d9                  0287.7001.03d9 vlan3971           port3.0.13  dynamic
2001:db8:8770:1::1:44                   0287.7001.0044 vlan3971           port3.0.13  dynamic
2001:db8:8770:1::1:260                  0287.7001.0260 vlan3971           port3.0.13  dynamic
2001:db8:8770:1::1:59                   0287.7001.0059 vlan3971           port3.0.13  dynamic
2001:db8:8770:1::1:275                  0287.7001.0275 vlan3971           port3.0.13  dynamic
2001:db8:8770:1::1:6e                   0287.7001.006e vlan3971           port3.0.13  dynamic
2001:db8:8770:1::1:28a                  0287.7001.028a vlan3971           port3.0.13  dynamic
2001:db8:8770:1::1:29f                  0287.7001.029f vlan3971           port3.0.13  dynamic
2001:db8:8770:1::1:2b4                  0287.7001.02b4 vlan3971           port3.0.13  dynamic
2001:db8:8770:1::1:13b                  0287.7001.013b vlan3971           port3.0.13  dynamic
2001:db8:8770:1::1:2c9                  0287.7001.02c9 vlan3971           port3.0.13  dynamic
2001:db8:8770:1::1:150                  0287.7001.0150 vlan3971           port3.0.13  dynamic
2001:db8:8770:1::1:2de                  0287.7001.02de vlan3971           port3.0.13  dynamic
2001:db8:8770:1::1:165                  0287.7001.0165 vlan3971           port3.0.13  dynamic
2001:db8:8770:1::1:2f3                  0287.7001.02f3 vlan3971           port3.0.13  dynamic
2001:db8:8770:1::1:17a                  0287.7001.017a vlan3971           port3.0.13  dynamic
2001:db8:8770:1::1:396                  0287.7001.0396 vlan3971           port3.0.13  dynamic
2001:db8:8770:1::1:1                    0287.7001.0001 vlan3971           port3.0.13  dynamic
2001:db8:8770:1::1:18f                  0287.7001.018f vlan3971           port3.0.13  dynamic
2001:db8:8770:1::1:3ab                  0287.7001.03ab vlan3971           port3.0.13  dynamic
2001:db8:8770:1::1:16                   0287.7001.0016 vlan3971           port3.0.13  dynamic
2001:db8:8770:1::1:3c0                  0287.7001.03c0 vlan3971           port3.0.13  dynamic
2001:db8:8770:1::1:2b                   0287.7001.002b vlan3971           port3.0.13  dynamic
2001:db8:8770:1::1:3d5                  0287.7001.03d5 vlan3971           port3.0.13  dynamic
2001:db8:8770:1::1:40                   0287.7001.0040 vlan3971           port3.0.13  dynamic
2001:db8:8770:1::1:25c                  0287.7001.025c vlan3971           port3.0.13  dynamic
2001:db8:8770:1::1:55                   0287.7001.0055 vlan3971           port3.0.13  dynamic
2001:db8:8770:1::1:271                  0287.7001.0271 vlan3971           port3.0.13  dynamic
2001:db8:8770:1::1:6a                   0287.7001.006a vlan3971           port3.0.13  dynamic
2001:db8:8770:1::1:286                  0287.7001.0286 vlan3971           port3.0.13  dynamic
2001:db8:8770:1::1:29b                  0287.7001.029b vlan3971           port3.0.13  dynamic
2001:db8:8770:1::1:2b0                  0287.7001.02b0 vlan3971           port3.0.13  dynamic
2001:db8:8770:1::1:137                  0287.7001.0137 vlan3971           port3.0.13  dynamic
2001:db8:8770:1::1:2c5                  0287.7001.02c5 vlan3971           port3.0.13  dynamic
2001:db8:8770:1::1:14c                  0287.7001.014c vlan3971           port3.0.13  dynamic
2001:db8:8770:1::1:2da                  0287.7001.02da vlan3971           port3.0.13  dynamic
2001:db8:8770:1::1:161                  0287.7001.0161 vlan3971           port3.0.13  dynamic
2001:db8:8770:1::1:2ef                  0287.7001.02ef vlan3971           port3.0.13  dynamic
2001:db8:8770:1::1:176                  0287.7001.0176 vlan3971           port3.0.13  dynamic
2001:db8:8770:1::1:392                  0287.7001.0392 vlan3971           port3.0.13  dynamic
2001:db8:8770:1::1:18b                  0287.7001.018b vlan3971           port3.0.13  dynamic
2001:db8:8770:1::1:3a7                  0287.7001.03a7 vlan3971           port3.0.13  dynamic
2001:db8:8770:1::1:12                   0287.7001.0012 vlan3971           port3.0.13  dynamic
2001:db8:8770:1::1:3bc                  0287.7001.03bc vlan3971           port3.0.13  dynamic
2001:db8:8770:1::1:27                   0287.7001.0027 vlan3971           port3.0.13  dynamic
2001:db8:8770:1::1:3d1                  0287.7001.03d1 vlan3971           port3.0.13  dynamic
2001:db8:8770:1::1:3c                   0287.7001.003c vlan3971           port3.0.13  dynamic
2001:db8:8770:1::1:258                  0287.7001.0258 vlan3971           port3.0.13  dynamic
2001:db8:8770:1::1:3e6                  0287.7001.03e6 vlan3971           port3.0.13  dynamic
2001:db8:8770:1::1:51                   0287.7001.0051 vlan3971           port3.0.13  dynamic
2001:db8:8770:1::1:26d                  0287.7001.026d vlan3971           port3.0.13  dynamic
2001:db8:8770:1::1:66                   0287.7001.0066 vlan3971           port3.0.13  dynamic
2001:db8:8770:1::1:282                  0287.7001.0282 vlan3971           port3.0.13  dynamic
2001:db8:8770:1::1:297                  0287.7001.0297 vlan3971           port3.0.13  dynamic
2001:db8:8770:1::1:2ac                  0287.7001.02ac vlan3971           port3.0.13  dynamic
2001:db8:8770:1::1:133                  0287.7001.0133 vlan3971           port3.0.13  dynamic
2001:db8:8770:1::1:2c1                  0287.7001.02c1 vlan3971           port3.0.13  dynamic
2001:db8:8770:1::1:148                  0287.7001.0148 vlan3971           port3.0.13  dynamic
2001:db8:8770:1::1:2d6                  0287.7001.02d6 vlan3971           port3.0.13  dynamic
2001:db8:8770:1::1:15d                  0287.7001.015d vlan3971           port3.0.13  dynamic
2001:db8:8770:1::1:2eb                  0287.7001.02eb vlan3971           port3.0.13  dynamic
2001:db8:8770:1::1:172                  0287.7001.0172 vlan3971           port3.0.13  dynamic
2001:db8:8770:1::1:38e                  0287.7001.038e vlan3971           port3.0.13  dynamic
2001:db8:8770:1::1:187                  0287.7001.0187 vlan3971           port3.0.13  dynamic
2001:db8:8770:1::1:3a3                  0287.7001.03a3 vlan3971           port3.0.13  dynamic
2001:db8:8770:1::1:e                    0287.7001.000e vlan3971           port3.0.13  dynamic
2001:db8:8770:1::1:19c                  0287.7001.019c vlan3971           port3.0.13  dynamic
2001:db8:8770:1::1:3b8                  0287.7001.03b8 vlan3971           port3.0.13  dynamic
2001:db8:8770:1::1:23                   0287.7001.0023 vlan3971           port3.0.13  dynamic
2001:db8:8770:1::1:3cd                  0287.7001.03cd vlan3971           port3.0.13  dynamic
2001:db8:8770:1::1:38                   0287.7001.0038 vlan3971           port3.0.13  dynamic
2001:db8:8770:1::1:254                  0287.7001.0254 vlan3971           port3.0.13  dynamic
2001:db8:8770:1::1:3e2                  0287.7001.03e2 vlan3971           port3.0.13  dynamic
2001:db8:8770:1::1:4d                   0287.7001.004d vlan3971           port3.0.13  dynamic
2001:db8:8770:1::1:269                  0287.7001.0269 vlan3971           port3.0.13  dynamic
2001:db8:8770:1::1:62                   0287.7001.0062 vlan3971           port3.0.13  dynamic
2001:db8:8770:1::1:27e                  0287.7001.027e vlan3971           port3.0.13  dynamic
2001:db8:8770:1::1:293                  0287.7001.0293 vlan3971           port3.0.13  dynamic
2001:db8:8770:1::1:2a8                  0287.7001.02a8 vlan3971           port3.0.13  dynamic
2001:db8:8770:1::1:12f                  0287.7001.012f vlan3971           port3.0.13  dynamic
2001:db8:8770:1::1:2bd                  0287.7001.02bd vlan3971           port3.0.13  dynamic
2001:db8:8770:1::1:144                  0287.7001.0144 vlan3971           port3.0.13  dynamic
2001:db8:8770:1::1:2d2                  0287.7001.02d2 vlan3971           port3.0.13  dynamic
2001:db8:8770:1::1:159                  0287.7001.0159 vlan3971           port3.0.13  dynamic
2001:db8:8770:1::1:2e7                  0287.7001.02e7 vlan3971           port3.0.13  dynamic
2001:db8:8770:1::1:16e                  0287.7001.016e vlan3971           port3.0.13  dynamic
2001:db8:8770:1::1:38a                  0287.7001.038a vlan3971           port3.0.13  dynamic
2001:db8:8770:1::1:183                  0287.7001.0183 vlan3971           port3.0.13  dynamic
2001:db8:8770:1::1:39f                  0287.7001.039f vlan3971           port3.0.13  dynamic
2001:db8:8770:1::1:a                    0287.7001.000a vlan3971           port3.0.13  dynamic
2001:db8:8770:1::1:198                  0287.7001.0198 vlan3971           port3.0.13  dynamic
2001:db8:8770:1::1:3b4                  0287.7001.03b4 vlan3971           port3.0.13  dynamic
2001:db8:8770:1::1:1f                   0287.7001.001f vlan3971           port3.0.13  dynamic
2001:db8:8770:1::1:3c9                  0287.7001.03c9 vlan3971           port3.0.13  dynamic
2001:db8:8770:1::1:34                   0287.7001.0034 vlan3971           port3.0.13  dynamic
2001:db8:8770:1::1:250                  0287.7001.0250 vlan3971           port3.0.13  dynamic
2001:db8:8770:1::1:3de                  0287.7001.03de vlan3971           port3.0.13  dynamic
2001:db8:8770:1::1:49                   0287.7001.0049 vlan3971           port3.0.13  dynamic
2001:db8:8770:1::1:265                  0287.7001.0265 vlan3971           port3.0.13  dynamic
2001:db8:8770:1::1:5e                   0287.7001.005e vlan3971           port3.0.13  dynamic
2001:db8:8770:1::1:27a                  0287.7001.027a vlan3971           port3.0.13  dynamic
2001:db8:8770:1::1:28f                  0287.7001.028f vlan3971           port3.0.13  dynamic
2001:db8:8770:1::1:2a4                  0287.7001.02a4 vlan3971           port3.0.13  dynamic
2001:db8:8770:1::1:12b                  0287.7001.012b vlan3971           port3.0.13  dynamic
2001:db8:8770:1::1:2b9                  0287.7001.02b9 vlan3971           port3.0.13  dynamic
2001:db8:8770:1::1:140                  0287.7001.0140 vlan3971           port3.0.13  dynamic
2001:db8:8770:1::1:2ce                  0287.7001.02ce vlan3971           port3.0.13  dynamic
2001:db8:8770:1::1:155                  0287.7001.0155 vlan3971           port3.0.13  dynamic
2001:db8:8770:1::1:2e3                  0287.7001.02e3 vlan3971           port3.0.13  dynamic
2001:db8:8770:1::1:16a                  0287.7001.016a vlan3971           port3.0.13  dynamic
2001:db8:8770:1::1:2f8                  0287.7001.02f8 vlan3971           port3.0.13  dynamic
2001:db8:8770:1::1:386                  0287.7001.0386 vlan3971           port3.0.13  dynamic
2001:db8:8770:1::1:17f                  0287.7001.017f vlan3971           port3.0.13  dynamic
2001:db8:8770:1::1:39b                  0287.7001.039b vlan3971           port3.0.13  dynamic
2001:db8:8770:1::1:6                    0287.7001.0006 vlan3971           port3.0.13  dynamic
2001:db8:8770:1::1:194                  0287.7001.0194 vlan3971           port3.0.13  dynamic
2001:db8:8770:1::1:3b0                  0287.7001.03b0 vlan3971           port3.0.13  dynamic
2001:db8:8770:1::1:1b                   0287.7001.001b vlan3971           port3.0.13  dynamic
2001:db8:8770:1::1:3c5                  0287.7001.03c5 vlan3971           port3.0.13  dynamic
2001:db8:8770:1::1:30                   0287.7001.0030 vlan3971           port3.0.13  dynamic
2001:db8:8770:1::1:24c                  0287.7001.024c vlan3971           port3.0.13  dynamic
2001:db8:8770:1::1:3da                  0287.7001.03da vlan3971           port3.0.13  dynamic
2001:db8:8770:1::1:45                   0287.7001.0045 vlan3971           port3.0.13  dynamic
2001:db8:8770:1::1:261                  0287.7001.0261 vlan3971           port3.0.13  dynamic
2001:db8:8770:1::1:5a                   0287.7001.005a vlan3971           port3.0.13  dynamic
2001:db8:8770:1::1:276                  0287.7001.0276 vlan3971           port3.0.13  dynamic
2001:db8:8770:1::1:6f                   0287.7001.006f vlan3971           port3.0.13  dynamic
2001:db8:8770:1::1:28b                  0287.7001.028b vlan3971           port3.0.13  dynamic
2001:db8:8770:1::1:2a0                  0287.7001.02a0 vlan3971           port3.0.13  dynamic
2001:db8:8770:1::1:2b5                  0287.7001.02b5 vlan3971           port3.0.13  dynamic
2001:db8:8770:1::1:13c                  0287.7001.013c vlan3971           port3.0.13  dynamic
2001:db8:8770:1::1:2ca                  0287.7001.02ca vlan3971           port3.0.13  dynamic
2001:db8:8770:1::1:151                  0287.7001.0151 vlan3971           port3.0.13  dynamic
2001:db8:8770:1::1:2df                  0287.7001.02df vlan3971           port3.0.13  dynamic
2001:db8:8770:1::1:166                  0287.7001.0166 vlan3971           port3.0.13  dynamic
2001:db8:8770:1::1:2f4                  0287.7001.02f4 vlan3971           port3.0.13  dynamic
2001:db8:8770:1::1:382                  0287.7001.0382 vlan3971           port3.0.13  dynamic
2001:db8:8770:1::1:17b                  0287.7001.017b vlan3971           port3.0.13  dynamic
2001:db8:8770:1::1:397                  0287.7001.0397 vlan3971           port3.0.13  dynamic
2001:db8:8770:1::1:2                    0287.7001.0002 vlan3971           port3.0.13  dynamic
2001:db8:8770:1::1:190                  0287.7001.0190 vlan3971           port3.0.13  dynamic
2001:db8:8770:1::1:3ac                  0287.7001.03ac vlan3971           port3.0.13  dynamic
2001:db8:8770:1::1:17                   0287.7001.0017 vlan3971           port3.0.13  dynamic
2001:db8:8770:1::1:3c1                  0287.7001.03c1 vlan3971           port3.0.13  dynamic
2001:db8:8770:1::1:2c                   0287.7001.002c vlan3971           port3.0.13  dynamic
2001:db8:8770:1::1:3d6                  0287.7001.03d6 vlan3971           port3.0.13  dynamic
2001:db8:8770:1::1:41                   0287.7001.0041 vlan3971           port3.0.13  dynamic
2001:db8:8770:1::1:25d                  0287.7001.025d vlan3971           port3.0.13  dynamic
2001:db8:8770:1::1:56                   0287.7001.0056 vlan3971           port3.0.13  dynamic
2001:db8:8770:1::1:272                  0287.7001.0272 vlan3971           port3.0.13  dynamic
2001:db8:8770:1::1:6b                   0287.7001.006b vlan3971           port3.0.13  dynamic
2001:db8:8770:1::1:287                  0287.7001.0287 vlan3971           port3.0.13  dynamic
2001:db8:8770:1::1:29c                  0287.7001.029c vlan3971           port3.0.13  dynamic
2001:db8:8770:1::1:2b1                  0287.7001.02b1 vlan3971           port3.0.13  dynamic
2001:db8:8770:1::1:138                  0287.7001.0138 vlan3971           port3.0.13  dynamic
2001:db8:8770:1::1:2c6                  0287.7001.02c6 vlan3971           port3.0.13  dynamic
2001:db8:8770:1::1:14d                  0287.7001.014d vlan3971           port3.0.13  dynamic
2001:db8:8770:1::1:2db                  0287.7001.02db vlan3971           port3.0.13  dynamic
2001:db8:8770:1::1:162                  0287.7001.0162 vlan3971           port3.0.13  dynamic
2001:db8:8770:1::1:2f0                  0287.7001.02f0 vlan3971           port3.0.13  dynamic
2001:db8:8770:1::1:177                  0287.7001.0177 vlan3971           port3.0.13  dynamic
2001:db8:8770:1::1:393                  0287.7001.0393 vlan3971           port3.0.13  dynamic
2001:db8:8770:1::1:18c                  0287.7001.018c vlan3971           port3.0.13  dynamic
2001:db8:8770:1::1:3a8                  0287.7001.03a8 vlan3971           port3.0.13  dynamic
2001:db8:8770:1::1:13                   0287.7001.0013 vlan3971           port3.0.13  dynamic
2001:db8:8770:1::1:3bd                  0287.7001.03bd vlan3971           port3.0.13  dynamic
2001:db8:8770:1::1:28                   0287.7001.0028 vlan3971           port3.0.13  dynamic
2001:db8:8770:1::1:3d2                  0287.7001.03d2 vlan3971           port3.0.13  dynamic
2001:db8:8770:1::1:3d                   0287.7001.003d vlan3971           port3.0.13  dynamic
2001:db8:8770:1::1:259                  0287.7001.0259 vlan3971           port3.0.13  dynamic
2001:db8:8770:1::1:3e7                  0287.7001.03e7 vlan3971           port3.0.13  dynamic
2001:db8:8770:1::1:52                   0287.7001.0052 vlan3971           port3.0.13  dynamic
2001:db8:8770:1::1:26e                  0287.7001.026e vlan3971           port3.0.13  dynamic
2001:db8:8770:1::1:67                   0287.7001.0067 vlan3971           port3.0.13  dynamic
2001:db8:8770:1::1:283                  0287.7001.0283 vlan3971           port3.0.13  dynamic
2001:db8:8770:1::1:298                  0287.7001.0298 vlan3971           port3.0.13  dynamic
2001:db8:8770:1::1:2ad                  0287.7001.02ad vlan3971           port3.0.13  dynamic
2001:db8:8770:1::1:134                  0287.7001.0134 vlan3971           port3.0.13  dynamic
2001:db8:8770:1::1:2c2                  0287.7001.02c2 vlan3971           port3.0.13  dynamic
2001:db8:8770:1::1:149                  0287.7001.0149 vlan3971           port3.0.13  dynamic
2001:db8:8770:1::1:2d7                  0287.7001.02d7 vlan3971           port3.0.13  dynamic
2001:db8:8770:1::1:15e                  0287.7001.015e vlan3971           port3.0.13  dynamic
2001:db8:8770:1::1:2ec                  0287.7001.02ec vlan3971           port3.0.13  dynamic
2001:db8:8770:1::1:173                  0287.7001.0173 vlan3971           port3.0.13  dynamic
2001:db8:8770:1::1:38f                  0287.7001.038f vlan3971           port3.0.13  dynamic
2001:db8:8770:1::1:188                  0287.7001.0188 vlan3971           port3.0.13  dynamic
2001:db8:8770:1::1:3a4                  0287.7001.03a4 vlan3971           port3.0.13  dynamic
2001:db8:8770:1::1:f                    0287.7001.000f vlan3971           port3.0.13  dynamic
2001:db8:8770:1::1:19d                  0287.7001.019d vlan3971           port3.0.13  dynamic
2001:db8:8770:1::1:3b9                  0287.7001.03b9 vlan3971           port3.0.13  dynamic
2001:db8:8770:1::1:24                   0287.7001.0024 vlan3971           port3.0.13  dynamic
2001:db8:8770:1::1:3ce                  0287.7001.03ce vlan3971           port3.0.13  dynamic
2001:db8:8770:1::1:39                   0287.7001.0039 vlan3971           port3.0.13  dynamic
2001:db8:8770:1::1:255                  0287.7001.0255 vlan3971           port3.0.13  dynamic
2001:db8:8770:1::1:3e3                  0287.7001.03e3 vlan3971           port3.0.13  dynamic
2001:db8:8770:1::1:4e                   0287.7001.004e vlan3971           port3.0.13  dynamic
2001:db8:8770:1::1:26a                  0287.7001.026a vlan3971           port3.0.13  dynamic
2001:db8:8770:1::1:63                   0287.7001.0063 vlan3971           port3.0.13  dynamic
2001:db8:8770:1::1:27f                  0287.7001.027f vlan3971           port3.0.13  dynamic
2001:db8:8770:1::1:294                  0287.7001.0294 vlan3971           port3.0.13  dynamic
2001:db8:8770:1::1:2a9                  0287.7001.02a9 vlan3971           port3.0.13  dynamic
2001:db8:8770:1::1:130                  0287.7001.0130 vlan3971           port3.0.13  dynamic
2001:db8:8770:1::1:2be                  0287.7001.02be vlan3971           port3.0.13  dynamic
2001:db8:8770:1::1:145                  0287.7001.0145 vlan3971           port3.0.13  dynamic
2001:db8:8770:1::1:2d3                  0287.7001.02d3 vlan3971           port3.0.13  dynamic
2001:db8:8770:1::1:15a                  0287.7001.015a vlan3971           port3.0.13  dynamic
2001:db8:8770:1::1:2e8                  0287.7001.02e8 vlan3971           port3.0.13  dynamic
2001:db8:8770:1::1:16f                  0287.7001.016f vlan3971           port3.0.13  dynamic
2001:db8:8770:1::1:38b                  0287.7001.038b vlan3971           port3.0.13  dynamic
2001:db8:8770:1::1:184                  0287.7001.0184 vlan3971           port3.0.13  dynamic
2001:db8:8770:1::1:3a0                  0287.7001.03a0 vlan3971           port3.0.13  dynamic
2001:db8:8770:1::1:b                    0287.7001.000b vlan3971           port3.0.13  dynamic
2001:db8:8770:1::1:199                  0287.7001.0199 vlan3971           port3.0.13  dynamic
2001:db8:8770:1::1:3b5                  0287.7001.03b5 vlan3971           port3.0.13  dynamic
2001:db8:8770:1::1:20                   0287.7001.0020 vlan3971           port3.0.13  dynamic
2001:db8:8770:1::1:3ca                  0287.7001.03ca vlan3971           port3.0.13  dynamic
2001:db8:8770:1::1:35                   0287.7001.0035 vlan3971           port3.0.13  dynamic
2001:db8:8770:1::1:251                  0287.7001.0251 vlan3971           port3.0.13  dynamic
2001:db8:8770:1::1:3df                  0287.7001.03df vlan3971           port3.0.13  dynamic
2001:db8:8770:1::1:4a                   0287.7001.004a vlan3971           port3.0.13  dynamic
2001:db8:8770:1::1:266                  0287.7001.0266 vlan3971           port3.0.13  dynamic
2001:db8:8770:1::1:5f                   0287.7001.005f vlan3971           port3.0.13  dynamic
2001:db8:8770:1::1:27b                  0287.7001.027b vlan3971           port3.0.13  dynamic
2001:db8:8770:1::1:290                  0287.7001.0290 vlan3971           port3.0.13  dynamic
2001:db8:8770:1::1:2a5                  0287.7001.02a5 vlan3971           port3.0.13  dynamic
2001:db8:8770:1::1:12c                  0287.7001.012c vlan3971           port3.0.13  dynamic
2001:db8:8770:1::1:2ba                  0287.7001.02ba vlan3971           port3.0.13  dynamic
2001:db8:8770:1::1:141                  0287.7001.0141 vlan3971           port3.0.13  dynamic
2001:db8:8770:1::1:2cf                  0287.7001.02cf vlan3971           port3.0.13  dynamic
2001:db8:8770:1::1:156                  0287.7001.0156 vlan3971           port3.0.13  dynamic
2001:db8:8770:1::1:2e4                  0287.7001.02e4 vlan3971           port3.0.13  dynamic
2001:db8:8770:1::1:16b                  0287.7001.016b vlan3971           port3.0.13  dynamic
2001:db8:8770:1::1:387                  0287.7001.0387 vlan3971           port3.0.13  dynamic
2001:db8:8770:1::1:180                  0287.7001.0180 vlan3971           port3.0.13  dynamic
2001:db8:8770:1::1:39c                  0287.7001.039c vlan3971           port3.0.13  dynamic
2001:db8:8770:1::1:7                    0287.7001.0007 vlan3971           port3.0.13  dynamic
2001:db8:8770:1::1:195                  0287.7001.0195 vlan3971           port3.0.13  dynamic
2001:db8:8770:1::1:3b1                  0287.7001.03b1 vlan3971           port3.0.13  dynamic
2001:db8:8770:1::1:1c                   0287.7001.001c vlan3971           port3.0.13  dynamic
2001:db8:8770:1::1:3c6                  0287.7001.03c6 vlan3971           port3.0.13  dynamic
2001:db8:8770:1::1:31                   0287.7001.0031 vlan3971           port3.0.13  dynamic
2001:db8:8770:1::1:24d                  0287.7001.024d vlan3971           port3.0.13  dynamic
2001:db8:8770:1::1:3db                  0287.7001.03db vlan3971           port3.0.13  dynamic
2001:db8:8770:1::1:46                   0287.7001.0046 vlan3971           port3.0.13  dynamic
2001:db8:8770:1::1:262                  0287.7001.0262 vlan3971           port3.0.13  dynamic
2001:db8:8770:1::1:5b                   0287.7001.005b vlan3971           port3.0.13  dynamic
2001:db8:8770:1::1:277                  0287.7001.0277 vlan3971           port3.0.13  dynamic
2001:db8:8770:1::1:28c                  0287.7001.028c vlan3971           port3.0.13  dynamic
2001:db8:8770:1::1:2a1                  0287.7001.02a1 vlan3971           port3.0.13  dynamic
2001:db8:8770:1::1:2b6                  0287.7001.02b6 vlan3971           port3.0.13  dynamic
2001:db8:8770:1::1:13d                  0287.7001.013d vlan3971           port3.0.13  dynamic
2001:db8:8770:1::1:2cb                  0287.7001.02cb vlan3971           port3.0.13  dynamic
2001:db8:8770:1::1:152                  0287.7001.0152 vlan3971           port3.0.13  dynamic
2001:db8:8770:1::1:2e0                  0287.7001.02e0 vlan3971           port3.0.13  dynamic
2001:db8:8770:1::1:167                  0287.7001.0167 vlan3971           port3.0.13  dynamic
2001:db8:8770:1::1:2f5                  0287.7001.02f5 vlan3971           port3.0.13  dynamic
2001:db8:8770:1::1:383                  0287.7001.0383 vlan3971           port3.0.13  dynamic
2001:db8:8770:1::1:17c                  0287.7001.017c vlan3971           port3.0.13  dynamic
2001:db8:8770:1::1:398                  0287.7001.0398 vlan3971           port3.0.13  dynamic
2001:db8:8770:1::1:3                    0287.7001.0003 vlan3971           port3.0.13  dynamic
2001:db8:8770:1::1:191                  0287.7001.0191 vlan3971           port3.0.13  dynamic
2001:db8:8770:1::1:3ad                  0287.7001.03ad vlan3971           port3.0.13  dynamic
2001:db8:8770:1::1:18                   0287.7001.0018 vlan3971           port3.0.13  dynamic
2001:db8:8770:1::1:3c2                  0287.7001.03c2 vlan3971           port3.0.13  dynamic
2001:db8:8770:1::1:2d                   0287.7001.002d vlan3971           port3.0.13  dynamic
2001:db8:8770:1::1:3d7                  0287.7001.03d7 vlan3971           port3.0.13  dynamic
2001:db8:8770:1::1:42                   0287.7001.0042 vlan3971           port3.0.13  dynamic
2001:db8:8770:1::1:25e                  0287.7001.025e vlan3971           port3.0.13  dynamic
2001:db8:8770:1::1:57                   0287.7001.0057 vlan3971           port3.0.13  dynamic
2001:db8:8770:1::1:273                  0287.7001.0273 vlan3971           port3.0.13  dynamic
2001:db8:8770:1::1:6c                   0287.7001.006c vlan3971           port3.0.13  dynamic
2001:db8:8770:1::1:288                  0287.7001.0288 vlan3971           port3.0.13  dynamic
2001:db8:8770:1::1:29d                  0287.7001.029d vlan3971           port3.0.13  dynamic
2001:db8:8770:1::1:2b2                  0287.7001.02b2 vlan3971           port3.0.13  dynamic
2001:db8:8770:1::1:139                  0287.7001.0139 vlan3971           port3.0.13  dynamic
2001:db8:8770:1::1:2c7                  0287.7001.02c7 vlan3971           port3.0.13  dynamic
2001:db8:8770:1::1:14e                  0287.7001.014e vlan3971           port3.0.13  dynamic
2001:db8:8770:1::1:2dc                  0287.7001.02dc vlan3971           port3.0.13  dynamic
2001:db8:8770:1::1:163                  0287.7001.0163 vlan3971           port3.0.13  dynamic
2001:db8:8770:1::1:2f1                  0287.7001.02f1 vlan3971           port3.0.13  dynamic
2001:db8:8770:1::1:178                  0287.7001.0178 vlan3971           port3.0.13  dynamic
2001:db8:8770:1::1:394                  0287.7001.0394 vlan3971           port3.0.13  dynamic
2001:db8:8770:1::1:18d                  0287.7001.018d vlan3971           port3.0.13  dynamic
2001:db8:8770:1::1:3a9                  0287.7001.03a9 vlan3971           port3.0.13  dynamic
2001:db8:8770:1::1:14                   0287.7001.0014 vlan3971           port3.0.13  dynamic
2001:db8:8770:1::1:3be                  0287.7001.03be vlan3971           port3.0.13  dynamic
2001:db8:8770:1::1:29                   0287.7001.0029 vlan3971           port3.0.13  dynamic
2001:db8:8770:1::1:3d3                  0287.7001.03d3 vlan3971           port3.0.13  dynamic
2001:db8:8770:1::1:3e                   0287.7001.003e vlan3971           port3.0.13  dynamic
2001:db8:8770:1::1:25a                  0287.7001.025a vlan3971           port3.0.13  dynamic
2001:db8:8770:1::1:3e8                  0287.7001.03e8 vlan3971           port3.0.13  dynamic
2001:db8:8770:1::1:53                   0287.7001.0053 vlan3971           port3.0.13  dynamic
2001:db8:8770:1::1:26f                  0287.7001.026f vlan3971           port3.0.13  dynamic
2001:db8:8770:1::1:68                   0287.7001.0068 vlan3971           port3.0.13  dynamic
2001:db8:8770:1::1:284                  0287.7001.0284 vlan3971           port3.0.13  dynamic
2001:db8:8770:1::1:299                  0287.7001.0299 vlan3971           port3.0.13  dynamic
2001:db8:8770:1::1:2ae                  0287.7001.02ae vlan3971           port3.0.13  dynamic
2001:db8:8770:1::1:135                  0287.7001.0135 vlan3971           port3.0.13  dynamic
2001:db8:8770:1::1:2c3                  0287.7001.02c3 vlan3971           port3.0.13  dynamic
2001:db8:8770:1::1:14a                  0287.7001.014a vlan3971           port3.0.13  dynamic
2001:db8:8770:1::1:2d8                  0287.7001.02d8 vlan3971           port3.0.13  dynamic
2001:db8:8770:1::1:15f                  0287.7001.015f vlan3971           port3.0.13  dynamic
2001:db8:8770:1::1:2ed                  0287.7001.02ed vlan3971           port3.0.13  dynamic
2001:db8:8770:1::1:174                  0287.7001.0174 vlan3971           port3.0.13  dynamic
2001:db8:8770:1::1:390                  0287.7001.0390 vlan3971           port3.0.13  dynamic
2001:db8:8770:1::1:189                  0287.7001.0189 vlan3971           port3.0.13  dynamic
2001:db8:8770:1::1:3a5                  0287.7001.03a5 vlan3971           port3.0.13  dynamic
2001:db8:8770:1::1:10                   0287.7001.0010 vlan3971           port3.0.13  dynamic
2001:db8:8770:1::1:3ba                  0287.7001.03ba vlan3971           port3.0.13  dynamic
2001:db8:8770:1::1:25                   0287.7001.0025 vlan3971           port3.0.13  dynamic
2001:db8:8770:1::1:3cf                  0287.7001.03cf vlan3971           port3.0.13  dynamic
2001:db8:8770:1::1:3a                   0287.7001.003a vlan3971           port3.0.13  dynamic
2001:db8:8770:1::1:256                  0287.7001.0256 vlan3971           port3.0.13  dynamic
2001:db8:8770:1::1:3e4                  0287.7001.03e4 vlan3971           port3.0.13  dynamic
2001:db8:8770:1::1:4f                   0287.7001.004f vlan3971           port3.0.13  dynamic
2001:db8:8770:1::1:26b                  0287.7001.026b vlan3971           port3.0.13  dynamic
2001:db8:8770:1::1:64                   0287.7001.0064 vlan3971           port3.0.13  dynamic
2001:db8:8770:1::1:280                  0287.7001.0280 vlan3971           port3.0.13  dynamic
2001:db8:8770:1::1:295                  0287.7001.0295 vlan3971           port3.0.13  dynamic
2001:db8:8770:1::1:2aa                  0287.7001.02aa vlan3971           port3.0.13  dynamic
2001:db8:8770:1::1:131                  0287.7001.0131 vlan3971           port3.0.13  dynamic
2001:db8:8770:1::1:2bf                  0287.7001.02bf vlan3971           port3.0.13  dynamic
2001:db8:8770:1::1:146                  0287.7001.0146 vlan3971           port3.0.13  dynamic
2001:db8:8770:1::1:2d4                  0287.7001.02d4 vlan3971           port3.0.13  dynamic
2001:db8:8770:1::1:15b                  0287.7001.015b vlan3971           port3.0.13  dynamic
2001:db8:8770:1::1:2e9                  0287.7001.02e9 vlan3971           port3.0.13  dynamic
2001:db8:8770:1::1:170                  0287.7001.0170 vlan3971           port3.0.13  dynamic
2001:db8:8770:1::1:38c                  0287.7001.038c vlan3971           port3.0.13  dynamic
2001:db8:8770:1::1:185                  0287.7001.0185 vlan3971           port3.0.13  dynamic
2001:db8:8770:1::1:3a1                  0287.7001.03a1 vlan3971           port3.0.13  dynamic
2001:db8:8770:1::1:c                    0287.7001.000c vlan3971           port3.0.13  dynamic
2001:db8:8770:1::1:19a                  0287.7001.019a vlan3971           port3.0.13  dynamic
2001:db8:8770:1::1:3b6                  0287.7001.03b6 vlan3971           port3.0.13  dynamic
2001:db8:8770:1::1:21                   0287.7001.0021 vlan3971           port3.0.13  dynamic
2001:db8:8770:1::1:3cb                  0287.7001.03cb vlan3971           port3.0.13  dynamic
2001:db8:8770:1::1:36                   0287.7001.0036 vlan3971           port3.0.13  dynamic
2001:db8:8770:1::1:252                  0287.7001.0252 vlan3971           port3.0.13  dynamic
2001:db8:8770:1::1:3e0                  0287.7001.03e0 vlan3971           port3.0.13  dynamic
2001:db8:8770:1::1:4b                   0287.7001.004b vlan3971           port3.0.13  dynamic
2001:db8:8770:1::1:267                  0287.7001.0267 vlan3971           port3.0.13  dynamic
2001:db8:8770:1::1:60                   0287.7001.0060 vlan3971           port3.0.13  dynamic
2001:db8:8770:1::1:27c                  0287.7001.027c vlan3971           port3.0.13  dynamic
2001:db8:8770:1::1:291                  0287.7001.0291 vlan3971           port3.0.13  dynamic
2001:db8:8770:1::1:2a6                  0287.7001.02a6 vlan3971           port3.0.13  dynamic
2001:db8:8770:1::1:12d                  0287.7001.012d vlan3971           port3.0.13  dynamic
2001:db8:8770:1::1:2bb                  0287.7001.02bb vlan3971           port3.0.13  dynamic
2001:db8:8770:1::1:142                  0287.7001.0142 vlan3971           port3.0.13  dynamic
2001:db8:8770:1::1:2d0                  0287.7001.02d0 vlan3971           port3.0.13  dynamic
2001:db8:8770:1::1:157                  0287.7001.0157 vlan3971           port3.0.13  dynamic
2001:db8:8770:1::1:2e5                  0287.7001.02e5 vlan3971           port3.0.13  dynamic
2001:db8:8770:1::1:16c                  0287.7001.016c vlan3971           port3.0.13  dynamic
2001:db8:8770:1::1:388                  0287.7001.0388 vlan3971           port3.0.13  dynamic
2001:db8:8770:1::1:181                  0287.7001.0181 vlan3971           port3.0.13  dynamic
2001:db8:8770:1::1:39d                  0287.7001.039d vlan3971           port3.0.13  dynamic
2001:db8:8770:1::1:8                    0287.7001.0008 vlan3971           port3.0.13  dynamic
2001:db8:8770:1::1:196                  0287.7001.0196 vlan3971           port3.0.13  dynamic
2001:db8:8770:1::1:3b2                  0287.7001.03b2 vlan3971           port3.0.13  dynamic
2001:db8:8770:1::1:1d                   0287.7001.001d vlan3971           port3.0.13  dynamic
2001:db8:8770:1::1:3c7                  0287.7001.03c7 vlan3971           port3.0.13  dynamic
2001:db8:8770:1::1:32                   0287.7001.0032 vlan3971           port3.0.13  dynamic
2001:db8:8770:1::1:24e                  0287.7001.024e vlan3971           port3.0.13  dynamic
2001:db8:8770:1::1:3dc                  0287.7001.03dc vlan3971           port3.0.13  dynamic
2001:db8:8770:1::1:47                   0287.7001.0047 vlan3971           port3.0.13  dynamic
2001:db8:8770:1::1:263                  0287.7001.0263 vlan3971           port3.0.13  dynamic
2001:db8:8770:1::1:5c                   0287.7001.005c vlan3971           port3.0.13  dynamic
2001:db8:8770:1::1:278                  0287.7001.0278 vlan3971           port3.0.13  dynamic
2001:db8:8770:1::1:28d                  0287.7001.028d vlan3971           port3.0.13  dynamic
2001:db8:8770:1::1:2a2                  0287.7001.02a2 vlan3971           port3.0.13  dynamic
2001:db8:8770:1::1:2b7                  0287.7001.02b7 vlan3971           port3.0.13  dynamic
2001:db8:8770:1::1:13e                  0287.7001.013e vlan3971           port3.0.13  dynamic
2001:db8:8770:1::1:2cc                  0287.7001.02cc vlan3971           port3.0.13  dynamic
2001:db8:8770:1::1:153                  0287.7001.0153 vlan3971           port3.0.13  dynamic
2001:db8:8770:1::1:2e1                  0287.7001.02e1 vlan3971           port3.0.13  dynamic
2001:db8:8770:1::1:168                  0287.7001.0168 vlan3971           port3.0.13  dynamic
2001:db8:8770:1::1:2f6                  0287.7001.02f6 vlan3971           port3.0.13  dynamic
2001:db8:8770:1::1:384                  0287.7001.0384 vlan3971           port3.0.13  dynamic
2001:db8:8770:1::1:17d                  0287.7001.017d vlan3971           port3.0.13  dynamic
2001:db8:8770:1::1:399                  0287.7001.0399 vlan3971           port3.0.13  dynamic
2001:db8:8770:1::1:4                    0287.7001.0004 vlan3971           port3.0.13  dynamic
2001:db8:8770:1::1:192                  0287.7001.0192 vlan3971           port3.0.13  dynamic
2001:db8:8770:1::1:3ae                  0287.7001.03ae vlan3971           port3.0.13  dynamic
2001:db8:8770:1::1:19                   0287.7001.0019 vlan3971           port3.0.13  dynamic
2001:db8:8770:1::1:3c3                  0287.7001.03c3 vlan3971           port3.0.13  dynamic
2001:db8:8770:1::1:2e                   0287.7001.002e vlan3971           port3.0.13  dynamic
2001:db8:8770:1::1:24a                  0287.7001.024a vlan3971           port3.0.13  dynamic
2001:db8:8770:1::1:3d8                  0287.7001.03d8 vlan3971           port3.0.13  dynamic
2001:db8:8770:1::1:43                   0287.7001.0043 vlan3971           port3.0.13  dynamic
2001:db8:8770:1::1:25f                  0287.7001.025f vlan3971           port3.0.13  dynamic
2001:db8:8770:1::1:58                   0287.7001.0058 vlan3971           port3.0.13  dynamic
2001:db8:8770:1::1:274                  0287.7001.0274 vlan3971           port3.0.13  dynamic
2001:db8:8770:1::1:6d                   0287.7001.006d vlan3971           port3.0.13  dynamic
2001:db8:8770:1::1:289                  0287.7001.0289 vlan3971           port3.0.13  dynamic
2001:db8:8770:1::1:29e                  0287.7001.029e vlan3971           port3.0.13  dynamic
2001:db8:8770:1::1:2b3                  0287.7001.02b3 vlan3971           port3.0.13  dynamic
2001:db8:8770:1::1:13a                  0287.7001.013a vlan3971           port3.0.13  dynamic
2001:db8:8770:1::1:2c8                  0287.7001.02c8 vlan3971           port3.0.13  dynamic
2001:db8:8770:1::1:14f                  0287.7001.014f vlan3971           port3.0.13  dynamic
2001:db8:8770:1::1:2dd                  0287.7001.02dd vlan3971           port3.0.13  dynamic
2001:db8:8770:1::1:164                  0287.7001.0164 vlan3971           port3.0.13  dynamic
2001:db8:8770:1::1:2f2                  0287.7001.02f2 vlan3971           port3.0.13  dynamic
2001:db8:8770:1::1:179                  0287.7001.0179 vlan3971           port3.0.13  dynamic
2001:db8:8770:1::1:395                  0287.7001.0395 vlan3971           port3.0.13  dynamic
