17:39:16 >>> configure terminal
Enter configuration commands, one per line.  End with CNTL/Z.
17:39:17 >>> vlan database
17:39:19 >>> vlan 3971 name ck8770
17:39:20 >>> exit
17:39:21 >>> interface port3.0.13
17:39:22 >>> switchport access vlan 3971
17:39:23 >>> exit
17:39:24 >>> interface vlan3971
17:39:26 >>> ipv6 address 2001:db8:8770:1::1/64
17:39:27 >>> end
17:39:28 >>> show ipv6 interface brief
Interface             IP-Address         Status          Protocol
lo            unassigned                      N/A          admin up    running
vlan1         fe80::200:cdff:fe37:d6f/64      preferred    admin up    running
vlan10        unassigned                      N/A          admin up    running
vlan3971      2001:db8:8770:1::1/64           preferred    admin up    running
              fe80::200:cdff:fe37:d6f/64      preferred 
vlan4000      unassigned                      N/A          admin up    running
17:39:29 >>> show ipv6 forwarding
IPv6 forwarding is off
17:39:30 >>> show vlan 3971
VLAN ID  Name            Type    State   Member ports                   
                                         (u)-Untagged, (t)-Tagged
======= ================ ======= ======= ====================================
3971    ck8770           STATIC  ACTIVE  port3.0.13(u)
17:39:31 >>> show interface port3.0.13 status
Port        Name               Status      Vlan      Duplex Speed   Type        
--------------------------------------------------------------------------------
port3.0.13  -                  connected        3971 a-full a-1000  10GBASE-TM
