18:05:23 >>> configure terminal
Enter configuration commands, one per line.  End with CNTL/Z.
18:05:25 >>> no ipv6 forwarding
18:05:26 >>> interface vlan3971
18:05:27 >>> no ipv6 address 2001:db8:8770:1::1/64
18:05:28 >>> exit
18:05:29 >>> interface port3.0.13
18:05:30 >>> no switchport access vlan
18:05:31 >>> exit
18:05:33 >>> vlan database
18:05:34 >>> no vlan 3971
18:05:35 >>> end
18:05:36 >>> show ipv6 forwarding
IPv6 forwarding is off
18:05:37 >>> show ipv6 neighbors
IPv6 Address                            MAC Address    Interface          Port       Type
18:05:38 >>> show platform table ipv6
Stack member 1:

[Instance 0] 
IPv6 Unicast Route Table:
--------------------------------------------------------------------------------
RE-Idx               IP address/prefLen    Route-Entry   EnCap Dev Port Tr VID
--------------------------------------------------------------------------------
0                                ::/  0 *  trap to cpu  *  -    -   -    -  -
2                            fe80::/ 64 *  trap to cpu  *  -    -   -    -  -

Stack member 3:

[Instance 2] 
IPv6 Unicast Route Table:
--------------------------------------------------------------------------------
RE-Idx               IP address/prefLen    Route-Entry   EnCap Dev Port Tr VID
--------------------------------------------------------------------------------
0                                ::/  0 *  trap to cpu  *  -    -   -    -  -
2                            fe80::/ 64 *  trap to cpu  *  -    -   -    -  -

Stack member 4:

[Instance 3] 
IPv6 Unicast Route Table:
--------------------------------------------------------------------------------
RE-Idx               IP address/prefLen    Route-Entry   EnCap Dev Port Tr VID
--------------------------------------------------------------------------------
0                                ::/  0 *  trap to cpu  *  -    -   -    -  -
2                            fe80::/ 64 *  trap to cpu  *  -    -   -    -  -
18:05:40 >>> show vlan brief
VLAN ID  Name            Type    State   Member ports                   
                                         (u)-Untagged, (t)-Tagged
======= ================ ======= ======= ====================================
1       default          STATIC  ACTIVE  sa2(u) sa3(u) port1.0.1(u) 
                                         port1.0.2(u) port1.0.3(u) port1.0.4(u) 
                                         port1.0.5(u) port1.0.6(u) port1.0.7(u) 
                                         port1.0.8(u) port1.0.9(u) 
                                         port1.0.10(u) port1.0.11(u) 
                                         port1.0.12(u) port1.0.13(u) 
                                         port1.0.14(u) port1.0.15(u) 
                                         port1.0.16(u) port1.0.17(u) 
                                         port1.0.18(u) port1.0.19(u) 
                                         port1.0.20(u) port1.0.21(u) 
                                         port1.0.22(u) port1.0.23(u) 
                                         port1.0.24(u) port1.0.25(u) 
                                         port1.0.26(u) port2.0.1(u) 
                                         port2.0.2(u) port2.0.3(u) port2.0.4(u) 
                                         port2.0.5(u) port2.0.6(u) port2.0.7(u) 
                                         port2.0.8(u) port2.0.9(u) 
                                         port2.0.10(u) port2.0.11(u) 
                                         port2.0.12(u) port2.0.13(u) 
                                         port2.0.14(u) port2.0.15(u) 
                                         port2.0.16(u) port2.0.17(u) 
                                         port2.0.18(u) port2.0.19(u) 
                                         port2.0.20(u) port2.0.21(u) 
                                         port2.0.22(u) port2.0.23(u) 
                                         port2.0.24(u) port2.0.25(u) 
                                         port2.0.26(u) port2.0.27(u) 
                                         port2.0.28(u) port3.0.1(u) 
                                         port3.0.3(u) port3.0.4(u) port3.0.5(u) 
                                         port3.0.6(u) port3.0.7(u) port3.0.8(u) 
                                         port3.0.9(u) port3.0.10(u) 
                                         port3.0.11(u) port3.0.12(u) 
                                         port3.0.13(u) port3.0.14(u) 
                                         port3.0.15(u) port3.0.16(u) 
                                         port3.0.17(u) port3.0.18(u) 
                                         port3.0.19(u) port3.0.20(u) 
                                         port3.0.21(u) port3.0.22(u) 
                                         port3.0.23(u) port3.0.24(u) 
                                         port3.0.25(u) port3.0.26(u) 
                                         port4.0.1(u) port4.0.3(u) port4.0.4(u) 
                                         port4.0.5(u) port4.0.6(u) port4.0.7(u) 
                                         port4.0.8(u) port4.0.9(u) 
                                         port4.0.10(u) port4.0.11(u) 
                                         port4.0.12(u) port4.0.13(u) 
                                         port4.0.14(u) port4.0.15(u) 
                                         port4.0.16(u) port4.0.17(u) 
                                         port4.0.18(u) port4.0.19(u) 
                                         port4.0.20(u) port4.0.21(u) 
                                         port4.0.22(u) port4.0.23(u) 
                                         port4.0.24(u) port4.0.25(u) 
10      data             STATIC  ACTIVE  sa1(u) port3.0.2(u) port4.0.2(u) 
4000    sx-link          STATIC  ACTIVE  port4.0.26(u)
18:05:41 >>> show interface port3.0.13 status
Port        Name               Status      Vlan      Duplex Speed   Type        
--------------------------------------------------------------------------------
port3.0.13  -                  connected           1 a-full a-1000  10GBASE-TM
