1790735589.885 15:33:09 >>> configure terminal
configure terminal
Enter configuration commands, one per line.  End with CNTL/Z.
IE520-sa(config)#
1790735590.687 15:33:10 >>> interface port1.0.26
interface port1.0.26
IE520-sa(config-if)#
1790735591.488 15:33:11 >>> shutdown
shutdown
switch: port 26(port1.0.26) entered disabled state
IE520-sa(config-if)#switch: port 26(port1.0.26) entered disabled state

1790735592.289 15:33:12 >>> end
end
IE520-sa#
1790735593.090 15:33:13 >>> show mrp ring
show mrp ring
Media Redundancy Protocol - Ring Information
MRP Ring 1
 Domain ID:                           ffffffff-ffff-ffff-ffff-ffffffffffff
 Domain Name:                         
 Ring Status:                         Enabled
 Running State:                       Running
 Role:                                Client
 Port1:                               port1.0.13
  Status:                             Forwarding
 Port2:                               port1.0.26
  Status:                             Blocking
 Vlan ID:
 Profile:                             500ms
  Link Down Interval:                 20ms
  Link Up Interval:                   20ms
  Link Change Count:                  4
  Blocked port state supported:       Yes

IE520-sa#
