11:46:57 >>> configure terminal
Enter configuration commands, one per line.  End with CNTL/Z.
11:46:59 >>> interface port1.0.9-1.0.10
11:47:00 >>> shutdown
switch: port 11(port1.0.9) entered disabled state
switch: port 11(port1.0.9) entered disabled state
switch: port 12(port1.0.10) entered disabled state
switch: port 12(port1.0.10) entered disabled state
11:47:01 >>> no switchport vlan translation all
11:47:02 >>> no switchport vlan-stacking
% Vlan stacking is not enabled on this interface
!!! CLI error on 'no switchport vlan-stacking' -- stopping
11:47:44 >>> configure terminal
Enter configuration commands, one per line.  End with CNTL/Z.
11:47:46 >>> interface port1.0.9-1.0.10
11:47:47 >>> switchport trunk allowed vlan remove 3995,3997
11:47:48 >>> switchport mode access
11:47:49 >>> no shutdown
11:47:50 >>> vlan database
11:47:52 >>> no vlan 3995
IE520-stk(config-vlan)#switch: port 12(port1.0.10) entered blocking state
switch: port 12(port1.0.10) entered forwarding state
11:47:53 >>> no vlan 3997
switch: port 11(port1.0.9) entered blocking state
switch: port 11(port1.0.9) entered forwarding state
no vlan 3997
11:47:54 >>> end
