11:22:09 >>> configure terminal
Enter configuration commands, one per line.  End with CNTL/Z.
11:22:10 >>> vlan database
11:22:11 >>> vlan 3995 name ck-svlan
11:22:12 >>> vlan 3997 name ck-internal
11:22:13 >>> interface port1.0.9-1.0.10
11:22:15 >>> shutdown
switch: port 11(port1.0.9) entered disabled state
switch: port 11(port1.0.9) entered disabled state
switch: port 12(port1.0.10) entered disabled state
switch: port 12(port1.0.10) entered disabled state
11:22:16 >>> switchport mode trunk
11:22:17 >>> switchport trunk allowed vlan add 3995,3997
11:22:18 >>> no shutdown
11:22:19 >>> end
11:22:34 >>> show running-config interface port1.0.9-1.0.10
!
interface port1.0.9-1.0.10
 switchport
 switchport mode trunk
 switchport trunk allowed vlan add 3995,3997
!
11:22:35 >>> show vlan 3995
VLAN ID  Name            Type    State   Member ports                   
                                         (u)-Untagged, (t)-Tagged
======= ================ ======= ======= ====================================
3995    ck-svlan         STATIC  ACTIVE  port1.0.9(t) port1.0.10(t)
11:22:36 >>> show vlan 3997
VLAN ID  Name            Type    State   Member ports                   
                                         (u)-Untagged, (t)-Tagged
======= ================ ======= ======= ====================================
3997    ck-internal      STATIC  ACTIVE  port1.0.9(t) port1.0.10(t)
11:22:37 >>> show interface port1.0.9,port1.0.10 status
Port        Name               Status      Vlan      Duplex Speed   Type        
--------------------------------------------------------------------------------
port1.0.9   -                  connected       trunk a-full a-1000  10GBASE-TM  
port1.0.10  -                  connected       trunk a-full a-1000  1000BASE-T
11:22:38 >>> show interface switchport vlan translation
Interface: port1.0.9
VLAN on Wire            VLAN                    Outer Vlan              
=================       ===================     ===================     
default                 accept                  

Interface: port1.0.10
VLAN on Wire            VLAN                    Outer Vlan              
=================       ===================     ===================     
default                 accept
