11:37:17 >>> configure terminal
Enter configuration commands, one per line.  End with CNTL/Z.
11:37:18 >>> interface port1.0.10
11:37:19 >>> no switchport vlan translation all
11:37:20 >>> switchport vlan translation vlan 2100 outer-vlan 3995
11:37:22 >>> end
11:37:23 >>> show running-config interface port1.0.9-1.0.10
!
interface port1.0.9
 switchport
 switchport mode trunk
 switchport trunk allowed vlan add 3995,3997
!
!
interface port1.0.10
 switchport
 switchport mode trunk
 switchport trunk allowed vlan add 3995,3997
 switchport vlan translation vlan 2100 outer-vlan 3995
!
11:37:24 >>> show interface switchport vlan translation
Interface: port1.0.9
VLAN on Wire            VLAN                    Outer Vlan              
=================       ===================     ===================     
default                 accept                  

Interface: port1.0.10
VLAN on Wire            VLAN                    Outer Vlan              
=================       ===================     ===================     
2100                    0                       3995                    
default                 accept
