### 11:37:28 counters before
11:37:33 >>> show interface port1.0.9,port1.0.10 | include Interface|input packets|output packets
show interface port1.0.9,port1.0.10 | include Interface|input packets|

output packets

Interface port1.0.9
    input packets 901, bytes 84774, dropped 0, multicast packets 1
    output packets 3698, bytes 371259, multicast packets 83, broadcast packets 21
Interface port1.0.10
    input packets 504, bytes 45696, dropped 0, multicast packets 4
    output packets 3994, bytes 394966, multicast packets 88, broadcast packets 24
11:37:39 sent 100 x ip10 src=00:00:5e:00:53:01 dst=00:00:5e:00:53:ff vlan=2100 outer=None on eth1 in 0.51s
### 11:37:49 counters after
11:37:54 >>> show interface port1.0.9,port1.0.10 | include Interface|input packets|output packets
show interface port1.0.9,port1.0.10 | include Interface|input packets|

output packets

Interface port1.0.9
    input packets 901, bytes 84774, dropped 0, multicast packets 1
    output packets 3859, bytes 386486, multicast packets 84, broadcast packets 21
Interface port1.0.10
    input packets 604, bytes 54696, dropped 0, multicast packets 4
    output packets 4055, bytes 401194, multicast packets 89, broadcast packets 24
### tcpdump logs
tcpdump: listening on eth1, link-type EN10MB (Ethernet), snapshot length 262144 bytes
0 packets captured
100 packets received by filter
0 packets dropped by kernel
tcpdump: listening on eth3, link-type EN10MB (Ethernet), snapshot length 262144 bytes
100 packets captured
100 packets received by filter
0 packets dropped by kernel
### captures
### /tmp/ckvlan1052/27887-o2f-eth1.pcap: 0 frames
### /tmp/ckvlan1052/27887-o2f-eth3.pcap: 100 frames
    100  marker=o2f        tags=3995        type=0x0800 dst=00:00:5e:00:53:ff src=00:00:5e:00:53:01
