11:38:55 >>> configure terminal
Enter configuration commands, one per line.  End with CNTL/Z.
11:38:56 >>> interface port1.0.9
11:38:57 >>> switchport vlan-stacking provider-port
11:38:59 >>> end
11:39:00 >>> show running-config interface port1.0.9-1.0.10
!
interface port1.0.9
 switchport
 switchport mode trunk
 switchport trunk allowed vlan add 3995,3997
 switchport vlan-stacking provider-port 
!
!
interface port1.0.10
 switchport
 switchport mode trunk
 switchport trunk allowed vlan add 3995,3997
 switchport vlan translation vlan 2100 outer-vlan 3995
!
