### 11:39:04 counters before
11:39:09 >>> show interface port1.0.9,port1.0.10 | include Interface|input packets|output packets
show interface port1.0.9,port1.0.10 | include Interface|input packets|

output packets

Interface port1.0.9
    input packets 1101, bytes 103574, dropped 0, multicast packets 1
    output packets 4089, bytes 409989, multicast packets 89, broadcast packets 21
Interface port1.0.10
    input packets 604, bytes 54696, dropped 0, multicast packets 4
    output packets 4485, bytes 442700, multicast packets 94, broadcast packets 24
11:39:15 sent 100 x ip10 src=00:00:5e:00:53:01 dst=00:00:5e:00:53:ff vlan=2100 outer=None on eth1 in 0.51s
### 11:39:25 counters after
11:39:30 >>> show interface port1.0.9,port1.0.10 | include Interface|input packets|output packets
show interface port1.0.9,port1.0.10 | include Interface|input packets|

output packets

Interface port1.0.9
    input packets 1101, bytes 103574, dropped 0, multicast packets 1
    output packets 4249, bytes 425149, multicast packets 89, broadcast packets 21
Interface port1.0.10
    input packets 704, bytes 63696, dropped 0, multicast packets 4
    output packets 4545, bytes 448860, multicast packets 94, broadcast packets 24
### tcpdump logs
tcpdump: listening on eth1, link-type EN10MB (Ethernet), snapshot length 262144 bytes
0 packets captured
100 packets received by filter
0 packets dropped by kernel
tcpdump: listening on eth3, link-type EN10MB (Ethernet), snapshot length 262144 bytes
100 packets captured
100 packets received by filter
0 packets dropped by kernel
### captures
### /tmp/ckvlan1052/27887-o2pf-eth1.pcap: 0 frames
### /tmp/ckvlan1052/27887-o2pf-eth3.pcap: 100 frames
    100  marker=o2pf       tags=3995        type=0x0800 dst=00:00:5e:00:53:ff src=00:00:5e:00:53:01
