### 11:39:31 counters before
11:39:36 >>> show interface port1.0.9,port1.0.10 | include Interface|input packets|output packets
show interface port1.0.9,port1.0.10 | include Interface|input packets|

output packets

Interface port1.0.9
    input packets 1101, bytes 103574, dropped 0, multicast packets 1
    output packets 4271, bytes 427372, multicast packets 90, broadcast packets 21
Interface port1.0.10
    input packets 704, bytes 63696, dropped 0, multicast packets 4
    output packets 4566, bytes 451016, multicast packets 94, broadcast packets 24
11:39:42 sent 100 x ip10 src=00:00:5e:00:53:02 dst=00:00:5e:00:53:fe vlan=3000 outer=3995 on eth3 in 0.52s
### 11:39:52 counters after
11:39:57 >>> show interface port1.0.9,port1.0.10 | include Interface|input packets|output packets
show interface port1.0.9,port1.0.10 | include Interface|input packets|

output packets

Interface port1.0.9
    input packets 1201, bytes 112974, dropped 0, multicast packets 1
    output packets 4331, bytes 433532, multicast packets 90, broadcast packets 21
Interface port1.0.10
    input packets 704, bytes 63696, dropped 0, multicast packets 4
    output packets 4727, bytes 466244, multicast packets 95, broadcast packets 24
### tcpdump logs
tcpdump: listening on eth1, link-type EN10MB (Ethernet), snapshot length 262144 bytes
100 packets captured
100 packets received by filter
0 packets dropped by kernel
tcpdump: listening on eth3, link-type EN10MB (Ethernet), snapshot length 262144 bytes
0 packets captured
100 packets received by filter
0 packets dropped by kernel
### captures
### /tmp/ckvlan1052/27887-o2pr3-eth1.pcap: 100 frames
    100  marker=o2pr3      tags=2100        type=0x0800 dst=00:00:5e:00:53:fe src=00:00:5e:00:53:02
### /tmp/ckvlan1052/27887-o2pr3-eth3.pcap: 0 frames
