### 11:37:56 counters before
11:38:01 >>> show interface port1.0.9,port1.0.10 | include Interface|input packets|output packets
show interface port1.0.9,port1.0.10 | include Interface|input packets|

output packets

Interface port1.0.9
    input packets 901, bytes 84774, dropped 0, multicast packets 1
    output packets 3880, bytes 388642, multicast packets 84, broadcast packets 21
Interface port1.0.10
    input packets 604, bytes 54696, dropped 0, multicast packets 4
    output packets 4076, bytes 403350, multicast packets 89, broadcast packets 24
11:38:06 sent 100 x ip10 src=00:00:5e:00:53:02 dst=00:00:5e:00:53:fe vlan=2100 outer=3995 on eth3 in 0.52s
### 11:38:16 counters after
11:38:21 >>> show interface port1.0.9,port1.0.10 | include Interface|input packets|output packets
show interface port1.0.9,port1.0.10 | include Interface|input packets|

output packets

Interface port1.0.9
    input packets 1001, bytes 94174, dropped 0, multicast packets 1
    output packets 3942, bytes 394997, multicast packets 86, broadcast packets 21
Interface port1.0.10
    input packets 604, bytes 54696, dropped 0, multicast packets 4
    output packets 4238, bytes 418706, multicast packets 91, broadcast packets 24
### tcpdump logs
tcpdump: listening on eth1, link-type EN10MB (Ethernet), snapshot length 262144 bytes
100 packets captured
100 packets received by filter
0 packets dropped by kernel
tcpdump: listening on eth3, link-type EN10MB (Ethernet), snapshot length 262144 bytes
0 packets captured
100 packets received by filter
0 packets dropped by kernel
### captures
### /tmp/ckvlan1052/27887-o2r-eth1.pcap: 100 frames
    100  marker=o2r        tags=2100        type=0x0800 dst=00:00:5e:00:53:fe src=00:00:5e:00:53:02
### /tmp/ckvlan1052/27887-o2r-eth3.pcap: 0 frames
