### 11:38:23 counters before
11:38:28 >>> show interface port1.0.9,port1.0.10 | include Interface|input packets|output packets
show interface port1.0.9,port1.0.10 | include Interface|input packets|

output packets

Interface port1.0.9
    input packets 1001, bytes 94174, dropped 0, multicast packets 1
    output packets 3963, bytes 397153, multicast packets 86, broadcast packets 21
Interface port1.0.10
    input packets 604, bytes 54696, dropped 0, multicast packets 4
    output packets 4259, bytes 420862, multicast packets 91, broadcast packets 24
11:38:33 sent 100 x ip10 src=00:00:5e:00:53:02 dst=00:00:5e:00:53:fe vlan=3000 outer=3995 on eth3 in 0.50s
### 11:38:43 counters after
11:38:48 >>> show interface port1.0.9,port1.0.10 | include Interface|input packets|output packets
show interface port1.0.9,port1.0.10 | include Interface|input packets|

output packets

Interface port1.0.9
    input packets 1101, bytes 103574, dropped 0, multicast packets 1
    output packets 4025, bytes 403454, multicast packets 88, broadcast packets 21
Interface port1.0.10
    input packets 604, bytes 54696, dropped 0, multicast packets 4
    output packets 4421, bytes 436164, multicast packets 93, broadcast packets 24
### tcpdump logs
tcpdump: listening on eth1, link-type EN10MB (Ethernet), snapshot length 262144 bytes
100 packets captured
100 packets received by filter
0 packets dropped by kernel
tcpdump: listening on eth3, link-type EN10MB (Ethernet), snapshot length 262144 bytes
0 packets captured
100 packets received by filter
0 packets dropped by kernel
### captures
### /tmp/ckvlan1052/27887-o2r3-eth1.pcap: 100 frames
    100  marker=o2r3       tags=2100        type=0x0800 dst=00:00:5e:00:53:fe src=00:00:5e:00:53:02
### /tmp/ckvlan1052/27887-o2r3-eth3.pcap: 0 frames
