11:20:51 >>> show running-config
!
service password-encryption
!
hostname IE520-stk
!
no banner motd
!
username manager privilege 15 password 8 $5$bJob5N4D$VDlAWDKf4Z/shG0P/kPIysg5qD4cc1OidC4abIHlMg7
!
!
ssh server allow-users manager
service ssh
!
no service telnet
!
service http
!
no clock timezone
!
snmp-server
!
!
!
aaa authentication enable default local
aaa authentication login default local
!
!
!
stack virtual-mac
stack virtual-chassis-id 3439
!
!
loop-protection loop-detect ldf-interval 1 fast-block
!
service onm
no service ospf
!
!
!
!
ip domain-lookup
!
!
!
no service dhcp-server
!
!
!
no ip multicast-routing
!
lldp run
!
spanning-tree mode rstp
!
no lacp global-passive-mode enable
no spanning-tree rstp enable
!
switch 1 provision ie520-28
switch 2 provision ie520-28
!
vlan database
 vlan 10 name data
 vlan 4000 name sx-link
 vlan 10,4000 state enable
!
interface port1.0.1
 switchport
 switchport mode access
!
interface port1.0.2
 switchport
 switchport mode access
 switchport access vlan 10
 static-channel-group 1
!
interface port1.0.3-1.0.26
 switchport
 switchport mode access
!
interface port1.0.27-1.0.28
 stackport
!
interface port2.0.1
 switchport
 switchport mode access
!
interface port2.0.2
 switchport
 switchport mode access
 switchport access vlan 10
 static-channel-group 1
!
interface port2.0.3-2.0.8
 switchport
 switchport mode access
!
interface port2.0.9
 switchport
 switchport mode access
 static-channel-group 3
!
interface port2.0.10-2.0.25
 switchport
 switchport mode access
!
interface port2.0.26
 switchport
 switchport mode access
 switchport access vlan 4000
!
interface port2.0.27-2.0.28
 stackport
!
interface sa1
 switchport
 switchport mode access
 switchport access vlan 10
!
interface sa3
 switchport
 switchport mode access
!
interface vlan1
 ip address 10.38.215.10/27
 ip address 10.38.215.40/27 secondary
 ip address 10.38.215.66/27 secondary
 ipv6 enable
 ipv6 address dhcp
 ip dhcp-client vendor-identifying-class
 ip dhcp-client request vendor-identifying-specific
!
interface vlan10
 ip address 10.10.10.1/27
!
ip route 10.38.215.64/27 10.10.10.2
!
line con 0
 exec-timeout 0 0
line vty 0 7
!
end
11:20:52 >>> show boot
Boot configuration
--------------------------------------------------------------------------------
Current software   : coro-IE520-tb470.rel 
Current boot image : flash:/coro-IE520-tb470.rel (file exists)
Backup  boot image : Not set 
Default boot config: flash:/default.cfg
Current boot config: flash:/tb470-oldstack.cfg (file exists)
Backup  boot config: Not set 
Autoboot status    : disabled
Boot Security Level: none
11:20:53 >>> show stack
Virtual Chassis Stacking summary information

ID   Pending ID  MAC address        Priority  Status  Role
1    -           84e3.2787.0740     128       Ready   Backup Member
2    -           84e3.2787.09c0     128       Ready   Active Master

Operational Status                 Not all stack ports are up
Stack MAC address                  0000.cd37.0d6f (Virtual MAC)
11:20:55 >>> show system
System Status                                           Sun Oct 04 22:22:03 2026

Stack member 1

Board      ID   Bay     Board Name                        Rev   Serial number
--------------------------------------------------------------------------------
Base       717  Base    AT-IE520-28GSX                    X1-0  264A23066       
--------------------------------------------------------------------------------
RAM: Total: 506728 kB Free: 264448 kB
Flash: 106.3MB Used: 79.3MB Available: 27.0MB
--------------------------------------------------------------------------------
Environment Status : Normal
Uptime             : 0 days 00:09:08
Bootloader version : 9.1.0


Stack member 2

Board      ID   Bay     Board Name                        Rev   Serial number
--------------------------------------------------------------------------------
Base       717  Base    AT-IE520-28GSX                    X1-0  264A23052       
--------------------------------------------------------------------------------
RAM: Total: 506728 kB Free: 216288 kB
Flash: 106.3MB Used: 79.2MB Available: 27.1MB
--------------------------------------------------------------------------------
Environment Status : Normal
Uptime             : 0 days 00:57:25
Bootloader version : pauld


Current software   : coro-IE520-tb470.rel
Software version   : tomahawk_ie520-20260825-42
Build date         : Tue Aug 25 07:43:35 UTC 2026

Current boot config: flash:/tb470-oldstack.cfg (file exists)

System Name
 IE520-stk
System Contact

System Location
11:20:57 >>> show reboot history
Stack member 1:
<date> <time> <type> <description>
-------------------------------------------------------------------------
2026-10-04 22:13:45 Unexpected System reboot
2026-10-04 21:23:52 Expected   User Request
2026-10-04 21:16:49 Expected   User Request
2026-10-04 19:10:17 Expected   CLI(user request)
2026-10-04 19:03:17 Expected   CLI(user request)
2026-10-04 07:14:51 Unexpected System reboot
2026-10-03 13:49:22 Unexpected System reboot
2026-10-02 10:49:07 Unexpected System reboot
2026-10-02 05:06:27 Unexpected System reboot
2026-10-02 02:12:06 Unexpected System reboot
2026-10-01 21:22:12 Expected   User Request
2026-10-01 21:07:16 Expected   User Request
2026-10-01 19:40:07 Unexpected System reboot
2026-10-01 19:34:56 Unexpected System reboot
2026-10-01 19:28:40 Unexpected System reboot
2026-10-01 19:11:41 Unexpected System reboot
2026-10-01 19:05:28 Unexpected System reboot
2026-10-01 18:59:15 Unexpected System reboot
2026-10-01 18:52:23 Unexpected System reboot
2026-10-01 18:44:30 Unexpected System reboot
2026-10-01 18:20:13 Unexpected System reboot
2026-10-01 18:15:25 Unexpected System reboot
2026-09-30 22:09:16 Expected   User Request
2026-09-30 21:44:58 Unexpected System reboot
2026-09-30 20:41:08 Expected   User Request
2026-09-30 19:50:44 Expected   User Request
2026-09-30 19:09:14 Expected   User Request
2026-09-30 04:16:07 Expected   User Request
2026-09-30 02:46:41 Expected   User Request
2026-09-30 01:45:30 Expected   User Request
2026-09-30 01:17:13 Expected   User Request
2026-09-30 01:03:39 Expected   User Request
2026-09-30 00:55:21 Expected   User Request
2026-09-28 23:57:45 Unexpected System reboot
2026-09-28 23:52:09 Unexpected System reboot
2026-09-28 23:46:32 Unexpected System reboot
2026-09-28 23:41:48 Unexpected System reboot
2026-09-28 23:35:56 Unexpected System reboot
2026-09-28 19:59:54 Unexpected System reboot
2026-09-28 19:54:50 Unexpected System reboot
2026-09-24 22:34:52 Expected   User Request
2026-09-24 21:20:36 Expected   User Request
2026-09-24 04:12:11 Expected   User Request
2026-09-22 22:52:30 Expected   User Request
2026-09-22 21:16:57 Expected   User Request
2026-09-21 01:52:30 Expected   User Request
2026-09-19 15:38:09 Expected   User Request
2026-09-19 15:26:55 Expected   User Request
2026-09-19 15:15:49 Expected   User Request
2026-09-19 15:04:34 Expected   User Request
2026-09-19 14:53:24 Expected   User Request
2026-09-19 14:42:08 Expected   User Request
2026-09-19 14:30:59 Expected   User Request
2026-09-19 14:19:51 Expected   User Request
2026-09-19 14:08:37 Expected   User Request
2026-09-19 13:57:27 Expected   User Request
2026-09-19 13:46:21 Expected   User Request
2026-09-19 13:35:08 Expected   User Request
2026-09-19 13:24:01 Expected   User Request
2026-09-19 13:12:45 Expected   User Request
2026-09-19 13:01:32 Expected   User Request
2026-09-19 12:50:22 Expected   User Request
2026-09-19 12:39:12 Expected   User Request
2026-09-19 12:28:02 Expected   User Request
2026-09-19 12:16:54 Expected   User Request
2026-09-19 12:05:40 Expected   User Request
2026-09-19 11:54:29 Expected   User Request
2026-09-19 11:43:18 Expected   User Request
2026-09-19 11:32:09 Expected   User Request
2026-09-19 11:20:52 Expected   User Request
2026-09-19 11:09:42 Expected   User Request
2026-09-19 10:58:35 Expected   User Request
2026-09-19 10:47:28 Expected   User Request
2026-09-19 10:36:10 Expected   User Request
2026-09-19 10:25:00 Expected   User Request
2026-09-19 10:13:48 Expected   User Request
2026-09-19 10:02:37 Expected   User Request
2026-09-19 09:51:27 Expected   User Request
2026-09-19 09:40:18 Expected   User Request
2026-09-19 09:29:13 Expected   User Request
2026-09-19 09:17:56 Expected   User Request
2026-09-19 09:06:45 Expected   User Request
2026-09-19 08:55:36 Expected   User Request
2026-09-19 08:44:19 Expected   User Request
2026-09-19 08:33:12 Expected   User Request
2026-09-19 08:21:51 Expected   User Request
2026-09-19 08:10:41 Expected   User Request
2026-09-19 07:59:33 Expected   User Request
2026-09-19 07:48:15 Expected   User Request
2026-09-19 07:37:03 Expected   User Request
2026-09-19 07:25:51 Expected   User Request
2026-09-19 07:14:41 Expected   User Request
2026-09-19 07:03:34 Expected   User Request
2026-09-19 06:52:20 Expected   User Request
2026-09-19 06:41:15 Expected   User Request
2026-09-19 06:30:00 Expected   User Request
2026-09-19 06:18:49 Expected   User Request
2026-09-19 06:07:36 Expected   User Request
2026-09-19 05:56:28 Expected   User Request
2026-09-19 05:45:27 Expected   User Request
-------------------------------------------------------------------------


Stack member 2:
<date> <time> <type> <description>
-------------------------------------------------------------------------
2026-10-04 21:23:51 Expected   User Request
2026-10-04 21:16:49 Expected   User Request
2026-10-04 19:16:48 Expected   CLI(user request)
2026-10-04 19:03:18 Expected   CLI(user request)
2026-10-04 09:40:59 Unexpected System reboot
2026-10-03 06:23:45 Unexpected System reboot
2026-10-03 06:13:45 Unexpected System reboot
2026-10-02 23:28:39 Unexpected System reboot
2026-10-02 14:54:32 Unexpected System reboot
2026-10-02 06:44:10 Unexpected System reboot
2026-10-01 23:36:23 Unexpected System reboot
2026-10-01 21:22:12 Expected   User Request
2026-10-01 21:07:16 Expected   User Request
2026-10-01 19:39:58 Unexpected System reboot
2026-10-01 19:34:53 Unexpected System reboot
2026-10-01 19:28:33 Unexpected System reboot
2026-10-01 19:11:35 Unexpected System reboot
2026-10-01 19:05:25 Unexpected System reboot
2026-10-01 18:59:07 Unexpected System reboot
2026-10-01 18:52:14 Unexpected System reboot
2026-10-01 18:44:26 Unexpected System reboot
2026-10-01 18:20:11 Unexpected System reboot
2026-10-01 18:15:10 Unexpected System reboot
2026-09-30 22:09:16 Expected   User Request
2026-09-30 21:44:54 Unexpected System reboot
2026-09-30 20:41:08 Expected   User Request
2026-09-30 19:50:44 Expected   User Request
2026-09-30 19:09:14 Expected   User Request
2026-09-30 07:28:03 Unexpected System reboot
2026-09-30 04:16:07 Expected   User Request
2026-09-30 02:46:41 Expected   User Request
2026-09-30 01:45:30 Expected   User Request
2026-09-30 01:10:37 Expected   User Request
2026-09-28 23:57:38 Unexpected System reboot
2026-09-28 23:51:59 Unexpected System reboot
2026-09-28 23:46:25 Unexpected System reboot
2026-09-28 23:41:39 Unexpected System reboot
2026-09-28 23:35:50 Unexpected System reboot
2026-09-28 19:59:44 Unexpected System reboot
2026-09-28 19:54:07 Unexpected System reboot
2026-09-24 22:34:52 Expected   User Request
2026-09-24 21:20:35 Expected   User Request
2026-09-24 04:21:45 Expected   User Request
2026-09-22 23:24:58 Unexpected Rebooting due to VCS duplicate master
2026-09-22 23:18:07 Expected   CLI(user request)
2026-09-22 22:52:30 Expected   User Request
2026-09-22 21:16:57 Expected   User Request
2026-09-18 10:36:27 Expected   User Request
2026-09-18 10:19:44 Expected   User Request
2026-09-18 10:02:51 Expected   User Request
2026-09-18 09:46:07 Expected   User Request
2026-09-18 09:29:24 Expected   User Request
2026-09-18 09:12:50 Expected   User Request
2026-09-18 08:56:04 Expected   User Request
2026-09-18 08:39:19 Expected   User Request
2026-09-18 08:22:29 Expected   User Request
2026-09-18 08:05:47 Expected   User Request
2026-09-18 07:49:06 Expected   User Request
2026-09-18 07:32:20 Expected   User Request
2026-09-18 07:15:41 Expected   User Request
2026-09-18 06:58:59 Expected   User Request
2026-09-18 06:42:20 Expected   User Request
2026-09-18 06:25:34 Expected   User Request
2026-09-18 06:08:57 Expected   User Request
2026-09-18 05:52:25 Expected   User Request
2026-09-18 05:35:39 Expected   User Request
2026-09-18 05:18:58 Expected   User Request
2026-09-18 05:02:20 Expected   User Request
2026-09-18 04:45:38 Expected   User Request
2026-09-18 04:29:04 Expected   User Request
2026-09-18 04:12:30 Expected   User Request
2026-09-18 02:01:41 Expected   User Request
2026-09-17 21:25:21 Unexpected Rebooting due to VCS duplicate master
2026-09-14 21:19:55 Unexpected Rebooting due to VCS duplicate master
2026-09-14 02:33:25 Unexpected Rebooting due to VCS duplicate master
2026-09-14 02:19:13 Expected   CLI(user request)
2026-09-13 20:21:55 Unexpected Rebooting due to VCS duplicate member-ID
2026-09-13 20:19:50 Expected   CLI(user request)
2026-09-13 20:16:26 Unexpected Rebooting due to VCS duplicate master
2026-09-11 03:19:32 Expected   CLI(user request)
2026-09-10 20:57:21 Expected   CLI(user request)
2026-09-07 02:02:12 Expected   CLI(user request)
2026-09-07 01:58:17 Expected   CLI(user request)
2026-09-06 18:22:19 Unexpected System reboot
2026-09-06 11:02:00 Unexpected System reboot
2026-09-06 04:33:54 Unexpected System reboot
2026-09-05 11:14:48 Unexpected System reboot
2026-09-05 02:10:54 Unexpected System reboot
2026-09-04 21:50:30 Unexpected System reboot
2026-09-04 16:13:49 Unexpected System reboot
2026-09-04 07:57:25 Unexpected System reboot
2026-09-04 05:28:06 Unexpected System reboot
2026-09-04 03:44:14 Expected   CLI(user request)
2026-09-04 01:36:00 Expected   CLI(user request)
2026-09-04 01:09:02 Unexpected System reboot
-------------------------------------------------------------------------
11:20:58 >>> show interface port1.0.9,port1.0.10 status
Port        Name               Status      Vlan      Duplex Speed   Type        
--------------------------------------------------------------------------------
port1.0.9   -                  connected           1 a-full a-1000  10GBASE-TM  
port1.0.10  -                  connected           1 a-full a-1000  1000BASE-T
11:21:00 >>> show vlan brief
VLAN ID  Name            Type    State   Member ports                   
                                         (u)-Untagged, (t)-Tagged
======= ================ ======= ======= ====================================
1       default          STATIC  ACTIVE  sa3(u) port1.0.1(u) port1.0.3(u) 
                                         port1.0.4(u) port1.0.5(u) port1.0.6(u) 
                                         port1.0.7(u) port1.0.8(u) port1.0.9(u) 
                                         port1.0.10(u) port1.0.11(u) 
                                         port1.0.12(u) port1.0.13(u) 
                                         port1.0.14(u) port1.0.15(u) 
                                         port1.0.16(u) port1.0.17(u) 
                                         port1.0.18(u) port1.0.19(u) 
                                         port1.0.20(u) port1.0.21(u) 
                                         port1.0.22(u) port1.0.23(u) 
                                         port1.0.24(u) port1.0.25(u) 
                                         port1.0.26(u) port2.0.1(u) 
                                         port2.0.3(u) port2.0.4(u) port2.0.5(u) 
                                         port2.0.6(u) port2.0.7(u) port2.0.8(u) 
                                         port2.0.9(u) port2.0.10(u) 
                                         port2.0.11(u) port2.0.12(u) 
                                         port2.0.13(u) port2.0.14(u) 
                                         port2.0.15(u) port2.0.16(u) 
                                         port2.0.17(u) port2.0.18(u) 
                                         port2.0.19(u) port2.0.20(u) 
                                         port2.0.21(u) port2.0.22(u) 
                                         port2.0.23(u) port2.0.24(u) 
                                         port2.0.25(u) 
10      data             STATIC  ACTIVE  sa1(u) port1.0.2(u) port2.0.2(u) 
4000    sx-link          STATIC  ACTIVE  port2.0.26(u)
11:21:01 >>> show interface port1.0.9,port1.0.10 switchport
^
% Invalid input detected at '^' marker.
11:21:06 >>> remote-diff all show running-config
% Comparing "show running-config" on node 2 and node 1
% Results are identical
