### 11:23:08 counters before
11:23:13 >>> show interface port1.0.9,port1.0.10 | include Interface|input packets|output packets
show interface port1.0.9,port1.0.10 | include Interface|input packets|

output packets

Interface port1.0.9
    input packets 1, bytes 174, dropped 0, multicast packets 1
    output packets 702, bytes 69247, multicast packets 43, broadcast packets 21
Interface port1.0.10
    input packets 4, bytes 696, dropped 0, multicast packets 4
    output packets 714, bytes 70390, multicast packets 48, broadcast packets 24
11:23:18 sent 100 x ip10 src=00:00:5e:00:53:01 dst=00:00:5e:00:53:ff vlan=2100 outer=None on eth1 in 0.50s
### 11:23:28 counters after
11:23:33 >>> show interface port1.0.9,port1.0.10 | include Interface|input packets|output packets
show interface port1.0.9,port1.0.10 | include Interface|input packets|

output packets

Interface port1.0.9
    input packets 1, bytes 174, dropped 0, multicast packets 1
    output packets 765, bytes 75676, multicast packets 46, broadcast packets 21
Interface port1.0.10
    input packets 104, bytes 9696, dropped 0, multicast packets 4
    output packets 777, bytes 76820, multicast packets 51, broadcast packets 24
### tcpdump logs
tcpdump: listening on eth1, link-type EN10MB (Ethernet), snapshot length 262144 bytes
0 packets captured
100 packets received by filter
0 packets dropped by kernel
tcpdump: listening on eth3, link-type EN10MB (Ethernet), snapshot length 262144 bytes
0 packets captured
0 packets received by filter
0 packets dropped by kernel
### captures
### /tmp/ckvlan1052/27887-s0f-eth1.pcap: 0 frames
### /tmp/ckvlan1052/27887-s0f-eth3.pcap: 0 frames
