### 11:23:35 counters before
11:23:40 >>> show interface port1.0.9,port1.0.10 | include Interface|input packets|output packets
show interface port1.0.9,port1.0.10 | include Interface|input packets|

output packets

Interface port1.0.9
    input packets 1, bytes 174, dropped 0, multicast packets 1
    output packets 786, bytes 77832, multicast packets 46, broadcast packets 21
Interface port1.0.10
    input packets 104, bytes 9696, dropped 0, multicast packets 4
    output packets 798, bytes 78976, multicast packets 51, broadcast packets 24
11:23:46 sent 100 x ip10 src=00:00:5e:00:53:02 dst=00:00:5e:00:53:fe vlan=2100 outer=3995 on eth3 in 0.52s
### 11:23:56 counters after
11:24:01 >>> show interface port1.0.9,port1.0.10 | include Interface|input packets|output packets
show interface port1.0.9,port1.0.10 | include Interface|input packets|

output packets

Interface port1.0.9
    input packets 101, bytes 9574, dropped 0, multicast packets 1
    output packets 847, bytes 84059, multicast packets 47, broadcast packets 21
Interface port1.0.10
    input packets 104, bytes 9696, dropped 0, multicast packets 4
    output packets 959, bytes 94604, multicast packets 52, broadcast packets 24
### tcpdump logs
tcpdump: listening on eth1, link-type EN10MB (Ethernet), snapshot length 262144 bytes
100 packets captured
100 packets received by filter
0 packets dropped by kernel
tcpdump: listening on eth3, link-type EN10MB (Ethernet), snapshot length 262144 bytes
0 packets captured
100 packets received by filter
0 packets dropped by kernel
### captures
### /tmp/ckvlan1052/27887-s0r-eth1.pcap: 100 frames
    100  marker=s0r        tags=3995,2100   type=0x0800 dst=00:00:5e:00:53:fe src=00:00:5e:00:53:02
### /tmp/ckvlan1052/27887-s0r-eth3.pcap: 0 frames
