11:24:23 >>> configure terminal
Enter configuration commands, one per line.  End with CNTL/Z.
11:24:25 >>> interface port1.0.10
11:24:26 >>> switchport mode access
11:24:27 >>> switchport access vlan 3995
11:24:28 >>> switchport vlan-stacking customer-edge-port
11:24:29 >>> interface port1.0.9
11:24:30 >>> switchport vlan-stacking provider-port
11:24:32 >>> end
11:24:33 >>> show running-config interface port1.0.9-1.0.10
!
interface port1.0.9
 switchport
 switchport mode trunk
 switchport trunk allowed vlan add 3995,3997
 switchport vlan-stacking provider-port 
!
!
interface port1.0.10
 switchport
 switchport mode access
 switchport access vlan 3995
 switchport vlan-stacking customer-edge-port 
!
11:24:34 >>> show vlan 3995
VLAN ID  Name            Type    State   Member ports                   
                                         (u)-Untagged, (t)-Tagged
======= ================ ======= ======= ====================================
3995    ck-svlan         STATIC  ACTIVE  port1.0.9(t) port1.0.10(u)
11:24:35 >>> show interface port1.0.9,port1.0.10 status
Port        Name               Status      Vlan      Duplex Speed   Type        
--------------------------------------------------------------------------------
port1.0.9   -                  connected       trunk a-full a-1000  10GBASE-TM  
port1.0.10  -                  connected        3995 a-full a-1000  1000BASE-T
