11:25:50 >>> configure terminal
Enter configuration commands, one per line.  End with CNTL/Z.
11:25:51 >>> interface port1.0.10
11:25:52 >>> no switchport vlan-stacking
11:25:53 >>> no switchport access vlan
11:25:54 >>> switchport mode trunk
11:25:55 >>> interface port1.0.9
11:25:57 >>> no switchport vlan-stacking
11:25:58 >>> end
11:25:59 >>> show running-config interface port1.0.9-1.0.10
!
interface port1.0.9
 switchport
 switchport mode trunk
 switchport trunk allowed vlan add 3995,3997
!
!
interface port1.0.10
 switchport
 switchport mode trunk
!
11:26:12 >>> configure terminal
Enter configuration commands, one per line.  End with CNTL/Z.
11:26:14 >>> interface port1.0.10
11:26:15 >>> switchport trunk allowed vlan add 3995,3997
11:26:16 >>> end
