### 11:24:41 counters before
11:24:46 >>> show interface port1.0.9,port1.0.10 | include Interface|input packets|output packets
show interface port1.0.9,port1.0.10 | include Interface|input packets|

output packets

Interface port1.0.9
    input packets 101, bytes 9574, dropped 0, multicast packets 1
    output packets 985, bytes 98188, multicast packets 50, broadcast packets 21
Interface port1.0.10
    input packets 104, bytes 9696, dropped 0, multicast packets 4
    output packets 1057, bytes 104574, multicast packets 55, broadcast packets 24
11:24:52 sent 100 x ip10 src=00:00:5e:00:53:01 dst=00:00:5e:00:53:ff vlan=2100 outer=None on eth1 in 0.51s
### 11:25:02 counters after
11:25:07 >>> show interface port1.0.9,port1.0.10 | include Interface|input packets|output packets
show interface port1.0.9,port1.0.10 | include Interface|input packets|

output packets

Interface port1.0.9
    input packets 101, bytes 9574, dropped 0, multicast packets 1
    output packets 1149, bytes 114123, multicast packets 51, broadcast packets 21
Interface port1.0.10
    input packets 204, bytes 18696, dropped 0, multicast packets 4
    output packets 1079, bytes 106742, multicast packets 56, broadcast packets 24
### tcpdump logs
tcpdump: listening on eth1, link-type EN10MB (Ethernet), snapshot length 262144 bytes
0 packets captured
100 packets received by filter
0 packets dropped by kernel
tcpdump: listening on eth3, link-type EN10MB (Ethernet), snapshot length 262144 bytes
100 packets captured
100 packets received by filter
0 packets dropped by kernel
### captures
### /tmp/ckvlan1052/27887-s1f-eth1.pcap: 0 frames
### /tmp/ckvlan1052/27887-s1f-eth3.pcap: 100 frames
    100  marker=s1f        tags=3995,2100   type=0x0800 dst=00:00:5e:00:53:ff src=00:00:5e:00:53:01
