11:26:43 >>> configure terminal
Enter configuration commands, one per line.  End with CNTL/Z.
11:26:44 >>> interface port1.0.10
11:26:46 >>> switchport vlan translation vlan 2100 vlan 3997 outer-vlan 3995
switchport vlan translation vlan 2100 vlan 3997 outer-vlan 

3995
11:26:47 >>> end
11:26:48 >>> show running-config interface port1.0.9-1.0.10
!
interface port1.0.9
 switchport
 switchport mode trunk
 switchport trunk allowed vlan add 3995,3997
!
!
interface port1.0.10
 switchport
 switchport mode trunk
 switchport trunk allowed vlan add 3995,3997
 switchport vlan translation vlan 2100 vlan 3997 outer-vlan 3995
!
11:26:49 >>> show interface switchport vlan translation
Interface: port1.0.9
VLAN on Wire            VLAN                    Outer Vlan              
=================       ===================     ===================     
default                 accept                  

Interface: port1.0.10
VLAN on Wire            VLAN                    Outer Vlan              
=================       ===================     ===================     
2100                    3997                    3995                    
default                 accept
11:26:50 >>> show vlan 3995
VLAN ID  Name            Type    State   Member ports                   
                                         (u)-Untagged, (t)-Tagged
======= ================ ======= ======= ====================================
3995    ck-svlan         STATIC  ACTIVE  port1.0.9(t) port1.0.10(t)
11:26:51 >>> show vlan 3997
VLAN ID  Name            Type    State   Member ports                   
                                         (u)-Untagged, (t)-Tagged
======= ================ ======= ======= ====================================
3997    ck-internal      STATIC  ACTIVE  port1.0.9(t) port1.0.10(t)
