### 11:26:56 counters before
11:27:01 >>> show interface port1.0.9,port1.0.10 | include Interface|input packets|output packets
show interface port1.0.9,port1.0.10 | include Interface|input packets|

output packets

Interface port1.0.9
    input packets 201, bytes 18974, dropped 0, multicast packets 1
    output packets 1491, bytes 149089, multicast packets 57, broadcast packets 21
Interface port1.0.10
    input packets 204, bytes 18696, dropped 0, multicast packets 4
    output packets 1387, bytes 136776, multicast packets 62, broadcast packets 24
11:27:06 sent 100 x ip10 src=00:00:5e:00:53:01 dst=00:00:5e:00:53:ff vlan=2100 outer=None on eth1 in 0.51s
### 11:27:16 counters after
11:27:21 >>> show interface port1.0.9,port1.0.10 | include Interface|input packets|output packets
show interface port1.0.9,port1.0.10 | include Interface|input packets|

output packets

Interface port1.0.9
    input packets 201, bytes 18974, dropped 0, multicast packets 1
    output packets 1654, bytes 164557, multicast packets 57, broadcast packets 21
Interface port1.0.10
    input packets 304, bytes 27696, dropped 0, multicast packets 4
    output packets 1450, bytes 143244, multicast packets 62, broadcast packets 24
### tcpdump logs
tcpdump: listening on eth1, link-type EN10MB (Ethernet), snapshot length 262144 bytes
0 packets captured
100 packets received by filter
0 packets dropped by kernel
tcpdump: listening on eth3, link-type EN10MB (Ethernet), snapshot length 262144 bytes
100 packets captured
100 packets received by filter
0 packets dropped by kernel
### captures
### /tmp/ckvlan1052/27887-sa1f-eth1.pcap: 0 frames
### /tmp/ckvlan1052/27887-sa1f-eth3.pcap: 100 frames
    100  marker=sa1f       tags=3995        type=0x0800 dst=00:00:5e:00:53:ff src=00:00:5e:00:53:01
