### 11:30:01 counters before
11:30:06 >>> show interface port1.0.9,port1.0.10 | include Interface|input packets|output packets
show interface port1.0.9,port1.0.10 | include Interface|input packets|

output packets

Interface port1.0.9
    input packets 501, bytes 47174, dropped 0, multicast packets 1
    output packets 2250, bytes 224291, multicast packets 64, broadcast packets 21
Interface port1.0.10
    input packets 404, bytes 36696, dropped 0, multicast packets 4
    output packets 2246, bytes 220984, multicast packets 69, broadcast packets 24
11:30:11 sent 100 x ip10 src=00:00:5e:00:53:02 dst=00:00:5e:00:53:fe vlan=3997 outer=3995 on eth3 in 0.53s
### 11:30:21 counters after
11:30:27 >>> show interface port1.0.9,port1.0.10 | include Interface|input packets|output packets
show interface port1.0.9,port1.0.10 | include Interface|input packets|

output packets

Interface port1.0.9
    input packets 601, bytes 56574, dropped 0, multicast packets 1
    output packets 2310, bytes 230451, multicast packets 64, broadcast packets 21
Interface port1.0.10
    input packets 404, bytes 36696, dropped 0, multicast packets 4
    output packets 2406, bytes 236144, multicast packets 69, broadcast packets 24
### tcpdump logs
tcpdump: listening on eth1, link-type EN10MB (Ethernet), snapshot length 262144 bytes
100 packets captured
100 packets received by filter
0 packets dropped by kernel
tcpdump: listening on eth3, link-type EN10MB (Ethernet), snapshot length 262144 bytes
0 packets captured
100 packets received by filter
0 packets dropped by kernel
### captures
### /tmp/ckvlan1052/27887-sa1pr-eth1.pcap: 100 frames
    100  marker=sa1pr      tags=2100        type=0x0800 dst=00:00:5e:00:53:fe src=00:00:5e:00:53:02
### /tmp/ckvlan1052/27887-sa1pr-eth3.pcap: 0 frames
