### 11:29:31 counters before
11:29:36 >>> show interface port1.0.9,port1.0.10 | include Interface|input packets|output packets
show interface port1.0.9,port1.0.10 | include Interface|input packets|

output packets

Interface port1.0.9
    input packets 501, bytes 47174, dropped 0, multicast packets 1
    output packets 2059, bytes 205984, multicast packets 63, broadcast packets 21
Interface port1.0.10
    input packets 304, bytes 27696, dropped 0, multicast packets 4
    output packets 2155, bytes 211676, multicast packets 68, broadcast packets 24
11:29:44 sent 100 x ip10 src=00:00:5e:00:53:01 dst=00:00:5e:00:53:ff vlan=2100 outer=None on eth1 in 0.51s
### 11:29:54 counters after
11:29:59 >>> show interface port1.0.9,port1.0.10 | include Interface|input packets|output packets
show interface port1.0.9,port1.0.10 | include Interface|input packets|

output packets

Interface port1.0.9
    input packets 501, bytes 47174, dropped 0, multicast packets 1
    output packets 2229, bytes 222135, multicast packets 64, broadcast packets 21
Interface port1.0.10
    input packets 404, bytes 36696, dropped 0, multicast packets 4
    output packets 2224, bytes 218760, multicast packets 68, broadcast packets 24
### tcpdump logs
tcpdump: listening on eth1, link-type EN10MB (Ethernet), snapshot length 262144 bytes
0 packets captured
100 packets received by filter
0 packets dropped by kernel
tcpdump: listening on eth3, link-type EN10MB (Ethernet), snapshot length 262144 bytes
100 packets captured
100 packets received by filter
0 packets dropped by kernel
### captures
### /tmp/ckvlan1052/27887-sa1pf-eth1.pcap: 0 frames
### /tmp/ckvlan1052/27887-sa1pf-eth3.pcap: 100 frames
    100  marker=sa1pf      tags=3995        type=0x0800 dst=00:00:5e:00:53:ff src=00:00:5e:00:53:01
