11:29:21 >>> configure terminal
Enter configuration commands, one per line.  End with CNTL/Z.
11:29:22 >>> interface port1.0.9
11:29:23 >>> switchport vlan-stacking provider-port
11:29:24 >>> end
11:29:26 >>> show running-config interface port1.0.9-1.0.10
!
interface port1.0.9
 switchport
 switchport mode trunk
 switchport trunk allowed vlan add 3995,3997
 switchport vlan-stacking provider-port 
!
!
interface port1.0.10
 switchport
 switchport mode trunk
 switchport trunk allowed vlan add 3995,3997
 switchport vlan translation vlan 2100 vlan 3997 outer-vlan 3995
!
11:29:27 >>> show interface switchport vlan translation
Interface: port1.0.9
VLAN on Wire            VLAN                    Outer Vlan              
=================       ===================     ===================     
default                 accept                  

Interface: port1.0.10
VLAN on Wire            VLAN                    Outer Vlan              
=================       ===================     ===================     
2100                    3997                    3995                    
default                 accept
