### 11:27:50 counters before
11:27:55 >>> show interface port1.0.9,port1.0.10 | include Interface|input packets|output packets
show interface port1.0.9,port1.0.10 | include Interface|input packets|

output packets

Interface port1.0.9
    input packets 301, bytes 28374, dropped 0, multicast packets 1
    output packets 1757, bytes 175096, multicast packets 58, broadcast packets 21
Interface port1.0.10
    input packets 304, bytes 27696, dropped 0, multicast packets 4
    output packets 1653, bytes 162784, multicast packets 63, broadcast packets 24
11:28:01 sent 100 x ip10 src=00:00:5e:00:53:02 dst=00:00:5e:00:53:fe vlan=2100 outer=3995 on eth3 in 0.53s
### 11:28:11 counters after
11:28:16 >>> show interface port1.0.9,port1.0.10 | include Interface|input packets|output packets
show interface port1.0.9,port1.0.10 | include Interface|input packets|

output packets

Interface port1.0.9
    input packets 401, bytes 37774, dropped 0, multicast packets 1
    output packets 1818, bytes 181323, multicast packets 59, broadcast packets 21
Interface port1.0.10
    input packets 304, bytes 27696, dropped 0, multicast packets 4
    output packets 1814, bytes 178012, multicast packets 64, broadcast packets 24
### tcpdump logs
tcpdump: listening on eth1, link-type EN10MB (Ethernet), snapshot length 262144 bytes
100 packets captured
100 packets received by filter
0 packets dropped by kernel
tcpdump: listening on eth3, link-type EN10MB (Ethernet), snapshot length 262144 bytes
0 packets captured
100 packets received by filter
0 packets dropped by kernel
### captures
### /tmp/ckvlan1052/27887-sa1r2-eth1.pcap: 100 frames
    100  marker=sa1r2      tags=2100        type=0x0800 dst=00:00:5e:00:53:fe src=00:00:5e:00:53:02
### /tmp/ckvlan1052/27887-sa1r2-eth3.pcap: 0 frames
