### 11:28:32 counters before
11:28:37 >>> show interface port1.0.9,port1.0.10 | include Interface|input packets|output packets
show interface port1.0.9,port1.0.10 | include Interface|input packets|

output packets

Interface port1.0.9
    input packets 401, bytes 37774, dropped 0, multicast packets 1
    output packets 1883, bytes 187986, multicast packets 61, broadcast packets 21
Interface port1.0.10
    input packets 304, bytes 27696, dropped 0, multicast packets 4
    output packets 1879, bytes 184676, multicast packets 66, broadcast packets 24
11:28:43 sent 100 x ip10 src=00:00:5e:00:53:02 dst=00:00:5e:00:53:fe vlan=3000 outer=3995 on eth3 in 0.53s
### 11:28:53 counters after
11:28:58 >>> show interface port1.0.9,port1.0.10 | include Interface|input packets|output packets
show interface port1.0.9,port1.0.10 | include Interface|input packets|

output packets

Interface port1.0.9
    input packets 501, bytes 47174, dropped 0, multicast packets 1
    output packets 1943, bytes 194146, multicast packets 61, broadcast packets 21
Interface port1.0.10
    input packets 304, bytes 27696, dropped 0, multicast packets 4
    output packets 2039, bytes 199836, multicast packets 66, broadcast packets 24
### tcpdump logs
tcpdump: listening on eth1, link-type EN10MB (Ethernet), snapshot length 262144 bytes
100 packets captured
100 packets received by filter
0 packets dropped by kernel
tcpdump: listening on eth3, link-type EN10MB (Ethernet), snapshot length 262144 bytes
0 packets captured
100 packets received by filter
0 packets dropped by kernel
### captures
### /tmp/ckvlan1052/27887-sa1r3-eth1.pcap: 100 frames
    100  marker=sa1r3      tags=2100        type=0x0800 dst=00:00:5e:00:53:fe src=00:00:5e:00:53:02
### /tmp/ckvlan1052/27887-sa1r3-eth3.pcap: 0 frames
