11:31:32 >>> configure terminal
Enter configuration commands, one per line.  End with CNTL/Z.
11:31:33 >>> interface port1.0.10
11:31:34 >>> switchport vlan translation vlan 2100 outer-vlan 3995 vlan 3997
switchport vlan translation vlan 2100 outer-vlan 3995 vlan 

3997
11:31:35 >>> end
11:31:37 >>> show running-config interface port1.0.9-1.0.10
!
interface port1.0.9
 switchport
 switchport mode trunk
 switchport trunk allowed vlan add 3995,3997
!
!
interface port1.0.10
 switchport
 switchport mode trunk
 switchport trunk allowed vlan add 3995,3997
 switchport vlan translation vlan 2100 vlan 3997 outer-vlan 3995
!
11:31:38 >>> show interface switchport vlan translation
Interface: port1.0.9
VLAN on Wire            VLAN                    Outer Vlan              
=================       ===================     ===================     
default                 accept                  

Interface: port1.0.10
VLAN on Wire            VLAN                    Outer Vlan              
=================       ===================     ===================     
2100                    3997                    3995                    
default                 accept
