### 11:31:42 counters before
11:31:47 >>> show interface port1.0.9,port1.0.10 | include Interface|input packets|output packets
show interface port1.0.9,port1.0.10 | include Interface|input packets|

output packets

Interface port1.0.9
    input packets 701, bytes 65974, dropped 0, multicast packets 1
    output packets 2555, bytes 255494, multicast packets 69, broadcast packets 21
Interface port1.0.10
    input packets 404, bytes 36696, dropped 0, multicast packets 4
    output packets 2751, bytes 270190, multicast packets 74, broadcast packets 24
11:31:52 sent 100 x ip10 src=00:00:5e:00:53:01 dst=00:00:5e:00:53:ff vlan=2100 outer=None on eth1 in 0.52s
### 11:32:03 counters after
11:32:08 >>> show interface port1.0.9,port1.0.10 | include Interface|input packets|output packets
show interface port1.0.9,port1.0.10 | include Interface|input packets|

output packets

Interface port1.0.9
    input packets 701, bytes 65974, dropped 0, multicast packets 1
    output packets 2716, bytes 270721, multicast packets 70, broadcast packets 21
Interface port1.0.10
    input packets 504, bytes 45696, dropped 0, multicast packets 4
    output packets 2812, bytes 276418, multicast packets 75, broadcast packets 24
### tcpdump logs
tcpdump: listening on eth1, link-type EN10MB (Ethernet), snapshot length 262144 bytes
0 packets captured
100 packets received by filter
0 packets dropped by kernel
tcpdump: listening on eth3, link-type EN10MB (Ethernet), snapshot length 262144 bytes
100 packets captured
100 packets received by filter
0 packets dropped by kernel
### captures
### /tmp/ckvlan1052/27887-sa2f-eth1.pcap: 0 frames
### /tmp/ckvlan1052/27887-sa2f-eth3.pcap: 100 frames
    100  marker=sa2f       tags=3995        type=0x0800 dst=00:00:5e:00:53:ff src=00:00:5e:00:53:01
