### 11:32:09 counters before
11:32:14 >>> show interface port1.0.9,port1.0.10 | include Interface|input packets|output packets
show interface port1.0.9,port1.0.10 | include Interface|input packets|

output packets

Interface port1.0.9
    input packets 701, bytes 65974, dropped 0, multicast packets 1
    output packets 2737, bytes 272877, multicast packets 70, broadcast packets 21
Interface port1.0.10
    input packets 504, bytes 45696, dropped 0, multicast packets 4
    output packets 2833, bytes 278574, multicast packets 75, broadcast packets 24
11:32:20 sent 100 x ip10 src=00:00:5e:00:53:02 dst=00:00:5e:00:53:fe vlan=3997 outer=3995 on eth3 in 0.52s
### 11:32:30 counters after
11:32:35 >>> show interface port1.0.9,port1.0.10 | include Interface|input packets|output packets
show interface port1.0.9,port1.0.10 | include Interface|input packets|

output packets

Interface port1.0.9
    input packets 801, bytes 75374, dropped 0, multicast packets 1
    output packets 2798, bytes 279104, multicast packets 71, broadcast packets 21
Interface port1.0.10
    input packets 504, bytes 45696, dropped 0, multicast packets 4
    output packets 2994, bytes 293802, multicast packets 76, broadcast packets 24
### tcpdump logs
tcpdump: listening on eth1, link-type EN10MB (Ethernet), snapshot length 262144 bytes
100 packets captured
100 packets received by filter
0 packets dropped by kernel
tcpdump: listening on eth3, link-type EN10MB (Ethernet), snapshot length 262144 bytes
0 packets captured
100 packets received by filter
0 packets dropped by kernel
### captures
### /tmp/ckvlan1052/27887-sa2r-eth1.pcap: 100 frames
    100  marker=sa2r       tags=2100        type=0x0800 dst=00:00:5e:00:53:fe src=00:00:5e:00:53:02
### /tmp/ckvlan1052/27887-sa2r-eth3.pcap: 0 frames
