11:45:47 >>> configure terminal
Enter configuration commands, one per line.  End with CNTL/Z.
11:45:48 >>> interface port2.0.20
11:45:49 >>> switchport vlan translation default outer-vlan 3995
% VLAN translation only supported in trunk mode
!!! CLI error on 'switchport vlan translation default outer-vlan 3995' -- stopping
11:46:06 >>> configure terminal
Enter configuration commands, one per line.  End with CNTL/Z.
11:46:08 >>> interface port2.0.20
11:46:09 >>> switchport mode trunk
11:46:10 >>> switchport trunk allowed vlan add 3995
11:46:11 >>> switchport vlan translation default outer-vlan 3995
% Translation configuration of hardware failed
!!! CLI error on 'switchport vlan translation default outer-vlan 3995' -- stopping
11:46:18 >>> show running-config interface port2.0.20
!
interface port2.0.20
 switchport
 switchport mode trunk
 switchport trunk allowed vlan add 3995
!
11:46:19 >>> show interface port2.0.20 switchport vlan translation
^
% Invalid input detected at '^' marker.
11:46:23 >>> remote-diff all show running-config
% Comparing "show running-config" on node 2 and node 1
@@ -118,6 +118,7 @@
  switchport
  switchport mode trunk
  switchport trunk allowed vlan add 3995
+ switchport vlan translation default outer-vlan 3995
 !
 interface port2.0.21-2.0.25
  switchport
11:46:29 >>> configure terminal
Enter configuration commands, one per line.  End with CNTL/Z.
11:46:30 >>> interface port2.0.20
11:46:31 >>> no switchport vlan translation default
11:46:33 >>> switchport trunk allowed vlan remove 3995
11:46:34 >>> switchport mode access
11:46:35 >>> end
11:46:36 >>> show running-config interface port2.0.20
!
interface port2.0.20
 switchport
 switchport mode access
!
11:46:40 >>> remote-diff all show running-config
% Comparing "show running-config" on node 2 and node 1
% Results are identical
