### 11:40:29 counters before
11:40:34 >>> show interface port1.0.9,port1.0.10 | include Interface|input packets|output packets
show interface port1.0.9,port1.0.10 | include Interface|input packets|

output packets

Interface port1.0.9
    input packets 1201, bytes 112974, dropped 0, multicast packets 1
    output packets 4441, bytes 444815, multicast packets 92, broadcast packets 21
Interface port1.0.10
    input packets 704, bytes 63696, dropped 0, multicast packets 4
    output packets 4837, bytes 477528, multicast packets 97, broadcast packets 24
11:40:39 sent 100 x ip10 src=00:00:5e:00:53:01 dst=00:00:5e:00:53:ff vlan=2101 outer=None on eth1 in 0.52s
### 11:40:49 counters after
11:40:55 >>> show interface port1.0.9,port1.0.10 | include Interface|input packets|output packets
show interface port1.0.9,port1.0.10 | include Interface|input packets|

output packets

Interface port1.0.9
    input packets 1201, bytes 112974, dropped 0, multicast packets 1
    output packets 4502, bytes 451042, multicast packets 93, broadcast packets 21
Interface port1.0.10
    input packets 804, bytes 72696, dropped 0, multicast packets 4
    output packets 4898, bytes 483756, multicast packets 98, broadcast packets 24
### tcpdump logs
tcpdump: listening on eth1, link-type EN10MB (Ethernet), snapshot length 262144 bytes
0 packets captured
100 packets received by filter
0 packets dropped by kernel
tcpdump: listening on eth3, link-type EN10MB (Ethernet), snapshot length 262144 bytes
0 packets captured
0 packets received by filter
0 packets dropped by kernel
### captures
### /tmp/ckvlan1052/27887-sbf-eth1.pcap: 0 frames
### /tmp/ckvlan1052/27887-sbf-eth3.pcap: 0 frames
