### 11:41:24 counters before
11:41:29 >>> show interface port1.0.9,port1.0.10 | include Interface|input packets|output packets
show interface port1.0.9,port1.0.10 | include Interface|input packets|

output packets

Interface port1.0.9
    input packets 1201, bytes 112974, dropped 0, multicast packets 1
    output packets 4708, bytes 470889, multicast packets 94, broadcast packets 21
Interface port1.0.10
    input packets 904, bytes 81696, dropped 0, multicast packets 4
    output packets 5004, bytes 494604, multicast packets 99, broadcast packets 24
11:41:34 sent 100 x ip10 src=00:00:5e:00:53:01 dst=00:00:5e:00:53:ff vlan=None outer=None on eth1 in 0.50s
### 11:41:44 counters after
11:41:49 >>> show interface port1.0.9,port1.0.10 | include Interface|input packets|output packets
show interface port1.0.9,port1.0.10 | include Interface|input packets|

output packets

Interface port1.0.9
    input packets 1201, bytes 112974, dropped 0, multicast packets 1
    output packets 4869, bytes 485716, multicast packets 95, broadcast packets 21
Interface port1.0.10
    input packets 1004, bytes 90296, dropped 0, multicast packets 4
    output packets 5065, bytes 500832, multicast packets 100, broadcast packets 24
### tcpdump logs
tcpdump: listening on eth1, link-type EN10MB (Ethernet), snapshot length 262144 bytes
0 packets captured
100 packets received by filter
0 packets dropped by kernel
tcpdump: listening on eth3, link-type EN10MB (Ethernet), snapshot length 262144 bytes
100 packets captured
100 packets received by filter
0 packets dropped by kernel
### captures
### /tmp/ckvlan1052/27887-sbfu-eth1.pcap: 0 frames
### /tmp/ckvlan1052/27887-sbfu-eth3.pcap: 100 frames
    100  marker=sbfu       tags=none        type=0x0800 dst=00:00:5e:00:53:ff src=00:00:5e:00:53:01
