### 11:42:32 counters before
11:42:37 >>> show interface port1.0.9,port1.0.10 | include Interface|input packets|output packets
show interface port1.0.9,port1.0.10 | include Interface|input packets|

output packets

Interface port1.0.9
    input packets 1301, bytes 122374, dropped 0, multicast packets 1
    output packets 5013, bytes 500454, multicast packets 98, broadcast packets 21
Interface port1.0.10
    input packets 1004, bytes 90296, dropped 0, multicast packets 4
    output packets 5308, bytes 524904, multicast packets 102, broadcast packets 24
11:42:42 sent 100 x ip10 src=00:00:5e:00:53:01 dst=00:00:5e:00:53:ff vlan=2101 outer=None on eth1 in 0.51s
### 11:42:52 counters after
11:42:57 >>> show interface port1.0.9,port1.0.10 | include Interface|input packets|output packets
show interface port1.0.9,port1.0.10 | include Interface|input packets|

output packets

Interface port1.0.9
    input packets 1301, bytes 122374, dropped 0, multicast packets 1
    output packets 5073, bytes 506614, multicast packets 98, broadcast packets 21
Interface port1.0.10
    input packets 1104, bytes 99296, dropped 0, multicast packets 4
    output packets 5369, bytes 531132, multicast packets 103, broadcast packets 24
### tcpdump logs
tcpdump: listening on eth1, link-type EN10MB (Ethernet), snapshot length 262144 bytes
0 packets captured
100 packets received by filter
0 packets dropped by kernel
tcpdump: listening on eth3, link-type EN10MB (Ethernet), snapshot length 262144 bytes
0 packets captured
0 packets received by filter
0 packets dropped by kernel
### captures
### /tmp/ckvlan1052/27887-sbpf-eth1.pcap: 0 frames
### /tmp/ckvlan1052/27887-sbpf-eth3.pcap: 0 frames
