1790736164.907 15:42:44 >>> show mrp ring
show mrp ring
Media Redundancy Protocol - Ring Information
MRP Ring 1
 Domain ID:                           ffffffff-ffff-ffff-ffff-ffffffffffff
 Domain Name:                         
 Ring Status:                         Enabled
 Running State:                       Running
 Role:                                Manager
 Network Status:                      Closed
 Port1:                               port1.0.13
  Status:                             Blocking
 Port2:                               port1.0.26
  Status:                             Forwarding
 Vlan ID:
 React on Link Change:                No
 Profile:                             200ms
  Topology Change Interval:           10ms
  Topology Change Count:              3
  Short Test Frame Interval:          10ms
  Default Test Frame Interval:        20ms
  Test Monitoring Interval Count:     3
  Test Monitoring Ext Interval Count: 3
  Non-blocking MRC Supported:         No
  Blocked port state supported:       Yes

IE520-sa#
1790736169.161 15:42:49 >>> show log tail 60
show log tail 60
7[r[999;999H[6n
<date> <time> <facility>.<severity> <program[<pid>]>: <message>
-------------------------------------------------------------------------
2026 Sep 30 02:40:27 user.notice IE520-sa VCS[783]: File synchronization complete: '/flash/tb470-bench.cfg' 
2026 Sep 30 02:40:27 user.notice IE520-sa IMISH[23482]: [manager@ttyS0]show mrp ring
2026 Sep 30 02:40:28 user.notice IE520-sa IMISH[23482]: [manager@ttyS0]terminal no monitor
2026 Sep 30 02:41:40 user.notice IE520-sa IMISH[23482]: [manager@ttyS0]terminal length 0
2026 Sep 30 02:41:42 user.notice IE520-sa IMISH[23482]: [manager@ttyS0]terminal no monitor
2026 Sep 30 02:41:44 user.notice IE520-sa IMISH[23482]: [manager@ttyS0]show mac address-table | include 00f0.4d00.77
2026 Sep 30 02:41:45 user.notice IE520-sa IMISH[23482]: [manager@ttyS0]terminal no monitor
2026 Sep 30 02:42:00 user.notice IE520-sa IMISH[23482]: [manager@ttyS0]terminal length 0
2026 Sep 30 02:42:01 user.notice IE520-sa IMISH[23482]: [manager@ttyS0]terminal no monitor
2026 Sep 30 02:42:02 user.notice IE520-sa IMISH[23482]: [manager@ttyS0]show mrp ring
2026 Sep 30 02:42:26 user.notice IE520-sa IMISH[341]: Last message '[manager@ttyS0]show ' repeated 12 times, suppressed by syslog-ng on IE520-sa
2026 Sep 30 02:42:26 user.notice IE520-sa mrpd: EVENT: Rx MRP_LinkDown ring_id=1 port=port1.0.26 mac=0000.cd37.0d6f
2026 Sep 30 02:42:26 user.notice IE520-sa mrpd[341]: Last message 'EVENT: Rx MRP_LinkDo' repeated 2 times, suppressed by syslog-ng on IE520-sa
2026 Sep 30 02:42:26 user.notice IE520-sa mrpd: PORT: Update ring port port1.0.26 with state to Forwarding
2026 Sep 30 02:42:26 user.notice IE520-sa mrpd: PORT: port 5026 set Forwarding
2026 Sep 30 02:42:26 user.notice IE520-sa mrpd: ffffffff-ffff-ffff-ffff-ffffffffffff: Ring-id[1]: Ring opened
2026 Sep 30 02:42:26 user.notice IE520-sa mrpd: FSM: ring_id=1 CHK_RC -> CHK_RO evt=MRP_ProtEvTestTimerExpired
2026 Sep 30 02:42:26 user.notice IE520-sa mrpd: EVENT: Rx MRP_LinkDown ring_id=1 port=port1.0.26 mac=0000.cd37.0d6f
2026 Sep 30 02:42:26 user.notice IE520-sa mrpd[341]: Last message 'EVENT: Rx MRP_LinkDo' repeated 1 times, suppressed by syslog-ng on IE520-sa
2026 Sep 30 02:42:26 user.notice IE520-sa mrpd: FDB: Flush FDB entries for the ring ports with ifindices: {5013, 5026}
2026 Sep 30 02:42:26 user.notice IE520-sa mrpd: PORT: port1.0.13 link DOWN (0x1003)
2026 Sep 30 02:42:26 user.notice IE520-sa mrpd: PORT: Update ring port port1.0.13 with state to Blocked
2026 Sep 30 02:42:26 user.notice IE520-sa mrpd: FSM: ring_id=1 CHK_RO -> PRM_UP evt=MRP_ProtEvMAUTypeChangeInd
2026 Sep 30 02:42:26 user.notice IE520-sa mrpd: FSM: PRM_RPort 5026 SEC_RPort 5013
2026 Sep 30 02:42:26 user.notice IE520-sa mrpd: FSM: port 5013 state Down
2026 Sep 30 02:42:26 user.notice IE520-sa mrpd: PORT: port 5013 set Blocked
2026 Sep 30 02:42:26 user.notice IE520-sa NSM[723]: Port down notification received for port1.0.13 
2026 Sep 30 02:42:26 user.notice IE520-sa mrpd: FDB: Flush FDB entries for the ring ports with ifindices: {5013, 5026}
2026 Sep 30 02:42:27 user.notice IE520-sa IMISH[23482]: [manager@ttyS0]show mrp ring
2026 Sep 30 02:43:00 user.notice IE520-sa IMISH[341]: Last message '[manager@ttyS0]show ' repeated 16 times, suppressed by syslog-ng on IE520-sa
2026 Sep 30 02:43:00 user.notice IE520-sa mrpd: PORT: port1.0.13 link UP (0x11043)
2026 Sep 30 02:43:00 user.notice IE520-sa NSM[723]: Port up notification received for port1.0.13 
2026 Sep 30 02:43:00 user.notice IE520-sa mrpd: ffffffff-ffff-ffff-ffff-ffffffffffff: Ring-id[1]: Ring closed
2026 Sep 30 02:43:00 user.notice IE520-sa mrpd: FSM: ring_id=1 PRM_UP -> CHK_RC evt=MRP_ProtEvMAUTypeChangeInd
2026 Sep 30 02:43:00 user.notice IE520-sa mrpd: FSM: PRM_RPort 5026 SEC_RPort 5013
2026 Sep 30 02:43:00 user.notice IE520-sa mrpd: FSM: port 5013 state Up
2026 Sep 30 02:43:00 user.notice IE520-sa mrpd: EVENT: Rx MRP_LinkUp ring_id=1 port=port1.0.26 mac=0000.cd37.0d6f
2026 Sep 30 02:43:00 user.notice IE520-sa mrpd[341]: Last message 'EVENT: Rx MRP_LinkUp' repeated 1 times, suppressed by syslog-ng on IE520-sa
2026 Sep 30 02:43:00 user.notice IE520-sa mrpd: PORT: Update ring port port1.0.13 with state to Forwarding
2026 Sep 30 02:43:00 user.notice IE520-sa mrpd: PORT: port 5013 set Forwarding
2026 Sep 30 02:43:00 user.notice IE520-sa mrpd: ffffffff-ffff-ffff-ffff-ffffffffffff: Ring-id[1]: Ring opened
2026 Sep 30 02:43:00 user.notice IE520-sa mrpd: FSM: ring_id=1 CHK_RC -> CHK_RO evt=MRP_ProtEvTestTimerExpired
2026 Sep 30 02:43:00 user.notice IE520-sa mrpd: PORT: Update ring port port1.0.13 with state to Blocked
2026 Sep 30 02:43:00 user.notice IE520-sa mrpd: PORT: port 5013 set Blocked
2026 Sep 30 02:43:00 user.notice IE520-sa mrpd: ffffffff-ffff-ffff-ffff-ffffffffffff: Ring-id[1]: Ring closed
2026 Sep 30 02:43:00 user.notice IE520-sa mrpd: FSM: ring_id=1 CHK_RO -> CHK_RC evt=MRP_ProtEvTestRingInd
2026 Sep 30 02:43:00 user.notice IE520-sa mrpd: EVENT: Rx MRP_TopologyChange ring_id=1 port=port1.0.26
2026 Sep 30 02:43:00 user.notice IE520-sa mrpd: EVENT: Rx MRP_TopologyChange ring_id=1 port=port1.0.13
2026 Sep 30 02:43:00 user.notice IE520-sa mrpd: EVENT: Rx MRP_TopologyChange ring_id=1 port=port1.0.26
2026 Sep 30 02:43:00 user.notice IE520-sa mrpd: EVENT: Rx MRP_TopologyChange ring_id=1 port=port1.0.13
2026 Sep 30 02:43:00 user.notice IE520-sa mrpd: FDB: Flush FDB entries for the ring ports with ifindices: {5013, 5026}
2026 Sep 30 02:43:00 user.notice IE520-sa mrpd: EVENT: Rx MRP_TopologyChange ring_id=1 port=port1.0.26
2026 Sep 30 02:43:00 user.notice IE520-sa mrpd: EVENT: Rx MRP_TopologyChange ring_id=1 port=port1.0.13
2026 Sep 30 02:43:01 user.notice IE520-sa IMISH[23482]: [manager@ttyS0]show mrp ring
2026 Sep 30 02:43:16 user.notice IE520-sa IMISH[341]: Last message '[manager@ttyS0]show ' repeated 6 times, suppressed by syslog-ng on IE520-sa
2026 Sep 30 02:43:16 user.notice IE520-sa IMISH[23482]: [manager@ttyS0]terminal no monitor
2026 Sep 30 02:43:23 user.notice IE520-sa IMISH[23482]: [manager@ttyS0]terminal length 0
2026 Sep 30 02:43:24 user.notice IE520-sa IMISH[23482]: [manager@ttyS0]terminal no monitor
2026 Sep 30 02:43:26 user.notice IE520-sa IMISH[23482]: [manager@ttyS0]show mrp ring
2026 Sep 30 02:43:30 user.notice IE520-sa IMISH[23482]: [manager@ttyS0]show log tail 60
IE520-sa#
