1790736080.599 15:41:20 login ok
=== 1790736081.751 15:41:21 >>> show mrp ring
Media Redundancy Protocol - Ring Information
MRP Ring 1
 Domain ID:                           ffffffff-ffff-ffff-ffff-ffffffffffff
 Domain Name:                         
 Ring Status:                         Enabled
 Running State:                       Running
 Role:                                Client
 Port1:                               port1.0.13
  Status:                             Forwarding
 Port2:                               port4.0.26
  Status:                             Forwarding
 Vlan ID:
 Profile:                             200ms
  Link Down Interval:                 20ms
  Link Up Interval:                   20ms
  Link Change Count:                  4
  Blocked port state supported:       Yes
=== 1790736082.903 15:41:22 >>> show mrp ring
Media Redundancy Protocol - Ring Information
MRP Ring 1
 Domain ID:                           ffffffff-ffff-ffff-ffff-ffffffffffff
 Domain Name:                         
 Ring Status:                         Enabled
 Running State:                       Running
 Role:                                Client
 Port1:                               port1.0.13
  Status:                             Forwarding
 Port2:                               port4.0.26
  Status:                             Forwarding
 Vlan ID:
 Profile:                             200ms
  Link Down Interval:                 20ms
  Link Up Interval:                   20ms
  Link Change Count:                  4
  Blocked port state supported:       Yes
=== 1790736084.903 15:41:24 >>> show mrp ring
Media Redundancy Protocol - Ring Information
MRP Ring 1
 Domain ID:                           ffffffff-ffff-ffff-ffff-ffffffffffff
 Domain Name:                         
 Ring Status:                         Enabled
 Running State:                       Running
 Role:                                Client
 Port1:                               port1.0.13
  Status:                             Forwarding
 Port2:                               port4.0.26
  Status:                             Forwarding
 Vlan ID:
 Profile:                             200ms
  Link Down Interval:                 20ms
  Link Up Interval:                   20ms
  Link Change Count:                  4
  Blocked port state supported:       Yes
=== 1790736086.904 15:41:26 >>> show mrp ring
Media Redundancy Protocol - Ring Information
MRP Ring 1
 Domain ID:                           ffffffff-ffff-ffff-ffff-ffffffffffff
 Domain Name:                         
 Ring Status:                         Enabled
 Running State:                       Running
 Role:                                Client
 Port1:                               port1.0.13
  Status:                             Forwarding
 Port2:                               port4.0.26
  Status:                             Forwarding
 Vlan ID:
 Profile:                             200ms
  Link Down Interval:                 20ms
  Link Up Interval:                   20ms
  Link Change Count:                  4
  Blocked port state supported:       Yes
=== 1790736088.904 15:41:28 >>> show mrp ring
Media Redundancy Protocol - Ring Information
MRP Ring 1
 Domain ID:                           ffffffff-ffff-ffff-ffff-ffffffffffff
 Domain Name:                         
 Ring Status:                         Enabled
 Running State:                       Running
 Role:                                Client
 Port1:                               port1.0.13
  Status:                             Forwarding
 Port2:                               port4.0.26
  Status:                             Forwarding
 Vlan ID:
 Profile:                             200ms
  Link Down Interval:                 20ms
  Link Up Interval:                   20ms
  Link Change Count:                  4
  Blocked port state supported:       Yes
=== 1790736090.904 15:41:30 >>> show mrp ring
Media Redundancy Protocol - Ring Information
MRP Ring 1
 Domain ID:                           ffffffff-ffff-ffff-ffff-ffffffffffff
 Domain Name:                         
 Ring Status:                         Enabled
 Running State:                       Running
 Role:                                Client
 Port1:                               port1.0.13
  Status:                             Forwarding
 Port2:                               port4.0.26
  Status:                             Forwarding
 Vlan ID:
 Profile:                             200ms
  Link Down Interval:                 20ms
  Link Up Interval:                   20ms
  Link Change Count:                  4
  Blocked port state supported:       Yes
=== 1790736092.904 15:41:32 >>> show mrp ring
Media Redundancy Protocol - Ring Information
MRP Ring 1
 Domain ID:                           ffffffff-ffff-ffff-ffff-ffffffffffff
 Domain Name:                         
 Ring Status:                         Enabled
 Running State:                       Running
 Role:                                Client
 Port1:                               port1.0.13
  Status:                             Forwarding
 Port2:                               port4.0.26
  Status:                             Forwarding
 Vlan ID:
 Profile:                             200ms
  Link Down Interval:                 20ms
  Link Up Interval:                   20ms
  Link Change Count:                  4
  Blocked port state supported:       Yes
=== 1790736094.904 15:41:34 >>> show mrp ring
Media Redundancy Protocol - Ring Information
MRP Ring 1
 Domain ID:                           ffffffff-ffff-ffff-ffff-ffffffffffff
 Domain Name:                         
 Ring Status:                         Enabled
 Running State:                       Running
 Role:                                Client
 Port1:                               port1.0.13
  Status:                             Forwarding
 Port2:                               port4.0.26
  Status:                             Forwarding
 Vlan ID:
 Profile:                             200ms
  Link Down Interval:                 20ms
  Link Up Interval:                   20ms
  Link Change Count:                  4
  Blocked port state supported:       Yes
=== 1790736096.904 15:41:36 >>> show mrp ring
Media Redundancy Protocol - Ring Information
MRP Ring 1
 Domain ID:                           ffffffff-ffff-ffff-ffff-ffffffffffff
 Domain Name:                         
 Ring Status:                         Enabled
 Running State:                       Running
 Role:                                Client
 Port1:                               port1.0.13
  Status:                             Forwarding
 Port2:                               port4.0.26
  Status:                             Forwarding
 Vlan ID:
 Profile:                             200ms
  Link Down Interval:                 20ms
  Link Up Interval:                   20ms
  Link Change Count:                  4
  Blocked port state supported:       Yes
=== 1790736098.904 15:41:38 >>> show mrp ring
Media Redundancy Protocol - Ring Information
MRP Ring 1
 Domain ID:                           ffffffff-ffff-ffff-ffff-ffffffffffff
 Domain Name:                         
 Ring Status:                         Enabled
 Running State:                       Running
 Role:                                Client
 Port1:                               port1.0.13
  Status:                             Forwarding
 Port2:                               port4.0.26
  Status:                             Forwarding
 Vlan ID:
 Profile:                             200ms
  Link Down Interval:                 20ms
  Link Up Interval:                   20ms
  Link Change Count:                  4
  Blocked port state supported:       Yes
=== 1790736100.904 15:41:40 >>> show mrp ring
Media Redundancy Protocol - Ring Information
MRP Ring 1
 Domain ID:                           ffffffff-ffff-ffff-ffff-ffffffffffff
 Domain Name:                         
 Ring Status:                         Enabled
 Running State:                       Running
 Role:                                Client
 Port1:                               port1.0.13
  Status:                             Forwarding
 Port2:                               port4.0.26
  Status:                             Forwarding
 Vlan ID:
 Profile:                             200ms
  Link Down Interval:                 20ms
  Link Up Interval:                   20ms
  Link Change Count:                  4
  Blocked port state supported:       Yes
=== 1790736102.904 15:41:42 >>> show mrp ring
Media Redundancy Protocol - Ring Information
MRP Ring 1
 Domain ID:                           ffffffff-ffff-ffff-ffff-ffffffffffff
 Domain Name:                         
 Ring Status:                         Enabled
 Running State:                       Running
 Role:                                Client
 Port1:                               port1.0.13
  Status:                             Forwarding
 Port2:                               port4.0.26
  Status:                             Forwarding
 Vlan ID:
 Profile:                             200ms
  Link Down Interval:                 20ms
  Link Up Interval:                   20ms
  Link Change Count:                  4
  Blocked port state supported:       Yes
=== 1790736104.904 15:41:44 >>> show mrp ring
Media Redundancy Protocol - Ring Information
MRP Ring 1
 Domain ID:                           ffffffff-ffff-ffff-ffff-ffffffffffff
 Domain Name:                         
 Ring Status:                         Enabled
 Running State:                       Running
 Role:                                Client
 Port1:                               port1.0.13
  Status:                             Forwarding
 Port2:                               port4.0.26
  Status:                             Forwarding
 Vlan ID:
 Profile:                             200ms
  Link Down Interval:                 20ms
  Link Up Interval:                   20ms
  Link Change Count:                  4
  Blocked port state supported:       Yes
=== 1790736106.904 15:41:46 >>> show mrp ring
Media Redundancy Protocol - Ring Information
MRP Ring 1
 Domain ID:                           ffffffff-ffff-ffff-ffff-ffffffffffff
 Domain Name:                         
 Ring Status:                         Enabled
 Running State:                       Running
 Role:                                Client
 Port1:                               port1.0.13
  Status:                             Blocking
 Port2:                               port4.0.26
  Status:                             Forwarding
 Vlan ID:
 Profile:                             200ms
  Link Down Interval:                 20ms
  Link Up Interval:                   20ms
  Link Change Count:                  4
  Blocked port state supported:       Yes
=== 1790736108.904 15:41:48 >>> show mrp ring
Media Redundancy Protocol - Ring Information
MRP Ring 1
 Domain ID:                           ffffffff-ffff-ffff-ffff-ffffffffffff
 Domain Name:                         
 Ring Status:                         Enabled
 Running State:                       Running
 Role:                                Client
 Port1:                               port1.0.13
  Status:                             Blocking
 Port2:                               port4.0.26
  Status:                             Forwarding
 Vlan ID:
 Profile:                             200ms
  Link Down Interval:                 20ms
  Link Up Interval:                   20ms
  Link Change Count:                  4
  Blocked port state supported:       Yes
=== 1790736110.904 15:41:50 >>> show mrp ring
Media Redundancy Protocol - Ring Information
MRP Ring 1
 Domain ID:                           ffffffff-ffff-ffff-ffff-ffffffffffff
 Domain Name:                         
 Ring Status:                         Enabled
 Running State:                       Running
 Role:                                Client
 Port1:                               port1.0.13
  Status:                             Blocking
 Port2:                               port4.0.26
  Status:                             Forwarding
 Vlan ID:
 Profile:                             200ms
  Link Down Interval:                 20ms
  Link Up Interval:                   20ms
  Link Change Count:                  4
  Blocked port state supported:       Yes
=== 1790736112.905 15:41:52 >>> show mrp ring
Media Redundancy Protocol - Ring Information
MRP Ring 1
 Domain ID:                           ffffffff-ffff-ffff-ffff-ffffffffffff
 Domain Name:                         
 Ring Status:                         Enabled
 Running State:                       Running
 Role:                                Client
 Port1:                               port1.0.13
  Status:                             Blocking
 Port2:                               port4.0.26
  Status:                             Forwarding
 Vlan ID:
 Profile:                             200ms
  Link Down Interval:                 20ms
  Link Up Interval:                   20ms
  Link Change Count:                  4
  Blocked port state supported:       Yes
=== 1790736114.905 15:41:54 >>> show mrp ring
Media Redundancy Protocol - Ring Information
MRP Ring 1
 Domain ID:                           ffffffff-ffff-ffff-ffff-ffffffffffff
 Domain Name:                         
 Ring Status:                         Enabled
 Running State:                       Running
 Role:                                Client
 Port1:                               port1.0.13
  Status:                             Blocking
 Port2:                               port4.0.26
  Status:                             Forwarding
 Vlan ID:
 Profile:                             200ms
  Link Down Interval:                 20ms
  Link Up Interval:                   20ms
  Link Change Count:                  4
  Blocked port state supported:       Yes
=== 1790736116.905 15:41:56 >>> show mrp ring
Media Redundancy Protocol - Ring Information
MRP Ring 1
 Domain ID:                           ffffffff-ffff-ffff-ffff-ffffffffffff
 Domain Name:                         
 Ring Status:                         Enabled
 Running State:                       Running
 Role:                                Client
 Port1:                               port1.0.13
  Status:                             Blocking
 Port2:                               port4.0.26
  Status:                             Forwarding
 Vlan ID:
 Profile:                             200ms
  Link Down Interval:                 20ms
  Link Up Interval:                   20ms
  Link Change Count:                  4
  Blocked port state supported:       Yes
=== 1790736118.905 15:41:58 >>> show mrp ring
Media Redundancy Protocol - Ring Information
MRP Ring 1
 Domain ID:                           ffffffff-ffff-ffff-ffff-ffffffffffff
 Domain Name:                         
 Ring Status:                         Enabled
 Running State:                       Running
 Role:                                Client
 Port1:                               port1.0.13
  Status:                             Blocking
 Port2:                               port4.0.26
  Status:                             Forwarding
 Vlan ID:
 Profile:                             200ms
  Link Down Interval:                 20ms
  Link Up Interval:                   20ms
  Link Change Count:                  4
  Blocked port state supported:       Yes
=== 1790736120.905 15:42:00 >>> show mrp ring
Media Redundancy Protocol - Ring Information
MRP Ring 1
 Domain ID:                           ffffffff-ffff-ffff-ffff-ffffffffffff
 Domain Name:                         
 Ring Status:                         Enabled
 Running State:                       Running
 Role:                                Client
 Port1:                               port1.0.13
  Status:                             Blocking
 Port2:                               port4.0.26
  Status:                             Forwarding
 Vlan ID:
 Profile:                             200ms
  Link Down Interval:                 20ms
  Link Up Interval:                   20ms
  Link Change Count:                  4
  Blocked port state supported:       Yes
=== 1790736122.905 15:42:02 >>> show mrp ring
Media Redundancy Protocol - Ring Information
MRP Ring 1
 Domain ID:                           ffffffff-ffff-ffff-ffff-ffffffffffff
 Domain Name:                         
 Ring Status:                         Enabled
 Running State:                       Running
 Role:                                Client
 Port1:                               port1.0.13
  Status:                             Blocking
 Port2:                               port4.0.26
  Status:                             Forwarding
 Vlan ID:
 Profile:                             200ms
  Link Down Interval:                 20ms
  Link Up Interval:                   20ms
  Link Change Count:                  4
  Blocked port state supported:       Yes
=== 1790736124.905 15:42:04 >>> show mrp ring
Media Redundancy Protocol - Ring Information
MRP Ring 1
 Domain ID:                           ffffffff-ffff-ffff-ffff-ffffffffffff
 Domain Name:                         
 Ring Status:                         Enabled
 Running State:                       Running
 Role:                                Client
 Port1:                               port1.0.13
  Status:                             Blocking
 Port2:                               port4.0.26
  Status:                             Forwarding
 Vlan ID:
 Profile:                             200ms
  Link Down Interval:                 20ms
  Link Up Interval:                   20ms
  Link Change Count:                  4
  Blocked port state supported:       Yes
=== 1790736126.905 15:42:06 >>> show mrp ring
Media Redundancy Protocol - Ring Information
MRP Ring 1
 Domain ID:                           ffffffff-ffff-ffff-ffff-ffffffffffff
 Domain Name:                         
 Ring Status:                         Enabled
 Running State:                       Running
 Role:                                Client
 Port1:                               port1.0.13
  Status:                             Blocking
 Port2:                               port4.0.26
  Status:                             Forwarding
 Vlan ID:
 Profile:                             200ms
  Link Down Interval:                 20ms
  Link Up Interval:                   20ms
  Link Change Count:                  4
  Blocked port state supported:       Yes
=== 1790736128.906 15:42:08 >>> show mrp ring
Media Redundancy Protocol - Ring Information
MRP Ring 1
 Domain ID:                           ffffffff-ffff-ffff-ffff-ffffffffffff
 Domain Name:                         
 Ring Status:                         Enabled
 Running State:                       Running
 Role:                                Client
 Port1:                               port1.0.13
  Status:                             Blocking
 Port2:                               port4.0.26
  Status:                             Forwarding
 Vlan ID:
 Profile:                             200ms
  Link Down Interval:                 20ms
  Link Up Interval:                   20ms
  Link Change Count:                  4
  Blocked port state supported:       Yes
=== 1790736130.906 15:42:10 >>> show mrp ring
Media Redundancy Protocol - Ring Information
MRP Ring 1
 Domain ID:                           ffffffff-ffff-ffff-ffff-ffffffffffff
 Domain Name:                         
 Ring Status:                         Enabled
 Running State:                       Running
 Role:                                Client
 Port1:                               port1.0.13
  Status:                             Blocking
 Port2:                               port4.0.26
  Status:                             Forwarding
 Vlan ID:
 Profile:                             200ms
  Link Down Interval:                 20ms
  Link Up Interval:                   20ms
  Link Change Count:                  4
  Blocked port state supported:       Yes
=== 1790736132.906 15:42:12 >>> show mrp ring
Media Redundancy Protocol - Ring Information
MRP Ring 1
 Domain ID:                           ffffffff-ffff-ffff-ffff-ffffffffffff
 Domain Name:                         
 Ring Status:                         Enabled
 Running State:                       Running
 Role:                                Client
 Port1:                               port1.0.13
  Status:                             Blocking
 Port2:                               port4.0.26
  Status:                             Forwarding
 Vlan ID:
 Profile:                             200ms
  Link Down Interval:                 20ms
  Link Up Interval:                   20ms
  Link Change Count:                  4
  Blocked port state supported:       Yes
=== 1790736134.906 15:42:14 >>> show mrp ring
Media Redundancy Protocol - Ring Information
MRP Ring 1
 Domain ID:                           ffffffff-ffff-ffff-ffff-ffffffffffff
 Domain Name:                         
 Ring Status:                         Enabled
 Running State:                       Running
 Role:                                Client
 Port1:                               port1.0.13
  Status:                             Blocking
 Port2:                               port4.0.26
  Status:                             Forwarding
 Vlan ID:
 Profile:                             200ms
  Link Down Interval:                 20ms
  Link Up Interval:                   20ms
  Link Change Count:                  4
  Blocked port state supported:       Yes
=== 1790736136.906 15:42:16 >>> show mrp ring
Media Redundancy Protocol - Ring Information
MRP Ring 1
 Domain ID:                           ffffffff-ffff-ffff-ffff-ffffffffffff
 Domain Name:                         
 Ring Status:                         Enabled
 Running State:                       Running
 Role:                                Client
 Port1:                               port1.0.13
  Status:                             Blocking
 Port2:                               port4.0.26
  Status:                             Forwarding
 Vlan ID:
 Profile:                             200ms
  Link Down Interval:                 20ms
  Link Up Interval:                   20ms
  Link Change Count:                  4
  Blocked port state supported:       Yes
=== 1790736138.906 15:42:18 >>> show mrp ring
Media Redundancy Protocol - Ring Information
MRP Ring 1
 Domain ID:                           ffffffff-ffff-ffff-ffff-ffffffffffff
 Domain Name:                         
 Ring Status:                         Enabled
 Running State:                       Running
 Role:                                Client
 Port1:                               port1.0.13
  Status:                             Blocking
 Port2:                               port4.0.26
  Status:                             Forwarding
 Vlan ID:
 Profile:                             200ms
  Link Down Interval:                 20ms
  Link Up Interval:                   20ms
  Link Change Count:                  4
  Blocked port state supported:       Yes
=== 1790736140.906 15:42:20 >>> show mrp ring
Media Redundancy Protocol - Ring Information
MRP Ring 1
 Domain ID:                           ffffffff-ffff-ffff-ffff-ffffffffffff
 Domain Name:                         
 Ring Status:                         Enabled
 Running State:                       Running
 Role:                                Client
 Port1:                               port1.0.13
  Status:                             Forwarding
 Port2:                               port4.0.26
  Status:                             Forwarding
 Vlan ID:
 Profile:                             200ms
  Link Down Interval:                 20ms
  Link Up Interval:                   20ms
  Link Change Count:                  4
  Blocked port state supported:       Yes
=== 1790736142.906 15:42:22 >>> show mrp ring
Media Redundancy Protocol - Ring Information
MRP Ring 1
 Domain ID:                           ffffffff-ffff-ffff-ffff-ffffffffffff
 Domain Name:                         
 Ring Status:                         Enabled
 Running State:                       Running
 Role:                                Client
 Port1:                               port1.0.13
  Status:                             Forwarding
 Port2:                               port4.0.26
  Status:                             Forwarding
 Vlan ID:
 Profile:                             200ms
  Link Down Interval:                 20ms
  Link Up Interval:                   20ms
  Link Change Count:                  4
  Blocked port state supported:       Yes
=== 1790736144.906 15:42:24 >>> show mrp ring
Media Redundancy Protocol - Ring Information
MRP Ring 1
 Domain ID:                           ffffffff-ffff-ffff-ffff-ffffffffffff
 Domain Name:                         
 Ring Status:                         Enabled
 Running State:                       Running
 Role:                                Client
 Port1:                               port1.0.13
  Status:                             Forwarding
 Port2:                               port4.0.26
  Status:                             Forwarding
 Vlan ID:
 Profile:                             200ms
  Link Down Interval:                 20ms
  Link Up Interval:                   20ms
  Link Change Count:                  4
  Blocked port state supported:       Yes
=== 1790736146.906 15:42:26 >>> show mrp ring
Media Redundancy Protocol - Ring Information
MRP Ring 1
 Domain ID:                           ffffffff-ffff-ffff-ffff-ffffffffffff
 Domain Name:                         
 Ring Status:                         Enabled
 Running State:                       Running
 Role:                                Client
 Port1:                               port1.0.13
  Status:                             Forwarding
 Port2:                               port4.0.26
  Status:                             Forwarding
 Vlan ID:
 Profile:                             200ms
  Link Down Interval:                 20ms
  Link Up Interval:                   20ms
  Link Change Count:                  4
  Blocked port state supported:       Yes
=== 1790736148.906 15:42:28 >>> show mrp ring
Media Redundancy Protocol - Ring Information
MRP Ring 1
 Domain ID:                           ffffffff-ffff-ffff-ffff-ffffffffffff
 Domain Name:                         
 Ring Status:                         Enabled
 Running State:                       Running
 Role:                                Client
 Port1:                               port1.0.13
  Status:                             Forwarding
 Port2:                               port4.0.26
  Status:                             Forwarding
 Vlan ID:
 Profile:                             200ms
  Link Down Interval:                 20ms
  Link Up Interval:                   20ms
  Link Change Count:                  4
  Blocked port state supported:       Yes
=== 1790736150.906 15:42:30 >>> show mrp ring
Media Redundancy Protocol - Ring Information
MRP Ring 1
 Domain ID:                           ffffffff-ffff-ffff-ffff-ffffffffffff
 Domain Name:                         
 Ring Status:                         Enabled
 Running State:                       Running
 Role:                                Client
 Port1:                               port1.0.13
  Status:                             Forwarding
 Port2:                               port4.0.26
  Status:                             Forwarding
 Vlan ID:
 Profile:                             200ms
  Link Down Interval:                 20ms
  Link Up Interval:                   20ms
  Link Change Count:                  4
  Blocked port state supported:       Yes
=== 1790736152.906 15:42:32 >>> show mrp ring
Media Redundancy Protocol - Ring Information
MRP Ring 1
 Domain ID:                           ffffffff-ffff-ffff-ffff-ffffffffffff
 Domain Name:                         
 Ring Status:                         Enabled
 Running State:                       Running
 Role:                                Client
 Port1:                               port1.0.13
  Status:                             Forwarding
 Port2:                               port4.0.26
  Status:                             Forwarding
 Vlan ID:
 Profile:                             200ms
  Link Down Interval:                 20ms
  Link Up Interval:                   20ms
  Link Change Count:                  4
  Blocked port state supported:       Yes
