1790736103.006 15:41:43 >>> configure terminal
configure terminal
Enter configuration commands, one per line.  End with CNTL/Z.
IE520-stk(config)#
1790736103.807 15:41:43 >>> interface port1.0.13
interface port1.0.13
IE520-stk(config-if)#
1790736104.808 15:41:44 >>> shutdown
shutdown
switch: port 33(port1.0.13) entered disabled state
IE520-stk(config-if)#switch: port 33(port1.0.13) entered disabled state

1790736105.609 15:41:45 >>> end
end
IE520-stk#
1790736106.411 15:41:46 >>> show mrp ring
show mrp ring
Media Redundancy Protocol - Ring Information
MRP Ring 1
 Domain ID:                           ffffffff-ffff-ffff-ffff-ffffffffffff
 Domain Name:                         
 Ring Status:                         Enabled
 Running State:                       Running
 Role:                                Client
 Port1:                               port1.0.13
  Status:                             Blocking
 Port2:                               port4.0.26
  Status:                             Forwarding
 Vlan ID:
 Profile:                             200ms
  Link Down Interval:                 20ms
  Link Up Interval:                   20ms
  Link Change Count:                  4
  Blocked port state supported:       Yes

IE520-stk#
