11:16:49 >>> configure terminal
Enter configuration commands, one per line.  End with CNTL/Z.
11:16:50 >>> interface port1.0.2
11:16:51 >>> no shutdown
11:16:52 >>> interface port1.0.9
11:16:53 >>> no shutdown
11:16:54 >>> end
11:16:55 >>> delete force flash:/stk_a_9001_33235.cfg
Deleting...
Successful operation
11:16:57 >>> delete force flash:/stk_a_9001_33235_1.cfg
Deleting...
Successful operation
11:16:58 >>> delete force flash:/stk_a_9001_33235_2.cfg
Deleting...
Successful operation
11:16:59 >>> delete force flash:/stk_a_9001_33235_3.cfg
Deleting...
Successful operation
11:17:00 >>> delete force flash:/stk_a_9001_33235_4.cfg
Deleting...
Successful operation
11:17:01 >>> delete force flash:/stk_a_9001_33235_5.cfg
Deleting...
Successful operation
11:17:03 >>> delete force flash:/stk_a_9001_33235_6.cfg
Deleting...
Successful operation
11:17:04 >>> delete force flash:/stk_a_9001_33235_7.cfg
Deleting...
Successful operation
11:17:05 >>> delete force flash:/stk_a_9001_33235_8.cfg
Deleting...
Successful operation
11:17:06 >>> delete force flash:/stk_a_9001_33235_9.cfg
Deleting...
Successful operation
11:17:07 >>> delete force flash:/stk_a_9001_33235_10.cfg
Deleting...
Successful operation
11:17:08 >>> delete force flash:/stk_a_9001_33235_11.cfg
Deleting...
Successful operation
11:17:10 >>> delete force flash:/stk_a_9001_33235_12.cfg
Deleting...
Successful operation
11:17:11 >>> delete force flash:/stk_a_9001_33235_13.cfg
Deleting...
Successful operation
11:17:12 >>> delete force flash:/stk_a_9001_33235_14.cfg
Deleting...
Successful operation
11:17:13 >>> delete force flash:/stk_a_9001_33235_15.cfg
Deleting...
Successful operation
11:17:14 >>> delete force flash:/stk_a_9001_33235_16.cfg
Deleting...
Successful operation
11:17:15 >>> delete force flash:/stk_a_9001_33235_17.cfg
Deleting...
Successful operation
11:17:17 >>> delete force flash:/stk_a_9001_33235_18.cfg
Deleting...
Successful operation
11:17:18 >>> delete force flash:/stk_a_9001_33235_19.cfg
Deleting...
Successful operation
11:17:19 >>> delete force flash:/stk_a_9001_33235_20.cfg
Deleting...
Successful operation
11:17:20 >>> delete force flash:/stk_a_9001_33235_21.cfg
Deleting...
Successful operation
11:17:21 >>> delete force flash:/stk_a_9001_33235_22.cfg
Deleting...
Successful operation
11:17:23 >>> delete force flash:/stk_a_9001_33235_23.cfg
Deleting...
Successful operation
11:17:24 >>> delete force flash:/stk_a_9001_33235_24.cfg
Deleting...
Successful operation
11:17:25 >>> delete force flash:/stk_a_9001_33235_25.cfg
Deleting...
Successful operation
11:17:26 >>> delete force flash:/stk_a_9001_33235_26.cfg
Deleting...
Successful operation
11:17:27 >>> delete force flash:/stk_a_9001_33235_27.cfg
Deleting...
Successful operation
11:17:28 >>> delete force flash:/stk_a_9001_33235_28.cfg
Deleting...
Successful operation
11:17:30 >>> delete force flash:/stk_a_9001_33235_29.cfg
Deleting...
Successful operation
11:17:31 >>> delete force flash:/stk_a_9001_33235_30.cfg
Deleting...
Successful operation
11:17:32 >>> delete force flash:/stk_a_9001_33235_31.cfg
Deleting...
Successful operation
11:17:33 >>> delete force flash:/stk_a_9001_33235_32.cfg
Deleting...
Successful operation
11:17:34 >>> delete force flash:/stk_a_9001_33235_33.cfg
Deleting...
Successful operation
11:17:35 >>> delete force flash:/TestCase_tear_down.cfg
Deleting...
Successful operation
