11:17:42 >>> delete force flash:/swi_f_9001_33235.cfg
Deleting...
Successful operation
11:17:44 >>> delete force flash:/swi_f_9001_33235_1.cfg
Deleting...
Successful operation
11:17:45 >>> delete force flash:/swi_f_9001_33235_2.cfg
Deleting...
Successful operation
11:17:46 >>> delete force flash:/swi_f_9001_33235_3.cfg
Deleting...
Successful operation
11:17:47 >>> delete force flash:/swi_f_9001_33235_4.cfg
Deleting...
Successful operation
11:17:48 >>> delete force flash:/swi_f_9001_33235_5.cfg
Deleting...
Successful operation
11:17:49 >>> delete force flash:/swi_f_9001_33235_6.cfg
Deleting...
Successful operation
11:17:50 >>> delete force flash:/swi_f_9001_33235_7.cfg
Deleting...
Successful operation
11:17:52 >>> delete force flash:/swi_f_9001_33235_8.cfg
Deleting...
Successful operation
11:17:53 >>> delete force flash:/swi_f_9001_33235_9.cfg
Deleting...
Successful operation
11:17:54 >>> delete force flash:/swi_f_9001_33235_10.cfg
Deleting...
Successful operation
11:17:55 >>> delete force flash:/swi_f_9001_33235_11.cfg
Deleting...
Successful operation
11:17:56 >>> delete force flash:/swi_f_9001_33235_12.cfg
Deleting...
Successful operation
11:17:57 >>> delete force flash:/swi_f_9001_33235_13.cfg
Deleting...
Successful operation
11:17:59 >>> delete force flash:/swi_f_9001_33235_14.cfg
Deleting...
Successful operation
11:18:00 >>> delete force flash:/swi_f_9001_33235_15.cfg
Deleting...
Successful operation
11:18:01 >>> delete force flash:/swi_f_9001_33235_16.cfg
Deleting...
Successful operation
11:18:02 >>> delete force flash:/swi_f_9001_33235_17.cfg
Deleting...
Successful operation
11:18:03 >>> delete force flash:/swi_f_9001_33235_18.cfg
Deleting...
Successful operation
11:18:04 >>> delete force flash:/swi_f_9001_33235_19.cfg
Deleting...
Successful operation
11:18:05 >>> delete force flash:/swi_f_9001_33235_20.cfg
Deleting...
Successful operation
11:18:07 >>> delete force flash:/swi_f_9001_33235_21.cfg
Deleting...
Successful operation
11:18:08 >>> delete force flash:/swi_f_9001_33235_22.cfg
Deleting...
Successful operation
11:18:09 >>> delete force flash:/swi_f_9001_33235_23.cfg
Deleting...
Successful operation
11:18:10 >>> delete force flash:/swi_f_9001_33235_24.cfg
Deleting...
Successful operation
11:18:11 >>> delete force flash:/swi_f_9001_33235_25.cfg
Deleting...
Successful operation
11:18:12 >>> delete force flash:/swi_f_9001_33235_26.cfg
Deleting...
Successful operation
11:18:14 >>> delete force flash:/swi_f_9001_33235_27.cfg
Deleting...
Successful operation
11:18:15 >>> delete force flash:/swi_f_9001_33235_28.cfg
Deleting...
Successful operation
11:18:16 >>> delete force flash:/swi_f_9001_33235_29.cfg
Deleting...
Successful operation
11:18:17 >>> delete force flash:/swi_f_9001_33235_30.cfg
Deleting...
Successful operation
11:18:18 >>> delete force flash:/swi_f_9001_33235_31.cfg
Deleting...
Successful operation
11:18:19 >>> delete force flash:/swi_f_9001_33235_32.cfg
Deleting...
Successful operation
11:18:20 >>> delete force flash:/swi_f_9001_33235_33.cfg
Deleting...
Successful operation
11:18:22 >>> delete force flash:/TestCase_tear_down.cfg
Deleting...
Successful operation
