11:19:19 >>> configure terminal
Enter configuration commands, one per line.  End with CNTL/Z.
11:19:20 >>> boot config-file flash:/tb470-bench.cfg
11:19:21 >>> end
11:19:22 >>> delete force flash:/swi_e_9001_33235.cfg
Deleting...
Successful operation
11:19:23 >>> delete force flash:/swi_e_9001_33235_1.cfg
Deleting...
Successful operation
11:19:25 >>> delete force flash:/swi_e_9001_33235_2.cfg
Deleting...
Successful operation
11:19:26 >>> delete force flash:/swi_e_9001_33235_3.cfg
Deleting...
Successful operation
11:19:27 >>> delete force flash:/swi_e_9001_33235_4.cfg
Deleting...
Successful operation
11:19:28 >>> delete force flash:/swi_e_9001_33235_5.cfg
Deleting...
Successful operation
11:19:29 >>> delete force flash:/swi_e_9001_33235_6.cfg
Deleting...
Successful operation
11:19:30 >>> delete force flash:/swi_e_9001_33235_7.cfg
Deleting...
Successful operation
11:19:31 >>> delete force flash:/swi_e_9001_33235_8.cfg
Deleting...
Successful operation
11:19:33 >>> delete force flash:/swi_e_9001_33235_9.cfg
Deleting...
Successful operation
11:19:34 >>> delete force flash:/swi_e_9001_33235_10.cfg
Deleting...
Successful operation
11:19:35 >>> delete force flash:/swi_e_9001_33235_11.cfg
Deleting...
Successful operation
11:19:36 >>> delete force flash:/swi_e_9001_33235_12.cfg
Deleting...
Successful operation
11:19:37 >>> delete force flash:/swi_e_9001_33235_13.cfg
Deleting...
Successful operation
11:19:38 >>> delete force flash:/swi_e_9001_33235_14.cfg
Deleting...
Successful operation
11:19:40 >>> delete force flash:/swi_e_9001_33235_15.cfg
Deleting...
Successful operation
11:19:41 >>> delete force flash:/swi_e_9001_33235_16.cfg
Deleting...
Successful operation
11:19:42 >>> delete force flash:/swi_e_9001_33235_17.cfg
Deleting...
Successful operation
11:19:43 >>> delete force flash:/swi_e_9001_33235_18.cfg
Deleting...
Successful operation
11:19:44 >>> delete force flash:/swi_e_9001_33235_19.cfg
Deleting...
Successful operation
11:19:45 >>> delete force flash:/swi_e_9001_33235_20.cfg
Deleting...
Successful operation
11:19:46 >>> delete force flash:/swi_e_9001_33235_21.cfg
Deleting...
Successful operation
11:19:48 >>> delete force flash:/swi_e_9001_33235_22.cfg
Deleting...
Successful operation
11:19:49 >>> delete force flash:/swi_e_9001_33235_23.cfg
Deleting...
Successful operation
11:19:50 >>> delete force flash:/swi_e_9001_33235_24.cfg
Deleting...
Successful operation
11:19:51 >>> delete force flash:/swi_e_9001_33235_25.cfg
Deleting...
Successful operation
11:19:52 >>> delete force flash:/swi_e_9001_33235_26.cfg
Deleting...
Successful operation
11:19:53 >>> delete force flash:/swi_e_9001_33235_27.cfg
Deleting...
Successful operation
11:19:55 >>> delete force flash:/swi_e_9001_33235_28.cfg
Deleting...
Successful operation
11:19:56 >>> delete force flash:/swi_e_9001_33235_29.cfg
Deleting...
Successful operation
11:19:57 >>> delete force flash:/swi_e_9001_33235_30.cfg
Deleting...
Successful operation
11:19:58 >>> delete force flash:/swi_e_9001_33235_31.cfg
Deleting...
Successful operation
11:19:59 >>> delete force flash:/swi_e_9001_33235_32.cfg
Deleting...
Successful operation
11:20:00 >>> delete force flash:/swi_e_9001_33235_33.cfg
Deleting...
Successful operation
11:20:01 >>> delete force flash:/TestCase_tear_down.cfg
Deleting...
Successful operation
