14:01:40: ================ PowerGroup has been initialised ================
14:01:40: ======== Turning PowerGroup on
14:01:40: PowerGroup._pdu_cmd(on, [5], 3) called
14:01:40: Waiting for pdu lock
14:01:40: ...lock acquired
14:01:40: Power outlets are already in the desired state
14:01:40: ...lock released
14:01:40: Turning PowerGroup on: Success
14:19:19: ========= TestCase 1 Starting =========
14:19:29: ======== Turning PowerGroup off
14:19:29: PowerGroup._pdu_cmd(off, [5], 3) called
14:19:29: Waiting for pdu lock
14:19:29: ...lock acquired
14:19:29: HTTP POST was successfully executed
14:19:30: PowerGroup._pdu_cmd(status, [5], 3) called
14:19:30: Waiting for pdu lock
14:19:30: ...lock acquired
14:19:30: Current outlet status: {1: '1', 2: '0', 3: '0', 4: '1', 5: '0', 6: '1', 7: '1', 8: '1', 9: '1', 10: '0', 11: '0', 12: '0', 13: '0', 14: '0', 15: '0', 16: '0', 17: '1', 18: '0', 19: '0', 20: '0', 21: '0', 22: '0', 23: '0', 24: '0', 25: '0'}
14:19:30: ...lock released
14:19:30: Power outlets have been successfully turned off
14:19:30: ...lock released
14:19:30: Turning PowerGroup off: Success
14:19:45: ======== Turning PowerGroup on
14:19:45: PowerGroup._pdu_cmd(on, [5], 3) called
14:19:45: Waiting for pdu lock
14:19:45: ...lock acquired
14:19:46: Sleep 0 seconds to work around the x610 power supply issue
14:19:46: HTTP POST was successfully executed
14:19:49: PowerGroup._pdu_cmd(status, [5], 3) called
14:19:49: Waiting for pdu lock
14:19:49: ...lock acquired
14:19:49: Current outlet status: {1: '1', 2: '0', 3: '0', 4: '1', 5: '1', 6: '1', 7: '1', 8: '1', 9: '1', 10: '0', 11: '0', 12: '0', 13: '0', 14: '0', 15: '0', 16: '0', 17: '1', 18: '0', 19: '0', 20: '0', 21: '0', 22: '0', 23: '0', 24: '0', 25: '0'}
14:19:49: ...lock released
14:19:49: Power outlets have been successfully turned on
14:19:49: ...lock released
14:19:49: Turning PowerGroup on: Success
14:22:12: ========= TestCase 1 Tear Down =========
