### Tue 29 Sep 2026 14:06:45 NZDT T22652 read alarm information
14:06:49 >>> configure terminal
Enter configuration commands, one per line.  End with CNTL/Z.
14:06:50 >>> scada modbus tcp server
14:06:51 >>> end
14:06:53 >>> show scada modbus tcp server | include MODBUS|Write|Port  
SCADA MODBUS Summary Information
MODBUS is enabled
Write access: disabled
  Port            :   502
  Write Requests:
14:07:02 >>> show alarm facility settings
Member output control: Disabled

Global alarms:

Alarm                    ID           Outputs - L: LED, R: Relay      
----------------------------------------------------------------------
EPSR                     -            -                               
Loop detect              -            -                               
G8032                    -            -                               
UFO                      -            -                               

Per stack member alarms:

Stack member 1:

Alarm                    ID           Outputs - L: LED, R: Relay      
----------------------------------------------------------------------
External PSU             1            -                               
External PSU             2            -                               
Link down                port1.0.1    -                               
Link down                port1.0.2    -                               
Link down                port1.0.3    -                               
Link down                port1.0.4    -                               
Link down                port1.0.5    -                               
Link down                port1.0.6    -                               
Link down                port1.0.7    -                               
Link down                port1.0.8    -                               
Link down                port1.0.9    -                               
Link down                port1.0.10   -                               
Link down                port1.0.11   -                               
Link down                port1.0.12   -                               
Link down                port1.0.13   -                               
Link down                port1.0.14   -                               
Link down                port1.0.15   -                               
Link down                port1.0.16   -                               
Link down                port1.0.17   -                               
Link down                port1.0.18   -                               
Link down                port1.0.19   -                               
Link down                port1.0.20   -                               
Link down                port1.0.21   -                               
Link down                port1.0.22   -                               
Link down                port1.0.23   -                               
Link down                port1.0.24   -                               
Link down                port1.0.25   -                               
Link down                port1.0.26   -                               
Link down                port1.0.27   -                               
Link down                port1.0.28   -                               
Temperature              -            -                               


Alarm                    ID           Alarm position
----------------------------------------------------

Stack member 3:

Alarm                    ID           Outputs - L: LED, R: Relay      
----------------------------------------------------------------------
External PSU             1            -                               
External PSU             2            -                               
Link down                port3.0.1    -                               
Link down                port3.0.2    -                               
Link down                port3.0.3    -                               
Link down                port3.0.4    -                               
Link down                port3.0.5    -                               
Link down                port3.0.6    -                               
Link down                port3.0.7    -                               
Link down                port3.0.8    -                               
Link down                port3.0.9    -                               
Link down                port3.0.10   -                               
Link down                port3.0.11   -                               
Link down                port3.0.12   -                               
Link down                port3.0.13   -                               
Link down                port3.0.14   -                               
Link down                port3.0.15   -                               
Link down                port3.0.16   -                               
Link down                port3.0.17   -                               
Link down                port3.0.18   -                               
Link down                port3.0.19   -                               
Link down                port3.0.20   -                               
Link down                port3.0.21   -                               
Link down                port3.0.22   -                               
Link down                port3.0.23   -                               
Link down                port3.0.24   -                               
Link down                port3.0.25   -                               
Link down                port3.0.26   -                               
Link down                port3.0.27   -                               
Link down                port3.0.28   -                               
Temperature              -            -                               


Alarm                    ID           Alarm position
----------------------------------------------------

Stack member 4:

Alarm                    ID           Outputs - L: LED, R: Relay      
----------------------------------------------------------------------
External PSU             1            -                               
External PSU             2            -                               
Link down                port4.0.1    -                               
Link down                port4.0.2    -                               
Link down                port4.0.3    -                               
Link down                port4.0.4    -                               
Link down                port4.0.5    -                               
Link down                port4.0.6    -                               
Link down                port4.0.7    -                               
Link down                port4.0.8    -                               
Link down                port4.0.9    -                               
Link down                port4.0.10   -                               
Link down                port4.0.11   -                               
Link down                port4.0.12   -                               
Link down                port4.0.13   -                               
Link down                port4.0.14   -                               
Link down                port4.0.15   -                               
Link down                port4.0.16   -                               
Link down                port4.0.17   -                               
Link down                port4.0.18   -                               
Link down                port4.0.19   -                               
Link down                port4.0.20   -                               
Link down                port4.0.21   -                               
Link down                port4.0.22   -                               
Link down                port4.0.23   -                               
Link down                port4.0.24   -                               
Link down                port4.0.25   -                               
Link down                port4.0.26   -                               
Link down                port4.0.27   -                               
Link down                port4.0.28   -                               
Temperature              -            -                               


Alarm                    ID           Alarm position
----------------------------------------------------
14:07:03 >>> show alarm facility status
Active alarms            ID          
-------------------------------------
14:07:04 >>> show system environment | include Power|Temp|Stack
Stack member 1:
1   Temp: System (Degrees C)                 43   90(Hyst)         95     Ok
4   Power Input 1                           Yes        -          -       Ok
5   Power Input 2                            No        -          -       Ok
Stack member 3:
1   Temp: System (Degrees C)                 42   90(Hyst)         95     Ok
4   Power Input 1                            No        -          -       Ok
5   Power Input 2                           Yes        -          -       Ok
Stack member 4:
1   Temp: System (Degrees C)                 45   90(Hyst)         95     Ok
4   Power Input 1                           Yes        -          -       Ok
5   Power Input 2                            No        -          -       Ok
--- the case text addresses ---
Exception response 131 / 0
14:07:07 CONNECT 10.38.215.10:502 slave=1 -> ok
14:07:07   TX 00 01 00 00 00 06 01 03 36 00 00 01
14:07:07 READ  0x3600 x1 ENUM step1 case: #1 Alarm Type @0x3600 -> EXCEPTION ExceptionResponse(dev_id=1, transaction_id=1, address=0, count=0, bits=[], registers=[], status=1)
Exception response 131 / 0
14:07:07 CONNECT 10.38.215.10:502 slave=1 -> ok
14:07:07   TX 00 01 00 00 00 06 01 03 36 01 00 01
14:07:07 READ  0x3601 x1 HEX step2 case: #1 Alarm Configuration @0x3601 -> EXCEPTION ExceptionResponse(dev_id=1, transaction_id=1, address=0, count=0, bits=[], registers=[], status=1)
Exception response 131 / 0
14:07:07 CONNECT 10.38.215.10:502 slave=1 -> ok
14:07:07   TX 00 01 00 00 00 06 01 03 36 02 00 01
14:07:07 READ  0x3602 x1 BOOL step3 case: #1 Alarm Status @0x3602 -> EXCEPTION ExceptionResponse(dev_id=1, transaction_id=1, address=0, count=0, bits=[], registers=[], status=1)
--- the DUT mapping-5 block (6 words per alarm) ---
--- member 1
14:07:07 CONNECT 10.38.215.10:502 slave=1 -> ok
14:07:07   TX 00 01 00 00 00 06 01 03 30 00 00 01
14:07:07 READ  0x3000 x1 ENUM step1 #1 Alarm Type (External PSU 1) -> words=['0x0001'] value=1
14:07:07 CONNECT 10.38.215.10:502 slave=1 -> ok
14:07:07   TX 00 01 00 00 00 06 01 03 30 01 00 01
14:07:07 READ  0x3001 x1 HEX step2 #1 Alarm Configuration -> words=['0x0000'] value='0000'
14:07:08 CONNECT 10.38.215.10:502 slave=1 -> ok
14:07:08   TX 00 01 00 00 00 06 01 03 30 05 00 01
14:07:08 READ  0x3005 x1 BOOL step3 #1 Alarm Status (word 5 of the entry) -> words=['0x0000'] value=False
14:07:08 CONNECT 10.38.215.10:502 slave=1 -> ok
14:07:08   TX 00 01 00 00 00 06 01 03 30 02 00 03
14:07:08 READ  0x3002 x3 RAW #1 words 2-4 -> words=['0x0000', '0x0000', '0x0000'] value=[0, 0, 0]
14:07:08 CONNECT 10.38.215.10:502 slave=1 -> ok
14:07:08   TX 00 01 00 00 00 06 01 03 30 06 00 06
14:07:08 READ  0x3006 x6 RAW #2 External PSU 2 entry -> words=['0x0001', '0x0000', '0x0000', '0x0000', '0x0000', '0xffff'] value=[1, 0, 0, 0, 0, 65535]
14:07:08 CONNECT 10.38.215.10:502 slave=1 -> ok
14:07:08   TX 00 01 00 00 00 06 01 03 30 0c 00 06
14:07:08 READ  0x300c x6 RAW #3 Link down port1.0.1 -> words=['0x0004', '0x0000', '0x0000', '0x0000', '0x0000', '0xffff'] value=[4, 0, 0, 0, 0, 65535]
14:07:08 CONNECT 10.38.215.10:502 slave=1 -> ok
14:07:08   TX 00 01 00 00 00 06 01 03 30 12 00 06
14:07:08 READ  0x3012 x6 RAW #4 Link down port1.0.2 -> words=['0x0004', '0x0000', '0x0000', '0x0000', '0x0000', '0x0000'] value=[4, 0, 0, 0, 0, 0]
14:07:08 CONNECT 10.38.215.10:502 slave=1 -> ok
14:07:08   TX 00 01 00 00 00 06 01 03 30 5a 00 06
14:07:08 READ  0x305a x6 RAW #31 Temperature entry -> words=['0x0004', '0x0000', '0x0000', '0x0000', '0x0000', '0xffff'] value=[4, 0, 0, 0, 0, 65535]
--- member 3
14:07:08 CONNECT 10.38.215.10:502 slave=3 -> ok
14:07:08   TX 00 01 00 00 00 06 03 03 30 00 00 01
14:07:08 READ  0x3000 x1 ENUM step1 #1 Alarm Type (External PSU 1) -> words=['0x0001'] value=1
14:07:08 CONNECT 10.38.215.10:502 slave=3 -> ok
14:07:08   TX 00 01 00 00 00 06 03 03 30 01 00 01
14:07:08 READ  0x3001 x1 HEX step2 #1 Alarm Configuration -> words=['0x0000'] value='0000'
14:07:08 CONNECT 10.38.215.10:502 slave=3 -> ok
14:07:08   TX 00 01 00 00 00 06 03 03 30 05 00 01
14:07:08 READ  0x3005 x1 BOOL step3 #1 Alarm Status (word 5 of the entry) -> words=['0xffff'] value=True
14:07:08 CONNECT 10.38.215.10:502 slave=3 -> ok
14:07:08   TX 00 01 00 00 00 06 03 03 30 02 00 03
14:07:08 READ  0x3002 x3 RAW #1 words 2-4 -> words=['0x0000', '0x0000', '0x0000'] value=[0, 0, 0]
14:07:09 CONNECT 10.38.215.10:502 slave=3 -> ok
14:07:09   TX 00 01 00 00 00 06 03 03 30 06 00 06
14:07:09 READ  0x3006 x6 RAW #2 External PSU 2 entry -> words=['0x0001', '0x0000', '0x0000', '0x0000', '0x0000', '0x0000'] value=[1, 0, 0, 0, 0, 0]
14:07:09 CONNECT 10.38.215.10:502 slave=3 -> ok
14:07:09   TX 00 01 00 00 00 06 03 03 30 0c 00 06
14:07:09 READ  0x300c x6 RAW #3 Link down port3.0.1 -> words=['0x0004', '0x0000', '0x0000', '0x0000', '0x0000', '0xffff'] value=[4, 0, 0, 0, 0, 65535]
14:07:09 CONNECT 10.38.215.10:502 slave=3 -> ok
14:07:09   TX 00 01 00 00 00 06 03 03 30 12 00 06
14:07:09 READ  0x3012 x6 RAW #4 Link down port3.0.2 -> words=['0x0004', '0x0000', '0x0000', '0x0000', '0x0000', '0x0000'] value=[4, 0, 0, 0, 0, 0]
14:07:09 CONNECT 10.38.215.10:502 slave=3 -> ok
14:07:09   TX 00 01 00 00 00 06 03 03 30 5a 00 06
14:07:09 READ  0x305a x6 RAW #31 Temperature entry -> words=['0x0004', '0x0000', '0x0000', '0x0000', '0x0000', '0xffff'] value=[4, 0, 0, 0, 0, 65535]
--- member 4
14:07:09 CONNECT 10.38.215.10:502 slave=4 -> ok
14:07:09   TX 00 01 00 00 00 06 04 03 30 00 00 01
14:07:09 READ  0x3000 x1 ENUM step1 #1 Alarm Type (External PSU 1) -> words=['0x0001'] value=1
14:07:09 CONNECT 10.38.215.10:502 slave=4 -> ok
14:07:09   TX 00 01 00 00 00 06 04 03 30 01 00 01
14:07:09 READ  0x3001 x1 HEX step2 #1 Alarm Configuration -> words=['0x0000'] value='0000'
14:07:09 CONNECT 10.38.215.10:502 slave=4 -> ok
14:07:09   TX 00 01 00 00 00 06 04 03 30 05 00 01
14:07:09 READ  0x3005 x1 BOOL step3 #1 Alarm Status (word 5 of the entry) -> words=['0x0000'] value=False
14:07:09 CONNECT 10.38.215.10:502 slave=4 -> ok
14:07:09   TX 00 01 00 00 00 06 04 03 30 02 00 03
14:07:09 READ  0x3002 x3 RAW #1 words 2-4 -> words=['0x0000', '0x0000', '0x0000'] value=[0, 0, 0]
14:07:09 CONNECT 10.38.215.10:502 slave=4 -> ok
14:07:09   TX 00 01 00 00 00 06 04 03 30 06 00 06
14:07:09 READ  0x3006 x6 RAW #2 External PSU 2 entry -> words=['0x0001', '0x0000', '0x0000', '0x0000', '0x0000', '0xffff'] value=[1, 0, 0, 0, 0, 65535]
14:07:09 CONNECT 10.38.215.10:502 slave=4 -> ok
14:07:10   TX 00 01 00 00 00 06 04 03 30 0c 00 06
14:07:10 READ  0x300c x6 RAW #3 Link down port4.0.1 -> words=['0x0004', '0x0000', '0x0000', '0x0000', '0x0000', '0xffff'] value=[4, 0, 0, 0, 0, 65535]
14:07:10 CONNECT 10.38.215.10:502 slave=4 -> ok
14:07:10   TX 00 01 00 00 00 06 04 03 30 12 00 06
14:07:10 READ  0x3012 x6 RAW #4 Link down port4.0.2 -> words=['0x0004', '0x0000', '0x0000', '0x0000', '0x0000', '0x0000'] value=[4, 0, 0, 0, 0, 0]
14:07:10 CONNECT 10.38.215.10:502 slave=4 -> ok
14:07:10   TX 00 01 00 00 00 06 04 03 30 5a 00 06
14:07:10 READ  0x305a x6 RAW #31 Temperature entry -> words=['0x0004', '0x0000', '0x0000', '0x0000', '0x0000', '0xffff'] value=[4, 0, 0, 0, 0, 65535]
14:07:10 CONNECT 10.38.215.10:502 slave=0 -> ok
14:07:10   TX 00 01 00 00 00 06 00 03 30 00 00 06
14:07:10 READ  0x3000 x6 RAW unit 0 #1 entry -> words=['0x0001', '0x0000', '0x0000', '0x0000', '0x0000', '0xffff'] value=[1, 0, 0, 0, 0, 65535]
14:07:14 >>> show scada modbus tcp server | include holding|illegal
holding registers    :        177
    illegal function     :          0
    illegal data address :         16
    illegal data value   :          1
### Tue 29 Sep 2026 14:07:17 NZDT T22652 teardown
14:07:21 >>> configure terminal
Enter configuration commands, one per line.  End with CNTL/Z.
14:07:22 >>> no scada modbus tcp server
14:07:24 >>> end
14:07:25 >>> show scada modbus tcp server
MODBUS is disabled
14:07:27 >>> show running-config | include scada
Connection to (10.38.215.10, 502) failed: [Errno 111] Connection refused
14:07:29 CONNECT 10.38.215.10:502 slave=0 -> FAILED (no TCP connection)
