### Tue 29 Sep 2026 13:46:03 NZDT T22653 enable modbus server (read-only default)
13:46:08 >>> configure terminal
Enter configuration commands, one per line.  End with CNTL/Z.
13:46:09 >>> scada modbus tcp server
13:46:10 >>> end
13:46:11 >>> show scada modbus tcp server
SCADA MODBUS Summary Information

MODBUS is enabled
Write access: disabled
Master heartbeat status: Not set
Master heartbeat timeout: 0

-------------------------------------
TCP Server Characteristics:
  Port            :   502
  Max Connections :     1

-------------------------------------
Statistics:
  Read Requests:
    coils                :          0
    discrete inputs      :          0
    holding registers    :          0
    input registers      :          0

  Write Requests:
    single coil          :          0
    single register      :          0
    multiple coils       :          0
    multiple registers   :          0

  Other Requests         :          0

  Exceptions:
    illegal function     :          0
    illegal data address :          0
    illegal data value   :          0
    slave device failure :          0
13:46:13 >>> show running-config | include scada
scada modbus tcp server
### Tue 29 Sep 2026 13:46:18 NZDT mapping / discovery
13:46:18 CONNECT 10.38.215.10:502 slave=0 -> ok
13:46:18   TX 00 01 00 00 00 06 00 03 00 00 00 01
13:46:18 READ  0x0000 x1 UINT mapping version, slave 0 -> words=['0x0005'] value=5
13:46:18 CONNECT 10.38.215.10:502 slave=1 -> ok
13:46:18   TX 00 01 00 00 00 06 01 03 00 00 00 01
13:46:18 READ  0x0000 x1 UINT mapping version, slave 1 -> words=['0x0005'] value=5
Exception response 131 / 0
13:46:18 CONNECT 10.38.215.10:502 slave=0 -> ok
13:46:18   TX 00 01 00 00 00 06 00 03 00 00 00 7d
13:46:18 READ  0x0000 x125 RAW system block 0x0000-0x007c, slave 0 -> EXCEPTION ExceptionResponse(dev_id=0, transaction_id=1, address=0, count=0, bits=[], registers=[], status=1)
13:46:18 CONNECT 10.38.215.10:502 slave=1 -> ok
13:46:18   TX 00 01 00 00 00 06 01 03 01 20 00 05
13:46:18 READ  0x0120 x5 RAW member-1 system info 0x0120-0x0124 -> words=['0x0001', '0x001c', '0x0000', '0x0005', '0x001f'] value=[1, 28, 0, 5, 31]
13:46:18 CONNECT 10.38.215.10:502 slave=1 -> ok
13:46:18   TX 00 01 00 00 00 06 01 03 02 00 00 03
13:46:18 READ  0x0200 x3 RAW member-1 board class/slot 0x0200 -> words=['0x0001', '0x0000', '0x4154'] value=[1, 0, 16724]
### Tue 29 Sep 2026 13:46:18 NZDT steps 1-7: port #1 = port1.0.1 (member 1, index 0), slave 1
13:46:18 CONNECT 10.38.215.10:502 slave=1 -> ok
13:46:18   TX 00 01 00 00 00 06 01 03 50 00 00 01
13:46:18 READ  0x5000 x1 HEX step1 #1 Port Current State (R) -> words=['0x0000'] value='0000'
13:46:18 CONNECT 10.38.215.10:502 slave=1 -> ok
13:46:18   TX 00 01 00 00 00 06 01 03 50 01 00 01
13:46:18 READ  0x5001 x1 HEX step2 #1 Port Configured State (RW) -> words=['0xf000'] value='f000'
Exception response 131 / 0
13:46:18 CONNECT 10.38.215.10:502 slave=1 -> ok
13:46:18   TX 00 01 00 00 00 06 01 03 50 02 00 01
13:46:18 READ  0x5002 x1 HEX step3 #1 Port PoE Configuration (RW) -> EXCEPTION ExceptionResponse(dev_id=1, transaction_id=1, address=0, count=0, bits=[], registers=[], status=1)
Exception response 131 / 0
13:46:19 CONNECT 10.38.215.10:502 slave=1 -> ok
13:46:19   TX 00 01 00 00 00 06 01 03 50 03 00 01
13:46:19 READ  0x5003 x1 UINT step4 #1 Port PoE Data Pairs Power (R) -> EXCEPTION ExceptionResponse(dev_id=1, transaction_id=1, address=0, count=0, bits=[], registers=[], status=1)
Exception response 131 / 0
13:46:19 CONNECT 10.38.215.10:502 slave=1 -> ok
13:46:19   TX 00 01 00 00 00 06 01 03 50 04 00 01
13:46:19 READ  0x5004 x1 UINT step5 #1 Port PoE Spare Pairs Power (R) -> EXCEPTION ExceptionResponse(dev_id=1, transaction_id=1, address=0, count=0, bits=[], registers=[], status=1)
13:46:19 CONNECT 10.38.215.10:502 slave=1 -> ok
13:46:19   TX 00 01 00 00 00 06 01 03 50 05 00 04
13:46:19 READ  0x5005 x4 UINT step6 #1 Port Input Bytes (R) -> words=['0x0000', '0x0000', '0x0000', '0x0000'] value=0
13:46:19 CONNECT 10.38.215.10:502 slave=1 -> ok
13:46:19   TX 00 01 00 00 00 06 01 03 50 09 00 04
13:46:19 READ  0x5009 x4 UINT step7 #1 Port Output Bytes (R) -> words=['0x0000', '0x0000', '0x0000', '0x0000'] value=0
Exception response 131 / 0
13:46:19 CONNECT 10.38.215.10:502 slave=1 -> ok
13:46:19   TX 00 01 00 00 00 06 01 03 50 00 00 0d
13:46:19 READ  0x5000 x13 RAW port index 0 whole block -> EXCEPTION ExceptionResponse(dev_id=1, transaction_id=1, address=0, count=0, bits=[], registers=[], status=1)
### Tue 29 Sep 2026 13:46:19 NZDT extra: port #2 = port1.0.2 (linked, LAG member), slave 1, block at 0x500d
Exception response 131 / 0
13:46:19 CONNECT 10.38.215.10:502 slave=1 -> ok
13:46:19   TX 00 01 00 00 00 06 01 03 50 0d 00 0d
13:46:19 READ  0x500d x13 RAW port index 1 whole block -> EXCEPTION ExceptionResponse(dev_id=1, transaction_id=1, address=0, count=0, bits=[], registers=[], status=1)
13:46:19 CONNECT 10.38.215.10:502 slave=1 -> ok
13:46:19   TX 00 01 00 00 00 06 01 03 50 0d 00 01
13:46:19 READ  0x500d x1 HEX #2 current state -> words=['0xf103'] value='f103'
13:46:19 CONNECT 10.38.215.10:502 slave=1 -> ok
13:46:19   TX 00 01 00 00 00 06 01 03 50 0e 00 01
13:46:19 READ  0x500e x1 HEX #2 configured state -> words=['0xf000'] value='f000'
13:46:19 CONNECT 10.38.215.10:502 slave=1 -> ok
13:46:19   TX 00 01 00 00 00 06 01 03 50 12 00 04
13:46:19 READ  0x5012 x4 UINT #2 input bytes -> words=['0x0000', '0x0000', '0x0000', '0x0588'] value=1416
13:46:19 CONNECT 10.38.215.10:502 slave=1 -> ok
13:46:19   TX 00 01 00 00 00 06 01 03 50 16 00 04
13:46:19 READ  0x5016 x4 UINT #2 output bytes -> words=['0x0000', '0x0000', '0x0000', '0xa6a7'] value=42663
### Tue 29 Sep 2026 13:46:19 NZDT other unit ids
Exception response 131 / 0
13:46:20 CONNECT 10.38.215.10:502 slave=0 -> ok
13:46:20   TX 00 01 00 00 00 06 00 03 50 00 00 0d
13:46:20 READ  0x5000 x13 RAW slave 0 port block -> EXCEPTION ExceptionResponse(dev_id=0, transaction_id=1, address=0, count=0, bits=[], registers=[], status=1)
Exception response 131 / 0
13:46:20 CONNECT 10.38.215.10:502 slave=3 -> ok
13:46:20   TX 00 01 00 00 00 06 03 03 50 00 00 0d
13:46:20 READ  0x5000 x13 RAW member 3 index 0 (port3.0.1) -> EXCEPTION ExceptionResponse(dev_id=3, transaction_id=1, address=0, count=0, bits=[], registers=[], status=1)
Exception response 131 / 0
13:46:20 CONNECT 10.38.215.10:502 slave=3 -> ok
13:46:20   TX 00 01 00 00 00 06 03 03 50 a1 00 0d
13:46:20 READ  0x50a1 x13 RAW member 3 index 12 (port3.0.13, tb eth1 link) -> EXCEPTION ExceptionResponse(dev_id=3, transaction_id=1, address=0, count=0, bits=[], registers=[], status=1)
Exception response 131 / 0
13:46:20 CONNECT 10.38.215.10:502 slave=2 -> ok
13:46:20   TX 00 01 00 00 00 06 02 03 50 00 00 01
13:46:20 READ  0x5000 x1 HEX member 2 (provisioned, absent) -> EXCEPTION ExceptionResponse(dev_id=2, transaction_id=1, address=0, count=0, bits=[], registers=[], status=1)
### Tue 29 Sep 2026 13:46:20 NZDT CLI right after the reads
13:46:24 >>> show interface port1.0.1
Interface port1.0.1
  Scope: both
  Link is DOWN, administrative state is UP
  Thrash-limiting
    Status Not Detected, Action learn-disable, Timeout 1(s)
  Hardware is Ethernet, address is 0000.cd37.0d6f
  index 5001 metric 1 mru 1500
  configured duplex auto, configured speed auto, configured polarity auto
  <UP,BROADCAST,MULTICAST>
  SNMP link-status traps: Disabled
  SNMP mac-change traps - added: Disabled, removed: Disabled
  DHCP subscriber-id substitution for client-id is not enabled
  DHCP subscriber-id is <not-set>
    input packets 0, bytes 0, dropped 0, multicast packets 0
    output packets 0, bytes 0, multicast packets 0, broadcast packets 0
    input average rate : 30 seconds 0 bps, 5 minutes 0 bps
    output average rate: 30 seconds 0 bps, 5 minutes 0 bps
  Time since last state change: 0 days 00:50:10
  Unknown unicast flooding blocking is disabled
13:46:26 >>> show interface port1.0.1 status
Port        Name               Status      Vlan      Duplex Speed   Type        
--------------------------------------------------------------------------------
port1.0.1   -                  notconnect          1 auto   auto    not present
13:46:27 >>> show interface port1.0.2
Interface port1.0.2
  Scope: both
  Link is UP, administrative state is UP
  Thrash-limiting
    Status Not Detected, Action learn-disable, Timeout 1(s)
  Hardware is Ethernet, address is 0000.cd37.0d6f
  index 5002 metric 1 mru 1500
  current duplex full, current speed 1000, current polarity auto
  configured duplex auto, configured speed auto, configured polarity auto
  <UP,BROADCAST,RUNNING,MULTICAST>
  SNMP link-status traps: Disabled
  SNMP mac-change traps - added: Disabled, removed: Disabled
  DHCP subscriber-id substitution for client-id is not enabled
  DHCP subscriber-id is <not-set>
    input packets 21, bytes 1416, dropped 0, multicast packets 17
    output packets 459, bytes 42791, multicast packets 140, broadcast packets 31
    input average rate : 30 seconds 0 bps, 5 minutes 0 bps
    output average rate: 30 seconds 41 bps, 5 minutes 4 bps
    input peak rate 448 bps at 2026/09/29 00:05:03
    output peak rate 1.83 Kbps at 2026/09/29 00:04:11
  Time since last state change: 0 days 00:26:37
  Unknown unicast flooding blocking is disabled
13:46:28 >>> show interface port1.0.2 status
Port        Name               Status      Vlan      Duplex Speed   Type        
--------------------------------------------------------------------------------
port1.0.2   -                  connected           1 a-full a-1000  1000BASE-T
13:46:29 >>> show interface port3.0.13
Interface port3.0.13
  Scope: both
  Link is UP, administrative state is UP
  Thrash-limiting
    Status Not Detected, Action learn-disable, Timeout 1(s)
  Hardware is Ethernet, address is 0000.cd37.0d6f
  index 15013 metric 1 mru 1500
  current duplex full, current speed 1000, current polarity auto
  configured duplex auto, configured speed auto, configured polarity auto
  <UP,BROADCAST,RUNNING,MULTICAST>
  SNMP link-status traps: Disabled
  SNMP mac-change traps - added: Disabled, removed: Disabled
  DHCP subscriber-id substitution for client-id is not enabled
  DHCP subscriber-id is <not-set>
    input packets 149, bytes 10796, dropped 0, multicast packets 0
    output packets 5998, bytes 592526, multicast packets 166, broadcast packets 60
    input average rate : 30 seconds 3.15 Kbps, 5 minutes 320 bps
    output average rate: 30 seconds 4.08 Kbps, 5 minutes 2.15 Kbps
    input peak rate 16.60 Kbps at 2026/09/29 00:47:06
    output peak rate 13.27 Kbps at 2026/09/29 00:47:06
  Time since last state change: 0 days 00:47:37
  Unknown unicast flooding blocking is disabled
13:46:30 >>> show power-inline interface port1.0.1
^
% Invalid input detected at '^' marker.
13:46:31 >>> show scada modbus tcp server
SCADA MODBUS Summary Information

MODBUS is enabled
Write access: disabled
Master heartbeat status: Not set
Master heartbeat timeout: 0

-------------------------------------
TCP Server Characteristics:
  Port            :   502
  Max Connections :     1

-------------------------------------
Statistics:
  Read Requests:
    coils                :          0
    discrete inputs      :          0
    holding registers    :         22
    input registers      :          0

  Write Requests:
    single coil          :          0
    single register      :          0
    multiple coils       :          0
    multiple registers   :          0

  Other Requests         :          0

  Exceptions:
    illegal function     :          0
    illegal data address :          9
    illegal data value   :          1
    slave device failure :          0
13:46:32 >>> show scada modbus tcp server connections
SCADA MODBUS Client Information
### Tue 29 Sep 2026 13:46:35 NZDT done
