### Tue 29 Sep 2026 13:59:05 NZDT precondition: server enabled read-write, client reads OK on 502
13:59:09 >>> configure terminal
Enter configuration commands, one per line.  End with CNTL/Z.
13:59:10 >>> scada modbus tcp server
13:59:12 >>> scada modbus tcp server access read-write
13:59:13 >>> end
13:59:14 >>> show scada modbus tcp server | include MODBUS|Write|Port  
SCADA MODBUS Summary Information
MODBUS is enabled
Write access: enabled
  Port            :   502
  Write Requests:
13:59:18 CONNECT 10.38.215.10:502 slave=0 -> ok
13:59:18   TX 00 01 00 00 00 06 00 03 00 00 00 01
13:59:18 READ  0x0000 x1 UINT precondition: mapping version on 502 -> words=['0x0005'] value=5
### Tue 29 Sep 2026 13:59:18 NZDT STEP 1: dynamic change of the TCP port to 5020
13:59:23 >>> configure terminal
Enter configuration commands, one per line.  End with CNTL/Z.
13:59:24 >>> scada modbus tcp server port 5020
13:59:25 >>> end
13:59:26 >>> show scada modbus tcp server | include Port  
Port            :  5020
13:59:28 >>> show running-config | include scada
scada modbus tcp server port 5020
scada modbus tcp server access read-write
scada modbus tcp server
Connection to (10.38.215.10, 502) failed: [Errno 111] Connection refused
13:59:33 CONNECT 10.38.215.10:502 slave=0 -> FAILED (no TCP connection)
13:59:33 CONNECT 10.38.215.10:5020 slave=0 -> ok
13:59:33   TX 00 01 00 00 00 06 00 03 00 00 00 01
13:59:33 READ  0x0000 x1 UINT step1 new port 5020 -> words=['0x0005'] value=5
13:59:37 >>> show scada modbus tcp server | include holding
holding registers    :         70
### Tue 29 Sep 2026 13:59:40 NZDT STEP 1 restore: port back to 502 (no form first)
13:59:44 >>> configure terminal
Enter configuration commands, one per line.  End with CNTL/Z.
13:59:45 >>> no scada modbus tcp server port
13:59:47 >>> end
13:59:48 >>> show scada modbus tcp server | include MODBUS|Port  
SCADA MODBUS Summary Information
MODBUS is enabled
  Port            :   502
13:59:50 >>> show running-config | include scada
scada modbus tcp server access read-write
scada modbus tcp server
Connection to (10.38.215.10, 5020) failed: [Errno 111] Connection refused
13:59:54 CONNECT 10.38.215.10:5020 slave=0 -> FAILED (no TCP connection)
13:59:54 CONNECT 10.38.215.10:502 slave=0 -> ok
13:59:54   TX 00 01 00 00 00 06 00 03 00 00 00 01
13:59:54 READ  0x0000 x1 UINT step1 restore: 502 works again -> words=['0x0005'] value=5
### Tue 29 Sep 2026 13:59:54 NZDT STEP 2: dynamic disable / enable
13:59:59 >>> configure terminal
Enter configuration commands, one per line.  End with CNTL/Z.
14:00:00 >>> no scada modbus tcp server
14:00:01 >>> end
14:00:02 >>> show scada modbus tcp server
MODBUS is disabled
Connection to (10.38.215.10, 502) failed: [Errno 111] Connection refused
14:00:07 CONNECT 10.38.215.10:502 slave=0 -> FAILED (no TCP connection)
14:00:11 >>> configure terminal
Enter configuration commands, one per line.  End with CNTL/Z.
14:00:12 >>> scada modbus tcp server
14:00:14 >>> end
14:00:15 >>> show scada modbus tcp server | include MODBUS|Write|Port  
SCADA MODBUS Summary Information
MODBUS is enabled
Write access: enabled
  Port            :   502
  Write Requests:
14:00:17 >>> show running-config | include scada
scada modbus tcp server access read-write
scada modbus tcp server
14:00:21 CONNECT 10.38.215.10:502 slave=0 -> ok
14:00:21   TX 00 01 00 00 00 06 00 03 00 00 00 01
14:00:21 READ  0x0000 x1 UINT step2 re-enabled -> words=['0x0005'] value=5
### Tue 29 Sep 2026 14:00:21 NZDT STEP 3: API disables then enables port1.0.2 (member 1 index 1: 0x500d current, 0x500e configured)
14:00:21 CONNECT 10.38.215.10:502 slave=1 -> ok
14:00:21   TX 00 01 00 00 00 06 01 03 50 0d 00 01
14:00:21 READ  0x500d x1 HEX step3 before: current -> words=['0xf103'] value='f103'
14:00:21 CONNECT 10.38.215.10:502 slave=1 -> ok
14:00:21   TX 00 01 00 00 00 06 01 03 50 0e 00 01
14:00:21 READ  0x500e x1 HEX step3 before: configured -> words=['0xf000'] value='f000'
Exception response 134 / 0
14:00:21 CONNECT 10.38.215.10:502 slave=1 -> ok
14:00:21   TX 00 01 00 00 00 06 01 06 50 0e 00 00
14:00:21 WRITE 0x500e = 0x0000 step3 API: port1.0.2 down -> EXCEPTION ExceptionResponse(dev_id=1, transaction_id=1, address=0, count=0, bits=[], registers=[], status=1)
14:00:27 CONNECT 10.38.215.10:502 slave=1 -> ok
14:00:27   TX 00 01 00 00 00 06 01 03 50 0d 00 01
14:00:27 READ  0x500d x1 HEX step3 after API down: current -> words=['0x0000'] value='0000'
14:00:27 CONNECT 10.38.215.10:502 slave=1 -> ok
14:00:27   TX 00 01 00 00 00 06 01 03 50 0e 00 01
14:00:27 READ  0x500e x1 HEX step3 after API down: configured -> words=['0x0000'] value='0000'
14:00:31 >>> show interface port1.0.2 | include Link
Link is DOWN, administrative state is DOWN
14:00:32 >>> show interface port1.0.2 status
Port        Name               Status      Vlan      Duplex Speed   Type        
--------------------------------------------------------------------------------
port1.0.2   -                  disabled            1 auto   auto    1000BASE-T
14:00:34 >>> show running-config interface port1.0.2
!
interface port1.0.2
 switchport
 switchport mode access
 shutdown
 static-channel-group 2
!
14:00:38 >>> show log | include port1.0.2
7[r[999;999H[6n2026 Sep 29 00:39:04 user.notice IE520-stk IMISH[4850]: [manager@ie520-stk-1]show interface port1.0.2 status
2026 Sep 29 00:39:08 user.notice IE520-stk IMISH[4850]: [manager@ie520-stk-1]show running-config interface port1.0.2
2026 Sep 29 00:40:18 user.notice IE520-stk IMISH[7908]: [manager@ie520-stk-1]int port3.0.13,port3.0.2,port1.0.13,port1.0.9,port4.0.2,port4.0.9,port1.0.2
2026 Sep 29 00:40:18 user.notice IE520-stk NSM[609]: port1.0.2 user no shutdown
2026 Sep 29 00:45:36 user.notice IE520-stk IMISH[11106]: [manager@ttyS0]show interface port1.0.2
2026 Sep 29 00:47:08 user.notice IE520-stk IMISH[11106]: [manager@ttyS0]show interface port1.0.2
2026 Sep 29 00:47:09 user.notice IE520-stk IMISH[11106]: [manager@ttyS0]show interface port1.0.2 status
2026 Sep 29 01:01:04 user.notice IE520-stk NSM[609]: Port down notification received for port1.0.2 
2026 Sep 29 01:01:04 user.notice IE520-stk NSM[609]: port1.0.2 user shutdown
2026 Sep 29 01:01:04 user.notice IE520-stk modbusd[531]: MODBUS: Failed to set Auto duplex for port1.0.2.
2026 Sep 29 01:01:04 user.warning IE520-stk modbusd[531]: MODBUS: Failed to set Auto polarity for port1.0.2.
2026 Sep 29 01:01:04 user.notice IE520-stk modbusd[531]: MODBUS: Failed to set Auto speed for port1.0.2.
2026 Sep 29 01:01:04 user.notice IE520-stk modbusd[531]: MODBUS: Performed write request from 10.38.215.1:23725: Write Single Register(FC=0x06) to member 1 starting at port1.0.2 Config State(REG=0x500e) for 1 word with data 0x0000
2026 Sep 29 01:01:13 user.notice IE520-stk IMISH[11106]: [manager@ttyS0]show interface port1.0.2 | include Link
2026 Sep 29 01:01:14 user.notice IE520-stk IMISH[11106]: [manager@ttyS0]show interface port1.0.2 status
2026 Sep 29 01:01:15 user.notice IE520-stk IMISH[11106]: [manager@ttyS0]show running-config interface port1.0.2
2026 Sep 29 01:01:19 user.notice IE520-stk IMISH[11106]: [manager@ttyS0]show log | include port1.0.2
Exception response 134 / 0
14:00:41 CONNECT 10.38.215.10:502 slave=1 -> ok
14:00:41   TX 00 01 00 00 00 06 01 06 50 0e f0 00
14:00:41 WRITE 0x500e = 0xf000 step3 API: port1.0.2 up -> EXCEPTION ExceptionResponse(dev_id=1, transaction_id=1, address=0, count=0, bits=[], registers=[], status=1)
14:00:51 CONNECT 10.38.215.10:502 slave=1 -> ok
14:00:51   TX 00 01 00 00 00 06 01 03 50 0d 00 01
14:00:51 READ  0x500d x1 HEX step3 after API up: current -> words=['0xf103'] value='f103'
14:00:51 CONNECT 10.38.215.10:502 slave=1 -> ok
14:00:51   TX 00 01 00 00 00 06 01 03 50 0e 00 01
14:00:51 READ  0x500e x1 HEX step3 after API up: configured -> words=['0xf000'] value='f000'
14:00:55 >>> show interface port1.0.2 | include Link
Link is UP, administrative state is UP
14:00:56 >>> show interface port1.0.2 status
Port        Name               Status      Vlan      Duplex Speed   Type        
--------------------------------------------------------------------------------
port1.0.2   -                  connected           1 a-full a-1000  1000BASE-T
14:00:58 >>> show running-config interface port1.0.2
!
interface port1.0.2
 switchport
 switchport mode access
 static-channel-group 2
!
### Tue 29 Sep 2026 14:01:01 NZDT STEP 4: CLI shutdown port1.0.2, Modbus reflects it
14:01:05 >>> configure terminal
Enter configuration commands, one per line.  End with CNTL/Z.
14:01:06 >>> interface port1.0.2
14:01:07 >>> shutdown
switch: port 30(port1.0.2) entered disabled state
IE520-stk(config-if)#switch: port 30(port1.0.2) entered disabled state
14:01:08 >>> end
14:01:10 >>> show interface port1.0.2 | include Link
Link is DOWN, administrative state is DOWN
14:01:11 >>> show interface port1.0.2 status
Port        Name               Status      Vlan      Duplex Speed   Type        
--------------------------------------------------------------------------------
port1.0.2   -                  disabled            1 auto   auto    1000BASE-T
14:01:17 CONNECT 10.38.215.10:502 slave=1 -> ok
14:01:17   TX 00 01 00 00 00 06 01 03 50 0d 00 01
14:01:17 READ  0x500d x1 HEX step4 after CLI shutdown: current -> words=['0x0000'] value='0000'
14:01:17 CONNECT 10.38.215.10:502 slave=1 -> ok
14:01:17   TX 00 01 00 00 00 06 01 03 50 0e 00 01
14:01:17 READ  0x500e x1 HEX step4 after CLI shutdown: configured -> words=['0x0000'] value='0000'
14:01:22 >>> configure terminal
Enter configuration commands, one per line.  End with CNTL/Z.
14:01:23 >>> interface port1.0.2
14:01:24 >>> no shutdown
14:01:25 >>> end
14:01:39 CONNECT 10.38.215.10:502 slave=1 -> ok
14:01:39   TX 00 01 00 00 00 06 01 03 50 0d 00 01
14:01:39 READ  0x500d x1 HEX step4 after CLI no shutdown: current -> words=['0xf103'] value='f103'
14:01:39 CONNECT 10.38.215.10:502 slave=1 -> ok
14:01:39   TX 00 01 00 00 00 06 01 03 50 0e 00 01
14:01:39 READ  0x500e x1 HEX step4 after CLI no shutdown: configured -> words=['0xf000'] value='f000'
14:01:43 >>> show interface port1.0.2 | include Link
Link is UP, administrative state is UP
14:01:44 >>> show interface port1.0.2 status
Port        Name               Status      Vlan      Duplex Speed   Type        
--------------------------------------------------------------------------------
port1.0.2   -                  connected           1 a-full a-1000  1000BASE-T
14:01:46 >>> show running-config interface port1.0.2
!
interface port1.0.2
 switchport
 switchport mode access
 static-channel-group 2
!
14:01:47 >>> show static-channel-group
LAG Maximum        : 124
LAG Static  Count  : 3
LAG Dynamic Count  : 0
LAG Total   Count  : 3
Static Aggregator: sa1
Member:
 port3.0.2
 port4.0.2
Static Aggregator: sa2
Member:
 port1.0.2
 port1.0.9
Static Aggregator: sa3
Member:
 port1.0.13
 port4.0.9
14:01:48 >>> show scada modbus tcp server
SCADA MODBUS Summary Information

MODBUS is enabled
Write access: enabled
Master heartbeat status: Not set
Master heartbeat timeout: 0

-------------------------------------
TCP Server Characteristics:
  Port            :   502
  Max Connections :     1

-------------------------------------
Statistics:
  Read Requests:
    coils                :          0
    discrete inputs      :          0
    holding registers    :         82
    input registers      :          0

  Write Requests:
    single coil          :          0
    single register      :         20
    multiple coils       :          0
    multiple registers   :          0

  Other Requests         :          0

  Exceptions:
    illegal function     :          0
    illegal data address :         11
    illegal data value   :          1
    slave device failure :          2
### Tue 29 Sep 2026 14:01:51 NZDT teardown
14:01:55 >>> configure terminal
Enter configuration commands, one per line.  End with CNTL/Z.
14:01:56 >>> no scada modbus tcp server access
14:01:57 >>> no scada modbus tcp server
14:01:59 >>> end
14:02:00 >>> show scada modbus tcp server
MODBUS is disabled
14:02:02 >>> show running-config | include scada
Connection to (10.38.215.10, 502) failed: [Errno 111] Connection refused
14:02:04 CONNECT 10.38.215.10:502 slave=0 -> FAILED (no TCP connection)
### Tue 29 Sep 2026 14:02:12 NZDT done
