### Tue 29 Sep 2026 13:50:04 NZDT T22654 setup: server + read-write access
13:50:09 >>> configure terminal
Enter configuration commands, one per line.  End with CNTL/Z.
13:50:10 >>> scada modbus tcp server
13:50:11 >>> scada modbus tcp server access read-write
13:50:12 >>> end
13:50:13 >>> show scada modbus tcp server | include MODBUS|Write|Port
SCADA MODBUS Summary Information
MODBUS is enabled
Write access: enabled
  Port            :   502
  Write Requests:
13:50:15 >>> show running-config | include scada|alarm
scada modbus tcp server access read-write
scada modbus tcp server
13:50:17 >>> show running-config interface port1.0.1
!
interface port1.0.1
 switchport
 switchport mode access
!
### Tue 29 Sep 2026 13:50:21 NZDT discovery: alarm #1 registers, unit 1 and unit 0
13:50:21 CONNECT 10.38.215.10:502 slave=1 -> ok
13:50:21   TX 00 01 00 00 00 06 01 03 30 00 00 01
13:50:21 READ  0x3000 x1 ENUM alarm #1 type (member 1) -> words=['0x0001'] value=1
13:50:21 CONNECT 10.38.215.10:502 slave=1 -> ok
13:50:21   TX 00 01 00 00 00 06 01 03 30 01 00 01
13:50:21 READ  0x3001 x1 HEX alarm #1 config (member 1) -> words=['0x0000'] value='0000'
13:50:21 CONNECT 10.38.215.10:502 slave=1 -> ok
13:50:21   TX 00 01 00 00 00 06 01 03 30 02 00 01
13:50:21 READ  0x3002 x1 BOOL alarm #1 status (member 1) -> words=['0x0000'] value=False
13:50:22 CONNECT 10.38.215.10:502 slave=1 -> ok
13:50:22   TX 00 01 00 00 00 06 01 03 30 03 00 01
13:50:22 READ  0x3003 x1 ENUM alarm #2 type (member 1) -> words=['0x0000'] value=0
13:50:22 CONNECT 10.38.215.10:502 slave=0 -> ok
13:50:22   TX 00 01 00 00 00 06 00 03 30 00 00 01
13:50:22 READ  0x3000 x1 ENUM alarm #1 type (unit 0) -> words=['0x0001'] value=1
13:50:22 CONNECT 10.38.215.10:502 slave=1 -> ok
13:50:22   TX 00 01 00 00 00 06 01 03 50 01 00 01
13:50:22 READ  0x5001 x1 HEX port #1 configured state before -> words=['0xf000'] value='f000'
### Tue 29 Sep 2026 13:50:22 NZDT STEP 1: write 0x3001 alarm #1 config = 0x0001 (bit0 = LED), unit 1
13:50:22 CONNECT 10.38.215.10:502 slave=1 -> ok
13:50:22   TX 00 01 00 00 00 06 01 06 30 01 00 01
13:50:22 WRITE 0x3001 = 0x0001 step1 alarm #1 config LED on -> ok (echo addr=0x3001 value=0x0001)
13:50:24 CONNECT 10.38.215.10:502 slave=1 -> ok
13:50:24   TX 00 01 00 00 00 06 01 03 30 01 00 01
13:50:24 READ  0x3001 x1 HEX step1 read-back -> words=['0x0000'] value='0000'
13:50:28 >>> show alarm facility settings | include PSU|Alarm  
Alarm                    ID           Outputs - L: LED, R: Relay      
Alarm                    ID           Outputs - L: LED, R: Relay      
External PSU             1            -                               
External PSU             2            -                               
Alarm                    ID           Alarm position
Alarm                    ID           Outputs - L: LED, R: Relay      
External PSU             1            -                               
External PSU             2            -                               
Alarm                    ID           Alarm position
Alarm                    ID           Outputs - L: LED, R: Relay      
External PSU             1            -                               
External PSU             2            -                               
Alarm                    ID           Alarm position
13:50:30 >>> show running-config | include alarm
13:50:35 >>> show log | include larm|ODBUS|odbus|SCADA
7[r[999;999H[6n2026 Sep 29 00:23:18 user.notice IE520-stk IMISH[18799]: [manager@ttyS0]show scada modbus tcp server
2026 Sep 29 00:23:21 user.notice IE520-stk IMISH[18799]: [manager@ttyS0]show alarm facility settings
2026 Sep 29 00:45:20 user.notice IE520-stk IMISH[11106]: [manager@ttyS0]show scada modbus tcp server
2026 Sep 29 00:45:22 user.notice IE520-stk IMISH[11106]: [manager@ttyS0]show scada modbus tcp server connections
2026 Sep 29 00:45:26 user.notice IE520-stk IMISH[11106]: [manager@ttyS0]show alarm facility settings
2026 Sep 29 00:45:38 user.notice IE520-stk IMISH[11106]: [manager@ttyS0]show running-config | include scada|alarm|ipv6 address|hostname
2026 Sep 29 00:46:50 user.notice IE520-stk IMISH[11106]: [manager@ttyS0]scada modbus tcp server
2026 Sep 29 00:46:53 user.notice IE520-stk IMISH[11106]: [manager@ttyS0]show scada modbus tcp server
2026 Sep 29 00:47:00 user.err IE520-stk modbusd[531]: MODBUS: Request failed
2026 Sep 29 00:47:03 user.err IE520-stk modbusd[340]: Last message 'MODBUS: Request fail' repeated 8 times, suppressed by syslog-ng on IE520-stk
2026 Sep 29 00:47:03 user.err IE520-stk modbusd[531]: MODBUS: Invalid stack member ID requested 2
2026 Sep 29 00:47:03 user.err IE520-stk modbusd[531]: MODBUS: Request failed
2026 Sep 29 00:47:13 user.notice IE520-stk IMISH[11106]: [manager@ttyS0]show scada modbus tcp server
2026 Sep 29 00:47:14 user.notice IE520-stk IMISH[11106]: [manager@ttyS0]show scada modbus tcp server connections
2026 Sep 29 00:49:00 user.notice IE520-stk IMISH[11106]: [manager@ttyS0]no scada modbus tcp server
2026 Sep 29 00:49:02 user.notice IE520-stk IMISH[11106]: [manager@ttyS0]show scada modbus tcp server
2026 Sep 29 00:50:51 user.notice IE520-stk IMISH[11106]: [manager@ttyS0]scada modbus tcp server
2026 Sep 29 00:50:53 user.notice IE520-stk IMISH[11106]: [manager@ttyS0]scada modbus tcp server access read-write
2026 Sep 29 00:50:55 user.notice IE520-stk IMISH[11106]: [manager@ttyS0]show scada modbus tcp server | include MODBUS|Write|Port
2026 Sep 29 00:50:56 user.notice IE520-stk IMISH[11106]: [manager@ttyS0]show running-config | include scada|alarm
2026 Sep 29 00:51:04 user.notice IE520-stk modbusd[531]: MODBUS: Performed write request from 10.38.215.1:43187: Write Single Register(FC=0x06) to member 1 starting at Stack member alarm info 1 Config (Members 1 to 4)(REG=0x3001) for 1 word with data 0x0001
2026 Sep 29 00:51:10 user.notice IE520-stk IMISH[11106]: [manager@ttyS0]show alarm facility settings | include PSU|Alarm  
2026 Sep 29 00:51:11 user.notice IE520-stk IMISH[11106]: [manager@ttyS0]show running-config | include alarm
2026 Sep 29 00:51:16 user.notice IE520-stk IMISH[11106]: [manager@ttyS0]show log | include larm|ODBUS|odbus|SCADA
### Tue 29 Sep 2026 13:50:37 NZDT STEP 1 restore: write 0x3001 = 0x0000
13:50:37 CONNECT 10.38.215.10:502 slave=1 -> ok
13:50:37   TX 00 01 00 00 00 06 01 06 30 01 00 00
13:50:37 WRITE 0x3001 = 0x0000 step1 alarm #1 config back to none -> ok (echo addr=0x3001 value=0x0000)
13:50:39 CONNECT 10.38.215.10:502 slave=1 -> ok
13:50:39   TX 00 01 00 00 00 06 01 03 30 01 00 01
13:50:39 READ  0x3001 x1 HEX step1 restore read-back -> words=['0x0000'] value='0000'
13:50:44 >>> show alarm facility settings | include PSU
External PSU             1            -                               
External PSU             2            -                               
External PSU             1            -                               
External PSU             2            -                               
External PSU             1            -                               
External PSU             2            -
13:50:46 >>> show running-config | include alarm
### Tue 29 Sep 2026 13:50:48 NZDT STEP 2: write 0x5001 port #1 (port1.0.1) configured state = 0x0000 (down), unit 1
13:50:48 CONNECT 10.38.215.10:502 slave=1 -> ok
13:50:48   TX 00 01 00 00 00 06 01 06 50 01 00 00
13:50:48 WRITE 0x5001 = 0x0000 step2 port1.0.1 admin down -> ok (echo addr=0x5001 value=0x0000)
13:50:51 CONNECT 10.38.215.10:502 slave=1 -> ok
13:50:51   TX 00 01 00 00 00 06 01 03 50 01 00 01
13:50:51 READ  0x5001 x1 HEX step2 read-back configured -> words=['0x0000'] value='0000'
13:50:52 CONNECT 10.38.215.10:502 slave=1 -> ok
13:50:52   TX 00 01 00 00 00 06 01 03 50 00 00 01
13:50:52 READ  0x5000 x1 HEX step2 read-back current -> words=['0x0000'] value='0000'
13:50:56 >>> show interface port1.0.1 | include Link|configured
Link is DOWN, administrative state is DOWN
  configured duplex auto, configured speed auto, configured polarity auto
13:50:57 >>> show running-config interface port1.0.1
!
interface port1.0.1
 switchport
 switchport mode access
 shutdown
!
13:50:59 >>> show interface port1.0.1 status
Port        Name               Status      Vlan      Duplex Speed   Type        
--------------------------------------------------------------------------------
port1.0.1   -                  disabled            1 auto   auto    not present
13:51:03 >>> show log | include port1.0.1|ODBUS|odbus|SCADA
7[r[999;999H[6n2026 Sep 29 00:23:18 user.notice IE520-stk IMISH[18799]: [manager@ttyS0]show scada modbus tcp server
2026 Sep 29 00:39:03 user.notice IE520-stk IMISH[4850]: [manager@ie520-stk-1]show interface port1.0.13 status
2026 Sep 29 00:39:06 user.notice IE520-stk IMISH[4850]: [manager@ie520-stk-1]show running-config interface port1.0.13
2026 Sep 29 00:39:58 user.notice IE520-stk IMISH[7908]: [manager@ie520-stk-1]show int port1.0.1
2026 Sep 29 00:40:18 user.notice IE520-stk IMISH[7908]: [manager@ie520-stk-1]int port3.0.13,port3.0.2,port1.0.13,port1.0.9,port4.0.2,port4.0.9,port1.0.2
2026 Sep 29 00:40:18 user.notice IE520-stk NSM[609]: port1.0.13 user no shutdown
2026 Sep 29 00:45:20 user.notice IE520-stk IMISH[11106]: [manager@ttyS0]show scada modbus tcp server
2026 Sep 29 00:45:22 user.notice IE520-stk IMISH[11106]: [manager@ttyS0]show scada modbus tcp server connections
2026 Sep 29 00:45:33 user.notice IE520-stk IMISH[11106]: [manager@ttyS0]show interface port1.0.1
2026 Sep 29 00:45:35 user.notice IE520-stk IMISH[11106]: [manager@ttyS0]show interface port1.0.1 status
2026 Sep 29 00:46:50 user.notice IE520-stk IMISH[11106]: [manager@ttyS0]scada modbus tcp server
2026 Sep 29 00:46:53 user.notice IE520-stk IMISH[11106]: [manager@ttyS0]show scada modbus tcp server
2026 Sep 29 00:47:00 user.err IE520-stk modbusd[531]: MODBUS: Request failed
2026 Sep 29 00:47:03 user.err IE520-stk modbusd[340]: Last message 'MODBUS: Request fail' repeated 8 times, suppressed by syslog-ng on IE520-stk
2026 Sep 29 00:47:03 user.err IE520-stk modbusd[531]: MODBUS: Invalid stack member ID requested 2
2026 Sep 29 00:47:03 user.err IE520-stk modbusd[531]: MODBUS: Request failed
2026 Sep 29 00:47:06 user.notice IE520-stk IMISH[11106]: [manager@ttyS0]show interface port1.0.1
2026 Sep 29 00:47:07 user.notice IE520-stk IMISH[11106]: [manager@ttyS0]show interface port1.0.1 status
2026 Sep 29 00:47:12 user.notice IE520-stk IMISH[11106]: [manager@ttyS0]show power-inline interface port1.0.1
2026 Sep 29 00:47:12 user.err IE520-stk IMISH[11106]: Command [show power-inline interface port1.0.1] failed
2026 Sep 29 00:47:13 user.notice IE520-stk IMISH[11106]: [manager@ttyS0]show scada modbus tcp server
2026 Sep 29 00:47:14 user.notice IE520-stk IMISH[11106]: [manager@ttyS0]show scada modbus tcp server connections
2026 Sep 29 00:49:00 user.notice IE520-stk IMISH[11106]: [manager@ttyS0]no scada modbus tcp server
2026 Sep 29 00:49:02 user.notice IE520-stk IMISH[11106]: [manager@ttyS0]show scada modbus tcp server
2026 Sep 29 00:50:51 user.notice IE520-stk IMISH[11106]: [manager@ttyS0]scada modbus tcp server
2026 Sep 29 00:50:53 user.notice IE520-stk IMISH[11106]: [manager@ttyS0]scada modbus tcp server access read-write
2026 Sep 29 00:50:55 user.notice IE520-stk IMISH[11106]: [manager@ttyS0]show scada modbus tcp server | include MODBUS|Write|Port
2026 Sep 29 00:50:58 user.notice IE520-stk IMISH[11106]: [manager@ttyS0]show running-config interface port1.0.1
2026 Sep 29 00:51:04 user.notice IE520-stk modbusd[531]: MODBUS: Performed write request from 10.38.215.1:43187: Write Single Register(FC=0x06) to member 1 starting at Stack member alarm info 1 Config (Members 1 to 4)(REG=0x3001) for 1 word with data 0x0001
2026 Sep 29 00:51:16 user.notice IE520-stk IMISH[11106]: [manager@ttyS0]show log | include larm|ODBUS|odbus|SCADA
2026 Sep 29 00:51:20 user.notice IE520-stk modbusd[531]: MODBUS: Performed write request from 10.38.215.1:30433: Write Single Register(FC=0x06) to member 1 starting at Stack member alarm info 1 Config (Members 1 to 4)(REG=0x3001) for 1 word with data 0x0000
2026 Sep 29 00:51:31 user.notice IE520-stk NSM[609]: Port down notification received for port1.0.1 
2026 Sep 29 00:51:31 user.notice IE520-stk NSM[609]: port1.0.1 user shutdown
2026 Sep 29 00:51:31 user.notice IE520-stk modbusd[531]: MODBUS: Performed write request from 10.38.215.1:44251: Write Single Register(FC=0x06) to member 1 starting at port1.0.1 Config State(REG=0x5001) for 1 word with data 0x0000
2026 Sep 29 00:51:38 user.notice IE520-stk IMISH[11106]: [manager@ttyS0]show interface port1.0.1 | include Link|configured
2026 Sep 29 00:51:39 user.notice IE520-stk IMISH[11106]: [manager@ttyS0]show running-config interface port1.0.1
2026 Sep 29 00:51:40 user.notice IE520-stk IMISH[11106]: [manager@ttyS0]show interface port1.0.1 status
2026 Sep 29 00:51:44 user.notice IE520-stk IMISH[11106]: [manager@ttyS0]show log | include port1.0.1|ODBUS|odbus|SCADA
### Tue 29 Sep 2026 13:51:05 NZDT STEP 2 restore: write 0x5001 = 0xf000 (up, all auto)
13:51:06 CONNECT 10.38.215.10:502 slave=1 -> ok
13:51:06   TX 00 01 00 00 00 06 01 06 50 01 f0 00
13:51:06 WRITE 0x5001 = 0xf000 step2 port1.0.1 admin up -> ok (echo addr=0x5001 value=0xf000)
13:51:09 CONNECT 10.38.215.10:502 slave=1 -> ok
13:51:09   TX 00 01 00 00 00 06 01 03 50 01 00 01
13:51:09 READ  0x5001 x1 HEX step2 restore read-back -> words=['0xf000'] value='f000'
13:51:13 >>> show interface port1.0.1 | include Link|configured
Link is DOWN, administrative state is UP
  configured duplex auto, configured speed auto, configured polarity auto
13:51:15 >>> show running-config interface port1.0.1
!
interface port1.0.1
 switchport
 switchport mode access
!
### Tue 29 Sep 2026 13:51:17 NZDT STEP 3: write 0x5002 PoE configuration (no PoE on this platform: expect exception)
Exception response 131 / 0
13:51:17 CONNECT 10.38.215.10:502 slave=1 -> ok
13:51:17   TX 00 01 00 00 00 06 01 03 50 02 00 01
13:51:17 READ  0x5002 x1 HEX step3 PoE config read -> EXCEPTION ExceptionResponse(dev_id=1, transaction_id=1, address=0, count=0, bits=[], registers=[], status=1)
Exception response 134 / 0
13:51:17 CONNECT 10.38.215.10:502 slave=1 -> ok
13:51:17   TX 00 01 00 00 00 06 01 06 50 02 ff 00
13:51:17 WRITE 0x5002 = 0xff00 step3 PoE data-pairs enable attempt -> EXCEPTION ExceptionResponse(dev_id=1, transaction_id=1, address=0, count=0, bits=[], registers=[], status=1)
13:51:22 >>> show power-inline
^
% Invalid input detected at '^' marker.
13:51:23 >>> show scada modbus tcp server | include illegal|single register
single register      :          5
    illegal function     :          0
    illegal data address :         11
    illegal data value   :          1
### Tue 29 Sep 2026 13:51:26 NZDT STEP 4: global IPv6 on vlan1 then the port write over IPv6
13:51:30 >>> configure terminal
Enter configuration commands, one per line.  End with CNTL/Z.
13:51:31 >>> interface vlan1
13:51:32 >>> ipv6 address fd32:b1f0:dff8:d701::10/64
13:51:33 >>> end
13:51:35 >>> show ipv6 interface brief
Interface             IP-Address         Status          Protocol
lo            unassigned                      N/A          admin up    running
vlan1         fd32:b1f0:dff8:d701::10/64      preferred    admin up    running
              fe80::200:cdff:fe37:d6f/64      preferred 
vlan10        unassigned                      N/A          admin up    running
PING fd32:b1f0:dff8:d701::10 (fd32:b1f0:dff8:d701::10) 56 data bytes
64 bytes from fd32:b1f0:dff8:d701::10: icmp_seq=1 ttl=64 time=1.67 ms
64 bytes from fd32:b1f0:dff8:d701::10: icmp_seq=2 ttl=64 time=1.15 ms

--- fd32:b1f0:dff8:d701::10 ping statistics ---
2 packets transmitted, 2 received, 0% packet loss, time 1002ms
rtt min/avg/max/mdev = 1.148/1.406/1.665/0.258 ms
ping6-rc=0
13:51:41 CONNECT [fd32:b1f0:dff8:d701::10]:502 slave=1 -> ok
13:51:41   TX 00 01 00 00 00 06 01 06 50 01 00 00
13:51:41 WRITE 0x5001 = 0x0000 step4 IPv6 global: port1.0.1 admin down -> ok (echo addr=0x5001 value=0x0000)
13:51:44 CONNECT [fd32:b1f0:dff8:d701::10]:502 slave=1 -> ok
13:51:44   TX 00 01 00 00 00 06 01 03 50 01 00 01
13:51:44 READ  0x5001 x1 HEX step4 read-back over IPv6 -> words=['0x0000'] value='0000'
13:51:49 >>> show interface port1.0.1 | include Link|configured
Link is DOWN, administrative state is DOWN
  configured duplex auto, configured speed auto, configured polarity auto
13:51:50 >>> show scada modbus tcp server connections
SCADA MODBUS Client Information
13:51:55 >>> show log | include port1.0.1|ODBUS|odbus|SCADA
7[r[999;999H[6n2026 Sep 29 00:23:18 user.notice IE520-stk IMISH[18799]: [manager@ttyS0]show scada modbus tcp server
2026 Sep 29 00:39:03 user.notice IE520-stk IMISH[4850]: [manager@ie520-stk-1]show interface port1.0.13 status
2026 Sep 29 00:39:06 user.notice IE520-stk IMISH[4850]: [manager@ie520-stk-1]show running-config interface port1.0.13
2026 Sep 29 00:39:58 user.notice IE520-stk IMISH[7908]: [manager@ie520-stk-1]show int port1.0.1
2026 Sep 29 00:40:18 user.notice IE520-stk IMISH[7908]: [manager@ie520-stk-1]int port3.0.13,port3.0.2,port1.0.13,port1.0.9,port4.0.2,port4.0.9,port1.0.2
2026 Sep 29 00:40:18 user.notice IE520-stk NSM[609]: port1.0.13 user no shutdown
2026 Sep 29 00:45:20 user.notice IE520-stk IMISH[11106]: [manager@ttyS0]show scada modbus tcp server
2026 Sep 29 00:45:22 user.notice IE520-stk IMISH[11106]: [manager@ttyS0]show scada modbus tcp server connections
2026 Sep 29 00:45:33 user.notice IE520-stk IMISH[11106]: [manager@ttyS0]show interface port1.0.1
2026 Sep 29 00:45:35 user.notice IE520-stk IMISH[11106]: [manager@ttyS0]show interface port1.0.1 status
2026 Sep 29 00:46:50 user.notice IE520-stk IMISH[11106]: [manager@ttyS0]scada modbus tcp server
2026 Sep 29 00:46:53 user.notice IE520-stk IMISH[11106]: [manager@ttyS0]show scada modbus tcp server
2026 Sep 29 00:47:00 user.err IE520-stk modbusd[531]: MODBUS: Request failed
2026 Sep 29 00:47:03 user.err IE520-stk modbusd[340]: Last message 'MODBUS: Request fail' repeated 8 times, suppressed by syslog-ng on IE520-stk
2026 Sep 29 00:47:03 user.err IE520-stk modbusd[531]: MODBUS: Invalid stack member ID requested 2
2026 Sep 29 00:47:03 user.err IE520-stk modbusd[531]: MODBUS: Request failed
2026 Sep 29 00:47:06 user.notice IE520-stk IMISH[11106]: [manager@ttyS0]show interface port1.0.1
2026 Sep 29 00:47:07 user.notice IE520-stk IMISH[11106]: [manager@ttyS0]show interface port1.0.1 status
2026 Sep 29 00:47:12 user.notice IE520-stk IMISH[11106]: [manager@ttyS0]show power-inline interface port1.0.1
2026 Sep 29 00:47:12 user.err IE520-stk IMISH[11106]: Command [show power-inline interface port1.0.1] failed
2026 Sep 29 00:47:13 user.notice IE520-stk IMISH[11106]: [manager@ttyS0]show scada modbus tcp server
2026 Sep 29 00:47:14 user.notice IE520-stk IMISH[11106]: [manager@ttyS0]show scada modbus tcp server connections
2026 Sep 29 00:49:00 user.notice IE520-stk IMISH[11106]: [manager@ttyS0]no scada modbus tcp server
2026 Sep 29 00:49:02 user.notice IE520-stk IMISH[11106]: [manager@ttyS0]show scada modbus tcp server
2026 Sep 29 00:50:51 user.notice IE520-stk IMISH[11106]: [manager@ttyS0]scada modbus tcp server
2026 Sep 29 00:50:53 user.notice IE520-stk IMISH[11106]: [manager@ttyS0]scada modbus tcp server access read-write
2026 Sep 29 00:50:55 user.notice IE520-stk IMISH[11106]: [manager@ttyS0]show scada modbus tcp server | include MODBUS|Write|Port
2026 Sep 29 00:50:58 user.notice IE520-stk IMISH[11106]: [manager@ttyS0]show running-config interface port1.0.1
2026 Sep 29 00:51:04 user.notice IE520-stk modbusd[531]: MODBUS: Performed write request from 10.38.215.1:43187: Write Single Register(FC=0x06) to member 1 starting at Stack member alarm info 1 Config (Members 1 to 4)(REG=0x3001) for 1 word with data 0x0001
2026 Sep 29 00:51:16 user.notice IE520-stk IMISH[11106]: [manager@ttyS0]show log | include larm|ODBUS|odbus|SCADA
2026 Sep 29 00:51:20 user.notice IE520-stk modbusd[531]: MODBUS: Performed write request from 10.38.215.1:30433: Write Single Register(FC=0x06) to member 1 starting at Stack member alarm info 1 Config (Members 1 to 4)(REG=0x3001) for 1 word with data 0x0000
2026 Sep 29 00:51:31 user.notice IE520-stk NSM[609]: Port down notification received for port1.0.1 
2026 Sep 29 00:51:31 user.notice IE520-stk NSM[609]: port1.0.1 user shutdown
2026 Sep 29 00:51:31 user.notice IE520-stk modbusd[531]: MODBUS: Performed write request from 10.38.215.1:44251: Write Single Register(FC=0x06) to member 1 starting at port1.0.1 Config State(REG=0x5001) for 1 word with data 0x0000
2026 Sep 29 00:51:38 user.notice IE520-stk IMISH[11106]: [manager@ttyS0]show interface port1.0.1 | include Link|configured
2026 Sep 29 00:51:39 user.notice IE520-stk IMISH[11106]: [manager@ttyS0]show running-config interface port1.0.1
2026 Sep 29 00:51:40 user.notice IE520-stk IMISH[11106]: [manager@ttyS0]show interface port1.0.1 status
2026 Sep 29 00:51:44 user.notice IE520-stk IMISH[11106]: [manager@ttyS0]show log | include port1.0.1|ODBUS|odbus|SCADA
2026 Sep 29 00:51:48 user.notice IE520-stk NSM[609]: port1.0.1 user no shutdown
2026 Sep 29 00:51:48 user.notice IE520-stk modbusd[531]: MODBUS: Performed write request from 10.38.215.1:29314: Write Single Register(FC=0x06) to member 1 starting at port1.0.1 Config State(REG=0x5001) for 1 word with data 0xf000
2026 Sep 29 00:51:55 user.notice IE520-stk IMISH[11106]: [manager@ttyS0]show interface port1.0.1 | include Link|configured
2026 Sep 29 00:51:56 user.notice IE520-stk IMISH[11106]: [manager@ttyS0]show running-config interface port1.0.1
2026 Sep 29 00:52:00 user.err IE520-stk modbusd[531]: MODBUS: Request failed
2026 Sep 29 00:52:00 user.notice IE520-stk modbusd[531]: MODBUS: Performed write request from 10.38.215.1:63690: Write Single Register(FC=0x06) to member 1 starting at port1.0.1 PoE Config(REG=0x5002) for 1 word with data 0xff00
2026 Sep 29 00:52:00 user.err IE520-stk modbusd[531]: MODBUS: Request failed
2026 Sep 29 00:52:05 user.notice IE520-stk IMISH[11106]: [manager@ttyS0]show scada modbus tcp server | include illegal|single register
2026 Sep 29 00:52:24 user.notice IE520-stk NSM[609]: Port down notification received for port1.0.1 
2026 Sep 29 00:52:24 user.notice IE520-stk NSM[609]: port1.0.1 user shutdown
2026 Sep 29 00:52:24 user.notice IE520-stk modbusd[531]: MODBUS: Performed write request from fd32:b1f0:dff8:d701::1:51404: Write Single Register(FC=0x06) to member 1 starting at port1.0.1 Config State(REG=0x5001) for 1 word with data 0x0000
2026 Sep 29 00:52:30 user.notice IE520-stk IMISH[11106]: [manager@ttyS0]show interface port1.0.1 | include Link|configured
2026 Sep 29 00:52:32 user.notice IE520-stk IMISH[11106]: [manager@ttyS0]show scada modbus tcp server connections
2026 Sep 29 00:52:36 user.notice IE520-stk IMISH[11106]: [manager@ttyS0]show log | include port1.0.1|ODBUS|odbus|SCADA
13:51:57 CONNECT [fd32:b1f0:dff8:d701::10]:502 slave=1 -> ok
13:51:57   TX 00 01 00 00 00 06 01 06 50 01 f0 00
13:51:57 WRITE 0x5001 = 0xf000 step4 IPv6 global: port1.0.1 admin up -> ok (echo addr=0x5001 value=0xf000)
13:52:00 CONNECT [fd32:b1f0:dff8:d701::10]:502 slave=1 -> ok
13:52:00   TX 00 01 00 00 00 06 01 03 50 01 00 01
13:52:00 READ  0x5001 x1 HEX step4 restore read-back over IPv6 -> words=['0xf000'] value='f000'
13:52:05 >>> show interface port1.0.1 | include Link|configured
Link is DOWN, administrative state is UP
  configured duplex auto, configured speed auto, configured polarity auto
### Tue 29 Sep 2026 13:52:07 NZDT STEP 5: link-local IPv6 fe80::200:cdff:fe37:d6f%eth1
PING fe80::200:cdff:fe37:d6f%eth1 (fe80::200:cdff:fe37:d6f%eth1) 56 data bytes
64 bytes from fe80::200:cdff:fe37:d6f%eth1: icmp_seq=1 ttl=64 time=5.31 ms
64 bytes from fe80::200:cdff:fe37:d6f%eth1: icmp_seq=2 ttl=64 time=0.975 ms

--- fe80::200:cdff:fe37:d6f%eth1 ping statistics ---
2 packets transmitted, 2 received, 0% packet loss, time 1002ms
rtt min/avg/max/mdev = 0.975/3.144/5.314/2.169 ms
ping6-ll-rc=0
13:52:08 CONNECT [fe80::200:cdff:fe37:d6f%eth1]:502 slave=1 -> ok
13:52:09   TX 00 01 00 00 00 06 01 06 50 01 00 00
13:52:09 WRITE 0x5001 = 0x0000 step5 IPv6 link-local: port1.0.1 admin down -> ok (echo addr=0x5001 value=0x0000)
13:52:12 CONNECT [fe80::200:cdff:fe37:d6f%eth1]:502 slave=1 -> ok
13:52:12   TX 00 01 00 00 00 06 01 03 50 01 00 01
13:52:12 READ  0x5001 x1 HEX step5 read-back over link-local -> words=['0x0000'] value='0000'
13:52:16 >>> show interface port1.0.1 | include Link|configured
Link is DOWN, administrative state is DOWN
  configured duplex auto, configured speed auto, configured polarity auto
13:52:21 >>> show log | include port1.0.1|ODBUS|odbus|SCADA
7[r[999;999H[6n2026 Sep 29 00:23:18 user.notice IE520-stk IMISH[18799]: [manager@ttyS0]show scada modbus tcp server
2026 Sep 29 00:39:03 user.notice IE520-stk IMISH[4850]: [manager@ie520-stk-1]show interface port1.0.13 status
2026 Sep 29 00:39:06 user.notice IE520-stk IMISH[4850]: [manager@ie520-stk-1]show running-config interface port1.0.13
2026 Sep 29 00:39:58 user.notice IE520-stk IMISH[7908]: [manager@ie520-stk-1]show int port1.0.1
2026 Sep 29 00:40:18 user.notice IE520-stk IMISH[7908]: [manager@ie520-stk-1]int port3.0.13,port3.0.2,port1.0.13,port1.0.9,port4.0.2,port4.0.9,port1.0.2
2026 Sep 29 00:40:18 user.notice IE520-stk NSM[609]: port1.0.13 user no shutdown
2026 Sep 29 00:45:20 user.notice IE520-stk IMISH[11106]: [manager@ttyS0]show scada modbus tcp server
2026 Sep 29 00:45:22 user.notice IE520-stk IMISH[11106]: [manager@ttyS0]show scada modbus tcp server connections
2026 Sep 29 00:45:33 user.notice IE520-stk IMISH[11106]: [manager@ttyS0]show interface port1.0.1
2026 Sep 29 00:45:35 user.notice IE520-stk IMISH[11106]: [manager@ttyS0]show interface port1.0.1 status
2026 Sep 29 00:46:50 user.notice IE520-stk IMISH[11106]: [manager@ttyS0]scada modbus tcp server
2026 Sep 29 00:46:53 user.notice IE520-stk IMISH[11106]: [manager@ttyS0]show scada modbus tcp server
2026 Sep 29 00:47:00 user.err IE520-stk modbusd[531]: MODBUS: Request failed
2026 Sep 29 00:47:03 user.err IE520-stk modbusd[340]: Last message 'MODBUS: Request fail' repeated 8 times, suppressed by syslog-ng on IE520-stk
2026 Sep 29 00:47:03 user.err IE520-stk modbusd[531]: MODBUS: Invalid stack member ID requested 2
2026 Sep 29 00:47:03 user.err IE520-stk modbusd[531]: MODBUS: Request failed
2026 Sep 29 00:47:06 user.notice IE520-stk IMISH[11106]: [manager@ttyS0]show interface port1.0.1
2026 Sep 29 00:47:07 user.notice IE520-stk IMISH[11106]: [manager@ttyS0]show interface port1.0.1 status
2026 Sep 29 00:47:12 user.notice IE520-stk IMISH[11106]: [manager@ttyS0]show power-inline interface port1.0.1
2026 Sep 29 00:47:12 user.err IE520-stk IMISH[11106]: Command [show power-inline interface port1.0.1] failed
2026 Sep 29 00:47:13 user.notice IE520-stk IMISH[11106]: [manager@ttyS0]show scada modbus tcp server
2026 Sep 29 00:47:14 user.notice IE520-stk IMISH[11106]: [manager@ttyS0]show scada modbus tcp server connections
2026 Sep 29 00:49:00 user.notice IE520-stk IMISH[11106]: [manager@ttyS0]no scada modbus tcp server
2026 Sep 29 00:49:02 user.notice IE520-stk IMISH[11106]: [manager@ttyS0]show scada modbus tcp server
2026 Sep 29 00:50:51 user.notice IE520-stk IMISH[11106]: [manager@ttyS0]scada modbus tcp server
2026 Sep 29 00:50:53 user.notice IE520-stk IMISH[11106]: [manager@ttyS0]scada modbus tcp server access read-write
2026 Sep 29 00:50:55 user.notice IE520-stk IMISH[11106]: [manager@ttyS0]show scada modbus tcp server | include MODBUS|Write|Port
2026 Sep 29 00:50:58 user.notice IE520-stk IMISH[11106]: [manager@ttyS0]show running-config interface port1.0.1
2026 Sep 29 00:51:04 user.notice IE520-stk modbusd[531]: MODBUS: Performed write request from 10.38.215.1:43187: Write Single Register(FC=0x06) to member 1 starting at Stack member alarm info 1 Config (Members 1 to 4)(REG=0x3001) for 1 word with data 0x0001
2026 Sep 29 00:51:16 user.notice IE520-stk IMISH[11106]: [manager@ttyS0]show log | include larm|ODBUS|odbus|SCADA
2026 Sep 29 00:51:20 user.notice IE520-stk modbusd[531]: MODBUS: Performed write request from 10.38.215.1:30433: Write Single Register(FC=0x06) to member 1 starting at Stack member alarm info 1 Config (Members 1 to 4)(REG=0x3001) for 1 word with data 0x0000
2026 Sep 29 00:51:31 user.notice IE520-stk NSM[609]: Port down notification received for port1.0.1 
2026 Sep 29 00:51:31 user.notice IE520-stk NSM[609]: port1.0.1 user shutdown
2026 Sep 29 00:51:31 user.notice IE520-stk modbusd[531]: MODBUS: Performed write request from 10.38.215.1:44251: Write Single Register(FC=0x06) to member 1 starting at port1.0.1 Config State(REG=0x5001) for 1 word with data 0x0000
2026 Sep 29 00:51:38 user.notice IE520-stk IMISH[11106]: [manager@ttyS0]show interface port1.0.1 | include Link|configured
2026 Sep 29 00:51:39 user.notice IE520-stk IMISH[11106]: [manager@ttyS0]show running-config interface port1.0.1
2026 Sep 29 00:51:40 user.notice IE520-stk IMISH[11106]: [manager@ttyS0]show interface port1.0.1 status
2026 Sep 29 00:51:44 user.notice IE520-stk IMISH[11106]: [manager@ttyS0]show log | include port1.0.1|ODBUS|odbus|SCADA
2026 Sep 29 00:51:48 user.notice IE520-stk NSM[609]: port1.0.1 user no shutdown
2026 Sep 29 00:51:48 user.notice IE520-stk modbusd[531]: MODBUS: Performed write request from 10.38.215.1:29314: Write Single Register(FC=0x06) to member 1 starting at port1.0.1 Config State(REG=0x5001) for 1 word with data 0xf000
2026 Sep 29 00:51:55 user.notice IE520-stk IMISH[11106]: [manager@ttyS0]show interface port1.0.1 | include Link|configured
2026 Sep 29 00:51:56 user.notice IE520-stk IMISH[11106]: [manager@ttyS0]show running-config interface port1.0.1
2026 Sep 29 00:52:00 user.err IE520-stk modbusd[531]: MODBUS: Request failed
2026 Sep 29 00:52:00 user.notice IE520-stk modbusd[531]: MODBUS: Performed write request from 10.38.215.1:63690: Write Single Register(FC=0x06) to member 1 starting at port1.0.1 PoE Config(REG=0x5002) for 1 word with data 0xff00
2026 Sep 29 00:52:00 user.err IE520-stk modbusd[531]: MODBUS: Request failed
2026 Sep 29 00:52:05 user.notice IE520-stk IMISH[11106]: [manager@ttyS0]show scada modbus tcp server | include illegal|single register
2026 Sep 29 00:52:24 user.notice IE520-stk NSM[609]: Port down notification received for port1.0.1 
2026 Sep 29 00:52:24 user.notice IE520-stk NSM[609]: port1.0.1 user shutdown
2026 Sep 29 00:52:24 user.notice IE520-stk modbusd[531]: MODBUS: Performed write request from fd32:b1f0:dff8:d701::1:51404: Write Single Register(FC=0x06) to member 1 starting at port1.0.1 Config State(REG=0x5001) for 1 word with data 0x0000
2026 Sep 29 00:52:30 user.notice IE520-stk IMISH[11106]: [manager@ttyS0]show interface port1.0.1 | include Link|configured
2026 Sep 29 00:52:32 user.notice IE520-stk IMISH[11106]: [manager@ttyS0]show scada modbus tcp server connections
2026 Sep 29 00:52:36 user.notice IE520-stk IMISH[11106]: [manager@ttyS0]show log | include port1.0.1|ODBUS|odbus|SCADA
2026 Sep 29 00:52:40 user.notice IE520-stk NSM[609]: port1.0.1 user no shutdown
2026 Sep 29 00:52:40 user.notice IE520-stk modbusd[531]: MODBUS: Performed write request from fd32:b1f0:dff8:d701::1:3267: Write Single Register(FC=0x06) to member 1 starting at port1.0.1 Config State(REG=0x5001) for 1 word with data 0xf000
2026 Sep 29 00:52:46 user.notice IE520-stk IMISH[11106]: [manager@ttyS0]show interface port1.0.1 | include Link|configured
2026 Sep 29 00:52:51 user.notice IE520-stk NSM[609]: Port down notification received for port1.0.1 
2026 Sep 29 00:52:51 user.notice IE520-stk NSM[609]: port1.0.1 user shutdown
2026 Sep 29 00:52:51 user.notice IE520-stk modbusd[531]: MODBUS: Performed write request from fe80::f667:7041:7dff:3cfc:11920: Write Single Register(FC=0x06) to member 1 starting at port1.0.1 Config State(REG=0x5001) for 1 word with data 0x0000
2026 Sep 29 00:52:58 user.notice IE520-stk IMISH[11106]: [manager@ttyS0]show interface port1.0.1 | include Link|configured
2026 Sep 29 00:53:02 user.notice IE520-stk IMISH[11106]: [manager@ttyS0]show log | include port1.0.1|ODBUS|odbus|SCADA
13:52:23 CONNECT [fe80::200:cdff:fe37:d6f%eth1]:502 slave=1 -> ok
13:52:23   TX 00 01 00 00 00 06 01 06 50 01 f0 00
13:52:23 WRITE 0x5001 = 0xf000 step5 IPv6 link-local: port1.0.1 admin up -> ok (echo addr=0x5001 value=0xf000)
13:52:27 CONNECT [fe80::200:cdff:fe37:d6f%eth1]:502 slave=1 -> ok
13:52:27   TX 00 01 00 00 00 06 01 03 50 01 00 01
13:52:27 READ  0x5001 x1 HEX step5 restore read-back over link-local -> words=['0xf000'] value='f000'
13:52:31 >>> show interface port1.0.1 | include Link|configured
Link is DOWN, administrative state is UP
  configured duplex auto, configured speed auto, configured polarity auto
13:52:32 >>> show running-config interface port1.0.1
!
interface port1.0.1
 switchport
 switchport mode access
!
13:52:34 >>> show scada modbus tcp server
SCADA MODBUS Summary Information

MODBUS is enabled
Write access: enabled
Master heartbeat status: Not set
Master heartbeat timeout: 0

-------------------------------------
TCP Server Characteristics:
  Port            :   502
  Max Connections :     1

-------------------------------------
Statistics:
  Read Requests:
    coils                :          0
    discrete inputs      :          0
    holding registers    :         43
    input registers      :          0

  Write Requests:
    single coil          :          0
    single register      :          9
    multiple coils       :          0
    multiple registers   :          0

  Other Requests         :          0

  Exceptions:
    illegal function     :          0
    illegal data address :         11
    illegal data value   :          1
    slave device failure :          0
### Tue 29 Sep 2026 13:52:36 NZDT teardown
13:52:41 >>> configure terminal
Enter configuration commands, one per line.  End with CNTL/Z.
13:52:42 >>> interface vlan1
13:52:43 >>> no ipv6 address fd32:b1f0:dff8:d701::10/64
13:52:44 >>> exit
13:52:45 >>> no scada modbus tcp server access
13:52:46 >>> no scada modbus tcp server
13:52:47 >>> end
13:52:49 >>> show scada modbus tcp server
MODBUS is disabled
13:52:50 >>> show ipv6 interface brief
Interface             IP-Address         Status          Protocol
lo            unassigned                      N/A          admin up    running
vlan1         fe80::200:cdff:fe37:d6f/64      preferred    admin up    running
vlan10        unassigned                      N/A          admin up    running
13:52:52 >>> show running-config | include scada|alarm|ipv6 address
ipv6 address dhcp
Connection to (10.38.215.10, 502) failed: [Errno 111] Connection refused
13:52:54 CONNECT 10.38.215.10:502 slave=0 -> FAILED (no TCP connection)
### Tue 29 Sep 2026 13:53:02 NZDT done
