TEST 16453 -- loop-protection action: link down
===========================================================================
Run: 2026-09-22 10:23:43  tb470
The loop is REAL and physical: stack port1.0.2 -- x230 -- 4050 -- stack port4.0.2 (po1).
The x230<->4050 leg is normally held shut; this case closes it to create
the loop, then re-opens it. RSTP is disabled on all three devices, so
loop-protection is the only thing standing between this and a storm.

configure terminal
Enter configuration commands, one per line.  End with CNTL/Z.
IE520-stk(config)#loop-protection loop-detect ldf-interval 1
IE520-stk(config)#interface port1.0.2
IE520-stk(config-if)#loop-protection action link-down
IE520-stk(config-if)#exit
IE520-stk(config)#end
IE520-stk#--- arm loop-protection action=link-down on the ring ports: ok ---
show loop-protection


LDF Interval:    1
Fast Block:      Enabled
Total Instances: 104 (104 packets/s)
                                                        Timeout
  Int           Enabled  Action     Status    Timeout   Remain   Rx port
  --------------------------------------------------------------------------
  port1.0.1     Yes      vlan-dis   Normal    7         -        -          
  port1.0.2     Yes      link-down  Normal    7         -        -          
  port1.0.3     Yes      vlan-dis   Normal    7         -        -          
  port1.0.4     Yes      vlan-dis   Normal    7         -        -          
  port1.0.5     Yes      vlan-dis   Normal    7         -        -          
  port1.0.6     Yes      vlan-dis   Normal    7         -        -          
  port1.0.7     Yes      vlan-dis   Normal    7         -        -          
  port1.0.8     Yes      vlan-dis   Normal    7         -        -          
  port1.0.9     Yes      vlan-dis   Normal    7         -        -          
  port1.0.10    Yes      vlan-dis   Normal    7         -        -          
  port1.0.11    Yes      vlan-dis   Normal    7         -        -          
  port1.0.12    Yes      vlan-dis   Normal    7         -        -          
  port1.0.13    Yes      vlan-dis   Normal    7         -        -          
  port1.0.14    Yes      vlan-dis   Normal    7         -        -          
  port1.0.15    Yes      vlan-dis   Normal    7         -        -          
  port1.0.16    Yes      vlan-dis   Normal    7         -        -          
  port1.0.17    Yes      vlan-dis   Normal    7         -        -          
  port1.0.18    Yes      vlan-dis   Normal    7         -        -          
  port1.0.19    Yes      vlan-dis   Normal    7         -        -          
  port1.0.20    Yes      vlan-dis   Normal    7         -        -          
  port1.0.21    Yes      vlan-dis   Normal    7         -        -          
  port1.0.22    Yes      vlan-dis   Normal    7         -        -          
  port1.0.23    Yes      vlan-dis   Normal    7         -        -          
  port1.0.24    Yes      vlan-dis   Normal    7         -        -          
  port1.0.25    Yes      vlan-dis   Normal    7         -        -          
  port1.0.26    Yes      vlan-dis   Normal    7         -        -          
  port2.0.1     Yes      vlan-dis   Normal    7         -        -          
  port2.0.2     Yes      vlan-dis   Normal    7         -        -          
  port2.0.3     Yes      vlan-dis   Normal    7         -        -          
  port2.0.4     Yes      vlan-dis   Normal    7         -        -          
  port2.0.5     Yes      vlan-dis   Normal    7         -        -          
  port2.0.6     Yes      vlan-dis   Normal    7         -        -          
  port2.0.7     Yes      vlan-dis   Normal    7         -        -          
  port2.0.8     Yes      vlan-dis   Normal    7         -        -          
  port2.0.9     Yes      vlan-dis   Normal    7         -        -          
  port2.0.10    Yes      vlan-dis   Normal    7         -        -          
  port2.0.11    Yes      vlan-dis   Normal    7         -        -          
  port2.0.12    Yes      vlan-dis   Normal    7         -        -          
  port2.0.13    Yes      vlan-dis   Normal    7         -        -          
  port2.0.14    Yes      vlan-dis   Normal    7         -        -          
  port2.0.15    Yes      vlan-dis   Normal    7         -        -          
  port2.0.16    Yes      vlan-dis   Normal    7         -        -          
  port2.0.17    Yes      vlan-dis   Normal    7         -        -          
  port2.0.18    Yes      vlan-dis   Normal    7         -        -          
  port2.0.19    Yes      vlan-dis   Normal    7         -        -          
  port2.0.20    Yes      vlan-dis   Normal    7         -        -          
  port2.0.21    Yes      vlan-dis   Normal    7         -        -          
  port2.0.22    Yes      vlan-dis   Normal    7         -        -          
  port2.0.23    Yes      vlan-dis   Normal    7         -        -          
  port2.0.24    Yes      vlan-dis   Normal    7         -        -          
  port2.0.25    Yes      vlan-dis   Normal    7         -        -          
  port2.0.26    Yes      vlan-dis   Normal    7         -        -          
  port3.0.1     Yes      vlan-dis   Normal    7         -        -          
  port3.0.2     Yes      vlan-dis   Normal    7         -        -          
  port3.0.3     Yes      vlan-dis   Normal    7         -        -          
  port3.0.4     Yes      vlan-dis   Normal    7         -        -          
  port3.0.5     Yes      vlan-dis   Normal    7         -        -          
  port3.0.6     Yes      vlan-dis   Normal    7         -        -          
  port3.0.7     Yes      vlan-dis   Normal    7         -        -          
  port3.0.8     Yes      vlan-dis   Normal    7         -        -          
  port3.0.9     Yes      vlan-dis   Normal    7         -        -          
  port3.0.10    Yes      vlan-dis   Normal    7         -        -          
  port3.0.11    Yes      vlan-dis   Normal    7         -        -          
  port3.0.12    Yes      vlan-dis   Normal    7         -        -          
  port3.0.13    Yes      vlan-dis   Normal    7         -        -          
  port3.0.14    Yes      vlan-dis   Normal    7         -        -          
  port3.0.15    Yes      vlan-dis   Normal    7         -        -          
  port3.0.16    Yes      vlan-dis   Normal    7         -        -          
  port3.0.17    Yes      vlan-dis   Normal    7         -        -          
  port3.0.18    Yes      vlan-dis   Normal    7         -        -          
  port3.0.19    Yes      vlan-dis   Normal    7         -        -          
  port3.0.20    Yes      vlan-dis   Normal    7         -        -          
  port3.0.21    Yes      vlan-dis   Normal    7         -        -          
  port3.0.22    Yes      vlan-dis   Normal    7         -        -          
  port3.0.23    Yes      vlan-dis   Normal    7         -        -          
  port3.0.24    Yes      vlan-dis   Normal    7         -        -          
  port3.0.25    Yes      vlan-dis   Normal    7         -        -          
  port3.0.26    Yes      vlan-dis   Normal    7         -        -          
  port4.0.1     Yes      vlan-dis   Normal    7         -        -          
  port4.0.2     No       -          -         -         -        -          
  port4.0.3     Yes      vlan-dis   Normal    7         -        -          
  port4.0.4     Yes      vlan-dis   Normal    7         -        -          
  port4.0.5     Yes      vlan-dis   Normal    7         -        -          
  port4.0.6     Yes      vlan-dis   Normal    7         -        -          
  port4.0.7     Yes      vlan-dis   Normal    7         -        -          
  port4.0.8     Yes      vlan-dis   Normal    7         -        -          
  port4.0.9     Yes      vlan-dis   Normal    7         -        -          
  port4.0.10    Yes      vlan-dis   Normal    7         -        -          
  port4.0.11    Yes      vlan-dis   Normal    7         -        -          
  port4.0.12    Yes      vlan-dis   Normal    7         -        -          
  port4.0.13    Yes      vlan-dis   Normal    7         -        -          
  port4.0.14    Yes      vlan-dis   Normal    7         -        -          
  port4.0.15    Yes      vlan-dis   Normal    7         -        -          
  port4.0.16    Yes      vlan-dis   Normal    7         -        -          
  port4.0.17    Yes      vlan-dis   Normal    7         -        -          
  port4.0.18    Yes      vlan-dis   Normal    7         -        -          
  port4.0.19    Yes      vlan-dis   Normal    7         -        -          
  port4.0.20    Yes      vlan-dis   Normal    7         -        -          
  port4.0.21    Yes      vlan-dis   Normal    7         -        -          
  port4.0.22    Yes      vlan-dis   Normal    7         -        -          
  port4.0.23    Yes      vlan-dis   Normal    7         -        -          
  port4.0.24    Yes      vlan-dis   Normal    7         -        -          
  port4.0.25    Yes      vlan-dis   Normal    7         -        -          
  port4.0.26    Yes      vlan-dis   Normal    7         -        -          
  po1           Yes      vlan-dis   Normal    7         -        -          
IE520-stk#    LDF Interval:    1
    Fast Block:      Enabled
    port1.0.2     Yes      link-down  Normal    7         -        -
    port1.0.20    Yes      vlan-dis   Normal    7         -        -
    port1.0.21    Yes      vlan-dis   Normal    7         -        -
    port1.0.22    Yes      vlan-dis   Normal    7         -        -
    port1.0.23    Yes      vlan-dis   Normal    7         -        -
    port1.0.24    Yes      vlan-dis   Normal    7         -        -
    port1.0.25    Yes      vlan-dis   Normal    7         -        -
    port1.0.26    Yes      vlan-dis   Normal    7         -        -

--- CLOSE THE RING (no shutdown on 4050 port1.0.2) ---
configure terminal
Enter configuration commands, one per line.  End with CNTL/Z.
4050-5g(config)#interface port1.0.2
4050-5g(config-if)#no shutdown
4050-5g(config-if)#exit
4050-5g(config)#end
4050-5g#  4050: ok
show loop-protection


LDF Interval:    1
Fast Block:      Enabled
Total Instances: 104 (104 packets/s)
                                                        Timeout
  Int           Enabled  Action     Status    Timeout   Remain   Rx port
  --------------------------------------------------------------------------
  port1.0.1     Yes      vlan-dis   Normal    7         -        -          
  port1.0.2     Yes      link-down  Normal    7         -        -          
  port1.0.3     Yes      vlan-dis   Normal    7         -        -          
  port1.0.4     Yes      vlan-dis   Normal    7         -        -          
  port1.0.5     Yes      vlan-dis   Normal    7         -        -          
  port1.0.6     Yes      vlan-dis   Normal    7         -        -          
  port1.0.7     Yes      vlan-dis   Normal    7         -        -          
  port1.0.8     Yes      vlan-dis   Normal    7         -        -          
  port1.0.9     Yes      vlan-dis   Normal    7         -        -          
  port1.0.10    Yes      vlan-dis   Normal    7         -        -          
  port1.0.11    Yes      vlan-dis   Normal    7         -        -          
  port1.0.12    Yes      vlan-dis   Normal    7         -        -          
  port1.0.13    Yes      vlan-dis   Normal    7         -        -          
  port1.0.14    Yes      vlan-dis   Normal    7         -        -          
  port1.0.15    Yes      vlan-dis   Normal    7         -        -          
  port1.0.16    Yes      vlan-dis   Normal    7         -        -          
  port1.0.17    Yes      vlan-dis   Normal    7         -        -          
  port1.0.18    Yes      vlan-dis   Normal    7         -        -          
  port1.0.19    Yes      vlan-dis   Normal    7         -        -          
  port1.0.20    Yes      vlan-dis   Normal    7         -        -          
  port1.0.21    Yes      vlan-dis   Normal    7         -        -          
  port1.0.22    Yes      vlan-dis   Normal    7         -        -          
  port1.0.23    Yes      vlan-dis   Normal    7         -        -          
  port1.0.24    Yes      vlan-dis   Normal    7         -        -          
  port1.0.25    Yes      vlan-dis   Normal    7         -        -          
  port1.0.26    Yes      vlan-dis   Normal    7         -        -          
  port2.0.1     Yes      vlan-dis   Normal    7         -        -          
  port2.0.2     Yes      vlan-dis   Normal    7         -        -          
  port2.0.3     Yes      vlan-dis   Normal    7         -        -          
  port2.0.4     Yes      vlan-dis   Normal    7         -        -          
  port2.0.5     Yes      vlan-dis   Normal    7         -        -          
  port2.0.6     Yes      vlan-dis   Normal    7         -        -          
  port2.0.7     Yes      vlan-dis   Normal    7         -        -          
  port2.0.8     Yes      vlan-dis   Normal    7         -        -          
  port2.0.9     Yes      vlan-dis   Normal    7         -        -          
  port2.0.10    Yes      vlan-dis   Normal    7         -        -          
  port2.0.11    Yes      vlan-dis   Normal    7         -        -          
  port2.0.12    Yes      vlan-dis   Normal    7         -        -          
  port2.0.13    Yes      vlan-dis   Normal    7         -        -          
  port2.0.14    Yes      vlan-dis   Normal    7         -        -          
  port2.0.15    Yes      vlan-dis   Normal    7         -        -          
  port2.0.16    Yes      vlan-dis   Normal    7         -        -          
  port2.0.17    Yes      vlan-dis   Normal    7         -        -          
  port2.0.18    Yes      vlan-dis   Normal    7         -        -          
  port2.0.19    Yes      vlan-dis   Normal    7         -        -          
  port2.0.20    Yes      vlan-dis   Normal    7         -        -          
  port2.0.21    Yes      vlan-dis   Normal    7         -        -          
  port2.0.22    Yes      vlan-dis   Normal    7         -        -          
  port2.0.23    Yes      vlan-dis   Normal    7         -        -          
  port2.0.24    Yes      vlan-dis   Normal    7         -        -          
  port2.0.25    Yes      vlan-dis   Normal    7         -        -          
  port2.0.26    Yes      vlan-dis   Normal    7         -        -          
  port3.0.1     Yes      vlan-dis   Normal    7         -        -          
  port3.0.2     Yes      vlan-dis   Normal    7         -        -          
  port3.0.3     Yes      vlan-dis   Normal    7         -        -          
  port3.0.4     Yes      vlan-dis   Normal    7         -        -          
  port3.0.5     Yes      vlan-dis   Normal    7         -        -          
  port3.0.6     Yes      vlan-dis   Normal    7         -        -          
  port3.0.7     Yes      vlan-dis   Normal    7         -        -          
  port3.0.8     Yes      vlan-dis   Normal    7         -        -          
  port3.0.9     Yes      vlan-dis   Normal    7         -        -          
  port3.0.10    Yes      vlan-dis   Normal    7         -        -          
  port3.0.11    Yes      vlan-dis   Normal    7         -        -          
  port3.0.12    Yes      vlan-dis   Normal    7         -        -          
  port3.0.13    Yes      vlan-dis   Normal    7         -        -          
  port3.0.14    Yes      vlan-dis   Normal    7         -        -          
  port3.0.15    Yes      vlan-dis   Normal    7         -        -          
  port3.0.16    Yes      vlan-dis   Normal    7         -        -          
  port3.0.17    Yes      vlan-dis   Normal    7         -        -          
  port3.0.18    Yes      vlan-dis   Normal    7         -        -          
  port3.0.19    Yes      vlan-dis   Normal    7         -        -          
  port3.0.20    Yes      vlan-dis   Normal    7         -        -          
  port3.0.21    Yes      vlan-dis   Normal    7         -        -          
  port3.0.22    Yes      vlan-dis   Normal    7         -        -          
  port3.0.23    Yes      vlan-dis   Normal    7         -        -          
  port3.0.24    Yes      vlan-dis   Normal    7         -        -          
  port3.0.25    Yes      vlan-dis   Normal    7         -        -          
  port3.0.26    Yes      vlan-dis   Normal    7         -        -          
  port4.0.1     Yes      vlan-dis   Normal    7         -        -          
  port4.0.2     No       -          -         -         -        -          
  port4.0.3     Yes      vlan-dis   Normal    7         -        -          
  port4.0.4     Yes      vlan-dis   Normal    7         -        -          
  port4.0.5     Yes      vlan-dis   Normal    7         -        -          
  port4.0.6     Yes      vlan-dis   Normal    7         -        -          
  port4.0.7     Yes      vlan-dis   Normal    7         -        -          
  port4.0.8     Yes      vlan-dis   Normal    7         -        -          
  port4.0.9     Yes      vlan-dis   Normal    7         -        -          
  port4.0.10    Yes      vlan-dis   Normal    7         -        -          
  port4.0.11    Yes      vlan-dis   Normal    7         -        -          
  port4.0.12    Yes      vlan-dis   Normal    7         -        -          
  port4.0.13    Yes      vlan-dis   Normal    7         -        -          
  port4.0.14    Yes      vlan-dis   Normal    7         -        -          
  port4.0.15    Yes      vlan-dis   Normal    7         -        -          
  port4.0.16    Yes      vlan-dis   Normal    7         -        -          
  port4.0.17    Yes      vlan-dis   Normal    7         -        -          
  port4.0.18    Yes      vlan-dis   Normal    7         -        -          
  port4.0.19    Yes      vlan-dis   Normal    7         -        -          
  port4.0.20    Yes      vlan-dis   Normal    7         -        -          
  port4.0.21    Yes      vlan-dis   Normal    7         -        -          
  port4.0.22    Yes      vlan-dis   Normal    7         -        -          
  port4.0.23    Yes      vlan-dis   Normal    7         -        -          
  port4.0.24    Yes      vlan-dis   Normal    7         -        -          
  port4.0.25    Yes      vlan-dis   Normal    7         -        -          
  port4.0.26    Yes      vlan-dis   Normal    7         -        -          
  po1           Yes      vlan-dis   Normal    7         -        -          
IE520-stk#  +15s port1.0.2     Yes      link-down  Normal    7         -        - ;; port1.0.20    Yes      vlan-dis   Normal    7         -        - ;; port1.0.21    
show loop-protection


LDF Interval:    1
Fast Block:      Enabled
Total Instances: 104 (104 packets/s)
                                                        Timeout
  Int           Enabled  Action     Status    Timeout   Remain   Rx port
  --------------------------------------------------------------------------
  port1.0.1     Yes      vlan-dis   Normal    7         -        -          
  port1.0.2     Yes      link-down  Normal    7         -        -          
  port1.0.3     Yes      vlan-dis   Normal    7         -        -          
  port1.0.4     Yes      vlan-dis   Normal    7         -        -          
  port1.0.5     Yes      vlan-dis   Normal    7         -        -          
  port1.0.6     Yes      vlan-dis   Normal    7         -        -          
  port1.0.7     Yes      vlan-dis   Normal    7         -        -          
  port1.0.8     Yes      vlan-dis   Normal    7         -        -          
  port1.0.9     Yes      vlan-dis   Normal    7         -        -          
  port1.0.10    Yes      vlan-dis   Normal    7         -        -          
  port1.0.11    Yes      vlan-dis   Normal    7         -        -          
  port1.0.12    Yes      vlan-dis   Normal    7         -        -          
  port1.0.13    Yes      vlan-dis   Normal    7         -        -          
  port1.0.14    Yes      vlan-dis   Normal    7         -        -          
  port1.0.15    Yes      vlan-dis   Normal    7         -        -          
  port1.0.16    Yes      vlan-dis   Normal    7         -        -          
  port1.0.17    Yes      vlan-dis   Normal    7         -        -          
  port1.0.18    Yes      vlan-dis   Normal    7         -        -          
  port1.0.19    Yes      vlan-dis   Normal    7         -        -          
  port1.0.20    Yes      vlan-dis   Normal    7         -        -          
  port1.0.21    Yes      vlan-dis   Normal    7         -        -          
  port1.0.22    Yes      vlan-dis   Normal    7         -        -          
  port1.0.23    Yes      vlan-dis   Normal    7         -        -          
  port1.0.24    Yes      vlan-dis   Normal    7         -        -          
  port1.0.25    Yes      vlan-dis   Normal    7         -        -          
  port1.0.26    Yes      vlan-dis   Normal    7         -        -          
  port2.0.1     Yes      vlan-dis   Normal    7         -        -          
  port2.0.2     Yes      vlan-dis   Normal    7         -        -          
  port2.0.3     Yes      vlan-dis   Normal    7         -        -          
  port2.0.4     Yes      vlan-dis   Normal    7         -        -          
  port2.0.5     Yes      vlan-dis   Normal    7         -        -          
  port2.0.6     Yes      vlan-dis   Normal    7         -        -          
  port2.0.7     Yes      vlan-dis   Normal    7         -        -          
  port2.0.8     Yes      vlan-dis   Normal    7         -        -          
  port2.0.9     Yes      vlan-dis   Normal    7         -        -          
  port2.0.10    Yes      vlan-dis   Normal    7         -        -          
  port2.0.11    Yes      vlan-dis   Normal    7         -        -          
  port2.0.12    Yes      vlan-dis   Normal    7         -        -          
  port2.0.13    Yes      vlan-dis   Normal    7         -        -          
  port2.0.14    Yes      vlan-dis   Normal    7         -        -          
  port2.0.15    Yes      vlan-dis   Normal    7         -        -          
  port2.0.16    Yes      vlan-dis   Normal    7         -        -          
  port2.0.17    Yes      vlan-dis   Normal    7         -        -          
  port2.0.18    Yes      vlan-dis   Normal    7         -        -          
  port2.0.19    Yes      vlan-dis   Normal    7         -        -          
  port2.0.20    Yes      vlan-dis   Normal    7         -        -          
  port2.0.21    Yes      vlan-dis   Normal    7         -        -          
  port2.0.22    Yes      vlan-dis   Normal    7         -        -          
  port2.0.23    Yes      vlan-dis   Normal    7         -        -          
  port2.0.24    Yes      vlan-dis   Normal    7         -        -          
  port2.0.25    Yes      vlan-dis   Normal    7         -        -          
  port2.0.26    Yes      vlan-dis   Normal    7         -        -          
  port3.0.1     Yes      vlan-dis   Normal    7         -        -          
  port3.0.2     Yes      vlan-dis   Normal    7         -        -          
  port3.0.3     Yes      vlan-dis   Normal    7         -        -          
  port3.0.4     Yes      vlan-dis   Normal    7         -        -          
  port3.0.5     Yes      vlan-dis   Normal    7         -        -          
  port3.0.6     Yes      vlan-dis   Normal    7         -        -          
  port3.0.7     Yes      vlan-dis   Normal    7         -        -          
  port3.0.8     Yes      vlan-dis   Normal    7         -        -          
  port3.0.9     Yes      vlan-dis   Normal    7         -        -          
  port3.0.10    Yes      vlan-dis   Normal    7         -        -          
  port3.0.11    Yes      vlan-dis   Normal    7         -        -          
  port3.0.12    Yes      vlan-dis   Normal    7         -        -          
  port3.0.13    Yes      vlan-dis   Normal    7         -        -          
  port3.0.14    Yes      vlan-dis   Normal    7         -        -          
  port3.0.15    Yes      vlan-dis   Normal    7         -        -          
  port3.0.16    Yes      vlan-dis   Normal    7         -        -          
  port3.0.17    Yes      vlan-dis   Normal    7         -        -          
  port3.0.18    Yes      vlan-dis   Normal    7         -        -          
  port3.0.19    Yes      vlan-dis   Normal    7         -        -          
  port3.0.20    Yes      vlan-dis   Normal    7         -        -          
  port3.0.21    Yes      vlan-dis   Normal    7         -        -          
  port3.0.22    Yes      vlan-dis   Normal    7         -        -          
  port3.0.23    Yes      vlan-dis   Normal    7         -        -          
  port3.0.24    Yes      vlan-dis   Normal    7         -        -          
  port3.0.25    Yes      vlan-dis   Normal    7         -        -          
  port3.0.26    Yes      vlan-dis   Normal    7         -        -          
  port4.0.1     Yes      vlan-dis   Normal    7         -        -          
  port4.0.2     No       -          -         -         -        -          
  port4.0.3     Yes      vlan-dis   Normal    7         -        -          
  port4.0.4     Yes      vlan-dis   Normal    7         -        -          
  port4.0.5     Yes      vlan-dis   Normal    7         -        -          
  port4.0.6     Yes      vlan-dis   Normal    7         -        -          
  port4.0.7     Yes      vlan-dis   Normal    7         -        -          
  port4.0.8     Yes      vlan-dis   Normal    7         -        -          
  port4.0.9     Yes      vlan-dis   Normal    7         -        -          
  port4.0.10    Yes      vlan-dis   Normal    7         -        -          
  port4.0.11    Yes      vlan-dis   Normal    7         -        -          
  port4.0.12    Yes      vlan-dis   Normal    7         -        -          
  port4.0.13    Yes      vlan-dis   Normal    7         -        -          
  port4.0.14    Yes      vlan-dis   Normal    7         -        -          
  port4.0.15    Yes      vlan-dis   Normal    7         -        -          
  port4.0.16    Yes      vlan-dis   Normal    7         -        -          
  port4.0.17    Yes      vlan-dis   Normal    7         -        -          
  port4.0.18    Yes      vlan-dis   Normal    7         -        -          
  port4.0.19    Yes      vlan-dis   Normal    7         -        -          
  port4.0.20    Yes      vlan-dis   Normal    7         -        -          
  port4.0.21    Yes      vlan-dis   Normal    7         -        -          
  port4.0.22    Yes      vlan-dis   Normal    7         -        -          
  port4.0.23    Yes      vlan-dis   Normal    7         -        -          
  port4.0.24    Yes      vlan-dis   Normal    7         -        -          
  port4.0.25    Yes      vlan-dis   Normal    7         -        -          
  port4.0.26    Yes      vlan-dis   Normal    7         -        -          
  po1           Yes      vlan-dis   Normal    7         -        -          
IE520-stk#  +30s port1.0.2     Yes      link-down  Normal    7         -        - ;; port1.0.20    Yes      vlan-dis   Normal    7         -        - ;; port1.0.21    
show loop-protection


LDF Interval:    1
Fast Block:      Enabled
Total Instances: 104 (104 packets/s)
                                                        Timeout
  Int           Enabled  Action     Status    Timeout   Remain   Rx port
  --------------------------------------------------------------------------
  port1.0.1     Yes      vlan-dis   Normal    7         -        -          
  port1.0.2     Yes      link-down  Normal    7         -        -          
  port1.0.3     Yes      vlan-dis   Normal    7         -        -          
  port1.0.4     Yes      vlan-dis   Normal    7         -        -          
  port1.0.5     Yes      vlan-dis   Normal    7         -        -          
  port1.0.6     Yes      vlan-dis   Normal    7         -        -          
  port1.0.7     Yes      vlan-dis   Normal    7         -        -          
  port1.0.8     Yes      vlan-dis   Normal    7         -        -          
  port1.0.9     Yes      vlan-dis   Normal    7         -        -          
  port1.0.10    Yes      vlan-dis   Normal    7         -        -          
  port1.0.11    Yes      vlan-dis   Normal    7         -        -          
  port1.0.12    Yes      vlan-dis   Normal    7         -        -          
  port1.0.13    Yes      vlan-dis   Normal    7         -        -          
  port1.0.14    Yes      vlan-dis   Normal    7         -        -          
  port1.0.15    Yes      vlan-dis   Normal    7         -        -          
  port1.0.16    Yes      vlan-dis   Normal    7         -        -          
  port1.0.17    Yes      vlan-dis   Normal    7         -        -          
  port1.0.18    Yes      vlan-dis   Normal    7         -        -          
  port1.0.19    Yes      vlan-dis   Normal    7         -        -          
  port1.0.20    Yes      vlan-dis   Normal    7         -        -          
  port1.0.21    Yes      vlan-dis   Normal    7         -        -          
  port1.0.22    Yes      vlan-dis   Normal    7         -        -          
  port1.0.23    Yes      vlan-dis   Normal    7         -        -          
  port1.0.24    Yes      vlan-dis   Normal    7         -        -          
  port1.0.25    Yes      vlan-dis   Normal    7         -        -          
  port1.0.26    Yes      vlan-dis   Normal    7         -        -          
  port2.0.1     Yes      vlan-dis   Normal    7         -        -          
  port2.0.2     Yes      vlan-dis   Normal    7         -        -          
  port2.0.3     Yes      vlan-dis   Normal    7         -        -          
  port2.0.4     Yes      vlan-dis   Normal    7         -        -          
  port2.0.5     Yes      vlan-dis   Normal    7         -        -          
  port2.0.6     Yes      vlan-dis   Normal    7         -        -          
  port2.0.7     Yes      vlan-dis   Normal    7         -        -          
  port2.0.8     Yes      vlan-dis   Normal    7         -        -          
  port2.0.9     Yes      vlan-dis   Normal    7         -        -          
  port2.0.10    Yes      vlan-dis   Normal    7         -        -          
  port2.0.11    Yes      vlan-dis   Normal    7         -        -          
  port2.0.12    Yes      vlan-dis   Normal    7         -        -          
  port2.0.13    Yes      vlan-dis   Normal    7         -        -          
  port2.0.14    Yes      vlan-dis   Normal    7         -        -          
  port2.0.15    Yes      vlan-dis   Normal    7         -        -          
  port2.0.16    Yes      vlan-dis   Normal    7         -        -          
  port2.0.17    Yes      vlan-dis   Normal    7         -        -          
  port2.0.18    Yes      vlan-dis   Normal    7         -        -          
  port2.0.19    Yes      vlan-dis   Normal    7         -        -          
  port2.0.20    Yes      vlan-dis   Normal    7         -        -          
  port2.0.21    Yes      vlan-dis   Normal    7         -        -          
  port2.0.22    Yes      vlan-dis   Normal    7         -        -          
  port2.0.23    Yes      vlan-dis   Normal    7         -        -          
  port2.0.24    Yes      vlan-dis   Normal    7         -        -          
  port2.0.25    Yes      vlan-dis   Normal    7         -        -          
  port2.0.26    Yes      vlan-dis   Normal    7         -        -          
  port3.0.1     Yes      vlan-dis   Normal    7         -        -          
  port3.0.2     Yes      vlan-dis   Normal    7         -        -          
  port3.0.3     Yes      vlan-dis   Normal    7         -        -          
  port3.0.4     Yes      vlan-dis   Normal    7         -        -          
  port3.0.5     Yes      vlan-dis   Normal    7         -        -          
  port3.0.6     Yes      vlan-dis   Normal    7         -        -          
  port3.0.7     Yes      vlan-dis   Normal    7         -        -          
  port3.0.8     Yes      vlan-dis   Normal    7         -        -          
  port3.0.9     Yes      vlan-dis   Normal    7         -        -          
  port3.0.10    Yes      vlan-dis   Normal    7         -        -          
  port3.0.11    Yes      vlan-dis   Normal    7         -        -          
  port3.0.12    Yes      vlan-dis   Normal    7         -        -          
  port3.0.13    Yes      vlan-dis   Normal    7         -        -          
  port3.0.14    Yes      vlan-dis   Normal    7         -        -          
  port3.0.15    Yes      vlan-dis   Normal    7         -        -          
  port3.0.16    Yes      vlan-dis   Normal    7         -        -          
  port3.0.17    Yes      vlan-dis   Normal    7         -        -          
  port3.0.18    Yes      vlan-dis   Normal    7         -        -          
  port3.0.19    Yes      vlan-dis   Normal    7         -        -          
  port3.0.20    Yes      vlan-dis   Normal    7         -        -          
  port3.0.21    Yes      vlan-dis   Normal    7         -        -          
  port3.0.22    Yes      vlan-dis   Normal    7         -        -          
  port3.0.23    Yes      vlan-dis   Normal    7         -        -          
  port3.0.24    Yes      vlan-dis   Normal    7         -        -          
  port3.0.25    Yes      vlan-dis   Normal    7         -        -          
  port3.0.26    Yes      vlan-dis   Normal    7         -        -          
  port4.0.1     Yes      vlan-dis   Normal    7         -        -          
  port4.0.2     No       -          -         -         -        -          
  port4.0.3     Yes      vlan-dis   Normal    7         -        -          
  port4.0.4     Yes      vlan-dis   Normal    7         -        -          
  port4.0.5     Yes      vlan-dis   Normal    7         -        -          
  port4.0.6     Yes      vlan-dis   Normal    7         -        -          
  port4.0.7     Yes      vlan-dis   Normal    7         -        -          
  port4.0.8     Yes      vlan-dis   Normal    7         -        -          
  port4.0.9     Yes      vlan-dis   Normal    7         -        -          
  port4.0.10    Yes      vlan-dis   Normal    7         -        -          
  port4.0.11    Yes      vlan-dis   Normal    7         -        -          
  port4.0.12    Yes      vlan-dis   Normal    7         -        -          
  port4.0.13    Yes      vlan-dis   Normal    7         -        -          
  port4.0.14    Yes      vlan-dis   Normal    7         -        -          
  port4.0.15    Yes      vlan-dis   Normal    7         -        -          
  port4.0.16    Yes      vlan-dis   Normal    7         -        -          
  port4.0.17    Yes      vlan-dis   Normal    7         -        -          
  port4.0.18    Yes      vlan-dis   Normal    7         -        -          
  port4.0.19    Yes      vlan-dis   Normal    7         -        -          
  port4.0.20    Yes      vlan-dis   Normal    7         -        -          
  port4.0.21    Yes      vlan-dis   Normal    7         -        -          
  port4.0.22    Yes      vlan-dis   Normal    7         -        -          
  port4.0.23    Yes      vlan-dis   Normal    7         -        -          
  port4.0.24    Yes      vlan-dis   Normal    7         -        -          
  port4.0.25    Yes      vlan-dis   Normal    7         -        -          
  port4.0.26    Yes      vlan-dis   Normal    7         -        -          
  po1           Yes      vlan-dis   Normal    7         -        -          
IE520-stk#  +45s port1.0.2     Yes      link-down  Normal    7         -        - ;; port1.0.20    Yes      vlan-dis   Normal    7         -        - ;; port1.0.21    
show loop-protection


LDF Interval:    1
Fast Block:      Enabled
Total Instances: 104 (104 packets/s)
                                                        Timeout
  Int           Enabled  Action     Status    Timeout   Remain   Rx port
  --------------------------------------------------------------------------
  port1.0.1     Yes      vlan-dis   Normal    7         -        -          
  port1.0.2     Yes      link-down  Normal    7         -        -          
  port1.0.3     Yes      vlan-dis   Normal    7         -        -          
  port1.0.4     Yes      vlan-dis   Normal    7         -        -          
  port1.0.5     Yes      vlan-dis   Normal    7         -        -          
  port1.0.6     Yes      vlan-dis   Normal    7         -        -          
  port1.0.7     Yes      vlan-dis   Normal    7         -        -          
  port1.0.8     Yes      vlan-dis   Normal    7         -        -          
  port1.0.9     Yes      vlan-dis   Normal    7         -        -          
  port1.0.10    Yes      vlan-dis   Normal    7         -        -          
  port1.0.11    Yes      vlan-dis   Normal    7         -        -          
  port1.0.12    Yes      vlan-dis   Normal    7         -        -          
  port1.0.13    Yes      vlan-dis   Normal    7         -        -          
  port1.0.14    Yes      vlan-dis   Normal    7         -        -          
  port1.0.15    Yes      vlan-dis   Normal    7         -        -          
  port1.0.16    Yes      vlan-dis   Normal    7         -        -          
  port1.0.17    Yes      vlan-dis   Normal    7         -        -          
  port1.0.18    Yes      vlan-dis   Normal    7         -        -          
  port1.0.19    Yes      vlan-dis   Normal    7         -        -          
  port1.0.20    Yes      vlan-dis   Normal    7         -        -          
  port1.0.21    Yes      vlan-dis   Normal    7         -        -          
  port1.0.22    Yes      vlan-dis   Normal    7         -        -          
  port1.0.23    Yes      vlan-dis   Normal    7         -        -          
  port1.0.24    Yes      vlan-dis   Normal    7         -        -          
  port1.0.25    Yes      vlan-dis   Normal    7         -        -          
  port1.0.26    Yes      vlan-dis   Normal    7         -        -          
  port2.0.1     Yes      vlan-dis   Normal    7         -        -          
  port2.0.2     Yes      vlan-dis   Normal    7         -        -          
  port2.0.3     Yes      vlan-dis   Normal    7         -        -          
  port2.0.4     Yes      vlan-dis   Normal    7         -        -          
  port2.0.5     Yes      vlan-dis   Normal    7         -        -          
  port2.0.6     Yes      vlan-dis   Normal    7         -        -          
  port2.0.7     Yes      vlan-dis   Normal    7         -        -          
  port2.0.8     Yes      vlan-dis   Normal    7         -        -          
  port2.0.9     Yes      vlan-dis   Normal    7         -        -          
  port2.0.10    Yes      vlan-dis   Normal    7         -        -          
  port2.0.11    Yes      vlan-dis   Normal    7         -        -          
  port2.0.12    Yes      vlan-dis   Normal    7         -        -          
  port2.0.13    Yes      vlan-dis   Normal    7         -        -          
  port2.0.14    Yes      vlan-dis   Normal    7         -        -          
  port2.0.15    Yes      vlan-dis   Normal    7         -        -          
  port2.0.16    Yes      vlan-dis   Normal    7         -        -          
  port2.0.17    Yes      vlan-dis   Normal    7         -        -          
  port2.0.18    Yes      vlan-dis   Normal    7         -        -          
  port2.0.19    Yes      vlan-dis   Normal    7         -        -          
  port2.0.20    Yes      vlan-dis   Normal    7         -        -          
  port2.0.21    Yes      vlan-dis   Normal    7         -        -          
  port2.0.22    Yes      vlan-dis   Normal    7         -        -          
  port2.0.23    Yes      vlan-dis   Normal    7         -        -          
  port2.0.24    Yes      vlan-dis   Normal    7         -        -          
  port2.0.25    Yes      vlan-dis   Normal    7         -        -          
  port2.0.26    Yes      vlan-dis   Normal    7         -        -          
  port3.0.1     Yes      vlan-dis   Normal    7         -        -          
  port3.0.2     Yes      vlan-dis   Normal    7         -        -          
  port3.0.3     Yes      vlan-dis   Normal    7         -        -          
  port3.0.4     Yes      vlan-dis   Normal    7         -        -          
  port3.0.5     Yes      vlan-dis   Normal    7         -        -          
  port3.0.6     Yes      vlan-dis   Normal    7         -        -          
  port3.0.7     Yes      vlan-dis   Normal    7         -        -          
  port3.0.8     Yes      vlan-dis   Normal    7         -        -          
  port3.0.9     Yes      vlan-dis   Normal    7         -        -          
  port3.0.10    Yes      vlan-dis   Normal    7         -        -          
  port3.0.11    Yes      vlan-dis   Normal    7         -        -          
  port3.0.12    Yes      vlan-dis   Normal    7         -        -          
  port3.0.13    Yes      vlan-dis   Normal    7         -        -          
  port3.0.14    Yes      vlan-dis   Normal    7         -        -          
  port3.0.15    Yes      vlan-dis   Normal    7         -        -          
  port3.0.16    Yes      vlan-dis   Normal    7         -        -          
  port3.0.17    Yes      vlan-dis   Normal    7         -        -          
  port3.0.18    Yes      vlan-dis   Normal    7         -        -          
  port3.0.19    Yes      vlan-dis   Normal    7         -        -          
  port3.0.20    Yes      vlan-dis   Normal    7         -        -          
  port3.0.21    Yes      vlan-dis   Normal    7         -        -          
  port3.0.22    Yes      vlan-dis   Normal    7         -        -          
  port3.0.23    Yes      vlan-dis   Normal    7         -        -          
  port3.0.24    Yes      vlan-dis   Normal    7         -        -          
  port3.0.25    Yes      vlan-dis   Normal    7         -        -          
  port3.0.26    Yes      vlan-dis   Normal    7         -        -          
  port4.0.1     Yes      vlan-dis   Normal    7         -        -          
  port4.0.2     No       -          -         -         -        -          
  port4.0.3     Yes      vlan-dis   Normal    7         -        -          
  port4.0.4     Yes      vlan-dis   Normal    7         -        -          
  port4.0.5     Yes      vlan-dis   Normal    7         -        -          
  port4.0.6     Yes      vlan-dis   Normal    7         -        -          
  port4.0.7     Yes      vlan-dis   Normal    7         -        -          
  port4.0.8     Yes      vlan-dis   Normal    7         -        -          
  port4.0.9     Yes      vlan-dis   Normal    7         -        -          
  port4.0.10    Yes      vlan-dis   Normal    7         -        -          
  port4.0.11    Yes      vlan-dis   Normal    7         -        -          
  port4.0.12    Yes      vlan-dis   Normal    7         -        -          
  port4.0.13    Yes      vlan-dis   Normal    7         -        -          
  port4.0.14    Yes      vlan-dis   Normal    7         -        -          
  port4.0.15    Yes      vlan-dis   Normal    7         -        -          
  port4.0.16    Yes      vlan-dis   Normal    7         -        -          
  port4.0.17    Yes      vlan-dis   Normal    7         -        -          
  port4.0.18    Yes      vlan-dis   Normal    7         -        -          
  port4.0.19    Yes      vlan-dis   Normal    7         -        -          
  port4.0.20    Yes      vlan-dis   Normal    7         -        -          
  port4.0.21    Yes      vlan-dis   Normal    7         -        -          
  port4.0.22    Yes      vlan-dis   Normal    7         -        -          
  port4.0.23    Yes      vlan-dis   Normal    7         -        -          
  port4.0.24    Yes      vlan-dis   Normal    7         -        -          
  port4.0.25    Yes      vlan-dis   Normal    7         -        -          
  port4.0.26    Yes      vlan-dis   Normal    7         -        -          
  po1           Yes      vlan-dis   Normal    7         -        -          
IE520-stk#  +60s port1.0.2     Yes      link-down  Normal    7         -        - ;; port1.0.20    Yes      vlan-dis   Normal    7         -        - ;; port1.0.21    
show loop-protection


LDF Interval:    1
Fast Block:      Enabled
Total Instances: 104 (104 packets/s)
                                                        Timeout
  Int           Enabled  Action     Status    Timeout   Remain   Rx port
  --------------------------------------------------------------------------
  port1.0.1     Yes      vlan-dis   Normal    7         -        -          
  port1.0.2     Yes      link-down  Normal    7         -        -          
  port1.0.3     Yes      vlan-dis   Normal    7         -        -          
  port1.0.4     Yes      vlan-dis   Normal    7         -        -          
  port1.0.5     Yes      vlan-dis   Normal    7         -        -          
  port1.0.6     Yes      vlan-dis   Normal    7         -        -          
  port1.0.7     Yes      vlan-dis   Normal    7         -        -          
  port1.0.8     Yes      vlan-dis   Normal    7         -        -          
  port1.0.9     Yes      vlan-dis   Normal    7         -        -          
  port1.0.10    Yes      vlan-dis   Normal    7         -        -          
  port1.0.11    Yes      vlan-dis   Normal    7         -        -          
  port1.0.12    Yes      vlan-dis   Normal    7         -        -          
  port1.0.13    Yes      vlan-dis   Normal    7         -        -          
  port1.0.14    Yes      vlan-dis   Normal    7         -        -          
  port1.0.15    Yes      vlan-dis   Normal    7         -        -          
  port1.0.16    Yes      vlan-dis   Normal    7         -        -          
  port1.0.17    Yes      vlan-dis   Normal    7         -        -          
  port1.0.18    Yes      vlan-dis   Normal    7         -        -          
  port1.0.19    Yes      vlan-dis   Normal    7         -        -          
  port1.0.20    Yes      vlan-dis   Normal    7         -        -          
  port1.0.21    Yes      vlan-dis   Normal    7         -        -          
  port1.0.22    Yes      vlan-dis   Normal    7         -        -          
  port1.0.23    Yes      vlan-dis   Normal    7         -        -          
  port1.0.24    Yes      vlan-dis   Normal    7         -        -          
  port1.0.25    Yes      vlan-dis   Normal    7         -        -          
  port1.0.26    Yes      vlan-dis   Normal    7         -        -          
  port2.0.1     Yes      vlan-dis   Normal    7         -        -          
  port2.0.2     Yes      vlan-dis   Normal    7         -        -          
  port2.0.3     Yes      vlan-dis   Normal    7         -        -          
  port2.0.4     Yes      vlan-dis   Normal    7         -        -          
  port2.0.5     Yes      vlan-dis   Normal    7         -        -          
  port2.0.6     Yes      vlan-dis   Normal    7         -        -          
  port2.0.7     Yes      vlan-dis   Normal    7         -        -          
  port2.0.8     Yes      vlan-dis   Normal    7         -        -          
  port2.0.9     Yes      vlan-dis   Normal    7         -        -          
  port2.0.10    Yes      vlan-dis   Normal    7         -        -          
  port2.0.11    Yes      vlan-dis   Normal    7         -        -          
  port2.0.12    Yes      vlan-dis   Normal    7         -        -          
  port2.0.13    Yes      vlan-dis   Normal    7         -        -          
  port2.0.14    Yes      vlan-dis   Normal    7         -        -          
  port2.0.15    Yes      vlan-dis   Normal    7         -        -          
  port2.0.16    Yes      vlan-dis   Normal    7         -        -          
  port2.0.17    Yes      vlan-dis   Normal    7         -        -          
  port2.0.18    Yes      vlan-dis   Normal    7         -        -          
  port2.0.19    Yes      vlan-dis   Normal    7         -        -          
  port2.0.20    Yes      vlan-dis   Normal    7         -        -          
  port2.0.21    Yes      vlan-dis   Normal    7         -        -          
  port2.0.22    Yes      vlan-dis   Normal    7         -        -          
  port2.0.23    Yes      vlan-dis   Normal    7         -        -          
  port2.0.24    Yes      vlan-dis   Normal    7         -        -          
  port2.0.25    Yes      vlan-dis   Normal    7         -        -          
  port2.0.26    Yes      vlan-dis   Normal    7         -        -          
  port3.0.1     Yes      vlan-dis   Normal    7         -        -          
  port3.0.2     Yes      vlan-dis   Normal    7         -        -          
  port3.0.3     Yes      vlan-dis   Normal    7         -        -          
  port3.0.4     Yes      vlan-dis   Normal    7         -        -          
  port3.0.5     Yes      vlan-dis   Normal    7         -        -          
  port3.0.6     Yes      vlan-dis   Normal    7         -        -          
  port3.0.7     Yes      vlan-dis   Normal    7         -        -          
  port3.0.8     Yes      vlan-dis   Normal    7         -        -          
  port3.0.9     Yes      vlan-dis   Normal    7         -        -          
  port3.0.10    Yes      vlan-dis   Normal    7         -        -          
  port3.0.11    Yes      vlan-dis   Normal    7         -        -          
  port3.0.12    Yes      vlan-dis   Normal    7         -        -          
  port3.0.13    Yes      vlan-dis   Normal    7         -        -          
  port3.0.14    Yes      vlan-dis   Normal    7         -        -          
  port3.0.15    Yes      vlan-dis   Normal    7         -        -          
  port3.0.16    Yes      vlan-dis   Normal    7         -        -          
  port3.0.17    Yes      vlan-dis   Normal    7         -        -          
  port3.0.18    Yes      vlan-dis   Normal    7         -        -          
  port3.0.19    Yes      vlan-dis   Normal    7         -        -          
  port3.0.20    Yes      vlan-dis   Normal    7         -        -          
  port3.0.21    Yes      vlan-dis   Normal    7         -        -          
  port3.0.22    Yes      vlan-dis   Normal    7         -        -          
  port3.0.23    Yes      vlan-dis   Normal    7         -        -          
  port3.0.24    Yes      vlan-dis   Normal    7         -        -          
  port3.0.25    Yes      vlan-dis   Normal    7         -        -          
  port3.0.26    Yes      vlan-dis   Normal    7         -        -          
  port4.0.1     Yes      vlan-dis   Normal    7         -        -          
  port4.0.2     No       -          -         -         -        -          
  port4.0.3     Yes      vlan-dis   Normal    7         -        -          
  port4.0.4     Yes      vlan-dis   Normal    7         -        -          
  port4.0.5     Yes      vlan-dis   Normal    7         -        -          
  port4.0.6     Yes      vlan-dis   Normal    7         -        -          
  port4.0.7     Yes      vlan-dis   Normal    7         -        -          
  port4.0.8     Yes      vlan-dis   Normal    7         -        -          
  port4.0.9     Yes      vlan-dis   Normal    7         -        -          
  port4.0.10    Yes      vlan-dis   Normal    7         -        -          
  port4.0.11    Yes      vlan-dis   Normal    7         -        -          
  port4.0.12    Yes      vlan-dis   Normal    7         -        -          
  port4.0.13    Yes      vlan-dis   Normal    7         -        -          
  port4.0.14    Yes      vlan-dis   Normal    7         -        -          
  port4.0.15    Yes      vlan-dis   Normal    7         -        -          
  port4.0.16    Yes      vlan-dis   Normal    7         -        -          
  port4.0.17    Yes      vlan-dis   Normal    7         -        -          
  port4.0.18    Yes      vlan-dis   Normal    7         -        -          
  port4.0.19    Yes      vlan-dis   Normal    7         -        -          
  port4.0.20    Yes      vlan-dis   Normal    7         -        -          
  port4.0.21    Yes      vlan-dis   Normal    7         -        -          
  port4.0.22    Yes      vlan-dis   Normal    7         -        -          
  port4.0.23    Yes      vlan-dis   Normal    7         -        -          
  port4.0.24    Yes      vlan-dis   Normal    7         -        -          
  port4.0.25    Yes      vlan-dis   Normal    7         -        -          
  port4.0.26    Yes      vlan-dis   Normal    7         -        -          
  po1           Yes      vlan-dis   Normal    7         -        -          
IE520-stk#  +75s port1.0.2     Yes      link-down  Normal    7         -        - ;; port1.0.20    Yes      vlan-dis   Normal    7         -        - ;; port1.0.21    
show loop-protection


LDF Interval:    1
Fast Block:      Enabled
Total Instances: 104 (104 packets/s)
                                                        Timeout
  Int           Enabled  Action     Status    Timeout   Remain   Rx port
  --------------------------------------------------------------------------
  port1.0.1     Yes      vlan-dis   Normal    7         -        -          
  port1.0.2     Yes      link-down  Normal    7         -        -          
  port1.0.3     Yes      vlan-dis   Normal    7         -        -          
  port1.0.4     Yes      vlan-dis   Normal    7         -        -          
  port1.0.5     Yes      vlan-dis   Normal    7         -        -          
  port1.0.6     Yes      vlan-dis   Normal    7         -        -          
  port1.0.7     Yes      vlan-dis   Normal    7         -        -          
  port1.0.8     Yes      vlan-dis   Normal    7         -        -          
  port1.0.9     Yes      vlan-dis   Normal    7         -        -          
  port1.0.10    Yes      vlan-dis   Normal    7         -        -          
  port1.0.11    Yes      vlan-dis   Normal    7         -        -          
  port1.0.12    Yes      vlan-dis   Normal    7         -        -          
  port1.0.13    Yes      vlan-dis   Normal    7         -        -          
  port1.0.14    Yes      vlan-dis   Normal    7         -        -          
  port1.0.15    Yes      vlan-dis   Normal    7         -        -          
  port1.0.16    Yes      vlan-dis   Normal    7         -        -          
  port1.0.17    Yes      vlan-dis   Normal    7         -        -          
  port1.0.18    Yes      vlan-dis   Normal    7         -        -          
  port1.0.19    Yes      vlan-dis   Normal    7         -        -          
  port1.0.20    Yes      vlan-dis   Normal    7         -        -          
  port1.0.21    Yes      vlan-dis   Normal    7         -        -          
  port1.0.22    Yes      vlan-dis   Normal    7         -        -          
  port1.0.23    Yes      vlan-dis   Normal    7         -        -          
  port1.0.24    Yes      vlan-dis   Normal    7         -        -          
  port1.0.25    Yes      vlan-dis   Normal    7         -        -          
  port1.0.26    Yes      vlan-dis   Normal    7         -        -          
  port2.0.1     Yes      vlan-dis   Normal    7         -        -          
  port2.0.2     Yes      vlan-dis   Normal    7         -        -          
  port2.0.3     Yes      vlan-dis   Normal    7         -        -          
  port2.0.4     Yes      vlan-dis   Normal    7         -        -          
  port2.0.5     Yes      vlan-dis   Normal    7         -        -          
  port2.0.6     Yes      vlan-dis   Normal    7         -        -          
  port2.0.7     Yes      vlan-dis   Normal    7         -        -          
  port2.0.8     Yes      vlan-dis   Normal    7         -        -          
  port2.0.9     Yes      vlan-dis   Normal    7         -        -          
  port2.0.10    Yes      vlan-dis   Normal    7         -        -          
  port2.0.11    Yes      vlan-dis   Normal    7         -        -          
  port2.0.12    Yes      vlan-dis   Normal    7         -        -          
  port2.0.13    Yes      vlan-dis   Normal    7         -        -          
  port2.0.14    Yes      vlan-dis   Normal    7         -        -          
  port2.0.15    Yes      vlan-dis   Normal    7         -        -          
  port2.0.16    Yes      vlan-dis   Normal    7         -        -          
  port2.0.17    Yes      vlan-dis   Normal    7         -        -          
  port2.0.18    Yes      vlan-dis   Normal    7         -        -          
  port2.0.19    Yes      vlan-dis   Normal    7         -        -          
  port2.0.20    Yes      vlan-dis   Normal    7         -        -          
  port2.0.21    Yes      vlan-dis   Normal    7         -        -          
  port2.0.22    Yes      vlan-dis   Normal    7         -        -          
  port2.0.23    Yes      vlan-dis   Normal    7         -        -          
  port2.0.24    Yes      vlan-dis   Normal    7         -        -          
  port2.0.25    Yes      vlan-dis   Normal    7         -        -          
  port2.0.26    Yes      vlan-dis   Normal    7         -        -          
  port3.0.1     Yes      vlan-dis   Normal    7         -        -          
  port3.0.2     Yes      vlan-dis   Normal    7         -        -          
  port3.0.3     Yes      vlan-dis   Normal    7         -        -          
  port3.0.4     Yes      vlan-dis   Normal    7         -        -          
  port3.0.5     Yes      vlan-dis   Normal    7         -        -          
  port3.0.6     Yes      vlan-dis   Normal    7         -        -          
  port3.0.7     Yes      vlan-dis   Normal    7         -        -          
  port3.0.8     Yes      vlan-dis   Normal    7         -        -          
  port3.0.9     Yes      vlan-dis   Normal    7         -        -          
  port3.0.10    Yes      vlan-dis   Normal    7         -        -          
  port3.0.11    Yes      vlan-dis   Normal    7         -        -          
  port3.0.12    Yes      vlan-dis   Normal    7         -        -          
  port3.0.13    Yes      vlan-dis   Normal    7         -        -          
  port3.0.14    Yes      vlan-dis   Normal    7         -        -          
  port3.0.15    Yes      vlan-dis   Normal    7         -        -          
  port3.0.16    Yes      vlan-dis   Normal    7         -        -          
  port3.0.17    Yes      vlan-dis   Normal    7         -        -          
  port3.0.18    Yes      vlan-dis   Normal    7         -        -          
  port3.0.19    Yes      vlan-dis   Normal    7         -        -          
  port3.0.20    Yes      vlan-dis   Normal    7         -        -          
  port3.0.21    Yes      vlan-dis   Normal    7         -        -          
  port3.0.22    Yes      vlan-dis   Normal    7         -        -          
  port3.0.23    Yes      vlan-dis   Normal    7         -        -          
  port3.0.24    Yes      vlan-dis   Normal    7         -        -          
  port3.0.25    Yes      vlan-dis   Normal    7         -        -          
  port3.0.26    Yes      vlan-dis   Normal    7         -        -          
  port4.0.1     Yes      vlan-dis   Normal    7         -        -          
  port4.0.2     No       -          -         -         -        -          
  port4.0.3     Yes      vlan-dis   Normal    7         -        -          
  port4.0.4     Yes      vlan-dis   Normal    7         -        -          
  port4.0.5     Yes      vlan-dis   Normal    7         -        -          
  port4.0.6     Yes      vlan-dis   Normal    7         -        -          
  port4.0.7     Yes      vlan-dis   Normal    7         -        -          
  port4.0.8     Yes      vlan-dis   Normal    7         -        -          
  port4.0.9     Yes      vlan-dis   Normal    7         -        -          
  port4.0.10    Yes      vlan-dis   Normal    7         -        -          
  port4.0.11    Yes      vlan-dis   Normal    7         -        -          
  port4.0.12    Yes      vlan-dis   Normal    7         -        -          
  port4.0.13    Yes      vlan-dis   Normal    7         -        -          
  port4.0.14    Yes      vlan-dis   Normal    7         -        -          
  port4.0.15    Yes      vlan-dis   Normal    7         -        -          
  port4.0.16    Yes      vlan-dis   Normal    7         -        -          
  port4.0.17    Yes      vlan-dis   Normal    7         -        -          
  port4.0.18    Yes      vlan-dis   Normal    7         -        -          
  port4.0.19    Yes      vlan-dis   Normal    7         -        -          
  port4.0.20    Yes      vlan-dis   Normal    7         -        -          
  port4.0.21    Yes      vlan-dis   Normal    7         -        -          
  port4.0.22    Yes      vlan-dis   Normal    7         -        -          
  port4.0.23    Yes      vlan-dis   Normal    7         -        -          
  port4.0.24    Yes      vlan-dis   Normal    7         -        -          
  port4.0.25    Yes      vlan-dis   Normal    7         -        -          
  port4.0.26    Yes      vlan-dis   Normal    7         -        -          
  po1           Yes      vlan-dis   Normal    7         -        -          
IE520-stk#  +90s port1.0.2     Yes      link-down  Normal    7         -        - ;; port1.0.20    Yes      vlan-dis   Normal    7         -        - ;; port1.0.21    

--- OPEN THE RING AGAIN ---
configure terminal
Enter configuration commands, one per line.  End with CNTL/Z.
4050-5g(config)#interface port1.0.2
port1.0.2: Dynamically learned channel-group config is now in running-config

4050-5g(config-if)#shutdown
4050-5g(config-if)#exit
4050-5g(config)#end
4050-5g#  4050: ok
show interface port1.0.2 status
Port        Name               Status      Vlan      Duplex Speed   Type        
--------------------------------------------------------------------------------
port1.0.2   -                  connected           1 a-full a-1000  1000BASE-T  

IE520-stk#  port1.0.2 after: Port        Name               Status      Vlan      Duplex Speed   Type | ---------------------------------------------

VERDICT: see log -- no loop-protection action observed in 90s
show log tail 25
7[r[999;999H[6n
<date> <time> <facility>.<severity> <program[<pid>]>: <message>
-------------------------------------------------------------------------
2026 Sep 21 22:23:03 user.notice IE520-stk IMISH[14791]: [manager@ttyS0]show loop-protection
2026 Sep 21 22:23:05 user.notice IE520-stk IMISH[14791]: [manager@ttyS0]configure terminal
2026 Sep 21 22:23:06 user.notice IE520-stk IMISH[14791]: [manager@ttyS0]interface port1.0.2
2026 Sep 21 22:23:07 user.notice IE520-stk IMISH[14791]: [manager@ttyS0]loop-protection action vlan-disable
2026 Sep 21 22:23:08 user.notice IE520-stk IMISH[14791]: [manager@ttyS0]exit
2026 Sep 21 22:23:09 user.notice IE520-stk IMISH[14791]: [manager@ttyS0]loop-protection loop-detect ldf-interval 1 fast-block
2026 Sep 21 22:23:28 user.notice IE520-stk IMISH[14791]: [manager@ttyS0]terminal length 0
2026 Sep 21 22:23:29 user.notice IE520-stk IMISH[14791]: [manager@ttyS0]terminal no monitor
2026 Sep 21 22:23:30 user.notice IE520-stk IMISH[14791]: [manager@ttyS0]terminal length 0
2026 Sep 21 22:23:36 user.notice IE520-stk IMISH[14791]: [manager@ttyS0]configure terminal
2026 Sep 21 22:23:37 user.notice IE520-stk IMISH[14791]: [manager@ttyS0]loop-protection loop-detect ldf-interval 1
2026 Sep 21 22:23:38 user.notice IE520-stk IMISH[14791]: [manager@ttyS0]interface port1.0.2
2026 Sep 21 22:23:39 user.notice IE520-stk IMISH[14791]: [manager@ttyS0]loop-protection action port-disable
2026 Sep 21 22:23:41 user.notice IE520-stk IMISH[14791]: [manager@ttyS0]show loop-protection
2026 Sep 21 22:23:43 user.notice IE520-stk IMISH[14791]: [manager@ttyS0]configure terminal
2026 Sep 21 22:23:44 user.notice IE520-stk IMISH[14791]: [manager@ttyS0]loop-protection loop-detect ldf-interval 1
2026 Sep 21 22:23:45 user.notice IE520-stk IMISH[14791]: [manager@ttyS0]interface port1.0.2
2026 Sep 21 22:23:47 user.notice IE520-stk IMISH[14791]: [manager@ttyS0]loop-protection action link-down
2026 Sep 21 22:23:48 user.notice IE520-stk IMISH[14791]: [manager@ttyS0]exit
2026 Sep 21 22:23:50 user.notice IE520-stk IMISH[14791]: [manager@ttyS0]show loop-protection
2026 Sep 21 22:25:03 user.notice IE520-stk IMISH[309]: Last message '[manager@ttyS0]show ' repeated 3 times, suppressed by syslog-ng on IE520-stk
2026 Sep 21 22:25:03 user.notice IE520-stk IMISH[14791]: [manager@ttyS0]show loop-protection
2026 Sep 21 22:26:04 user.notice IE520-stk IMISH[309]: Last message '[manager@ttyS0]show ' repeated 2 times, suppressed by syslog-ng on IE520-stk
2026 Sep 21 22:26:04 user.notice IE520-stk IMISH[14791]: [manager@ttyS0]show interface port1.0.2 status
2026 Sep 21 22:26:08 user.notice IE520-stk IMISH[14791]: [manager@ttyS0]show log tail 25
IE520-stk#  recent log:
    2026 Sep 21 22:23:03 user.notice IE520-stk IMISH[14791]: [manager@ttyS0]show loop-protection
    2026 Sep 21 22:23:07 user.notice IE520-stk IMISH[14791]: [manager@ttyS0]loop-protection action vlan-disable
    2026 Sep 21 22:23:09 user.notice IE520-stk IMISH[14791]: [manager@ttyS0]loop-protection loop-detect ldf-interval 1 fast-block
    2026 Sep 21 22:23:37 user.notice IE520-stk IMISH[14791]: [manager@ttyS0]loop-protection loop-detect ldf-interval 1
    2026 Sep 21 22:23:39 user.notice IE520-stk IMISH[14791]: [manager@ttyS0]loop-protection action port-disable
    2026 Sep 21 22:23:41 user.notice IE520-stk IMISH[14791]: [manager@ttyS0]show loop-protection
    2026 Sep 21 22:23:44 user.notice IE520-stk IMISH[14791]: [manager@ttyS0]loop-protection loop-detect ldf-interval 1
    2026 Sep 21 22:23:47 user.notice IE520-stk IMISH[14791]: [manager@ttyS0]loop-protection action link-down
    2026 Sep 21 22:23:50 user.notice IE520-stk IMISH[14791]: [manager@ttyS0]show loop-protection
    2026 Sep 21 22:25:03 user.notice IE520-stk IMISH[14791]: [manager@ttyS0]show loop-protection

===========================================================================
VERDICT: UNMEASURED -- the action armed correctly, but no real loop was formed.
===========================================================================
The action DID apply, unlike T16452:
      interface port1.0.2 / loop-protection action link-down     -> accepted
      show loop-protection ->  port1.0.2  Yes  link-down  Normal
So `link-down` is compatible with fast-block where `port-disable` is not.

The ring was then closed by `no shutdown` on the AR4050S port1.0.2 and watched
for 90 s. **No loop-protection action fired, and that is expected — the loop
never actually closed.** The x230's own `port1.0.2` carries
`channel-group 1 mode active` from its restored default.cfg, and its `po1` is
notconnect, so that leg does not forward. Bringing the 4050 side up alone
leaves the third edge of the triangle dead.

THIS IS NOT A PRODUCT RESULT. It is an incomplete stimulus, recorded as such
rather than reported as "loop protection failed to fire".

TO CLOSE THIS CASE: remove `channel-group 1` from the x230's port1.0.2 (so the
leg forwards), then close the ring. That creates a genuine L2 loop on a bench
with RSTP disabled on all three devices, with loop-protection `link-down` as
the only safeguard -- which is exactly what the case is testing, but it should
be done deliberately and watched, not as a side effect.
