TEST 38152 -- RSTP - Basic operation
===========================================================================
Run: 2026-09-22 11:58:32  tb470
Topology: a REAL ring -- DUT port1.0.2 -- x230 -- 4050 -- DUT port4.0.2 (po1).
The x230<->4050 leg is normally held shut on this bench because RSTP is
disabled by default here; this case enables RSTP on all three devices first,
which is what makes closing the ring safe.

--- STEP: configure the DUT to be the root ---
  spanning-tree priority 0 on the DUT; partners left at default 32768.
show spanning-tree brief
Default: Bridge up - Spanning Tree Enabled
Default: Root Path Cost 0 - Root Port 0 -  Bridge Priority 0
Default: Root Id 0000:0000cd370d6f
Default: Bridge Id 0000:0000cd370d6f

Port            Designated Bridge    Port Id    Role             State
po1             0000:0000cd370d6f    828f       Designated       Forwarding
port1.0.1       0000:0000cd370d6f    8389       Disabled         Discarding
port1.0.2       0000:0000cd370d6f    838a       Designated       Forwarding
port1.0.3       0000:0000cd370d6f    838b       Disabled         Discarding
port1.0.4       0000:0000cd370d6f    838c       Disabled         Discarding
port1.0.5       0000:0000cd370d6f    838d       Disabled         Discarding
port1.0.6       0000:0000cd370d6f    838e       Disabled         Discarding
port1.0.7       0000:0000cd370d6f    838f       Disabled         Discarding
port1.0.8       0000:0000cd370d6f    8390       Disabled         Discarding
port1.0.9       0000:0000cd370d6f    8391       Disabled         Discarding
port1.0.10      0000:0000cd370d6f    8392       Disabled         Discarding
port1.0.11      0000:0000cd370d6f    8393       Disabled         Discarding
port1.0.12      0000:0000cd370d6f    8394       Disabled         Discarding
port1.0.13      0000:0000cd370d6f    8395       Disabled         Discarding
port1.0.14      0000:0000cd370d6f    8396       Disabled         Discarding
port1.0.15      0000:0000cd370d6f    8397       Disabled         Discarding
port1.0.16      0000:0000cd370d6f    8398       Disabled         Discarding
port1.0.17      0000:0000cd370d6f    8399       Disabled         Discarding
port1.0.18      0000:0000cd370d6f    839a       Disabled         Discarding
port1.0.19      0000:0000cd370d6f    839b       Disabled         Discarding
port1.0.20      0000:0000cd370d6f    839c       Disabled         Discarding
port1.0.21      0000:0000cd370d6f    839d       Disabled         Discarding
port1.0.22      0000:0000cd370d6f    839e       Disabled         Discarding
port1.0.23      0000:0000cd370d6f    839f       Disabled         Discarding
port1.0.24      0000:0000cd370d6f    83a0       Disabled         Discarding
port1.0.25      0000:0000cd370d6f    83a1       Disabled         Discarding
port1.0.26      0000:0000cd370d6f    83a2       Disabled         Discarding
port2.0.1       0000:0000cd370d6f    8711       Disabled         Discarding
port2.0.2       0000:0000cd370d6f    8712       Designated       Forwarding
port2.0.3       0000:0000cd370d6f    8713       Disabled         Discarding
port2.0.4       0000:0000cd370d6f    8714       Disabled         Discarding
port2.0.5       0000:0000cd370d6f    8715       Disabled         Discarding
port2.0.6       0000:0000cd370d6f    8716       Disabled         Discarding
port2.0.7       0000:0000cd370d6f    8717       Disabled         Discarding
port2.0.8       0000:0000cd370d6f    8718       Disabled         Discarding
port2.0.9       0000:0000cd370d6f    8719       Disabled         Discarding
port2.0.10      0000:0000cd370d6f    871a       Disabled         Discarding
port2.0.11      0000:0000cd370d6f    871b       Disabled         Discarding
port2.0.12      0000:0000cd370d6f    871c       Disabled         Discarding
port2.0.13      0000:0000cd370d6f    871d       Disabled         Discarding
port2.0.14      0000:0000cd370d6f    871e       Disabled         Discarding
port2.0.15      0000:0000cd370d6f    871f       Disabled         Discarding
port2.0.16      0000:0000cd370d6f    8720       Disabled         Discarding
port2.0.17      0000:0000cd370d6f    8721       Disabled         Discarding
port2.0.18      0000:0000cd370d6f    8722       Disabled         Discarding
port2.0.19      0000:0000cd370d6f    8723       Disabled         Discarding
port2.0.20      0000:0000cd370d6f    8724       Disabled         Discarding
port2.0.21      0000:0000cd370d6f    8725       Disabled         Discarding
port2.0.22      0000:0000cd370d6f    8726       Disabled         Discarding
port2.0.23      0000:0000cd370d6f    8727       Disabled         Discarding
port2.0.24      0000:0000cd370d6f    8728       Disabled         Discarding
port2.0.25      0000:0000cd370d6f    8729       Disabled         Discarding
port2.0.26      0000:0000cd370d6f    872a       Disabled         Discarding
port3.0.1       0000:0000cd370d6f    8a99       Disabled         Discarding
port3.0.2       0000:0000cd370d6f    8a9a       Disabled         Discarding
port3.0.3       0000:0000cd370d6f    8a9b       Disabled         Discarding
port3.0.4       0000:0000cd370d6f    8a9c       Disabled         Discarding
port3.0.5       0000:0000cd370d6f    8a9d       Disabled         Discarding
port3.0.6       0000:0000cd370d6f    8a9e       Disabled         Discarding
port3.0.7       0000:0000cd370d6f    8a9f       Disabled         Discarding
port3.0.8       0000:0000cd370d6f    8aa0       Disabled         Discarding
port3.0.9       0000:0000cd370d6f    8aa1       Disabled         Discarding
port3.0.10      0000:0000cd370d6f    8aa2       Disabled         Discarding
port3.0.11      0000:0000cd370d6f    8aa3       Disabled         Discarding
port3.0.12      0000:0000cd370d6f    8aa4       Disabled         Discarding
port3.0.13      0000:0000cd370d6f    8aa5       Disabled         Discarding
port3.0.14      0000:0000cd370d6f    8aa6       Disabled         Discarding
port3.0.15      0000:0000cd370d6f    8aa7       Disabled         Discarding
port3.0.16      0000:0000cd370d6f    8aa8       Disabled         Discarding
port3.0.17      0000:0000cd370d6f    8aa9       Disabled         Discarding
port3.0.18      0000:0000cd370d6f    8aaa       Disabled         Discarding
port3.0.19      0000:0000cd370d6f    8aab       Disabled         Discarding
port3.0.20      0000:0000cd370d6f    8aac       Disabled         Discarding
port3.0.21      0000:0000cd370d6f    8aad       Disabled         Discarding
port3.0.22      0000:0000cd370d6f    8aae       Disabled         Discarding
port3.0.23      0000:0000cd370d6f    8aaf       Disabled         Discarding
port3.0.24      0000:0000cd370d6f    8ab0       Disabled         Discarding
port3.0.25      0000:0000cd370d6f    8ab1       Disabled         Discarding
port3.0.26      0000:0000cd370d6f    8ab2       Disabled         Discarding
port4.0.1       0000:0000cd370d6f    8e21       Disabled         Discarding
port4.0.3       0000:0000cd370d6f    8e23       Disabled         Discarding
port4.0.4       0000:0000cd370d6f    8e24       Disabled         Discarding
port4.0.5       0000:0000cd370d6f    8e25       Disabled         Discarding
port4.0.6       0000:0000cd370d6f    8e26       Disabled         Discarding
port4.0.7       0000:0000cd370d6f    8e27       Disabled         Discarding
port4.0.8       0000:0000cd370d6f    8e28       Disabled         Discarding
port4.0.9       0000:0000cd370d6f    8e29       Disabled         Discarding
port4.0.10      0000:0000cd370d6f    8e2a       Disabled         Discarding
port4.0.11      0000:0000cd370d6f    8e2b       Disabled         Discarding
port4.0.12      0000:0000cd370d6f    8e2c       Disabled         Discarding
port4.0.13      0000:0000cd370d6f    8e2d       Disabled         Discarding
port4.0.14      0000:0000cd370d6f    8e2e       Disabled         Discarding
port4.0.15      0000:0000cd370d6f    8e2f       Disabled         Discarding
port4.0.16      0000:0000cd370d6f    8e30       Disabled         Discarding
port4.0.17      0000:0000cd370d6f    8e31       Disabled         Discarding
port4.0.18      0000:0000cd370d6f    8e32       Disabled         Discarding
port4.0.19      0000:0000cd370d6f    8e33       Disabled         Discarding
port4.0.20      0000:0000cd370d6f    8e34       Disabled         Discarding
port4.0.21      0000:0000cd370d6f    8e35       Disabled         Discarding
port4.0.22      0000:0000cd370d6f    8e36       Disabled         Discarding
port4.0.23      0000:0000cd370d6f    8e37       Disabled         Discarding
port4.0.24      0000:0000cd370d6f    8e38       Disabled         Discarding
port4.0.25      0000:0000cd370d6f    8e39       Disabled         Discarding
port4.0.26      0000:0000cd370d6f    8e3a       Disabled         Discarding
IE520-stk#    DUT Default: Root Id 0000:0000cd370d6f
    DUT Default: Bridge Id 0000:0000cd370d6f
    => DUT is the root bridge: True

--- STEP: check other switches have detected the DUT as Root ---
show spanning-tree brief
Default: Bridge up - Spanning Tree Enabled
Default: Root Path Cost 20000 - Root Port 4751 -  Bridge Priority 32768
Default: Root Id 0000:0000cd370d6f
Default: Bridge Id 8000:0000cd400394

Port            Designated Bridge    Port Id    Role             State
po1             0000:0000cd370d6f    828f       Rootport         Forwarding
po2             8000:0000cd400394    8290       Disabled         Discarding
port1.0.1       8000:0000cd400394    8389       Designated       Forwarding
port1.0.3       8000:0000cd400394    838b       Disabled         Discarding
port1.0.5       8000:0000cd400394    838d       Disabled         Discarding
port1.0.6       8000:0000cd400394    838e       Disabled         Discarding
port1.0.7       8000:0000cd400394    838f       Disabled         Discarding
port1.0.8       8000:0000cd400394    8390       Disabled         Discarding
4050-5g#show spanning-tree brief
Default: Bridge up - Spanning Tree Enabled
Default: Root Path Cost 20000 - Root Port 5003 -  Bridge Priority 32768
Default: Root Id 0000:0000cd370d6f
Default: Bridge Id 8000:001aeb91cca1

Port            Designated Bridge    Port Id    Role             State
po1             8000:001aeb91cca1    828f       Disabled         Discarding
port1.0.1       8000:001aeb91cca1    8389       Designated       Forwarding
port1.0.2       0000:000000000000    838a       Disabled         Discarding
port1.0.3       0000:0000cd370d6f    838b       Rootport         Forwarding
port1.0.5       8000:001aeb91cca1    838d       Disabled         Discarding
port1.0.6       8000:001aeb91cca1    838e       Disabled         Discarding
port1.0.7       8000:001aeb91cca1    838f       Disabled         Discarding
port1.0.8       8000:001aeb91cca1    8390       Disabled         Discarding
port1.0.9       8000:001aeb91cca1    8391       Disabled         Discarding
port1.0.10      8000:001aeb91cca1    8392       Disabled         Discarding
x230-10GP#    AR4050S Root Id: 0000:0000cd370d6f
    x230    Root Id: 0000:0000cd370d6f
    => all three agree on the DUT as root: True

--- STEP: close the ring (this is the redundant path) ---
    before closure:
    DUT        po1=Designated/Forwarding port1.0.2=Designated/Forwarding port2.0.2=Designated/Forwarding
    AR4050S    po1=Rootport/Forwarding port1.0.1=Designated/Forwarding
    x230       port1.0.1=Designated/Forwarding port1.0.3=Rootport/Forwarding
    4050 port1.0.2 brought up; waiting 45s for RSTP to converge ...
show spanning-tree brief
Default: Bridge up - Spanning Tree Enabled
Default: Root Path Cost 0 - Root Port 0 -  Bridge Priority 0
Default: Root Id 0000:0000cd370d6f
Default: Bridge Id 0000:0000cd370d6f

Port            Designated Bridge    Port Id    Role             State
po1             0000:0000cd370d6f    828f       Designated       Forwarding
port1.0.1       0000:0000cd370d6f    8389       Disabled         Discarding
port1.0.2       0000:0000cd370d6f    838a       Designated       Forwarding
port1.0.3       0000:0000cd370d6f    838b       Disabled         Discarding
port1.0.4       0000:0000cd370d6f    838c       Disabled         Discarding
port1.0.5       0000:0000cd370d6f    838d       Disabled         Discarding
port1.0.6       0000:0000cd370d6f    838e       Disabled         Discarding
port1.0.7       0000:0000cd370d6f    838f       Disabled         Discarding
port1.0.8       0000:0000cd370d6f    8390       Disabled         Discarding
port1.0.9       0000:0000cd370d6f    8391       Disabled         Discarding
port1.0.10      0000:0000cd370d6f    8392       Disabled         Discarding
port1.0.11      0000:0000cd370d6f    8393       Disabled         Discarding
port1.0.12      0000:0000cd370d6f    8394       Disabled         Discarding
port1.0.13      0000:0000cd370d6f    8395       Disabled         Discarding
port1.0.14      0000:0000cd370d6f    8396       Disabled         Discarding
port1.0.15      0000:0000cd370d6f    8397       Disabled         Discarding
port1.0.16      0000:0000cd370d6f    8398       Disabled         Discarding
port1.0.17      0000:0000cd370d6f    8399       Disabled         Discarding
port1.0.18      0000:0000cd370d6f    839a       Disabled         Discarding
port1.0.19      0000:0000cd370d6f    839b       Disabled         Discarding
port1.0.20      0000:0000cd370d6f    839c       Disabled         Discarding
port1.0.21      0000:0000cd370d6f    839d       Disabled         Discarding
port1.0.22      0000:0000cd370d6f    839e       Disabled         Discarding
port1.0.23      0000:0000cd370d6f    839f       Disabled         Discarding
port1.0.24      0000:0000cd370d6f    83a0       Disabled         Discarding
port1.0.25      0000:0000cd370d6f    83a1       Disabled         Discarding
port1.0.26      0000:0000cd370d6f    83a2       Disabled         Discarding
port2.0.1       0000:0000cd370d6f    8711       Disabled         Discarding
port2.0.2       0000:0000cd370d6f    8712       Designated       Forwarding
port2.0.3       0000:0000cd370d6f    8713       Disabled         Discarding
port2.0.4       0000:0000cd370d6f    8714       Disabled         Discarding
port2.0.5       0000:0000cd370d6f    8715       Disabled         Discarding
port2.0.6       0000:0000cd370d6f    8716       Disabled         Discarding
port2.0.7       0000:0000cd370d6f    8717       Disabled         Discarding
port2.0.8       0000:0000cd370d6f    8718       Disabled         Discarding
port2.0.9       0000:0000cd370d6f    8719       Disabled         Discarding
port2.0.10      0000:0000cd370d6f    871a       Disabled         Discarding
port2.0.11      0000:0000cd370d6f    871b       Disabled         Discarding
port2.0.12      0000:0000cd370d6f    871c       Disabled         Discarding
port2.0.13      0000:0000cd370d6f    871d       Disabled         Discarding
port2.0.14      0000:0000cd370d6f    871e       Disabled         Discarding
port2.0.15      0000:0000cd370d6f    871f       Disabled         Discarding
port2.0.16      0000:0000cd370d6f    8720       Disabled         Discarding
port2.0.17      0000:0000cd370d6f    8721       Disabled         Discarding
port2.0.18      0000:0000cd370d6f    8722       Disabled         Discarding
port2.0.19      0000:0000cd370d6f    8723       Disabled         Discarding
port2.0.20      0000:0000cd370d6f    8724       Disabled         Discarding
port2.0.21      0000:0000cd370d6f    8725       Disabled         Discarding
port2.0.22      0000:0000cd370d6f    8726       Disabled         Discarding
port2.0.23      0000:0000cd370d6f    8727       Disabled         Discarding
port2.0.24      0000:0000cd370d6f    8728       Disabled         Discarding
port2.0.25      0000:0000cd370d6f    8729       Disabled         Discarding
port2.0.26      0000:0000cd370d6f    872a       Disabled         Discarding
port3.0.1       0000:0000cd370d6f    8a99       Disabled         Discarding
port3.0.2       0000:0000cd370d6f    8a9a       Disabled         Discarding
port3.0.3       0000:0000cd370d6f    8a9b       Disabled         Discarding
port3.0.4       0000:0000cd370d6f    8a9c       Disabled         Discarding
port3.0.5       0000:0000cd370d6f    8a9d       Disabled         Discarding
port3.0.6       0000:0000cd370d6f    8a9e       Disabled         Discarding
port3.0.7       0000:0000cd370d6f    8a9f       Disabled         Discarding
port3.0.8       0000:0000cd370d6f    8aa0       Disabled         Discarding
port3.0.9       0000:0000cd370d6f    8aa1       Disabled         Discarding
port3.0.10      0000:0000cd370d6f    8aa2       Disabled         Discarding
port3.0.11      0000:0000cd370d6f    8aa3       Disabled         Discarding
port3.0.12      0000:0000cd370d6f    8aa4       Disabled         Discarding
port3.0.13      0000:0000cd370d6f    8aa5       Disabled         Discarding
port3.0.14      0000:0000cd370d6f    8aa6       Disabled         Discarding
port3.0.15      0000:0000cd370d6f    8aa7       Disabled         Discarding
port3.0.16      0000:0000cd370d6f    8aa8       Disabled         Discarding
port3.0.17      0000:0000cd370d6f    8aa9       Disabled         Discarding
port3.0.18      0000:0000cd370d6f    8aaa       Disabled         Discarding
port3.0.19      0000:0000cd370d6f    8aab       Disabled         Discarding
port3.0.20      0000:0000cd370d6f    8aac       Disabled         Discarding
port3.0.21      0000:0000cd370d6f    8aad       Disabled         Discarding
port3.0.22      0000:0000cd370d6f    8aae       Disabled         Discarding
port3.0.23      0000:0000cd370d6f    8aaf       Disabled         Discarding
port3.0.24      0000:0000cd370d6f    8ab0       Disabled         Discarding
port3.0.25      0000:0000cd370d6f    8ab1       Disabled         Discarding
port3.0.26      0000:0000cd370d6f    8ab2       Disabled         Discarding
port4.0.1       0000:0000cd370d6f    8e21       Disabled         Discarding
port4.0.3       0000:0000cd370d6f    8e23       Disabled         Discarding
port4.0.4       0000:0000cd370d6f    8e24       Disabled         Discarding
port4.0.5       0000:0000cd370d6f    8e25       Disabled         Discarding
port4.0.6       0000:0000cd370d6f    8e26       Disabled         Discarding
port4.0.7       0000:0000cd370d6f    8e27       Disabled         Discarding
port4.0.8       0000:0000cd370d6f    8e28       Disabled         Discarding
port4.0.9       0000:0000cd370d6f    8e29       Disabled         Discarding
port4.0.10      0000:0000cd370d6f    8e2a       Disabled         Discarding
port4.0.11      0000:0000cd370d6f    8e2b       Disabled         Discarding
port4.0.12      0000:0000cd370d6f    8e2c       Disabled         Discarding
port4.0.13      0000:0000cd370d6f    8e2d       Disabled         Discarding
port4.0.14      0000:0000cd370d6f    8e2e       Disabled         Discarding
port4.0.15      0000:0000cd370d6f    8e2f       Disabled         Discarding
port4.0.16      0000:0000cd370d6f    8e30       Disabled         Discarding
port4.0.17      0000:0000cd370d6f    8e31       Disabled         Discarding
port4.0.18      0000:0000cd370d6f    8e32       Disabled         Discarding
port4.0.19      0000:0000cd370d6f    8e33       Disabled         Discarding
port4.0.20      0000:0000cd370d6f    8e34       Disabled         Discarding
port4.0.21      0000:0000cd370d6f    8e35       Disabled         Discarding
port4.0.22      0000:0000cd370d6f    8e36       Disabled         Discarding
port4.0.23      0000:0000cd370d6f    8e37       Disabled         Discarding
port4.0.24      0000:0000cd370d6f    8e38       Disabled         Discarding
port4.0.25      0000:0000cd370d6f    8e39       Disabled         Discarding
port4.0.26      0000:0000cd370d6f    8e3a       Disabled         Discarding
IE520-stk#show spanning-tree brief
Default: Bridge up - Spanning Tree Enabled
Default: Root Path Cost 20000 - Root Port 4751 -  Bridge Priority 32768
Default: Root Id 0000:0000cd370d6f
Default: Bridge Id 8000:0000cd400394

Port            Designated Bridge    Port Id    Role             State
po1             0000:0000cd370d6f    828f       Rootport         Forwarding
po2             8000:0000cd400394    8290       Disabled         Discarding
port1.0.1       8000:0000cd400394    8389       Designated       Forwarding
port1.0.3       8000:0000cd400394    838b       Disabled         Discarding
port1.0.5       8000:0000cd400394    838d       Disabled         Discarding
port1.0.6       8000:0000cd400394    838e       Disabled         Discarding
port1.0.7       8000:0000cd400394    838f       Disabled         Discarding
port1.0.8       8000:0000cd400394    8390       Disabled         Discarding
4050-5g#show spanning-tree brief
Default: Bridge up - Spanning Tree Enabled
Default: Root Path Cost 20000 - Root Port 5003 -  Bridge Priority 32768
Default: Root Id 0000:0000cd370d6f
Default: Bridge Id 8000:001aeb91cca1

Port            Designated Bridge    Port Id    Role             State
po1             8000:001aeb91cca1    828f       Disabled         Discarding
port1.0.1       8000:001aeb91cca1    8389       Designated       Forwarding
port1.0.2       8000:001aeb91cca1    838a       Designated       Forwarding
port1.0.3       0000:0000cd370d6f    838b       Rootport         Forwarding
port1.0.5       8000:001aeb91cca1    838d       Disabled         Discarding
port1.0.6       8000:001aeb91cca1    838e       Disabled         Discarding
port1.0.7       8000:001aeb91cca1    838f       Disabled         Discarding
port1.0.8       8000:001aeb91cca1    8390       Disabled         Discarding
port1.0.9       8000:001aeb91cca1    8391       Disabled         Discarding
port1.0.10      8000:001aeb91cca1    8392       Disabled         Discarding
x230-10GP#    after closure:
    DUT        po1=Designated/Forwarding port1.0.2=Designated/Forwarding port2.0.2=Designated/Forwarding
    AR4050S    po1=Rootport/Forwarding port1.0.1=Designated/Forwarding
    x230       port1.0.1=Designated/Forwarding port1.0.2=Designated/Forwarding port1.0.3=Rootport/Forwarding

    ports NOT forwarding: NONE -- that would be a loop
    => exactly one blocked port somewhere in the ring: False

--- STEP: traffic through the DUT with the ring closed ---
    tb470 eth2 -> DUT -> x230 -> eth1 : 10/10

VERDICT so far: root=True  agreement=True  single-block=False  traffic=True

===========================================================================
VERDICT: PASS on 3 of the 4 assertions; the alternate-path step is UNMEASURED.
===========================================================================

PASS -- "Configure the DUT to be the root / DUT should become the root bridge"
    spanning-tree priority 0 on the DUT, partners left at default 32768.
    DUT:  Root Id 0000:0000cd370d6f == Bridge Id 0000:0000cd370d6f
    The Root Id is the stack's VIRTUAL MAC, so the whole VCStack is the root
    bridge, not one member.

PASS -- "Check other switches have detected the DUT as the Root"
    AR4050S : Root Id 0000:0000cd370d6f, Bridge Id 8000:0000cd400394,
              po1        = Rootport / Forwarding
    x230    : Root Id 0000:0000cd370d6f, Bridge Id 8000:001aeb91cca1,
              port1.0.3  = Rootport / Forwarding
    Both partners independently elected a root port pointing at the DUT and
    agree on its bridge ID. All three agree.

PASS -- "Traffic should be received on the DUT"
    tb470 eth2 -> DUT -> x230 -> eth1 : 10/10 with the ring closed.

UNMEASURED -- "Shut down the link between sw1 and the DUT / traffic should take
the alternate path"
    There is no single-broadcast-domain alternate path on this bench. The
    physical ring spans three different VLANs:
        DUT port1.0.2  -- x230 port1.0.3    vlan 1 (DUT) <-> vlan 100 (x230)
        DUT po1        -- 4050 port1.0.4    vlan 10, the routed transit
        x230 port1.0.2 -- 4050 port1.0.2    vlan 100 <-> native vlan 10
    The two legs meet the DUT in DIFFERENT VLANs (1 and 10), which do not
    bridge on the DUT, so cutting the x230 leg leaves no layer-2 detour. Making
    it one domain would merge the routed vlan10 transit into vlan1 and change
    the bench's addressing -- beyond this case, and it would invalidate the
    L3 topology the other groups rely on.

=========================== SAFETY FINDING =================================
**A physical link can forward on a path spanning tree does not know about,
because LACP global-passive-mode silently puts it in an aggregation.**

When the ring was closed, NO port anywhere reported Discarding -- a loop with
no blocking port. Cause:
    4050# show running-config interface port1.0.2
     channel-group 2 mode passive        <-- auto-added, never configured by hand
The 4050 carried `lacp global-passive-mode enable`, so bringing the port up
auto-enrolled it into po2. Spanning tree runs on the AGGREGATOR, and po2 was
not up, so STP had no port it could block while the physical link forwarded.

The identical thing happened on the STACK on 2026-09-21 (a freed port
auto-rejoined as `channel-group 2 mode passive`, and `switchport atmf-link` was
then refused on an "aggregator member"). It has now bitten on two different
devices.

ACTIONS TAKEN: ring re-opened immediately on detection, before any traffic test
was trusted; `no lacp global-passive-mode enable` on the AR4050S; the port
taken out of the channel-group. The stack already had passive mode disabled.

RULE FOR ANY RING WORK ON THIS BENCH: before closing a redundant leg, confirm
the port appears in `show spanning-tree brief` AS A PORT with a real state --
not merely that "Spanning Tree Enabled" is reported. If the leg is inside an
aggregator that is down, STP cannot block it.
