
===== opened /dev/u5 at 2026-09-22 10:19:54 =====

IE520-stk#
>>> terminal length 0
terminal length 0
IE520-stk#
>>> terminal no monitor
terminal no monitor
IE520-stk#
>>> terminal length 0
terminal length 0
IE520-stk#configure terminal
Enter configuration commands, one per line.  End with CNTL/Z.
IE520-stk(config)#interface port1.0.2
IE520-stk(config-if)#loop-protection action ?
  learn-disable  disable mac address learning
  link-down      block all traffic on an interface - link down
  log-only       do not perform any action on port. Just log loop condition
  none           no loop protection action
  port-disable   block all traffic on an interface - link remains up
  vlan-disable   block all traffic on a vlan

[K[44CIE520-stk(config-if)#loop-protection action 

IE520-stk#end
            ^
% Invalid input detected at '^' marker.

IE520-stk#