
===== opened /dev/u5 at 2026-09-22 12:20:16 =====

IE520-stk#
>>> terminal length 0
terminal length 0
IE520-stk#
>>> terminal no monitor
terminal no monitor
IE520-stk#
>>> terminal length 0
terminal length 0
IE520-stk#
>>> configure terminal
configure terminal
Enter configuration commands, one per line.  End with CNTL/Z.
IE520-stk(config)#
>>> spanning-tree mode mstp
spanning-tree mode mstp
IE520-stk(config)#
>>> spanning-tree mstp enable
spanning-tree mstp enable
IE520-stk(config)#
>>> spanning-tree priority 0
spanning-tree priority 0
IE520-stk(config)#
>>> end
end
IE520-stk#
>>> show spanning-tree brief
show spanning-tree brief
Default: Bridge up - Spanning Tree Enabled
Default: CIST Root Path Cost 0 - CIST Root Port 0 -  CIST Bridge Priority 0
Default: CIST Root Id 0000:0000cd370d6f
Default: CIST Reg Root Id 0000:0000cd370d6f
Default: CIST Bridge Id 0000:0000cd370d6f

Port            Designated Bridge    Port Id    Role             State
po1             0000:0000cd370d6f    828f       Designated       Learning
port1.0.1       0000:0000cd370d6f    8389       Disabled         Discarding
port1.0.2       0000:0000cd370d6f    838a       Designated       Learning
port1.0.3       0000:0000cd370d6f    838b       Disabled         Discarding
port1.0.4       0000:0000cd370d6f    838c       Disabled         Discarding
port1.0.5       0000:0000cd370d6f    838d       Disabled         Discarding
port1.0.6       0000:0000cd370d6f    838e       Disabled         Discarding
port1.0.7       0000:0000cd370d6f    838f       Disabled         Discarding
port1.0.8       0000:0000cd370d6f    8390       Disabled         Discarding
port1.0.9       0000:0000cd370d6f    8391       Disabled         Discarding
port1.0.10      0000:0000cd370d6f    8392       Disabled         Discarding
port1.0.11      0000:0000cd370d6f    8393       Disabled         Discarding
port1.0.12      0000:0000cd370d6f    8394       Disabled         Discarding
port1.0.13      0000:0000cd370d6f    8395       Disabled         Discarding
port1.0.14      0000:0000cd370d6f    8396       Disabled         Discarding
port1.0.15      0000:0000cd370d6f    8397       Disabled         Discarding
port1.0.16      0000:0000cd370d6f    8398       Disabled         Discarding
port1.0.17      0000:0000cd370d6f    8399       Disabled         Discarding
port1.0.18      0000:0000cd370d6f    839a       Disabled         Discarding
port1.0.19      0000:0000cd370d6f    839b       Disabled         Discarding
port1.0.20      0000:0000cd370d6f    839c       Disabled         Discarding
port1.0.21      0000:0000cd370d6f    839d       Disabled         Discarding
port1.0.22      0000:0000cd370d6f    839e       Disabled         Discarding
port1.0.23      0000:0000cd370d6f    839f       Disabled         Discarding
port1.0.24      0000:0000cd370d6f    83a0       Disabled         Discarding
port1.0.25      0000:0000cd370d6f    83a1       Disabled         Discarding
port1.0.26      0000:0000cd370d6f    83a2       Disabled         Discarding
port2.0.1       0000:0000cd370d6f    8711       Disabled         Discarding
port2.0.2       0000:0000cd370d6f    8712       Designated       Forwarding
port2.0.3       0000:0000cd370d6f    8713       Disabled         Discarding
port2.0.4       0000:0000cd370d6f    8714       Disabled         Discarding
port2.0.5       0000:0000cd370d6f    8715       Disabled         Discarding
port2.0.6       0000:0000cd370d6f    8716       Disabled         Discarding
port2.0.7       0000:0000cd370d6f    8717       Disabled         Discarding
port2.0.8       0000:0000cd370d6f    8718       Disabled         Discarding
port2.0.9       0000:0000cd370d6f    8719       Disabled         Discarding
port2.0.10      0000:0000cd370d6f    871a       Disabled         Discarding
port2.0.11      0000:0000cd370d6f    871b       Disabled         Discarding
port2.0.12      0000:0000cd370d6f    871c       Disabled         Discarding
port2.0.13      0000:0000cd370d6f    871d       Disabled         Discarding
port2.0.14      0000:0000cd370d6f    871e       Disabled         Discarding
port2.0.15      0000:0000cd370d6f    871f       Disabled         Discarding
port2.0.16      0000:0000cd370d6f    8720       Disabled         Discarding
port2.0.17      0000:0000cd370d6f    8721       Disabled         Discarding
port2.0.18      0000:0000cd370d6f    8722       Disabled         Discarding
port2.0.19      0000:0000cd370d6f    8723       Disabled         Discarding
port2.0.20      0000:0000cd370d6f    8724       Disabled         Discarding
port2.0.21      0000:0000cd370d6f    8725       Disabled         Discarding
port2.0.22      0000:0000cd370d6f    8726       Disabled         Discarding
port2.0.23      0000:0000cd370d6f    8727       Disabled         Discarding
port2.0.24      0000:0000cd370d6f    8728       Disabled         Discarding
port2.0.25      0000:0000cd370d6f    8729       Disabled         Discarding
port2.0.26      0000:0000cd370d6f    872a       Disabled         Discarding
port3.0.1       0000:0000cd370d6f    8a99       Disabled         Discarding
port3.0.2       0000:0000cd370d6f    8a9a       Disabled         Discarding
port3.0.3       0000:0000cd370d6f    8a9b       Disabled         Discarding
port3.0.4       0000:0000cd370d6f    8a9c       Disabled         Discarding
port3.0.5       0000:0000cd370d6f    8a9d       Disabled         Discarding
port3.0.6       0000:0000cd370d6f    8a9e       Disabled         Discarding
port3.0.7       0000:0000cd370d6f    8a9f       Disabled         Discarding
port3.0.8       0000:0000cd370d6f    8aa0       Disabled         Discarding
port3.0.9       0000:0000cd370d6f    8aa1       Disabled         Discarding
port3.0.10      0000:0000cd370d6f    8aa2       Disabled         Discarding
port3.0.11      0000:0000cd370d6f    8aa3       Disabled         Discarding
port3.0.12      0000:0000cd370d6f    8aa4       Disabled         Discarding
port3.0.13      0000:0000cd370d6f    8aa5       Disabled         Discarding
port3.0.14      0000:0000cd370d6f    8aa6       Disabled         Discarding
port3.0.15      0000:0000cd370d6f    8aa7       Disabled         Discarding
port3.0.16      0000:0000cd370d6f    8aa8       Disabled         Discarding
port3.0.17      0000:0000cd370d6f    8aa9       Disabled         Discarding
port3.0.18      0000:0000cd370d6f    8aaa       Disabled         Discarding
port3.0.19      0000:0000cd370d6f    8aab       Disabled         Discarding
port3.0.20      0000:0000cd370d6f    8aac       Disabled         Discarding
port3.0.21      0000:0000cd370d6f    8aad       Disabled         Discarding
port3.0.22      0000:0000cd370d6f    8aae       Disabled         Discarding
port3.0.23      0000:0000cd370d6f    8aaf       Disabled         Discarding
port3.0.24      0000:0000cd370d6f    8ab0       Disabled         Discarding
port3.0.25      0000:0000cd370d6f    8ab1       Disabled         Discarding
port3.0.26      0000:0000cd370d6f    8ab2       Disabled         Discarding
port4.0.1       0000:0000cd370d6f    8e21       Disabled         Discarding
port4.0.3       0000:0000cd370d6f    8e23       Disabled         Discarding
port4.0.4       0000:0000cd370d6f    8e24       Disabled         Discarding
port4.0.5       0000:0000cd370d6f    8e25       Disabled         Discarding
port4.0.6       0000:0000cd370d6f    8e26       Disabled         Discarding
port4.0.7       0000:0000cd370d6f    8e27       Disabled         Discarding
port4.0.8       0000:0000cd370d6f    8e28       Disabled         Discarding
port4.0.9       0000:0000cd370d6f    8e29       Disabled         Discarding
port4.0.10      0000:0000cd370d6f    8e2a       Disabled         Discarding
port4.0.11      0000:0000cd370d6f    8e2b       Disabled         Discarding
port4.0.12      0000:0000cd370d6f    8e2c       Disabled         Discarding
port4.0.13      0000:0000cd370d6f    8e2d       Disabled         Discarding
port4.0.14      0000:0000cd370d6f    8e2e       Disabled         Discarding
port4.0.15      0000:0000cd370d6f    8e2f       Disabled         Discarding
port4.0.16      0000:0000cd370d6f    8e30       Disabled         Discarding
port4.0.17      0000:0000cd370d6f    8e31       Disabled         Discarding
port4.0.18      0000:0000cd370d6f    8e32       Disabled         Discarding
port4.0.19      0000:0000cd370d6f    8e33       Disabled         Discarding
port4.0.20      0000:0000cd370d6f    8e34       Disabled         Discarding
port4.0.21      0000:0000cd370d6f    8e35       Disabled         Discarding
port4.0.22      0000:0000cd370d6f    8e36       Disabled         Discarding
port4.0.23      0000:0000cd370d6f    8e37       Disabled         Discarding
port4.0.24      0000:0000cd370d6f    8e38       Disabled         Discarding
port4.0.25      0000:0000cd370d6f    8e39       Disabled         Discarding
port4.0.26      0000:0000cd370d6f    8e3a       Disabled         Discarding
IE520-stk#
>>> show spanning-tree mst
show spanning-tree mst
% Default: Bridge up - Spanning Tree Enabled  - topology change detected
% Default: CIST Root Path Cost 0 - CIST Root Port 0 -  CIST Bridge Priority 0
% Default: Forward Delay 15 - Hello Time 2 - Max Age 20 - Transmit Hold Count 6 - Max-hops 20
% Default: CIST Root Id 00000000cd370d6f
% Default: CIST Reg Root Id 00000000cd370d6f
% Default: CIST Bridge Id 00000000cd370d6f
% Default: CIST 1 topology change(s)  - last topology change Tue Sep 22 00:20:44 2026

% Default: portfast bpdu-filter disabled
% Default: portfast bpdu-guard disabled
% Default: portfast errdisable timeout disabled
% Default: portfast errdisable timeout interval 300 sec
% 
%   Instance        VLAN
%   0:              1, 10
IE520-stk#