
===== opened /dev/u5 at 2026-09-22 10:49:05 =====

IE520-stk#
>>> terminal length 0
terminal length 0
IE520-stk#
>>> terminal no monitor
terminal no monitor
IE520-stk#
>>> terminal length 0
terminal length 0
IE520-stk#
>>> show mac address-table
show mac address-table
VLAN port             mac            fwd 
1    port2.0.2    0000.aabb.ccdd   forward       dynamic
1    CPU          0000.cd37.0d6f   forward       static 
1    port1.0.2    00f0.4d00.7716   forward       dynamic
10   CPU          0000.cd37.0d6f   forward       static 
10   po1          0200.cd40.0394   forward       dynamic
4092 CPU          7eaa.88e6.b933   forward       static 
4092 CPU          a655.c628.eee1   forward       static 
IE520-stk#
>>> show mac address-table
show mac address-table
VLAN port             mac            fwd 
1    port1.0.2    0000.aabb.ccdd   forward       dynamic
1    CPU          0000.cd37.0d6f   forward       static 
1    port1.0.2    00f0.4d00.7716   forward       dynamic
10   CPU          0000.cd37.0d6f   forward       static 
10   po1          0200.cd40.0394   forward       dynamic
4092 CPU          7eaa.88e6.b933   forward       static 
4092 CPU          a655.c628.eee1   forward       static 
IE520-stk#
>>> show mac address-table
show mac address-table
VLAN port             mac            fwd 
1    port2.0.2    0000.aabb.ccdd   forward       dynamic
1    CPU          0000.cd37.0d6f   forward       static 
1    port1.0.2    00f0.4d00.7716   forward       dynamic
10   CPU          0000.cd37.0d6f   forward       static 
10   po1          0200.cd40.0394   forward       dynamic
4092 CPU          7eaa.88e6.b933   forward       static 
4092 CPU          a655.c628.eee1   forward       static 
IE520-stk#
>>> show log tail 15
show log tail 15
7[r[999;999H[6n
<date> <time> <facility>.<severity> <program[<pid>]>: <message>
-------------------------------------------------------------------------
2026 Sep 21 22:47:26 user.notice IE520-stk IMISH[14791]: [manager@ttyS0]no storm-control multicast level
2026 Sep 21 22:47:27 user.notice IE520-stk IMISH[14791]: [manager@ttyS0]exit
2026 Sep 21 22:47:29 user.notice IE520-stk IMISH[14791]: [manager@ttyS0]configure terminal
2026 Sep 21 22:47:31 user.notice IE520-stk IMISH[14791]: [manager@ttyS0]interface port2.0.2
2026 Sep 21 22:47:32 user.notice IE520-stk IMISH[14791]: [manager@ttyS0]no static-channel-group
2026 Sep 21 22:47:32 user.notice IE520-stk NSM[689]: Port down notification received for sa1 
2026 Sep 21 22:47:33 user.notice IE520-stk IMISH[14791]: [manager@ttyS0]exit
2026 Sep 21 22:47:47 user.notice IE520-stk IMISH[14791]: [manager@ttyS0]show storm-control
2026 Sep 21 22:47:49 user.notice IE520-stk IMISH[14791]: [manager@ttyS0]show running-config interface port2.0.2
2026 Sep 21 22:49:06 user.notice IE520-stk IMISH[14791]: [manager@ttyS0]terminal length 0
2026 Sep 21 22:49:07 user.notice IE520-stk IMISH[14791]: [manager@ttyS0]terminal no monitor
2026 Sep 21 22:49:08 user.notice IE520-stk IMISH[14791]: [manager@ttyS0]terminal length 0
2026 Sep 21 22:49:17 user.notice IE520-stk IMISH[14791]: [manager@ttyS0]show mac address-table
2026 Sep 21 22:49:38 user.notice IE520-stk IMISH[309]: Last message '[manager@ttyS0]show ' repeated 2 times, suppressed by syslog-ng on IE520-stk
2026 Sep 21 22:49:38 user.notice IE520-stk IMISH[14791]: [manager@ttyS0]show log tail 15
IE520-stk#