
===== opened /dev/u5 at 2026-09-22 12:26:38 =====

IE520-stk#
>>> terminal length 0
terminal length 0
IE520-stk#
>>> terminal no monitor
terminal no monitor
IE520-stk#
>>> terminal length 0
terminal length 0
IE520-stk#
>>> configure terminal
configure terminal
Enter configuration commands, one per line.  End with CNTL/Z.
IE520-stk(config)#
>>> spanning-tree mode rstp
spanning-tree mode rstp
IE520-stk(config)#
>>> end
end
IE520-stk#
>>> configure terminal
configure terminal
Enter configuration commands, one per line.  End with CNTL/Z.
IE520-stk(config)#
>>> no spanning-tree rstp enable
no spanning-tree rstp enable
IE520-stk(config)#
>>> no spanning-tree priority
no spanning-tree priority
IE520-stk(config)#
>>> end
end
IE520-stk#
>>> show running-config | include spanning-tree
show running-config | include spanning-tree
spanning-tree mode rstp
no spanning-tree rstp enable
IE520-stk#
>>> show spanning-tree brief
show spanning-tree brief
Default: Bridge up - Spanning Tree Disabled
Default: Root Path Cost 0 - Root Port 0 -  Bridge Priority 32768
Default: Root Id 8000:0000cd370d6f
Default: Bridge Id 8000:0000cd370d6f

Port            Designated Bridge    Port Id    Role             State
po1             8000:0000cd370d6f    828f       Disabled         Forwarding
port1.0.1       8000:0000cd370d6f    8389       Disabled         Forwarding
port1.0.2       8000:0000cd370d6f    838a       Disabled         Forwarding
port1.0.3       8000:0000cd370d6f    838b       Disabled         Forwarding
port1.0.4       8000:0000cd370d6f    838c       Disabled         Forwarding
port1.0.5       8000:0000cd370d6f    838d       Disabled         Forwarding
port1.0.6       8000:0000cd370d6f    838e       Disabled         Forwarding
port1.0.7       8000:0000cd370d6f    838f       Disabled         Forwarding
port1.0.8       8000:0000cd370d6f    8390       Disabled         Forwarding
port1.0.9       8000:0000cd370d6f    8391       Disabled         Forwarding
port1.0.10      8000:0000cd370d6f    8392       Disabled         Forwarding
port1.0.11      8000:0000cd370d6f    8393       Disabled         Forwarding
port1.0.12      8000:0000cd370d6f    8394       Disabled         Forwarding
port1.0.13      8000:0000cd370d6f    8395       Disabled         Forwarding
port1.0.14      8000:0000cd370d6f    8396       Disabled         Forwarding
port1.0.15      8000:0000cd370d6f    8397       Disabled         Forwarding
port1.0.16      8000:0000cd370d6f    8398       Disabled         Forwarding
port1.0.17      8000:0000cd370d6f    8399       Disabled         Forwarding
port1.0.18      8000:0000cd370d6f    839a       Disabled         Forwarding
port1.0.19      8000:0000cd370d6f    839b       Disabled         Forwarding
port1.0.20      8000:0000cd370d6f    839c       Disabled         Forwarding
port1.0.21      8000:0000cd370d6f    839d       Disabled         Forwarding
port1.0.22      8000:0000cd370d6f    839e       Disabled         Forwarding
port1.0.23      8000:0000cd370d6f    839f       Disabled         Forwarding
port1.0.24      8000:0000cd370d6f    83a0       Disabled         Forwarding
port1.0.25      8000:0000cd370d6f    83a1       Disabled         Forwarding
port1.0.26      8000:0000cd370d6f    83a2       Disabled         Forwarding
port2.0.1       8000:0000cd370d6f    8711       Disabled         Forwarding
port2.0.2       8000:0000cd370d6f    8712       Disabled         Forwarding
port2.0.3       8000:0000cd370d6f    8713       Disabled         Forwarding
port2.0.4       8000:0000cd370d6f    8714       Disabled         Forwarding
port2.0.5       8000:0000cd370d6f    8715       Disabled         Forwarding
port2.0.6       8000:0000cd370d6f    8716       Disabled         Forwarding
port2.0.7       8000:0000cd370d6f    8717       Disabled         Forwarding
port2.0.8       8000:0000cd370d6f    8718       Disabled         Forwarding
port2.0.9       8000:0000cd370d6f    8719       Disabled         Forwarding
port2.0.10      8000:0000cd370d6f    871a       Disabled         Forwarding
port2.0.11      8000:0000cd370d6f    871b       Disabled         Forwarding
port2.0.12      8000:0000cd370d6f    871c       Disabled         Forwarding
port2.0.13      8000:0000cd370d6f    871d       Disabled         Forwarding
port2.0.14      8000:0000cd370d6f    871e       Disabled         Forwarding
port2.0.15      8000:0000cd370d6f    871f       Disabled         Forwarding
port2.0.16      8000:0000cd370d6f    8720       Disabled         Forwarding
port2.0.17      8000:0000cd370d6f    8721       Disabled         Forwarding
port2.0.18      8000:0000cd370d6f    8722       Disabled         Forwarding
port2.0.19      8000:0000cd370d6f    8723       Disabled         Forwarding
port2.0.20      8000:0000cd370d6f    8724       Disabled         Forwarding
port2.0.21      8000:0000cd370d6f    8725       Disabled         Forwarding
port2.0.22      8000:0000cd370d6f    8726       Disabled         Forwarding
port2.0.23      8000:0000cd370d6f    8727       Disabled         Forwarding
port2.0.24      8000:0000cd370d6f    8728       Disabled         Forwarding
port2.0.25      8000:0000cd370d6f    8729       Disabled         Forwarding
port2.0.26      8000:0000cd370d6f    872a       Disabled         Forwarding
port3.0.1       8000:0000cd370d6f    8a99       Disabled         Forwarding
port3.0.2       8000:0000cd370d6f    8a9a       Disabled         Forwarding
port3.0.3       8000:0000cd370d6f    8a9b       Disabled         Forwarding
port3.0.4       8000:0000cd370d6f    8a9c       Disabled         Forwarding
port3.0.5       8000:0000cd370d6f    8a9d       Disabled         Forwarding
port3.0.6       8000:0000cd370d6f    8a9e       Disabled         Forwarding
port3.0.7       8000:0000cd370d6f    8a9f       Disabled         Forwarding
port3.0.8       8000:0000cd370d6f    8aa0       Disabled         Forwarding
port3.0.9       8000:0000cd370d6f    8aa1       Disabled         Forwarding
port3.0.10      8000:0000cd370d6f    8aa2       Disabled         Forwarding
port3.0.11      8000:0000cd370d6f    8aa3       Disabled         Forwarding
port3.0.12      8000:0000cd370d6f    8aa4       Disabled         Forwarding
port3.0.13      8000:0000cd370d6f    8aa5       Disabled         Forwarding
port3.0.14      8000:0000cd370d6f    8aa6       Disabled         Forwarding
port3.0.15      8000:0000cd370d6f    8aa7       Disabled         Forwarding
port3.0.16      8000:0000cd370d6f    8aa8       Disabled         Forwarding
port3.0.17      8000:0000cd370d6f    8aa9       Disabled         Forwarding
port3.0.18      8000:0000cd370d6f    8aaa       Disabled         Forwarding
port3.0.19      8000:0000cd370d6f    8aab       Disabled         Forwarding
port3.0.20      8000:0000cd370d6f    8aac       Disabled         Forwarding
port3.0.21      8000:0000cd370d6f    8aad       Disabled         Forwarding
port3.0.22      8000:0000cd370d6f    8aae       Disabled         Forwarding
port3.0.23      8000:0000cd370d6f    8aaf       Disabled         Forwarding
port3.0.24      8000:0000cd370d6f    8ab0       Disabled         Forwarding
port3.0.25      8000:0000cd370d6f    8ab1       Disabled         Forwarding
port3.0.26      8000:0000cd370d6f    8ab2       Disabled         Forwarding
port4.0.1       8000:0000cd370d6f    8e21       Disabled         Forwarding
port4.0.3       8000:0000cd370d6f    8e23       Disabled         Forwarding
port4.0.4       8000:0000cd370d6f    8e24       Disabled         Forwarding
port4.0.5       8000:0000cd370d6f    8e25       Disabled         Forwarding
port4.0.6       8000:0000cd370d6f    8e26       Disabled         Forwarding
port4.0.7       8000:0000cd370d6f    8e27       Disabled         Forwarding
port4.0.8       8000:0000cd370d6f    8e28       Disabled         Forwarding
port4.0.9       8000:0000cd370d6f    8e29       Disabled         Forwarding
port4.0.10      8000:0000cd370d6f    8e2a       Disabled         Forwarding
port4.0.11      8000:0000cd370d6f    8e2b       Disabled         Forwarding
port4.0.12      8000:0000cd370d6f    8e2c       Disabled         Forwarding
port4.0.13      8000:0000cd370d6f    8e2d       Disabled         Forwarding
port4.0.14      8000:0000cd370d6f    8e2e       Disabled         Forwarding
port4.0.15      8000:0000cd370d6f    8e2f       Disabled         Forwarding
port4.0.16      8000:0000cd370d6f    8e30       Disabled         Forwarding
port4.0.17      8000:0000cd370d6f    8e31       Disabled         Forwarding
port4.0.18      8000:0000cd370d6f    8e32       Disabled         Forwarding
port4.0.19      8000:0000cd370d6f    8e33       Disabled         Forwarding
port4.0.20      8000:0000cd370d6f    8e34       Disabled         Forwarding
port4.0.21      8000:0000cd370d6f    8e35       Disabled         Forwarding
port4.0.22      8000:0000cd370d6f    8e36       Disabled         Forwarding
port4.0.23      8000:0000cd370d6f    8e37       Disabled         Forwarding
port4.0.24      8000:0000cd370d6f    8e38       Disabled         Forwarding
port4.0.25      8000:0000cd370d6f    8e39       Disabled         Forwarding
port4.0.26      8000:0000cd370d6f    8e3a       Disabled         Forwarding
IE520-stk#
>>> show stack
show stack
Virtual Chassis Stacking summary information

ID   Pending ID  MAC address        Priority  Status  Role
1    -           84e3.2787.0ac0     128       Ready   Backup Member
2    -           84e3.2787.0780     2         Ready   Backup Member
3    -           84e3.2787.0740     128       Ready   Active Master
4    -           84e3.2787.09c0     128       Ready   Backup Member

Operational Status                 Normal operation
Stack MAC address                  0000.cd37.0d6f (Virtual MAC)
IE520-stk#