
===== opened /dev/u5 at 2026-09-22 10:21:57 =====

IE520-stk#
>>> terminal length 0
terminal length 0
IE520-stk#
>>> terminal no monitor
terminal no monitor
IE520-stk#
>>> terminal length 0
terminal length 0
IE520-stk#configure terminal
Enter configuration commands, one per line.  End with CNTL/Z.
IE520-stk(config)#loop-protection loop-detect ?
  fast-block     Enable fast-block
  ldf-interval   The time between successive loop-detect frames being
                 generated
  ldf-rx-window  The number of the loop-detect frames to accept
  <cr>

[K[46CIE520-stk(config)#loop-protection loop-detect 

IE520-stk#end
            ^
% Invalid input detected at '^' marker.

IE520-stk#configure terminal
Enter configuration commands, one per line.  End with CNTL/Z.
IE520-stk(config)#loop-protection loop-detect ldf-interval 1 ?
  ldf-rx-window  The number of the loop-detect frames to accept
  fast-block     Enable fast-block
  <cr>

[K[61CIE520-stk(config)#loop-protection loop-detect ldf-interval 1 

IE520-stk#end
            ^
% Invalid input detected at '^' marker.

IE520-stk#configure terminal
Enter configuration commands, one per line.  End with CNTL/Z.
IE520-stk(config)#no loop-protection ?
  loop-detect  Disable the loop detection
  <cr>

[K[37CIE520-stk(config)#no loop-protection 

IE520-stk#end
            ^
% Invalid input detected at '^' marker.

IE520-stk#