13:12:09 >>> configure terminal
Enter configuration commands, one per line.  End with CNTL/Z.
13:12:10 >>> interface port3.0.13
13:12:11 >>> no switchport voice vlan
13:12:12 >>> no spanning-tree portfast
13:12:14 >>> exit
13:12:15 >>> no ip dhcp pool ck-voice
13:12:17 >>> interface vlan3997
13:12:18 >>> no ip address
13:12:20 >>> exit
13:12:22 >>> no service dhcp-server
13:12:23 >>> vlan database
13:12:24 >>> no vlan 3997
13:12:25 >>> exit
13:12:27 >>> end
13:12:28 >>> show ip dhcp binding
13:12:29 >>> show counter dhcp-server
DHCP server counters
DHCPDISCOVER in         ....... 1
DHCPREQUEST in          ....... 1
DHCPDECLINE in          ....... 0
DHCPRELEASE in          ....... 0
DHCPINFORM in           ....... 0
DHCPOFFER out           ....... 1
DHCPACK out             ....... 1
DHCPNAK out             ....... 0
BOOTREQUEST in          ....... 0
BOOTREPLY out           ....... 0
DHCPLEASEQUERY in       ....... 0
DHCPLEASEUNKNOWN out    ....... 0
DHCPLEASEACTIVE out     ....... 0
DHCPLEASEUNASSIGNED out ....... 0
