13:10:11 >>> show ip dhcp binding
13:10:12 >>> show mac address-table | include 0000.5e00.5310
1    port3.0.13   0000.5e00.5310   forward       dynamic
13:10:13 >>> show arp
IP Address      LL Address       Interface            Port        Type
10.38.215.41    84e3.2787.0780   vlan1                sa3         dynamic
13:10:14 >>> show vlan 3997
VLAN ID  Name            Type    State   Member ports                   
                                         (u)-Untagged, (t)-Tagged
======= ================ ======= ======= ====================================
3997    ck-voice         STATIC  ACTIVE  port3.0.13(t)
13:10:15 >>> show lldp neighbors
LLDP Neighbor Information:

Total number of neighbors on these ports .... 8

 System Capability Codes:
   O = Other   P = Repeater   B = Bridge               W = WLAN Access Point
   R = Router  T = Telephone  C = DOCSIS Cable Device  S = Station Only
 LLDP-MED Device Type and Power Source Codes:
   1 = Class I   3 = Class III    PSE  = PoE    Both = PoE&Local  Prim = Primary
   2 = Class II  N = Network Con. Locl = Local  Unkn = Unknown    Back = Backup

Local    Neighbor        Neighbor        Neighbor                System   MED   
Port     Chassis ID      Port ID         Sys Name                Cap.     Ty Pwr
--------------------------------------------------------------------------------
1.0.2    001a.eb91.cca1  port1.0.3                                        
1.0.9    001a.eb91.cca1  port1.0.4                                        
1.0.13   84e3.2787.0780  port1.0.13                                       
3.0.2    0000.cd40.0394  port1.0.3                                        
3.0.13   0000.5e00.5310  0000.5e00.5310  ck-phone                -----T-- 3     
4.0.2    0000.cd40.0394  port1.0.4                                        
4.0.9    84e3.2787.0780  port1.0.9                                        
4.0.26   84e3.2787.0780  port1.0.26
13:10:18 >>> show lldp neighbors detail
LLDP Detailed Neighbor Information:

Local port1.0.2:
  Neighbors table last updated 2 hrs 49 mins 29 secs ago

  Chassis ID Type .................. MAC address
  Chassis ID ....................... 001a.eb91.cca1
  Port ID Type ..................... Interface name
  Port ID .......................... port1.0.3
  TTL .............................. 120 (secs)
  Port Description ................. [not advertised]
  System Name ...................... [not advertised]
  System Description ............... [not advertised]
  System Capabilities .............. [not advertised]
  Management Addresses ............. [not advertised]
  Port VLAN ID (PVID) .............. [not advertised]
  Port & Protocol VLAN ............. [not advertised]
  VLAN Names ....................... [not advertised]
  Protocol IDs ..................... [not advertised]
  MAC/PHY Auto-negotiation ......... [not advertised]
  Power Via MDI (PoE) .............. [not advertised]
  Link Aggregation ................. [not advertised]
  Maximum Frame Size ............... [not advertised]
  LLDP-MED Capabilities ............ [not advertised]
  Network Policy ................... [not advertised]
  Location Identification .......... [not advertised]
  Extended Power Via MDI (PoE) ..... [not advertised]
  Inventory Management:  
       Hardware Revision ........... [not advertised]
       Firmware Revision ........... [not advertised]
       Software Revision ........... [not advertised]
       Serial Number ............... [not advertised]
       Manufacturer Name ........... [not advertised]
       Model Name .................. [not advertised]
       Asset ID .................... [not advertised]

Local port1.0.9:
  Neighbors table last updated 2 hrs 49 mins 29 secs ago

  Chassis ID Type .................. MAC address
  Chassis ID ....................... 001a.eb91.cca1
  Port ID Type ..................... Interface name
  Port ID .......................... port1.0.4
  TTL .............................. 120 (secs)
  Port Description ................. [not advertised]
  System Name ...................... [not advertised]
  System Description ............... [not advertised]
  System Capabilities .............. [not advertised]
  Management Addresses ............. [not advertised]
  Port VLAN ID (PVID) .............. [not advertised]
  Port & Protocol VLAN ............. [not advertised]
  VLAN Names ....................... [not advertised]
  Protocol IDs ..................... [not advertised]
  MAC/PHY Auto-negotiation ......... [not advertised]
  Power Via MDI (PoE) .............. [not advertised]
  Link Aggregation ................. [not advertised]
  Maximum Frame Size ............... [not advertised]
  LLDP-MED Capabilities ............ [not advertised]
  Network Policy ................... [not advertised]
  Location Identification .......... [not advertised]
  Extended Power Via MDI (PoE) ..... [not advertised]
  Inventory Management:  
       Hardware Revision ........... [not advertised]
       Firmware Revision ........... [not advertised]
       Software Revision ........... [not advertised]
       Serial Number ............... [not advertised]
       Manufacturer Name ........... [not advertised]
       Model Name .................. [not advertised]
       Asset ID .................... [not advertised]

Local port1.0.13:
  Neighbors table last updated 19 hrs 54 mins 29 secs ago

  Chassis ID Type .................. MAC address
  Chassis ID ....................... 84e3.2787.0780
  Port ID Type ..................... Interface name
  Port ID .......................... port1.0.13
  TTL .............................. 120 (secs)
  Port Description ................. [not advertised]
  System Name ...................... [not advertised]
  System Description ............... [not advertised]
  System Capabilities .............. [not advertised]
  Management Addresses ............. [not advertised]
  Port VLAN ID (PVID) .............. [not advertised]
  Port & Protocol VLAN ............. [not advertised]
  VLAN Names ....................... [not advertised]
  Protocol IDs ..................... [not advertised]
  MAC/PHY Auto-negotiation ......... [not advertised]
  Power Via MDI (PoE) .............. [not advertised]
  Link Aggregation ................. [not advertised]
  Maximum Frame Size ............... [not advertised]
  LLDP-MED Capabilities ............ [not advertised]
  Network Policy ................... [not advertised]
  Location Identification .......... [not advertised]
  Extended Power Via MDI (PoE) ..... [not advertised]
  Inventory Management:  
       Hardware Revision ........... [not advertised]
       Firmware Revision ........... [not advertised]
       Software Revision ........... [not advertised]
       Serial Number ............... [not advertised]
       Manufacturer Name ........... [not advertised]
       Model Name .................. [not advertised]
       Asset ID .................... [not advertised]

Local port3.0.2:
  Neighbors table last updated 24 hrs 11 mins 37 secs ago

  Chassis ID Type .................. MAC address
  Chassis ID ....................... 0000.cd40.0394
  Port ID Type ..................... Interface name
  Port ID .......................... port1.0.3
  TTL .............................. 120 (secs)
  Port Description ................. [not advertised]
  System Name ...................... [not advertised]
  System Description ............... [not advertised]
  System Capabilities .............. [not advertised]
  Management Addresses ............. [not advertised]
  Port VLAN ID (PVID) .............. [not advertised]
  Port & Protocol VLAN ............. [not advertised]
  VLAN Names ....................... [not advertised]
  Protocol IDs ..................... [not advertised]
  MAC/PHY Auto-negotiation ......... [not advertised]
  Power Via MDI (PoE) .............. [not advertised]
  Link Aggregation ................. [not advertised]
  Maximum Frame Size ............... [not advertised]
  LLDP-MED Capabilities ............ [not advertised]
  Network Policy ................... [not advertised]
  Location Identification .......... [not advertised]
  Extended Power Via MDI (PoE) ..... [not advertised]
  Inventory Management:  
       Hardware Revision ........... [not advertised]
       Firmware Revision ........... [not advertised]
       Software Revision ........... [not advertised]
       Serial Number ............... [not advertised]
       Manufacturer Name ........... [not advertised]
       Model Name .................. [not advertised]
       Asset ID .................... [not advertised]

Local port3.0.13:
  Neighbors table last updated 0 hrs 2 mins 5 secs ago

  Chassis ID Type .................. MAC address
  Chassis ID ....................... 0000.5e00.5310
  Port ID Type ..................... MAC address
  Port ID .......................... 0000.5e00.5310
  TTL .............................. 120 (secs)
  Port Description ................. [not advertised]
  System Name ...................... ck-phone
  System Description ............... [not advertised]
  System Capabilities - Supported .. Telephone
                      - Enabled .... Telephone
  Management Addresses ............. [not advertised]
  Port VLAN ID (PVID) .............. [not advertised]
  Port & Protocol VLAN ............. [not advertised]
  VLAN Names ....................... [not advertised]
  Protocol IDs ..................... [not advertised]
  MAC/PHY Auto-negotiation ......... [not advertised]
  Power Via MDI (PoE) .............. [not advertised]
  Link Aggregation ................. [not advertised]
  Maximum Frame Size ............... [not advertised]
  LLDP-MED Device Type ............. Endpoint Class III
  LLDP-MED Capabilities ............ LLDP-MED Capabilities, Network Policy,
                                     Extended Power - PD, Inventory
  Network Policy ................... [not advertised]
  Location Identification .......... [not advertised]
  Extended Power Via MDI (PoE) ..... [not advertised]
  Inventory Management:  
       Hardware Revision ........... CK-PHONE-EMU
       Firmware Revision ........... [not advertised]
       Software Revision ........... [not advertised]
       Serial Number ............... [not advertised]
       Manufacturer Name ........... [not advertised]
       Model Name .................. [not advertised]
       Asset ID .................... [not advertised]

Local port4.0.2:
  Neighbors table last updated 24 hrs 11 mins 36 secs ago

  Chassis ID Type .................. MAC address
  Chassis ID ....................... 0000.cd40.0394
  Port ID Type ..................... Interface name
  Port ID .......................... port1.0.4
  TTL .............................. 120 (secs)
  Port Description ................. [not advertised]
  System Name ...................... [not advertised]
  System Description ............... [not advertised]
  System Capabilities .............. [not advertised]
  Management Addresses ............. [not advertised]
  Port VLAN ID (PVID) .............. [not advertised]
  Port & Protocol VLAN ............. [not advertised]
  VLAN Names ....................... [not advertised]
  Protocol IDs ..................... [not advertised]
  MAC/PHY Auto-negotiation ......... [not advertised]
  Power Via MDI (PoE) .............. [not advertised]
  Link Aggregation ................. [not advertised]
  Maximum Frame Size ............... [not advertised]
  LLDP-MED Capabilities ............ [not advertised]
  Network Policy ................... [not advertised]
  Location Identification .......... [not advertised]
  Extended Power Via MDI (PoE) ..... [not advertised]
  Inventory Management:  
       Hardware Revision ........... [not advertised]
       Firmware Revision ........... [not advertised]
       Software Revision ........... [not advertised]
       Serial Number ............... [not advertised]
       Manufacturer Name ........... [not advertised]
       Model Name .................. [not advertised]
       Asset ID .................... [not advertised]

Local port4.0.9:
  Neighbors table last updated 19 hrs 54 mins 28 secs ago

  Chassis ID Type .................. MAC address
  Chassis ID ....................... 84e3.2787.0780
  Port ID Type ..................... Interface name
  Port ID .......................... port1.0.9
  TTL .............................. 120 (secs)
  Port Description ................. [not advertised]
  System Name ...................... [not advertised]
  System Description ............... [not advertised]
  System Capabilities .............. [not advertised]
  Management Addresses ............. [not advertised]
  Port VLAN ID (PVID) .............. [not advertised]
  Port & Protocol VLAN ............. [not advertised]
  VLAN Names ....................... [not advertised]
  Protocol IDs ..................... [not advertised]
  MAC/PHY Auto-negotiation ......... [not advertised]
  Power Via MDI (PoE) .............. [not advertised]
  Link Aggregation ................. [not advertised]
  Maximum Frame Size ............... [not advertised]
  LLDP-MED Capabilities ............ [not advertised]
  Network Policy ................... [not advertised]
  Location Identification .......... [not advertised]
  Extended Power Via MDI (PoE) ..... [not advertised]
  Inventory Management:  
       Hardware Revision ........... [not advertised]
       Firmware Revision ........... [not advertised]
       Software Revision ........... [not advertised]
       Serial Number ............... [not advertised]
       Manufacturer Name ........... [not advertised]
       Model Name .................. [not advertised]
       Asset ID .................... [not advertised]

Local port4.0.26:
  Neighbors table last updated 0 hrs 7 mins 3 secs ago

  Chassis ID Type .................. MAC address
  Chassis ID ....................... 84e3.2787.0780
  Port ID Type ..................... Interface name
  Port ID .......................... port1.0.26
  TTL .............................. 120 (secs)
  Port Description ................. [not advertised]
  System Name ...................... [not advertised]
  System Description ............... [not advertised]
  System Capabilities .............. [not advertised]
  Management Addresses ............. [not advertised]
  Port VLAN ID (PVID) .............. [not advertised]
  Port & Protocol VLAN ............. [not advertised]
  VLAN Names ....................... [not advertised]
  Protocol IDs ..................... [not advertised]
  MAC/PHY Auto-negotiation ......... [not advertised]
  Power Via MDI (PoE) .............. [not advertised]
  Link Aggregation ................. [not advertised]
  Maximum Frame Size ............... [not advertised]
  LLDP-MED Capabilities ............ [not advertised]
  Network Policy ................... [not advertised]
  Location Identification .......... [not advertised]
  Extended Power Via MDI (PoE) ..... [not advertised]
  Inventory Management:  
       Hardware Revision ........... [not advertised]
       Firmware Revision ........... [not advertised]
       Software Revision ........... [not advertised]
       Serial Number ............... [not advertised]
       Manufacturer Name ........... [not advertised]
       Model Name .................. [not advertised]
       Asset ID .................... [not advertised]
