13:11:26 >>> show ip dhcp binding
Pool ck-voice Network 192.168.97.0/24
DHCP Client Entries
IP Address      ClientId                            Type    Expiry
--------------------------------------------------------------------------------
192.168.97.100  0000.5e00.5310                      Dynamic 30 Sep 2026 01:12:01
13:11:28 >>> show mac address-table | include 0000.5e00.5310
1    port3.0.13   0000.5e00.5310   forward       dynamic
3997 port3.0.13   0000.5e00.5310   forward       dynamic
13:11:29 >>> show arp
IP Address      LL Address       Interface            Port        Type
10.38.215.41    84e3.2787.0780   vlan1                sa3         dynamic
13:11:30 >>> show counter dhcp-server
DHCP server counters
DHCPDISCOVER in         ....... 1
DHCPREQUEST in          ....... 1
DHCPDECLINE in          ....... 0
DHCPRELEASE in          ....... 0
DHCPINFORM in           ....... 0
DHCPOFFER out           ....... 1
DHCPACK out             ....... 1
DHCPNAK out             ....... 0
BOOTREQUEST in          ....... 0
BOOTREPLY out           ....... 0
DHCPLEASEQUERY in       ....... 0
DHCPLEASEUNKNOWN out    ....... 0
DHCPLEASEACTIVE out     ....... 0
DHCPLEASEUNASSIGNED out ....... 0
