self-test OK: 'show clock ?' then Ctrl-U then CR executed nothing
08:16:04 >>> configure terminal
Enter configuration commands, one per line.  End with CNTL/Z.
08:16:12 >>> router vrrp ? ?
router vrrp ?
  <1-255>  Virtual router identifier

[K[29CIE520-sa(config)#router vrrp  ?
  <1-255>  Virtual router identifier

[K[30CIE520-sa(config)#router vrrp  
08:16:21 >>> router vrrp 81 ? ?
router vrrp 81 ?
  IFNAME  Interface name

[K[32CIE520-sa(config)#router vrrp 81  ?
  IFNAME  Interface name

[K[33CIE520-sa(config)#router vrrp 81  
08:16:29 >>> vrrp ? ?
vrrp ?
  icmp-ttl-exceeded-error-use-physical-address  ICMP time to live exceeded
                                                error message to be sent with
                                                physical IP address
  vmac                                          Virtual-MAC feature

[K[22CIE520-sa(config)#vrrp  ?
  icmp-ttl-exceeded-error-use-physical-address  ICMP time to live exceeded
                                                error message to be sent with
                                                physical IP address
  vmac                                          Virtual-MAC feature

[K[23CIE520-sa(config)#vrrp  
