08:24:51 >>> show vrrp brief
Interface  Grp Prio Own Pre State      Virtual IP
 vlan3181   81  100   N   P Backup     10.118.1.254                            
 vlan3182   82  100   N   P Backup     10.118.2.254                            
 vlan3183   83  100   N   P Backup     10.118.3.254                            
 vlan3184   84  100   N   P Backup     10.118.4.254
08:24:52 >>> show vrrp counters
VRRP Global Counters:
  Checksum Errors .... 0
  Version Errors ..... 0
  VRID Errors ........ 0

VRRP IPv4 counters for VR 81/vlan3181:
  Master Transitions ........ 0
  Received Advertisements ... 209
  Interval Errors ........... 0
  TTL Errors ................ 0
  Received Priority 0 Pkt ... 0
  Sent Priority 0 Pkt ....... 0
  Received Invalid Type ..... 0
  Address List Errors ....... 0
  Packet Length Errors ...... 0
  VRRPv2 Advertisements ..... 0

VRRP IPv4 counters for VR 82/vlan3182:
  Master Transitions ........ 0
  Received Advertisements ... 206
  Interval Errors ........... 0
  TTL Errors ................ 0
  Received Priority 0 Pkt ... 0
  Sent Priority 0 Pkt ....... 0
  Received Invalid Type ..... 0
  Address List Errors ....... 0
  Packet Length Errors ...... 0
  VRRPv2 Advertisements ..... 0

VRRP IPv4 counters for VR 83/vlan3183:
  Master Transitions ........ 1
  Received Advertisements ... 130
  Interval Errors ........... 0
  TTL Errors ................ 0
  Received Priority 0 Pkt ... 0
  Sent Priority 0 Pkt ....... 0
  Received Invalid Type ..... 0
  Address List Errors ....... 0
  Packet Length Errors ...... 0
  VRRPv2 Advertisements ..... 0

VRRP IPv4 counters for VR 84/vlan3184:
  Master Transitions ........ 1
  Received Advertisements ... 128
  Interval Errors ........... 0
  TTL Errors ................ 0
  Received Priority 0 Pkt ... 0
  Sent Priority 0 Pkt ....... 0
  Received Invalid Type ..... 0
  Address List Errors ....... 0
  Packet Length Errors ...... 0
  VRRPv2 Advertisements ..... 0
