08:20:07 >>> configure terminal
configure terminal
Enter configuration commands, one per line.  End with CNTL/Z.
IE520-stk(config)#
08:20:07 >>> router vrrp 81 vlan3181
router vrrp 81 vlan3181
IE520-stk(config-router)#
08:20:07 >>> virtual-ip 10.118.1.254 backup
virtual-ip 10.118.1.254 backup
IE520-stk(config-router)#
08:20:08 >>> priority 200
priority 200
IE520-stk(config-router)#
08:20:08 >>> enable
enable
IE520-stk(config-router)#
08:20:09 >>> exit
exit
IE520-stk(config)#
08:20:09 >>> router vrrp 82 vlan3182
router vrrp 82 vlan3182
IE520-stk(config-router)#
08:20:10 >>> virtual-ip 10.118.2.254 backup
virtual-ip 10.118.2.254 backup
IE520-stk(config-router)#
08:20:10 >>> priority 200
priority 200
IE520-stk(config-router)#
08:20:11 >>> enable
enable
IE520-stk(config-router)#
08:20:11 >>> exit
exit
IE520-stk(config)#
router vrrp 83 vlan3183
IE520-stk(config-router)#vlan3181: entered promiscuous mode
vlan3182: entered promiscuous mode

!!! no prompt within 60 s -- stopping
