08:22:36 >>> configure terminal
configure terminal
Enter configuration commands, one per line.  End with CNTL/Z.
IE520-stk(config)#
08:22:36 >>> router vrrp 83 vlan3183
router vrrp 83 vlan3183
IE520-stk(config-router)#
08:22:37 >>> virtual-ip 10.118.3.254 backup
virtual-ip 10.118.3.254 backup
IE520-stk(config-router)#
08:22:37 >>> priority 200
priority 200
IE520-stk(config-router)#
08:22:38 >>> enable
enable
IE520-stk(config-router)#
08:22:38 >>> exit
exit
IE520-stk(config)#
08:22:39 >>> router vrrp 84 vlan3184
router vrrp 84 vlan3184
IE520-stk(config-router)#
08:22:39 >>> virtual-ip 10.118.4.254 backup
virtual-ip 10.118.4.254 backup
IE520-stk(config-router)#
08:22:40 >>> priority 200
priority 200
IE520-stk(config-router)#
08:22:40 >>> enable
enable
IE520-stk(config-router)#
08:22:41 >>> exit
exit
IE520-stk(config)#
08:22:41 >>> end
end
IE520-stk#vlan3183: entered promiscuous mode

