08:18:28 >>> show interface port3.0.10,port4.0.26 status
Port        Name               Status      Vlan      Duplex Speed   Type        
--------------------------------------------------------------------------------
port3.0.10  -                  connected       trunk a-full a-1000  1000BASE-T  
port4.0.26  -                  connected       trunk a-full a-1000  1000BASE-SX
08:18:30 >>> show vlan brief
VLAN ID  Name            Type    State   Member ports                   
                                         (u)-Untagged, (t)-Tagged
======= ================ ======= ======= ====================================
1       default          STATIC  ACTIVE  sa2(u) sa3(u) port1.0.1(u) 
                                         port1.0.2(u) port1.0.3(u) port1.0.4(u) 
                                         port1.0.5(u) port1.0.6(u) port1.0.7(u) 
                                         port1.0.8(u) port1.0.9(u) 
                                         port1.0.10(u) port1.0.11(u) 
                                         port1.0.12(u) port1.0.13(u) 
                                         port1.0.14(u) port1.0.15(u) 
                                         port1.0.16(u) port1.0.17(u) 
                                         port1.0.18(u) port1.0.19(u) 
                                         port1.0.20(u) port1.0.21(u) 
                                         port1.0.22(u) port1.0.23(u) 
                                         port1.0.24(u) port1.0.25(u) 
                                         port1.0.26(u) port2.0.1(u) 
                                         port2.0.2(u) port2.0.3(u) port2.0.4(u) 
                                         port2.0.5(u) port2.0.6(u) port2.0.7(u) 
                                         port2.0.8(u) port2.0.9(u) 
                                         port2.0.10(u) port2.0.11(u) 
                                         port2.0.12(u) port2.0.13(u) 
                                         port2.0.14(u) port2.0.15(u) 
                                         port2.0.16(u) port2.0.17(u) 
                                         port2.0.18(u) port2.0.19(u) 
                                         port2.0.20(u) port2.0.21(u) 
                                         port2.0.22(u) port2.0.23(u) 
                                         port2.0.24(u) port2.0.25(u) 
                                         port2.0.26(u) port2.0.27(u) 
                                         port2.0.28(u) port3.0.1(u) 
                                         port3.0.3(u) port3.0.4(u) port3.0.5(u) 
                                         port3.0.6(u) port3.0.7(u) port3.0.8(u) 
                                         port3.0.9(u) port3.0.10(u) 
                                         port3.0.11(u) port3.0.12(u) 
                                         port3.0.13(u) port3.0.14(u) 
                                         port3.0.15(u) port3.0.16(u) 
                                         port3.0.17(u) port3.0.18(u) 
                                         port3.0.19(u) port3.0.20(u) 
                                         port3.0.21(u) port3.0.22(u) 
                                         port3.0.23(u) port3.0.24(u) 
                                         port3.0.25(u) port3.0.26(u) 
                                         port4.0.1(u) port4.0.3(u) port4.0.4(u) 
                                         port4.0.5(u) port4.0.6(u) port4.0.7(u) 
                                         port4.0.8(u) port4.0.9(u) 
                                         port4.0.10(u) port4.0.11(u) 
                                         port4.0.12(u) port4.0.13(u) 
                                         port4.0.14(u) port4.0.15(u) 
                                         port4.0.16(u) port4.0.17(u) 
                                         port4.0.18(u) port4.0.19(u) 
                                         port4.0.20(u) port4.0.21(u) 
                                         port4.0.22(u) port4.0.23(u) 
                                         port4.0.24(u) port4.0.25(u) 
10      data             STATIC  ACTIVE  sa1(u) port3.0.2(u) port4.0.2(u) 
3181    VLAN3181         STATIC  ACTIVE  port3.0.10(t) port4.0.26(t) 
3182    VLAN3182         STATIC  ACTIVE  port3.0.10(t) port4.0.26(t) 
3183    VLAN3183         STATIC  ACTIVE  port3.0.10(t) port4.0.26(t) 
3184    VLAN3184         STATIC  ACTIVE  port3.0.10(t) port4.0.26(t) 
3189    VLAN3189         STATIC  ACTIVE  port4.0.26(t) 
4000    sx-link          STATIC  ACTIVE
08:18:31 >>> show ip interface brief
Interface             IP-Address         Status          Protocol
lo                    unassigned         admin up        running    
vlan1                 10.38.215.10/27    admin up        running    
vlan10                10.10.10.1/27      admin up        running    
vlan3181              10.118.1.1/24      admin up        running    
vlan3182              10.118.2.1/24      admin up        running    
vlan3183              10.118.3.1/24      admin up        running    
vlan3184              10.118.4.1/24      admin up        running    
vlan3189              10.118.9.1/24      admin up        running    
vlan4000              unassigned         admin up        down
08:18:33 >>> ping 10.118.1.3 repeat 2
PING 10.118.1.3 (10.118.1.3) 56(84) bytes of data.
64 bytes from 10.118.1.3: icmp_seq=1 ttl=64 time=3.70 ms
64 bytes from 10.118.1.3: icmp_seq=2 ttl=64 time=1.32 ms

--- 10.118.1.3 ping statistics ---
2 packets transmitted, 2 received, 0% packet loss, time 1011ms
rtt min/avg/max/mdev = 1.320/2.509/3.699/1.189 ms
08:18:35 >>> ping 10.118.4.3 repeat 2
PING 10.118.4.3 (10.118.4.3) 56(84) bytes of data.
64 bytes from 10.118.4.3: icmp_seq=1 ttl=64 time=3.02 ms
64 bytes from 10.118.4.3: icmp_seq=2 ttl=64 time=1.23 ms

--- 10.118.4.3 ping statistics ---
2 packets transmitted, 2 received, 0% packet loss, time 1010ms
rtt min/avg/max/mdev = 1.233/2.126/3.019/0.893 ms
08:18:37 >>> show running-config interface port3.0.10
!
interface port3.0.10
 switchport
 switchport mode trunk
 switchport trunk allowed vlan add 3181-3184
!
08:18:38 >>> show running-config interface port4.0.26
!
interface port4.0.26
 switchport
 switchport mode trunk
 switchport trunk allowed vlan add 3181-3184,3189
 switchport trunk native vlan none
!
