1790733894.131 15:04:54 >>> show mrp ring
show mrp ring
Media Redundancy Protocol - Ring Information
MRP Ring 1
 Domain ID:                           ffffffff-ffff-ffff-ffff-ffffffffffff
 Domain Name:                         
 Ring Status:                         Enabled
 Running State:                       Running
 Role:                                Manager
 Network Status:                      Closed
 Port1:                               port1.0.13
  Status:                             Forwarding
 Port2:                               port4.0.26
  Status:                             Blocking
 Vlan ID:
 React on Link Change:                No
 Profile:                             200ms
  Topology Change Interval:           10ms
  Topology Change Count:              3
  Short Test Frame Interval:          10ms
  Default Test Frame Interval:        20ms
  Test Monitoring Interval Count:     3
  Test Monitoring Ext Interval Count: 3
  Non-blocking MRC Supported:         No
  Blocked port state supported:       Yes

IE520-stk#
1790733898.385 15:04:58 >>> show log tail 60
show log tail 60
7[r[999;999H[6n
<date> <time> <facility>.<severity> <program[<pid>]>: <message>
-------------------------------------------------------------------------
2026 Sep 30 02:04:34 user.notice IE520-stk mrpd: FDB: Flush FDB entries for the ring ports with ifindices: {5013, 20026}
2026 Sep 30 02:04:34 user.notice IE520-stk NSM[702]: port4.0.26 user shutdown
2026 Sep 30 02:04:35 user.notice IE520-stk IMISH[17846]: [manager@ie520-stk-1]show mrp ring
2026 Sep 30 02:04:36 user.notice IE520-stk IMISH[7868]: [manager@ttyS0]show mrp ring
2026 Sep 30 02:04:37 user.notice IE520-stk IMISH[17846]: [manager@ie520-stk-1]show mrp ring
2026 Sep 30 02:04:37 user.notice IE520-stk IMISH[7868]: [manager@ttyS0]terminal no monitor
2026 Sep 30 02:04:39 user.notice IE520-stk IMISH[17846]: [manager@ie520-stk-1]show mrp ring
2026 Sep 30 02:04:59 user.notice IE520-stk IMISH[329]: Last message '[manager@ie520-stk-1' repeated 10 times, suppressed by syslog-ng on IE520-stk
2026 Sep 30 02:04:59 user.notice IE520-stk IMISH[7868]: [manager@ttyS0]terminal length 0
2026 Sep 30 02:05:00 user.notice IE520-stk IMISH[7868]: [manager@ttyS0]terminal no monitor
2026 Sep 30 02:05:01 user.notice IE520-stk IMISH[17846]: [manager@ie520-stk-1]show mrp ring
2026 Sep 30 02:05:02 user.notice IE520-stk IMISH[7868]: [manager@ttyS0]configure terminal
2026 Sep 30 02:05:03 user.notice IE520-stk IMISH[17846]: [manager@ie520-stk-1]show mrp ring
2026 Sep 30 02:05:03 user.notice IE520-stk IMISH[7868]: [manager@ttyS0]interface port4.0.26
2026 Sep 30 02:05:04 user.notice IE520-stk IMISH[7868]: [manager@ttyS0]no shutdown
2026 Sep 30 02:05:04 user.notice IE520-stk NSM[702]: port4.0.26 user no shutdown
2026 Sep 30 02:05:05 user.notice IE520-stk IMISH[17846]: [manager@ie520-stk-1]show mrp ring
2026 Sep 30 02:05:05 user.notice IE520-stk mrpd: PORT: port4.0.26 link UP (0x11043)
2026 Sep 30 02:05:05 user.notice IE520-stk mrpd: ffffffff-ffff-ffff-ffff-ffffffffffff: Ring-id[1]: Ring closed
2026 Sep 30 02:05:05 user.notice IE520-stk mrpd: FSM: ring_id=1 PRM_UP -> CHK_RC evt=MRP_ProtEvMAUTypeChangeInd
2026 Sep 30 02:05:05 user.notice IE520-stk mrpd: FSM: PRM_RPort 5013 SEC_RPort 20026
2026 Sep 30 02:05:05 user.notice IE520-stk mrpd: FSM: port 20026 state Up
2026 Sep 30 02:05:05 user.notice IE520-stk mrpd: EVENT: Rx MRP_LinkUp ring_id=1 port=port1.0.13 mac=84e3.2787.0780
2026 Sep 30 02:05:05 user.notice IE520-stk NSM[702]: Port up notification received for port4.0.26 
2026 Sep 30 02:05:05 user.notice IE520-stk mrpd: EVENT: Rx MRP_LinkUp ring_id=1 port=port1.0.13 mac=84e3.2787.0780
2026 Sep 30 02:05:05 user.notice IE520-stk mrpd[329]: Last message 'EVENT: Rx MRP_LinkUp' repeated 1 times, suppressed by syslog-ng on IE520-stk
2026 Sep 30 02:05:05 user.notice IE520-stk mrpd: PORT: Update ring port port4.0.26 with state to Forwarding
2026 Sep 30 02:05:05 user.notice IE520-stk mrpd: ffffffff-ffff-ffff-ffff-ffffffffffff: Ring-id[1]: Ring opened
2026 Sep 30 02:05:05 user.notice IE520-stk mrpd: FSM: ring_id=1 CHK_RC -> CHK_RO evt=MRP_ProtEvTestTimerExpired
2026 Sep 30 02:05:05 user.notice IE520-stk mrpd: PORT: port 20026 set Forwarding
2026 Sep 30 02:05:05 user.notice IE520-stk mrpd: EVENT: Rx MRP_TopologyChange ring_id=1 port=port4.0.26
2026 Sep 30 02:05:05 user.notice IE520-stk mrpd: EVENT: Rx MRP_TopologyChange ring_id=1 port=port1.0.13
2026 Sep 30 02:05:05 user.notice IE520-stk mrpd: PORT: Update ring port port4.0.26 with state to Blocked
2026 Sep 30 02:05:05 user.notice IE520-stk mrpd: ffffffff-ffff-ffff-ffff-ffffffffffff: Ring-id[1]: Ring closed
2026 Sep 30 02:05:05 user.notice IE520-stk mrpd: FSM: ring_id=1 CHK_RO -> CHK_RC evt=MRP_ProtEvTestRingInd
2026 Sep 30 02:05:05 user.notice IE520-stk mrpd: PORT: port 20026 set Blocked
2026 Sep 30 02:05:05 user.notice IE520-stk mrpd: EVENT: Rx MRP_TopologyChange ring_id=1 port=port4.0.26
2026 Sep 30 02:05:05 user.notice IE520-stk mrpd: EVENT: Rx MRP_TopologyChange ring_id=1 port=port1.0.13
2026 Sep 30 02:05:05 user.notice IE520-stk mrpd: EVENT: Rx MRP_TopologyChange ring_id=1 port=port4.0.26
2026 Sep 30 02:05:05 user.notice IE520-stk mrpd: EVENT: Rx MRP_TopologyChange ring_id=1 port=port1.0.13
2026 Sep 30 02:05:05 user.notice IE520-stk mrpd: FDB: Flush FDB entries for the ring ports with ifindices: {5013, 20026}
2026 Sep 30 02:05:05 user.notice IE520-stk mrpd: EVENT: Rx MRP_TopologyChange ring_id=1 port=port4.0.26
2026 Sep 30 02:05:05 user.notice IE520-stk mrpd: EVENT: Rx MRP_TopologyChange ring_id=1 port=port1.0.13
2026 Sep 30 02:05:06 user.notice IE520-stk IMISH[7868]: [manager@ttyS0]terminal no monitor
2026 Sep 30 02:05:07 user.notice IE520-stk IMISH[17846]: [manager@ie520-stk-1]show mrp ring
2026 Sep 30 02:05:14 user.notice IE520-stk IMISH[329]: Last message '[manager@ie520-stk-1' repeated 3 times, suppressed by syslog-ng on IE520-stk
2026 Sep 30 02:05:14 user.notice IE520-stk IMISH[7868]: [manager@ttyS0]terminal length 0
2026 Sep 30 02:05:15 user.notice IE520-stk IMISH[17846]: [manager@ie520-stk-1]show mrp ring
2026 Sep 30 02:05:16 user.notice IE520-stk IMISH[7868]: [manager@ttyS0]terminal no monitor
2026 Sep 30 02:05:17 user.notice IE520-stk IMISH[17846]: [manager@ie520-stk-1]show mrp ring
2026 Sep 30 02:05:18 user.notice IE520-stk IMISH[7868]: [manager@ttyS0]show mrp ring
2026 Sep 30 02:05:18 user.notice IE520-stk IMISH[7868]: [manager@ttyS0]show interface port4.0.26 status
2026 Sep 30 02:05:19 user.notice IE520-stk IMISH[17846]: [manager@ie520-stk-1]show mrp ring
2026 Sep 30 02:05:19 user.notice IE520-stk IMISH[7868]: [manager@ttyS0]terminal no monitor
2026 Sep 30 02:05:21 user.notice IE520-stk IMISH[17846]: [manager@ie520-stk-1]show mrp ring
2026 Sep 30 02:05:24 user.notice IE520-stk IMISH[17846]: [manager@ie520-stk-1]terminal no monitor
2026 Sep 30 02:05:31 user.notice IE520-stk IMISH[7868]: [manager@ttyS0]terminal length 0
2026 Sep 30 02:05:32 user.notice IE520-stk IMISH[7868]: [manager@ttyS0]terminal no monitor
2026 Sep 30 02:05:34 user.notice IE520-stk IMISH[7868]: [manager@ttyS0]show mrp ring
2026 Sep 30 02:05:38 user.notice IE520-stk IMISH[7868]: [manager@ttyS0]show log tail 60
IE520-stk#
