1790732090.460 14:34:50 >>> dir *.cfg
dir *.cfg
      2927 -rw- Sep 29 2026 23:43:47  flash:/tb470-bench.cfg
      2723 -rw- Sep 29 2026 00:40:29  flash:/stk_a_9001_33234.cfg
      2741 -rw- Sep 28 2026 23:54:23  flash:/stk_a_9001_33235_12.cfg
      2741 -rw- Sep 28 2026 23:48:46  flash:/stk_a_9001_33235_11.cfg
      2741 -rw- Sep 28 2026 23:44:08  flash:/stk_a_9001_33235_10.cfg
      2741 -rw- Sep 28 2026 23:38:22  flash:/stk_a_9001_33235_9.cfg
      2741 -rw- Sep 28 2026 23:33:25  flash:/stk_a_9001_33235_8.cfg
      2741 -rw- Sep 28 2026 23:32:08  flash:/stk_a_9001_33235_7.cfg
      2741 -rw- Sep 28 2026 23:30:48  flash:/stk_a_9001_33235_6.cfg
      2741 -rw- Sep 28 2026 23:29:09  flash:/stk_a_9001_33235_5.cfg
      2741 -rw- Sep 28 2026 23:27:35  flash:/stk_a_9001_33235_4.cfg
      2741 -rw- Sep 28 2026 23:26:04  flash:/stk_a_9001_33235_3.cfg
      2741 -rw- Sep 28 2026 23:24:13  flash:/stk_a_9001_33235_2.cfg
      2741 -rw- Sep 28 2026 23:22:09  flash:/stk_a_9001_33235_1.cfg
      2741 -rw- Sep 28 2026 23:20:26  flash:/stk_a_9001_33235.cfg
      2741 -rw- Sep 28 2026 19:57:22  flash:/stk_a_9001_33234_2.cfg
      2741 -rw- Sep 28 2026 19:51:51  flash:/stk_a_9001_33234_1.cfg
       330 -rw- Sep 24 2026 21:19:12  flash:/default.cfg
IE520-stk#
1790732091.463 14:34:51 >>> dir IE520-stk-1/flash:/*.cfg
dir IE520-stk-1/flash:/*.cfg
      2927 -rw- Sep 29 2026 23:43:47  IE520-stk-1/flash:/tb470-bench.cfg
      2723 -rw- Sep 29 2026 00:40:29  IE520-stk-1/flash:/stk_a_9001_33234.cfg
      2741 -rw- Sep 28 2026 23:54:23  IE520-stk-1/flash:/stk_a_9001_33235_12.cfg
      2741 -rw- Sep 28 2026 23:48:46  IE520-stk-1/flash:/stk_a_9001_33235_11.cfg
      2741 -rw- Sep 28 2026 23:44:08  IE520-stk-1/flash:/stk_a_9001_33235_10.cfg
      2741 -rw- Sep 28 2026 23:38:22  IE520-stk-1/flash:/stk_a_9001_33235_9.cfg
      2741 -rw- Sep 28 2026 23:33:25  IE520-stk-1/flash:/stk_a_9001_33235_8.cfg
      2741 -rw- Sep 28 2026 23:32:08  IE520-stk-1/flash:/stk_a_9001_33235_7.cfg
      2741 -rw- Sep 28 2026 23:30:48  IE520-stk-1/flash:/stk_a_9001_33235_6.cfg
      2741 -rw- Sep 28 2026 23:29:09  IE520-stk-1/flash:/stk_a_9001_33235_5.cfg
      2741 -rw- Sep 28 2026 23:27:35  IE520-stk-1/flash:/stk_a_9001_33235_4.cfg
      2741 -rw- Sep 28 2026 23:26:04  IE520-stk-1/flash:/stk_a_9001_33235_3.cfg
      2741 -rw- Sep 28 2026 23:24:13  IE520-stk-1/flash:/stk_a_9001_33235_2.cfg
      2741 -rw- Sep 28 2026 23:22:09  IE520-stk-1/flash:/stk_a_9001_33235_1.cfg
      2741 -rw- Sep 28 2026 23:20:26  IE520-stk-1/flash:/stk_a_9001_33235.cfg
      2741 -rw- Sep 28 2026 19:57:22  IE520-stk-1/flash:/stk_a_9001_33234_2.cfg
      2741 -rw- Sep 28 2026 19:51:51  IE520-stk-1/flash:/stk_a_9001_33234_1.cfg
       330 -rw- Sep 24 2026 21:19:12  IE520-stk-1/flash:/default.cfg
IE520-stk#
1790732092.466 14:34:52 >>> dir IE520-stk-3/flash:/*.cfg
dir IE520-stk-3/flash:/*.cfg
      2927 -rw- Sep 29 2026 23:43:47  IE520-stk-3/flash:/tb470-bench.cfg
       330 -rw- Sep 24 2026 21:19:12  IE520-stk-3/flash:/default.cfg
IE520-stk#
