1790737266.315 16:01:06 >>> configure terminal
configure terminal
Enter configuration commands, one per line.  End with CNTL/Z.
IE520-sa(config)#
1790737267.117 16:01:07 >>> interface port1.0.13
interface port1.0.13
IE520-sa(config-if)#
1790737267.919 16:01:07 >>> static-channel-group 3
static-channel-group 3
IE520-sa(config-if)#
1790737268.722 16:01:08 >>> end
end
IE520-sa#
1790737269.524 16:01:09 >>> show static-channel-group
show static-channel-group
LAG Maximum        : 124
LAG Static  Count  : 1
LAG Dynamic Count  : 0
LAG Total   Count  : 1
Static Aggregator: sa3
Member:
 port1.0.9
 port1.0.13
IE520-sa#
