1790737693.457 16:08:13 >>> delete IE520-stk-1/flash:/tb470-bench.row9.cfg
delete IE520-stk-1/flash:/tb470-bench.row9.cfg
Delete IE520-stk-1/flash:/tb470-bench.row9.cfg?  (y/n)[n]:y
Deleting...

Successful operation
IE520-stk#
IE520-stk#
1790737694.660 16:08:14 >>> delete IE520-stk-4/flash:/tb470-bench.row9.cfg
delete IE520-stk-4/flash:/tb470-bench.row9.cfg
Delete IE520-stk-4/flash:/tb470-bench.row9.cfg?  (y/n)[n]:y

Deleting...
Successful operation
IE520-stk#
IE520-stk#
1790737695.662 16:08:15 >>> dir flash:/tb470-bench*
dir flash:/tb470-bench*
      2927 -rw- Sep 30 2026 03:07:49  flash:/tb470-bench.cfg
IE520-stk#
1790737696.665 16:08:16 >>> dir IE520-stk-1/flash:/tb470-bench*
dir IE520-stk-1/flash:/tb470-bench*
      2927 -rw- Sep 30 2026 03:07:49  IE520-stk-1/flash:/tb470-bench.cfg
IE520-stk#
1790737697.668 16:08:17 >>> dir IE520-stk-4/flash:/tb470-bench*
dir IE520-stk-4/flash:/tb470-bench*
      2927 -rw- Sep 30 2026 03:07:49  IE520-stk-4/flash:/tb470-bench.cfg
IE520-stk#
1790737698.471 16:08:18 >>> show boot
show boot
Boot configuration
--------------------------------------------------------------------------------
Current software   : IE520-tb470.rel 
Current boot image : flash:/IE520-tb470.rel (file exists)
Backup  boot image : Not set 
Default boot config: flash:/default.cfg
Current boot config: flash:/tb470-bench.cfg (file exists)
Backup  boot config: Not set 
Autoboot status    : disabled
Boot Security Level: none

IE520-stk#
