1790737435.739 16:03:55 >>> configure terminal
configure terminal
Enter configuration commands, one per line.  End with CNTL/Z.
IE520-stk(config)#
1790737498.954 16:04:58 >>> boot config-file flash:/tb470-bench.row9.cfg
boot config-file flash:/tb470-bench.row9.cfg
Synchronizing file across the stack, please wait...
File synchronization with stack member 1 successfully completed
File synchronization with stack member 4 successfully completed
[DONE]
IE520-stk(config)#
1790737499.756 16:04:59 >>> end
end
IE520-stk#
1790737500.558 16:05:00 >>> show boot
show boot
Boot configuration
--------------------------------------------------------------------------------
Current software   : IE520-tb470.rel 
Current boot image : flash:/IE520-tb470.rel (file exists)
Backup  boot image : Not set 
Default boot config: flash:/default.cfg
Current boot config: flash:/tb470-bench.row9.cfg (file exists)
Backup  boot config: Not set 
Autoboot status    : disabled
Boot Security Level: none

IE520-stk#
1790737590.836 16:06:30 >>> copy flash:/tb470-bench.row9.cfg flash:/tb470-bench.cfg
copy flash:/tb470-bench.row9.cfg flash:/tb470-bench.cfg
Overwrite flash:/tb470-bench.cfg (y/n)[n]:
!!! no prompt within 90 s -- stopping
