1790737414.429 16:03:34 >>> copy IE520-stk-4/flash:/tb470-bench.row9.cfg flash:/tb470-bench.row9.cfg
copy IE520-stk-4/flash:/tb470-bench.row9.cfg flash:/tb470-bench.row9.c
fg
Copying...
Successful operation
IE520-stk#
1790737416.294 16:03:36 >>> copy IE520-stk-4/flash:/tb470-bench.row9.cfg IE520-stk-1/flash:/tb470-bench.row9.cfg
copy IE520-stk-4/flash:/tb470-bench.row9.cfg IE520-stk-1/flash:/tb470-
bench.row9.cfg
Copying...
Successful operation
IE520-stk#
1790737417.518 16:03:37 >>> dir flash:/tb470-bench*
dir flash:/tb470-bench*
      2927 -rw- Sep 30 2026 03:04:14  flash:/tb470-bench.row9.cfg
      2957 -rw- Sep 30 2026 02:45:59  flash:/tb470-bench.cfg
IE520-stk#
1790737418.521 16:03:38 >>> dir IE520-stk-1/flash:/tb470-bench*
dir IE520-stk-1/flash:/tb470-bench*
      2927 -rw- Sep 30 2026 03:04:16  IE520-stk-1/flash:/tb470-bench.row9.cfg
      2957 -rw- Sep 30 2026 02:45:59  IE520-stk-1/flash:/tb470-bench.cfg
IE520-stk#
1790737419.524 16:03:39 >>> dir IE520-stk-4/flash:/tb470-bench*
dir IE520-stk-4/flash:/tb470-bench*
      2957 -rw- Sep 30 2026 02:45:59  IE520-stk-4/flash:/tb470-bench.cfg
      2927 -rw- Sep 30 2026 01:36:18  IE520-stk-4/flash:/tb470-bench.row9.cfg
IE520-stk#
