1790737716.047 16:08:36 >>> dir flash:/tb470-bench*
dir flash:/tb470-bench*
      1663 -rw- Sep 30 2026 02:40:26  flash:/tb470-bench.cfg
      1629 -rw- Sep 30 2026 01:36:29  flash:/tb470-bench.row9.cfg
IE520-sa#
1790737716.849 16:08:36 >>> configure terminal
configure terminal
Enter configuration commands, one per line.  End with CNTL/Z.
IE520-sa(config)#
1790737717.651 16:08:37 >>> boot config-file flash:/tb470-bench.row9.cfg
boot config-file flash:/tb470-bench.row9.cfg
IE520-sa(config)#
1790737718.454 16:08:38 >>> end
end
IE520-sa#
1790737720.159 16:08:40 >>> copy flash:/tb470-bench.row9.cfg flash:/tb470-bench.cfg
copy flash:/tb470-bench.row9.cfg flash:/tb470-bench.cfg
Overwrite flash:/tb470-bench.cfg (y/n)[n]:y

Copying...
Successful operation
IE520-sa#
IE520-sa#
1790737720.962 16:08:40 >>> configure terminal
configure terminal
Enter configuration commands, one per line.  End with CNTL/Z.
IE520-sa(config)#
1790737721.764 16:08:41 >>> boot config-file flash:/tb470-bench.cfg
boot config-file flash:/tb470-bench.cfg
IE520-sa(config)#
1790737722.567 16:08:42 >>> end
end
IE520-sa#
1790737723.369 16:08:43 >>> show boot
show boot
Boot configuration
--------------------------------------------------------------------------------
Current software   : IE520-tb470.rel 
Current boot image : flash:/IE520-tb470.rel (file exists)
Backup  boot image : Not set 
Default boot config: flash:/default.cfg
Current boot config: flash:/tb470-bench.cfg (file exists)
Backup  boot config: Not set 
Autoboot status    : disabled
Boot Security Level: none

IE520-sa#
1790737727.243 16:08:47 >>> show file flash:/tb470-bench.cfg
show file flash:/tb470-bench.cfg
7[r[999;999H[6n!
! Startup-config saved on Tue Sep 29 23:44:05 2026 +0000 by manager via con0 (ttyS0)
!
service password-encryption
!
hostname IE520-sa
!
no banner motd
!
username manager privilege 15 password 8 $5$bJob5N4D$VDlAWDKf4Z/shG0P/kPIysg5qD4cc1OidC4abIHlMg7
!
!
ssh server allow-users manager
service ssh
!
no service telnet
!
service http
!
no clock timezone
!
snmp-server
!
!
!
aaa authentication enable default local
aaa authentication login default local
!
!
!
stack virtual-chassis-id 3439
!
!
loop-protection loop-detect ldf-interval 1 fast-block
!
service onm
!
!
!
!
ip domain-lookup
!
!
!
no service dhcp-server
!
!
!
no ip multicast-routing
!
lldp run
!
spanning-tree mode rstp
!
no lacp global-passive-mode enable
no spanning-tree rstp enable
!
switch 1 provision ie520-28
!
vlan database
 vlan 10 name data
 vlan 4000 name sx-link
 vlan 10,4000 state enable
!
interface port1.0.1-1.0.8
 switchport
 switchport mode access
!
interface port1.0.9
 switchport
 switchport mode access
 static-channel-group 3
!
interface port1.0.10-1.0.12
 switchport
 switchport mode access
!
interface port1.0.13
 switchport
 switchport mode access
 static-channel-group 3
!
interface port1.0.14-1.0.25
 switchport
 switchport mode access
!
interface port1.0.26
 switchport
 switchport mode access
 switchport access vlan 4000
!
interface port1.0.27-1.0.28
 stackport
!
interface sa3
 switchport
 switchport mode access
!
interface vlan1
 ip address 10.38.215.41/27
 ipv6 enable
 ipv6 address dhcp
 ip dhcp-client vendor-identifying-class
 ip dhcp-client request vendor-identifying-specific
!
line con 0
 exec-timeout 0 0
line vty 0 7
!
end


IE520-sa#
1790737728.246 16:08:48 >>> delete flash:/tb470-bench.row9.cfg
delete flash:/tb470-bench.row9.cfg
Delete flash:/tb470-bench.row9.cfg?  (y/n)[n]:y

Deleting...
Successful operation
IE520-sa#
IE520-sa#
1790737729.048 16:08:49 >>> dir flash:/tb470-bench*
dir flash:/tb470-bench*
      1629 -rw- Sep 30 2026 03:09:21  flash:/tb470-bench.cfg
IE520-sa#
