1790737627.415 16:07:07 >>> dir flash:/tb470-bench*
dir flash:/tb470-bench*
      2927 -rw- Sep 30 2026 03:04:14  flash:/tb470-bench.row9.cfg
      2957 -rw- Sep 30 2026 02:45:59  flash:/tb470-bench.cfg
IE520-stk#
1790737629.121 16:07:09 >>> copy flash:/tb470-bench.row9.cfg flash:/tb470-bench.cfg
copy flash:/tb470-bench.row9.cfg flash:/tb470-bench.cfg
Overwrite flash:/tb470-bench.cfg (y/n)[n]:y

Copying...
Successful operation
IE520-stk#
IE520-stk#
1790737630.826 16:07:10 >>> copy flash:/tb470-bench.row9.cfg IE520-stk-1/flash:/tb470-bench.cfg
copy flash:/tb470-bench.row9.cfg IE520-stk-1/flash:/tb470-bench.cfg
Overwrite IE520-stk-1/flash:/tb470-bench.cfg (y/n)[n]:y

Copying...
Successful operation
IE520-stk#
IE520-stk#
1790737632.531 16:07:12 >>> copy flash:/tb470-bench.row9.cfg IE520-stk-4/flash:/tb470-bench.cfg
copy flash:/tb470-bench.row9.cfg IE520-stk-4/flash:/tb470-bench.cfg
Overwrite IE520-stk-4/flash:/tb470-bench.cfg (y/n)[n]:y

Copying...
Successful operation
IE520-stk#
IE520-stk#
1790737633.334 16:07:13 >>> configure terminal
configure terminal
Enter configuration commands, one per line.  End with CNTL/Z.
IE520-stk(config)#
1790737636.944 16:07:16 >>> boot config-file flash:/tb470-bench.cfg
boot config-file flash:/tb470-bench.cfg
Synchronizing file across the stack, please wait...
File synchronization with stack member 4 successfully completed
File synchronization with stack member 1 successfully completed
[DONE]
IE520-stk(config)#
1790737637.747 16:07:17 >>> end
end
IE520-stk#
1790737638.549 16:07:18 >>> show boot
show boot
Boot configuration
--------------------------------------------------------------------------------
Current software   : IE520-tb470.rel 
Current boot image : flash:/IE520-tb470.rel (file exists)
Backup  boot image : Not set 
Default boot config: flash:/default.cfg
Current boot config: flash:/tb470-bench.cfg (file exists)
Backup  boot config: Not set 
Autoboot status    : disabled
Boot Security Level: none

IE520-stk#
1790737639.351 16:07:19 >>> dir flash:/tb470-bench*
dir flash:/tb470-bench*
      2927 -rw- Sep 30 2026 03:07:49  flash:/tb470-bench.cfg
      2927 -rw- Sep 30 2026 03:04:14  flash:/tb470-bench.row9.cfg
IE520-stk#
1790737640.354 16:07:20 >>> dir IE520-stk-1/flash:/tb470-bench*
dir IE520-stk-1/flash:/tb470-bench*
      2927 -rw- Sep 30 2026 03:07:49  IE520-stk-1/flash:/tb470-bench.cfg
      2927 -rw- Sep 30 2026 03:04:14  IE520-stk-1/flash:/tb470-bench.row9.cfg
IE520-stk#
1790737641.357 16:07:21 >>> dir IE520-stk-4/flash:/tb470-bench*
dir IE520-stk-4/flash:/tb470-bench*
      2927 -rw- Sep 30 2026 03:07:49  IE520-stk-4/flash:/tb470-bench.cfg
      2927 -rw- Sep 30 2026 03:04:14  IE520-stk-4/flash:/tb470-bench.row9.cfg
IE520-stk#
