1790732125.731 14:35:25 >>> show file flash:/tb470-bench.cfg
show file flash:/tb470-bench.cfg
7[r[999;999H[6n!
! Startup-config saved on Tue Sep 29 23:43:47 2026 +0000 by manager via con0 (ttyS0)
!
service password-encryption
!
hostname IE520-stk
!
no banner motd
!
username manager privilege 15 password 8 $5$bJob5N4D$VDlAWDKf4Z/shG0P/kPIysg5qD4cc1OidC4abIHlMg7
!
!
ssh server allow-users manager
service ssh
!
no service telnet
!
service http
!
no clock timezone
!
snmp-server
!
!
!
aaa authentication enable default local
aaa authentication login default local
!
!
!
stack virtual-mac
stack virtual-chassis-id 3439
!
!
loop-protection loop-detect ldf-interval 1 fast-block
!
service onm
no service ospf
!
!
!
!
ip domain-lookup
!
!
!
no service dhcp-server
!
!
!
no ip multicast-routing
!
lldp run
!
spanning-tree mode rstp
!
no lacp global-passive-mode enable
no spanning-tree rstp enable
!
switch 1 provision ie520-28
switch 2 provision ie520-28
switch 3 provision ie520-28
switch 4 provision ie520-28
!
vlan database
 vlan 10 name data
 vlan 4000 name sx-link
 vlan 10,4000 state enable
!
interface port1.0.1
 switchport
 switchport mode access
!
interface port1.0.2
 switchport
 switchport mode access
 static-channel-group 2
!
interface port1.0.3-1.0.8
 switchport
 switchport mode access
!
interface port1.0.9
 switchport
 switchport mode access
 static-channel-group 2
!
interface port1.0.10-1.0.12
 switchport
 switchport mode access
!
interface port1.0.13
 switchport
 switchport mode access
 static-channel-group 3
!
interface port1.0.14-1.0.26
 switchport
 switchport mode access
!
interface port1.0.27-1.0.28
 stackport
!
interface port2.0.1-2.0.26
 switchport
 switchport mode access
!
interface port2.0.27-2.0.28
 stackport
!
interface port3.0.1
 switchport
 switchport mode access
!
interface port3.0.2
 switchport
 switchport mode access
 switchport access vlan 10
 static-channel-group 1
!
interface port3.0.3-3.0.26
 switchport
 switchport mode access
!
interface port3.0.27-3.0.28
 stackport
!
interface port4.0.1
 switchport
 switchport mode access
!
interface port4.0.2
 switchport
 switchport mode access
 switchport access vlan 10
 static-channel-group 1
!
interface port4.0.3-4.0.8
 switchport
 switchport mode access
!
interface port4.0.9
 switchport
 switchport mode access
 static-channel-group 3
!
interface port4.0.10-4.0.25
 switchport
 switchport mode access
!
interface port4.0.26
 switchport
 switchport mode access
 switchport access vlan 4000
!
interface port4.0.27-4.0.28
 stackport
!
interface sa1
 switchport
 switchport mode access
 switchport access vlan 10
!
interface sa2-3
 switchport
 switchport mode access
!
interface vlan1
 ip address 10.38.215.10/27
 ip address 10.38.215.40/27 secondary
 ip address 10.38.215.66/27 secondary
 ipv6 enable
 ipv6 address dhcp
 ip dhcp-client vendor-identifying-class
 ip dhcp-client request vendor-identifying-specific
!
interface vlan10
 ip address 10.10.10.1/27
!
ip route 10.38.215.64/27 10.10.10.2
!
line con 0
 exec-timeout 0 0
line vty 0 7
!
end


IE520-stk#
1790732130.005 14:35:30 >>> show file IE520-stk-1/flash:/tb470-bench.cfg
show file IE520-stk-1/flash:/tb470-bench.cfg
7[r[999;999H[6n!
! Startup-config saved on Tue Sep 29 23:43:47 2026 +0000 by manager via con0 (ttyS0)
!
service password-encryption
!
hostname IE520-stk
!
no banner motd
!
username manager privilege 15 password 8 $5$bJob5N4D$VDlAWDKf4Z/shG0P/kPIysg5qD4cc1OidC4abIHlMg7
!
!
ssh server allow-users manager
service ssh
!
no service telnet
!
service http
!
no clock timezone
!
snmp-server
!
!
!
aaa authentication enable default local
aaa authentication login default local
!
!
!
stack virtual-mac
stack virtual-chassis-id 3439
!
!
loop-protection loop-detect ldf-interval 1 fast-block
!
service onm
no service ospf
!
!
!
!
ip domain-lookup
!
!
!
no service dhcp-server
!
!
!
no ip multicast-routing
!
lldp run
!
spanning-tree mode rstp
!
no lacp global-passive-mode enable
no spanning-tree rstp enable
!
switch 1 provision ie520-28
switch 2 provision ie520-28
switch 3 provision ie520-28
switch 4 provision ie520-28
!
vlan database
 vlan 10 name data
 vlan 4000 name sx-link
 vlan 10,4000 state enable
!
interface port1.0.1
 switchport
 switchport mode access
!
interface port1.0.2
 switchport
 switchport mode access
 static-channel-group 2
!
interface port1.0.3-1.0.8
 switchport
 switchport mode access
!
interface port1.0.9
 switchport
 switchport mode access
 static-channel-group 2
!
interface port1.0.10-1.0.12
 switchport
 switchport mode access
!
interface port1.0.13
 switchport
 switchport mode access
 static-channel-group 3
!
interface port1.0.14-1.0.26
 switchport
 switchport mode access
!
interface port1.0.27-1.0.28
 stackport
!
interface port2.0.1-2.0.26
 switchport
 switchport mode access
!
interface port2.0.27-2.0.28
 stackport
!
interface port3.0.1
 switchport
 switchport mode access
!
interface port3.0.2
 switchport
 switchport mode access
 switchport access vlan 10
 static-channel-group 1
!
interface port3.0.3-3.0.26
 switchport
 switchport mode access
!
interface port3.0.27-3.0.28
 stackport
!
interface port4.0.1
 switchport
 switchport mode access
!
interface port4.0.2
 switchport
 switchport mode access
 switchport access vlan 10
 static-channel-group 1
!
interface port4.0.3-4.0.8
 switchport
 switchport mode access
!
interface port4.0.9
 switchport
 switchport mode access
 static-channel-group 3
!
interface port4.0.10-4.0.25
 switchport
 switchport mode access
!
interface port4.0.26
 switchport
 switchport mode access
 switchport access vlan 4000
!
interface port4.0.27-4.0.28
 stackport
!
interface sa1
 switchport
 switchport mode access
 switchport access vlan 10
!
interface sa2-3
 switchport
 switchport mode access
!
interface vlan1
 ip address 10.38.215.10/27
 ip address 10.38.215.40/27 secondary
 ip address 10.38.215.66/27 secondary
 ipv6 enable
 ipv6 address dhcp
 ip dhcp-client vendor-identifying-class
 ip dhcp-client request vendor-identifying-specific
!
interface vlan10
 ip address 10.10.10.1/27
!
ip route 10.38.215.64/27 10.10.10.2
!
line con 0
 exec-timeout 0 0
line vty 0 7
!
end


IE520-stk#
1790732134.499 14:35:34 >>> show file IE520-stk-3/flash:/tb470-bench.cfg
show file IE520-stk-3/flash:/tb470-bench.cfg
7[r[999;999H[6n!
! Startup-config saved on Tue Sep 29 23:43:47 2026 +0000 by manager via con0 (ttyS0)
!
service password-encryption
!
hostname IE520-stk
!
no banner motd
!
username manager privilege 15 password 8 $5$bJob5N4D$VDlAWDKf4Z/shG0P/kPIysg5qD4cc1OidC4abIHlMg7
!
!
ssh server allow-users manager
service ssh
!
no service telnet
!
service http
!
no clock timezone
!
snmp-server
!
!
!
aaa authentication enable default local
aaa authentication login default local
!
!
!
stack virtual-mac
stack virtual-chassis-id 3439
!
!
loop-protection loop-detect ldf-interval 1 fast-block
!
service onm
no service ospf
!
!
!
!
ip domain-lookup
!
!
!
no service dhcp-server
!
!
!
no ip multicast-routing
!
lldp run
!
spanning-tree mode rstp
!
no lacp global-passive-mode enable
no spanning-tree rstp enable
!
switch 1 provision ie520-28
switch 2 provision ie520-28
switch 3 provision ie520-28
switch 4 provision ie520-28
!
vlan database
 vlan 10 name data
 vlan 4000 name sx-link
 vlan 10,4000 state enable
!
interface port1.0.1
 switchport
 switchport mode access
!
interface port1.0.2
 switchport
 switchport mode access
 static-channel-group 2
!
interface port1.0.3-1.0.8
 switchport
 switchport mode access
!
interface port1.0.9
 switchport
 switchport mode access
 static-channel-group 2
!
interface port1.0.10-1.0.12
 switchport
 switchport mode access
!
interface port1.0.13
 switchport
 switchport mode access
 static-channel-group 3
!
interface port1.0.14-1.0.26
 switchport
 switchport mode access
!
interface port1.0.27-1.0.28
 stackport
!
interface port2.0.1-2.0.26
 switchport
 switchport mode access
!
interface port2.0.27-2.0.28
 stackport
!
interface port3.0.1
 switchport
 switchport mode access
!
interface port3.0.2
 switchport
 switchport mode access
 switchport access vlan 10
 static-channel-group 1
!
interface port3.0.3-3.0.26
 switchport
 switchport mode access
!
interface port3.0.27-3.0.28
 stackport
!
interface port4.0.1
 switchport
 switchport mode access
!
interface port4.0.2
 switchport
 switchport mode access
 switchport access vlan 10
 static-channel-group 1
!
interface port4.0.3-4.0.8
 switchport
 switchport mode access
!
interface port4.0.9
 switchport
 switchport mode access
 static-channel-group 3
!
interface port4.0.10-4.0.25
 switchport
 switchport mode access
!
interface port4.0.26
 switchport
 switchport mode access
 switchport access vlan 4000
!
interface port4.0.27-4.0.28
 stackport
!
interface sa1
 switchport
 switchport mode access
 switchport access vlan 10
!
interface sa2-3
 switchport
 switchport mode access
!
interface vlan1
 ip address 10.38.215.10/27
 ip address 10.38.215.40/27 secondary
 ip address 10.38.215.66/27 secondary
 ipv6 enable
 ipv6 address dhcp
 ip dhcp-client vendor-identifying-class
 ip dhcp-client request vendor-identifying-specific
!
interface vlan10
 ip address 10.10.10.1/27
!
ip route 10.38.215.64/27 10.10.10.2
!
line con 0
 exec-timeout 0 0
line vty 0 7
!
end


IE520-stk#
1790732136.365 14:35:36 >>> copy flash:/tb470-bench.cfg flash:/tb470-bench.row9.cfg
copy flash:/tb470-bench.cfg flash:/tb470-bench.row9.cfg
Copying...
Successful operation
IE520-stk#
1790732137.368 14:35:37 >>> dir flash:/tb470-bench*
dir flash:/tb470-bench*
      2927 -rw- Sep 30 2026 01:36:18  flash:/tb470-bench.row9.cfg
      2927 -rw- Sep 29 2026 23:43:47  flash:/tb470-bench.cfg
IE520-stk#
