TEST 28127 -- L3 traffic on guest vlan (IPv4) - Hw forwarding enabled
===========================================================================
Run:    2026-09-24 (device clock 2026-09-23 ~21:40-22:05 UTC), tb470
Build:  awplus_main-20260923-20
DUT:    IE520 3-member VCStack "IE520-stk" (members 1/3/4)
Setup:  two supplicant ports on stack member 3 -- port3.0.9 (tb470 eth3, sender) and
        port3.0.13 (tb470 eth1, receiver). eth2 (vlan1, behind IE520-sa) also captured.
        Guest VLAN config on both ports:
            vlan database / vlan 200 state enable
            aaa authentication dot1x default group radius   (no server: nobody authenticates)
            interface port3.0.9,port3.0.13 / dot1x port-control auto / auth guest-vlan 200
        `show auth supplicant`: both ports dot1x, "No supplicants"; `show vlan 200`: both (u).
        hw-forwarding ON adds `auth guest-vlan hw-forwarding` on both ports.
Traffic: from eth3, 50 pps: 500 frames to eth1's MAC ("known"), then 100 frames to an
        unlearned MAC 02:00:00:00:99:99 ("unknown"). One frame from each host first so
        the DUT learns both MACs in the port's current VLAN.
CPU path: stack member 3 `show platform counter sdma` -- RX/TX packet counter -- read
        just before and just after each send. Background CPU traffic is ~800-950 packets
        per 14 s, so the evidence is the like-for-like comparison: the SAME traffic with
        hw-forwarding off vs on. The difference is the frames the CPU handled.
Rate:   the loss-vs-line-rate half of the case needs a line-rate generator (ixia).
        This bench sends at 50 pps, so that half is UNMEASURED throughout.
Step 2: the case gives step 2 the same description as step 1 and expects "completely
        blocked". Interpreted, from the folder title "Suppress unicast flooding on Guest
        VLAN", as UNKNOWN unicast between supplicants. That is an interpretation.

BASELINE (feature OFF, both ports plain vlan1)
      IPv4 known 500 -> eth1 500, eth2 0       IPv4 unknown 100 -> eth1 100, eth2 100 (flood)
      IPv6 known 500 -> eth1 500, eth2 0       IPv6 unknown 100 -> eth1 100, eth2 100 (flood)

VERDICT: FAIL -- step 2 ("completely blocked") is not met: unknown unicast between the
         supplicants is flooded to the other guest-VLAN port. Step 1 passes functionally:
         with hw-forwarding enabled the traffic does NOT go through the CPU (proven).
         "Line rate, no loss" is UNMEASURED (no ixia).

STEP 1 -- "L3 traffic sent between supplicants" (`auth guest-vlan hw-forwarding`)
      known 500 -> eth1 500/500, eth2 0
      member 3 sdma delta (rx, tx):  hw-fwd ON (909, 1088)   vs idle 14 s (793, 944)
                                     and vs the same traffic hw-fwd OFF (1530, 1713)
  => the counters stay at background level: the frames are forwarded in hardware.
     The case says "all counters should be zero"; they are not zero, because the CPU
     always carries ~60 pps of its own traffic, but the test traffic adds nothing.

STEP 2 -- expected "completely blocked"
      unknown 100 -> eth1 100/100, eth2 0   (flooded to the other guest-VLAN port)

Cleanup: as 28126 (same run).
