TEST 28129 -- L3 traffic on guest vlan (IPv6) - Hw forwarding enabled
===========================================================================
Run:    2026-09-24 (device clock 2026-09-23 ~21:40-22:05 UTC), tb470
Build:  awplus_main-20260923-20
DUT:    IE520 3-member VCStack "IE520-stk" (members 1/3/4)
Setup:  two supplicant ports on stack member 3 -- port3.0.9 (tb470 eth3, sender) and
        port3.0.13 (tb470 eth1, receiver). eth2 (vlan1, behind IE520-sa) also captured.
        Guest VLAN config on both ports:
            vlan database / vlan 200 state enable
            aaa authentication dot1x default group radius   (no server: nobody authenticates)
            interface port3.0.9,port3.0.13 / dot1x port-control auto / auth guest-vlan 200
        `show auth supplicant`: both ports dot1x, "No supplicants"; `show vlan 200`: both (u).
        hw-forwarding ON adds `auth guest-vlan hw-forwarding` on both ports.
Traffic: from eth3, 50 pps: 500 frames to eth1's MAC ("known"), then 100 frames to an
        unlearned MAC 02:00:00:00:99:99 ("unknown"). One frame from each host first so
        the DUT learns both MACs in the port's current VLAN.
CPU path: stack member 3 `show platform counter sdma` -- RX/TX packet counter -- read
        just before and just after each send. Background CPU traffic is ~800-950 packets
        per 14 s, so the evidence is the like-for-like comparison: the SAME traffic with
        hw-forwarding off vs on. The difference is the frames the CPU handled.
Rate:   the loss-vs-line-rate half of the case needs a line-rate generator (ixia).
        This bench sends at 50 pps, so that half is UNMEASURED throughout.
Step 2: the case gives step 2 the same description as step 1 and expects "completely
        blocked". Interpreted, from the folder title "Suppress unicast flooding on Guest
        VLAN", as UNKNOWN unicast between supplicants. That is an interpretation.

BASELINE (feature OFF, both ports plain vlan1)
      IPv4 known 500 -> eth1 500, eth2 0       IPv4 unknown 100 -> eth1 100, eth2 100 (flood)
      IPv6 known 500 -> eth1 500, eth2 0       IPv6 unknown 100 -> eth1 100, eth2 100 (flood)
IPv6:   src 2001:db8:200::65 -> dst 2001:db8:200::1 (both in 2001:db8:200::/64).

VERDICT: PASS (functional) -- all three variants forward between supplicants in hardware
         with no loss at 50 pps. "No loss at line rate" is UNMEASURED (no ixia).

      variant (vlan200 IPv6 address)             known 500 -> eth1   unknown 100 -> eth1   member 3 sdma (rx, tx)
      1  none                                      500/500             100/100             (913, 1094)
      2  2001:db8:200::10/64  (same subnet)        500/500             100/100             (828, 1005)
      3  2001:db8:300::10/64  (different subnet)   499/500             100/100             (923, 1122)
      idle 14 s                                                                            (793, 944)
      (eth2 received 0 in every variant)

  The sdma counters stay at background level in every variant: the traffic is not going
  through the CPU. The one frame missing in variant 3 is a single loss at 50 pps, within
  what the host capture can miss. The unknown-unicast frames are flooded to the other
  supplicant, as in 28126-28128; the case itself makes no blocking claim here.

Cleanup: as 28126 (same run).
