TEST 38435 -- Tri-auth / VCS - Master Failover
===========================================================================
Run:    2026-09-24 16:12-16:32 NZST, tb470
Build:  awplus_main-20260923-20
DUT:    IE520 3-member VCStack "IE520-stk" (members 1/3/4, stack virtual-mac on), acting as
        its own authentication server (`radius-server local`, reached at 127.0.0.1)
Case:   ck.db holds no steps, only the precondition "Configure dot1x, auth-mac, auth-web,
        and static LAG. If multiple-dynamic-vlan enables, dhcp-relay does NOT enable."
        Redrafted (09-23 handover) as a stack-master failover with the master as auth server;
        multiple-dynamic-vlan and dhcp-relay stay off. Design choice: CAMPAIGN-QUEUE I-20.
        (Replaces the 2026-09-22 UNMEASURED "no steps / no straddling LAG".)

VERDICT: PASS -- all three authenticated sessions (dot1x, web and MAC-on-static-LAG) survive a
         master failover. Traffic on every path is interrupted for ~2.2 s, and a new 802.1X
         authentication succeeds against the new master's RADIUS server.

SETUP
  Pre-step: the host-facing ports are on member 3, which was the master. So member 3 was
  reloaded first, making member 4 the master (reload 16:12:20; member 3 back as Backup
  16:17:18). The supplicants' ports then sit on a member that survives the failover.
  Tri-auth on port3.0.13, port3.0.9 and the static LAG sa3 (dot1x port-control auto;
  auth-mac enable; auth-web enable). AAA dot1x/auth-mac/auth-web -> group radius ->
  127.0.0.1 (local server: users testuser, 00-f0-4d-00-77-17). auth-web-server 10.38.215.66.
      eth1 -> port3.0.13 (member 3)          802.1X   wpa_supplicant wired, EAP-MD5 testuser
      eth3 -> port3.0.9  (member 3)          web      POST /index.cgi USERNAME/PASSWORD
      eth2 -> IE520-sa -> sa3 (members 1+4)  MAC      00-f0-4d-00-77-17
  Before authentication: eth1 0/10, eth3 0/10 (blocked). eth2 was authenticated by MAC
  within seconds.
  show auth supplicant brief, all three authorized:
      port3.0.13  1  D  00f0.4d00.7716  Authenticated  --             testuser
      port3.0.9   1  .  00f0.4d00.7718  Authenticated  10.38.215.65   testuser (web)
      sa3         1  M  00f0.4d00.7717  Authenticated  10.38.215.33   00-f0...
  traffic: eth1->.10 10/10, eth3->.66 10/10, eth2->.40 10/10

FAILOVER -- reload stack-member 4 (the Active Master), 16:21:49
  show stack afterwards: member 3 Active Master, member 1 Backup, member 4 absent. Member 4
  rejoined as Backup at +314 s. Operational Status: Normal operation throughout.
  Continuous 0.1 s pings on all three paths (300 s window, run as `ping -D -O`):
      path            lost   longest outage
      eth1 -> .10     70     22 x 0.1 s = ~2.2 s at the failover (the other 48 = the
                             deliberate 802.1X logoff/logon below)
      eth3 -> .66     22     ~2.2 s at the failover
      eth2 -> .40     23     ~2.2 s at the failover (+1 isolated loss later)
  +45 s after the reload: dot1x / web / MAC-on-sa3 all still Authenticated (no re-login)
  New authentication with the NEW master as the server:
      wpa_cli logoff -> PAE LOGOFF, Unauthorized
      wpa_cli logon  -> PAE AUTHENTICATED, suppPortStatus Authorized, EAP SUCCESS
  After member 4 rejoined: all three still Authenticated; all paths 10/10.

NOTES
  - Tri-auth ordering: on a port with all three methods, the port's 802.1X attempt stays
    "Connecting" when the host has no 802.1X supplicant. Until it times out, the portal
    refuses the web login with "The previous authentication in progress. Please try later."
  - Tri-auth is accepted on a static aggregator (sa3) and MAC-authenticates a host behind
    another switch.
  - `no aaa authentication dot1x default group radius` is "% Invalid input"; the no-form is
    `no aaa authentication dot1x default` (likewise auth-mac and auth-web).
  - The master is now member 3 again (lowest MAC among the survivors), the same as before
    the test.

TEARDOWN
  wpa_supplicant (ours, PID 7292) stopped. Auth removed from the three interfaces, then AAA,
  auth-web-server, radius-server host and radius-server local removed. The stack's
  running-config diffs IDENTICAL against the pre-test copy. Paths 0% loss.
