
===== opened /dev/u5 at 2026-09-22 09:01:53 =====

IE520-stk#
>>> terminal length 0
terminal length 0
IE520-stk#
>>> terminal no monitor
terminal no monitor
IE520-stk#
>>> terminal length 0
terminal length 0
IE520-stk#
>>> configure terminal
configure terminal
Enter configuration commands, one per line.  End with CNTL/Z.
IE520-stk(config)#
>>> interface port2.0.2
interface port2.0.2
IE520-stk(config-if)#
>>> no auth-mac enable
no auth-mac enable
IE520-stk(config-if)#
>>> exit
exit
IE520-stk(config)#
>>> end
end
IE520-stk#
>>> configure terminal
configure terminal
Enter configuration commands, one per line.  End with CNTL/Z.
IE520-stk(config)#
>>> auth-web-server ipaddress 10.38.215.40
auth-web-server ipaddress 10.38.215.40
IE520-stk(config)#
>>> interface port2.0.2
interface port2.0.2
IE520-stk(config-if)#
>>> auth-web enable
auth-web enable
IE520-stk(config-if)#
>>> exit
exit
IE520-stk(config)#
>>> end
end
IE520-stk#
>>> show auth-web-server
show auth-web-server
Web authentication server
  Server status: enabled
  Server address: 10.38.215.40
  Server Host-Name: --
  Server protocol: HTTP
  DHCP server: disabled
  DHCP lease time: 20
  DHCP WPAD option URL: --
  HTTP Port No: --
  Certification: default
  HTTP Intercept Port No: 80
  HTTPS Intercept Port No: 443
  Redirect URL: --
  Redirect delay time: 5
  Session keep: disabled
  Login URL: --
  Webauth IP conflict logoff supplicant: newer
  PingPolling: disabled
  PingPollingType: Ping
  PingInterval: 30
  Timeout: 1
  FailCount: 5
  ReauthTimerRefresh: disabled
IE520-stk#
>>> show auth supplicant
show auth supplicant
Interface port2.0.2
  authenticationMethod: web
  totalSupplicantNum: 1
  authorizedSupplicantNum: 0
  untaggedVlansupplicantNum: 0
  taggedVlansupplicantNum: 0

  Supplicant name: -
  Supplicant address: 00f0.4d00.7717
    authenticationMethod: WEB-based Authentication
    portStatus: Unauthorized - currentId: 1
    abort:F fail:F start:F timeout:F success:F
    PAE: state: Connecting - portMode: Auto
    PAE: reAuthCount: 1 - rxRespId: 0
    PAE: quietPeriod: 60 - maxReauthReq: 2
    BE: state: Idle - reqCount: 0 - idFromServer: 0
    CD: adminControlledDirections: in - operControlledDirections: in
    CD: bridgeDetected: false
    KR: rxKey: false
    KT: keyAvailable: false - keyTxEnabled: false
    Session timeout enabled: No

IE520-stk#