
===== opened /dev/u5 at 2026-09-22 08:57:21 =====

IE520-stk#
>>> terminal length 0
terminal length 0
IE520-stk#
>>> terminal no monitor
terminal no monitor
IE520-stk#
>>> terminal length 0
terminal length 0
IE520-stk#
>>> show running-config | include aaa |radius-server
show running-config | include aaa |radius-server
radius-server host 127.0.0.1 key jXi0YZsAvMP3tO8WI/h+U6FxnDK/fk1qY5QPp48OZjk= encrypted
aaa authentication enable default local
aaa authentication login default local
aaa authentication dot1x default group radius
aaa authentication auth-mac default group radius
aaa authentication auth-web default group radius
radius-server local
IE520-stk#
>>> configure terminal
configure terminal
Enter configuration commands, one per line.  End with CNTL/Z.
IE520-stk(config)#
>>> interface port2.0.2
interface port2.0.2
IE520-stk(config-if)#
>>> auth-mac enable
auth-mac enable
IE520-stk(config-if)#
>>> exit
exit
IE520-stk(config)#
>>> end
end
IE520-stk#
>>> show dot1x
show dot1x
802.1X Port-Based Authentication: Enabled
MAC-based Port Authentication   : Enabled (Mode:Dynamic)
WEB-based Port Authentication   : Enabled
  RADIUS server address (auth): 127.0.0.1:1812,
    Last radius message id: 0
IE520-stk#
>>> show auth supplicant
show auth supplicant
Interface port2.0.2
  authenticationMethod: mac
  totalSupplicantNum: 1
  authorizedSupplicantNum: 0
  untaggedVlansupplicantNum: 0
  taggedVlansupplicantNum: 0

  Supplicant name: -
  Supplicant address: 0000.dead.beef
    authenticationMethod: MAC-based Authentication
    portStatus: Unauthorized - currentId: 2
    abort:F fail:T start:F timeout:F success:F
    PAE: state: Held - portMode: Auto
    PAE: reAuthCount: 1 - rxRespId: 0
    PAE: quietPeriod: 60 - maxReauthReq: 2
    BE: state: Idle - reqCount: 0 - idFromServer: 0
    CD: adminControlledDirections: in - operControlledDirections: in
    CD: bridgeDetected: false
    KR: rxKey: false
    KT: keyAvailable: false - keyTxEnabled: false
    RADIUS server group (auth): radius
    RADIUS server (auth): 127.0.0.1
    Session timeout enabled: No

IE520-stk#