
===== opened /dev/u5 at 2026-09-22 09:04:36 =====

IE520-stk#
>>> terminal length 0
terminal length 0
IE520-stk#
>>> terminal no monitor
terminal no monitor
IE520-stk#
>>> terminal length 0
terminal length 0
IE520-stk#
>>> show tacacs+
show tacacs+
TACACS+ Global Configuration
  Source Interface    : not configured
  Timeout             : 5 sec

No TACACS+ servers currently defined
IE520-stk#
>>> configure terminal
configure terminal
Enter configuration commands, one per line.  End with CNTL/Z.
IE520-stk(config)#
>>> interface port2.0.2
interface port2.0.2
IE520-stk(config-if)#
>>> no auth-web enable
no auth-web enable
IE520-stk(config-if)#
>>> dot1x port-control auto
dot1x port-control auto
IE520-stk(config-if)#
>>> exit
exit
IE520-stk(config)#
>>> end
end
IE520-stk#
>>> show dot1x interface port2.0.2
show dot1x interface port2.0.2
Authentication Info for interface port2.0.2
  portEnabled: true - portControl: Auto
  portStatus: Unauthorized
  reAuthenticate: disabled
  reAuthPeriod: 3600
  PAE: quietPeriod: 60 - maxReauthReq: 2 - txPeriod: 30
  PAE: connectTimeout: 30
  BE: suppTimeout: 30 - serverTimeout: 30 - maxReq: 2
  CD: adminControlledDirections: both
  KT: keyTxEnabled: false
  critical: disabled
  guestVlan: disabled
  guestVlanForwarding:
    none
  authFailVlan: disabled
  dynamicVlanCreation: disabled
  multiVlanSession: disabled
  hostMode: single-host
  Dynamically allocated tagged vlan member count: 0
  dynamicACLs: disabled
  vlanRestriction: disabled
  dot1x: enabled
    protocolVersion: 1
  authMac: disabled
  authWeb: disabled
  twoStepAuthentication:
    configured: disabled
    actual: disabled
  supplicantMac: none
  supplicantIpv4: none
  packetForwarding:
    none
IE520-stk#
>>> show auth supplicant
show auth supplicant
Interface port2.0.2
  authenticationMethod: dot1x
  totalSupplicantNum: 1
  authorizedSupplicantNum: 1
  untaggedVlansupplicantNum: 1
  taggedVlansupplicantNum: 0
    macBasedAuthenticationSupplicantNum: 0
    dot1xAuthenticationSupplicantNum: 1
    webBasedAuthenticationSupplicantNum: 0
    otherAuthenticationSupplicantNum: 0

  Supplicant name: testuser
  Supplicant address: 00f0.4d00.7717
    authenticationMethod: 802.1X
    portStatus: Authorized - currentId: 3
    abort:F fail:F start:F timeout:F success:T
    PAE: state: Authenticated - portMode: Auto
    PAE: reAuthCount: 0 - rxRespId: 0
    PAE: quietPeriod: 60 - maxReauthReq: 2
    BE: state: Idle - reqCount: 0 - idFromServer: 2
    CD: adminControlledDirections: both - operControlledDirections: both
    CD: bridgeDetected: false
    KR: rxKey: false
    KT: keyAvailable: false - keyTxEnabled: false
    RADIUS server group (auth): radius
    RADIUS server (auth): 127.0.0.1
    Session timeout enabled: No

IE520-stk#