
===== opened /dev/u5 at 2026-09-22 09:06:32 =====

IE520-stk#
>>> terminal length 0
terminal length 0
IE520-stk#
>>> terminal no monitor
terminal no monitor
IE520-stk#
>>> terminal length 0
terminal length 0
IE520-stk#
>>> configure terminal
configure terminal
Enter configuration commands, one per line.  End with CNTL/Z.
IE520-stk(config)#
>>> vlan database
vlan database
IE520-stk(config-vlan)#
>>> vlan 200 state enable
vlan 200 state enable
IE520-stk(config-vlan)#
>>> exit
exit
IE520-stk(config)#
>>> interface port2.0.2
interface port2.0.2
IE520-stk(config-if)#
>>> auth guest-vlan 200
auth guest-vlan 200
IE520-stk(config-if)#
>>> exit
exit
IE520-stk(config)#
>>> end
end
IE520-stk#
>>> show auth supplicant
show auth supplicant
Interface port2.0.2
  authenticationMethod: dot1x
  totalSupplicantNum: 0
  authorizedSupplicantNum: 0
  untaggedVlansupplicantNum: 0
  taggedVlansupplicantNum: 0

No supplicants

IE520-stk#
>>> show vlan 200
show vlan 200

VLAN ID  Name            Type    State   Member ports                   
                                         (u)-Untagged, (t)-Tagged
======= ================ ======= ======= ====================================
200     VLAN0200         STATIC  ACTIVE  port2.0.2(u) 
IE520-stk#
>>> show platform counter sdma
show platform counter sdma

Stack member 1:

9548 known register names. 
1233675 known register names. 
registers to dump on portGroupId 0 regnum 4815
start Dump Counters for device number [0.0]: 
 Cntr addr : Cntr value : Cntr name
----------------------------------------
0x00002820 :          0 : sdmaRegs.rxDmaPcktCnt[0]
0x00002824 :          0 : sdmaRegs.rxDmaPcktCnt[1]
0x00002828 :          0 : sdmaRegs.rxDmaPcktCnt[2]
0x0000282c :      60975 : sdmaRegs.rxDmaPcktCnt[3]
0x00002830 :          0 : sdmaRegs.rxDmaPcktCnt[4]
0x00002834 :          0 : sdmaRegs.rxDmaPcktCnt[5]
0x00002838 :       2385 : sdmaRegs.rxDmaPcktCnt[6]
0x0000283c :    2750210 : sdmaRegs.rxDmaPcktCnt[7]
0x00002840 :          0 : sdmaRegs.rxDmaByteCnt[0]
0x00002844 :          0 : sdmaRegs.rxDmaByteCnt[1]
0x00002848 :          0 : sdmaRegs.rxDmaByteCnt[2]
0x0000284c :   20501167 : sdmaRegs.rxDmaByteCnt[3]
0x00002850 :          0 : sdmaRegs.rxDmaByteCnt[4]
0x00002854 :          0 : sdmaRegs.rxDmaByteCnt[5]
0x00002858 :     423220 : sdmaRegs.rxDmaByteCnt[6]
0x0000285c :  303472687 : sdmaRegs.rxDmaByteCnt[7]
0x00002860 :       1536 : sdmaRegs.rxSdmaResourceErrorCountAndMode[0]
0x00002864 :       1536 : sdmaRegs.rxSdmaResourceErrorCountAndMode[1]
0x00002878 :       1536 : sdmaRegs.rxSdmaResourceErrorCountAndMode[2]
0x0000287c :       1536 : sdmaRegs.rxSdmaResourceErrorCountAndMode[3]
0x00002880 :       1536 : sdmaRegs.rxSdmaResourceErrorCountAndMode[4]
0x00002884 :       1536 : sdmaRegs.rxSdmaResourceErrorCountAndMode[5]
0x00002888 :       1536 : sdmaRegs.rxSdmaResourceErrorCountAndMode[6]
0x0000288c :       1536 : sdmaRegs.rxSdmaResourceErrorCountAndMode[7]

Software sdma error counters: 
----------------------------------------
Rx invalid DSA:           0
Tx invalid pkt:           0
Tx unknown dst:           0
Tx port disabled:         0
Tx no more:               0
RX packet counter: 2813571
TX packet counter: 3005594
                     Q0      Q1      Q2      Q3      Q4      Q5      Q6      Q7
Tx end fifo:          0       0       0       0       0       0       0       0
Tx desc ring:         0       0       0       0       0       0       0       0
Tx bad param:         0       0       0       0       0       0       0       0
Tx other:             0       0       0       0       0       0       0       0
Tx Bad Desc:          0       0       0       0       0       0       0       0


Software sdma watermarks: 
----------------------------------------
                     Q0      Q1      Q2      Q3      Q4      Q5      Q6      Q7
Tx ioctl high:        0       0       0       0       0       0       0      32

Software short DMA Tx Pkt Counter: 0

Stack member 2:

9548 known register names. 
1233675 known register names. 
registers to dump on portGroupId 0 regnum 4815
start Dump Counters for device number [1.0]: 
 Cntr addr : Cntr value : Cntr name
----------------------------------------
0x00002820 :          0 : sdmaRegs.rxDmaPcktCnt[0]
0x00002824 :          0 : sdmaRegs.rxDmaPcktCnt[1]
0x00002828 :          0 : sdmaRegs.rxDmaPcktCnt[2]
0x0000282c :      77038 : sdmaRegs.rxDmaPcktCnt[3]
0x00002830 :          0 : sdmaRegs.rxDmaPcktCnt[4]
0x00002834 :          0 : sdmaRegs.rxDmaPcktCnt[5]
0x00002838 :      10503 : sdmaRegs.rxDmaPcktCnt[6]
0x0000283c :    8076887 : sdmaRegs.rxDmaPcktCnt[7]
0x00002840 :          0 : sdmaRegs.rxDmaByteCnt[0]
0x00002844 :          0 : sdmaRegs.rxDmaByteCnt[1]
0x00002848 :          0 : sdmaRegs.rxDmaByteCnt[2]
0x0000284c :   24574080 : sdmaRegs.rxDmaByteCnt[3]
0x00002850 :          0 : sdmaRegs.rxDmaByteCnt[4]
0x00002854 :          0 : sdmaRegs.rxDmaByteCnt[5]
0x00002858 :    1884460 : sdmaRegs.rxDmaByteCnt[6]
0x0000285c :  899775787 : sdmaRegs.rxDmaByteCnt[7]
0x00002860 :       1536 : sdmaRegs.rxSdmaResourceErrorCountAndMode[0]
0x00002864 :       1536 : sdmaRegs.rxSdmaResourceErrorCountAndMode[1]
0x00002878 :       1536 : sdmaRegs.rxSdmaResourceErrorCountAndMode[2]
0x0000287c :       1536 : sdmaRegs.rxSdmaResourceErrorCountAndMode[3]
0x00002880 :       1536 : sdmaRegs.rxSdmaResourceErrorCountAndMode[4]
0x00002884 :       1536 : sdmaRegs.rxSdmaResourceErrorCountAndMode[5]
0x00002888 :       1536 : sdmaRegs.rxSdmaResourceErrorCountAndMode[6]
0x0000288c :       1536 : sdmaRegs.rxSdmaResourceErrorCountAndMode[7]

Software sdma error counters: 
----------------------------------------
Rx invalid DSA:           0
Tx invalid pkt:           0
Tx unknown dst:           0
Tx port disabled:         0
Tx no more:               0
RX packet counter: 8164432
TX packet counter: 7278212
                     Q0      Q1      Q2      Q3      Q4      Q5      Q6      Q7
Tx end fifo:          0       0       0       0       0       0       0       0
Tx desc ring:         0       0       0       0       0       0       0       0
Tx bad param:         0       0       0       0       0       0       0       0
Tx other:             0       0       0       0       0       0       0       0
Tx Bad Desc:          0       0       0       0       0       0       0       0


Software sdma watermarks: 
----------------------------------------
                     Q0      Q1      Q2      Q3      Q4      Q5      Q6      Q7
Tx ioctl high:        0       0       0       0       0       0       0       8

Software short DMA Tx Pkt Counter: 0

Stack member 3:

9548 known register names. 
1233675 known register names. 
registers to dump on portGroupId 0 regnum 4815
start Dump Counters for device number [2.0]: 
 Cntr addr : Cntr value : Cntr name
----------------------------------------
0x00002820 :         11 : sdmaRegs.rxDmaPcktCnt[0]
0x00002824 :      88629 : sdmaRegs.rxDmaPcktCnt[1]
0x00002828 :        370 : sdmaRegs.rxDmaPcktCnt[2]
0x0000282c :       1327 : sdmaRegs.rxDmaPcktCnt[3]
0x00002830 :          0 : sdmaRegs.rxDmaPcktCnt[4]
0x00002834 :          0 : sdmaRegs.rxDmaPcktCnt[5]
0x00002838 :      66573 : sdmaRegs.rxDmaPcktCnt[6]
0x0000283c :    3615387 : sdmaRegs.rxDmaPcktCnt[7]
0x00002840 :       1104 : sdmaRegs.rxDmaByteCnt[0]
0x00002844 :   94435607 : sdmaRegs.rxDmaByteCnt[1]
0x00002848 :      29732 : sdmaRegs.rxDmaByteCnt[2]
0x0000284c :     266224 : sdmaRegs.rxDmaByteCnt[3]
0x00002850 :          0 : sdmaRegs.rxDmaByteCnt[4]
0x00002854 :          0 : sdmaRegs.rxDmaByteCnt[5]
0x00002858 :   18488859 : sdmaRegs.rxDmaByteCnt[6]
0x0000285c :  469051386 : sdmaRegs.rxDmaByteCnt[7]
0x00002860 :       1536 : sdmaRegs.rxSdmaResourceErrorCountAndMode[0]
0x00002864 :       1732 : sdmaRegs.rxSdmaResourceErrorCountAndMode[1]
0x00002878 :       1536 : sdmaRegs.rxSdmaResourceErrorCountAndMode[2]
0x0000287c :       1536 : sdmaRegs.rxSdmaResourceErrorCountAndMode[3]
0x00002880 :       1536 : sdmaRegs.rxSdmaResourceErrorCountAndMode[4]
0x00002884 :       1536 : sdmaRegs.rxSdmaResourceErrorCountAndMode[5]
0x00002888 :       1536 : sdmaRegs.rxSdmaResourceErrorCountAndMode[6]
0x0000288c :       1536 : sdmaRegs.rxSdmaResourceErrorCountAndMode[7]

Software sdma error counters: 
----------------------------------------
Rx invalid DSA:           0
Tx invalid pkt:           0
Tx unknown dst:           0
Tx port disabled:         0
Tx no more:               0
RX packet counter: 3772308
TX packet counter: 4436751
                     Q0      Q1      Q2      Q3      Q4      Q5      Q6      Q7
Tx end fifo:          0       0       0       0      41       0       0       0
Tx desc ring:         0       0       0       0       0       0       0       0
Tx bad param:         0       0       0       0       0       0       0       0
Tx other:             0       0       0       0       0       0       0       0
Tx Bad Desc:          0       0       0       0       0       0       0       0


Software sdma watermarks: 
----------------------------------------
                     Q0      Q1      Q2      Q3      Q4      Q5      Q6      Q7
Tx ioctl high:        1       0       0       2      76       0       4      23

Software short DMA Tx Pkt Counter: 0

Stack member 4:

9548 known register names. 
1233675 known register names. 
registers to dump on portGroupId 0 regnum 4815
start Dump Counters for device number [3.0]: 
 Cntr addr : Cntr value : Cntr name
----------------------------------------
0x00002820 :          0 : sdmaRegs.rxDmaPcktCnt[0]
0x00002824 :          0 : sdmaRegs.rxDmaPcktCnt[1]
0x00002828 :          0 : sdmaRegs.rxDmaPcktCnt[2]
0x0000282c :      84213 : sdmaRegs.rxDmaPcktCnt[3]
0x00002830 :          0 : sdmaRegs.rxDmaPcktCnt[4]
0x00002834 :          0 : sdmaRegs.rxDmaPcktCnt[5]
0x00002838 :      17299 : sdmaRegs.rxDmaPcktCnt[6]
0x0000283c :   12970144 : sdmaRegs.rxDmaPcktCnt[7]
0x00002840 :          0 : sdmaRegs.rxDmaByteCnt[0]
0x00002844 :          0 : sdmaRegs.rxDmaByteCnt[1]
0x00002848 :          0 : sdmaRegs.rxDmaByteCnt[2]
0x0000284c :   25470598 : sdmaRegs.rxDmaByteCnt[3]
0x00002850 :          0 : sdmaRegs.rxDmaByteCnt[4]
0x00002854 :          0 : sdmaRegs.rxDmaByteCnt[5]
0x00002858 :    3107740 : sdmaRegs.rxDmaByteCnt[6]
0x0000285c : 1482824926 : sdmaRegs.rxDmaByteCnt[7]
0x00002860 :       1536 : sdmaRegs.rxSdmaResourceErrorCountAndMode[0]
0x00002864 :       1536 : sdmaRegs.rxSdmaResourceErrorCountAndMode[1]
0x00002878 :       1536 : sdmaRegs.rxSdmaResourceErrorCountAndMode[2]
0x0000287c :       1536 : sdmaRegs.rxSdmaResourceErrorCountAndMode[3]
0x00002880 :       1536 : sdmaRegs.rxSdmaResourceErrorCountAndMode[4]
0x00002884 :       1536 : sdmaRegs.rxSdmaResourceErrorCountAndMode[5]
0x00002888 :       1536 : sdmaRegs.rxSdmaResourceErrorCountAndMode[6]
0x0000288c :       1536 : sdmaRegs.rxSdmaResourceErrorCountAndMode[7]

Software sdma error counters: 
----------------------------------------
Rx invalid DSA:           0
Tx invalid pkt:           0
Tx unknown dst:           0
Tx port disabled:         0
Tx no more:               0
RX packet counter: 13145951
TX packet counter: 11612245
                     Q0      Q1      Q2      Q3      Q4      Q5      Q6      Q7
Tx end fifo:          0       0       0       0       0       0       0       0
Tx desc ring:         0       0       0       0       0       0       0       0
Tx bad param:         0       0       0       0       0       0       0       0
Tx other:             0       0       0       0       0       0       0       0
Tx Bad Desc:          0       0       0       0       0       0       0       0


Software sdma watermarks: 
----------------------------------------
                     Q0      Q1      Q2      Q3      Q4      Q5      Q6      Q7
Tx ioctl high:        0       0       0       0       0       0       0      17

Software short DMA Tx Pkt Counter: 0
IE520-stk#