00:37:00: ================ PowerGroup has been initialised ================
00:37:00: ======== Turning PowerGroup on
00:37:00: PowerGroup._pdu_cmd(on, [1], 3) called
00:37:00: Waiting for pdu lock
00:37:00: ...lock acquired
00:37:00: Power outlets are already in the desired state
00:37:00: ...lock released
00:37:00: Turning PowerGroup on: Success
00:44:47: ========= TestCase 8 Starting =========
00:44:55: ======== Turning PowerGroup off
00:44:55: PowerGroup._pdu_cmd(off, [1], 3) called
00:44:55: Waiting for pdu lock
00:44:55: ...lock acquired
00:44:55: HTTP POST was successfully executed
00:44:56: PowerGroup._pdu_cmd(status, [1], 3) called
00:44:56: Waiting for pdu lock
00:44:56: ...lock acquired
00:44:56: Current outlet status: {1: '0', 2: '1', 3: '1', 4: '1', 5: '1', 6: '1', 7: '1', 8: '1', 9: '1', 10: '0', 11: '0', 12: '0', 13: '0', 14: '0', 15: '0', 16: '0', 17: '1', 18: '0', 19: '0', 20: '0', 21: '0', 22: '0', 23: '0', 24: '0', 25: '0'}
00:44:56: ...lock released
00:44:56: Power outlets have been successfully turned off
00:44:56: ...lock released
00:44:56: Turning PowerGroup off: Success
00:45:13: ======== Turning PowerGroup on
00:45:13: PowerGroup._pdu_cmd(on, [1], 3) called
00:45:13: Waiting for pdu lock
00:45:13: ...lock acquired
00:45:13: Sleep 0 seconds to work around the x610 power supply issue
00:45:13: HTTP POST was successfully executed
00:45:16: PowerGroup._pdu_cmd(status, [1], 3) called
00:45:16: Waiting for pdu lock
00:45:16: ...lock acquired
00:45:16: Current outlet status: {1: '1', 2: '1', 3: '1', 4: '1', 5: '1', 6: '1', 7: '1', 8: '1', 9: '1', 10: '0', 11: '0', 12: '0', 13: '0', 14: '0', 15: '0', 16: '0', 17: '1', 18: '0', 19: '0', 20: '0', 21: '0', 22: '0', 23: '0', 24: '0', 25: '0'}
00:45:16: ...lock released
00:45:16: Power outlets have been successfully turned on
00:45:16: ...lock released
00:45:16: Turning PowerGroup on: Success
00:48:23: ======== Turning PowerGroup off
00:48:23: PowerGroup._pdu_cmd(off, [1], 3) called
00:48:23: Waiting for pdu lock
00:48:23: ...lock acquired
00:48:23: HTTP POST was successfully executed
00:48:24: PowerGroup._pdu_cmd(status, [1], 3) called
00:48:24: Waiting for pdu lock
00:48:24: ...lock acquired
00:48:24: Current outlet status: {1: '0', 2: '1', 3: '1', 4: '1', 5: '1', 6: '1', 7: '1', 8: '1', 9: '1', 10: '0', 11: '0', 12: '0', 13: '0', 14: '0', 15: '0', 16: '0', 17: '1', 18: '0', 19: '0', 20: '0', 21: '0', 22: '0', 23: '0', 24: '0', 25: '0'}
00:48:24: ...lock released
00:48:24: Power outlets have been successfully turned off
00:48:24: ...lock released
00:48:24: Turning PowerGroup off: Success
00:48:40: ======== Turning PowerGroup on
00:48:40: PowerGroup._pdu_cmd(on, [1], 3) called
00:48:40: Waiting for pdu lock
00:48:40: ...lock acquired
00:48:40: Sleep 0 seconds to work around the x610 power supply issue
00:48:40: HTTP POST was successfully executed
00:48:44: PowerGroup._pdu_cmd(status, [1], 3) called
00:48:44: Waiting for pdu lock
00:48:44: ...lock acquired
00:48:44: Current outlet status: {1: '1', 2: '1', 3: '1', 4: '1', 5: '1', 6: '1', 7: '1', 8: '1', 9: '1', 10: '0', 11: '0', 12: '0', 13: '0', 14: '0', 15: '0', 16: '0', 17: '1', 18: '0', 19: '0', 20: '0', 21: '0', 22: '0', 23: '0', 24: '0', 25: '0'}
00:48:44: ...lock released
00:48:44: Power outlets have been successfully turned on
00:48:44: ...lock released
00:48:44: Turning PowerGroup on: Success
00:52:21: ======== Turning PowerGroup off
00:52:21: PowerGroup._pdu_cmd(off, [1], 3) called
00:52:21: Waiting for pdu lock
00:52:21: ...lock acquired
00:52:21: HTTP POST was successfully executed
00:52:22: PowerGroup._pdu_cmd(status, [1], 3) called
00:52:22: Waiting for pdu lock
00:52:22: ...lock acquired
00:52:22: Current outlet status: {1: '0', 2: '1', 3: '1', 4: '1', 5: '1', 6: '1', 7: '1', 8: '1', 9: '1', 10: '0', 11: '0', 12: '0', 13: '0', 14: '0', 15: '0', 16: '0', 17: '1', 18: '0', 19: '0', 20: '0', 21: '0', 22: '0', 23: '0', 24: '0', 25: '0'}
00:52:22: ...lock released
00:52:22: Power outlets have been successfully turned off
00:52:22: ...lock released
00:52:22: Turning PowerGroup off: Success
00:52:38: ======== Turning PowerGroup on
00:52:38: PowerGroup._pdu_cmd(on, [1], 3) called
00:52:38: Waiting for pdu lock
00:52:38: ...lock acquired
00:52:38: Sleep 0 seconds to work around the x610 power supply issue
00:52:38: HTTP POST was successfully executed
00:52:41: PowerGroup._pdu_cmd(status, [1], 3) called
00:52:42: Waiting for pdu lock
00:52:42: ...lock acquired
00:52:42: Current outlet status: {1: '1', 2: '1', 3: '1', 4: '1', 5: '1', 6: '1', 7: '1', 8: '1', 9: '1', 10: '0', 11: '0', 12: '0', 13: '0', 14: '0', 15: '0', 16: '0', 17: '1', 18: '0', 19: '0', 20: '0', 21: '0', 22: '0', 23: '0', 24: '0', 25: '0'}
00:52:42: ...lock released
00:52:42: Power outlets have been successfully turned on
00:52:42: ...lock released
00:52:42: Turning PowerGroup on: Success
00:56:44: ======== Turning PowerGroup off
00:56:44: PowerGroup._pdu_cmd(off, [1], 3) called
00:56:44: Waiting for pdu lock
00:56:44: ...lock acquired
00:56:44: HTTP POST was successfully executed
00:56:45: PowerGroup._pdu_cmd(status, [1], 3) called
00:56:45: Waiting for pdu lock
00:56:45: ...lock acquired
00:56:45: Current outlet status: {1: '0', 2: '1', 3: '1', 4: '1', 5: '1', 6: '1', 7: '1', 8: '1', 9: '1', 10: '0', 11: '0', 12: '0', 13: '0', 14: '0', 15: '0', 16: '0', 17: '1', 18: '0', 19: '0', 20: '0', 21: '0', 22: '0', 23: '0', 24: '0', 25: '0'}
00:56:45: ...lock released
00:56:45: Power outlets have been successfully turned off
00:56:45: ...lock released
00:56:45: Turning PowerGroup off: Success
00:57:02: ======== Turning PowerGroup on
00:57:02: PowerGroup._pdu_cmd(on, [1], 3) called
00:57:02: Waiting for pdu lock
00:57:02: ...lock acquired
00:57:02: Sleep 0 seconds to work around the x610 power supply issue
00:57:02: HTTP POST was successfully executed
00:57:05: PowerGroup._pdu_cmd(status, [1], 3) called
00:57:05: Waiting for pdu lock
00:57:05: ...lock acquired
00:57:05: Current outlet status: {1: '1', 2: '1', 3: '1', 4: '1', 5: '1', 6: '1', 7: '1', 8: '1', 9: '1', 10: '0', 11: '0', 12: '0', 13: '0', 14: '0', 15: '0', 16: '0', 17: '1', 18: '0', 19: '0', 20: '0', 21: '0', 22: '0', 23: '0', 24: '0', 25: '0'}
00:57:05: ...lock released
00:57:05: Power outlets have been successfully turned on
00:57:05: ...lock released
00:57:05: Turning PowerGroup on: Success
00:58:25: ======== Turning PowerGroup off
00:58:25: PowerGroup._pdu_cmd(off, [1], 3) called
00:58:25: Waiting for pdu lock
00:58:25: ...lock acquired
00:58:25: HTTP POST was successfully executed
00:58:26: PowerGroup._pdu_cmd(status, [1], 3) called
00:58:26: Waiting for pdu lock
00:58:26: ...lock acquired
00:58:26: Current outlet status: {1: '0', 2: '1', 3: '1', 4: '1', 5: '1', 6: '1', 7: '1', 8: '1', 9: '1', 10: '0', 11: '0', 12: '0', 13: '0', 14: '0', 15: '0', 16: '0', 17: '1', 18: '0', 19: '0', 20: '0', 21: '0', 22: '0', 23: '0', 24: '0', 25: '0'}
00:58:26: ...lock released
00:58:26: Power outlets have been successfully turned off
00:58:26: ...lock released
00:58:26: Turning PowerGroup off: Success
00:58:41: ======== Turning PowerGroup on
00:58:41: PowerGroup._pdu_cmd(on, [1], 3) called
00:58:41: Waiting for pdu lock
00:58:41: ...lock acquired
00:58:41: Sleep 0 seconds to work around the x610 power supply issue
00:58:41: HTTP POST was successfully executed
00:58:44: PowerGroup._pdu_cmd(status, [1], 3) called
00:58:44: Waiting for pdu lock
00:58:44: ...lock acquired
00:58:44: Current outlet status: {1: '1', 2: '1', 3: '1', 4: '1', 5: '1', 6: '1', 7: '1', 8: '1', 9: '1', 10: '0', 11: '0', 12: '0', 13: '0', 14: '0', 15: '0', 16: '0', 17: '1', 18: '0', 19: '0', 20: '0', 21: '0', 22: '0', 23: '0', 24: '0', 25: '0'}
00:58:44: ...lock released
00:58:44: Power outlets have been successfully turned on
00:58:44: ...lock released
00:58:44: Turning PowerGroup on: Success
01:05:17: ======== Turning PowerGroup off
01:05:17: PowerGroup._pdu_cmd(off, [1], 3) called
01:05:17: Waiting for pdu lock
01:05:17: ...lock acquired
01:05:17: HTTP POST was successfully executed
01:05:18: PowerGroup._pdu_cmd(status, [1], 3) called
01:05:18: Waiting for pdu lock
01:05:18: ...lock acquired
01:05:18: Current outlet status: {1: '0', 2: '1', 3: '1', 4: '1', 5: '1', 6: '1', 7: '1', 8: '1', 9: '1', 10: '0', 11: '0', 12: '0', 13: '0', 14: '0', 15: '0', 16: '0', 17: '1', 18: '0', 19: '0', 20: '0', 21: '0', 22: '0', 23: '0', 24: '0', 25: '0'}
01:05:18: ...lock released
01:05:18: Power outlets have been successfully turned off
01:05:18: ...lock released
01:05:18: Turning PowerGroup off: Success
01:05:33: ======== Turning PowerGroup on
01:05:33: PowerGroup._pdu_cmd(on, [1], 3) called
01:05:33: Waiting for pdu lock
01:05:33: ...lock acquired
01:05:33: Sleep 0 seconds to work around the x610 power supply issue
01:05:33: HTTP POST was successfully executed
01:05:36: PowerGroup._pdu_cmd(status, [1], 3) called
01:05:36: Waiting for pdu lock
01:05:36: ...lock acquired
01:05:36: Current outlet status: {1: '1', 2: '1', 3: '1', 4: '1', 5: '1', 6: '1', 7: '1', 8: '1', 9: '1', 10: '0', 11: '0', 12: '0', 13: '0', 14: '0', 15: '0', 16: '0', 17: '1', 18: '0', 19: '0', 20: '0', 21: '0', 22: '0', 23: '0', 24: '0', 25: '0'}
01:05:36: ...lock released
01:05:36: Power outlets have been successfully turned on
01:05:36: ...lock released
01:05:36: Turning PowerGroup on: Success
01:06:49: ======== Turning PowerGroup off
01:06:49: PowerGroup._pdu_cmd(off, [1], 3) called
01:06:49: Waiting for pdu lock
01:06:49: ...lock acquired
01:06:49: HTTP POST was successfully executed
01:06:51: PowerGroup._pdu_cmd(status, [1], 3) called
01:06:51: Waiting for pdu lock
01:06:51: ...lock acquired
01:06:51: Current outlet status: {1: '0', 2: '1', 3: '1', 4: '1', 5: '1', 6: '1', 7: '1', 8: '1', 9: '1', 10: '0', 11: '0', 12: '0', 13: '0', 14: '0', 15: '0', 16: '0', 17: '1', 18: '0', 19: '0', 20: '0', 21: '0', 22: '0', 23: '0', 24: '0', 25: '0'}
01:06:51: ...lock released
01:06:51: Power outlets have been successfully turned off
01:06:51: ...lock released
01:06:51: Turning PowerGroup off: Success
01:07:06: ======== Turning PowerGroup on
01:07:06: PowerGroup._pdu_cmd(on, [1], 3) called
01:07:06: Waiting for pdu lock
01:07:06: ...lock acquired
01:07:06: Sleep 0 seconds to work around the x610 power supply issue
01:07:06: HTTP POST was successfully executed
01:07:09: PowerGroup._pdu_cmd(status, [1], 3) called
01:07:09: Waiting for pdu lock
01:07:09: ...lock acquired
01:07:09: Current outlet status: {1: '1', 2: '1', 3: '1', 4: '1', 5: '1', 6: '1', 7: '1', 8: '1', 9: '1', 10: '0', 11: '0', 12: '0', 13: '0', 14: '0', 15: '0', 16: '0', 17: '1', 18: '0', 19: '0', 20: '0', 21: '0', 22: '0', 23: '0', 24: '0', 25: '0'}
01:07:09: ...lock released
01:07:09: Power outlets have been successfully turned on
01:07:09: ...lock released
01:07:09: Turning PowerGroup on: Success
01:11:48: ======== Turning PowerGroup off
01:11:48: PowerGroup._pdu_cmd(off, [1], 3) called
01:11:48: Waiting for pdu lock
01:11:48: ...lock acquired
01:11:48: HTTP POST was successfully executed
01:11:49: PowerGroup._pdu_cmd(status, [1], 3) called
01:11:49: Waiting for pdu lock
01:11:49: ...lock acquired
01:11:49: Current outlet status: {1: '0', 2: '1', 3: '1', 4: '1', 5: '1', 6: '1', 7: '1', 8: '1', 9: '1', 10: '0', 11: '0', 12: '0', 13: '0', 14: '0', 15: '0', 16: '0', 17: '1', 18: '0', 19: '0', 20: '0', 21: '0', 22: '0', 23: '0', 24: '0', 25: '0'}
01:11:49: ...lock released
01:11:49: Power outlets have been successfully turned off
01:11:49: ...lock released
01:11:49: Turning PowerGroup off: Success
01:12:05: ======== Turning PowerGroup on
01:12:05: PowerGroup._pdu_cmd(on, [1], 3) called
01:12:05: Waiting for pdu lock
01:12:05: ...lock acquired
01:12:05: Sleep 0 seconds to work around the x610 power supply issue
01:12:05: HTTP POST was successfully executed
01:12:08: PowerGroup._pdu_cmd(status, [1], 3) called
01:12:08: Waiting for pdu lock
01:12:09: ...lock acquired
01:12:09: Current outlet status: {1: '1', 2: '1', 3: '1', 4: '1', 5: '1', 6: '1', 7: '1', 8: '1', 9: '1', 10: '0', 11: '0', 12: '0', 13: '0', 14: '0', 15: '0', 16: '0', 17: '1', 18: '0', 19: '0', 20: '0', 21: '0', 22: '0', 23: '0', 24: '0', 25: '0'}
01:12:09: ...lock released
01:12:09: Power outlets have been successfully turned on
01:12:09: ...lock released
01:12:09: Turning PowerGroup on: Success
01:15:15: ========= TestCase 8 Tear Down =========
01:15:23: ======== Turning PowerGroup off
01:15:23: PowerGroup._pdu_cmd(off, [1], 3) called
01:15:23: Waiting for pdu lock
01:15:23: ...lock acquired
01:15:23: HTTP POST was successfully executed
01:15:24: PowerGroup._pdu_cmd(status, [1], 3) called
01:15:25: Waiting for pdu lock
01:15:25: ...lock acquired
01:15:25: Current outlet status: {1: '0', 2: '1', 3: '1', 4: '1', 5: '1', 6: '1', 7: '1', 8: '1', 9: '1', 10: '0', 11: '0', 12: '0', 13: '0', 14: '0', 15: '0', 16: '0', 17: '1', 18: '0', 19: '0', 20: '0', 21: '0', 22: '0', 23: '0', 24: '0', 25: '0'}
01:15:25: ...lock released
01:15:25: Power outlets have been successfully turned off
01:15:25: ...lock released
01:15:25: Turning PowerGroup off: Success
01:15:31: ======== Turning PowerGroup on
01:15:31: PowerGroup._pdu_cmd(on, [1], 3) called
01:15:31: Waiting for pdu lock
01:15:31: ...lock acquired
01:15:31: Sleep 7.613278388977051 seconds to work around the x610 power supply issue
01:15:38: HTTP POST was successfully executed
01:15:41: PowerGroup._pdu_cmd(status, [1], 3) called
01:15:41: Waiting for pdu lock
01:15:41: ...lock acquired
01:15:42: Current outlet status: {1: '1', 2: '1', 3: '1', 4: '1', 5: '1', 6: '1', 7: '1', 8: '1', 9: '1', 10: '0', 11: '0', 12: '0', 13: '0', 14: '0', 15: '0', 16: '0', 17: '1', 18: '0', 19: '0', 20: '0', 21: '0', 22: '0', 23: '0', 24: '0', 25: '0'}
01:15:42: ...lock released
01:15:42: Power outlets have been successfully turned on
01:15:42: ...lock released
01:15:42: Turning PowerGroup on: Success
