1790730947.655 14:15:47 >>> show clock
show clock
UTC Time:   Wed, 30 Sep 2026 01:16:29 +0000
Timezone: UTC
Timezone Offset: +00:00
Summer time zone: None

IE520-stk#
1790730952.935 14:15:52 >>> show log | include mrpd
show log | include mrpd
7[r[999;999H[6n2026 Sep 30 01:06:08 daemon.notice IE520-stk-3 systemd[1]: /lib/systemd/system/mrp.service:5: PIDFile= references a path below legacy directory /var/run/, updating /var/run/mrpd.pid → /run/mrpd.pid; please update the unit file accordingly.
2026 Sep 30 01:06:10 user.notice IE520-stk-3 mrpd: starting mrpd version 4
2026 Sep 30 01:06:10 user.notice IE520-stk-3 mrpd: libmrp initialised
2026 Sep 30 01:06:25 user.notice IE520-stk-3 mrpd: PORT: Ring port port1.0.13 5013 added
2026 Sep 30 01:06:25 user.notice IE520-stk-3 mrpd: PORT: Ring port port4.0.26 20026 added
2026 Sep 30 01:06:25 user.notice IE520-stk-3 mrpd: ffffffff-ffff-ffff-ffff-ffffffffffff: Ring-id[1]: Ring opened
2026 Sep 30 01:06:25 user.notice IE520-stk-3 mrpd: FSM: ring_id=1 POWER_ON -> AC_STAT1 evt=MRP_ProtEvPowerOn
2026 Sep 30 01:06:25 user.notice IE520-stk-3 mrpd: FSM: ring_id=1 AC_STAT1 -> PRM_UP evt=MRP_ProtEvMAUTypeChangeInd
2026 Sep 30 01:06:25 user.notice IE520-stk-3 mrpd: FSM: PRM_RPort 5013 SEC_RPort 20026
2026 Sep 30 01:06:25 user.notice IE520-stk-3 mrpd: FSM: port 5013 state Up
2026 Sep 30 01:06:25 user.notice IE520-stk-3 mrpd: ffffffff-ffff-ffff-ffff-ffffffffffff: Ring-id[1]: Ring closed
2026 Sep 30 01:06:25 user.notice IE520-stk-3 mrpd: FSM: ring_id=1 PRM_UP -> CHK_RC evt=MRP_ProtEvMAUTypeChangeInd
2026 Sep 30 01:06:25 user.notice IE520-stk-3 mrpd: FSM: PRM_RPort 5013 SEC_RPort 20026
2026 Sep 30 01:06:25 user.notice IE520-stk-3 mrpd: FSM: port 20026 state Up
2026 Sep 30 01:06:25 user.notice IE520-stk-3 mrpd: Started manager ring-id 1 ffffffff-ffff-ffff-ffff-ffffffffffff
2026 Sep 30 01:06:28 user.notice IE520-stk-3 mrpd: PORT: port 20026 set Blocked
2026 Sep 30 01:06:28 user.notice IE520-stk-3 mrpd: PORT: port 5013 set Forwarding
2026 Sep 30 01:06:28 user.notice IE520-stk-3 mrpd: EVENT: Rx MRP_TopologyChange ring_id=1 port=port4.0.26
2026 Sep 30 01:06:28 user.notice IE520-stk-3 mrpd: EVENT: Rx MRP_TopologyChange ring_id=1 port=port1.0.13
2026 Sep 30 01:06:28 user.notice IE520-stk-3 mrpd: PORT: port 20026 set Forwarding
2026 Sep 30 01:06:28 user.notice IE520-stk-3 mrpd: PORT: port 20026 set Blocked
2026 Sep 30 01:06:28 user.notice IE520-stk-3 mrpd: EVENT: Rx MRP_TopologyChange ring_id=1 port=port4.0.26
2026 Sep 30 01:06:28 user.notice IE520-stk-3 mrpd: EVENT: Rx MRP_TopologyChange ring_id=1 port=port1.0.13
2026 Sep 30 01:06:28 user.notice IE520-stk-3 mrpd: EVENT: Rx MRP_TopologyChange ring_id=1 port=port4.0.26
2026 Sep 30 01:06:28 user.notice IE520-stk-3 mrpd: EVENT: Rx MRP_TopologyChange ring_id=1 port=port1.0.13
2026 Sep 30 01:06:28 user.notice IE520-stk-3 mrpd: EVENT: Rx MRP_TopologyChange ring_id=1 port=port4.0.26
2026 Sep 30 01:06:28 user.notice IE520-stk-3 mrpd: EVENT: Rx MRP_TopologyChange ring_id=1 port=port1.0.13
2026 Sep 30 01:06:28 user.notice IE520-stk-3 mrpd: EVENT: Rx MRP_TopologyChange ring_id=1 port=port4.0.26
2026 Sep 30 01:06:28 user.notice IE520-stk-3 mrpd: EVENT: Rx MRP_TopologyChange ring_id=1 port=port1.0.13
2026 Sep 30 01:07:08 user.notice IE520-stk-3 mrpd: ffffffff-ffff-ffff-ffff-ffffffffffff: Ring-id[1]: Ring opened
2026 Sep 30 01:07:08 user.notice IE520-stk-3 mrpd: FSM: ring_id=1 CHK_RC -> CHK_RO evt=MRP_ProtEvTestTimerExpired
2026 Sep 30 01:07:08 user.notice IE520-stk-3 mrpd: ffffffff-ffff-ffff-ffff-ffffffffffff: Ring-id[1]: Ring closed
2026 Sep 30 01:07:08 user.notice IE520-stk-3 mrpd: FSM: ring_id=1 CHK_RO -> CHK_RC evt=MRP_ProtEvTestRingInd
2026 Sep 30 01:07:08 user.notice IE520-stk-3 mrpd: PORT: port 20026 set Forwarding
2026 Sep 30 01:07:08 user.notice IE520-stk-3 mrpd: EVENT: Rx MRP_TopologyChange ring_id=1 port=port4.0.26
2026 Sep 30 01:07:08 user.notice IE520-stk-3 mrpd: EVENT: Rx MRP_TopologyChange ring_id=1 port=port1.0.13
2026 Sep 30 01:07:08 user.notice IE520-stk-3 mrpd: EVENT: Rx MRP_TopologyChange ring_id=1 port=port4.0.26
2026 Sep 30 01:07:08 user.notice IE520-stk-3 mrpd: EVENT: Rx MRP_TopologyChange ring_id=1 port=port1.0.13
2026 Sep 30 01:07:08 user.notice IE520-stk-3 mrpd: EVENT: Rx MRP_TopologyChange ring_id=1 port=port4.0.26
2026 Sep 30 01:07:08 user.notice IE520-stk-3 mrpd: EVENT: Rx MRP_TopologyChange ring_id=1 port=port1.0.13
2026 Sep 30 01:07:08 user.notice IE520-stk-3 mrpd: EVENT: Rx MRP_TopologyChange ring_id=1 port=port4.0.26
2026 Sep 30 01:07:08 user.notice IE520-stk-3 mrpd: EVENT: Rx MRP_TopologyChange ring_id=1 port=port1.0.13
2026 Sep 30 01:07:08 user.notice IE520-stk-3 mrpd: PORT: port 20026 set Blocked
2026 Sep 30 01:07:08 user.notice IE520-stk-3 mrpd: EVENT: Rx MRP_TopologyChange ring_id=1 port=port4.0.26
2026 Sep 30 01:07:08 user.notice IE520-stk-3 mrpd: EVENT: Rx MRP_TopologyChange ring_id=1 port=port1.0.13
2026 Sep 30 01:07:08 user.notice IE520-stk-3 mrpd: EVENT: Rx MRP_TopologyChange ring_id=1 port=port4.0.26
2026 Sep 30 01:07:08 user.notice IE520-stk-3 mrpd: EVENT: Rx MRP_TopologyChange ring_id=1 port=port1.0.13
2026 Sep 30 01:07:08 user.notice IE520-stk-3 mrpd: EVENT: Rx MRP_TopologyChange ring_id=1 port=port4.0.26
2026 Sep 30 01:07:08 user.notice IE520-stk-3 mrpd: EVENT: Rx MRP_TopologyChange ring_id=1 port=port1.0.13
2026 Sep 30 01:07:08 user.notice IE520-stk-3 mrpd: PORT: port 20026 set Forwarding
2026 Sep 30 01:07:08 user.notice IE520-stk-3 mrpd: PORT: port 20026 set Blocked
2026 Sep 30 01:07:08 user.notice IE520-stk-3 mrpd: EVENT: Rx MRP_TopologyChange ring_id=1 port=port4.0.26
2026 Sep 30 01:07:08 user.notice IE520-stk-3 mrpd: EVENT: Rx MRP_TopologyChange ring_id=1 port=port1.0.13
2026 Sep 30 01:07:08 user.notice IE520-stk-3 mrpd: EVENT: Rx MRP_TopologyChange ring_id=1 port=port4.0.26
2026 Sep 30 01:07:08 user.notice IE520-stk-3 mrpd: EVENT: Rx MRP_TopologyChange ring_id=1 port=port1.0.13
2026 Sep 30 01:07:08 user.notice IE520-stk-3 mrpd: EVENT: Rx MRP_TopologyChange ring_id=1 port=port4.0.26
2026 Sep 30 01:07:08 user.notice IE520-stk-3 mrpd: EVENT: Rx MRP_TopologyChange ring_id=1 port=port1.0.13
2026 Sep 30 01:10:38 user.notice IE520-stk-3 mrpd: PORT: Update ring port port1.0.13 with state to Forwarding
2026 Sep 30 01:10:38 user.notice IE520-stk-3 mrpd: PORT: Update ring port port4.0.26 with state to Blocked
2026 Sep 30 01:10:38 user.notice IE520-stk-3 mrpd: FSM: refresh ring_id=1 state CHK_RC
2026 Sep 30 01:10:38 user.notice IE520-stk-3 mrpd: FSM: refresh Ports PRM 5013 Sec 20026
2026 Sep 30 01:10:38 user.notice IE520-stk-3 mrpd: PORT: port 5013 set Forwarding
2026 Sep 30 01:10:38 user.notice IE520-stk-3 mrpd: PORT: Update ring port port4.0.26 with state to Forwarding
2026 Sep 30 01:10:38 user.notice IE520-stk-3 mrpd: ffffffff-ffff-ffff-ffff-ffffffffffff: Ring-id[1]: Ring opened
2026 Sep 30 01:10:38 user.notice IE520-stk-3 mrpd: FSM: ring_id=1 CHK_RC -> CHK_RO evt=MRP_ProtEvTestTimerExpired
2026 Sep 30 01:10:40 user.err IE520-stk mrpd: Error (19) sending mrp on socket 6
2026 Sep 30 01:10:42 user.err IE520-stk mrpd[348]: Last message 'Error (19) sending m' repeated 4 times, suppressed by syslog-ng on IE520-stk
2026 Sep 30 01:10:40 user.err IE520-stk mrpd: Error (19) sending mrp on socket 6
2026 Sep 30 01:10:42 user.err IE520-stk mrpd[348]: Last message 'Error (19) sending m' repeated 15 times, suppressed by syslog-ng on IE520-stk
2026 Sep 30 01:10:41 user.notice IE520-stk mrpd: PORT: port4.0.26 link DOWN (0x0)
2026 Sep 30 01:10:40 local6.err IE520-stk-1 mrpd: CMSG(1803).mrp.broadc.tcp[192.168.255.1:12301]: sending of reply failed send:-1 of 38, error Software caused connection abort
2026 Sep 30 01:10:41 user.notice IE520-stk mrpd: PORT: Update ring port port4.0.26 with state to Blocked
2026 Sep 30 01:10:41 user.notice IE520-stk mrpd: FSM: ring_id=1 CHK_RO -> PRM_UP evt=MRP_ProtEvMAUTypeChangeInd
2026 Sep 30 01:10:41 user.notice IE520-stk mrpd: FSM: PRM_RPort 5013 SEC_RPort 20026
2026 Sep 30 01:10:41 user.notice IE520-stk mrpd: FSM: port 20026 state Down
2026 Sep 30 01:10:41 user.notice IE520-stk mrpd: PORT: port4.0.26 unknown link state
2026 Sep 30 01:10:43 user.notice IE520-stk mrpd[348]: Last message 'PORT: port4.0.26 unk' repeated 1 times, suppressed by syslog-ng on IE520-stk
2026 Sep 30 01:10:41 user.notice IE520-stk mrpd: PORT: port 20026 set Blocked
2026 Sep 30 01:10:41 user.notice IE520-stk mrpd: PORT: port 20026 set Forwarding
2026 Sep 30 01:10:41 local6.err IE520-stk mrpd: CMSG(1803).mrp.broadc.tcp[192.168.255.3:12301]: sending of reply failed send:-1 of 38, error Software caused connection abort
2026 Sep 30 01:10:41 user.notice IE520-stk mrpd: FDB: Flush FDB entries for the ring ports with ifindices: {5013, 20026}
2026 Sep 30 01:10:41 user.notice IE520-stk mrpd: PORT: port 20026 set Forwarding
2026 Sep 30 01:10:41 user.notice IE520-stk mrpd: PORT: port 20026 set Blocked
2026 Sep 30 01:10:41 user.notice IE520-stk mrpd: FDB: Flush FDB entries for the ring ports with ifindices: {5013, 20026}
2026 Sep 30 01:12:51 user.notice IE520-stk mrpd: PORT: Update ring port port4.0.26 with vid 1
2026 Sep 30 01:12:51 user.notice IE520-stk mrpd: PORT: Update ring port port4.0.26 with mode 1
2026 Sep 30 01:13:33 user.notice IE520-stk mrpd: Updating late join member 4
2026 Sep 30 01:13:33 user.notice IE520-stk mrpd: PORT: Update ring port port4.0.26 with state to Blocked
2026 Sep 30 01:13:33 user.notice IE520-stk mrpd: PORT: Update ring port port1.0.13 with state to Forwarding
2026 Sep 30 01:13:33 user.notice IE520-stk mrpd: PORT: port 20026 set Blocked
2026 Sep 30 01:13:33 user.notice IE520-stk mrpd: PORT: port 5013 set Forwarding
2026 Sep 30 01:13:34 user.notice IE520-stk mrpd: EVENT: Rx MRP_LinkUp ring_id=1 port=port1.0.13 mac=84e3.2787.0780
2026 Sep 30 01:13:34 user.notice IE520-stk mrpd[348]: Last message 'EVENT: Rx MRP_LinkUp' repeated 1 times, suppressed by syslog-ng on IE520-stk
2026 Sep 30 01:13:34 user.notice IE520-stk mrpd: PORT: port4.0.26 link UP (0x11043)
2026 Sep 30 01:13:34 user.notice IE520-stk mrpd: ffffffff-ffff-ffff-ffff-ffffffffffff: Ring-id[1]: Ring closed
2026 Sep 30 01:13:34 user.notice IE520-stk mrpd: FSM: ring_id=1 PRM_UP -> CHK_RC evt=MRP_ProtEvMAUTypeChangeInd
2026 Sep 30 01:13:34 user.notice IE520-stk mrpd: FSM: PRM_RPort 5013 SEC_RPort 20026
2026 Sep 30 01:13:34 user.notice IE520-stk mrpd: FSM: port 20026 state Up
2026 Sep 30 01:13:34 user.notice IE520-stk mrpd: EVENT: Rx MRP_LinkUp ring_id=1 port=port1.0.13 mac=84e3.2787.0780
2026 Sep 30 01:13:34 user.notice IE520-stk mrpd[348]: Last message 'EVENT: Rx MRP_LinkUp' repeated 1 times, suppressed by syslog-ng on IE520-stk
2026 Sep 30 01:13:34 user.notice IE520-stk mrpd: PORT: Update ring port port4.0.26 with state to Forwarding
2026 Sep 30 01:13:34 user.notice IE520-stk mrpd: ffffffff-ffff-ffff-ffff-ffffffffffff: Ring-id[1]: Ring opened
2026 Sep 30 01:13:34 user.notice IE520-stk mrpd: FSM: ring_id=1 CHK_RC -> CHK_RO evt=MRP_ProtEvTestTimerExpired
2026 Sep 30 01:13:34 user.notice IE520-stk mrpd: PORT: port 20026 set Forwarding
2026 Sep 30 01:13:34 user.notice IE520-stk mrpd: EVENT: Rx MRP_TopologyChange ring_id=1 port=port4.0.26
2026 Sep 30 01:13:34 user.notice IE520-stk mrpd: EVENT: Rx MRP_TopologyChange ring_id=1 port=port1.0.13
2026 Sep 30 01:13:34 user.notice IE520-stk mrpd: PORT: Update ring port port4.0.26 with state to Blocked
2026 Sep 30 01:13:34 user.notice IE520-stk mrpd: PORT: port 20026 set Blocked
2026 Sep 30 01:13:34 user.notice IE520-stk mrpd: ffffffff-ffff-ffff-ffff-ffffffffffff: Ring-id[1]: Ring closed
2026 Sep 30 01:13:34 user.notice IE520-stk mrpd: FSM: ring_id=1 CHK_RO -> CHK_RC evt=MRP_ProtEvTestRingInd
2026 Sep 30 01:13:34 user.notice IE520-stk mrpd: EVENT: Rx MRP_TopologyChange ring_id=1 port=port4.0.26
2026 Sep 30 01:13:34 user.notice IE520-stk mrpd: EVENT: Rx MRP_TopologyChange ring_id=1 port=port1.0.13
2026 Sep 30 01:13:34 user.notice IE520-stk mrpd: EVENT: Rx MRP_TopologyChange ring_id=1 port=port4.0.26
2026 Sep 30 01:13:34 user.notice IE520-stk mrpd: EVENT: Rx MRP_TopologyChange ring_id=1 port=port1.0.13
2026 Sep 30 01:13:34 user.notice IE520-stk mrpd: FDB: Flush FDB entries for the ring ports with ifindices: {5013, 20026}
2026 Sep 30 01:13:34 user.notice IE520-stk mrpd: EVENT: Rx MRP_TopologyChange ring_id=1 port=port4.0.26
2026 Sep 30 01:13:34 user.notice IE520-stk mrpd: EVENT: Rx MRP_TopologyChange ring_id=1 port=port1.0.13
2026 Sep 30 01:14:08 user.notice IE520-stk mrpd: PORT: Update ring port port4.0.26 with state to Forwarding
2026 Sep 30 01:14:08 user.notice IE520-stk mrpd: PORT: port 20026 set Forwarding
2026 Sep 30 01:14:08 user.notice IE520-stk mrpd: ffffffff-ffff-ffff-ffff-ffffffffffff: Ring-id[1]: Ring opened
2026 Sep 30 01:14:08 user.notice IE520-stk mrpd: FSM: ring_id=1 CHK_RC -> CHK_RO evt=MRP_ProtEvTestTimerExpired
2026 Sep 30 01:14:08 user.notice IE520-stk mrpd: PORT: Update ring port port4.0.26 with state to Blocked
2026 Sep 30 01:14:08 user.notice IE520-stk mrpd: ffffffff-ffff-ffff-ffff-ffffffffffff: Ring-id[1]: Ring closed
2026 Sep 30 01:14:08 user.notice IE520-stk mrpd: FSM: ring_id=1 CHK_RO -> CHK_RC evt=MRP_ProtEvTestRingInd
2026 Sep 30 01:14:08 user.notice IE520-stk mrpd: EVENT: Rx MRP_TopologyChange ring_id=1 port=port4.0.26
2026 Sep 30 01:14:08 user.notice IE520-stk mrpd: EVENT: Rx MRP_TopologyChange ring_id=1 port=port1.0.13
2026 Sep 30 01:14:08 user.notice IE520-stk mrpd: EVENT: Rx MRP_TopologyChange ring_id=1 port=port4.0.26
2026 Sep 30 01:14:08 user.notice IE520-stk mrpd: EVENT: Rx MRP_TopologyChange ring_id=1 port=port1.0.13
2026 Sep 30 01:14:08 user.notice IE520-stk mrpd: EVENT: Rx MRP_TopologyChange ring_id=1 port=port4.0.26
2026 Sep 30 01:14:08 user.notice IE520-stk mrpd: EVENT: Rx MRP_TopologyChange ring_id=1 port=port1.0.13
2026 Sep 30 01:14:08 user.notice IE520-stk mrpd: EVENT: Rx MRP_TopologyChange ring_id=1 port=port4.0.26
2026 Sep 30 01:14:08 user.notice IE520-stk mrpd: EVENT: Rx MRP_TopologyChange ring_id=1 port=port1.0.13
2026 Sep 30 01:14:08 user.notice IE520-stk mrpd: FDB: Flush FDB entries for the ring ports with ifindices: {5013, 20026}
2026 Sep 30 01:14:08 user.notice IE520-stk mrpd: PORT: port 20026 set Blocked
2026 Sep 30 01:14:08 user.notice IE520-stk mrpd: EVENT: Rx MRP_TopologyChange ring_id=1 port=port4.0.26
2026 Sep 30 01:14:08 user.notice IE520-stk mrpd: EVENT: Rx MRP_TopologyChange ring_id=1 port=port1.0.13
2026 Sep 30 01:14:08 user.notice IE520-stk mrpd: EVENT: Rx MRP_TopologyChange ring_id=1 port=port4.0.26
2026 Sep 30 01:14:08 user.notice IE520-stk mrpd: EVENT: Rx MRP_TopologyChange ring_id=1 port=port1.0.13
2026 Sep 30 01:14:08 user.notice IE520-stk mrpd: EVENT: Rx MRP_TopologyChange ring_id=1 port=port4.0.26
2026 Sep 30 01:14:08 user.notice IE520-stk mrpd: EVENT: Rx MRP_TopologyChange ring_id=1 port=port1.0.13
2026 Sep 30 01:14:08 user.notice IE520-stk mrpd: FDB: Flush FDB entries for the ring ports with ifindices: {5013, 20026}
2026 Sep 30 01:14:08 user.notice IE520-stk mrpd: EVENT: Rx MRP_TopologyChange ring_id=1 port=port4.0.26
2026 Sep 30 01:14:08 user.notice IE520-stk mrpd: EVENT: Rx MRP_TopologyChange ring_id=1 port=port1.0.13
2026 Sep 30 01:16:33 user.notice IE520-stk IMISH[6608]: [manager@ttyS0]show log | include mrpd
IE520-stk#
