2026-08-11 15:03:09: Loading setup file: tb470-u4.setup
2026-08-11 15:03:09: ============================
2026-08-11 15:03:09: TESTBOXES
2026-08-11 15:03:09: ============================
2026-08-11 15:03:09: tb470 :
2026-08-11 15:03:09:   Connected to:
2026-08-11 15:03:09:     swi_a  via : eth1-port1.0.1
2026-08-11 15:03:09: 
2026-08-11 15:03:09: ============================
2026-08-11 15:03:09: SWITCHES
2026-08-11 15:03:09: ============================
2026-08-11 15:03:09: swi_a :
2026-08-11 15:03:09:   Connected to:
2026-08-11 15:03:09:     tb  via : port1.0.1-eth1
2026-08-11 15:03:09: 
2026-08-11 15:03:09: swi_a is defined and initialized
2026-08-11 15:03:09: swi_a is connected to a powerstrip: pdu, 10.36.150.14, 4
2026-08-11 15:03:21: ======== Clear exception log for all devices
2026-08-11 15:03:24: The following features were specified for the TestSet: 'ACCESS'
2026-08-11 15:03:24: ======== Generate default.cfg for all devices and reboot them
2026-08-11 15:03:24: Generating default.cfg for swi_a
2026-08-11 15:03:32: Will be removing tracelog in swi_a
2026-08-11 15:03:43: The following features were specified for the TestSet: 'ACCESS'
2026-08-11 15:03:45: swi_a platform type is IE520
2026-08-11 15:03:45: No license bundles require loading on swi_a for platform family IE520
2026-08-11 15:03:45: No license bundles require unloading from swi_a
2026-08-11 15:03:46: 
2026-08-11 15:03:46: Rebooting swi_a with the following default.cfg:
line con 0
length 0
exec-timeout 0
no stack 1 enable
no stack virtual-mac
no stack virtual-chassis-id
hostname swi_a_5700_2002
int port1.0.1-port1.0.28
shutdown

2026-08-11 15:03:46: Check that swi_a login succeeds with default.cfg, waiting up to 600 seconds
2026-08-11 15:06:16: swi_a is currently running and logged on
2026-08-11 15:06:18: Retrieve basic system information from swi_a
2026-08-11 15:06:28: Executing TestSet configure...
2026-08-11 15:06:34: Retrieving device information...
2026-08-11 15:06:47: 
2026-08-11 15:06:47: --------------------------------------------------------------------------------
2026-08-11 15:06:47: Collected network details:
2026-08-11 15:06:47: --------------------------------------------------------------------------------
2026-08-11 15:06:47: 	tftp boot switch interface   : eth0
2026-08-11 15:06:47: 	tftp boot tb interface       : eth3
2026-08-11 15:06:47: 	post-bootup switch interface : port1.0.1
2026-08-11 15:06:47: 	post-bootup tb interface     : eth1
2026-08-11 15:06:47: 	tftpfilename: IE520-tb470.rel
2026-08-11 15:06:47: 	filenamecopy: IE520-copy-tb470.rel
2026-08-11 15:06:47: 	wrong filename: x540-5.5.3-2.1.rel
2026-08-11 15:06:47: 	ipTFTP    : 10.38.215.65
2026-08-11 15:06:47: 	ipDevice  : 10.38.215.70
2026-08-11 15:06:47: 	subnetmask: 255.255.255.224
2026-08-11 15:06:47: 	port: eth0
2026-08-11 15:06:47: 	version: 9.1.0
2026-08-11 15:06:47: 	has realtime clock: True
2026-08-11 15:06:47: 
2026-08-11 15:06:47: 	MAIN_RELEASE:  mainrelease.rel
2026-08-11 15:06:47: 	BACKUP_RELEASE: backuprelease.rel
2026-08-11 15:06:47: 
2026-08-11 15:06:49: mainrelease.rel: first use on swi_a this run, downloading a fresh copy regardless of what is in flash
2026-08-11 15:13:16: backuprelease.rel: first use on swi_a this run, downloading a fresh copy regardless of what is in flash
2026-08-11 15:19:30: dir *.rel
  41104167 -rw- Aug 11 2026 03:13:54  flash:/backuprelease.rel
  41104167 -rw- Aug 11 2026 03:07:50  flash:/mainrelease.rel
swi_a_5700_2002#
2026-08-11 15:19:30: ======== Wait for all devices to finish booting before bringing up all switch ports
2026-08-11 15:19:30: ======== Bring up all switch ports that have been initialized in init() to be used for the TestSet
2026-08-11 15:19:31: Bringing up swi_a ports: port1.0.1
2026-08-11 15:19:38: All ports on swi_a that are used in this TestSet have been successfully brought up
2026-08-11 15:19:38: ======== Save the current running config (TestSet config) as the boot config
2026-08-11 15:19:38: Generating running config and saving to swi_a_5700_2002.cfg
2026-08-11 15:19:49: ======== Mark unsupported test cases
2026-08-11 15:19:49: 
2026-08-11 15:19:49: -- TestCase 90
2026-08-11 15:19:49: ---- Checking testCaseExcl
2026-08-11 15:19:49:       swi_a : exclude : "AR.*", "FS980"
2026-08-11 15:19:49:         no match on dev.get_switch_family() : "IE520"
2026-08-11 15:19:49: Exclude TestCases with run-priority 10
2026-08-11 15:19:49: Selected 26 TestCases from 27 total
2026-08-11 15:19:49: ======== TestSet preparation is now complete. Execute each TestCase one by one
2026-08-11 15:19:50: _PreRunThread-swi_a - Joined
2026-08-11 15:19:50: Save the current running configuration as swi_a_5700_2002_1.cfg on swi_a
2026-08-11 15:19:55: _SaveConfigsThread-swi_a - Joined
2026-08-11 15:19:55: _CheckRunningConfigsThread-swi_a - Joined
2026-08-11 15:19:59: !!FAIL: DUT does not support SD Card
2026-08-11 15:19:59: 
2026-08-11 15:19:59: Set the swi_a boot configuration back to the TestSet configuration (flash:/swi_a_5700_2002.cfg)
2026-08-11 15:20:01: Save the current running configuration as TestCase_tear_down.cfg on swi_a
2026-08-11 15:20:05: Compare swi_a_5700_2002.cfg and TestCase_tear_down.cfg on swi_a
2026-08-11 15:20:06: PASS: Configuration on swi_a after TestCase tear_down() is the same as the initial TestSet Configuration
2026-08-11 15:20:06: _PostTearDownThread-swi_a - Joined
2026-08-11 15:20:08: PASS: swi_a contains no exceptions
2026-08-11 15:20:11: Moving *.pcap files across from /tmp
2026-08-11 15:20:12: _PreRunThread-swi_a - Joined
2026-08-11 15:20:12: Save the current running configuration as swi_a_5700_2002_2.cfg on swi_a
2026-08-11 15:20:17: _SaveConfigsThread-swi_a - Joined
2026-08-11 15:20:17: _CheckRunningConfigsThread-swi_a - Joined
2026-08-11 15:20:19: PASS: DUT's USB slot is populated
2026-08-11 15:20:19: 
2026-08-11 15:20:19: Set the swi_a boot configuration back to the TestSet configuration (flash:/swi_a_5700_2002.cfg)
2026-08-11 15:20:21: Save the current running configuration as TestCase_tear_down.cfg on swi_a
2026-08-11 15:20:24: Compare swi_a_5700_2002.cfg and TestCase_tear_down.cfg on swi_a
2026-08-11 15:20:26: PASS: Configuration on swi_a after TestCase tear_down() is the same as the initial TestSet Configuration
2026-08-11 15:20:26: _PostTearDownThread-swi_a - Joined
2026-08-11 15:20:28: PASS: swi_a contains no exceptions
2026-08-11 15:20:30: Moving *.pcap files across from /tmp
2026-08-11 15:20:31: _PreRunThread-swi_a - Joined
2026-08-11 15:20:31: Save the current running configuration as swi_a_5700_2002_10.cfg on swi_a
2026-08-11 15:20:36: _SaveConfigsThread-swi_a - Joined
2026-08-11 15:20:36: _CheckRunningConfigsThread-swi_a - Joined
2026-08-11 15:20:36: 
2026-08-11 15:20:36: Check Default boot config is set
2026-08-11 15:20:38: PASS: Default boot config is correct, default.cfg
2026-08-11 15:20:38: 
2026-08-11 15:20:38: Check Current boot config is set
2026-08-11 15:20:39: PASS: Current boot config is correct, swi_a_5700_2002_10.cfg
2026-08-11 15:20:39: 
2026-08-11 15:20:39: Set current config to contain config to 'log console level alerts'
2026-08-11 15:20:44: PASS: Current config has been updated
2026-08-11 15:20:44: 
2026-08-11 15:20:44: Power-off swi_a
2026-08-11 15:20:51: Set swi_a to skip the startup script
2026-08-11 15:20:51: Power-cycle swi_a and watch for <Ctrl+B> message
2026-08-11 15:21:06: Turning swi on from thread, swi_a
2026-08-11 15:24:19: PASS: correct message when setting skip startup script
2026-08-11 15:24:20: 
2026-08-11 15:24:20: Check that running config does not have the config to 'log console level alerts'
2026-08-11 15:24:21: PASS: default config has been loaded
2026-08-11 15:24:21: 
2026-08-11 15:26:51: Set current config to not contain config to 'no log console level alerts'
2026-08-11 15:26:55: PASS: config has been reverted
2026-08-11 15:26:55: 
2026-08-11 15:26:55: Set the swi_a boot configuration back to the TestSet configuration (flash:/swi_a_5700_2002.cfg)
2026-08-11 15:26:57: Save the current running configuration as TestCase_tear_down.cfg on swi_a
2026-08-11 15:27:00: Compare swi_a_5700_2002.cfg and TestCase_tear_down.cfg on swi_a
2026-08-11 15:27:02: PASS: Configuration on swi_a after TestCase tear_down() is the same as the initial TestSet Configuration
2026-08-11 15:27:02: _PostTearDownThread-swi_a - Joined
2026-08-11 15:27:03: PASS: swi_a contains no exceptions
2026-08-11 15:27:06: Moving *.pcap files across from /tmp
2026-08-11 15:27:07: _PreRunThread-swi_a - Joined
2026-08-11 15:27:07: Save the current running configuration as swi_a_5700_2002_20.cfg on swi_a
2026-08-11 15:27:12: _SaveConfigsThread-swi_a - Joined
2026-08-11 15:27:12: _CheckRunningConfigsThread-swi_a - Joined
2026-08-11 15:27:17: backuprelease.rel: already fetched this run but no longer in flash on swi_a, downloading again
2026-08-11 15:35:41: dir *.rel
  41104167 -rw- Aug 11 2026 03:27:54  flash:/backuprelease.rel
swi_a_5700_2002#
2026-08-11 15:35:44: 
2026-08-11 15:38:54: PASS: command 'copy backuprelease.rel ---w-z-03-09-a-y---.rel' issued and output 'Successful operation' seen
2026-08-11 15:38:54: 
2026-08-11 15:38:54: Set the Boot System current to ---w-z-03-09-a-y---.rel
2026-08-11 15:38:57: PASS: Current boot image is correct, ---w-z-03-09-a-y---.rel
2026-08-11 15:38:57: 
2026-08-11 15:38:57: Set default boot source to flash and reboot
2026-08-11 15:38:57: Set swi_a to boot from CLI
2026-08-11 15:38:57: Power-cycle swi_a and watch for <Ctrl+B> message
2026-08-11 15:39:16: Turning swi on from thread, swi_a
2026-08-11 15:42:03: PASS: Current software is ---w-z-03-09-a-y---.rel
2026-08-11 15:42:07: PASS: command 'move ---w-z-03-09-a-y---.rel mainrelease.rel' issued and output 'Successful operation' seen
2026-08-11 15:42:19: Set swi_a to boot from TFTP
2026-08-11 15:42:19: Power-cycle swi_a and watch for <Ctrl+B> message
2026-08-11 15:42:34: Turning swi on from thread, swi_a
2026-08-11 15:47:33: PASS: Current software is IE520-tb470.rel
2026-08-11 15:47:33: 
2026-08-11 15:47:37: Set the swi_a boot configuration back to the TestSet configuration (flash:/swi_a_5700_2002.cfg)
2026-08-11 15:47:39: Save the current running configuration as TestCase_tear_down.cfg on swi_a
2026-08-11 15:47:43: Compare swi_a_5700_2002.cfg and TestCase_tear_down.cfg on swi_a
2026-08-11 15:47:44: PASS: Configuration on swi_a after TestCase tear_down() is the same as the initial TestSet Configuration
2026-08-11 15:47:44: _PostTearDownThread-swi_a - Joined
2026-08-11 15:47:46: PASS: swi_a contains no exceptions
2026-08-11 15:47:48: Moving *.pcap files across from /tmp
2026-08-11 15:47:50: _PreRunThread-swi_a - Joined
2026-08-11 15:47:50: !!FAIL: No SD card present, test unsupported
2026-08-11 15:47:50: Save the current running configuration as swi_a_5700_2002_21.cfg on swi_a
2026-08-11 15:47:55: _SaveConfigsThread-swi_a - Joined
2026-08-11 15:47:55: _CheckRunningConfigsThread-swi_a - Joined
2026-08-11 15:47:55: Skipping unsupported test
2026-08-11 15:47:55: 
2026-08-11 15:47:55: Set the swi_a boot configuration back to the TestSet configuration (flash:/swi_a_5700_2002.cfg)
2026-08-11 15:47:57: Save the current running configuration as TestCase_tear_down.cfg on swi_a
2026-08-11 15:48:01: Compare swi_a_5700_2002.cfg and TestCase_tear_down.cfg on swi_a
2026-08-11 15:48:03: PASS: Configuration on swi_a after TestCase tear_down() is the same as the initial TestSet Configuration
2026-08-11 15:48:03: _PostTearDownThread-swi_a - Joined
2026-08-11 15:48:04: PASS: swi_a contains no exceptions
2026-08-11 15:48:07: Moving *.pcap files across from /tmp
2026-08-11 15:48:08: _PreRunThread-swi_a - Joined
2026-08-11 15:48:08: Save the current running configuration as swi_a_5700_2002_22.cfg on swi_a
2026-08-11 15:48:13: _SaveConfigsThread-swi_a - Joined
2026-08-11 15:48:13: _CheckRunningConfigsThread-swi_a - Joined
2026-08-11 15:48:18: backuprelease.rel: already fetched this run but no longer in flash on swi_a, downloading again
2026-08-11 15:56:43: dir *.rel
  41104167 -rw- Aug 11 2026 03:48:57  flash:/backuprelease.rel
swi_a_5700_2002#
2026-08-11 15:56:47: 
2026-08-11 15:59:56: PASS: command 'copy backuprelease.rel ---w-z-03-09-a-y---.rel' issued and output 'Successful operation' seen
2026-08-11 16:00:28: PASS: command 'copy backuprelease.rel usb:/---w-z-03-09-a-y---.rel' issued and output 'Successful operation' seen
2026-08-11 16:00:28: 
2026-08-11 16:00:28: Set the Boot System current to usb:---w-z-03-09-a-y---.rel
2026-08-11 16:00:31: PASS: Current boot image is correct, usb:/---w-z-03-09-a-y---.rel
2026-08-11 16:00:31: 
2026-08-11 16:00:31: Set default boot source to USB and reboot
2026-08-11 16:00:31: Set swi_a to boot from USB
2026-08-11 16:00:31: Power-cycle swi_a and watch for <Ctrl+B> message
2026-08-11 16:00:50: Turning swi on from thread, swi_a
2026-08-11 16:03:38: PASS: Current software is ---w-z-03-09-a-y---.rel
2026-08-11 16:03:42: PASS: command 'move ---w-z-03-09-a-y---.rel mainrelease.rel' issued and output 'Successful operation' seen
2026-08-11 16:03:55: Set swi_a to boot from TFTP
2026-08-11 16:03:55: Power-cycle swi_a and watch for <Ctrl+B> message
2026-08-11 16:04:10: Turning swi on from thread, swi_a
2026-08-11 16:09:08: PASS: Current software is IE520-tb470.rel
2026-08-11 16:09:09: 
2026-08-11 16:09:13: Set the swi_a boot configuration back to the TestSet configuration (flash:/swi_a_5700_2002.cfg)
2026-08-11 16:09:15: Save the current running configuration as TestCase_tear_down.cfg on swi_a
2026-08-11 16:09:18: Compare swi_a_5700_2002.cfg and TestCase_tear_down.cfg on swi_a
2026-08-11 16:09:20: PASS: Configuration on swi_a after TestCase tear_down() is the same as the initial TestSet Configuration
2026-08-11 16:09:20: _PostTearDownThread-swi_a - Joined
2026-08-11 16:09:22: PASS: swi_a contains no exceptions
2026-08-11 16:09:24: Moving *.pcap files across from /tmp
2026-08-11 16:09:25: _PreRunThread-swi_a - Joined
2026-08-11 16:18:11: Save the current running configuration as swi_a_5700_2002_30.cfg on swi_a
2026-08-11 16:18:18: _SaveConfigsThread-swi_a - Joined
2026-08-11 16:18:18: _CheckRunningConfigsThread-swi_a - Joined
2026-08-11 16:18:18: Perform a one-off boot using a release intended for a different platform, should fail
2026-08-11 16:18:18: Power-cycle swi_a and watch for <Ctrl+B> message
2026-08-11 16:18:37: Turning swi on from thread, swi_a
2026-08-11 16:19:28: !!FAIL: no error loading an invalid release, x540-5.5.3-2.1.rel
2026-08-11 16:19:28:    
2026-08-11 16:19:28:    
2026-08-11 16:19:28:    Boot Menu:
2026-08-11 16:19:28:    
2026-08-11 16:19:28:      WARNING: The bootloader is not currently password protected. 
2026-08-11 16:19:28:      ------------------------------------------------------
2026-08-11 16:19:28:      B. Boot backup software
2026-08-11 16:19:28:      ------------------------------------------------------
2026-08-11 16:19:28:      S. Security Level
2026-08-11 16:19:28:      ------------------------------------------------------
2026-08-11 16:19:28:      0. Restart
2026-08-11 16:19:28:      1. Perform one-off boot from alternate source
2026-08-11 16:19:28:      2. Change the default boot source (for advanced users)
2026-08-11 16:19:28:      3. Update Bootloader
2026-08-11 16:19:28:      4. Adjust the console baud rate
2026-08-11 16:19:28:      5. Special boot options
2026-08-11 16:19:28:      6. System information
2026-08-11 16:19:28:      7. Restore Bootloader factory settings
2026-08-11 16:19:28:      ------------------------------------------------------
2026-08-11 16:19:28:      9. Quit and continue booting
2026-08-11 16:19:28:    
2026-08-11 16:19:28:    Enter selection ==> 
2026-08-11 16:19:28:    1
2026-08-11 16:19:28:    
2026-08-11 16:19:28:    Select device:
2026-08-11 16:19:28:    
2026-08-11 16:19:28:      0. Return to previous menu
2026-08-11 16:19:28:      ------------------------------------------------------
2026-08-11 16:19:28:      1. Flash   (flash:)
2026-08-11 16:19:28:      3. TFTP    (tftp://)
2026-08-11 16:19:28:      4. YMODEM  (ymodem:)
2026-08-11 16:19:28:      6. USB     (usb:)
2026-08-11 16:19:28:    
2026-08-11 16:19:28:    Enter selection ==> 
2026-08-11 16:19:28:    1
2026-08-11 16:19:28:    
2026-08-11 16:19:28:      Reading filesystem...
2026-08-11 16:19:28:    
2026-08-11 16:19:28:    Error, no UBI device selected!
2026-08-11 16:19:28:    ubi0: attaching mtd4
2026-08-11 16:19:28:    ubi0: scanning is finished
2026-08-11 16:19:28:    ubi0: attached mtd4 (name "user", size 120 MiB)
2026-08-11 16:19:28:    ubi0: PEB size: 65536 bytes (64 KiB), LEB size: 65408 bytes
2026-08-11 16:19:28:    ubi0: min./max. I/O unit sizes: 1/256, sub-page size 1
2026-08-11 16:19:28:    ubi0: VID header offset: 64 (aligned 64), data offset: 128
2026-08-11 16:19:28:    ubi0: good PEBs: 1920, bad PEBs: 0, corrupted PEBs: 0
2026-08-11 16:19:28:    ubi0: user volume: 1, internal volumes: 1, max. volumes count: 128
2026-08-11 16:19:28:    ubi0: max/mean erase counter: 15/6, WL threshold: 4096, image sequence number: 311996296
2026-08-11 16:19:28:    ubi0: available PEBs: 0, total reserved PEBs: 1920, PEBs reserved for bad PEB handling: 0
2026-08-11 16:19:28:    <DIR>	      304  Tue Aug 11 03:23:01 2026  log
2026-08-11 16:19:28:    <DIR>	      160  Thu Jul 23 00:14:35 2026  .gui
2026-08-11 16:19:28:    <DIR>	      504  Tue Aug 11 04:07:57 2026  .nvs
2026-08-11 16:19:28:    	     1024  Thu Jul 23 00:14:26 2026  .rnd
2026-08-11 16:19:28:    	       16  Tue Aug 11 04:09:02 2026  .release
2026-08-11 16:19:28:    	 44665983  Tue Aug 11 04:12:09 2026  x540-5.5.3-2.1.rel
2026-08-11 16:19:28:    	   230020  Wed Jul 29 20:13:00 2026  debug-duplicate-master-IE520-tomahawk_ie520-continuous-2-1785355970.tgz
2026-08-11 16:19:28:    	  3846144  Sun Feb 20 11:34:36 2000  awplus-gui_999_99.gui
2026-08-11 16:19:28:    	      167  Tue Aug 11 04:11:45 2026  .ash_history
2026-08-11 16:19:28:    <DIR>	      160  Sat Mar 18 04:52:30 2000  .home
2026-08-11 16:19:28:    <DIR>	      376  Sat Mar 18 04:50:58 2000  gui-userdata
2026-08-11 16:19:28:    	       18  Tue Aug 11 04:09:03 2026  .backup
2026-08-11 16:19:28:    	      789  Tue Aug 11 03:19:35 2026  swi_a_5700_2002.cfg
2026-08-11 16:19:28:    	       30  Tue Aug 11 04:18:09 2026  .config
2026-08-11 16:19:28:    	      789  Tue Aug 11 04:09:09 2026  TestCase_tear_down.cfg
2026-08-11 16:19:28:    	      161  Tue Aug 11 03:03:25 2026  default.cfg
2026-08-11 16:19:28:    	      876  Tue Aug 11 03:26:45 2026  swi_a_5700_2002_10.cfg
2026-08-11 16:19:28:    <DIR>	     1768  Tue Aug 11 04:08:37 2026  .configs
2026-08-11 16:19:28:    	      789  Tue Aug 11 03:27:02 2026  swi_a_5700_2002_20.cfg
2026-08-11 16:19:28:    	      789  Tue Aug 11 03:47:45 2026  swi_a_5700_2002_21.cfg
2026-08-11 16:19:28:    	      789  Tue Aug 11 03:48:04 2026  swi_a_5700_2002_22.cfg
2026-08-11 16:19:28:    	      789  Tue Aug 11 03:19:45 2026  swi_a_5700_2002_1.cfg
2026-08-11 16:19:28:    	      789  Tue Aug 11 03:20:07 2026  swi_a_5700_2002_2.cfg
2026-08-11 16:19:28:    	      789  Tue Aug 11 04:18:08 2026  swi_a_5700_2002_30.cfg
2026-08-11 16:19:28:    <DIR>	      224  Sat Mar 18 04:52:17 2000  .certs
2026-08-11 16:19:28:    Listing of usable files (root directory only)
2026-08-11 16:19:28:    
2026-08-11 16:19:28:      1. flash:x540-5.5.3-2.1.rel
2026-08-11 16:19:28:    
2026-08-11 16:19:28:    Enter selection (1-1, 0 to cancel) and press enter ==> 
2026-08-11 16:19:28:    1
2026-08-11 16:19:28:    
2026-08-11 16:19:28:    
2026-08-11 16:19:28:    
2026-08-11 16:19:28:    Warning: System has been forced to boot from a non-standard location
2026-08-11 16:19:28:    To restore the system to default behaviour, enter the Boot Menu,
2026-08-11 16:19:28:    	Choose option 2, then option 9
2026-08-11 16:19:28:    
2026-08-11 16:19:28:    Device 0: ubi0, MTD partition user
2026-08-11 16:19:28:    Reading flash:x540-5.5.3-2.1.rel...
2026-08-11 16:19:28:    Loading file 'x540-5.5.3-2.1.rel' to addr 0x04000000...
2026-08-11 16:19:28:    Done
2026-08-11 16:19:28:    
2026-08-11 16:19:28:    Probing SPI flash... Complete
2026-08-11 16:19:28:    Booting image 04000000#IE520-28GSX ...
2026-08-11 16:19:28:    ## Loading kernel from FIT Image at 04000000 ...
2026-08-11 16:19:28:    Could not find configuration node
2026-08-11 16:19:28:    ERROR -2: can't get kernel image!
2026-08-11 16:19:28:    
2026-08-11 16:19:28:    Restarting system in ...  5
2026-08-11 16:19:28: 
2026-08-11 16:21:55: PASS: Current software is IE520-tb470.rel
2026-08-11 16:21:55: 
2026-08-11 16:21:59: mainrelease.rel: already fetched this run but no longer in flash on swi_a, downloading again
2026-08-11 16:28:01: backuprelease.rel: already downloaded this run and still present on swi_a, keeping it
2026-08-11 16:28:03: dir *.rel
  41104167 -rw- Aug 11 2026 04:22:39  flash:/mainrelease.rel
swi_a_5700_2002#
2026-08-11 16:28:03: Set the swi_a boot configuration back to the TestSet configuration (flash:/swi_a_5700_2002.cfg)
2026-08-11 16:28:05: Save the current running configuration as TestCase_tear_down.cfg on swi_a
2026-08-11 16:28:08: Compare swi_a_5700_2002.cfg and TestCase_tear_down.cfg on swi_a
2026-08-11 16:28:10: PASS: Configuration on swi_a after TestCase tear_down() is the same as the initial TestSet Configuration
2026-08-11 16:28:10: _PostTearDownThread-swi_a - Joined
2026-08-11 16:28:12: PASS: swi_a contains no exceptions
2026-08-11 16:28:14: Setup is no longer reliable - all devices will be rebooted
2026-08-11 16:28:14: Power cycle swi_a
2026-08-11 16:28:41: Power cycle swi_a completed: Success
2026-08-11 16:28:41: _PowerCycleThread-swi_a - Joined
2026-08-11 16:28:41: Wait for all ports to reach running state after power-cycle
2026-08-11 16:31:09: All ports on swi_a that are used in this TestSet have been successfully brought up
2026-08-11 16:31:09: wait_for_all_ports_running-swi_a - Joined
2026-08-11 16:31:09: Moving *.pcap files across from /tmp
2026-08-11 16:31:10: _PreRunThread-swi_a - Joined
2026-08-11 16:31:10: !!FAIL: No SD card present, test unsupported
2026-08-11 16:31:10: Save the current running configuration as swi_a_5700_2002_41.cfg on swi_a
2026-08-11 16:31:15: _SaveConfigsThread-swi_a - Joined
2026-08-11 16:31:15: _CheckRunningConfigsThread-swi_a - Joined
2026-08-11 16:31:15: Skipping unsupported test
2026-08-11 16:31:15: 
2026-08-11 16:31:15: Set the swi_a boot configuration back to the TestSet configuration (flash:/swi_a_5700_2002.cfg)
2026-08-11 16:31:17: Save the current running configuration as TestCase_tear_down.cfg on swi_a
2026-08-11 16:31:21: Compare swi_a_5700_2002.cfg and TestCase_tear_down.cfg on swi_a
2026-08-11 16:31:22: PASS: Configuration on swi_a after TestCase tear_down() is the same as the initial TestSet Configuration
2026-08-11 16:31:22: _PostTearDownThread-swi_a - Joined
2026-08-11 16:31:24: PASS: swi_a contains no exceptions
2026-08-11 16:31:27: Moving *.pcap files across from /tmp
2026-08-11 16:31:28: _PreRunThread-swi_a - Joined
2026-08-11 16:31:28: Save the current running configuration as swi_a_5700_2002_42.cfg on swi_a
2026-08-11 16:31:33: _SaveConfigsThread-swi_a - Joined
2026-08-11 16:31:33: _CheckRunningConfigsThread-swi_a - Joined
2026-08-11 16:31:33: Set Boot System current and backup
2026-08-11 16:31:37: PASS: command 'delete force usb:/mainreleaseusb.rel' issued and output 'Successful operation' seen
2026-08-11 16:33:38: PASS: command 'copy mainrelease.rel usb:/mainreleaseusb.rel' issued and output 'Successful operation' seen
2026-08-11 16:33:41: PASS: Current boot image is correct, usb:/mainreleaseusb.rel
2026-08-11 16:33:42: PASS: Backup boot image is correct, backuprelease.rel
2026-08-11 16:33:42: Reboot and check Boot System current and backup are as set
2026-08-11 16:33:42: Set swi_a to boot from USB
2026-08-11 16:33:42: Power-cycle swi_a and watch for <Ctrl+B> message
2026-08-11 16:34:01: Turning swi on from thread, swi_a
2026-08-11 16:36:47: PASS: Current software is mainreleaseusb.rel
2026-08-11 16:36:47: PASS: Current boot image is correct, usb:/mainreleaseusb.rel
2026-08-11 16:36:48: PASS: Backup boot image is correct, backuprelease.rel
2026-08-11 16:36:48: 
2026-08-11 16:37:03: Set swi_a to boot from TFTP
2026-08-11 16:37:03: Power-cycle swi_a and watch for <Ctrl+B> message
2026-08-11 16:37:18: Turning swi on from thread, swi_a
2026-08-11 16:42:18: Set the swi_a boot configuration back to the TestSet configuration (flash:/swi_a_5700_2002.cfg)
2026-08-11 16:42:20: Save the current running configuration as TestCase_tear_down.cfg on swi_a
2026-08-11 16:42:24: Compare swi_a_5700_2002.cfg and TestCase_tear_down.cfg on swi_a
2026-08-11 16:42:25: PASS: Configuration on swi_a after TestCase tear_down() is the same as the initial TestSet Configuration
2026-08-11 16:42:25: _PostTearDownThread-swi_a - Joined
2026-08-11 16:42:27: PASS: swi_a contains no exceptions
2026-08-11 16:42:30: Moving *.pcap files across from /tmp
2026-08-11 16:42:31: _PreRunThread-swi_a - Joined
2026-08-11 16:42:31: Save the current running configuration as swi_a_5700_2002_50.cfg on swi_a
2026-08-11 16:42:36: _SaveConfigsThread-swi_a - Joined
2026-08-11 16:42:36: _CheckRunningConfigsThread-swi_a - Joined
2026-08-11 16:42:36: Set Boot System current and backup
2026-08-11 16:42:41: mainrelease.rel: already downloaded this run and still present on swi_a, keeping it
2026-08-11 16:42:41: backuprelease.rel: already fetched this run but no longer in flash on swi_a, downloading again
2026-08-11 16:46:38: dir *.rel
  41104167 -rw- Aug 11 2026 04:43:13  flash:/backuprelease.rel
  41104167 -rw- Aug 11 2026 04:22:39  flash:/mainrelease.rel
swi_a_5700_2002#
2026-08-11 16:46:42: PASS: Current boot image is correct, mainrelease.rel
2026-08-11 16:46:43: PASS: Backup boot image is correct, backuprelease.rel
2026-08-11 16:46:43: Set Boot Menu Default Boot to boot from Boot System current and backup setting and reboot
2026-08-11 16:46:43: Set swi_a to boot from CLI
2026-08-11 16:46:43: Power-cycle swi_a and watch for <Ctrl+B> message
2026-08-11 16:47:03: Turning swi on from thread, swi_a
2026-08-11 16:49:50: PASS: Current boot image is correct, mainrelease.rel
2026-08-11 16:49:51: PASS: Backup boot image is correct, backuprelease.rel
2026-08-11 16:49:51: Delete release file set as Boot System current
2026-08-11 16:49:55: Check Boot System current is a non-existent file and reboot, boot should fail as release file should not be found
2026-08-11 16:49:55: PASS: Current boot image is correct, mainrelease.rel (file not found)
2026-08-11 16:49:55: Check boot fails with appropriate error message
2026-08-11 16:50:08: PASS: device is not booting
2026-08-11 16:50:08: Wait for DUT to boot backuprelease.rel
2026-08-11 16:52:36: PASS: Current software is backuprelease.rel
2026-08-11 16:59:55: Check Boot System current is set to flash:mainrelease.rel and file exists
2026-08-11 16:59:56: PASS: Current boot image is correct, mainrelease.rel (file exists)
2026-08-11 16:59:56: 
2026-08-11 17:00:07: Set swi_a to boot from TFTP
2026-08-11 17:00:07: Power-cycle swi_a and watch for <Ctrl+B> message
2026-08-11 17:00:23: Turning swi on from thread, swi_a
2026-08-11 17:05:18: Set the swi_a boot configuration back to the TestSet configuration (flash:/swi_a_5700_2002.cfg)
2026-08-11 17:05:20: Save the current running configuration as TestCase_tear_down.cfg on swi_a
2026-08-11 17:05:23: Compare swi_a_5700_2002.cfg and TestCase_tear_down.cfg on swi_a
2026-08-11 17:05:25: PASS: Configuration on swi_a after TestCase tear_down() is the same as the initial TestSet Configuration
2026-08-11 17:05:25: _PostTearDownThread-swi_a - Joined
2026-08-11 17:05:26: PASS: swi_a contains no exceptions
2026-08-11 17:05:29: Moving *.pcap files across from /tmp
2026-08-11 17:05:30: _PreRunThread-swi_a - Joined
2026-08-11 17:05:30: Save the current running configuration as swi_a_5700_2002_60.cfg on swi_a
2026-08-11 17:05:35: _SaveConfigsThread-swi_a - Joined
2026-08-11 17:05:35: _CheckRunningConfigsThread-swi_a - Joined
2026-08-11 17:05:35: Set Boot System current and backup
2026-08-11 17:05:43: PASS: Current boot image is correct, IE520-tb470.rel
2026-08-11 17:05:43: Set Boot Menu Default Boot and reboot
2026-08-11 17:05:43: Set swi_a to boot from CLI
2026-08-11 17:05:44: Power-cycle swi_a and watch for <Ctrl+B> message
2026-08-11 17:06:02: Turning swi on from thread, swi_a
2026-08-11 17:08:48: PASS: Current software is IE520-tb470.rel
2026-08-11 17:08:48: Set Boot Menu Default Boot to boot from Flash and reboot
2026-08-11 17:08:48: Set swi_a to boot from FLASH
2026-08-11 17:08:48: Power-cycle swi_a and watch for <Ctrl+B> message
2026-08-11 17:09:08: Turning swi on from thread, swi_a
2026-08-11 17:11:58: PASS: Current software is IE520-tb470.rel
2026-08-11 17:11:58: 
2026-08-11 17:12:16: Set swi_a to boot from TFTP
2026-08-11 17:12:16: Power-cycle swi_a and watch for <Ctrl+B> message
2026-08-11 17:12:31: Turning swi on from thread, swi_a
2026-08-11 17:17:33: Set the swi_a boot configuration back to the TestSet configuration (flash:/swi_a_5700_2002.cfg)
2026-08-11 17:17:34: Save the current running configuration as TestCase_tear_down.cfg on swi_a
2026-08-11 17:17:38: Compare swi_a_5700_2002.cfg and TestCase_tear_down.cfg on swi_a
2026-08-11 17:17:40: PASS: Configuration on swi_a after TestCase tear_down() is the same as the initial TestSet Configuration
2026-08-11 17:17:40: _PostTearDownThread-swi_a - Joined
2026-08-11 17:17:41: PASS: swi_a contains no exceptions
2026-08-11 17:17:44: Moving *.pcap files across from /tmp
2026-08-11 17:17:45: _PreRunThread-swi_a - Joined
2026-08-11 17:17:45: !!FAIL: No SD card present, test unsupported
2026-08-11 17:17:45: Save the current running configuration as swi_a_5700_2002_61.cfg on swi_a
2026-08-11 17:17:50: _SaveConfigsThread-swi_a - Joined
2026-08-11 17:17:50: _CheckRunningConfigsThread-swi_a - Joined
2026-08-11 17:17:50: Skipping unsupported test
2026-08-11 17:17:50: 
2026-08-11 17:17:50: Set the swi_a boot configuration back to the TestSet configuration (flash:/swi_a_5700_2002.cfg)
2026-08-11 17:17:53: Save the current running configuration as TestCase_tear_down.cfg on swi_a
2026-08-11 17:17:56: Compare swi_a_5700_2002.cfg and TestCase_tear_down.cfg on swi_a
2026-08-11 17:17:58: PASS: Configuration on swi_a after TestCase tear_down() is the same as the initial TestSet Configuration
2026-08-11 17:17:58: _PostTearDownThread-swi_a - Joined
2026-08-11 17:17:59: PASS: swi_a contains no exceptions
2026-08-11 17:18:02: Moving *.pcap files across from /tmp
2026-08-11 17:18:03: _PreRunThread-swi_a - Joined
2026-08-11 17:18:03: Save the current running configuration as swi_a_5700_2002_62.cfg on swi_a
2026-08-11 17:18:09: _SaveConfigsThread-swi_a - Joined
2026-08-11 17:18:09: _CheckRunningConfigsThread-swi_a - Joined
2026-08-11 17:18:09: Set Boot Menu Default Boot to boot from USB and reboot
2026-08-11 17:18:09: Set swi_a to boot from USB
2026-08-11 17:18:09: Power-cycle swi_a and watch for <Ctrl+B> message
2026-08-11 17:18:28: Turning swi on from thread, swi_a
2026-08-11 17:21:19: PASS: Current software is mainreleaseusb.rel
2026-08-11 17:21:19: 
2026-08-11 17:21:38: Set swi_a to boot from TFTP
2026-08-11 17:21:38: Power-cycle swi_a and watch for <Ctrl+B> message
2026-08-11 17:21:53: Turning swi on from thread, swi_a
2026-08-11 17:26:53: Set the swi_a boot configuration back to the TestSet configuration (flash:/swi_a_5700_2002.cfg)
2026-08-11 17:26:55: Save the current running configuration as TestCase_tear_down.cfg on swi_a
2026-08-11 17:26:59: Compare swi_a_5700_2002.cfg and TestCase_tear_down.cfg on swi_a
2026-08-11 17:27:01: PASS: Configuration on swi_a after TestCase tear_down() is the same as the initial TestSet Configuration
2026-08-11 17:27:01: _PostTearDownThread-swi_a - Joined
2026-08-11 17:27:02: PASS: swi_a contains no exceptions
2026-08-11 17:27:05: Moving *.pcap files across from /tmp
2026-08-11 17:27:06: _PreRunThread-swi_a - Joined
2026-08-11 17:27:06: Save the current running configuration as swi_a_5700_2002_70.cfg on swi_a
2026-08-11 17:27:11: _SaveConfigsThread-swi_a - Joined
2026-08-11 17:27:11: _CheckRunningConfigsThread-swi_a - Joined
2026-08-11 17:27:11: Show system information in Bootloader Menu and check the bootloader version
2026-08-11 17:27:11: Power-cycle swi_a and watch for <Ctrl+B> message
2026-08-11 17:27:30: Turning swi on from thread, swi_a
2026-08-11 17:27:53: PASS: bootloader version seen in system information
2026-08-11 17:27:53: Restart from Bootloader Menu and check bootloader version is seen at boot time
2026-08-11 17:28:25: PASS: bootloader version, 9.1.0, seen at boot
2026-08-11 17:30:21: 
2026-08-11 17:30:21: Set the swi_a boot configuration back to the TestSet configuration (flash:/swi_a_5700_2002.cfg)
2026-08-11 17:30:23: Save the current running configuration as TestCase_tear_down.cfg on swi_a
2026-08-11 17:30:28: Compare swi_a_5700_2002.cfg and TestCase_tear_down.cfg on swi_a
2026-08-11 17:30:29: PASS: Configuration on swi_a after TestCase tear_down() is the same as the initial TestSet Configuration
2026-08-11 17:30:29: _PostTearDownThread-swi_a - Joined
2026-08-11 17:30:31: PASS: swi_a contains no exceptions
2026-08-11 17:30:34: Moving *.pcap files across from /tmp
2026-08-11 17:30:35: _PreRunThread-swi_a - Joined
2026-08-11 17:30:35: Save the current running configuration as swi_a_5700_2002_80.cfg on swi_a
2026-08-11 17:30:40: _SaveConfigsThread-swi_a - Joined
2026-08-11 17:30:40: _CheckRunningConfigsThread-swi_a - Joined
2026-08-11 17:30:40: Enter Boot Menu and select option 0. Restart and check the device boots
2026-08-11 17:30:40: Power-cycle swi_a and watch for <Ctrl+B> message
2026-08-11 17:31:00: Turning swi on from thread, swi_a
2026-08-11 17:31:54: PASS: device restarted from bootmenu
2026-08-11 17:33:51: 
2026-08-11 17:33:51: Set the swi_a boot configuration back to the TestSet configuration (flash:/swi_a_5700_2002.cfg)
2026-08-11 17:33:53: Save the current running configuration as TestCase_tear_down.cfg on swi_a
2026-08-11 17:33:56: Compare swi_a_5700_2002.cfg and TestCase_tear_down.cfg on swi_a
2026-08-11 17:33:58: PASS: Configuration on swi_a after TestCase tear_down() is the same as the initial TestSet Configuration
2026-08-11 17:33:58: _PostTearDownThread-swi_a - Joined
2026-08-11 17:34:00: PASS: swi_a contains no exceptions
2026-08-11 17:34:02: Moving *.pcap files across from /tmp
2026-08-11 17:34:03: _PreRunThread-swi_a - Joined
2026-08-11 17:34:03: Save the current running configuration as swi_a_5700_2002_90.cfg on swi_a
2026-08-11 17:34:09: _SaveConfigsThread-swi_a - Joined
2026-08-11 17:34:09: _CheckRunningConfigsThread-swi_a - Joined
2026-08-11 17:34:09: Enter Boot Menu and select option, B. Boot backup software
2026-08-11 17:34:14: PASS: Current boot image is correct, mainrelease.rel
2026-08-11 17:34:15: PASS: Backup boot image is correct, backuprelease.rel
2026-08-11 17:34:15: Power-cycle swi_a and watch for <Ctrl+B> message
2026-08-11 17:34:33: Turning swi on from thread, swi_a
2026-08-11 17:35:23: PASS: device booted
2026-08-11 17:35:23: Check that the current release loaded is the backup release
2026-08-11 17:37:20: PASS: Current software is backuprelease.rel
2026-08-11 17:37:20: 
2026-08-11 17:37:20: Set the swi_a boot configuration back to the TestSet configuration (flash:/swi_a_5700_2002.cfg)
2026-08-11 17:37:22: Save the current running configuration as TestCase_tear_down.cfg on swi_a
2026-08-11 17:37:26: Compare swi_a_5700_2002.cfg and TestCase_tear_down.cfg on swi_a
2026-08-11 17:37:28: PASS: Configuration on swi_a after TestCase tear_down() is the same as the initial TestSet Configuration
2026-08-11 17:37:28: _PostTearDownThread-swi_a - Joined
2026-08-11 17:37:30: PASS: swi_a contains no exceptions
2026-08-11 17:37:32: Moving *.pcap files across from /tmp
2026-08-11 17:37:33: _PreRunThread-swi_a - Joined
2026-08-11 17:37:33: Save the current running configuration as swi_a_5700_2002_100.cfg on swi_a
2026-08-11 17:37:39: _SaveConfigsThread-swi_a - Joined
2026-08-11 17:37:39: _CheckRunningConfigsThread-swi_a - Joined
2026-08-11 17:37:43: 
2026-08-11 17:37:43: ------------------------------------------------------------
2026-08-11 17:37:43: Checking menu return to Boot Menu
2026-08-11 17:37:43: Power-cycle swi_a and watch for <Ctrl+B> message
2026-08-11 17:38:02: Turning swi on from thread, swi_a
2026-08-11 17:38:24: PASS: Default Boot menu selected
2026-08-11 17:38:26: PASS: return to Boot Menu
2026-08-11 17:38:26: 
2026-08-11 17:38:26: ------------------------------------------------------------
2026-08-11 17:38:26: Checking default boot from flash - note the change in boot system settings so can check change in default
2026-08-11 17:38:26: Set swi_a to boot from FLASH
2026-08-11 17:38:26: Power-cycle swi_a and watch for <Ctrl+B> message
2026-08-11 17:39:42: Turning swi on from thread, swi_a
2026-08-11 17:42:34: PASS: Current boot image is correct, backuprelease.rel
2026-08-11 17:42:35: PASS: Current software is mainrelease.rel
2026-08-11 17:42:39: 
2026-08-11 17:42:39: ------------------------------------------------------------
2026-08-11 17:42:39: Checking default boot from flash - will boot to backup boot image when current boot image is not set
2026-08-11 17:42:39: Set swi_a to boot from CLI
2026-08-11 17:42:39: Power-cycle swi_a and watch for <Ctrl+B> message
2026-08-11 17:42:58: Turning swi on from thread, swi_a
2026-08-11 17:45:44: PASS: Current software is mainrelease.rel
2026-08-11 17:45:45: PASS: Current boot image is correct, mainrelease.rel
2026-08-11 17:45:46: PASS: Backup boot image is correct, backuprelease.rel
2026-08-11 17:45:50: PASS: Current boot image is correct, Not set
2026-08-11 17:45:50: Power-cycle swi_a and watch for <Ctrl+B> message
2026-08-11 17:46:08: Turning swi on from thread, swi_a
2026-08-11 17:49:00: PASS: Current software is backuprelease.rel
2026-08-11 17:49:01: PASS: Current boot image is correct, Not set
2026-08-11 17:49:02: PASS: Backup boot image is correct, backuprelease.rel
2026-08-11 17:49:02: 
2026-08-11 17:49:02: ------------------------------------------------------------
2026-08-11 17:49:02: Checking default boot from CLI - will boot to current boot image when backup boot image is not set
2026-08-11 17:49:05: Set swi_a to boot from CLI
2026-08-11 17:49:05: Power-cycle swi_a and watch for <Ctrl+B> message
2026-08-11 17:49:24: Turning swi on from thread, swi_a
2026-08-11 17:52:13: PASS: Current software is mainrelease.rel
2026-08-11 17:52:13: PASS: Current boot image is correct, mainrelease.rel
2026-08-11 17:52:14: PASS: Backup boot image is correct, Not set
2026-08-11 17:52:14: 
2026-08-11 17:52:14: ------------------------------------------------------------
2026-08-11 17:52:14: Checking default boot from CLI - will fail to boot whern both current boot image and backup boot image are not set
2026-08-11 17:52:17: Power-cycle swi_a and watch for <Ctrl+B> message
2026-08-11 17:52:37: Turning swi on from thread, swi_a
2026-08-11 17:53:02: PASS: device is not booting
2026-08-11 17:53:13: Set swi_a to boot from TFTP
2026-08-11 17:53:13: Power-cycle swi_a and watch for <Ctrl+B> message
2026-08-11 17:53:28: Turning swi on from thread, swi_a
2026-08-11 17:58:23: PASS: Current boot image is correct, Not set
2026-08-11 17:58:24: PASS: Backup boot image is correct, Not set
2026-08-11 17:58:25: PASS: Current software is IE520-tb470.rel
2026-08-11 17:58:25: 
2026-08-11 17:59:03: Set swi_a to boot from TFTP
2026-08-11 17:59:03: Power-cycle swi_a and watch for <Ctrl+B> message
2026-08-11 17:59:18: Turning swi on from thread, swi_a
2026-08-11 18:04:26: Set the swi_a boot configuration back to the TestSet configuration (flash:/swi_a_5700_2002.cfg)
2026-08-11 18:04:29: Save the current running configuration as TestCase_tear_down.cfg on swi_a
2026-08-11 18:04:32: Compare swi_a_5700_2002.cfg and TestCase_tear_down.cfg on swi_a
2026-08-11 18:04:34: PASS: Configuration on swi_a after TestCase tear_down() is the same as the initial TestSet Configuration
2026-08-11 18:04:34: _PostTearDownThread-swi_a - Joined
2026-08-11 18:04:36: PASS: swi_a contains no exceptions
2026-08-11 18:04:38: Moving *.pcap files across from /tmp
2026-08-11 18:04:39: _PreRunThread-swi_a - Joined
2026-08-11 18:04:39: !!FAIL: No SD card present, test unsupported
2026-08-11 18:04:39: Save the current running configuration as swi_a_5700_2002_101.cfg on swi_a
2026-08-11 18:04:44: _SaveConfigsThread-swi_a - Joined
2026-08-11 18:04:44: _CheckRunningConfigsThread-swi_a - Joined
2026-08-11 18:04:44: Skipping unsupported test
2026-08-11 18:04:44: 
2026-08-11 18:04:44: Set the swi_a boot configuration back to the TestSet configuration (flash:/swi_a_5700_2002.cfg)
2026-08-11 18:04:47: Save the current running configuration as TestCase_tear_down.cfg on swi_a
2026-08-11 18:04:51: Compare swi_a_5700_2002.cfg and TestCase_tear_down.cfg on swi_a
2026-08-11 18:04:52: PASS: Configuration on swi_a after TestCase tear_down() is the same as the initial TestSet Configuration
2026-08-11 18:04:52: _PostTearDownThread-swi_a - Joined
2026-08-11 18:04:54: PASS: swi_a contains no exceptions
2026-08-11 18:04:57: Moving *.pcap files across from /tmp
2026-08-11 18:04:57: _PreRunThread-swi_a - Joined
2026-08-11 18:04:57: Save the current running configuration as swi_a_5700_2002_102.cfg on swi_a
2026-08-11 18:05:03: _SaveConfigsThread-swi_a - Joined
2026-08-11 18:05:03: _CheckRunningConfigsThread-swi_a - Joined
2026-08-11 18:05:06: 
2026-08-11 18:05:06: ------------------------------------------------------------
2026-08-11 18:05:06: Checking default boot from USB - boot using a file from the USB storage device
2026-08-11 18:06:58: PASS: command 'copy mainrelease.rel usb:/mainreleaseusb.rel' issued and output 'Successful operation' seen
2026-08-11 18:06:58: Set swi_a to boot from USB
2026-08-11 18:06:58: Power-cycle swi_a and watch for <Ctrl+B> message
2026-08-11 18:07:16: Turning swi on from thread, swi_a
2026-08-11 18:10:08: PASS: Current software is mainreleaseusb.rel
2026-08-11 18:12:19: PASS: command 'copy backuprelease.rel usb:/backupreleaseusb.rel' issued and output 'Successful operation' seen
2026-08-11 18:12:19: Set swi_a to boot from USB
2026-08-11 18:12:20: Power-cycle swi_a and watch for <Ctrl+B> message
2026-08-11 18:12:38: Turning swi on from thread, swi_a
2026-08-11 18:15:30: PASS: Current software is backupreleaseusb.rel
2026-08-11 18:15:30: 
2026-08-11 18:15:52: Set swi_a to boot from TFTP
2026-08-11 18:15:52: Power-cycle swi_a and watch for <Ctrl+B> message
2026-08-11 18:16:07: Turning swi on from thread, swi_a
2026-08-11 18:21:03: Set the swi_a boot configuration back to the TestSet configuration (flash:/swi_a_5700_2002.cfg)
2026-08-11 18:21:05: Save the current running configuration as TestCase_tear_down.cfg on swi_a
2026-08-11 18:21:09: Compare swi_a_5700_2002.cfg and TestCase_tear_down.cfg on swi_a
2026-08-11 18:21:11: PASS: Configuration on swi_a after TestCase tear_down() is the same as the initial TestSet Configuration
2026-08-11 18:21:11: _PostTearDownThread-swi_a - Joined
2026-08-11 18:21:13: PASS: swi_a contains no exceptions
2026-08-11 18:21:16: Moving *.pcap files across from /tmp
2026-08-11 18:21:17: _PreRunThread-swi_a - Joined
2026-08-11 18:21:17: Save the current running configuration as swi_a_5700_2002_110.cfg on swi_a
2026-08-11 18:21:22: _SaveConfigsThread-swi_a - Joined
2026-08-11 18:21:22: _CheckRunningConfigsThread-swi_a - Joined
2026-08-11 18:21:22: 
2026-08-11 18:21:22: ------------------------------------------------------------
2026-08-11 18:21:22: Checking menu return to Boot Menu
2026-08-11 18:21:22: Power-cycle swi_a and watch for <Ctrl+B> message
2026-08-11 18:21:43: Turning swi on from thread, swi_a
2026-08-11 18:22:06: PASS: One-off Boot menu selected
2026-08-11 18:22:07: PASS: return to Boot Menu
2026-08-11 18:22:07: 
2026-08-11 18:22:07: ------------------------------------------------------------
2026-08-11 18:22:07: Checking one-off boot main release filesystem
2026-08-11 18:22:07: Power-cycle swi_a and watch for <Ctrl+B> message
2026-08-11 18:23:23: Turning swi on from thread, swi_a
2026-08-11 18:24:12: PASS: One-off boot in progress
2026-08-11 18:26:06: PASS: Current software is mainrelease.rel
2026-08-11 18:26:06: 
2026-08-11 18:26:06: Checking release reverts to default boot option
2026-08-11 18:28:43: PASS: Current software is IE520-tb470.rel
2026-08-11 18:28:43: 
2026-08-11 18:28:43: ------------------------------------------------------------
2026-08-11 18:28:43: Checking one-off boot backup release filesystem
2026-08-11 18:28:43: Power-cycle swi_a and watch for <Ctrl+B> message
2026-08-11 18:29:01: Turning swi on from thread, swi_a
2026-08-11 18:29:50: PASS: One-off boot in progress
2026-08-11 18:31:46: PASS: Current software is backuprelease.rel
2026-08-11 18:31:46: 
2026-08-11 18:31:46: Checking release reverts to default boot option
2026-08-11 18:34:23: PASS: Current software is IE520-tb470.rel
2026-08-11 18:34:23: 
2026-08-11 18:34:23: ------------------------------------------------------------
2026-08-11 18:34:23: Checking one-off boot tftp copy
2026-08-11 18:34:23: Set swi_a to one-off boot from TFTP
2026-08-11 18:34:23: Power-cycle swi_a and watch for <Ctrl+B> message
2026-08-11 18:34:41: Turning swi on from thread, swi_a
2026-08-11 18:39:12: PASS: One-off boot in progress
2026-08-11 18:39:37: PASS: Current software is IE520-copy-tb470.rel
2026-08-11 18:39:37: 
2026-08-11 18:39:37: Checking release reverts to default boot option
2026-08-11 18:42:11: PASS: Current software is IE520-tb470.rel
2026-08-11 18:42:11: 
2026-08-11 18:42:11: Set the swi_a boot configuration back to the TestSet configuration (flash:/swi_a_5700_2002.cfg)
2026-08-11 18:42:13: Save the current running configuration as TestCase_tear_down.cfg on swi_a
2026-08-11 18:42:17: Compare swi_a_5700_2002.cfg and TestCase_tear_down.cfg on swi_a
2026-08-11 18:42:18: PASS: Configuration on swi_a after TestCase tear_down() is the same as the initial TestSet Configuration
2026-08-11 18:42:18: _PostTearDownThread-swi_a - Joined
2026-08-11 18:42:20: PASS: swi_a contains no exceptions
2026-08-11 18:42:23: Moving *.pcap files across from /tmp
2026-08-11 18:42:24: _PreRunThread-swi_a - Joined
2026-08-11 18:42:24: !!FAIL: No SD card present, test unsupported
2026-08-11 18:42:24: Save the current running configuration as swi_a_5700_2002_111.cfg on swi_a
2026-08-11 18:42:29: _SaveConfigsThread-swi_a - Joined
2026-08-11 18:42:29: _CheckRunningConfigsThread-swi_a - Joined
2026-08-11 18:42:29: Skipping unsupported test
2026-08-11 18:42:29: 
2026-08-11 18:42:29: Set the swi_a boot configuration back to the TestSet configuration (flash:/swi_a_5700_2002.cfg)
2026-08-11 18:42:31: Save the current running configuration as TestCase_tear_down.cfg on swi_a
2026-08-11 18:42:35: Compare swi_a_5700_2002.cfg and TestCase_tear_down.cfg on swi_a
2026-08-11 18:42:37: PASS: Configuration on swi_a after TestCase tear_down() is the same as the initial TestSet Configuration
2026-08-11 18:42:37: _PostTearDownThread-swi_a - Joined
2026-08-11 18:42:38: PASS: swi_a contains no exceptions
2026-08-11 18:42:41: Moving *.pcap files across from /tmp
2026-08-11 18:42:42: _PreRunThread-swi_a - Joined
2026-08-11 18:42:42: Save the current running configuration as swi_a_5700_2002_112.cfg on swi_a
2026-08-11 18:42:47: _SaveConfigsThread-swi_a - Joined
2026-08-11 18:42:47: _CheckRunningConfigsThread-swi_a - Joined
2026-08-11 18:42:48: 
2026-08-11 18:42:48: 
2026-08-11 18:44:44: PASS: command 'copy mainrelease.rel usb:/mainreleaseusb.rel' issued and output 'Successful operation' seen
2026-08-11 18:46:31: PASS: command 'copy backuprelease.rel usb:/backupreleaseusb.rel' issued and output 'Successful operation' seen
2026-08-11 18:46:31: 
2026-08-11 18:46:31: ------------------------------------------------------------
2026-08-11 18:46:31: Checking one-off boot from USB, mainreleaseusb.rel
2026-08-11 18:46:31: Power-cycle swi_a and watch for <Ctrl+B> message
2026-08-11 18:46:51: Turning swi on from thread, swi_a
2026-08-11 18:47:39: PASS: One-off boot in progress
2026-08-11 18:49:36: PASS: Current software is mainreleaseusb.rel
2026-08-11 18:49:36: 
2026-08-11 18:49:36: ------------------------------------------------------------
2026-08-11 18:49:36: Checking one-off boot from USB, backupreleaseusb.rel
2026-08-11 18:49:36: Power-cycle swi_a and watch for <Ctrl+B> message
2026-08-11 18:49:55: Turning swi on from thread, swi_a
2026-08-11 18:50:46: PASS: One-off boot in progress
2026-08-11 18:52:41: PASS: Current software is backupreleaseusb.rel
2026-08-11 18:52:41: 
2026-08-11 18:52:41: Checking release reverts to default boot option
2026-08-11 18:55:13: PASS: Current software is IE520-tb470.rel
2026-08-11 18:55:13: 
2026-08-11 18:55:13: Set the swi_a boot configuration back to the TestSet configuration (flash:/swi_a_5700_2002.cfg)
2026-08-11 18:55:15: Save the current running configuration as TestCase_tear_down.cfg on swi_a
2026-08-11 18:55:18: Compare swi_a_5700_2002.cfg and TestCase_tear_down.cfg on swi_a
2026-08-11 18:55:20: PASS: Configuration on swi_a after TestCase tear_down() is the same as the initial TestSet Configuration
2026-08-11 18:55:20: _PostTearDownThread-swi_a - Joined
2026-08-11 18:55:22: PASS: swi_a contains no exceptions
2026-08-11 18:55:24: Moving *.pcap files across from /tmp
2026-08-11 18:55:25: _PreRunThread-swi_a - Joined
2026-08-11 18:55:25: Save the current running configuration as swi_a_5700_2002_119.cfg on swi_a
2026-08-11 18:55:30: _SaveConfigsThread-swi_a - Joined
2026-08-11 18:55:30: _CheckRunningConfigsThread-swi_a - Joined
2026-08-11 18:55:30: 
2026-08-11 18:55:30: ------------------------------------------------------------
2026-08-11 18:55:30: Fill flash with release files
2026-08-11 19:00:36: Made 0 release file copies
2026-08-11 19:00:39: 
2026-08-11 19:00:39: All release files:
2026-08-11 19:00:39:    mainrelease.rel
2026-08-11 19:00:39:    backuprelease.rel
2026-08-11 19:00:39: 
2026-08-11 19:00:39: ------------------------------------------------------------
2026-08-11 19:00:39: Checking one-off boot lists all release files
2026-08-11 19:00:40: Power-cycle swi_a and watch for <Ctrl+B> message
2026-08-11 19:01:01: Turning swi on from thread, swi_a
2026-08-11 19:02:46: Turning swi on from thread, swi_a
2026-08-11 19:04:36: Turning swi on from thread, swi_a
2026-08-11 19:05:10: PASS: One-off boot listed all 2 release files:
2026-08-11 19:05:11:    	       16  Tue Aug 11 06:15:24 2026  .release
2026-08-11 19:05:11:    	 41104167  Tue Aug 11 04:43:13 2026  backuprelease.rel
2026-08-11 19:05:11:    	 41104167  Tue Aug 11 04:59:42 2026  mainrelease.rel
2026-08-11 19:05:11:      1. flash:mainrelease.rel
2026-08-11 19:05:11:      2. flash:backuprelease.rel
2026-08-11 19:05:12: 
2026-08-11 19:05:16: Set the swi_a boot configuration back to the TestSet configuration (flash:/swi_a_5700_2002.cfg)
2026-08-11 19:07:58: Save the current running configuration as TestCase_tear_down.cfg on swi_a
2026-08-11 19:08:03: Compare swi_a_5700_2002.cfg and TestCase_tear_down.cfg on swi_a
2026-08-11 19:08:05: PASS: Configuration on swi_a after TestCase tear_down() is the same as the initial TestSet Configuration
2026-08-11 19:08:05: _PostTearDownThread-swi_a - Joined
2026-08-11 19:08:07: PASS: swi_a contains no exceptions
2026-08-11 19:08:10: Moving *.pcap files across from /tmp
2026-08-11 19:08:11: _PreRunThread-swi_a - Joined
2026-08-11 19:08:11: Save the current running configuration as swi_a_5700_2002_120.cfg on swi_a
2026-08-11 19:08:17: _SaveConfigsThread-swi_a - Joined
2026-08-11 19:08:17: _CheckRunningConfigsThread-swi_a - Joined
2026-08-11 19:08:18: 
2026-08-11 19:08:18: ------------------------------------------------------------
2026-08-11 19:08:18: Fill flash with release files
2026-08-11 19:13:37: Made 0 release file copies
2026-08-11 19:13:40: 
2026-08-11 19:13:40: All release files:
2026-08-11 19:13:40:    backuprelease.rel
2026-08-11 19:13:40:    mainrelease.rel
2026-08-11 19:13:40: 
2026-08-11 19:13:40: ------------------------------------------------------------
2026-08-11 19:13:40: Checking one-off boot lists all release files
2026-08-11 19:13:40: Power-cycle swi_a and watch for <Ctrl+B> message
2026-08-11 19:14:14: Turning swi on from thread, swi_a
2026-08-11 19:14:31: PASS: One-off boot listed all 2 release files:
2026-08-11 19:14:31:    	       16  Tue Aug 11 06:15:24 2026  .release
2026-08-11 19:14:31:    	 41104167  Tue Aug 11 04:43:13 2026  backuprelease.rel
2026-08-11 19:14:31:    	 41104167  Tue Aug 11 04:59:42 2026  mainrelease.rel
2026-08-11 19:14:31:      1. flash:mainrelease.rel
2026-08-11 19:14:31:      2. flash:backuprelease.rel
2026-08-11 19:14:31: 
2026-08-11 19:14:31: ------------------------------------------------------------
2026-08-11 19:14:31: Perform one-off boot to each copied release file
2026-08-11 19:14:31: 
2026-08-11 19:14:31: ----------------------------------------
2026-08-11 19:14:31: Release file 1 of 2
2026-08-11 19:14:31: backuprelease.rel
2026-08-11 19:14:31: ----------------------------------------
2026-08-11 19:14:31: Power-cycle swi_a and watch for <Ctrl+B> message
2026-08-11 19:17:15: Turning swi on from thread, swi_a
2026-08-11 19:18:04: PASS: Device is booting
2026-08-11 19:19:58: PASS: Current software is backuprelease.rel
2026-08-11 19:19:58: 
2026-08-11 19:19:58: ----------------------------------------
2026-08-11 19:19:58: Release file 2 of 2
2026-08-11 19:19:58: mainrelease.rel
2026-08-11 19:19:58: ----------------------------------------
2026-08-11 19:19:58: Power-cycle swi_a and watch for <Ctrl+B> message
2026-08-11 19:20:17: Turning swi on from thread, swi_a
2026-08-11 19:21:08: PASS: Device is booting
2026-08-11 19:23:00: PASS: Current software is mainrelease.rel
2026-08-11 19:23:00: 
2026-08-11 19:23:00: Set the swi_a boot configuration back to the TestSet configuration (flash:/swi_a_5700_2002.cfg)
2026-08-11 19:23:02: Save the current running configuration as TestCase_tear_down.cfg on swi_a
2026-08-11 19:23:06: Compare swi_a_5700_2002.cfg and TestCase_tear_down.cfg on swi_a
2026-08-11 19:23:08: PASS: Configuration on swi_a after TestCase tear_down() is the same as the initial TestSet Configuration
2026-08-11 19:23:08: _PostTearDownThread-swi_a - Joined
2026-08-11 19:23:09: PASS: swi_a contains no exceptions
2026-08-11 19:23:12: Moving *.pcap files across from /tmp
2026-08-11 19:23:13: _PreRunThread-swi_a - Joined
2026-08-11 19:23:13: !!FAIL: No SD card present, test unsupported
2026-08-11 19:23:13: Save the current running configuration as swi_a_5700_2002_121.cfg on swi_a
2026-08-11 19:23:18: _SaveConfigsThread-swi_a - Joined
2026-08-11 19:23:18: _CheckRunningConfigsThread-swi_a - Joined
2026-08-11 19:23:19: Skipping unsupported test
2026-08-11 19:23:19: 
2026-08-11 19:23:19: Set the swi_a boot configuration back to the TestSet configuration (flash:/swi_a_5700_2002.cfg)
2026-08-11 19:23:21: Save the current running configuration as TestCase_tear_down.cfg on swi_a
2026-08-11 19:23:25: Compare swi_a_5700_2002.cfg and TestCase_tear_down.cfg on swi_a
2026-08-11 19:23:26: PASS: Configuration on swi_a after TestCase tear_down() is the same as the initial TestSet Configuration
2026-08-11 19:23:26: _PostTearDownThread-swi_a - Joined
2026-08-11 19:23:28: PASS: swi_a contains no exceptions
2026-08-11 19:23:31: Moving *.pcap files across from /tmp
2026-08-11 19:23:32: _PreRunThread-swi_a - Joined
2026-08-11 19:23:32: Save the current running configuration as swi_a_5700_2002_122.cfg on swi_a
2026-08-11 19:23:37: _SaveConfigsThread-swi_a - Joined
2026-08-11 19:23:37: _CheckRunningConfigsThread-swi_a - Joined
2026-08-11 19:25:43: PASS: command 'copy mainrelease.rel usb:/mainreleaseusb.rel' issued and output 'Successful operation' seen
2026-08-11 19:27:27: PASS: command 'copy backuprelease.rel usb:/backupreleaseusb.rel' issued and output 'Successful operation' seen
2026-08-11 19:27:27: 
2026-08-11 19:27:27: Set the Boot System current to usb:/mainreleaseusb.rel, should fail as no backup set
2026-08-11 19:27:29: PASS: correct error message when setting Boot System to external storage without a backup set.
2026-08-11 19:27:29: 
2026-08-11 19:27:40: Set swi_a to boot from TFTP
2026-08-11 19:27:40: Power-cycle swi_a and watch for <Ctrl+B> message
2026-08-11 19:27:55: Turning swi on from thread, swi_a
2026-08-11 19:33:04: Set the swi_a boot configuration back to the TestSet configuration (flash:/swi_a_5700_2002.cfg)
2026-08-11 19:33:05: Save the current running configuration as TestCase_tear_down.cfg on swi_a
2026-08-11 19:33:09: Compare swi_a_5700_2002.cfg and TestCase_tear_down.cfg on swi_a
2026-08-11 19:33:10: PASS: Configuration on swi_a after TestCase tear_down() is the same as the initial TestSet Configuration
2026-08-11 19:33:10: _PostTearDownThread-swi_a - Joined
2026-08-11 19:33:12: PASS: swi_a contains no exceptions
2026-08-11 19:33:15: Moving *.pcap files across from /tmp
2026-08-11 19:33:15: ======== TestCase execution is now complete

2026-08-11 19:33:15: Renaming ./testbox.log to testbox_2002.log
2026-08-11 19:33:15: Renaming ./power-sock-10.36.150.14-4.log to power-sock-10.36.150.14-4_2002.log
2026-08-11 19:33:15: Renaming ./power-group-swi_a.log to power-group-swi_a_2002.log
2026-08-11 19:33:15: Renaming ./swi_a.log to swi_a_2002.log
2026-08-11 19:33:15: Renaming ./hub_a.log to hub_a_2002.log
2026-08-11 19:33:16: Renaming ./setup.log to setup_2002.log
2026-08-11 19:33:16: ================ TESTSET FINISHED (rc = 1) ================
