15:03:09: Waiting for pdu lock
15:03:09: ...lock acquired
15:03:09: (10.36.150.14, 4): status is ON
15:03:09: ...lock released
15:19:49: ========= TestCase 1 Starting =========
15:19:59: ========= TestCase 1 Tear Down =========
15:20:11: ========= TestCase 2 Starting =========
15:20:19: ========= TestCase 2 Tear Down =========
15:20:30: ========= TestCase 10 Starting =========
15:20:51: Waiting for pdu lock
15:20:51: ...lock acquired
15:20:51: (10.36.150.14, 4): status is OFF
15:20:51: ...lock released
15:26:55: ========= TestCase 10 Tear Down =========
15:27:06: ========= TestCase 20 Starting =========
15:38:57: Waiting for pdu lock
15:38:57: ...lock acquired
15:38:57: (10.36.150.14, 4): status is ON
15:38:57: ...lock released
15:42:19: Waiting for pdu lock
15:42:19: ...lock acquired
15:42:19: (10.36.150.14, 4): status is OFF
15:42:19: ...lock released
15:47:33: ========= TestCase 20 Tear Down =========
15:47:48: ========= TestCase 21 Starting =========
15:47:55: ========= TestCase 21 Tear Down =========
15:48:07: ========= TestCase 22 Starting =========
16:00:31: Waiting for pdu lock
16:00:31: ...lock acquired
16:00:31: (10.36.150.14, 4): status is ON
16:00:31: ...lock released
16:03:55: Waiting for pdu lock
16:03:55: ...lock acquired
16:03:55: (10.36.150.14, 4): status is OFF
16:03:55: ...lock released
16:09:09: ========= TestCase 22 Tear Down =========
16:09:24: ========= TestCase 30 Starting =========
16:18:18: Waiting for pdu lock
16:18:18: ...lock acquired
16:18:18: (10.36.150.14, 4): status is ON
16:18:18: ...lock released
16:21:55: ========= TestCase 30 Tear Down =========
16:31:09: ========= TestCase 41 Starting =========
16:31:15: ========= TestCase 41 Tear Down =========
16:31:27: ========= TestCase 42 Starting =========
16:33:42: Waiting for pdu lock
16:33:42: ...lock acquired
16:33:42: (10.36.150.14, 4): status is ON
16:33:42: ...lock released
16:36:48: ========= TestCase 42 Tear Down =========
16:37:03: Waiting for pdu lock
16:37:03: ...lock acquired
16:37:03: (10.36.150.14, 4): status is OFF
16:37:03: ...lock released
16:42:30: ========= TestCase 50 Starting =========
16:46:43: Waiting for pdu lock
16:46:43: ...lock acquired
16:46:43: (10.36.150.14, 4): status is ON
16:46:43: ...lock released
16:59:56: ========= TestCase 50 Tear Down =========
17:00:07: Waiting for pdu lock
17:00:07: ...lock acquired
17:00:07: (10.36.150.14, 4): status is OFF
17:00:07: ...lock released
17:05:29: ========= TestCase 60 Starting =========
17:05:44: Waiting for pdu lock
17:05:44: ...lock acquired
17:05:44: (10.36.150.14, 4): status is ON
17:05:44: ...lock released
17:08:48: Waiting for pdu lock
17:08:48: ...lock acquired
17:08:48: (10.36.150.14, 4): status is ON
17:08:48: ...lock released
17:11:58: ========= TestCase 60 Tear Down =========
17:12:16: Waiting for pdu lock
17:12:16: ...lock acquired
17:12:16: (10.36.150.14, 4): status is OFF
17:12:16: ...lock released
17:17:44: ========= TestCase 61 Starting =========
17:17:50: ========= TestCase 61 Tear Down =========
17:18:02: ========= TestCase 62 Starting =========
17:18:09: Waiting for pdu lock
17:18:09: ...lock acquired
17:18:09: (10.36.150.14, 4): status is ON
17:18:09: ...lock released
17:21:19: ========= TestCase 62 Tear Down =========
17:21:38: Waiting for pdu lock
17:21:38: ...lock acquired
17:21:38: (10.36.150.14, 4): status is OFF
17:21:38: ...lock released
17:27:05: ========= TestCase 70 Starting =========
17:27:11: Waiting for pdu lock
17:27:11: ...lock acquired
17:27:11: (10.36.150.14, 4): status is ON
17:27:11: ...lock released
17:30:21: ========= TestCase 70 Tear Down =========
17:30:34: ========= TestCase 80 Starting =========
17:30:40: Waiting for pdu lock
17:30:40: ...lock acquired
17:30:40: (10.36.150.14, 4): status is ON
17:30:40: ...lock released
17:33:51: ========= TestCase 80 Tear Down =========
17:34:02: ========= TestCase 90 Starting =========
17:34:15: Waiting for pdu lock
17:34:15: ...lock acquired
17:34:15: (10.36.150.14, 4): status is ON
17:34:15: ...lock released
17:37:20: ========= TestCase 90 Tear Down =========
17:37:32: ========= TestCase 100 Starting =========
17:37:43: Waiting for pdu lock
17:37:43: ...lock acquired
17:37:43: (10.36.150.14, 4): status is ON
17:37:43: ...lock released
17:38:26: Waiting for pdu lock
17:38:26: ...lock acquired
17:38:26: (10.36.150.14, 4): status is ON
17:38:26: ...lock released
17:42:39: Waiting for pdu lock
17:42:40: ...lock acquired
17:42:40: (10.36.150.14, 4): status is ON
17:42:40: ...lock released
17:45:50: Waiting for pdu lock
17:45:50: ...lock acquired
17:45:50: (10.36.150.14, 4): status is ON
17:45:50: ...lock released
17:49:05: Waiting for pdu lock
17:49:05: ...lock acquired
17:49:05: (10.36.150.14, 4): status is ON
17:49:05: ...lock released
17:52:17: Waiting for pdu lock
17:52:17: ...lock acquired
17:52:17: (10.36.150.14, 4): status is ON
17:52:17: ...lock released
17:53:13: Waiting for pdu lock
17:53:13: ...lock acquired
17:53:13: (10.36.150.14, 4): status is OFF
17:53:13: ...lock released
17:58:25: ========= TestCase 100 Tear Down =========
17:59:03: Waiting for pdu lock
17:59:03: ...lock acquired
17:59:03: (10.36.150.14, 4): status is OFF
17:59:03: ...lock released
18:04:38: ========= TestCase 101 Starting =========
18:04:44: ========= TestCase 101 Tear Down =========
18:04:57: ========= TestCase 102 Starting =========
18:06:58: Waiting for pdu lock
18:06:58: ...lock acquired
18:06:58: (10.36.150.14, 4): status is ON
18:06:58: ...lock released
18:12:20: Waiting for pdu lock
18:12:20: ...lock acquired
18:12:20: (10.36.150.14, 4): status is ON
18:12:20: ...lock released
18:15:30: ========= TestCase 102 Tear Down =========
18:15:52: Waiting for pdu lock
18:15:52: ...lock acquired
18:15:52: (10.36.150.14, 4): status is OFF
18:15:52: ...lock released
18:21:16: ========= TestCase 110 Starting =========
18:21:22: Waiting for pdu lock
18:21:22: ...lock acquired
18:21:22: (10.36.150.14, 4): status is ON
18:21:22: ...lock released
18:22:07: Waiting for pdu lock
18:22:07: ...lock acquired
18:22:07: (10.36.150.14, 4): status is ON
18:22:07: ...lock released
18:28:43: Waiting for pdu lock
18:28:43: ...lock acquired
18:28:43: (10.36.150.14, 4): status is ON
18:28:43: ...lock released
18:34:23: Waiting for pdu lock
18:34:23: ...lock acquired
18:34:23: (10.36.150.14, 4): status is ON
18:34:23: ...lock released
18:42:11: ========= TestCase 110 Tear Down =========
18:42:23: ========= TestCase 111 Starting =========
18:42:29: ========= TestCase 111 Tear Down =========
18:42:41: ========= TestCase 112 Starting =========
18:46:31: Waiting for pdu lock
18:46:31: ...lock acquired
18:46:31: (10.36.150.14, 4): status is ON
18:46:31: ...lock released
18:49:36: Waiting for pdu lock
18:49:36: ...lock acquired
18:49:36: (10.36.150.14, 4): status is ON
18:49:36: ...lock released
18:55:13: ========= TestCase 112 Tear Down =========
18:55:24: ========= TestCase 119 Starting =========
19:00:40: Waiting for pdu lock
19:00:40: ...lock acquired
19:00:40: (10.36.150.14, 4): status is ON
19:00:40: ...lock released
19:05:14: ========= TestCase 119 Tear Down =========
19:08:10: ========= TestCase 120 Starting =========
19:13:40: Waiting for pdu lock
19:13:40: ...lock acquired
19:13:40: (10.36.150.14, 4): status is ON
19:13:40: ...lock released
19:14:31: Waiting for pdu lock
19:14:32: ...lock acquired
19:14:32: (10.36.150.14, 4): status is ON
19:14:32: ...lock released
19:19:58: Waiting for pdu lock
19:19:58: ...lock acquired
19:19:58: (10.36.150.14, 4): status is ON
19:19:58: ...lock released
19:23:00: ========= TestCase 120 Tear Down =========
19:23:12: ========= TestCase 121 Starting =========
19:23:19: ========= TestCase 121 Tear Down =========
19:23:31: ========= TestCase 122 Starting =========
19:27:29: ========= TestCase 122 Tear Down =========
19:27:40: Waiting for pdu lock
19:27:40: ...lock acquired
19:27:40: (10.36.150.14, 4): status is OFF
19:27:40: ...lock released
