1790735379.758 15:29:39 login ok
=== 1790735380.910 15:29:40 >>> show mrp ring
Media Redundancy Protocol - Ring Information
MRP Ring 1
 Domain ID:                           ffffffff-ffff-ffff-ffff-ffffffffffff
 Domain Name:                         
 Ring Status:                         Enabled
 Running State:                       Running
 Role:                                Manager
 Network Status:                      Closed
 Port1:                               port1.0.13
  Status:                             Blocking
 Port2:                               port4.0.26
  Status:                             Forwarding
 Vlan ID:
 React on Link Change:                No
 Profile:                             500ms
  Topology Change Interval:           20ms
  Topology Change Count:              3
  Short Test Frame Interval:          30ms
  Default Test Frame Interval:        50ms
  Test Monitoring Interval Count:     5
  Test Monitoring Ext Interval Count: 15
  Non-blocking MRC Supported:         Yes
  Blocked port state supported:       Yes
=== 1790735382.062 15:29:42 >>> show mrp ring
Media Redundancy Protocol - Ring Information
MRP Ring 1
 Domain ID:                           ffffffff-ffff-ffff-ffff-ffffffffffff
 Domain Name:                         
 Ring Status:                         Enabled
 Running State:                       Running
 Role:                                Manager
 Network Status:                      Closed
 Port1:                               port1.0.13
  Status:                             Blocking
 Port2:                               port4.0.26
  Status:                             Forwarding
 Vlan ID:
 React on Link Change:                No
 Profile:                             500ms
  Topology Change Interval:           20ms
  Topology Change Count:              3
  Short Test Frame Interval:          30ms
  Default Test Frame Interval:        50ms
  Test Monitoring Interval Count:     5
  Test Monitoring Ext Interval Count: 15
  Non-blocking MRC Supported:         Yes
  Blocked port state supported:       Yes
=== 1790735384.062 15:29:44 >>> show mrp ring
Media Redundancy Protocol - Ring Information
MRP Ring 1
 Domain ID:                           ffffffff-ffff-ffff-ffff-ffffffffffff
 Domain Name:                         
 Ring Status:                         Enabled
 Running State:                       Running
 Role:                                Manager
 Network Status:                      Closed
 Port1:                               port1.0.13
  Status:                             Blocking
 Port2:                               port4.0.26
  Status:                             Forwarding
 Vlan ID:
 React on Link Change:                No
 Profile:                             500ms
  Topology Change Interval:           20ms
  Topology Change Count:              3
  Short Test Frame Interval:          30ms
  Default Test Frame Interval:        50ms
  Test Monitoring Interval Count:     5
  Test Monitoring Ext Interval Count: 15
  Non-blocking MRC Supported:         Yes
  Blocked port state supported:       Yes
=== 1790735386.062 15:29:46 >>> show mrp ring
Media Redundancy Protocol - Ring Information
MRP Ring 1
 Domain ID:                           ffffffff-ffff-ffff-ffff-ffffffffffff
 Domain Name:                         
 Ring Status:                         Enabled
 Running State:                       Running
 Role:                                Manager
 Network Status:                      Closed
 Port1:                               port1.0.13
  Status:                             Blocking
 Port2:                               port4.0.26
  Status:                             Forwarding
 Vlan ID:
 React on Link Change:                No
 Profile:                             500ms
  Topology Change Interval:           20ms
  Topology Change Count:              3
  Short Test Frame Interval:          30ms
  Default Test Frame Interval:        50ms
  Test Monitoring Interval Count:     5
  Test Monitoring Ext Interval Count: 15
  Non-blocking MRC Supported:         Yes
  Blocked port state supported:       Yes
=== 1790735388.062 15:29:48 >>> show mrp ring
Media Redundancy Protocol - Ring Information
MRP Ring 1
 Domain ID:                           ffffffff-ffff-ffff-ffff-ffffffffffff
 Domain Name:                         
 Ring Status:                         Enabled
 Running State:                       Running
 Role:                                Manager
 Network Status:                      Closed
 Port1:                               port1.0.13
  Status:                             Blocking
 Port2:                               port4.0.26
  Status:                             Forwarding
 Vlan ID:
 React on Link Change:                No
 Profile:                             500ms
  Topology Change Interval:           20ms
  Topology Change Count:              3
  Short Test Frame Interval:          30ms
  Default Test Frame Interval:        50ms
  Test Monitoring Interval Count:     5
  Test Monitoring Ext Interval Count: 15
  Non-blocking MRC Supported:         Yes
  Blocked port state supported:       Yes
=== 1790735390.062 15:29:50 >>> show mrp ring
Media Redundancy Protocol - Ring Information
MRP Ring 1
 Domain ID:                           ffffffff-ffff-ffff-ffff-ffffffffffff
 Domain Name:                         
 Ring Status:                         Enabled
 Running State:                       Running
 Role:                                Manager
 Network Status:                      Closed
 Port1:                               port1.0.13
  Status:                             Blocking
 Port2:                               port4.0.26
  Status:                             Forwarding
 Vlan ID:
 React on Link Change:                No
 Profile:                             500ms
  Topology Change Interval:           20ms
  Topology Change Count:              3
  Short Test Frame Interval:          30ms
  Default Test Frame Interval:        50ms
  Test Monitoring Interval Count:     5
  Test Monitoring Ext Interval Count: 15
  Non-blocking MRC Supported:         Yes
  Blocked port state supported:       Yes
=== 1790735392.062 15:29:52 >>> show mrp ring
Media Redundancy Protocol - Ring Information
MRP Ring 1
 Domain ID:                           ffffffff-ffff-ffff-ffff-ffffffffffff
 Domain Name:                         
 Ring Status:                         Enabled
 Running State:                       Running
 Role:                                Manager
 Network Status:                      Closed
 Port1:                               port1.0.13
  Status:                             Blocking
 Port2:                               port4.0.26
  Status:                             Forwarding
 Vlan ID:
 React on Link Change:                No
 Profile:                             500ms
  Topology Change Interval:           20ms
  Topology Change Count:              3
  Short Test Frame Interval:          30ms
  Default Test Frame Interval:        50ms
  Test Monitoring Interval Count:     5
  Test Monitoring Ext Interval Count: 15
  Non-blocking MRC Supported:         Yes
  Blocked port state supported:       Yes
=== 1790735394.062 15:29:54 >>> show mrp ring
Media Redundancy Protocol - Ring Information
MRP Ring 1
 Domain ID:                           ffffffff-ffff-ffff-ffff-ffffffffffff
 Domain Name:                         
 Ring Status:                         Enabled
 Running State:                       Running
 Role:                                Manager
 Network Status:                      Closed
 Port1:                               port1.0.13
  Status:                             Blocking
 Port2:                               port4.0.26
  Status:                             Forwarding
 Vlan ID:
 React on Link Change:                No
 Profile:                             500ms
  Topology Change Interval:           20ms
  Topology Change Count:              3
  Short Test Frame Interval:          30ms
  Default Test Frame Interval:        50ms
  Test Monitoring Interval Count:     5
  Test Monitoring Ext Interval Count: 15
  Non-blocking MRC Supported:         Yes
  Blocked port state supported:       Yes
=== 1790735396.062 15:29:56 >>> show mrp ring
Media Redundancy Protocol - Ring Information
MRP Ring 1
 Domain ID:                           ffffffff-ffff-ffff-ffff-ffffffffffff
 Domain Name:                         
 Ring Status:                         Enabled
 Running State:                       Running
 Role:                                Manager
 Network Status:                      Closed
 Port1:                               port1.0.13
  Status:                             Blocking
 Port2:                               port4.0.26
  Status:                             Forwarding
 Vlan ID:
 React on Link Change:                No
 Profile:                             500ms
  Topology Change Interval:           20ms
  Topology Change Count:              3
  Short Test Frame Interval:          30ms
  Default Test Frame Interval:        50ms
  Test Monitoring Interval Count:     5
  Test Monitoring Ext Interval Count: 15
  Non-blocking MRC Supported:         Yes
  Blocked port state supported:       Yes
=== 1790735398.062 15:29:58 >>> show mrp ring
Media Redundancy Protocol - Ring Information
MRP Ring 1
 Domain ID:                           ffffffff-ffff-ffff-ffff-ffffffffffff
 Domain Name:                         
 Ring Status:                         Enabled
 Running State:                       Running
 Role:                                Manager
 Network Status:                      Closed
 Port1:                               port1.0.13
  Status:                             Blocking
 Port2:                               port4.0.26
  Status:                             Forwarding
 Vlan ID:
 React on Link Change:                No
 Profile:                             500ms
  Topology Change Interval:           20ms
  Topology Change Count:              3
  Short Test Frame Interval:          30ms
  Default Test Frame Interval:        50ms
  Test Monitoring Interval Count:     5
  Test Monitoring Ext Interval Count: 15
  Non-blocking MRC Supported:         Yes
  Blocked port state supported:       Yes
=== 1790735400.062 15:30:00 >>> show mrp ring
Media Redundancy Protocol - Ring Information
MRP Ring 1
 Domain ID:                           ffffffff-ffff-ffff-ffff-ffffffffffff
 Domain Name:                         
 Ring Status:                         Enabled
 Running State:                       Running
 Role:                                Manager
 Network Status:                      Closed
 Port1:                               port1.0.13
  Status:                             Blocking
 Port2:                               port4.0.26
  Status:                             Forwarding
 Vlan ID:
 React on Link Change:                No
 Profile:                             500ms
  Topology Change Interval:           20ms
  Topology Change Count:              3
  Short Test Frame Interval:          30ms
  Default Test Frame Interval:        50ms
  Test Monitoring Interval Count:     5
  Test Monitoring Ext Interval Count: 15
  Non-blocking MRC Supported:         Yes
  Blocked port state supported:       Yes
=== 1790735402.062 15:30:02 >>> show mrp ring
Media Redundancy Protocol - Ring Information
MRP Ring 1
 Domain ID:                           ffffffff-ffff-ffff-ffff-ffffffffffff
 Domain Name:                         
 Ring Status:                         Enabled
 Running State:                       Running
 Role:                                Manager
 Network Status:                      Closed
 Port1:                               port1.0.13
  Status:                             Blocking
 Port2:                               port4.0.26
  Status:                             Forwarding
 Vlan ID:
 React on Link Change:                No
 Profile:                             500ms
  Topology Change Interval:           20ms
  Topology Change Count:              3
  Short Test Frame Interval:          30ms
  Default Test Frame Interval:        50ms
  Test Monitoring Interval Count:     5
  Test Monitoring Ext Interval Count: 15
  Non-blocking MRC Supported:         Yes
  Blocked port state supported:       Yes
=== 1790735404.063 15:30:04 >>> show mrp ring
Media Redundancy Protocol - Ring Information
MRP Ring 1
 Domain ID:                           ffffffff-ffff-ffff-ffff-ffffffffffff
 Domain Name:                         
 Ring Status:                         Enabled
 Running State:                       Running
 Role:                                Manager
 Network Status:                      Closed
 Port1:                               port1.0.13
  Status:                             Blocking
 Port2:                               port4.0.26
  Status:                             Forwarding
 Vlan ID:
 React on Link Change:                No
 Profile:                             500ms
  Topology Change Interval:           20ms
  Topology Change Count:              3
  Short Test Frame Interval:          30ms
  Default Test Frame Interval:        50ms
  Test Monitoring Interval Count:     5
  Test Monitoring Ext Interval Count: 15
  Non-blocking MRC Supported:         Yes
  Blocked port state supported:       Yes
=== 1790735406.063 15:30:06 >>> show mrp ring
Media Redundancy Protocol - Ring Information
MRP Ring 1
 Domain ID:                           ffffffff-ffff-ffff-ffff-ffffffffffff
 Domain Name:                         
 Ring Status:                         Enabled
 Running State:                       Running
 Role:                                Manager
 Network Status:                      Open
 Port1:                               port1.0.13
  Status:                             Forwarding
 Port2:                               port4.0.26
  Status:                             Blocking
 Vlan ID:
 React on Link Change:                No
 Profile:                             500ms
  Topology Change Interval:           20ms
  Topology Change Count:              3
  Short Test Frame Interval:          30ms
  Default Test Frame Interval:        50ms
  Test Monitoring Interval Count:     5
  Test Monitoring Ext Interval Count: 15
  Non-blocking MRC Supported:         Yes
  Blocked port state supported:       Yes
=== 1790735408.063 15:30:08 >>> show mrp ring
Media Redundancy Protocol - Ring Information
MRP Ring 1
 Domain ID:                           ffffffff-ffff-ffff-ffff-ffffffffffff
 Domain Name:                         
 Ring Status:                         Enabled
 Running State:                       Running
 Role:                                Manager
 Network Status:                      Open
 Port1:                               port1.0.13
  Status:                             Forwarding
 Port2:                               port4.0.26
  Status:                             Blocking
 Vlan ID:
 React on Link Change:                No
 Profile:                             500ms
  Topology Change Interval:           20ms
  Topology Change Count:              3
  Short Test Frame Interval:          30ms
  Default Test Frame Interval:        50ms
  Test Monitoring Interval Count:     5
  Test Monitoring Ext Interval Count: 15
  Non-blocking MRC Supported:         Yes
  Blocked port state supported:       Yes
=== 1790735410.063 15:30:10 >>> show mrp ring
Media Redundancy Protocol - Ring Information
MRP Ring 1
 Domain ID:                           ffffffff-ffff-ffff-ffff-ffffffffffff
 Domain Name:                         
 Ring Status:                         Enabled
 Running State:                       Running
 Role:                                Manager
 Network Status:                      Open
 Port1:                               port1.0.13
  Status:                             Forwarding
 Port2:                               port4.0.26
  Status:                             Blocking
 Vlan ID:
 React on Link Change:                No
 Profile:                             500ms
  Topology Change Interval:           20ms
  Topology Change Count:              3
  Short Test Frame Interval:          30ms
  Default Test Frame Interval:        50ms
  Test Monitoring Interval Count:     5
  Test Monitoring Ext Interval Count: 15
  Non-blocking MRC Supported:         Yes
  Blocked port state supported:       Yes
=== 1790735412.063 15:30:12 >>> show mrp ring
Media Redundancy Protocol - Ring Information
MRP Ring 1
 Domain ID:                           ffffffff-ffff-ffff-ffff-ffffffffffff
 Domain Name:                         
 Ring Status:                         Enabled
 Running State:                       Running
 Role:                                Manager
 Network Status:                      Open
 Port1:                               port1.0.13
  Status:                             Forwarding
 Port2:                               port4.0.26
  Status:                             Blocking
 Vlan ID:
 React on Link Change:                No
 Profile:                             500ms
  Topology Change Interval:           20ms
  Topology Change Count:              3
  Short Test Frame Interval:          30ms
  Default Test Frame Interval:        50ms
  Test Monitoring Interval Count:     5
  Test Monitoring Ext Interval Count: 15
  Non-blocking MRC Supported:         Yes
  Blocked port state supported:       Yes
=== 1790735414.063 15:30:14 >>> show mrp ring
Media Redundancy Protocol - Ring Information
MRP Ring 1
 Domain ID:                           ffffffff-ffff-ffff-ffff-ffffffffffff
 Domain Name:                         
 Ring Status:                         Enabled
 Running State:                       Running
 Role:                                Manager
 Network Status:                      Open
 Port1:                               port1.0.13
  Status:                             Forwarding
 Port2:                               port4.0.26
  Status:                             Blocking
 Vlan ID:
 React on Link Change:                No
 Profile:                             500ms
  Topology Change Interval:           20ms
  Topology Change Count:              3
  Short Test Frame Interval:          30ms
  Default Test Frame Interval:        50ms
  Test Monitoring Interval Count:     5
  Test Monitoring Ext Interval Count: 15
  Non-blocking MRC Supported:         Yes
  Blocked port state supported:       Yes
=== 1790735416.063 15:30:16 >>> show mrp ring
Media Redundancy Protocol - Ring Information
MRP Ring 1
 Domain ID:                           ffffffff-ffff-ffff-ffff-ffffffffffff
 Domain Name:                         
 Ring Status:                         Enabled
 Running State:                       Running
 Role:                                Manager
 Network Status:                      Open
 Port1:                               port1.0.13
  Status:                             Forwarding
 Port2:                               port4.0.26
  Status:                             Blocking
 Vlan ID:
 React on Link Change:                No
 Profile:                             500ms
  Topology Change Interval:           20ms
  Topology Change Count:              3
  Short Test Frame Interval:          30ms
  Default Test Frame Interval:        50ms
  Test Monitoring Interval Count:     5
  Test Monitoring Ext Interval Count: 15
  Non-blocking MRC Supported:         Yes
  Blocked port state supported:       Yes
=== 1790735418.063 15:30:18 >>> show mrp ring
Media Redundancy Protocol - Ring Information
MRP Ring 1
 Domain ID:                           ffffffff-ffff-ffff-ffff-ffffffffffff
 Domain Name:                         
 Ring Status:                         Enabled
 Running State:                       Running
 Role:                                Manager
 Network Status:                      Open
 Port1:                               port1.0.13
  Status:                             Forwarding
 Port2:                               port4.0.26
  Status:                             Blocking
 Vlan ID:
 React on Link Change:                No
 Profile:                             500ms
  Topology Change Interval:           20ms
  Topology Change Count:              3
  Short Test Frame Interval:          30ms
  Default Test Frame Interval:        50ms
  Test Monitoring Interval Count:     5
  Test Monitoring Ext Interval Count: 15
  Non-blocking MRC Supported:         Yes
  Blocked port state supported:       Yes
=== 1790735420.063 15:30:20 >>> show mrp ring
Media Redundancy Protocol - Ring Information
MRP Ring 1
 Domain ID:                           ffffffff-ffff-ffff-ffff-ffffffffffff
 Domain Name:                         
 Ring Status:                         Enabled
 Running State:                       Running
 Role:                                Manager
 Network Status:                      Open
 Port1:                               port1.0.13
  Status:                             Forwarding
 Port2:                               port4.0.26
  Status:                             Blocking
 Vlan ID:
 React on Link Change:                No
 Profile:                             500ms
  Topology Change Interval:           20ms
  Topology Change Count:              3
  Short Test Frame Interval:          30ms
  Default Test Frame Interval:        50ms
  Test Monitoring Interval Count:     5
  Test Monitoring Ext Interval Count: 15
  Non-blocking MRC Supported:         Yes
  Blocked port state supported:       Yes
=== 1790735422.063 15:30:22 >>> show mrp ring
Media Redundancy Protocol - Ring Information
MRP Ring 1
 Domain ID:                           ffffffff-ffff-ffff-ffff-ffffffffffff
 Domain Name:                         
 Ring Status:                         Enabled
 Running State:                       Running
 Role:                                Manager
 Network Status:                      Open
 Port1:                               port1.0.13
  Status:                             Forwarding
 Port2:                               port4.0.26
  Status:                             Blocking
 Vlan ID:
 React on Link Change:                No
 Profile:                             500ms
  Topology Change Interval:           20ms
  Topology Change Count:              3
  Short Test Frame Interval:          30ms
  Default Test Frame Interval:        50ms
  Test Monitoring Interval Count:     5
  Test Monitoring Ext Interval Count: 15
  Non-blocking MRC Supported:         Yes
  Blocked port state supported:       Yes
=== 1790735424.063 15:30:24 >>> show mrp ring
Media Redundancy Protocol - Ring Information
MRP Ring 1
 Domain ID:                           ffffffff-ffff-ffff-ffff-ffffffffffff
 Domain Name:                         
 Ring Status:                         Enabled
 Running State:                       Running
 Role:                                Manager
 Network Status:                      Open
 Port1:                               port1.0.13
  Status:                             Forwarding
 Port2:                               port4.0.26
  Status:                             Blocking
 Vlan ID:
 React on Link Change:                No
 Profile:                             500ms
  Topology Change Interval:           20ms
  Topology Change Count:              3
  Short Test Frame Interval:          30ms
  Default Test Frame Interval:        50ms
  Test Monitoring Interval Count:     5
  Test Monitoring Ext Interval Count: 15
  Non-blocking MRC Supported:         Yes
  Blocked port state supported:       Yes
=== 1790735426.064 15:30:26 >>> show mrp ring
Media Redundancy Protocol - Ring Information
MRP Ring 1
 Domain ID:                           ffffffff-ffff-ffff-ffff-ffffffffffff
 Domain Name:                         
 Ring Status:                         Enabled
 Running State:                       Running
 Role:                                Manager
 Network Status:                      Open
 Port1:                               port1.0.13
  Status:                             Forwarding
 Port2:                               port4.0.26
  Status:                             Blocking
 Vlan ID:
 React on Link Change:                No
 Profile:                             500ms
  Topology Change Interval:           20ms
  Topology Change Count:              3
  Short Test Frame Interval:          30ms
  Default Test Frame Interval:        50ms
  Test Monitoring Interval Count:     5
  Test Monitoring Ext Interval Count: 15
  Non-blocking MRC Supported:         Yes
  Blocked port state supported:       Yes
=== 1790735428.064 15:30:28 >>> show mrp ring
Media Redundancy Protocol - Ring Information
MRP Ring 1
 Domain ID:                           ffffffff-ffff-ffff-ffff-ffffffffffff
 Domain Name:                         
 Ring Status:                         Enabled
 Running State:                       Running
 Role:                                Manager
 Network Status:                      Open
 Port1:                               port1.0.13
  Status:                             Forwarding
 Port2:                               port4.0.26
  Status:                             Blocking
 Vlan ID:
 React on Link Change:                No
 Profile:                             500ms
  Topology Change Interval:           20ms
  Topology Change Count:              3
  Short Test Frame Interval:          30ms
  Default Test Frame Interval:        50ms
  Test Monitoring Interval Count:     5
  Test Monitoring Ext Interval Count: 15
  Non-blocking MRC Supported:         Yes
  Blocked port state supported:       Yes
=== 1790735430.064 15:30:30 >>> show mrp ring
Media Redundancy Protocol - Ring Information
MRP Ring 1
 Domain ID:                           ffffffff-ffff-ffff-ffff-ffffffffffff
 Domain Name:                         
 Ring Status:                         Enabled
 Running State:                       Running
 Role:                                Manager
 Network Status:                      Open
 Port1:                               port1.0.13
  Status:                             Forwarding
 Port2:                               port4.0.26
  Status:                             Blocking
 Vlan ID:
 React on Link Change:                No
 Profile:                             500ms
  Topology Change Interval:           20ms
  Topology Change Count:              3
  Short Test Frame Interval:          30ms
  Default Test Frame Interval:        50ms
  Test Monitoring Interval Count:     5
  Test Monitoring Ext Interval Count: 15
  Non-blocking MRC Supported:         Yes
  Blocked port state supported:       Yes
=== 1790735432.064 15:30:32 >>> show mrp ring
Media Redundancy Protocol - Ring Information
MRP Ring 1
 Domain ID:                           ffffffff-ffff-ffff-ffff-ffffffffffff
 Domain Name:                         
 Ring Status:                         Enabled
 Running State:                       Running
 Role:                                Manager
 Network Status:                      Open
 Port1:                               port1.0.13
  Status:                             Forwarding
 Port2:                               port4.0.26
  Status:                             Blocking
 Vlan ID:
 React on Link Change:                No
 Profile:                             500ms
  Topology Change Interval:           20ms
  Topology Change Count:              3
  Short Test Frame Interval:          30ms
  Default Test Frame Interval:        50ms
  Test Monitoring Interval Count:     5
  Test Monitoring Ext Interval Count: 15
  Non-blocking MRC Supported:         Yes
  Blocked port state supported:       Yes
=== 1790735434.064 15:30:34 >>> show mrp ring
Media Redundancy Protocol - Ring Information
MRP Ring 1
 Domain ID:                           ffffffff-ffff-ffff-ffff-ffffffffffff
 Domain Name:                         
 Ring Status:                         Enabled
 Running State:                       Running
 Role:                                Manager
 Network Status:                      Open
 Port1:                               port1.0.13
  Status:                             Forwarding
 Port2:                               port4.0.26
  Status:                             Blocking
 Vlan ID:
 React on Link Change:                No
 Profile:                             500ms
  Topology Change Interval:           20ms
  Topology Change Count:              3
  Short Test Frame Interval:          30ms
  Default Test Frame Interval:        50ms
  Test Monitoring Interval Count:     5
  Test Monitoring Ext Interval Count: 15
  Non-blocking MRC Supported:         Yes
  Blocked port state supported:       Yes
=== 1790735436.064 15:30:36 >>> show mrp ring
Media Redundancy Protocol - Ring Information
MRP Ring 1
 Domain ID:                           ffffffff-ffff-ffff-ffff-ffffffffffff
 Domain Name:                         
 Ring Status:                         Enabled
 Running State:                       Running
 Role:                                Manager
 Network Status:                      Closed
 Port1:                               port1.0.13
  Status:                             Forwarding
 Port2:                               port4.0.26
  Status:                             Blocking
 Vlan ID:
 React on Link Change:                No
 Profile:                             500ms
  Topology Change Interval:           20ms
  Topology Change Count:              3
  Short Test Frame Interval:          30ms
  Default Test Frame Interval:        50ms
  Test Monitoring Interval Count:     5
  Test Monitoring Ext Interval Count: 15
  Non-blocking MRC Supported:         Yes
  Blocked port state supported:       Yes
=== 1790735438.064 15:30:38 >>> show mrp ring
Media Redundancy Protocol - Ring Information
MRP Ring 1
 Domain ID:                           ffffffff-ffff-ffff-ffff-ffffffffffff
 Domain Name:                         
 Ring Status:                         Enabled
 Running State:                       Running
 Role:                                Manager
 Network Status:                      Closed
 Port1:                               port1.0.13
  Status:                             Forwarding
 Port2:                               port4.0.26
  Status:                             Blocking
 Vlan ID:
 React on Link Change:                No
 Profile:                             500ms
  Topology Change Interval:           20ms
  Topology Change Count:              3
  Short Test Frame Interval:          30ms
  Default Test Frame Interval:        50ms
  Test Monitoring Interval Count:     5
  Test Monitoring Ext Interval Count: 15
  Non-blocking MRC Supported:         Yes
  Blocked port state supported:       Yes
=== 1790735440.064 15:30:40 >>> show mrp ring
Media Redundancy Protocol - Ring Information
MRP Ring 1
 Domain ID:                           ffffffff-ffff-ffff-ffff-ffffffffffff
 Domain Name:                         
 Ring Status:                         Enabled
 Running State:                       Running
 Role:                                Manager
 Network Status:                      Closed
 Port1:                               port1.0.13
  Status:                             Forwarding
 Port2:                               port4.0.26
  Status:                             Blocking
 Vlan ID:
 React on Link Change:                No
 Profile:                             500ms
  Topology Change Interval:           20ms
  Topology Change Count:              3
  Short Test Frame Interval:          30ms
  Default Test Frame Interval:        50ms
  Test Monitoring Interval Count:     5
  Test Monitoring Ext Interval Count: 15
  Non-blocking MRC Supported:         Yes
  Blocked port state supported:       Yes
=== 1790735442.064 15:30:42 >>> show mrp ring
Media Redundancy Protocol - Ring Information
MRP Ring 1
 Domain ID:                           ffffffff-ffff-ffff-ffff-ffffffffffff
 Domain Name:                         
 Ring Status:                         Enabled
 Running State:                       Running
 Role:                                Manager
 Network Status:                      Closed
 Port1:                               port1.0.13
  Status:                             Forwarding
 Port2:                               port4.0.26
  Status:                             Blocking
 Vlan ID:
 React on Link Change:                No
 Profile:                             500ms
  Topology Change Interval:           20ms
  Topology Change Count:              3
  Short Test Frame Interval:          30ms
  Default Test Frame Interval:        50ms
  Test Monitoring Interval Count:     5
  Test Monitoring Ext Interval Count: 15
  Non-blocking MRC Supported:         Yes
  Blocked port state supported:       Yes
=== 1790735444.064 15:30:44 >>> show mrp ring
Media Redundancy Protocol - Ring Information
MRP Ring 1
 Domain ID:                           ffffffff-ffff-ffff-ffff-ffffffffffff
 Domain Name:                         
 Ring Status:                         Enabled
 Running State:                       Running
 Role:                                Manager
 Network Status:                      Closed
 Port1:                               port1.0.13
  Status:                             Forwarding
 Port2:                               port4.0.26
  Status:                             Blocking
 Vlan ID:
 React on Link Change:                No
 Profile:                             500ms
  Topology Change Interval:           20ms
  Topology Change Count:              3
  Short Test Frame Interval:          30ms
  Default Test Frame Interval:        50ms
  Test Monitoring Interval Count:     5
  Test Monitoring Ext Interval Count: 15
  Non-blocking MRC Supported:         Yes
  Blocked port state supported:       Yes
=== 1790735446.064 15:30:46 >>> show mrp ring
Media Redundancy Protocol - Ring Information
MRP Ring 1
 Domain ID:                           ffffffff-ffff-ffff-ffff-ffffffffffff
 Domain Name:                         
 Ring Status:                         Enabled
 Running State:                       Running
 Role:                                Manager
 Network Status:                      Closed
 Port1:                               port1.0.13
  Status:                             Forwarding
 Port2:                               port4.0.26
  Status:                             Blocking
 Vlan ID:
 React on Link Change:                No
 Profile:                             500ms
  Topology Change Interval:           20ms
  Topology Change Count:              3
  Short Test Frame Interval:          30ms
  Default Test Frame Interval:        50ms
  Test Monitoring Interval Count:     5
  Test Monitoring Ext Interval Count: 15
  Non-blocking MRC Supported:         Yes
  Blocked port state supported:       Yes
=== 1790735448.064 15:30:48 >>> show mrp ring
Media Redundancy Protocol - Ring Information
MRP Ring 1
 Domain ID:                           ffffffff-ffff-ffff-ffff-ffffffffffff
 Domain Name:                         
 Ring Status:                         Enabled
 Running State:                       Running
 Role:                                Manager
 Network Status:                      Closed
 Port1:                               port1.0.13
  Status:                             Forwarding
 Port2:                               port4.0.26
  Status:                             Blocking
 Vlan ID:
 React on Link Change:                No
 Profile:                             500ms
  Topology Change Interval:           20ms
  Topology Change Count:              3
  Short Test Frame Interval:          30ms
  Default Test Frame Interval:        50ms
  Test Monitoring Interval Count:     5
  Test Monitoring Ext Interval Count: 15
  Non-blocking MRC Supported:         Yes
  Blocked port state supported:       Yes
=== 1790735450.065 15:30:50 >>> show mrp ring
Media Redundancy Protocol - Ring Information
MRP Ring 1
 Domain ID:                           ffffffff-ffff-ffff-ffff-ffffffffffff
 Domain Name:                         
 Ring Status:                         Enabled
 Running State:                       Running
 Role:                                Manager
 Network Status:                      Closed
 Port1:                               port1.0.13
  Status:                             Forwarding
 Port2:                               port4.0.26
  Status:                             Blocking
 Vlan ID:
 React on Link Change:                No
 Profile:                             500ms
  Topology Change Interval:           20ms
  Topology Change Count:              3
  Short Test Frame Interval:          30ms
  Default Test Frame Interval:        50ms
  Test Monitoring Interval Count:     5
  Test Monitoring Ext Interval Count: 15
  Non-blocking MRC Supported:         Yes
  Blocked port state supported:       Yes
=== 1790735452.065 15:30:52 >>> show mrp ring
Media Redundancy Protocol - Ring Information
MRP Ring 1
 Domain ID:                           ffffffff-ffff-ffff-ffff-ffffffffffff
 Domain Name:                         
 Ring Status:                         Enabled
 Running State:                       Running
 Role:                                Manager
 Network Status:                      Closed
 Port1:                               port1.0.13
  Status:                             Forwarding
 Port2:                               port4.0.26
  Status:                             Blocking
 Vlan ID:
 React on Link Change:                No
 Profile:                             500ms
  Topology Change Interval:           20ms
  Topology Change Count:              3
  Short Test Frame Interval:          30ms
  Default Test Frame Interval:        50ms
  Test Monitoring Interval Count:     5
  Test Monitoring Ext Interval Count: 15
  Non-blocking MRC Supported:         Yes
  Blocked port state supported:       Yes
