1790735464.055 15:31:04 >>> show mrp ring
show mrp ring
Media Redundancy Protocol - Ring Information
MRP Ring 1
 Domain ID:                           ffffffff-ffff-ffff-ffff-ffffffffffff
 Domain Name:                         
 Ring Status:                         Enabled
 Running State:                       Running
 Role:                                Manager
 Network Status:                      Closed
 Port1:                               port1.0.13
  Status:                             Forwarding
 Port2:                               port4.0.26
  Status:                             Blocking
 Vlan ID:
 React on Link Change:                No
 Profile:                             500ms
  Topology Change Interval:           20ms
  Topology Change Count:              3
  Short Test Frame Interval:          30ms
  Default Test Frame Interval:        50ms
  Test Monitoring Interval Count:     5
  Test Monitoring Ext Interval Count: 15
  Non-blocking MRC Supported:         Yes
  Blocked port state supported:       Yes

IE520-stk#
1790735468.308 15:31:08 >>> show log tail 60
show log tail 60
7[r[999;999H[6n
<date> <time> <facility>.<severity> <program[<pid>]>: <message>
-------------------------------------------------------------------------
2026 Sep 30 02:30:42 user.notice IE520-stk IMISH[7868]: [manager@ttyS0]configure terminal
2026 Sep 30 02:30:43 user.notice IE520-stk IMISH[7868]: [manager@ttyS0]interface port4.0.26
2026 Sep 30 02:30:44 user.notice IE520-stk IMISH[17846]: [manager@ie520-stk-1]show mrp ring
2026 Sep 30 02:30:44 user.notice IE520-stk IMISH[7868]: [manager@ttyS0]shutdown
2026 Sep 30 02:30:44 user.notice IE520-stk mrpd: EVENT: Rx MRP_LinkDown ring_id=1 port=port1.0.13 mac=84e3.2787.0780
2026 Sep 30 02:30:44 user.notice IE520-stk mrpd: PORT: port4.0.26 link DOWN (0x1002)
2026 Sep 30 02:30:44 user.notice IE520-stk mrpd: PORT: Update ring port port4.0.26 with state to Blocked
2026 Sep 30 02:30:44 user.notice IE520-stk mrpd: PORT: Update ring port port1.0.13 with state to Forwarding
2026 Sep 30 02:30:44 user.notice IE520-stk mrpd: ffffffff-ffff-ffff-ffff-ffffffffffff: Ring-id[1]: Ring opened
2026 Sep 30 02:30:44 user.notice IE520-stk mrpd: FSM: ring_id=1 CHK_RC -> PRM_UP evt=MRP_ProtEvMAUTypeChangeInd
2026 Sep 30 02:30:44 user.notice IE520-stk mrpd: FSM: PRM_RPort 5013 SEC_RPort 20026
2026 Sep 30 02:30:44 user.notice IE520-stk mrpd: FSM: port 20026 state Down
2026 Sep 30 02:30:44 user.notice IE520-stk mrpd: PORT: port 20026 set Blocked
2026 Sep 30 02:30:44 user.notice IE520-stk mrpd: PORT: port 5013 set Forwarding
2026 Sep 30 02:30:44 user.notice IE520-stk NSM[702]: Port down notification received for port4.0.26 
2026 Sep 30 02:30:44 user.notice IE520-stk NSM[702]: port4.0.26 user shutdown
2026 Sep 30 02:30:44 user.notice IE520-stk mrpd: EVENT: Rx MRP_LinkDown ring_id=1 port=port1.0.13 mac=84e3.2787.0780
2026 Sep 30 02:30:44 user.notice IE520-stk mrpd: FDB: Flush FDB entries for the ring ports with ifindices: {5013, 20026}
2026 Sep 30 02:30:45 user.notice IE520-stk IMISH[7868]: [manager@ttyS0]show mrp ring
2026 Sep 30 02:30:46 user.notice IE520-stk IMISH[17846]: [manager@ie520-stk-1]show mrp ring
2026 Sep 30 02:30:47 user.notice IE520-stk IMISH[7868]: [manager@ttyS0]terminal no monitor
2026 Sep 30 02:30:48 user.notice IE520-stk IMISH[17846]: [manager@ie520-stk-1]show mrp ring
2026 Sep 30 02:31:09 user.notice IE520-stk IMISH[329]: Last message '[manager@ie520-stk-1' repeated 10 times, suppressed by syslog-ng on IE520-stk
2026 Sep 30 02:31:09 user.notice IE520-stk IMISH[7868]: [manager@ttyS0]terminal length 0
2026 Sep 30 02:31:10 user.notice IE520-stk IMISH[17846]: [manager@ie520-stk-1]show mrp ring
2026 Sep 30 02:31:10 user.notice IE520-stk IMISH[7868]: [manager@ttyS0]terminal no monitor
2026 Sep 30 02:31:12 user.notice IE520-stk IMISH[17846]: [manager@ie520-stk-1]show mrp ring
2026 Sep 30 02:31:12 user.notice IE520-stk IMISH[7868]: [manager@ttyS0]configure terminal
2026 Sep 30 02:31:13 user.notice IE520-stk IMISH[7868]: [manager@ttyS0]interface port4.0.26
2026 Sep 30 02:31:14 user.notice IE520-stk IMISH[17846]: [manager@ie520-stk-1]show mrp ring
2026 Sep 30 02:31:14 user.notice IE520-stk IMISH[7868]: [manager@ttyS0]no shutdown
2026 Sep 30 02:31:14 user.notice IE520-stk NSM[702]: port4.0.26 user no shutdown
2026 Sep 30 02:31:15 user.notice IE520-stk mrpd: EVENT: Rx MRP_LinkUp ring_id=1 port=port1.0.13 mac=84e3.2787.0780
2026 Sep 30 02:31:15 user.notice IE520-stk mrpd: PORT: port4.0.26 link UP (0x11043)
2026 Sep 30 02:31:15 user.notice IE520-stk mrpd: ffffffff-ffff-ffff-ffff-ffffffffffff: Ring-id[1]: Ring closed
2026 Sep 30 02:31:15 user.notice IE520-stk mrpd: FSM: ring_id=1 PRM_UP -> CHK_RC evt=MRP_ProtEvMAUTypeChangeInd
2026 Sep 30 02:31:15 user.notice IE520-stk mrpd: FSM: PRM_RPort 5013 SEC_RPort 20026
2026 Sep 30 02:31:15 user.notice IE520-stk mrpd: FSM: port 20026 state Up
2026 Sep 30 02:31:15 user.notice IE520-stk mrpd: EVENT: Rx MRP_LinkUp ring_id=1 port=port1.0.13 mac=84e3.2787.0780
2026 Sep 30 02:31:15 user.notice IE520-stk NSM[702]: Port up notification received for port4.0.26 
2026 Sep 30 02:31:15 user.notice IE520-stk mrpd: EVENT: Rx MRP_LinkUp ring_id=1 port=port1.0.13 mac=84e3.2787.0780
2026 Sep 30 02:31:16 user.notice IE520-stk mrpd[329]: Last message 'EVENT: Rx MRP_LinkUp' repeated 2 times, suppressed by syslog-ng on IE520-stk
2026 Sep 30 02:31:16 user.notice IE520-stk IMISH[17846]: [manager@ie520-stk-1]show mrp ring
2026 Sep 30 02:31:16 user.notice IE520-stk IMISH[7868]: [manager@ttyS0]terminal no monitor
2026 Sep 30 02:31:18 user.notice IE520-stk IMISH[17846]: [manager@ie520-stk-1]show mrp ring
2026 Sep 30 02:31:24 user.notice IE520-stk IMISH[329]: Last message '[manager@ie520-stk-1' repeated 3 times, suppressed by syslog-ng on IE520-stk
2026 Sep 30 02:31:24 user.notice IE520-stk IMISH[7868]: [manager@ttyS0]terminal length 0
2026 Sep 30 02:31:25 user.notice IE520-stk IMISH[7868]: [manager@ttyS0]terminal no monitor
2026 Sep 30 02:31:26 user.notice IE520-stk IMISH[17846]: [manager@ie520-stk-1]show mrp ring
2026 Sep 30 02:31:27 user.notice IE520-stk IMISH[7868]: [manager@ttyS0]show mrp ring
2026 Sep 30 02:31:28 user.notice IE520-stk IMISH[17846]: [manager@ie520-stk-1]show mrp ring
2026 Sep 30 02:31:28 user.notice IE520-stk IMISH[7868]: [manager@ttyS0]show interface port4.0.26 status
2026 Sep 30 02:31:29 user.notice IE520-stk IMISH[7868]: [manager@ttyS0]terminal no monitor
2026 Sep 30 02:31:30 user.notice IE520-stk IMISH[17846]: [manager@ie520-stk-1]show mrp ring
2026 Sep 30 02:31:35 user.notice IE520-stk IMISH[329]: Last message '[manager@ie520-stk-1' repeated 1 times, suppressed by syslog-ng on IE520-stk
2026 Sep 30 02:31:35 user.notice IE520-stk IMISH[17846]: [manager@ie520-stk-1]terminal no monitor
2026 Sep 30 02:31:41 user.notice IE520-stk IMISH[7868]: [manager@ttyS0]terminal length 0
2026 Sep 30 02:31:42 user.notice IE520-stk IMISH[7868]: [manager@ttyS0]terminal no monitor
2026 Sep 30 02:31:44 user.notice IE520-stk IMISH[7868]: [manager@ttyS0]show mrp ring
2026 Sep 30 02:31:48 user.notice IE520-stk IMISH[7868]: [manager@ttyS0]show log tail 60
IE520-stk#
