2026-09-29 13:38:20: Info: wireless section is not defined.
2026-09-29 13:38:20: Info: hub section is not defined.
2026-09-29 13:38:20: Info: profile section is not defined.
2026-09-29 13:38:20: Info: peripheral section is not defined.
2026-09-29 13:38:20: Info: breakout section is not defined.
2026-09-29 13:38:20: Info: no_switchport section is not defined.
2026-09-29 13:38:20: Info: namemap section is not defined.
2026-09-29 13:38:20: Info: reslink section is not defined.
2026-09-29 13:38:20: Info: ixia section is not defined.
2026-09-29 13:38:20: Info: heatchamber section is not defined.
2026-09-29 13:38:20: Info: atmf section is not defined.
2026-09-29 13:38:20: Info: atmf_areas section is not defined.
2026-09-29 13:38:20: Info: misc section is not defined.
2026-09-29 13:38:20: Info: email section is not defined.
2026-09-29 13:38:20: Info: ixia_tx_pkt_rate section is not defined.
2026-09-29 13:38:20: Info: ixia_rx_pkt_rate section is not defined.
2026-09-29 13:38:20: Info: ixia_tx_bit_rate section is not defined.
2026-09-29 13:38:20: Info: ixia_rx_bit_rate section is not defined.
2026-09-29 13:38:20: Info: database section is not defined.
2026-09-29 13:38:20: Info: feature_map_file_location section is not defined.
2026-09-29 13:38:20: Info: management section is not defined.
2026-09-29 13:38:20: Info: additional_commands section is not defined.
2026-09-29 13:38:20: {'heatchambers': {},
 'hubs': {},
 'ixias': {},
 'peripherals': {},
 'stacks': {'stk_a': {'boot_from_flash': True,
                      'members': ['swi_a', 'swi_c', 'swi_d'],
                      'no_switchport': [],
                      'setupName': 'stk_a'}},
 'switches': {'swi_a': {'additional_commands': [],
                        'baudrate': '115200',
                        'boot_from_flash': True,
                        'breakout': None,
                        'configured_stackport': None,
                        'console_server_port': None,
                        'management_link': None,
                        'no_switchport': [],
                        'password': None,
                        'port': None,
                        'portlink': {'port1.0.13': {'toDev': 'swi_b',
                                                    'toPort': 'port1.0.13'},
                                     'port1.0.2': {'toDev': 'swi_f',
                                                   'toPort': 'port1.0.3'},
                                     'port1.0.9': {'toDev': 'swi_f',
                                                   'toPort': 'port1.0.4'}},
                        'power': [{'ip': '10.36.150.14',
                                   'outlet': 6,
                                   'password': None,
                                   'type': 'pdu',
                                   'username': None}],
                        'profile': None,
                        'protocol': None,
                        'reslink': None,
                        'serial': '/dev/u2',
                        'setupName': 'swi_a',
                        'username': None},
              'swi_b': {'additional_commands': [],
                        'baudrate': '115200',
                        'boot_from_flash': True,
                        'breakout': None,
                        'configured_stackport': None,
                        'console_server_port': None,
                        'management_link': None,
                        'no_switchport': [],
                        'password': None,
                        'port': None,
                        'portlink': {'port1.0.13': {'toDev': 'swi_a',
                                                    'toPort': 'port1.0.13'},
                                     'port1.0.2': {'toDev': 'tb',
                                                   'toPort': 'eth2'},
                                     'port1.0.9': {'toDev': 'swi_d',
                                                   'toPort': 'port4.0.9'}},
                        'power': [{'ip': '10.36.150.14',
                                   'outlet': 8,
                                   'password': None,
                                   'type': 'pdu',
                                   'username': None}],
                        'profile': None,
                        'protocol': None,
                        'reslink': None,
                        'serial': '/dev/u3',
                        'setupName': 'swi_b',
                        'username': None},
              'swi_c': {'additional_commands': [],
                        'baudrate': '115200',
                        'boot_from_flash': True,
                        'breakout': None,
                        'configured_stackport': None,
                        'console_server_port': None,
                        'management_link': None,
                        'no_switchport': [],
                        'password': None,
                        'port': None,
                        'portlink': {'port3.0.13': {'toDev': 'tb',
                                                    'toPort': 'eth1'},
                                     'port3.0.2': {'toDev': 'swi_e',
                                                   'toPort': 'port1.0.3'}},
                        'power': [{'ip': '10.36.150.14',
                                   'outlet': 5,
                                   'password': None,
                                   'type': 'pdu',
                                   'username': None}],
                        'profile': None,
                        'protocol': None,
                        'reslink': None,
                        'serial': '/dev/u5',
                        'setupName': 'swi_c',
                        'username': None},
              'swi_d': {'additional_commands': [],
                        'baudrate': '115200',
                        'boot_from_flash': True,
                        'breakout': None,
                        'configured_stackport': None,
                        'console_server_port': None,
                        'management_link': None,
                        'no_switchport': [],
                        'password': None,
                        'port': None,
                        'portlink': {'port4.0.2': {'toDev': 'swi_e',
                                                   'toPort': 'port1.0.4'},
                                     'port4.0.9': {'toDev': 'swi_b',
                                                   'toPort': 'port1.0.9'}},
                        'power': [{'ip': '10.36.150.14',
                                   'outlet': 4,
                                   'password': None,
                                   'type': 'pdu',
                                   'username': None}],
                        'profile': None,
                        'protocol': None,
                        'reslink': None,
                        'serial': '/dev/u4',
                        'setupName': 'swi_d',
                        'username': None},
              'swi_e': {'additional_commands': [],
                        'baudrate': '115200',
                        'boot_from_flash': True,
                        'breakout': None,
                        'configured_stackport': None,
                        'console_server_port': None,
                        'management_link': None,
                        'no_switchport': [],
                        'password': None,
                        'port': None,
                        'portlink': {'port1.0.3': {'toDev': 'swi_c',
                                                   'toPort': 'port3.0.2'},
                                     'port1.0.4': {'toDev': 'swi_d',
                                                   'toPort': 'port4.0.2'}},
                        'power': [{'ip': '10.36.150.14',
                                   'outlet': 7,
                                   'password': None,
                                   'type': 'pdu',
                                   'username': None}],
                        'profile': None,
                        'protocol': None,
                        'reslink': None,
                        'serial': '/dev/u1',
                        'setupName': 'swi_e',
                        'username': None},
              'swi_f': {'additional_commands': [],
                        'baudrate': '9600',
                        'boot_from_flash': True,
                        'breakout': None,
                        'configured_stackport': None,
                        'console_server_port': None,
                        'management_link': None,
                        'no_switchport': [],
                        'password': None,
                        'port': None,
                        'portlink': {'port1.0.1': {'toDev': 'tb',
                                                   'toPort': 'eth3'},
                                     'port1.0.3': {'toDev': 'swi_a',
                                                   'toPort': 'port1.0.2'},
                                     'port1.0.4': {'toDev': 'swi_a',
                                                   'toPort': 'port1.0.9'}},
                        'power': [{'ip': '10.36.150.14',
                                   'outlet': 1,
                                   'password': None,
                                   'type': 'pdu',
                                   'username': None}],
                        'profile': None,
                        'protocol': None,
                        'reslink': None,
                        'serial': '/dev/u0',
                        'setupName': 'swi_f',
                        'username': None}},
 'tb': {'management_link': None,
        'portlink': {'eth1': {'toDev': 'swi_c', 'toPort': 'port3.0.13'},
                     'eth2': {'toDev': 'swi_b', 'toPort': 'port1.0.2'},
                     'eth3': {'toDev': 'swi_f', 'toPort': 'port1.0.1'}}},
 'wirelessDevices': {}}
2026-09-29 13:38:20: Info: attempting to create a Stack object for stk_a
2026-09-29 13:38:20: Info: attempting to create a Switch object for swi_a
2026-09-29 13:38:20: Info: associating Power Socket (pdu, 10.36.150.14, 6) with swi_a
2026-09-29 13:38:20: init_swi(swi_a) succeeded
2026-09-29 13:38:20: Info: attempting to create a Switch object for swi_c
2026-09-29 13:38:20: Info: associating Power Socket (pdu, 10.36.150.14, 5) with swi_c
2026-09-29 13:38:20: init_swi(swi_c) succeeded
2026-09-29 13:38:20: Info: attempting to create a Switch object for swi_d
2026-09-29 13:38:20: Info: associating Power Socket (pdu, 10.36.150.14, 4) with swi_d
2026-09-29 13:38:20: init_swi(swi_d) succeeded
2026-09-29 13:38:20: init_stk(stk_a) succeeded
2026-09-29 13:38:20: Info: init_swi(swi_a) was already created
2026-09-29 13:38:20: Info: attempting to create a Switch object for swi_b
2026-09-29 13:38:20: Info: associating Power Socket (pdu, 10.36.150.14, 8) with swi_b
2026-09-29 13:38:20: init_swi(swi_b) succeeded
2026-09-29 13:38:20: Info: init_swi(swi_c) was already created
2026-09-29 13:38:20: Info: init_swi(swi_d) was already created
2026-09-29 13:38:20: Info: attempting to create a Switch object for swi_e
2026-09-29 13:38:20: Info: associating Power Socket (pdu, 10.36.150.14, 7) with swi_e
2026-09-29 13:38:20: init_swi(swi_e) succeeded
2026-09-29 13:38:20: Info: attempting to create a Switch object for swi_f
2026-09-29 13:38:20: Info: associating Power Socket (pdu, 10.36.150.14, 1) with swi_f
2026-09-29 13:38:20: init_swi(swi_f) succeeded
2026-09-29 13:38:20: init_portlink(swi_a, swi_b, type1='', type2='', hub=False, dot1q=False) executed 
2026-09-29 13:38:20: init_portlink(swi_a, swi_b, type1='', type2='', hub=False, dot1q=False) succeeded (port1.0.13, port1.0.13)
2026-09-29 13:38:20: init_portlink(swi_a, swi_f, type1='', type2='', hub=False, dot1q=False) executed 
2026-09-29 13:38:20: init_portlink(swi_a, swi_f, type1='', type2='', hub=False, dot1q=False) succeeded (port1.0.2, port1.0.3)
2026-09-29 13:38:20: init_portlink(swi_a, swi_f, type1='', type2='', hub=False, dot1q=False) executed 
2026-09-29 13:38:20: init_portlink(swi_a, swi_f, type1='', type2='', hub=False, dot1q=False) succeeded (port1.0.9, port1.0.4)
2026-09-29 13:38:20: init_portlink(swi_b, tb, type1='', type2='', hub=False, dot1q=False) executed 
2026-09-29 13:38:20:  init_portlink(tb, swi_b, type1='', type2='', hub=False, dot1q=False) executed 
2026-09-29 13:38:20:  init_portlink(tb, swi_b, type1='', type2='', hub=False, dot1q=False) succeeded (eth2, port1.0.2)
2026-09-29 13:38:20: init_portlink(swi_b, swi_a, type1='', type2='', hub=False, dot1q=False) executed 
2026-09-29 13:38:20: init_portlink(swi_b, swi_a, type1='', type2='', hub=False, dot1q=False) failed: No port left between swi_b and swi_a
2026-09-29 13:38:20: init_portlink(swi_b, swi_d, type1='', type2='', hub=False, dot1q=False) executed 
2026-09-29 13:38:20: init_portlink(swi_b, swi_d, type1='', type2='', hub=False, dot1q=False) succeeded (port1.0.9, port4.0.9)
2026-09-29 13:38:20: init_portlink(swi_c, tb, type1='', type2='', hub=False, dot1q=False) executed 
2026-09-29 13:38:20:  init_portlink(tb, swi_c, type1='', type2='', hub=False, dot1q=False) executed 
2026-09-29 13:38:20:  init_portlink(tb, swi_c, type1='', type2='', hub=False, dot1q=False) succeeded (eth1, port3.0.13)
2026-09-29 13:38:20: init_portlink(swi_c, swi_e, type1='', type2='', hub=False, dot1q=False) executed 
2026-09-29 13:38:20: init_portlink(swi_c, swi_e, type1='', type2='', hub=False, dot1q=False) succeeded (port3.0.2, port1.0.3)
2026-09-29 13:38:20: init_portlink(swi_d, swi_b, type1='', type2='', hub=False, dot1q=False) executed 
2026-09-29 13:38:20: init_portlink(swi_d, swi_b, type1='', type2='', hub=False, dot1q=False) failed: No port left between swi_d and swi_b
2026-09-29 13:38:20: init_portlink(swi_d, swi_e, type1='', type2='', hub=False, dot1q=False) executed 
2026-09-29 13:38:20: init_portlink(swi_d, swi_e, type1='', type2='', hub=False, dot1q=False) succeeded (port4.0.2, port1.0.4)
2026-09-29 13:38:20: init_portlink(swi_e, swi_c, type1='', type2='', hub=False, dot1q=False) executed 
2026-09-29 13:38:20: init_portlink(swi_e, swi_c, type1='', type2='', hub=False, dot1q=False) failed: No port left between swi_e and swi_c
2026-09-29 13:38:20: init_portlink(swi_e, swi_d, type1='', type2='', hub=False, dot1q=False) executed 
2026-09-29 13:38:20: init_portlink(swi_e, swi_d, type1='', type2='', hub=False, dot1q=False) failed: No port left between swi_e and swi_d
2026-09-29 13:38:20: init_portlink(swi_f, tb, type1='', type2='', hub=False, dot1q=False) executed 
2026-09-29 13:38:20:  init_portlink(tb, swi_f, type1='', type2='', hub=False, dot1q=False) executed 
2026-09-29 13:38:20:  init_portlink(tb, swi_f, type1='', type2='', hub=False, dot1q=False) succeeded (eth3, port1.0.1)
2026-09-29 13:38:20: init_portlink(swi_f, swi_a, type1='', type2='', hub=False, dot1q=False) executed 
2026-09-29 13:38:20: init_portlink(swi_f, swi_a, type1='', type2='', hub=False, dot1q=False) failed: No port left between swi_f and swi_a
2026-09-29 13:38:20: init_portlink(swi_f, swi_a, type1='', type2='', hub=False, dot1q=False) executed 
2026-09-29 13:38:20: init_portlink(swi_f, swi_a, type1='', type2='', hub=False, dot1q=False) failed: No port left between swi_f and swi_a
