2026-09-29 13:38:20: Connecting to Device: On serial port /dev/u5
2026-09-29 13:38:20: Connected to Device on /dev/u5
2026-09-29 13:38:20: initPort(port3.0.13): port name = port3.0.13
2026-09-29 13:38:20: initPort(port3.0.2): port name = port3.0.2
2026-09-29 13:38:41: send(\n) called
2026-09-29 13:38:43: send(\n, 2, ['login:']) wait time reached
2026-09-29 13:38:43: send(\n, 2, ['login:']):

IE520-stk#<EOS>
2026-09-29 13:38:43: mode(#) called
2026-09-29 13:38:43: cmd() called
2026-09-29 13:38:44: cmd():

IE520-stk#<EOS>
2026-09-29 13:38:44: mode(#, 0) the prompt has been successfully set
2026-09-29 13:38:44: send(exit\n) called
2026-09-29 13:38:46: send(exit\n, 0, ['login:']) found "login:"
2026-09-29 13:38:46: send(exit\n, 0, ['login:']):
exit
[m

IE520-stk login: <EOS>
2026-09-29 13:39:32: ========= TestSet 33234 Configuration =========
2026-09-29 13:39:54: ========= End of TestSet 33234 Configuration =========
2026-09-29 13:39:54: cmd() called
2026-09-29 13:39:54: cmd():

IE520-stk login: <EOS>
2026-09-29 13:39:54: mode(#) called
2026-09-29 13:39:54: cmd() called
2026-09-29 13:39:54: cmd():

IE520-stk login: <EOS>
2026-09-29 13:39:58: cmd() called
2026-09-29 13:39:59: cmd():

IE520-stk#<EOS>
2026-09-29 13:39:59: mode(#, 0) the prompt has been successfully set
2026-09-29 13:39:59: cmd(show wireless apteryx info) called
2026-09-29 13:39:59: cmd(show wireless apteryx info):
show wireless apteryx info
               ^
% Invalid input detected at '^' marker.

IE520-stk#<EOS>
