[4050] vlan database
[4050] vlan 30 state enable
[4050] exit
[4050] interface port1.0.1
[4050] switchport access vlan 30
[4050] exit
[4050] interface vlan30
[4050] ip address 10.0.30.1/24
[4050] exit

[4050-verify] show ip interface brief
show ip interface brief
Interface             IP-Address         Status          Protocol
eth1                  unassigned         admin up        down       
eth2                  unassigned         admin up        down       
lo                    unassigned         admin up        running    
vlan1                 10.38.215.70/27    admin up        running    
vlan30                10.0.30.1/24       admin up        running    
br0                   unassigned         admin up        down       
wwan0                 unassigned         err-disabled    down       
4050-5g#

[4050-verify] show interface vlan30
show interface vlan30
Interface vlan30
  Link is UP, administrative state is UP
  Hardware is VLAN, address is 0000.cd40.0394
  IPv4 address 10.0.30.1/24 broadcast 10.0.30.255
  index 330 metric 1 mtu 1500
  arp ageing timeout 300
  <UP,BROADCAST,RUNNING,MULTICAST>
  VRF Binding: Not bound
  SNMP link-status traps: Disabled
  Router Advertisement is disabled
  Router Advertisement default routes are accepted
  Router Advertisement prefix info is accepted
    input packets 0, bytes 0, dropped 0, multicast packets 0
    output packets 0, bytes 0, multicast packets 0, broadcast packets 0
    input average rate : 30 seconds 0 bps, 5 minutes 0 bps
    output average rate: 30 seconds 0 bps, 5 minutes 0 bps
  Time since last state change: 0 days 00:00:04
4050-5g#

[4050-verify] show vlan brief
show vlan brief

VLAN ID  Name            Type    State   Member ports                   
                                         (u)-Untagged, (t)-Tagged
======= ================ ======= ======= ====================================
1       default          STATIC  ACTIVE  port1.0.2(u) port1.0.3(u) port1.0.4(u) 
                                         port1.0.5(u) port1.0.6(u) port1.0.7(u) 
                                         port1.0.8(u) 
30      VLAN0030         STATIC  ACTIVE  port1.0.1(u) 
4050-5g#
