=== running-config BEFORE ===
show running-config interface port1.0.1
!
interface port1.0.1
 switchport
 switchport mode access
 switchport access vlan 10
!
awplus#
[if ]  interface port1.0.1
awplus(config-if)#
[arm]  dos ipoptions action shutdown
% Failed to attach DoS settings to port1.0.1. Cannot update hardware filter
awplus(config-if)#
=== running-config AFTER arm ===
show running-config interface port1.0.1
!
interface port1.0.1
 switchport
 switchport mode access
 switchport access vlan 10
!
awplus#
=== show dos interface AFTER arm ===
show dos interface port1.0.1

DoS settings for interface port1.0.1
-----------------------------------------
awplus#
[dis]  no dos ipoptions
awplus(config-if)#
=== running-config AFTER disarm ===
show running-config interface port1.0.1
!
interface port1.0.1
 switchport
 switchport mode access
 switchport access vlan 10
!
awplus#
