=== dos ?  (interface port1.0.1) ===
dos ?
  ipoptions      IP Options attack
  land           Land attack
  ping-of-death  Large ping attack
  smurf          Ping to broadcast address
  synflood       SYN flood attack
  teardrop       IP fragmentation attack

[K[22Cawplus(config-if)#dos 
% Incomplete command.

awplus(config-if)#

=== platform ?  (global) -- any ip-option / dos hw knob? ===
platform ?
  acls-to-vlanclassifiers            Set the split between acls and vlan
                                     classifiers
  control-plane-prioritization       Set the control-plane-prioritization
  extended-acl-vlan-actions          Enable support for extended ACL VLAN
                                     actions
  fdb-chain-length                   Set fdb hash chain length 
  fdb-l3-hosts                       Allow L3 hosts to be stored in the FDB
                                     table
  hwfilter-size                      Set the HW table ACLs to desired size for
                                     ipv4/ipv6
  inter-chip-header                  Configure the Inter-chip header
  jumboframe                         Enable forwarding of jumbo frames
  l2mc-overlap                       Enable support at layer 2 for overlapped
                                     multicast groups
  l2mc-table                         L2 multicast table options
  load-balancing                     Set load balancing algorithm for channels
  multicast-address-mismatch-action  Action to take when multicast packets
                                     have mismatched DA and DIP
  multicast-ratelimit                PPS limit, zero to remove limit
  port-tx-recovery                   Enable Port Tx Recovery
  routingratio                       Set the ratios of ipv4 and ipv6 routes
  sdn-route-ratio                    Set the route ratio for SDN applications
  stop-unreg-mc-flooding             Stop unregistered multicast packets from
                                     flooding out all ports on the VLAN. This
                                     feature breaks IPv6.
  vlan-stacking-tpid                 Set the Tag Protocol Identifier for
                                     vlan-stacking

[K[24Cawplus(config)#platform 

=== full 'ip ?' (global) ===
ip ?
  as-path              BGP autonomous system path filter
  community-list       Add a community list entry
  dhcp                 DHCP Server or Snooping Configuration
  dhcp-relay           Dynamic Host Configuration Protocol (DHCP) Relay
  dns                  Domain Name Service (DNS)
  domain-list          Add a domain to the DNS
  domain-lookup        Enable Domain Name Service (DNS)
  domain-name          Set default domain for DNS
  extcommunity-list    Add a extended community list entry
  forward-protocol     Configure protocols the switch forwards
  forwarding           Turn on IP forwarding
  gratuitous-arp-link  Send gratuitous arps on port forwarding
  icmp                 Internet Control Message Protocol (ICMP)
  icmp-timestamp       Enable the processing and sending of ICMP timestamp
                       request and reply
  igmp                 Internet Group Management Protocol (IGMP)
  mroute               Configure static multicast routes
  msdp                 Multicast Source Discovery Protocol (MSDP)
  multicast            Global IP multicast commands
  multicast-routing    Configure multicast routing
  name-server          Add a Nameserver to the DNS
  pim                  Protocol Independent Multicast (PIM)
  prefix-list          Build a prefix list
  radius               RADIUS configuration commands
  resolve-via-default  Turn on IP use of default route to resolve recursive
                       routes
  route                Establish static routes
  source               Static source address binding for DHCP snooping
  tacacs               TACACS client
  tcp                  Transmission Control Protocol (TCP)
  tcp-timestamp        Enable the use of TCP timestamp option
  tftp                 TFTP client
  unreachables         Generate IPV4 ICMP destination unreachable messages
  vrf                  VRF instance

[K[18Cawplus(config)#ip 
