== STATE ==
 port: connected
  (no counter line)

== TEST 1: DISARMED -- are LSRR option packets forwarded? ==
 replies from victim while DISARMED: 0
  (no counter line)

== CLI help: does an 'ip options' forwarding lever exist? ==
--- ip options ? ---
ip options ?
% Unrecognized command
[K[26Cawplus(config)#ip options 
                  ^
% Invalid input detected at '^' marker.

awplus(config)#
--- 'ip ?' lines mentioning option ---
  tcp-timestamp        Enable the use of TCP timestamp option

== dos help (interface) ==
--- dos ? ---
dos ?
% Unrecognized command
[K[19Cawplus(config)#dos 
                 ^
% Invalid input detected at '^' marker.

awplus(config)#

 restored: port connected
