=== show platform hwfilter-size ===
show platform hwfilter-size
                     ^
% Invalid input detected at '^' marker.

awplus#
=== show platform classifier statistics utilization brief ===
show platform classifier statistics utilization brief

Stack member 1:

[Instance 0] 
  [port1.0.1-port1.0.28]
 Usage:   
                  Used / Total
  --------------------------------
  System              0
  DHCP Snooping       0
  Loop Detection      0
  EPSR                0
  CFM                 0
  G8032               0
  Global ACL          0
  ACL                 0
  VACL                0
  QoS                 0
  RA Guard            0
  BEFD                0
  BFD                 0
  AMFAPPS             0
  IPFIX Flow          0
  IPFIX Sample        0
  Openflow Hybrid     0
  Openflow Flow       0
  Openflow Default    0
  Denial of Service    0
  MLAG                0
  Pre-Ingress         0
Egress:
  VLAN Xlate          0
  VLAN Isolate        0
  VLAN IsolateDef     0
  Total               0 / 1536 (0.00%)

  Qos Rule Limit Reached (clear on read): 0
  Total Qos Rule Limit Reached from startup: 0

  Pre-Ingress Rule Limit Reached (clear on read): 0
  Total Pre-Ingress Rule Limit Reached from startup: 0

  Egress Rule Limit Reached (clear on read): 0
  Total Egress Rule Limit Reached from startup: 0

  UDB Usage:
  Legend of Offset Type) 1:Ether 2:IP 3:TCP/UDP
  UDB Set       Offset Type      Used / Total
  ------------- 0------8------15 ------------
  IPv4 TCP      000000                            6 /  6
  IPv4 UDP      000000                            6 /  6
  MPLS          000000                            6 /  6
  IPv4 Frag     000000                            6 /  6
  IPv4          000000                            6 /  6
  Ethernet      000000                            6 /  6
  User-Def      000000                            6 /  6
  IPv6 L2       000000                            0 /  6

Index        User     Shared DSCP Queue  CoS Bandwidth-class RefCount StaticCnt
  0     Cos 2 queue     No    0     2     0   Green             1        1
  1     Cos 2 queue     No    0     0     1   Green             1        1
  2     Cos 2 queue     No    0     1     2   Green             1        1
  3     Cos 2 queue     No    0     3     3   Green             1        1
  4     Cos 2 queue     No    0     4     4   Green             1        1
  5     Cos 2 queue     No    0     5     5   Green             1        1
  6     Cos 2 queue     No    0     6     6   Green             1        1
  7     Cos 2 queue     No    0     7     7   Green             1        1
  8     DSCP Premark    No    0     0     0   Green             1        1
  9     DSCP Premark    No    1     0     0   Green             1        1
 10     DSCP Premark    No    2     0     0   Green             1        1
 11     DSCP Premark    No    3     0     0   Green             1        1
 12     DSCP Premark    No    4     0     0   Green             1        1
 13     DSCP Premark    No    5     0     0   Green             1        1
 14     DSCP Premark    No    6     0     0   Green             1        1
 15     DSCP Premark    No    7     0     0   Green             1        1
 16     DSCP Premark    No    8     0     0   Green             1        1
 17     DSCP Premark    No    9     0     0   Green             1        1
 18     DSCP Premark    No   10     0     0   Green             1        1
 19     DSCP Premark    No   11     0     0   Green             1        1
 20     DSCP Premark    No   12     0     0   Green             1        1
 21     DSCP Premark    No   13     0     0   Green             1        1
 22     DSCP Premark    No   14     0     0   Green             1        1
 23     DSCP Premark    No   15     0     0   Green             1        1
 24     DSCP Premark    No   16     0     0   Green             1        1
 25     DSCP Premark    No   17     0     0   Green             1        1
 26     DSCP Premark    No   18     0     0   Green             1        1
 27     DSCP Premark    No   19     0     0   Green             1        1
 28     DSCP Premark    No   20     0     0   Green             1        1
 29     DSCP Premark    No   21     0     0   Green             1        1
 30     DSCP Premark    No   22     0     0   Green             1        1
 31     DSCP Premark    No   23     0     0   Green             1        1
 32     DSCP Premark    No   24     0     0   Green             1        1
 33     DSCP Premark    No   25     0     0   Green             1        1
 34     DSCP Premark    No   26     0     0   Green             1        1
 35     DSCP Premark    No   27     0     0   Green             1        1
 36     DSCP Premark    No   28     0     0   Green             1        1
 37     DSCP Premark    No   29     0     0   Green             1        1
 38     DSCP Premark    No   30     0     0   Green             1        1
 39     DSCP Premark    No   31     0     0   Green             1        1
 40     DSCP Premark    No   32     0     0   Green             1        1
 41     DSCP Premark    No   33     0     0   Green             1        1
 42     DSCP Premark    No   34     0     0   Green             1        1
 43     DSCP Premark    No   35     0     0   Green             1        1
 44     DSCP Premark    No   36     0     0   Green             1        1
 45     DSCP Premark    No   37     0     0   Green             1        1
 46     DSCP Premark    No   38     0     0   Green             1        1
 47     DSCP Premark    No   39     0     0   Green             1        1
 48     DSCP Premark    No   40     0     0   Green             1        1
 49     DSCP Premark    No   41     0     0   Green             1        1
 50     DSCP Premark    No   42     0     0   Green             1        1
 51     DSCP Premark    No   43     0     0   Green             1        1
 52     DSCP Premark    No   44     0     0   Green             1        1
 53     DSCP Premark    No   45     0     0   Green             1        1
 54     DSCP Premark    No   46     0     0   Green             1        1
 55     DSCP Premark    No   47     0     0   Green             1        1
 56     DSCP Premark    No   48     0     0   Green             1        1
 57     DSCP Premark    No   49     0     0   Green             1        1
 58     DSCP Premark    No   50     0     0   Green             1        1
 59     DSCP Premark    No   51     0     0   Green             1        1
 60     DSCP Premark    No   52     0     0   Green             1        1
 61     DSCP Premark    No   53     0     0   Green             1        1
 62     DSCP Premark    No   54     0     0   Green             1        1
 63     DSCP Premark    No   55     0     0   Green             1        1
 64     DSCP Premark    No   56     0     0   Green             1        1
 65     DSCP Premark    No   57     0     0   Green             1        1
 66     DSCP Premark    No   58     0     0   Green             1        1
 67     DSCP Premark    No   59     0     0   Green             1        1
 68     DSCP Premark    No   60     0     0   Green             1        1
 69     DSCP Premark    No   61     0     0   Green             1        1
 70     DSCP Premark    No   62     0     0   Green             1        1
 71     DSCP Premark    No   63     0     0   Green             1        1
 72     None            No    0     0     0   Green             0        1
 73     CPU Egress      Yes   0     1     1   Green             1        1
 74     CPU Egress      Yes   0     2     2   Green             1        1
 75     CPU Egress      Yes   0     3     3   Green             1        1
 76     CPU Egress      Yes   0     4     4   Green             1        1
 77     CPU Egress      Yes   0     5     5   Green             1        1
 78     CPU Egress      Yes   0     6     6   Green             1        1
 79     CPU Egress      Yes   0     7     7   Green             1        1
 80     Multiple        Yes   0     2     0   Green            58        1
 81     None            No    0     0     0   Green             0        0
 82     None            No    0     0     0   Green             0        0
 83     None            No    0     0     0   Green             0        0
 84     None            No    0     0     0   Green             0        0
 85     None            No    0     0     0   Green             0        0
 86     None            No    0     0     0   Green             0        0
 87     None            No    0     0     0   Green             0        0
 88     None            No    0     0     0   Green             0        0
 89     None            No    0     0     0   Green             0        0
 90     None            No    0     0     0   Green             0        0
 91     None            No    0     0     0   Green             0        0
 92     None            No    0     0     0   Green             0        0
 93     None            No    0     0     0   Green             0        0
 94     None            No    0     0     0   Green             0        0
 95     None            No    0     0     0   Green             0        0
 96     None            No    0     0     0   Green             0        0
 97     None            No    0     0     0   Green             0        0
 98     None            No    0     0     0   Green             0        0
 99     None            No    0     0     0   Green             0        0
100     None            No    0     0     0   Green             0        0
101     None            No    0     0     0   Green             0        0
102     None            No    0     0     0   Green             0        0
103     None            No    0     0     0   Green             0        0
104     None            No    0     0     0   Green             0        0
105     None            No    0     0     0   Green             0        0
106     None            No    0     0     0   Green             0        0
107     None            No    0     0     0   Green             0        0
108     None            No    0     0     0   Green             0        0
109     None            No    0     0     0   Green             0        0
110     None            No    0     0     0   Green             0        0
111     None            No    0     0     0   Green             0        0
112     None            No    0     0     0   Green             0        0
113     None            No    0     0     0   Green             0        0
114     None            No    0     0     0   Green             0        0
115     None            No    0     0     0   Green             0        0
116     None            No    0     0     0   Green             0        0
117     None            No    0     0     0   Green             0        0
118     None            No    0     0     0   Green             0        0
119     None            No    0     0     0   Green             0        0
120     None            No    0     0     0   Green             0        0
121     None            No    0     0     0   Green             0        0
122     None            No    0     0     0   Green             0        0
123     None            No    0     0     0   Green             0        0
124     None            No    0     0     0   Green             0        0
125     None            No    0     0     0   Green             0        0
126     None            No    0     0     0   Green             0        0
127     None            No    0     0     0   Green             0        0

Stack member 2:

[Instance 1] 
  [port2.0.1-port2.0.28]
 Usage:   
                  Used / Total
  --------------------------------
  System              0
  DHCP Snooping       2
  Loop Detection      0
  EPSR                0
  CFM                 0
  G8032               0
  Global ACL          0
  ACL                 0
  VACL                0
  QoS                 0
  RA Guard            0
  BEFD                0
  BFD                 0
  AMFAPPS             0
  IPFIX Flow          0
  IPFIX Sample        0
  Openflow Hybrid     0
  Openflow Flow       0
  Openflow Default    0
  Denial of Service    0
  MLAG                0
  Pre-Ingress         0
Egress:
  VLAN Xlate          0
  VLAN Isolate        0
  VLAN IsolateDef     0
  Total               2 / 1536 (0.13%)

  Qos Rule Limit Reached (clear on read): 0
  Total Qos Rule Limit Reached from startup: 0

  Pre-Ingress Rule Limit Reached (clear on read): 0
  Total Pre-Ingress Rule Limit Reached from startup: 0

  Egress Rule Limit Reached (clear on read): 0
  Total Egress Rule Limit Reached from startup: 0

  UDB Usage:
  Legend of Offset Type) 1:Ether 2:IP 3:TCP/UDP
  UDB Set       Offset Type      Used / Total
  ------------- 0------8------15 ------------
  IPv4 TCP      000000                            0 /  6
  IPv4 UDP      000000                            0 /  6
  MPLS          000000                            0 /  6
  IPv4 Frag     000000                            0 /  6
  IPv4          000000                            0 /  6
  Ethernet      000000                            0 /  6
  User-Def      000000                            0 /  6
  IPv6 L2       000000                            0 /  6

Index        User     Shared DSCP Queue  CoS Bandwidth-class RefCount StaticCnt
  0     Cos 2 queue     No    0     2     0   Green             1        1
  1     Cos 2 queue     No    0     0     1   Green             1        1
  2     Cos 2 queue     No    0     1     2   Green             1        1
  3     Cos 2 queue     No    0     3     3   Green             1        1
  4     Cos 2 queue     No    0     4     4   Green             1        1
  5     Cos 2 queue     No    0     5     5   Green             1        1
  6     Cos 2 queue     No    0     6     6   Green             1        1
  7     Cos 2 queue     No    0     7     7   Green             1        1
  8     DSCP Premark    No    0     0     0   Green             1        1
  9     DSCP Premark    No    1     0     0   Green             1        1
 10     DSCP Premark    No    2     0     0   Green             1        1
 11     DSCP Premark    No    3     0     0   Green             1        1
 12     DSCP Premark    No    4     0     0   Green             1        1
 13     DSCP Premark    No    5     0     0   Green             1        1
 14     DSCP Premark    No    6     0     0   Green             1        1
 15     DSCP Premark    No    7     0     0   Green             1        1
 16     DSCP Premark    No    8     0     0   Green             1        1
 17     DSCP Premark    No    9     0     0   Green             1        1
 18     DSCP Premark    No   10     0     0   Green             1        1
 19     DSCP Premark    No   11     0     0   Green             1        1
 20     DSCP Premark    No   12     0     0   Green             1        1
 21     DSCP Premark    No   13     0     0   Green             1        1
 22     DSCP Premark    No   14     0     0   Green             1        1
 23     DSCP Premark    No   15     0     0   Green             1        1
 24     DSCP Premark    No   16     0     0   Green             1        1
 25     DSCP Premark    No   17     0     0   Green             1        1
 26     DSCP Premark    No   18     0     0   Green             1        1
 27     DSCP Premark    No   19     0     0   Green             1        1
 28     DSCP Premark    No   20     0     0   Green             1        1
 29     DSCP Premark    No   21     0     0   Green             1        1
 30     DSCP Premark    No   22     0     0   Green             1        1
 31     DSCP Premark    No   23     0     0   Green             1        1
 32     DSCP Premark    No   24     0     0   Green             1        1
 33     DSCP Premark    No   25     0     0   Green             1        1
 34     DSCP Premark    No   26     0     0   Green             1        1
 35     DSCP Premark    No   27     0     0   Green             1        1
 36     DSCP Premark    No   28     0     0   Green             1        1
 37     DSCP Premark    No   29     0     0   Green             1        1
 38     DSCP Premark    No   30     0     0   Green             1        1
 39     DSCP Premark    No   31     0     0   Green             1        1
 40     DSCP Premark    No   32     0     0   Green             1        1
 41     DSCP Premark    No   33     0     0   Green             1        1
 42     DSCP Premark    No   34     0     0   Green             1        1
 43     DSCP Premark    No   35     0     0   Green             1        1
 44     DSCP Premark    No   36     0     0   Green             1        1
 45     DSCP Premark    No   37     0     0   Green             1        1
 46     DSCP Premark    No   38     0     0   Green             1        1
 47     DSCP Premark    No   39     0     0   Green             1        1
 48     DSCP Premark    No   40     0     0   Green             1        1
 49     DSCP Premark    No   41     0     0   Green             1        1
 50     DSCP Premark    No   42     0     0   Green             1        1
 51     DSCP Premark    No   43     0     0   Green             1        1
 52     DSCP Premark    No   44     0     0   Green             1        1
 53     DSCP Premark    No   45     0     0   Green             1        1
 54     DSCP Premark    No   46     0     0   Green             1        1
 55     DSCP Premark    No   47     0     0   Green             1        1
 56     DSCP Premark    No   48     0     0   Green             1        1
 57     DSCP Premark    No   49     0     0   Green             1        1
 58     DSCP Premark    No   50     0     0   Green             1        1
 59     DSCP Premark    No   51     0     0   Green             1        1
 60     DSCP Premark    No   52     0     0   Green             1        1
 61     DSCP Premark    No   53     0     0   Green             1        1
 62     DSCP Premark    No   54     0     0   Green             1        1
 63     DSCP Premark    No   55     0     0   Green             1        1
 64     DSCP Premark    No   56     0     0   Green             1        1
 65     DSCP Premark    No   57     0     0   Green             1        1
 66     DSCP Premark    No   58     0     0   Green             1        1
 67     DSCP Premark    No   59     0     0   Green             1        1
 68     DSCP Premark    No   60     0     0   Green             1        1
 69     DSCP Premark    No   61     0     0   Green             1        1
 70     DSCP Premark    No   62     0     0   Green             1        1
 71     DSCP Premark    No   63     0     0   Green             1        1
 72     None            No    0     0     0   Green             0        1
 73     CPU Egress      Yes   0     1     1   Green             1        1
 74     CPU Egress      Yes   0     2     2   Green             1        1
 75     CPU Egress      Yes   0     3     3   Green             1        1
 76     CPU Egress      Yes   0     4     4   Green             1        1
 77     CPU Egress      Yes   0     5     5   Green             1        1
 78     CPU Egress      Yes   0     6     6   Green             1        1
 79     CPU Egress      Yes   0     7     7   Green             1        1
 80     Multiple        Yes   0     2     0   Green            58        1
 81     None            No    0     0     0   Green             0        0
 82     None            No    0     0     0   Green             0        0
 83     None            No    0     0     0   Green             0        0
 84     None            No    0     0     0   Green             0        0
 85     None            No    0     0     0   Green             0        0
 86     None            No    0     0     0   Green             0        0
 87     None            No    0     0     0   Green             0        0
 88     None            No    0     0     0   Green             0        0
 89     None            No    0     0     0   Green             0        0
 90     None            No    0     0     0   Green             0        0
 91     None            No    0     0     0   Green             0        0
 92     None            No    0     0     0   Green             0        0
 93     None            No    0     0     0   Green             0        0
 94     None            No    0     0     0   Green             0        0
 95     None            No    0     0     0   Green             0        0
 96     None            No    0     0     0   Green             0        0
 97     None            No    0     0     0   Green             0        0
 98     None            No    0     0     0   Green             0        0
 99     None            No    0     0     0   Green             0        0
100     None            No    0     0     0   Green             0        0
101     None            No    0     0     0   Green             0        0
102     None            No    0     0     0   Green             0        0
103     None            No    0     0     0   Green             0        0
104     None            No    0     0     0   Green             0        0
105     None            No    0     0     0   Green             0        0
106     None            No    0     0     0   Green             0        0
107     None            No    0     0     0   Green             0        0
108     None            No    0     0     0   Green             0        0
109     None            No    0     0     0   Green             0        0
110     None            No    0     0     0   Green             0        0
111     None            No    0     0     0   Green             0        0
112     None            No    0     0     0   Green             0        0
113     None            No    0     0     0   Green             0        0
114     None            No    0     0     0   Green             0        0
115     None            No    0     0     0   Green             0        0
116     None            No    0     0     0   Green             0        0
117     None            No    0     0     0   Green             0        0
118     None            No    0     0     0   Green             0        0
119     None            No    0     0     0   Green             0        0
120     None            No    0     0     0   Green             0        0
121     None            No    0     0     0   Green             0        0
122     None            No    0     0     0   Green             0        0
123     None            No    0     0     0   Green             0        0
124     None            No    0     0     0   Green             0        0
125     None            No    0     0     0   Green             0        0
126     None            No    0     0     0   Green             0        0
127     None            No    0     0     0   Green             0        0
awplus#
[if ] interface port2.0.2
awplus(config-if)#
[arm on default port2.0.2] dos ipoptions action shutdown
awplus(config-if)#
=== show dos interface port2.0.2 ===
show dos interface port2.0.2

DoS settings for interface port2.0.2
-----------------------------------------
Port status         : Enabled
ipoptions           : Enabled
   Action           : Shutdown port
   Attacks detected : 0
land                : Disabled
ping-of-death       : Disabled
smurf               : Disabled
synflood            : Disabled
teardrop            : Disabled
awplus#
disarmed port2.0.2
