
===== opened /dev/u3 at 2026-09-29 13:41:15 =====

IE520-sa#
IE520-sa#
>>> terminal length 0
terminal length 0
IE520-sa#
>>> terminal no monitor
terminal no monitor
IE520-sa#
>>> show boot
show boot
Boot configuration
--------------------------------------------------------------------------------
Current software   : IE520-tb470.rel 
Current boot image : flash:/IE520-tb470.rel (file exists)
Backup  boot image : Not set 
Default boot config: flash:/default.cfg
Current boot config: flash:/swi_b_9001_33234.cfg (file exists)
Backup  boot config: Not set 
Autoboot status    : disabled
Boot Security Level: none

IE520-sa#
>>> dir
dir
      2113 -rw- Sep 29 2026 00:40:28  swi_b_9001_33234.cfg
       448 drwx Sep 28 2026 23:58:00  [01;34mlog/[0m
      2112 -rw- Sep 24 2026 22:27:31  tb470-bench.cfg
       162 -rw- Sep 24 2026 21:19:03  default.cfg
  40067111 -rw- Sep 22 2026 20:56:48  IE520-tb470.rel
   3846144 -rw- Feb 20 2000 11:34:36  awplus-gui_999_99.gui
IE520-sa#
>>> configure terminal
configure terminal
Enter configuration commands, one per line.  End with CNTL/Z.
IE520-sa(config)#
>>> boot config-file flash:/tb470-bench.cfg
boot config-file flash:/tb470-bench.cfg
IE520-sa(config)#
>>> end
end
IE520-sa#
>>> delete force swi_b_9001_33234.cfg
delete force swi_b_9001_33234.cfg
Deleting...
Successful operation
IE520-sa#
>>> show boot
show boot
Boot configuration
--------------------------------------------------------------------------------
Current software   : IE520-tb470.rel 
Current boot image : flash:/IE520-tb470.rel (file exists)
Backup  boot image : Not set 
Default boot config: flash:/default.cfg
Current boot config: flash:/tb470-bench.cfg (file exists)
Backup  boot config: Not set 
Autoboot status    : disabled
Boot Security Level: none

IE520-sa#
>>> dir
dir
       448 drwx Sep 28 2026 23:58:00  [01;34mlog/[0m
      2112 -rw- Sep 24 2026 22:27:31  tb470-bench.cfg
       162 -rw- Sep 24 2026 21:19:03  default.cfg
  40067111 -rw- Sep 22 2026 20:56:48  IE520-tb470.rel
   3846144 -rw- Feb 20 2000 11:34:36  awplus-gui_999_99.gui
IE520-sa#
>>> show running-config | include boot|scada
show running-config | include boot|scada
IE520-sa#
>>> 

IE520-sa#
>>> terminal no monitor
terminal no monitor
IE520-sa#
===== closed /dev/u3 at 2026-09-29 13:41:32 =====
