
===== opened /dev/u1 at 2026-09-29 13:41:15 =====

4050-5g#
4050-5g#
>>> terminal length 0
terminal length 0
4050-5g#
>>> terminal no monitor
terminal no monitor
4050-5g#
>>> show boot
show boot
Boot configuration
--------------------------------------------------------------------------------
Current software   : AR4050S-tb470.rel 
Current boot image : flash:/AR4050S-tb470.rel (file exists)
Backup  boot image : Not set 
Default boot config: flash:/default.cfg
Current boot config: flash:/swi_e_9001_33234.cfg (file exists)
Backup  boot config: Not set 
Autoboot status    : disabled
Boot Security Level: none

4050-5g#
>>> dir
dir
      1612 -rw- Sep 29 2026 13:39:44  swi_e_9001_33234.cfg
      1611 -rw- Sep 25 2026 10:38:34  tb470-bench.cfg
       858 -rw- Sep 25 2026 10:23:13  default.cfg
  67389547 -rw- Sep 25 2026 10:22:24  AR4050S-tb470.rel
      4096 drwx Jun 15 2026 13:29:09  [01;34mgui-userdata/[0m
4050-5g#
>>> configure terminal
configure terminal
Enter configuration commands, one per line.  End with CNTL/Z.
4050-5g(config)#
>>> boot config-file flash:/tb470-bench.cfg
boot config-file flash:/tb470-bench.cfg
4050-5g(config)#
>>> end
end
4050-5g#
>>> delete force swi_e_9001_33234.cfg
delete force swi_e_9001_33234.cfg
Deleting...
Successful operation
4050-5g#
>>> show boot
show boot
Boot configuration
--------------------------------------------------------------------------------
Current software   : AR4050S-tb470.rel 
Current boot image : flash:/AR4050S-tb470.rel (file exists)
Backup  boot image : Not set 
Default boot config: flash:/default.cfg
Current boot config: flash:/tb470-bench.cfg (file exists)
Backup  boot config: Not set 
Autoboot status    : disabled
Boot Security Level: none

4050-5g#
>>> dir
dir
      1611 -rw- Sep 25 2026 10:38:34  tb470-bench.cfg
       858 -rw- Sep 25 2026 10:23:13  default.cfg
  67389547 -rw- Sep 25 2026 10:22:24  AR4050S-tb470.rel
      4096 drwx Jun 15 2026 13:29:09  [01;34mgui-userdata/[0m
4050-5g#
>>> show running-config | include boot|scada
show running-config | include boot|scada
4050-5g#
>>> 

4050-5g#
>>> terminal no monitor
terminal no monitor
4050-5g#
===== closed /dev/u1 at 2026-09-29 13:41:31 =====
