
===== opened /dev/u5 at 2026-09-29 09:03:27 =====

IE520-stk login: manager
Password: 
AlliedWare Plus (TM) 0.0.0 09/22/26 14:25:56

IE520-stk>enable
IE520-stk#
IE520-stk#
>>> terminal length 0
terminal length 0
IE520-stk#
>>> terminal no monitor
terminal no monitor
IE520-stk#
>>> show stack | include Ready|Master|Backup
show stack | include Ready|Master|Backup
1    -           84e3.2787.0ac0     128       Ready   Backup Member
3    -           84e3.2787.0740     128       Ready   Active Master
4    -           84e3.2787.09c0     128       Ready   Backup Member
IE520-stk#
>>> show boot | include Current boot config
show boot | include Current boot config
Current boot config: flash:/stk_a_9001_33234.cfg (file exists)
IE520-stk#
>>> 

IE520-stk#
>>> terminal no monitor
terminal no monitor
IE520-stk#
===== closed /dev/u5 at 2026-09-29 09:03:38 =====
