
===== opened /dev/u0 at 2026-09-29 13:41:15 =====

x230-10GP#
x230-10GP#
>>> terminal length 0
terminal length 0
x230-10GP#
>>> terminal no monitor
terminal no monitor
x230-10GP#
>>> show boot
show boot
Boot configuration
--------------------------------------------------------------------------------
Current software   : x230-tb470.rel 
Current boot image : flash:/x230-tb470.rel (file exists)
Backup  boot image : Not set 
Default boot config: flash:/default.cfg
Current boot config: flash:/swi_f_9001_33234.cfg (file exists)
Backup  boot config: Not set 
Autoboot status    : disabled
Boot Security Level: none

x230-10GP#
>>> dir
dir
      1182 -rw- Sep 29 2026 00:39:31  swi_f_9001_33234.cfg
         0 drwx Sep 28 2026 22:51:01  [01;34mlog/[0m
      1269 -rw- Sep 27 2026 18:53:21  tb470-bench.cfg
       162 -rw- Sep 24 2026 19:49:39  default.cfg
  25785296 -rw- Sep 21 2026 05:08:14  x230-tb470.rel
x230-10GP#
>>> configure terminal
configure terminal
Enter configuration commands, one per line.  End with CNTL/Z.
x230-10GP(config)#
>>> boot config-file flash:/tb470-bench.cfg
boot config-file flash:/tb470-bench.cfg
x230-10GP(config)#
>>> end
end
x230-10GP#
>>> delete force swi_f_9001_33234.cfg
delete force swi_f_9001_33234.cfg
Deleting...
Successful operation
x230-10GP#
>>> show boot
show boot
Boot configuration
--------------------------------------------------------------------------------
Current software   : x230-tb470.rel 
Current boot image : flash:/x230-tb470.rel (file exists)
Backup  boot image : Not set 
Default boot config: flash:/default.cfg
Current boot config: flash:/tb470-bench.cfg (file exists)
Backup  boot config: Not set 
Autoboot status    : disabled
Boot Security Level: none

x230-10GP#
>>> dir
dir
         0 drwx Sep 28 2026 22:51:01  [01;34mlog/[0m
      1269 -rw- Sep 27 2026 18:53:21  tb470-bench.cfg
       162 -rw- Sep 24 2026 19:49:39  default.cfg
  25785296 -rw- Sep 21 2026 05:08:14  x230-tb470.rel
x230-10GP#
>>> show running-config | include boot|scada
show running-config | include boot|scada
x230-10GP#
>>> 

x230-10GP#
>>> terminal no monitor
terminal no monitor
x230-10GP#
===== closed /dev/u0 at 2026-09-29 13:41:33 =====
