
===== opened /dev/u5 at 2026-09-29 13:41:15 =====

IE520-stk#
IE520-stk#
>>> terminal length 0
terminal length 0
IE520-stk#
>>> terminal no monitor
terminal no monitor
IE520-stk#
>>> show boot
show boot
Boot configuration
--------------------------------------------------------------------------------
Current software   : IE520-tb470.rel 
Current boot image : flash:/IE520-tb470.rel (file exists)
Backup  boot image : Not set 
Default boot config: flash:/default.cfg
Current boot config: flash:/stk_a_9001_33234.cfg (file exists)
Backup  boot config: Not set 
Autoboot status    : disabled
Boot Security Level: none

IE520-stk#
>>> dir
dir
      2723 -rw- Sep 29 2026 00:40:29  stk_a_9001_33234.cfg
       448 drwx Sep 28 2026 23:42:05  [01;34mlog/[0m
      2722 -rw- Sep 24 2026 22:33:49  tb470-bench.cfg
       330 -rw- Sep 24 2026 21:19:12  default.cfg
  40067111 -rw- Sep 22 2026 20:56:49  IE520-tb470.rel
       376 drwx Sep 04 2026 01:08:01  [01;34mgui-userdata/[0m
   3846144 -rw- Feb 20 2000 11:34:36  awplus-gui_999_99.gui
IE520-stk#
>>> configure terminal
configure terminal
Enter configuration commands, one per line.  End with CNTL/Z.
IE520-stk(config)#
>>> boot config-file flash:/tb470-bench.cfg
boot config-file flash:/tb470-bench.cfg
Synchronizing file across the stack, please wait...
File synchronization with stack member 4 successfully completed
File synchronization with stack member 1 successfully completed
[DONE]
IE520-stk(config)#
>>> end
end
IE520-stk#
>>> delete force stk_a_9001_33234.cfg
delete force stk_a_9001_33234.cfg
Deleting...
Successful operation
IE520-stk#
>>> show boot
show boot
Boot configuration
--------------------------------------------------------------------------------
Current software   : IE520-tb470.rel 
Current boot image : flash:/IE520-tb470.rel (file exists)
Backup  boot image : Not set 
Default boot config: flash:/default.cfg
Current boot config: flash:/tb470-bench.cfg (file exists)
Backup  boot config: Not set 
Autoboot status    : disabled
Boot Security Level: none

IE520-stk#
>>> dir
dir
       448 drwx Sep 28 2026 23:42:05  [01;34mlog/[0m
      2722 -rw- Sep 24 2026 22:33:49  tb470-bench.cfg
       330 -rw- Sep 24 2026 21:19:12  default.cfg
  40067111 -rw- Sep 22 2026 20:56:49  IE520-tb470.rel
       376 drwx Sep 04 2026 01:08:01  [01;34mgui-userdata/[0m
   3846144 -rw- Feb 20 2000 11:34:36  awplus-gui_999_99.gui
IE520-stk#
>>> show running-config | include boot|scada
show running-config | include boot|scada
IE520-stk#
>>> 

IE520-stk#
>>> terminal no monitor
terminal no monitor
IE520-stk#
===== closed /dev/u5 at 2026-09-29 13:41:35 =====
