1790733722.794 15:02:02 >>> write memory
write memory
Building configuration...
[OK]
IE520-sa#
1790733723.597 15:02:03 >>> show mrp ring
show mrp ring
Media Redundancy Protocol - Ring Information
MRP Ring 1
 Domain ID:                           ffffffff-ffff-ffff-ffff-ffffffffffff
 Domain Name:                         
 Ring Status:                         Enabled
 Running State:                       Running
 Role:                                Client
 Port1:                               port1.0.13
  Status:                             Forwarding
 Port2:                               port1.0.26
  Status:                             Forwarding
 Vlan ID:
 Profile:                             200ms
  Link Down Interval:                 20ms
  Link Up Interval:                   20ms
  Link Change Count:                  4
  Blocked port state supported:       Yes

IE520-sa#
1790733724.399 15:02:04 >>> show interface port1.0.13,port1.0.26 status
show interface port1.0.13,port1.0.26 status
Port        Name               Status      Vlan      Duplex Speed   Type        
--------------------------------------------------------------------------------
port1.0.13  -                  connected           1 a-full a-1000  10GBASE-TM  
port1.0.26  -                  connected           1 a-full a-1000  1000BASE-SX 

IE520-sa#
