TEST 11724 -- PIM-SMv6 - Multiple hosts joining different groups
===========================================================================
Run:    2026-09-24 (device clock 2026-09-24 ~03:05-03:10 UTC), tb470
Build:  awplus_main-20260923-20
DUT:    IE520 3-member VCStack "IE520-stk", sole PIM-SMv6 router and RP
Setup:  as 38144.log (same session): source eth3 -> port3.0.9 vlan30 (RP fd32:b1f0:dff8:d703::10);
        receiver eth1 -> port3.0.13 vlan20; receiver eth2 -> IE520-sa -> sa3 -> vlan1.
        Receivers are tb470 kernel MLDv2 joins; sources are 20 frames each from eth3;
        counts are taken on the wire. Baseline with multicast routing off: 0/20 on both
        receivers (38144.log).
        (Replaces the 2026-09-22 UNMEASURED "needs more hosts".)

VERDICT: PASS -- each client receives only the group it joined.

  eth1 joined ff1e::1:201, eth2 joined ff1e::1:202.
  Source 1 fd32:b1f0:dff8:d703::1 -> ff1e::1:201, source 2 fd32:b1f0:dff8:d703::2 -> ff1e::1:202.

STEP 1 -- "Individual clients join those different groups" -> "should not receive traffic
          from other group"
STEP 2 -- "Transmit multicast packet to 2 client groups" -> "each client should receive
          traffic belong to each group"
      stream                      eth1 (vlan20)   eth2 (vlan1)
      ff1e::1:201 from S1           20/20           0/20
      ff1e::1:202 from S2            0/20          20/20

      show ipv6 mld groups:  ff1e::1:201 on vlan20 (port3.0.13); ff1e::1:202 on vlan1 (sa3)
      show ipv6 mroute:
        (fd32:b1f0:dff8:d703::1, ff1e::1:201) PIM-SMv6 TF  in vlan30  out vlan20
        (fd32:b1f0:dff8:d703::2, ff1e::1:202) PIM-SMv6 TF  in vlan30  out vlan1
