TEST 3112 -- BGP4+ Establish peer and create prefixlist
===========================================================================
Run: 2026-09-22 14:55:12  tb470
Peer: AR4050S, AS 65002, over the vlan10 transit 2001:db8:10::1 <-> ::2.

show bgp ipv6 summary
BGP router identifier 10.10.10.1, local AS number 65001
BGP table version is 1
0 BGP AS-PATH entries
0 BGP community entries

Neighbor        V         AS   MsgRc  MsgSnt TblVer InOutQ Up/Down State/PfxRcd
2001:db8:10::2  4      65002      17      16      1 0/0    00:04:24        0

Number of neighbors 1
IE520-stk#--- session state ---
    2001:db8:10::2  4      65002      17      16      1 0/0    00:04:24        0
    => BGP connection open to the peer: True

--- create and apply an IPv6 prefix-list ---
configure terminal
Enter configuration commands, one per line.  End with CNTL/Z.
IE520-stk(config)#ipv6 prefix-list PL-OUT seq 5 permit 2001:db8:aaaa::/48
IE520-stk(config)#ipv6 prefix-list PL-OUT seq 10 deny ::/0 le 128
IE520-stk(config)#router bgp 65001
IE520-stk(config-router)#address-family ipv6
IE520-stk(config-router-af)#neighbor 2001:db8:10::2 prefix-list PL-OUT out
IE520-stk(config-router-af)#exit-address-family
IE520-stk(config-router)#exit
IE520-stk(config)#end
IE520-stk#    config: ok
show ipv6 prefix-list PL-OUT
ipv6 prefix-list PL-OUT: 2 entries
     seq 5 permit 2001:db8:aaaa::/48
     seq 10 deny ::/0 le 128
IE520-stk#    ipv6 prefix-list PL-OUT: 2 entries
    seq 5 permit 2001:db8:aaaa::/48
    seq 10 deny ::/0 le 128
show running-config | include prefix-list PL-OUT
  neighbor 2001:db8:10::2 prefix-list PL-OUT out
ipv6 prefix-list PL-OUT seq 5 permit 2001:db8:aaaa::/48
ipv6 prefix-list PL-OUT seq 10 deny ::/0 le 128
IE520-stk#    neighbor 2001:db8:10::2 prefix-list PL-OUT out
    ipv6 prefix-list PL-OUT seq 5 permit 2001:db8:aaaa::/48
    ipv6 prefix-list PL-OUT seq 10 deny ::/0 le 128

VERDICT: PASS -- peer established and an outbound prefix-list is applied to it

SCOPE: the case's 'not many routes will be transferred' is satisfied trivially
here -- neither side originates IPv6 prefixes, so PfxRcd is 0. The prefix-list
is proven CONFIGURED and BOUND to the neighbour; filtering it against a real
advertisement set is covered by 3111 below, which does originate a route.
