TEST 3116 -- BGPv4 - Unicast Traffic
===========================================================================
Run: 2026-09-22, tb470

VERDICT: SKIPPED -- Terrence's ruling, 2026-09-23 ("skip 38148, 24032, 3116, 12067 and
         8770", SESSION-HANDOVER-2026-09-23.md); applied to this log 2026-09-28.
         Originally recorded UNMEASURED, as below.
         NOTE 2026-09-28: the line-rate limit below no longer holds -- tcpreplay on tb470
         sends ~983 Mbps per NIC (2026-09-24). Reopening is Terrence's call
         (CAMPAIGN-QUEUE-2026-09-24.md I-19 / plan A.3).
ORIGINAL VERDICT (2026-09-22): UNMEASURED -- BENCH LIMIT, not a product or scope issue.

The case's assertion is a RATE one: "Run background unicast traffic ... Line
rate traffic is achieved as expected."

This harness injects with scapy at ~26 Mbps -- 2.6% of a gigabit port -- so
"line rate is achieved" cannot be demonstrated or refuted. Counting packets at
low offered load would show 10/10 and prove nothing about line rate.

WHAT IS PROVEN ELSEWHERE: the BGP4+ session itself is established and stable
across disconnect/reconnect (T3114, 3/3) and carries a default route end to end
with the peer installing it (T3111). So the control plane this case rides on is
demonstrated; only the throughput claim is out of reach.

TO UNBLOCK: a line-rate traffic generator -- the same requirement as QoS
13549/13553, switching 12067, and the guest-VLAN rate cases.
