TEST 38427 -- IPv6 - OSPFv3 - Hardware routing
===========================================================================
Run: 2026-09-22 15:09:46  tb470
The case has NO STEPS in ck.db. Tested as the title states: a prefix learned
by OSPFv3 must be installed in the IPv6 route table and programmed into
hardware forwarding, not just held in the protocol database.

--- originate a prefix into OSPFv3 from the PEER so the DUT must learn it ---
    peer config: [('ipv6 router ospf area 0', ["% Invalid input detected at '^' marker."])]
show ipv6 route ospf

Gateway of last resort is not set
No entries in route table
IE520-stk#--- DUT: show ipv6 route ospf ---
    Gateway of last resort is not set
    No entries in route table
    => OSPFv3 route learned: False

show platform table ipv6route
                                  ^
% Invalid input detected at '^' marker.

IE520-stk#--- hardware forwarding table (show platform table ipv6route) ---
    command supported: False

VERDICT: see route table above

=== RETRY: originate via a real VLAN + redistribute connected ===
The peer's loopback refused `ipv6 router ospf area 0`, so the prefix is
originated from an addressed VLAN interface instead.
    peer config: [('ipv6 address 2001:db8:427::1/64', ['% 2001:db8:427::1 overlaps with lo'])]
show ipv6 route
Codes: C - connected, S - static, R - RIP, B - BGP
       O - OSPF, D - DHCP, IA - OSPF inter area
       N1 - OSPF NSSA external type 1, N2 - OSPF NSSA external type 2
       E1 - OSPF external type 1, E2 - OSPF external type 2
       i - IS-IS, L1 - IS-IS level 1, L2 - IS-IS level 2, ia - IS-IS inter area

C       2001:db8:10::/64 is directly connected, vlan10
O E2    2001:db8:427::/64 [110/20] via fe80::200:cdff:fe40:394, vlan10, 00:02:01
C       fe80::/64 is directly connected, vlan10
C       fe80::/64 is directly connected, vlan1
IE520-stk#--- DUT: show ipv6 route (OSPFv3 entries marked O) ---
    Codes: C - connected, S - static, R - RIP, B - BGP
    O - OSPF, D - DHCP, IA - OSPF inter area
    N1 - OSPF NSSA external type 1, N2 - OSPF NSSA external type 2
    E1 - OSPF external type 1, E2 - OSPF external type 2
    i - IS-IS, L1 - IS-IS level 1, L2 - IS-IS level 2, ia - IS-IS inter area
    C       2001:db8:10::/64 is directly connected, vlan10
    O E2    2001:db8:427::/64 [110/20] via fe80::200:cdff:fe40:394, vlan10, 00:02:01
    C       fe80::/64 is directly connected, vlan10
    C       fe80::/64 is directly connected, vlan1
    => OSPFv3-learned prefix present: True

show platform table ipv6

Stack member 1:

[Instance 0] 
IPv6 Unicast Route Table:
--------------------------------------------------------------------------------
RE-Idx               IP address/prefLen    Route-Entry   EnCap Dev Port Tr VID
--------------------------------------------------------------------------------
0                                ::/  0 *  trap to cpu  *  -    -   -    -  -
2                     2001:db8:10::/ 64 *  trap to cpu  *  -    -   -    -  -
6                    2001:db8:10::2/128 0000.cd40.0394     LL     - -    12710  
2                    2001:db8:427::/ 64 *  trap to cpu  *  -    -   -    -  -
2                            fe80::/ 64 *  trap to cpu  *  -    -   -    -  -

Stack member 2:

[Instance 1] 
IPv6 Unicast Route Table:
--------------------------------------------------------------------------------
RE-Idx               IP address/prefLen    Route-Entry   EnCap Dev Port Tr VID
--------------------------------------------------------------------------------
0                                ::/  0 *  trap to cpu  *  -    -   -    -  -
2                     2001:db8:10::/ 64 *  trap to cpu  *  -    -   -    -  -
6                    2001:db8:10::2/128 0000.cd40.0394     LL     - -    12710  
2                    2001:db8:427::/ 64 *  trap to cpu  *  -    -   -    -  -
2                            fe80::/ 64 *  trap to cpu  *  -    -   -    -  -

Stack member 3:

[Instance 2] 
IPv6 Unicast Route Table:
--------------------------------------------------------------------------------
RE-Idx               IP address/prefLen    Route-Entry   EnCap Dev Port Tr VID
--------------------------------------------------------------------------------
0                                ::/  0 *  trap to cpu  *  -    -   -    -  -
2                     2001:db8:10::/ 64 *  trap to cpu  *  -    -   -    -  -
6                    2001:db8:10::2/128 0000.cd40.0394     LL     - -    12710  
2                    2001:db8:427::/ 64 *  trap to cpu  *  -    -   -    -  -
2                            fe80::/ 64 *  trap to cpu  *  -    -   -    -  -

Stack member 4:

[Instance 3] 
IPv6 Unicast Route Table:
--------------------------------------------------------------------------------
RE-Idx               IP address/prefLen    Route-Entry   EnCap Dev Port Tr VID
--------------------------------------------------------------------------------
0                                ::/  0 *  trap to cpu  *  -    -   -    -  -
2                     2001:db8:10::/ 64 *  trap to cpu  *  -    -   -    -  -
6                    2001:db8:10::2/128 0000.cd40.0394     LL     - -    12710  
2                    2001:db8:427::/ 64 *  trap to cpu  *  -    -   -    -  -
2                            fe80::/ 64 *  trap to cpu  *  -    -   -    -  -
IE520-stk#--- show platform table ipv6 [ok] ---
    Stack member 1:
    [Instance 0]
    IPv6 Unicast Route Table:
    --------------------------------------------------------------------------------
show ipv6 route summary
IPv6 routing table name is Default-IPv6-Routing-Table(0)
IPv6 routing table maximum-paths is 4
Route Source    Networks
connected       2
ospf            1
Total           3
FIB             1
IE520-stk#--- show ipv6 route summary [ok] ---
    IPv6 routing table name is Default-IPv6-Routing-Table(0)
    IPv6 routing table maximum-paths is 4
    Route Source    Networks
    connected       2
    ospf            1
    Total           3

VERDICT: PASS -- a prefix learned by OSPFv3 is installed in the DUT's IPv6 route table

NOTE: `show platform table ipv6route` is not a command on this build, so the
hardware-table half of the title could not be read directly even if a prefix
had been learned.
