
===== opened /dev/u5 at 2026-09-22 13:54:16 =====

IE520-stk#
>>> terminal length 0
terminal length 0
IE520-stk#
>>> terminal no monitor
terminal no monitor
IE520-stk#
>>> terminal length 0
terminal length 0
IE520-stk#
>>> configure terminal
configure terminal
Enter configuration commands, one per line.  End with CNTL/Z.
IE520-stk(config)#
>>> interface vlan10
interface vlan10
IE520-stk(config-if)#
>>> ipv6 ospf area 0
ipv6 ospf area 0
                                ^
% Invalid input detected at '^' marker.

IE520-stk(config-if)#
>>> end
end
IE520-stk#
>>> configure terminal
configure terminal
Enter configuration commands, one per line.  End with CNTL/Z.
IE520-stk(config)#
>>> interface vlan10
interface vlan10
IE520-stk(config-if)#
>>> ipv6 ospf 1 area 0
ipv6 ospf 1 area 0
                               ^
% Invalid input detected at '^' marker.

IE520-stk(config-if)#
>>> end
end
IE520-stk#
>>> configure terminal
configure terminal
Enter configuration commands, one per line.  End with CNTL/Z.
IE520-stk(config)#
>>> interface vlan10
interface vlan10
IE520-stk(config-if)#
>>> ipv6 ospf area 0.0.0.0
ipv6 ospf area 0.0.0.0
                                ^
% Invalid input detected at '^' marker.

IE520-stk(config-if)#
>>> end
end
IE520-stk#
>>> show running-config interface vlan10
show running-config interface vlan10
!
interface vlan10
 ip address 10.10.10.1/27
 ipv6 address 2001:db8:10::1/64
 ipv6 enable
!
IE520-stk#
>>> show ipv6 ospf interface vlan10
show ipv6 ospf interface vlan10


IE520-stk#
>>> show ipv6 ospf neighbor
show ipv6 ospf neighbor
OSPFv3 Process (*null*)
Neighbor ID     Pri   State           Dead Time   Interface  Instance ID
IE520-stk#