
===== opened /dev/u1 at 2026-09-22 14:47:44 =====


4050-5g#
4050-5g#
--- prompt seen at open: '\r\r\n\r\n4050-5g#\r\r\n4050-5g#' ---

>>> terminal length 0
terminal length 0
4050-5g#
>>> configure terminal
configure terminal
Enter configuration commands, one per line.  End with CNTL/Z.
4050-5g(config)#
>>> service bgp
service bgp
                        ^
% Invalid input detected at '^' marker.

4050-5g(config)#
>>> router bgp 65002
router bgp 65002
4050-5g(config-router)#
>>> bgp router-id 10.10.10.2
bgp router-id 10.10.10.2
4050-5g(config-router)#
>>> neighbor 2001:db8:10::1 remote-as 65001
neighbor 2001:db8:10::1 remote-as 65001
4050-5g(config-router)#
>>> address-family ipv6
address-family ipv6
4050-5g(config-router-af)#
>>> neighbor 2001:db8:10::1 activate
neighbor 2001:db8:10::1 activate
4050-5g(config-router-af)#
>>> exit-address-family
exit-address-family
4050-5g(config-router)#
>>> exit
exit
4050-5g(config)#
>>> end
end
4050-5g#
>>> show running-config | include router bgp|neighbor|address-family
show running-config | include router bgp|neighbor|address-family
router bgp 65002
 neighbor 2001:db8:10::1 remote-as 65001
 address-family ipv6
  neighbor 2001:db8:10::1 activate
 exit-address-family
4050-5g#