
===== opened /dev/u5 at 2026-09-22 14:13:57 =====

IE520-stk#
>>> terminal length 0
terminal length 0
IE520-stk#
>>> terminal no monitor
terminal no monitor
IE520-stk#
>>> terminal length 0
terminal length 0
IE520-stk#
>>> configure terminal
configure terminal
Enter configuration commands, one per line.  End with CNTL/Z.
IE520-stk(config)#
>>> router ipv6 ospf
router ipv6 ospf
IE520-stk(config-router)#
>>> router-id 10.10.10.1
router-id 10.10.10.1
IE520-stk(config-router)#
>>> exit
exit
IE520-stk(config)#
>>> end
end
IE520-stk#
>>> configure terminal
configure terminal
Enter configuration commands, one per line.  End with CNTL/Z.
IE520-stk(config)#
>>> interface vlan10
interface vlan10
IE520-stk(config-if)#
>>> ipv6 router ospf area 0
ipv6 router ospf area 0
IE520-stk(config-if)#
>>> exit
exit
IE520-stk(config)#
>>> end
end
IE520-stk#
>>> show ipv6 ospf neighbor
show ipv6 ospf neighbor
OSPFv3 Process (*null*)
Neighbor ID     Pri   State           Dead Time   Interface  Instance ID
IE520-stk#
>>> show ipv6 ospf interface vlan10
show ipv6 ospf interface vlan10
vlan10 is up, line protocol is up
  Interface ID 310
  IPv6 Prefixes
    fe80::200:cdff:fe37:d6f/64 (Link-Local Address)
    2001:db8:10::1/64

  OSPFv3 Process (*null*), Area 0.0.0.0, Instance ID 0
    Router ID 10.10.10.1, Network Type BROADCAST, Cost: 1
    Transmit Delay is 1 sec, State DR, Priority 1
    Interface state DR
    Designated Router (ID) 10.10.10.1
      Interface Address fe80::200:cdff:fe37:d6f
    No backup designated router on this link
    Timer interval configured, Hello 10, Dead 40, Wait 40, Retransmit 5
      Hello due in 00:00:07
    Neighbor Count is 0, Adjacent neighbor count is 0
IE520-stk#