
===== opened /dev/u5 at 2026-09-22 13:34:15 =====

IE520-stk#
>>> terminal length 0
terminal length 0
IE520-stk#
>>> terminal no monitor
terminal no monitor
IE520-stk#
>>> terminal length 0
terminal length 0
IE520-stk#
>>> show running-config | include ospf
show running-config | include ospf
no service ospf
service ospf6
IE520-stk#
>>> configure terminal
configure terminal
Enter configuration commands, one per line.  End with CNTL/Z.
IE520-stk(config)#
>>> ipv6 router ospf 1
ipv6 router ospf 1
                            ^
% Invalid input detected at '^' marker.

IE520-stk(config)#
>>> end
end
IE520-stk#