
===== opened /dev/u5 at 2026-09-22 15:17:03 =====

IE520-stk#
>>> terminal length 0
terminal length 0
IE520-stk#
>>> terminal no monitor
terminal no monitor
IE520-stk#
>>> terminal length 0
terminal length 0
IE520-stk#
>>> show ipv6 route
show ipv6 route
Codes: C - connected, S - static, R - RIP, B - BGP
       O - OSPF, D - DHCP, IA - OSPF inter area
       N1 - OSPF NSSA external type 1, N2 - OSPF NSSA external type 2
       E1 - OSPF external type 1, E2 - OSPF external type 2
       i - IS-IS, L1 - IS-IS level 1, L2 - IS-IS level 2, ia - IS-IS inter area

C       2001:db8:10::/64 is directly connected, vlan10
O E2    2001:db8:427::/64 [110/20] via fe80::200:cdff:fe40:394, vlan10, 00:02:01
C       fe80::/64 is directly connected, vlan10
C       fe80::/64 is directly connected, vlan1
IE520-stk#
>>> show platform table ipv6
show platform table ipv6

Stack member 1:

[Instance 0] 
IPv6 Unicast Route Table:
--------------------------------------------------------------------------------
RE-Idx               IP address/prefLen    Route-Entry   EnCap Dev Port Tr VID
--------------------------------------------------------------------------------
0                                ::/  0 *  trap to cpu  *  -    -   -    -  -
2                     2001:db8:10::/ 64 *  trap to cpu  *  -    -   -    -  -
6                    2001:db8:10::2/128 0000.cd40.0394     LL     - -    12710  
2                    2001:db8:427::/ 64 *  trap to cpu  *  -    -   -    -  -
2                            fe80::/ 64 *  trap to cpu  *  -    -   -    -  -

Stack member 2:

[Instance 1] 
IPv6 Unicast Route Table:
--------------------------------------------------------------------------------
RE-Idx               IP address/prefLen    Route-Entry   EnCap Dev Port Tr VID
--------------------------------------------------------------------------------
0                                ::/  0 *  trap to cpu  *  -    -   -    -  -
2                     2001:db8:10::/ 64 *  trap to cpu  *  -    -   -    -  -
6                    2001:db8:10::2/128 0000.cd40.0394     LL     - -    12710  
2                    2001:db8:427::/ 64 *  trap to cpu  *  -    -   -    -  -
2                            fe80::/ 64 *  trap to cpu  *  -    -   -    -  -

Stack member 3:

[Instance 2] 
IPv6 Unicast Route Table:
--------------------------------------------------------------------------------
RE-Idx               IP address/prefLen    Route-Entry   EnCap Dev Port Tr VID
--------------------------------------------------------------------------------
0                                ::/  0 *  trap to cpu  *  -    -   -    -  -
2                     2001:db8:10::/ 64 *  trap to cpu  *  -    -   -    -  -
6                    2001:db8:10::2/128 0000.cd40.0394     LL     - -    12710  
2                    2001:db8:427::/ 64 *  trap to cpu  *  -    -   -    -  -
2                            fe80::/ 64 *  trap to cpu  *  -    -   -    -  -

Stack member 4:

[Instance 3] 
IPv6 Unicast Route Table:
--------------------------------------------------------------------------------
RE-Idx               IP address/prefLen    Route-Entry   EnCap Dev Port Tr VID
--------------------------------------------------------------------------------
0                                ::/  0 *  trap to cpu  *  -    -   -    -  -
2                     2001:db8:10::/ 64 *  trap to cpu  *  -    -   -    -  -
6                    2001:db8:10::2/128 0000.cd40.0394     LL     - -    12710  
2                    2001:db8:427::/ 64 *  trap to cpu  *  -    -   -    -  -
2                            fe80::/ 64 *  trap to cpu  *  -    -   -    -  -
IE520-stk#
>>> show ipv6 route summary
show ipv6 route summary
IPv6 routing table name is Default-IPv6-Routing-Table(0)
IPv6 routing table maximum-paths is 4
Route Source    Networks
connected       2
ospf            1
Total           3
FIB             1
IE520-stk#