
===== opened /dev/u5 at 2026-09-22 15:06:58 =====

IE520-stk#
>>> terminal length 0
terminal length 0
IE520-stk#
>>> terminal no monitor
terminal no monitor
IE520-stk#
>>> terminal length 0
terminal length 0
IE520-stk#
>>> configure terminal
configure terminal
Enter configuration commands, one per line.  End with CNTL/Z.
IE520-stk(config)#
>>> router bgp 65001
router bgp 65001
IE520-stk(config-router)#
>>> address-family ipv6
address-family ipv6
IE520-stk(config-router-af)#
>>> no neighbor 2001:db8:10::2 prefix-list PL-OUT out
no neighbor 2001:db8:10::2 prefix-list PL-OUT out
IE520-stk(config-router-af)#
>>> exit-address-family
exit-address-family
IE520-stk(config-router)#
>>> exit
exit
IE520-stk(config)#
>>> end
end
IE520-stk#
>>> show bgp ipv6 neighbors 2001:db8:10::2 advertised-routes
show bgp ipv6 neighbors 2001:db8:10::2 advertised-routes
BGP table version is 3, local router ID is 10.10.10.1
Status codes: s suppressed, d damped, h history, * valid, > best, i - internal
Origin codes: i - IGP, e - EGP, ? - incomplete

   Network          Next Hop            Metric LocPrf Weight Path
*> ::/0             2001:db8:10::1(fe80::200:cdff:fe37:d6f)
                                                  100  32768 i

Number of prefixes 1
IE520-stk#