
===== opened /dev/u5 at 2026-09-22 15:09:42 =====

IE520-stk#
>>> terminal length 0
terminal length 0
IE520-stk#
>>> terminal no monitor
terminal no monitor
IE520-stk#
>>> terminal length 0
terminal length 0
IE520-stk#
>>> show ipv6 route ospf
show ipv6 route ospf

Gateway of last resort is not set
No entries in route table
IE520-stk#
>>> show platform table ipv6route
show platform table ipv6route
                                  ^
% Invalid input detected at '^' marker.

IE520-stk#
>>> configure terminal
configure terminal
Enter configuration commands, one per line.  End with CNTL/Z.
IE520-stk(config)#
>>> router bgp 65001
router bgp 65001
IE520-stk(config-router)#
>>> neighbor 2001:db8:10::2 fall-over bfd
neighbor 2001:db8:10::2 fall-over bfd
IE520-stk(config-router)#
>>> exit
exit
IE520-stk(config)#
>>> end
end
IE520-stk#
>>> show bfd session
show bfd session
                   ^
% Invalid input detected at '^' marker.

IE520-stk#