
===== opened /dev/u5 at 2026-09-22 14:06:27 =====

IE520-stk#
>>> terminal length 0
terminal length 0
IE520-stk#
>>> terminal no monitor
terminal no monitor
IE520-stk#
>>> terminal length 0
terminal length 0
IE520-stk#
>>> configure terminal
configure terminal
Enter configuration commands, one per line.  End with CNTL/Z.
IE520-stk(config)#
>>> no router ipv6 ospf V3
no router ipv6 ospf V3
IE520-stk(config)#
>>> end
end
IE520-stk#
>>> configure terminal
configure terminal
Enter configuration commands, one per line.  End with CNTL/Z.
IE520-stk(config)#
>>> service bgp
service bgp
% Incomplete command.

IE520-stk(config)#
>>> end
end
IE520-stk#
>>> configure terminal
configure terminal
Enter configuration commands, one per line.  End with CNTL/Z.
IE520-stk(config)#
>>> router bgp 65001
router bgp 65001
IE520-stk(config-router)#
>>> bgp router-id 10.10.10.1
bgp router-id 10.10.10.1
IE520-stk(config-router)#
>>> neighbor 2001:db8:10::2 remote-as 65002
neighbor 2001:db8:10::2 remote-as 65002
IE520-stk(config-router)#
>>> address-family ipv6
address-family ipv6
IE520-stk(config-router-af)#
>>> neighbor 2001:db8:10::2 activate
neighbor 2001:db8:10::2 activate
IE520-stk(config-router-af)#
>>> exit-address-family
exit-address-family
IE520-stk(config-router)#
>>> exit
exit
IE520-stk(config)#
>>> end
end
IE520-stk#
>>> show bgp ipv6 summary
show bgp ipv6 summary
BGP router identifier 10.10.10.1, local AS number 65001
BGP table version is 1
0 BGP AS-PATH entries
0 BGP community entries

Neighbor        V         AS   MsgRc  MsgSnt TblVer InOutQ Up/Down State/PfxRcd
2001:db8:10::2  4      65002       0       0      0 0/0    never   Connect    

Number of neighbors 1
IE520-stk#