
===== opened /dev/u5 at 2026-09-22 13:59:21 =====

IE520-stk#
>>> terminal length 0
terminal length 0
IE520-stk#
>>> terminal no monitor
terminal no monitor
IE520-stk#
>>> terminal length 0
terminal length 0
IE520-stk#configure terminal
Enter configuration commands, one per line.  End with CNTL/Z.
IE520-stk(config)#router ipv6 ospf
IE520-stk(config-router)#?
Router configuration commands:
  abr-type             Set OSPF ABR type
  area                 OSPFv3 area parameters
  auto-cost            Calculate OSPFv3 interface cost according to bandwidth
  capability           Enable specific OSPF feature
  default-information  Control distribution of default information
  default-metric       Set metric of redistributed routes
  distance             Define an administrative distance
  distribute-list      Filter networks in routing updates
  do                   To run exec commands in config mode
  enable               Enable specific OSPFv3 feature
  exit                 End current mode and down to previous mode
  help                 Description of the interactive help system
  max-concurrent-dd    Maximum number of DD exchanges allowed to be processed
                       concurrently
  no                   Negate a command or set its defaults
  passive-interface    Suppress routing updates on an interface or on all
                       interfaces
  redistribute         Redistribute
  router-id            router-id for the OSPFv3 process
  show                 Show running system information
  summary-address      Configure IPv6 address summaries
  timers               Adjust routing timers

[K[25CIE520-stk(config-router)#

IE520-stk#end
            ^
% Invalid input detected at '^' marker.

IE520-stk#