
===== opened /dev/u5 at 2026-09-22 14:00:01 =====

IE520-stk#
>>> terminal length 0
terminal length 0
IE520-stk#
>>> terminal no monitor
terminal no monitor
IE520-stk#
>>> terminal length 0
terminal length 0
IE520-stk#
>>> configure terminal
configure terminal
Enter configuration commands, one per line.  End with CNTL/Z.
IE520-stk(config)#
>>> router ipv6 ospf
router ipv6 ospf
IE520-stk(config-router)#
>>> interface vlan10 area 0
interface vlan10 area 0
                         ^
% Invalid input detected at '^' marker.

IE520-stk(config-router)#
>>> end
end
IE520-stk#
>>> configure terminal
configure terminal
Enter configuration commands, one per line.  End with CNTL/Z.
IE520-stk(config)#
>>> router ipv6 ospf
router ipv6 ospf
IE520-stk(config-router)#
>>> network 2001:db8:10::/64 area 0
network 2001:db8:10::/64 area 0
                          ^
% Invalid input detected at '^' marker.

IE520-stk(config-router)#
>>> end
end
IE520-stk#
>>> configure terminal
configure terminal
Enter configuration commands, one per line.  End with CNTL/Z.
IE520-stk(config)#
>>> router ipv6 ospf
router ipv6 ospf
IE520-stk(config-router)#
>>> area 0 range 2001:db8:10::/64
area 0 range 2001:db8:10::/64
IE520-stk(config-router)#
>>> exit
exit
IE520-stk(config)#
>>> end
end
IE520-stk#
>>> show running-config | include ospf|interface vlan10 area
show running-config | include ospf|interface vlan10 area
no service ospf
service ospf6
router ipv6 ospf
IE520-stk#
>>> show ipv6 ospf interface vlan10
show ipv6 ospf interface vlan10


IE520-stk#
>>> show ipv6 ospf neighbor
show ipv6 ospf neighbor
OSPFv3 Process (*null*)
Neighbor ID     Pri   State           Dead Time   Interface  Instance ID
IE520-stk#