15:39:10: Waiting for pdu lock
15:39:10: ...lock acquired
15:39:10: (10.36.150.14, 1): status is ON
15:39:10: ...lock released
15:39:12: Waiting for pdu lock
15:39:12: ...lock acquired
15:39:12: (10.36.150.14, 1): status is ON
15:39:12: ...lock released
15:39:12: Waiting for pdu lock
15:39:12: ...lock acquired
15:39:12: (10.36.150.14, 1): status is ON
15:39:12: ...lock released
15:46:20: ========= TestCase 1 Starting =========
15:46:32: ========= TestCase 1 Tear Down =========
15:46:44: ========= TestCase 2 Starting =========
15:46:55: ========= TestCase 2 Tear Down =========
15:47:07: ========= TestCase 10 Starting =========
15:47:31: Waiting for pdu lock
15:47:31: ...lock acquired
15:47:31: (10.36.150.14, 1): status is OFF
15:47:31: ...lock released
15:53:40: ========= TestCase 10 Tear Down =========
15:53:51: ========= TestCase 20 Starting =========
15:55:32: Waiting for pdu lock
15:55:32: ...lock acquired
15:55:32: (10.36.150.14, 1): status is ON
15:55:32: ...lock released
15:59:10: Waiting for pdu lock
15:59:10: ...lock acquired
15:59:10: (10.36.150.14, 1): status is OFF
15:59:10: ...lock released
16:02:26: ========= TestCase 20 Tear Down =========
16:02:43: ========= TestCase 21 Starting =========
16:02:49: ========= TestCase 21 Tear Down =========
16:03:02: ========= TestCase 22 Starting =========
16:04:49: Waiting for pdu lock
16:04:49: ...lock acquired
16:04:49: (10.36.150.14, 1): status is ON
16:04:49: ...lock released
16:08:29: Waiting for pdu lock
16:08:29: ...lock acquired
16:08:30: (10.36.150.14, 1): status is OFF
16:08:30: ...lock released
16:11:48: ========= TestCase 22 Tear Down =========
16:12:04: ========= TestCase 30 Starting =========
16:13:31: Waiting for pdu lock
16:13:31: ...lock acquired
16:13:31: (10.36.150.14, 1): status is ON
16:13:31: ...lock released
16:17:10: ========= TestCase 30 Tear Down =========
16:19:42: ========= TestCase 41 Starting =========
16:19:49: ========= TestCase 41 Tear Down =========
16:20:01: ========= TestCase 42 Starting =========
16:20:27: Waiting for pdu lock
16:20:27: ...lock acquired
16:20:27: (10.36.150.14, 1): status is ON
16:20:27: ...lock released
16:23:57: ========= TestCase 42 Tear Down =========
16:24:16: Waiting for pdu lock
16:24:16: ...lock acquired
16:24:16: (10.36.150.14, 1): status is OFF
16:24:16: ...lock released
16:28:00: ========= TestCase 50 Starting =========
16:30:32: Waiting for pdu lock
16:30:32: ...lock acquired
16:30:32: (10.36.150.14, 1): status is ON
16:30:32: ...lock released
16:37:14: ========= TestCase 50 Tear Down =========
16:37:28: Waiting for pdu lock
16:37:28: ...lock acquired
16:37:28: (10.36.150.14, 1): status is OFF
16:37:28: ...lock released
16:41:01: ========= TestCase 60 Starting =========
16:41:18: Waiting for pdu lock
16:41:18: ...lock acquired
16:41:18: (10.36.150.14, 1): status is ON
16:41:18: ...lock released
16:44:39: Waiting for pdu lock
16:44:39: ...lock acquired
16:44:39: (10.36.150.14, 1): status is ON
16:44:39: ...lock released
16:47:56: ========= TestCase 60 Tear Down =========
16:48:17: Waiting for pdu lock
16:48:17: ...lock acquired
16:48:17: (10.36.150.14, 1): status is OFF
16:48:17: ...lock released
16:51:42: ========= TestCase 61 Starting =========
16:51:49: ========= TestCase 61 Tear Down =========
16:52:02: ========= TestCase 62 Starting =========
16:52:08: Waiting for pdu lock
16:52:08: ...lock acquired
16:52:08: (10.36.150.14, 1): status is ON
16:52:08: ...lock released
16:55:30: ========= TestCase 62 Tear Down =========
16:55:49: Waiting for pdu lock
16:55:49: ...lock acquired
16:55:49: (10.36.150.14, 1): status is OFF
16:55:49: ...lock released
16:59:19: ========= TestCase 70 Starting =========
16:59:26: Waiting for pdu lock
16:59:26: ...lock acquired
16:59:26: (10.36.150.14, 1): status is ON
16:59:26: ...lock released
17:02:53: ========= TestCase 70 Tear Down =========
17:03:06: ========= TestCase 80 Starting =========
17:03:13: Waiting for pdu lock
17:03:13: ...lock acquired
17:03:13: (10.36.150.14, 1): status is ON
17:03:13: ...lock released
17:06:37: ========= TestCase 80 Tear Down =========
17:06:50: ========= TestCase 90 Starting =========
17:07:03: Waiting for pdu lock
17:07:03: ...lock acquired
17:07:03: (10.36.150.14, 1): status is ON
17:07:03: ...lock released
17:10:19: ========= TestCase 90 Tear Down =========
17:10:31: ========= TestCase 100 Starting =========
17:10:41: Waiting for pdu lock
17:10:41: ...lock acquired
17:10:41: (10.36.150.14, 1): status is ON
17:10:41: ...lock released
17:11:18: Waiting for pdu lock
17:11:18: ...lock acquired
17:11:18: (10.36.150.14, 1): status is ON
17:11:18: ...lock released
17:15:39: Waiting for pdu lock
17:15:39: ...lock acquired
17:15:39: (10.36.150.14, 1): status is ON
17:15:39: ...lock released
17:19:09: Waiting for pdu lock
17:19:09: ...lock acquired
17:19:09: (10.36.150.14, 1): status is ON
17:19:09: ...lock released
17:22:33: Waiting for pdu lock
17:22:33: ...lock acquired
17:22:33: (10.36.150.14, 1): status is ON
17:22:33: ...lock released
17:25:58: Waiting for pdu lock
17:25:58: ...lock acquired
17:25:58: (10.36.150.14, 1): status is ON
17:25:58: ...lock released
17:26:47: Waiting for pdu lock
17:26:47: ...lock acquired
17:26:47: (10.36.150.14, 1): status is OFF
17:26:47: ...lock released
17:30:10: ========= TestCase 100 Tear Down =========
17:30:30: Waiting for pdu lock
17:30:30: ...lock acquired
17:30:30: (10.36.150.14, 1): status is OFF
17:30:30: ...lock released
17:33:57: ========= TestCase 101 Starting =========
17:34:04: ========= TestCase 101 Tear Down =========
17:34:17: ========= TestCase 102 Starting =========
17:34:41: Waiting for pdu lock
17:34:41: ...lock acquired
17:34:41: (10.36.150.14, 1): status is ON
17:34:41: ...lock released
17:38:18: Waiting for pdu lock
17:38:18: ...lock acquired
17:38:18: (10.36.150.14, 1): status is ON
17:38:18: ...lock released
17:41:45: ========= TestCase 102 Tear Down =========
17:42:06: Waiting for pdu lock
17:42:06: ...lock acquired
17:42:06: (10.36.150.14, 1): status is OFF
17:42:06: ...lock released
17:45:32: ========= TestCase 110 Starting =========
17:45:40: Waiting for pdu lock
17:45:40: ...lock acquired
17:45:40: (10.36.150.14, 1): status is ON
17:45:40: ...lock released
17:46:16: Waiting for pdu lock
17:46:16: ...lock acquired
17:46:16: (10.36.150.14, 1): status is ON
17:46:16: ...lock released
17:53:19: Waiting for pdu lock
17:53:19: ...lock acquired
17:53:19: (10.36.150.14, 1): status is ON
17:53:19: ...lock released
18:02:38: ========= TestCase 111 Starting =========
18:02:45: ========= TestCase 111 Tear Down =========
18:02:58: ========= TestCase 112 Starting =========
18:03:33: Waiting for pdu lock
18:03:33: ...lock acquired
18:03:33: (10.36.150.14, 1): status is ON
18:03:33: ...lock released
18:06:47: Waiting for pdu lock
18:06:47: ...lock acquired
18:06:47: (10.36.150.14, 1): status is ON
18:06:47: ...lock released
18:12:50: ========= TestCase 112 Tear Down =========
18:13:02: ========= TestCase 119 Starting =========
18:14:38: Waiting for pdu lock
18:14:38: ...lock acquired
18:14:39: (10.36.150.14, 1): status is ON
18:14:39: ...lock released
18:15:10: ========= TestCase 119 Tear Down =========
18:18:16: ========= TestCase 120 Starting =========
18:19:28: Waiting for pdu lock
18:19:28: ...lock acquired
18:19:28: (10.36.150.14, 1): status is ON
18:19:28: ...lock released
18:19:59: Waiting for pdu lock
18:19:59: ...lock acquired
18:20:00: (10.36.150.14, 1): status is ON
18:20:00: ...lock released
18:26:05: Waiting for pdu lock
18:26:05: ...lock acquired
18:26:05: (10.36.150.14, 1): status is ON
18:26:05: ...lock released
18:29:15: ========= TestCase 120 Tear Down =========
18:29:28: ========= TestCase 121 Starting =========
18:29:34: ========= TestCase 121 Tear Down =========
18:29:47: ========= TestCase 122 Starting =========
18:30:25: ========= TestCase 122 Tear Down =========
18:30:39: Waiting for pdu lock
18:30:39: ...lock acquired
18:30:39: (10.36.150.14, 1): status is OFF
18:30:39: ...lock released
