18:34:15: ================ PowerGroup has been initialised ================
18:34:15: ======== Turning PowerGroup on
18:34:15: PowerGroup._pdu_cmd(on, [1], 3) called
18:34:15: Waiting for pdu lock
18:34:15: ...lock acquired
18:34:15: Power outlets are already in the desired state
18:34:15: ...lock released
18:34:15: Turning PowerGroup on: Success
18:41:24: ========= TestCase 1 Starting =========
18:41:34: ======== Turning PowerGroup off
18:41:34: PowerGroup._pdu_cmd(off, [1], 3) called
18:41:34: Waiting for pdu lock
18:41:34: ...lock acquired
18:41:34: HTTP POST was successfully executed
18:41:35: PowerGroup._pdu_cmd(status, [1], 3) called
18:41:35: Waiting for pdu lock
18:41:35: ...lock acquired
18:41:35: Current outlet status: {1: '0', 2: '1', 3: '1', 4: '1', 5: '1', 6: '1', 7: '1', 8: '1', 9: '1', 10: '0', 11: '0', 12: '0', 13: '0', 14: '0', 15: '0', 16: '0', 17: '1', 18: '0', 19: '0', 20: '0', 21: '0', 22: '0', 23: '0', 24: '0', 25: '0'}
18:41:35: ...lock released
18:41:35: Power outlets have been successfully turned off
18:41:35: ...lock released
18:41:35: Turning PowerGroup off: Success
18:41:50: ======== Turning PowerGroup on
18:41:50: PowerGroup._pdu_cmd(on, [1], 3) called
18:41:50: Waiting for pdu lock
18:41:50: ...lock acquired
18:41:50: Sleep 0 seconds to work around the x610 power supply issue
18:41:50: HTTP POST was successfully executed
18:41:53: PowerGroup._pdu_cmd(status, [1], 3) called
18:41:53: Waiting for pdu lock
18:41:53: ...lock acquired
18:41:53: Current outlet status: {1: '1', 2: '1', 3: '1', 4: '1', 5: '1', 6: '1', 7: '1', 8: '1', 9: '1', 10: '0', 11: '0', 12: '0', 13: '0', 14: '0', 15: '0', 16: '0', 17: '1', 18: '0', 19: '0', 20: '0', 21: '0', 22: '0', 23: '0', 24: '0', 25: '0'}
18:41:53: ...lock released
18:41:53: Power outlets have been successfully turned on
18:41:53: ...lock released
18:41:53: Turning PowerGroup on: Success
18:44:46: ========= TestCase 1 Tear Down =========
18:44:59: ========= TestCase 2 Starting =========
18:45:08: ======== Turning PowerGroup off
18:45:08: PowerGroup._pdu_cmd(off, [1], 3) called
18:45:08: Waiting for pdu lock
18:45:08: ...lock acquired
18:45:08: HTTP POST was successfully executed
18:45:09: PowerGroup._pdu_cmd(status, [1], 3) called
18:45:09: Waiting for pdu lock
18:45:09: ...lock acquired
18:45:09: Current outlet status: {1: '0', 2: '1', 3: '1', 4: '1', 5: '1', 6: '1', 7: '1', 8: '1', 9: '1', 10: '0', 11: '0', 12: '0', 13: '0', 14: '0', 15: '0', 16: '0', 17: '1', 18: '0', 19: '0', 20: '0', 21: '0', 22: '0', 23: '0', 24: '0', 25: '0'}
18:45:09: ...lock released
18:45:09: Power outlets have been successfully turned off
18:45:09: ...lock released
18:45:09: Turning PowerGroup off: Success
18:45:25: ======== Turning PowerGroup on
18:45:25: PowerGroup._pdu_cmd(on, [1], 3) called
18:45:25: Waiting for pdu lock
18:45:25: ...lock acquired
18:45:25: Sleep 0 seconds to work around the x610 power supply issue
18:45:25: HTTP POST was successfully executed
18:45:28: PowerGroup._pdu_cmd(status, [1], 3) called
18:45:28: Waiting for pdu lock
18:45:28: ...lock acquired
18:45:28: Current outlet status: {1: '1', 2: '1', 3: '1', 4: '1', 5: '1', 6: '1', 7: '1', 8: '1', 9: '1', 10: '0', 11: '0', 12: '0', 13: '0', 14: '0', 15: '0', 16: '0', 17: '1', 18: '0', 19: '0', 20: '0', 21: '0', 22: '0', 23: '0', 24: '0', 25: '0'}
18:45:28: ...lock released
18:45:28: Power outlets have been successfully turned on
18:45:28: ...lock released
18:45:28: Turning PowerGroup on: Success
18:49:38: ========= TestCase 2 Tear Down =========
18:49:52: ========= TestCase 3 Starting =========
18:50:01: ======== Turning PowerGroup off
18:50:01: PowerGroup._pdu_cmd(off, [1], 3) called
18:50:01: Waiting for pdu lock
18:50:01: ...lock acquired
18:50:02: HTTP POST was successfully executed
18:50:03: PowerGroup._pdu_cmd(status, [1], 3) called
18:50:03: Waiting for pdu lock
18:50:03: ...lock acquired
18:50:03: Current outlet status: {1: '0', 2: '1', 3: '1', 4: '1', 5: '1', 6: '1', 7: '1', 8: '1', 9: '1', 10: '0', 11: '0', 12: '0', 13: '0', 14: '0', 15: '0', 16: '0', 17: '1', 18: '0', 19: '0', 20: '0', 21: '0', 22: '0', 23: '0', 24: '0', 25: '0'}
18:50:03: ...lock released
18:50:03: Power outlets have been successfully turned off
18:50:03: ...lock released
18:50:03: Turning PowerGroup off: Success
18:50:18: ======== Turning PowerGroup on
18:50:18: PowerGroup._pdu_cmd(on, [1], 3) called
18:50:18: Waiting for pdu lock
18:50:18: ...lock acquired
18:50:18: Sleep 0 seconds to work around the x610 power supply issue
18:50:18: HTTP POST was successfully executed
18:50:21: PowerGroup._pdu_cmd(status, [1], 3) called
18:50:21: Waiting for pdu lock
18:50:21: ...lock acquired
18:50:21: Current outlet status: {1: '1', 2: '1', 3: '1', 4: '1', 5: '1', 6: '1', 7: '1', 8: '1', 9: '1', 10: '0', 11: '0', 12: '0', 13: '0', 14: '0', 15: '0', 16: '0', 17: '1', 18: '0', 19: '0', 20: '0', 21: '0', 22: '0', 23: '0', 24: '0', 25: '0'}
18:50:21: ...lock released
18:50:21: Power outlets have been successfully turned on
18:50:21: ...lock released
18:50:21: Turning PowerGroup on: Success
18:50:55: ========= TestCase 3 Tear Down =========
18:53:38: ========= TestCase 4 Starting =========
18:53:48: ======== Turning PowerGroup off
18:53:48: PowerGroup._pdu_cmd(off, [1], 3) called
18:53:48: Waiting for pdu lock
18:53:48: ...lock acquired
18:53:48: HTTP POST was successfully executed
18:53:49: PowerGroup._pdu_cmd(status, [1], 3) called
18:53:49: Waiting for pdu lock
18:53:49: ...lock acquired
18:53:49: Current outlet status: {1: '0', 2: '1', 3: '1', 4: '1', 5: '1', 6: '1', 7: '1', 8: '1', 9: '1', 10: '0', 11: '0', 12: '0', 13: '0', 14: '0', 15: '0', 16: '0', 17: '1', 18: '0', 19: '0', 20: '0', 21: '0', 22: '0', 23: '0', 24: '0', 25: '0'}
18:53:49: ...lock released
18:53:49: Power outlets have been successfully turned off
18:53:49: ...lock released
18:53:49: Turning PowerGroup off: Success
18:54:05: ======== Turning PowerGroup on
18:54:05: PowerGroup._pdu_cmd(on, [1], 3) called
18:54:05: Waiting for pdu lock
18:54:05: ...lock acquired
18:54:05: Sleep 0 seconds to work around the x610 power supply issue
18:54:05: HTTP POST was successfully executed
18:54:08: PowerGroup._pdu_cmd(status, [1], 3) called
18:54:08: Waiting for pdu lock
18:54:08: ...lock acquired
18:54:08: Current outlet status: {1: '1', 2: '1', 3: '1', 4: '1', 5: '1', 6: '1', 7: '1', 8: '1', 9: '1', 10: '0', 11: '0', 12: '0', 13: '0', 14: '0', 15: '0', 16: '0', 17: '1', 18: '0', 19: '0', 20: '0', 21: '0', 22: '0', 23: '0', 24: '0', 25: '0'}
18:54:08: ...lock released
18:54:08: Power outlets have been successfully turned on
18:54:08: ...lock released
18:54:08: Turning PowerGroup on: Success
18:54:14: ========= TestCase 4 Tear Down =========
18:57:15: ======== Turning PowerGroup off
18:57:15: PowerGroup._pdu_cmd(off, [1], 3) called
18:57:15: Waiting for pdu lock
18:57:15: ...lock acquired
18:57:15: HTTP POST was successfully executed
18:57:16: PowerGroup._pdu_cmd(status, [1], 3) called
18:57:16: Waiting for pdu lock
18:57:16: ...lock acquired
18:57:16: Current outlet status: {1: '0', 2: '1', 3: '1', 4: '1', 5: '1', 6: '1', 7: '1', 8: '1', 9: '1', 10: '0', 11: '0', 12: '0', 13: '0', 14: '0', 15: '0', 16: '0', 17: '1', 18: '0', 19: '0', 20: '0', 21: '0', 22: '0', 23: '0', 24: '0', 25: '0'}
18:57:16: ...lock released
18:57:16: Power outlets have been successfully turned off
18:57:16: ...lock released
18:57:16: Turning PowerGroup off: Success
18:57:22: ======== Turning PowerGroup on
18:57:22: PowerGroup._pdu_cmd(on, [1], 3) called
18:57:22: Waiting for pdu lock
18:57:22: ...lock acquired
18:57:22: Sleep 7.894659996032715 seconds to work around the x610 power supply issue
18:57:30: HTTP POST was successfully executed
18:57:33: PowerGroup._pdu_cmd(status, [1], 3) called
18:57:33: Waiting for pdu lock
18:57:33: ...lock acquired
18:57:33: Current outlet status: {1: '1', 2: '1', 3: '1', 4: '1', 5: '1', 6: '1', 7: '1', 8: '1', 9: '1', 10: '0', 11: '0', 12: '0', 13: '0', 14: '0', 15: '0', 16: '0', 17: '1', 18: '0', 19: '0', 20: '0', 21: '0', 22: '0', 23: '0', 24: '0', 25: '0'}
18:57:33: ...lock released
18:57:33: Power outlets have been successfully turned on
18:57:33: ...lock released
18:57:33: Turning PowerGroup on: Success
19:00:28: ========= TestCase 5 Starting =========
19:00:39: ======== Turning PowerGroup off
19:00:39: PowerGroup._pdu_cmd(off, [1], 3) called
19:00:40: Waiting for pdu lock
19:00:40: ...lock acquired
19:00:40: HTTP POST was successfully executed
19:00:41: PowerGroup._pdu_cmd(status, [1], 3) called
19:00:41: Waiting for pdu lock
19:00:41: ...lock acquired
19:00:41: Current outlet status: {1: '0', 2: '1', 3: '1', 4: '1', 5: '1', 6: '1', 7: '1', 8: '1', 9: '1', 10: '0', 11: '0', 12: '0', 13: '0', 14: '0', 15: '0', 16: '0', 17: '1', 18: '0', 19: '0', 20: '0', 21: '0', 22: '0', 23: '0', 24: '0', 25: '0'}
19:00:41: ...lock released
19:00:41: Power outlets have been successfully turned off
19:00:41: ...lock released
19:00:41: Turning PowerGroup off: Success
19:00:57: ======== Turning PowerGroup on
19:00:57: PowerGroup._pdu_cmd(on, [1], 3) called
19:00:57: Waiting for pdu lock
19:00:57: ...lock acquired
19:00:57: Sleep 0 seconds to work around the x610 power supply issue
19:00:57: HTTP POST was successfully executed
19:01:00: PowerGroup._pdu_cmd(status, [1], 3) called
19:01:00: Waiting for pdu lock
19:01:00: ...lock acquired
19:01:01: Current outlet status: {1: '1', 2: '1', 3: '1', 4: '1', 5: '1', 6: '1', 7: '1', 8: '1', 9: '1', 10: '0', 11: '0', 12: '0', 13: '0', 14: '0', 15: '0', 16: '0', 17: '1', 18: '0', 19: '0', 20: '0', 21: '0', 22: '0', 23: '0', 24: '0', 25: '0'}
19:01:01: ...lock released
19:01:01: Power outlets have been successfully turned on
19:01:01: ...lock released
19:01:01: Turning PowerGroup on: Success
19:01:38: ======== Turning PowerGroup off
19:01:38: PowerGroup._pdu_cmd(off, [1], 3) called
19:01:38: Waiting for pdu lock
19:01:38: ...lock acquired
19:01:38: HTTP POST was successfully executed
19:01:39: PowerGroup._pdu_cmd(status, [1], 3) called
19:01:40: Waiting for pdu lock
19:01:40: ...lock acquired
19:01:40: Current outlet status: {1: '0', 2: '1', 3: '1', 4: '1', 5: '1', 6: '1', 7: '1', 8: '1', 9: '1', 10: '0', 11: '0', 12: '0', 13: '0', 14: '0', 15: '0', 16: '0', 17: '1', 18: '0', 19: '0', 20: '0', 21: '0', 22: '0', 23: '0', 24: '0', 25: '0'}
19:01:40: ...lock released
19:01:40: Power outlets have been successfully turned off
19:01:40: ...lock released
19:01:41: Turning PowerGroup off: Success
19:01:57: ======== Turning PowerGroup on
19:01:58: PowerGroup._pdu_cmd(on, [1], 3) called
19:01:58: Waiting for pdu lock
19:01:58: ...lock acquired
19:01:58: Sleep 0 seconds to work around the x610 power supply issue
19:01:59: HTTP POST was successfully executed
19:02:02: PowerGroup._pdu_cmd(status, [1], 3) called
19:02:02: Waiting for pdu lock
19:02:02: ...lock acquired
19:02:02: Current outlet status: {1: '1', 2: '1', 3: '1', 4: '1', 5: '1', 6: '1', 7: '1', 8: '1', 9: '1', 10: '0', 11: '0', 12: '0', 13: '0', 14: '0', 15: '0', 16: '0', 17: '1', 18: '0', 19: '0', 20: '0', 21: '0', 22: '0', 23: '0', 24: '0', 25: '0'}
19:02:02: ...lock released
19:02:03: Power outlets have been successfully turned on
19:02:03: ...lock released
19:02:03: Turning PowerGroup on: Success
19:02:40: ======== Turning PowerGroup off
19:02:41: PowerGroup._pdu_cmd(off, [1], 3) called
19:02:41: Waiting for pdu lock
19:02:41: ...lock acquired
19:02:41: HTTP POST was successfully executed
19:02:43: PowerGroup._pdu_cmd(status, [1], 3) called
19:02:43: Waiting for pdu lock
19:02:43: ...lock acquired
19:02:44: Current outlet status: {1: '0', 2: '1', 3: '1', 4: '1', 5: '1', 6: '1', 7: '1', 8: '1', 9: '1', 10: '0', 11: '0', 12: '0', 13: '0', 14: '0', 15: '0', 16: '0', 17: '1', 18: '0', 19: '0', 20: '0', 21: '0', 22: '0', 23: '0', 24: '0', 25: '0'}
19:02:44: ...lock released
19:02:44: Power outlets have been successfully turned off
19:02:44: ...lock released
19:02:45: Turning PowerGroup off: Success
19:03:02: ======== Turning PowerGroup on
19:03:02: PowerGroup._pdu_cmd(on, [1], 3) called
19:03:02: Waiting for pdu lock
19:03:03: ...lock acquired
19:03:03: Sleep 0 seconds to work around the x610 power supply issue
19:03:03: HTTP POST was successfully executed
19:03:07: PowerGroup._pdu_cmd(status, [1], 3) called
19:03:07: Waiting for pdu lock
19:03:07: ...lock acquired
19:03:08: Current outlet status: {1: '1', 2: '1', 3: '1', 4: '1', 5: '1', 6: '1', 7: '1', 8: '1', 9: '1', 10: '0', 11: '0', 12: '0', 13: '0', 14: '0', 15: '0', 16: '0', 17: '1', 18: '0', 19: '0', 20: '0', 21: '0', 22: '0', 23: '0', 24: '0', 25: '0'}
19:03:08: ...lock released
19:03:08: Power outlets have been successfully turned on
19:03:08: ...lock released
19:03:08: Turning PowerGroup on: Success
19:06:15: ========= TestCase 5 Tear Down =========
19:06:51: ========= TestCase 6 Starting =========
19:07:23: ======== Turning PowerGroup off
19:07:23: PowerGroup._pdu_cmd(off, [1], 3) called
19:07:23: Waiting for pdu lock
19:07:23: ...lock acquired
19:07:23: HTTP POST was successfully executed
19:07:24: PowerGroup._pdu_cmd(status, [1], 3) called
19:07:24: Waiting for pdu lock
19:07:25: ...lock acquired
19:07:25: Current outlet status: {1: '0', 2: '1', 3: '1', 4: '1', 5: '1', 6: '1', 7: '1', 8: '1', 9: '1', 10: '0', 11: '0', 12: '0', 13: '0', 14: '0', 15: '0', 16: '0', 17: '1', 18: '0', 19: '0', 20: '0', 21: '0', 22: '0', 23: '0', 24: '0', 25: '0'}
19:07:25: ...lock released
19:07:25: Power outlets have been successfully turned off
19:07:25: ...lock released
19:07:25: Turning PowerGroup off: Success
19:07:50: ======== Turning PowerGroup on
19:07:52: PowerGroup._pdu_cmd(on, [1], 3) called
19:07:52: Waiting for pdu lock
19:07:52: ...lock acquired
19:07:53: Sleep 0 seconds to work around the x610 power supply issue
19:07:53: HTTP POST was successfully executed
19:07:56: PowerGroup._pdu_cmd(status, [1], 3) called
19:07:56: Waiting for pdu lock
19:07:56: ...lock acquired
19:07:56: Current outlet status: {1: '1', 2: '1', 3: '1', 4: '1', 5: '1', 6: '1', 7: '1', 8: '1', 9: '1', 10: '0', 11: '0', 12: '0', 13: '0', 14: '0', 15: '0', 16: '0', 17: '1', 18: '0', 19: '0', 20: '0', 21: '0', 22: '0', 23: '0', 24: '0', 25: '0'}
19:07:56: ...lock released
19:07:56: Power outlets have been successfully turned on
19:07:56: ...lock released
19:07:56: Turning PowerGroup on: Success
19:08:32: ======== Turning PowerGroup off
19:08:32: PowerGroup._pdu_cmd(off, [1], 3) called
19:08:32: Waiting for pdu lock
19:08:32: ...lock acquired
19:08:32: HTTP POST was successfully executed
19:08:33: PowerGroup._pdu_cmd(status, [1], 3) called
19:08:33: Waiting for pdu lock
19:08:33: ...lock acquired
19:08:33: Current outlet status: {1: '0', 2: '1', 3: '1', 4: '1', 5: '1', 6: '1', 7: '1', 8: '1', 9: '1', 10: '0', 11: '0', 12: '0', 13: '0', 14: '0', 15: '0', 16: '0', 17: '1', 18: '0', 19: '0', 20: '0', 21: '0', 22: '0', 23: '0', 24: '0', 25: '0'}
19:08:33: ...lock released
19:08:33: Power outlets have been successfully turned off
19:08:33: ...lock released
19:08:33: Turning PowerGroup off: Success
19:08:49: ======== Turning PowerGroup on
19:08:49: PowerGroup._pdu_cmd(on, [1], 3) called
19:08:49: Waiting for pdu lock
19:08:49: ...lock acquired
19:08:49: Sleep 0 seconds to work around the x610 power supply issue
19:08:49: HTTP POST was successfully executed
19:08:52: PowerGroup._pdu_cmd(status, [1], 3) called
19:08:52: Waiting for pdu lock
19:08:52: ...lock acquired
19:08:52: Current outlet status: {1: '1', 2: '1', 3: '1', 4: '1', 5: '1', 6: '1', 7: '1', 8: '1', 9: '1', 10: '0', 11: '0', 12: '0', 13: '0', 14: '0', 15: '0', 16: '0', 17: '1', 18: '0', 19: '0', 20: '0', 21: '0', 22: '0', 23: '0', 24: '0', 25: '0'}
19:08:52: ...lock released
19:08:52: Power outlets have been successfully turned on
19:08:52: ...lock released
19:08:52: Turning PowerGroup on: Success
19:08:58: ========= TestCase 6 Tear Down =========
19:11:57: ========= TestCase 7 Starting =========
19:12:06: ======== Turning PowerGroup off
19:12:06: PowerGroup._pdu_cmd(off, [1], 3) called
19:12:06: Waiting for pdu lock
19:12:06: ...lock acquired
19:12:07: HTTP POST was successfully executed
19:12:08: PowerGroup._pdu_cmd(status, [1], 3) called
19:12:08: Waiting for pdu lock
19:12:08: ...lock acquired
19:12:08: Current outlet status: {1: '0', 2: '1', 3: '1', 4: '1', 5: '1', 6: '1', 7: '1', 8: '1', 9: '1', 10: '0', 11: '0', 12: '0', 13: '0', 14: '0', 15: '0', 16: '0', 17: '1', 18: '0', 19: '0', 20: '0', 21: '0', 22: '0', 23: '0', 24: '0', 25: '0'}
19:12:08: ...lock released
19:12:08: Power outlets have been successfully turned off
19:12:08: ...lock released
19:12:08: Turning PowerGroup off: Success
19:12:24: ======== Turning PowerGroup on
19:12:24: PowerGroup._pdu_cmd(on, [1], 3) called
19:12:24: Waiting for pdu lock
19:12:24: ...lock acquired
19:12:24: Sleep 0 seconds to work around the x610 power supply issue
19:12:24: HTTP POST was successfully executed
19:12:27: PowerGroup._pdu_cmd(status, [1], 3) called
19:12:27: Waiting for pdu lock
19:12:27: ...lock acquired
19:12:27: Current outlet status: {1: '1', 2: '1', 3: '1', 4: '1', 5: '1', 6: '1', 7: '1', 8: '1', 9: '1', 10: '0', 11: '0', 12: '0', 13: '0', 14: '0', 15: '0', 16: '0', 17: '1', 18: '0', 19: '0', 20: '0', 21: '0', 22: '0', 23: '0', 24: '0', 25: '0'}
19:12:27: ...lock released
19:12:27: Power outlets have been successfully turned on
19:12:27: ...lock released
19:12:27: Turning PowerGroup on: Success
19:15:20: ========= TestCase 7 Tear Down =========
19:15:32: ========= TestCase 8 Starting =========
19:15:42: ======== Turning PowerGroup off
19:15:42: PowerGroup._pdu_cmd(off, [1], 3) called
19:15:42: Waiting for pdu lock
19:15:42: ...lock acquired
19:15:42: HTTP POST was successfully executed
19:15:43: PowerGroup._pdu_cmd(status, [1], 3) called
19:15:43: Waiting for pdu lock
19:15:43: ...lock acquired
19:15:43: Current outlet status: {1: '0', 2: '1', 3: '1', 4: '1', 5: '1', 6: '1', 7: '1', 8: '1', 9: '1', 10: '0', 11: '0', 12: '0', 13: '0', 14: '0', 15: '0', 16: '0', 17: '1', 18: '0', 19: '0', 20: '0', 21: '0', 22: '0', 23: '0', 24: '0', 25: '0'}
19:15:43: ...lock released
19:15:43: Power outlets have been successfully turned off
19:15:43: ...lock released
19:15:43: Turning PowerGroup off: Success
19:15:58: ======== Turning PowerGroup on
19:15:58: PowerGroup._pdu_cmd(on, [1], 3) called
19:15:58: Waiting for pdu lock
19:15:58: ...lock acquired
19:15:58: Sleep 0 seconds to work around the x610 power supply issue
19:15:58: HTTP POST was successfully executed
19:16:01: PowerGroup._pdu_cmd(status, [1], 3) called
19:16:01: Waiting for pdu lock
19:16:01: ...lock acquired
19:16:01: Current outlet status: {1: '1', 2: '1', 3: '1', 4: '1', 5: '1', 6: '1', 7: '1', 8: '1', 9: '1', 10: '0', 11: '0', 12: '0', 13: '0', 14: '0', 15: '0', 16: '0', 17: '1', 18: '0', 19: '0', 20: '0', 21: '0', 22: '0', 23: '0', 24: '0', 25: '0'}
19:16:01: ...lock released
19:16:01: Power outlets have been successfully turned on
19:16:01: ...lock released
19:16:01: Turning PowerGroup on: Success
19:18:49: ========= TestCase 8 Tear Down =========
19:19:01: ========= TestCase 9 Starting =========
19:19:11: ======== Turning PowerGroup off
19:19:11: PowerGroup._pdu_cmd(off, [1], 3) called
19:19:11: Waiting for pdu lock
19:19:11: ...lock acquired
19:19:11: HTTP POST was successfully executed
19:19:12: PowerGroup._pdu_cmd(status, [1], 3) called
19:19:12: Waiting for pdu lock
19:19:12: ...lock acquired
19:19:12: Current outlet status: {1: '0', 2: '1', 3: '1', 4: '1', 5: '1', 6: '1', 7: '1', 8: '1', 9: '1', 10: '0', 11: '0', 12: '0', 13: '0', 14: '0', 15: '0', 16: '0', 17: '1', 18: '0', 19: '0', 20: '0', 21: '0', 22: '0', 23: '0', 24: '0', 25: '0'}
19:19:12: ...lock released
19:19:12: Power outlets have been successfully turned off
19:19:12: ...lock released
19:19:12: Turning PowerGroup off: Success
19:19:27: ======== Turning PowerGroup on
19:19:27: PowerGroup._pdu_cmd(on, [1], 3) called
19:19:27: Waiting for pdu lock
19:19:27: ...lock acquired
19:19:27: Sleep 0 seconds to work around the x610 power supply issue
19:19:27: HTTP POST was successfully executed
19:19:30: PowerGroup._pdu_cmd(status, [1], 3) called
19:19:30: Waiting for pdu lock
19:19:30: ...lock acquired
19:19:30: Current outlet status: {1: '1', 2: '1', 3: '1', 4: '1', 5: '1', 6: '1', 7: '1', 8: '1', 9: '1', 10: '0', 11: '0', 12: '0', 13: '0', 14: '0', 15: '0', 16: '0', 17: '1', 18: '0', 19: '0', 20: '0', 21: '0', 22: '0', 23: '0', 24: '0', 25: '0'}
19:19:30: ...lock released
19:19:30: Power outlets have been successfully turned on
19:19:30: ...lock released
19:19:30: Turning PowerGroup on: Success
19:22:28: ========= TestCase 9 Tear Down =========
19:22:40: ========= TestCase 12 Starting =========
19:22:50: ========= TestCase 12 Tear Down =========
19:22:56: ========= TestCase 13 Starting =========
19:23:06: ======== Turning PowerGroup off
19:23:06: PowerGroup._pdu_cmd(off, [1], 3) called
19:23:06: Waiting for pdu lock
19:23:06: ...lock acquired
19:23:06: HTTP POST was successfully executed
19:23:07: PowerGroup._pdu_cmd(status, [1], 3) called
19:23:07: Waiting for pdu lock
19:23:07: ...lock acquired
19:23:07: Current outlet status: {1: '0', 2: '1', 3: '1', 4: '1', 5: '1', 6: '1', 7: '1', 8: '1', 9: '1', 10: '0', 11: '0', 12: '0', 13: '0', 14: '0', 15: '0', 16: '0', 17: '1', 18: '0', 19: '0', 20: '0', 21: '0', 22: '0', 23: '0', 24: '0', 25: '0'}
19:23:07: ...lock released
19:23:07: Power outlets have been successfully turned off
19:23:07: ...lock released
19:23:07: Turning PowerGroup off: Success
19:23:23: ======== Turning PowerGroup on
19:23:23: PowerGroup._pdu_cmd(on, [1], 3) called
19:23:23: Waiting for pdu lock
19:23:23: ...lock acquired
19:23:23: Sleep 0 seconds to work around the x610 power supply issue
19:23:23: HTTP POST was successfully executed
19:23:26: PowerGroup._pdu_cmd(status, [1], 3) called
19:23:26: Waiting for pdu lock
19:23:26: ...lock acquired
19:23:27: Current outlet status: {1: '1', 2: '1', 3: '1', 4: '1', 5: '1', 6: '1', 7: '1', 8: '1', 9: '1', 10: '0', 11: '0', 12: '0', 13: '0', 14: '0', 15: '0', 16: '0', 17: '1', 18: '0', 19: '0', 20: '0', 21: '0', 22: '0', 23: '0', 24: '0', 25: '0'}
19:23:27: ...lock released
19:23:27: Power outlets have been successfully turned on
19:23:27: ...lock released
19:23:27: Turning PowerGroup on: Success
19:26:37: ========= TestCase 13 Tear Down =========
19:26:43: ========= TestCase 14 Starting =========
19:26:53: ======== Turning PowerGroup off
19:26:53: PowerGroup._pdu_cmd(off, [1], 3) called
19:26:53: Waiting for pdu lock
19:26:53: ...lock acquired
19:26:53: HTTP POST was successfully executed
19:26:54: PowerGroup._pdu_cmd(status, [1], 3) called
19:26:54: Waiting for pdu lock
19:26:54: ...lock acquired
19:26:54: Current outlet status: {1: '0', 2: '1', 3: '1', 4: '1', 5: '1', 6: '1', 7: '1', 8: '1', 9: '1', 10: '0', 11: '0', 12: '0', 13: '0', 14: '0', 15: '0', 16: '0', 17: '1', 18: '0', 19: '0', 20: '0', 21: '0', 22: '0', 23: '0', 24: '0', 25: '0'}
19:26:54: ...lock released
19:26:54: Power outlets have been successfully turned off
19:26:54: ...lock released
19:26:54: Turning PowerGroup off: Success
19:27:10: ======== Turning PowerGroup on
19:27:10: PowerGroup._pdu_cmd(on, [1], 3) called
19:27:10: Waiting for pdu lock
19:27:10: ...lock acquired
19:27:10: Sleep 0 seconds to work around the x610 power supply issue
19:27:10: HTTP POST was successfully executed
19:27:13: PowerGroup._pdu_cmd(status, [1], 3) called
19:27:13: Waiting for pdu lock
19:27:13: ...lock acquired
19:27:13: Current outlet status: {1: '1', 2: '1', 3: '1', 4: '1', 5: '1', 6: '1', 7: '1', 8: '1', 9: '1', 10: '0', 11: '0', 12: '0', 13: '0', 14: '0', 15: '0', 16: '0', 17: '1', 18: '0', 19: '0', 20: '0', 21: '0', 22: '0', 23: '0', 24: '0', 25: '0'}
19:27:13: ...lock released
19:27:13: Power outlets have been successfully turned on
19:27:13: ...lock released
19:27:13: Turning PowerGroup on: Success
19:30:10: ========= TestCase 14 Tear Down =========
19:30:15: ========= TestCase 15 Starting =========
19:30:25: ======== Turning PowerGroup off
19:30:25: PowerGroup._pdu_cmd(off, [1], 3) called
19:30:25: Waiting for pdu lock
19:30:25: ...lock acquired
19:30:25: HTTP POST was successfully executed
19:30:26: PowerGroup._pdu_cmd(status, [1], 3) called
19:30:26: Waiting for pdu lock
19:30:26: ...lock acquired
19:30:27: Current outlet status: {1: '0', 2: '1', 3: '1', 4: '1', 5: '1', 6: '1', 7: '1', 8: '1', 9: '1', 10: '0', 11: '0', 12: '0', 13: '0', 14: '0', 15: '0', 16: '0', 17: '1', 18: '0', 19: '0', 20: '0', 21: '0', 22: '0', 23: '0', 24: '0', 25: '0'}
19:30:27: ...lock released
19:30:27: Power outlets have been successfully turned off
19:30:27: ...lock released
19:30:27: Turning PowerGroup off: Success
19:30:43: ======== Turning PowerGroup on
19:30:43: PowerGroup._pdu_cmd(on, [1], 3) called
19:30:43: Waiting for pdu lock
19:30:43: ...lock acquired
19:30:43: Sleep 0 seconds to work around the x610 power supply issue
19:30:43: HTTP POST was successfully executed
19:30:46: PowerGroup._pdu_cmd(status, [1], 3) called
19:30:46: Waiting for pdu lock
19:30:46: ...lock acquired
19:30:46: Current outlet status: {1: '1', 2: '1', 3: '1', 4: '1', 5: '1', 6: '1', 7: '1', 8: '1', 9: '1', 10: '0', 11: '0', 12: '0', 13: '0', 14: '0', 15: '0', 16: '0', 17: '1', 18: '0', 19: '0', 20: '0', 21: '0', 22: '0', 23: '0', 24: '0', 25: '0'}
19:30:46: ...lock released
19:30:46: Power outlets have been successfully turned on
19:30:46: ...lock released
19:30:46: Turning PowerGroup on: Success
19:33:30: ========= TestCase 15 Tear Down =========
19:33:35: ========= TestCase 11 Starting =========
19:33:45: ======== Turning PowerGroup off
19:33:45: PowerGroup._pdu_cmd(off, [1], 3) called
19:33:45: Waiting for pdu lock
19:33:45: ...lock acquired
19:33:45: HTTP POST was successfully executed
19:33:46: PowerGroup._pdu_cmd(status, [1], 3) called
19:33:46: Waiting for pdu lock
19:33:46: ...lock acquired
19:33:46: Current outlet status: {1: '0', 2: '1', 3: '1', 4: '1', 5: '1', 6: '1', 7: '1', 8: '1', 9: '1', 10: '0', 11: '0', 12: '0', 13: '0', 14: '0', 15: '0', 16: '0', 17: '1', 18: '0', 19: '0', 20: '0', 21: '0', 22: '0', 23: '0', 24: '0', 25: '0'}
19:33:46: ...lock released
19:33:46: Power outlets have been successfully turned off
19:33:46: ...lock released
19:33:46: Turning PowerGroup off: Success
19:34:03: ======== Turning PowerGroup on
19:34:03: PowerGroup._pdu_cmd(on, [1], 3) called
19:34:03: Waiting for pdu lock
19:34:03: ...lock acquired
19:34:03: Sleep 0 seconds to work around the x610 power supply issue
19:34:03: HTTP POST was successfully executed
19:34:06: PowerGroup._pdu_cmd(status, [1], 3) called
19:34:06: Waiting for pdu lock
19:34:06: ...lock acquired
19:34:06: Current outlet status: {1: '1', 2: '1', 3: '1', 4: '1', 5: '1', 6: '1', 7: '1', 8: '1', 9: '1', 10: '0', 11: '0', 12: '0', 13: '0', 14: '0', 15: '0', 16: '0', 17: '1', 18: '0', 19: '0', 20: '0', 21: '0', 22: '0', 23: '0', 24: '0', 25: '0'}
19:34:06: ...lock released
19:34:06: Power outlets have been successfully turned on
19:34:06: ...lock released
19:34:06: Turning PowerGroup on: Success
19:37:17: ========= TestCase 11 Tear Down =========
19:37:33: ======== Turning PowerGroup off
19:37:33: PowerGroup._pdu_cmd(off, [1], 3) called
19:37:33: Waiting for pdu lock
19:37:33: ...lock acquired
19:37:33: HTTP POST was successfully executed
19:37:34: PowerGroup._pdu_cmd(status, [1], 3) called
19:37:35: Waiting for pdu lock
19:37:36: ...lock acquired
19:37:36: Current outlet status: {1: '0', 2: '1', 3: '1', 4: '1', 5: '1', 6: '1', 7: '1', 8: '1', 9: '1', 10: '0', 11: '0', 12: '0', 13: '0', 14: '0', 15: '0', 16: '0', 17: '1', 18: '0', 19: '0', 20: '0', 21: '0', 22: '0', 23: '0', 24: '0', 25: '0'}
19:37:36: ...lock released
19:37:36: Power outlets have been successfully turned off
19:37:36: ...lock released
19:37:36: Turning PowerGroup off: Success
19:37:41: ======== Turning PowerGroup on
19:37:41: PowerGroup._pdu_cmd(on, [1], 3) called
19:37:41: Waiting for pdu lock
19:37:41: ...lock acquired
19:37:41: Sleep 7.472332000732422 seconds to work around the x610 power supply issue
19:37:48: HTTP POST was successfully executed
19:37:51: PowerGroup._pdu_cmd(status, [1], 3) called
19:37:51: Waiting for pdu lock
19:37:51: ...lock acquired
19:37:51: Current outlet status: {1: '1', 2: '1', 3: '1', 4: '1', 5: '1', 6: '1', 7: '1', 8: '1', 9: '1', 10: '0', 11: '0', 12: '0', 13: '0', 14: '0', 15: '0', 16: '0', 17: '1', 18: '0', 19: '0', 20: '0', 21: '0', 22: '0', 23: '0', 24: '0', 25: '0'}
19:37:51: ...lock released
19:37:51: Power outlets have been successfully turned on
19:37:51: ...lock released
19:37:51: Turning PowerGroup on: Success
