19:41:18: ================ PowerGroup has been initialised ================
19:41:18: ======== Turning PowerGroup on
19:41:18: PowerGroup._pdu_cmd(on, [1], 3) called
19:41:18: Waiting for pdu lock
19:41:18: ...lock acquired
19:41:18: Power outlets are already in the desired state
19:41:18: ...lock released
19:41:18: Turning PowerGroup on: Success
19:50:21: ========= TestCase 1 Starting =========
19:50:33: ======== Turning PowerGroup off
19:50:33: PowerGroup._pdu_cmd(off, [1], 3) called
19:50:33: Waiting for pdu lock
19:50:33: ...lock acquired
19:50:33: HTTP POST was successfully executed
19:50:34: PowerGroup._pdu_cmd(status, [1], 3) called
19:50:34: Waiting for pdu lock
19:50:34: ...lock acquired
19:50:34: Current outlet status: {1: '0', 2: '1', 3: '1', 4: '1', 5: '1', 6: '1', 7: '1', 8: '1', 9: '1', 10: '0', 11: '0', 12: '0', 13: '0', 14: '0', 15: '0', 16: '0', 17: '1', 18: '0', 19: '0', 20: '0', 21: '0', 22: '0', 23: '0', 24: '0', 25: '0'}
19:50:34: ...lock released
19:50:34: Power outlets have been successfully turned off
19:50:34: ...lock released
19:50:34: Turning PowerGroup off: Success
19:50:49: ======== Turning PowerGroup on
19:50:49: PowerGroup._pdu_cmd(on, [1], 3) called
19:50:49: Waiting for pdu lock
19:50:49: ...lock acquired
19:50:49: Sleep 0 seconds to work around the x610 power supply issue
19:50:49: HTTP POST was successfully executed
19:50:52: PowerGroup._pdu_cmd(status, [1], 3) called
19:50:52: Waiting for pdu lock
19:50:52: ...lock acquired
19:50:52: Current outlet status: {1: '1', 2: '1', 3: '1', 4: '1', 5: '1', 6: '1', 7: '1', 8: '1', 9: '1', 10: '0', 11: '0', 12: '0', 13: '0', 14: '0', 15: '0', 16: '0', 17: '1', 18: '0', 19: '0', 20: '0', 21: '0', 22: '0', 23: '0', 24: '0', 25: '0'}
19:50:52: ...lock released
19:50:52: Power outlets have been successfully turned on
19:50:52: ...lock released
19:50:52: Turning PowerGroup on: Success
19:53:47: ========= TestCase 1 Tear Down =========
19:54:11: ========= TestCase 2 Starting =========
19:54:30: ======== Turning PowerGroup off
19:54:30: PowerGroup._pdu_cmd(off, [1], 3) called
19:54:30: Waiting for pdu lock
19:54:30: ...lock acquired
19:54:30: HTTP POST was successfully executed
19:54:32: PowerGroup._pdu_cmd(status, [1], 3) called
19:54:32: Waiting for pdu lock
19:54:32: ...lock acquired
19:54:32: Current outlet status: {1: '0', 2: '1', 3: '1', 4: '1', 5: '1', 6: '1', 7: '1', 8: '1', 9: '1', 10: '0', 11: '0', 12: '0', 13: '0', 14: '0', 15: '0', 16: '0', 17: '1', 18: '0', 19: '0', 20: '0', 21: '0', 22: '0', 23: '0', 24: '0', 25: '0'}
19:54:32: ...lock released
19:54:32: Power outlets have been successfully turned off
19:54:32: ...lock released
19:54:32: Turning PowerGroup off: Success
19:54:47: ======== Turning PowerGroup on
19:54:47: PowerGroup._pdu_cmd(on, [1], 3) called
19:54:47: Waiting for pdu lock
19:54:47: ...lock acquired
19:54:47: Sleep 0 seconds to work around the x610 power supply issue
19:54:47: HTTP POST was successfully executed
19:54:50: PowerGroup._pdu_cmd(status, [1], 3) called
19:54:50: Waiting for pdu lock
19:54:50: ...lock acquired
19:54:50: Current outlet status: {1: '1', 2: '1', 3: '1', 4: '1', 5: '1', 6: '1', 7: '1', 8: '1', 9: '1', 10: '0', 11: '0', 12: '0', 13: '0', 14: '0', 15: '0', 16: '0', 17: '1', 18: '0', 19: '0', 20: '0', 21: '0', 22: '0', 23: '0', 24: '0', 25: '0'}
19:54:50: ...lock released
19:54:50: Power outlets have been successfully turned on
19:54:50: ...lock released
19:54:50: Turning PowerGroup on: Success
19:57:49: ========= TestCase 2 Tear Down =========
