18:34:15: Waiting for pdu lock
18:34:15: ...lock acquired
18:34:15: (10.36.150.14, 1): status is ON
18:34:15: ...lock released
18:34:17: Waiting for pdu lock
18:34:17: ...lock acquired
18:34:17: (10.36.150.14, 1): status is ON
18:34:17: ...lock released
18:34:17: Waiting for pdu lock
18:34:17: ...lock acquired
18:34:17: (10.36.150.14, 1): status is ON
18:34:17: ...lock released
18:41:24: ========= TestCase 1 Starting =========
18:41:31: Waiting for pdu lock
18:41:31: ...lock acquired
18:41:31: (10.36.150.14, 1): status is ON
18:41:31: ...lock released
18:44:46: ========= TestCase 1 Tear Down =========
18:44:59: ========= TestCase 2 Starting =========
18:45:05: Waiting for pdu lock
18:45:05: ...lock acquired
18:45:05: (10.36.150.14, 1): status is ON
18:45:05: ...lock released
18:49:38: ========= TestCase 2 Tear Down =========
18:49:52: ========= TestCase 3 Starting =========
18:49:58: Waiting for pdu lock
18:49:58: ...lock acquired
18:49:58: (10.36.150.14, 1): status is ON
18:49:58: ...lock released
18:50:55: ========= TestCase 3 Tear Down =========
18:53:38: ========= TestCase 4 Starting =========
18:53:45: Waiting for pdu lock
18:53:45: ...lock acquired
18:53:45: (10.36.150.14, 1): status is ON
18:53:45: ...lock released
18:54:14: ========= TestCase 4 Tear Down =========
19:00:28: ========= TestCase 5 Starting =========
19:00:35: Waiting for pdu lock
19:00:35: ...lock acquired
19:00:35: (10.36.150.14, 1): status is ON
19:00:35: ...lock released
19:06:15: ========= TestCase 5 Tear Down =========
19:06:51: ========= TestCase 6 Starting =========
19:07:18: Waiting for pdu lock
19:07:18: ...lock acquired
19:07:18: (10.36.150.14, 1): status is ON
19:07:19: ...lock released
19:08:58: ========= TestCase 6 Tear Down =========
19:11:57: ========= TestCase 7 Starting =========
19:12:03: Waiting for pdu lock
19:12:03: ...lock acquired
19:12:03: (10.36.150.14, 1): status is ON
19:12:03: ...lock released
19:15:20: ========= TestCase 7 Tear Down =========
19:15:32: ========= TestCase 8 Starting =========
19:15:38: Waiting for pdu lock
19:15:38: ...lock acquired
19:15:38: (10.36.150.14, 1): status is ON
19:15:38: ...lock released
19:18:49: ========= TestCase 8 Tear Down =========
19:19:01: ========= TestCase 9 Starting =========
19:19:08: Waiting for pdu lock
19:19:08: ...lock acquired
19:19:08: (10.36.150.14, 1): status is ON
19:19:08: ...lock released
19:22:28: ========= TestCase 9 Tear Down =========
19:22:40: ========= TestCase 12 Starting =========
19:22:50: ========= TestCase 12 Tear Down =========
19:22:56: ========= TestCase 13 Starting =========
19:23:03: Waiting for pdu lock
19:23:03: ...lock acquired
19:23:03: (10.36.150.14, 1): status is ON
19:23:03: ...lock released
19:26:37: ========= TestCase 13 Tear Down =========
19:26:43: ========= TestCase 14 Starting =========
19:26:49: Waiting for pdu lock
19:26:49: ...lock acquired
19:26:49: (10.36.150.14, 1): status is ON
19:26:49: ...lock released
19:30:10: ========= TestCase 14 Tear Down =========
19:30:15: ========= TestCase 15 Starting =========
19:30:22: Waiting for pdu lock
19:30:22: ...lock acquired
19:30:22: (10.36.150.14, 1): status is ON
19:30:22: ...lock released
19:33:30: ========= TestCase 15 Tear Down =========
19:33:35: ========= TestCase 11 Starting =========
19:33:42: Waiting for pdu lock
19:33:42: ...lock acquired
19:33:42: (10.36.150.14, 1): status is ON
19:33:42: ...lock released
19:37:17: ========= TestCase 11 Tear Down =========
