AWPTCM-T5440 (1.0) — DoS: SMURF
tb470 IE520 stack (DUT) · port1.0.1 · 2026-09-03 · clean flat-vlan1 bench

RESULT: PASS. Method + gotchas: see DOS-METHOD.md in this directory.

Attack: ICMP echo request with destination = a subnet broadcast address (smurf amplification).
Config carries the watched broadcast: dos smurf broadcast 10.38.215.95 (the vlan1 .64/27 bcast).
Tool: fastdos.py smurf (batched).
  packet: Ether(dst=ff:ff:ff:ff:ff:ff, src=00:00:00:00:00:01)/IP(src=10.38.215.90,
          dst=10.38.215.95)/ICMP(code=8)   -- flooded on vlan1, transits port1.0.1

STEP 1 / arm:  interface port1.0.1 ; dos smurf broadcast 10.38.215.95 action shutdown
  show dos interface port1.0.1 -> smurf: Enabled, Action: Shutdown port, Attacks detected: 0

STEP 2 / attack (expected console banner: "% Smurf Attack detected and shutdown port1.0.1"):
  after ~9s:
  show dos interface port1.0.1 -> smurf Enabled, Attacks detected: >=1, Port status: Disabled
  show interface port1.0.1 status -> port1.0.1  err-disable  1  auto auto  10GBASE-T
  VERIFY: attack detected and port shut down. PASS.

STEP 3 / recover:  interface port1.0.1 ; no shutdown  -> port1.0.1 connected.

STEP 4/5 / negative control: interface port1.0.1 ; no dos smurf ; re-fire same attack
  (NB disarm is `no dos smurf`, NOT `no dos smurf broadcast ...` -- the latter is rejected.)
  show interface port1.0.1 status -> port1.0.1 connected  (NO shutdown with defense off). PASS.

STATE AFTER: port1.0.1 up, dos config removed (baseline). Running-config only; reverts on reload.
