## 15:08:41 phase 1: read the console without sending
=== CONSOLE STATE (transcript tail, nothing sent) ===

authd, hsl, imi, imiproxyd, irdpd, lacpd, lldpd
loopprotd, mstpd, nsm, rmond, sflowd


Loading configuration file flash:/default.cfg, please wait.
Warning: flash:/default.cfg does not exist, loading factory defaults.
.........

done!
[m


awplus login: 


awplus login: manager

Password: 
AlliedWare Plus (TM) 0.0.0 10/05/26 21:39:08

% Default password needs to be changed.
Enter new password: 


=== END ===
## 15:08:43 at "Enter new password:" (a CR there re-prompts); answer with the framework credential
=== AFTER NEW PASSWORD ===

% password matches the default password

Enter new password: 
=== END ===
## 15:08:43 dialog did not end at a CLI prompt (p='new password:\\s*$'): Ctrl-C and STOP
## 15:08:45 close (state=dialog, rc=2)
