## 15:09:56 phase 1: read the console without sending
=== CONSOLE STATE (transcript tail, nothing sent) ===
oading configuration file flash:/default.cfg, please wait.
Warning: flash:/default.cfg does not exist, loading factory defaults.
.........

done!
[m


awplus login: 


awplus login: manager

Password: 
AlliedWare Plus (TM) 0.0.0 10/05/26 21:39:08

% Default password needs to be changed.
Enter new password: 



% password matches the default password

Enter new password: 




Enter new password: 

=== END ===
## 15:09:58 at "Enter new password:" (a CR there re-prompts); answer with the framework credential
=== AFTER NEW PASSWORD ===

Re-enter new password: 
=== END ===
## 15:09:58 dialog did not end at a CLI prompt (p='new password:\\s*$'): Ctrl-C and STOP
## 15:10:00 close (state=dialog, rc=2)
