## 08:41:36 open; login
=== terminal length 0 ===
terminal length 0
awplus#
=== END ===
=== show boot ===
show boot
Boot configuration
--------------------------------------------------------------------------------
Current software   : x230v2_28GS-tb470.rel 
Current boot image : flash:/x230v2_28GS-tb470.rel (file exists)
Backup  boot image : Not set 
Default boot config: flash:/default.cfg
Current boot config: flash:/default.cfg (file exists)
Backup  boot config: Not set 
Autoboot status    : disabled
Boot Security Level: none

awplus#
=== END ===
## 08:41:37 reload (y+CR) to reach the Boot Menu
## 08:41:43 banner seen; bare Ctrl+B until the menu appears
=== BOOT MENU (verbatim) ===
 B

Boot Menu:

  WARNING: The bootloader is not currently password protected. 
  ------------------------------------------------------
  B. Boot backup software
  ------------------------------------------------------
  S. Security Level
  ------------------------------------------------------
  0. Restart
  1. Perform one-off boot from alternate source
  2. Change the default boot source (for advanced users)
  3. Update Bootloader
  4. Adjust the console baud rate
  5. Special boot options
  6. System information
  7. Restore Bootloader factory settings
  ------------------------------------------------------
  9. Quit and continue booting

Enter selection ==> 

Boot Menu:

  WARNING: The bootloader is not currently password protected. 
  ------------------------------------------------------
  B. Boot backup software
  ------------------------------------------------------
  S. Security Level
  ------------------------------------------------------
  0. Restart
  1. Perform one-off boot from alternate source
  2. Change the default boot source (for advanced users)
  3. Update Bootloader
  4. Adjust the console baud rate
  5. Special boot options
  6. System information
  7. Restore Bootloader factory settings
  ------------------------------------------------------
  9. Quit and continue booting

Enter selection ==> 
=== END ===
## 08:41:45 Boot Menu reached; send '2' (Change the default boot source)
=== MENU 2 (verbatim) ===
2

  NOTE: These settings are specific to the Bootloader.
  They are not related in any way to what may be configured
  by the 'boot system' command in the main software release.

Select device:

  0. Return to previous menu
  ------------------------------------------------------
  1. Flash   (flash:)
  3. TFTP    (tftp://)
  4. YMODEM  (ymodem:)
  6. USB     (usb:)
  ------------------------------------------------------
  9. Boot from default (determined by main CLI)

Enter selection ==> 
=== END ===
## 08:41:47 option 3 confirmed; send '3'
PROMPT 'Enter IP version [4|6].................. [4]:' -> '4'
PROMPT 'Enter IP address for this device........ [10.38.215.34]:' -> '10.38.215.34'
PROMPT 'Enter subnet mask....................... [255.255.255.224]:' -> '255.255.255.224'
PROMPT 'Enter gateway IP........................ [0.0.0.0]:' -> '0.0.0.0'
PROMPT 'Enter TFTP server IP.................... [10.38.215.33]:' -> '10.38.215.33'
PROMPT 'Enter filename.......................... [x230-tb470.rel]:' -> 'x230-tb470.rel'
=== AFTER SELECTION (verbatim) ===
x230-tb470.rel
  Saving settings... Complete

Boot Menu:

  WARNING: The bootloader is not currently password protected. 
  ------------------------------------------------------
  B. Boot backup software
  ------------------------------------------------------
  S. Security Level
  ------------------------------------------------------
  0. Restart
  1. Perform one-off boot from alternate source
  2. Change the default boot source (for advanced users)
  3. Update Bootloader
  4. Adjust the console baud rate
  5. Special boot options
  6. System information
  7. Restore Bootloader factory settings
  ------------------------------------------------------
  9. Quit and continue booting

Enter selection ==> 
=== END ===
## 08:41:50 Saving settings... Complete seen: True
## 08:41:50 send '9' (Quit and continue booting) [after 2->3]
=== BOOT [after 2->3] (verbatim head) ===
9


Warning: System has been forced to boot from a non-standard location
To restore the system to default behaviour, enter the Boot Menu,
	Choose option 2, then option 9

Loading tftp://10.38.215.33/x230-tb470.rel via USB Ethernet adapter...

Verifying release... OK
Booting.
=== END ===
## 08:44:25 reached login: prompt
## 08:44:25 PROOF: plain CLI reload, no keypresses in the bootloader
=== PROOF BOOT (bootloader part, verbatim) ===
Bootloader 6.2.40 loaded
Press <Ctrl+B> for the Boot Menu

Warning: System has been forced to boot from a non-standard location
To restore the system to default behaviour, enter the Boot Menu,
	Choose option 2, then option 9

Loading tftp://10.38.215.33/x230-tb470.rel via USB Ethernet adapter...

Verifying release... OK
Booting.
=== END ===
## 08:47:08 proof boot: login=True forced_banner=True source='Loading tftp://10.38.215.33/x230-tb470.rel via USB Ethernet adapter...'
=== terminal length 0 ===
terminal length 0
awplus#
=== END ===
=== show system ===
show system
System Status                                           Wed Oct 07 08:47:04 2026

Board      ID   Bay     Board Name                        Rev   Serial number
--------------------------------------------------------------------------------
Base       706  Base    AT-x230-28GS V2                   A-0   A10783G262900002
--------------------------------------------------------------------------------
RAM: Total: 506920 kB Free: 318864 kB
Flash: 95.6MB Used: 34.8MB Available: 60.9MB
--------------------------------------------------------------------------------
Environment Status : Normal
Uptime             : 0 days 00:02:19
Bootloader version : 6.2.40

Current software   : x230-tb470.rel
Software version   : awplus_main-20261006-52
Build date         : Mon Oct 5 21:39:08 UTC 2026

Current boot config: flash:/default.cfg (file exists)

System Name
 awplus
System Contact

System Location

awplus#
=== END ===
=== show boot ===
show boot
Boot configuration
--------------------------------------------------------------------------------
Current software   : x230-tb470.rel 
Current boot image : flash:/x230v2_28GS-tb470.rel (file exists)
Backup  boot image : Not set 
Default boot config: flash:/default.cfg
Current boot config: flash:/default.cfg (file exists)
Backup  boot config: Not set 
Autoboot status    : disabled
Boot Security Level: none

awplus#
=== END ===
## 08:47:12 exit (log out)
## 08:47:13 close (state=loggedout, rc=0)
