
===== opened /dev/u5 at 2026-10-02 07:30:50 =====

IE520-stk#
IE520-stk#
>>> terminal length 0
terminal length 0
IE520-stk#
>>> terminal no monitor
terminal no monitor
IE520-stk#
>>> show flowcontrol interface port3.0.9
show flowcontrol interface port3.0.9
Flow control is not set on interface port3.0.9

IE520-stk#
>>> show flowcontrol interface port3.0.10
show flowcontrol interface port3.0.10
Flow control is not set on interface port3.0.10

IE520-stk#
>>> show platform port port3.0.9 counters
show platform port port3.0.9 counters

Stack member 3:

 Switch Port Counters
---------------------------------------------------------------------------

Port port3.0.9 Ethernet MAC counters:
 Combined receive/transmit packets by size (octets) counters:
  64                                30 512 - 1023                         0
  65 - 127                         838 1024 - MaxPktSz                    0
  128 - 255                         10
  256 - 511                          0

 General Counters:
 Receive                             Transmit
  Octets                           384 Octets                         85748
  Pkts                               6 Pkts                             872
  CRCErrors                          0
  UnicastPkts                        0 UnicastPkts                      810
  MulticastPkts                      0 MulticastPkts                     38
  BroadcastPkts                      6 BroadcastPkts                     24
  FlowCtrlFrms                       0 FlowCtrlFrms                       0
  OversizePkts                       0
  Fragments                          0
  Jabbers                            0
  UpsupportOpcode                  N/A
  UndersizePkts                      0
                                       Collisions                         0
                                       LateCollisions                     0
                                       ExcessivCollsns                    0

 Miscellaneous Counters:
  MAC TxErr                          0
  MAC RxErr                          0
  Drop Events                        0

---------------------------------------------------------------------------
IE520-stk#
>>> show platform port port3.0.10 counters
show platform port port3.0.10 counters

Stack member 3:

 Switch Port Counters
---------------------------------------------------------------------------

Port port3.0.10 Ethernet MAC counters:
 Combined receive/transmit packets by size (octets) counters:
  64                                53 512 - 1023                         0
  65 - 127                        1508 1024 - MaxPktSz                    0
  128 - 255                         22
  256 - 511                          0

 General Counters:
 Receive                             Transmit
  Octets                          1372 Octets                        155850
  Pkts                              18 Pkts                            1565
  CRCErrors                          0
  UnicastPkts                        0 UnicastPkts                     1465
  MulticastPkts                      2 MulticastPkts                     55
  BroadcastPkts                     16 BroadcastPkts                     45
  FlowCtrlFrms                       0 FlowCtrlFrms                       0
  OversizePkts                       0
  Fragments                          0
  Jabbers                            0
  UpsupportOpcode                  N/A
  UndersizePkts                      0
                                       Collisions                         0
                                       LateCollisions                     0
                                       ExcessivCollsns                    0

 Miscellaneous Counters:
  MAC TxErr                          0
  MAC RxErr                          0
  Drop Events                        0

---------------------------------------------------------------------------
IE520-stk#
>>> end
end
            ^
% Invalid input detected at '^' marker.

IE520-stk#
>>> terminal no monitor
terminal no monitor
IE520-stk#
===== closed /dev/u5 at 2026-10-02 07:31:02 =====

===== opened /dev/u5 at 2026-10-02 07:31:10 =====

IE520-stk#
IE520-stk#
>>> terminal length 0
terminal length 0
IE520-stk#
>>> terminal no monitor
terminal no monitor
IE520-stk#
>>> show platform port port3.0.9 counters
show platform port port3.0.9 counters

Stack member 3:

 Switch Port Counters
---------------------------------------------------------------------------

Port port3.0.9 Ethernet MAC counters:
 Combined receive/transmit packets by size (octets) counters:
  64                                30 512 - 1023                         0
  65 - 127                         873 1024 - MaxPktSz                    0
  128 - 255                         11
  256 - 511                          0

 General Counters:
 Receive                             Transmit
  Octets                           384 Octets                         89376
  Pkts                               6 Pkts                             908
  CRCErrors                          0
  UnicastPkts                        0 UnicastPkts                      845
  MulticastPkts                      0 MulticastPkts                     39
  BroadcastPkts                      6 BroadcastPkts                     24
  FlowCtrlFrms                       0 FlowCtrlFrms                       0
  OversizePkts                       0
  Fragments                          0
  Jabbers                            0
  UpsupportOpcode                  N/A
  UndersizePkts                      0
                                       Collisions                         0
                                       LateCollisions                     0
                                       ExcessivCollsns                    0

 Miscellaneous Counters:
  MAC TxErr                          0
  MAC RxErr                          0
  Drop Events                        0

---------------------------------------------------------------------------
IE520-stk#
>>> show platform port port3.0.10 counters
show platform port port3.0.10 counters

Stack member 3:

 Switch Port Counters
---------------------------------------------------------------------------

Port port3.0.10 Ethernet MAC counters:
 Combined receive/transmit packets by size (octets) counters:
  64                                53 512 - 1023                         0
  65 - 127                        1545 1024 - MaxPktSz                    0
  128 - 255                         23
  256 - 511                          0

 General Counters:
 Receive                             Transmit
  Octets                          1372 Octets                        159646
  Pkts                              18 Pkts                            1603
  CRCErrors                          0
  UnicastPkts                        0 UnicastPkts                     1501
  MulticastPkts                      2 MulticastPkts                     57
  BroadcastPkts                     16 BroadcastPkts                     45
  FlowCtrlFrms                       0 FlowCtrlFrms                       0
  OversizePkts                       0
  Fragments                          0
  Jabbers                            0
  UpsupportOpcode                  N/A
  UndersizePkts                      0
                                       Collisions                         0
                                       LateCollisions                     0
                                       ExcessivCollsns                    0

 Miscellaneous Counters:
  MAC TxErr                          0
  MAC RxErr                          0
  Drop Events                        0

---------------------------------------------------------------------------
IE520-stk#
>>> end
end
            ^
% Invalid input detected at '^' marker.

IE520-stk#
>>> terminal no monitor
terminal no monitor
IE520-stk#
===== closed /dev/u5 at 2026-10-02 07:31:20 =====

===== opened /dev/u5 at 2026-10-02 07:31:30 =====

IE520-stk#
IE520-stk#
>>> terminal length 0
terminal length 0
IE520-stk#
>>> terminal no monitor
terminal no monitor
IE520-stk#
>>> show platform port port3.0.9 counters
show platform port port3.0.9 counters

Stack member 3:

 Switch Port Counters
---------------------------------------------------------------------------

Port port3.0.9 Ethernet MAC counters:
 Combined receive/transmit packets by size (octets) counters:
  64                                30 512 - 1023                   1220501
  65 - 127                         914 1024 - MaxPktSz                    0
  128 - 255                         12
  256 - 511                          0

 General Counters:
 Receive                             Transmit
  Octets                           384 Octets                    1225476575
  Pkts                               6 Pkts                         1221451
  CRCErrors                          0
  UnicastPkts                        0 UnicastPkts                  1221386
  MulticastPkts                      0 MulticastPkts                     41
  BroadcastPkts                      6 BroadcastPkts                     24
  FlowCtrlFrms                       0 FlowCtrlFrms                       0
  OversizePkts                       0
  Fragments                          0
  Jabbers                            0
  UpsupportOpcode                  N/A
  UndersizePkts                      0
                                       Collisions                         0
                                       LateCollisions                     0
                                       ExcessivCollsns                    0

 Miscellaneous Counters:
  MAC TxErr                          0
  MAC RxErr                          0
  Drop Events                        0

---------------------------------------------------------------------------
IE520-stk#
>>> show platform port port3.0.10 counters
show platform port port3.0.10 counters

Stack member 3:

 Switch Port Counters
---------------------------------------------------------------------------

Port port3.0.10 Ethernet MAC counters:
 Combined receive/transmit packets by size (octets) counters:
  64                                53 512 - 1023                   1220501
  65 - 127                        1584 1024 - MaxPktSz                    0
  128 - 255                         24
  256 - 511                          0

 General Counters:
 Receive                             Transmit
  Octets                    1225384376 Octets                        163674
  Pkts                         1220519 Pkts                            1643
  CRCErrors                          0
  UnicastPkts                  1220501 UnicastPkts                     1540
  MulticastPkts                      2 MulticastPkts                     58
  BroadcastPkts                     16 BroadcastPkts                     45
  FlowCtrlFrms                       0 FlowCtrlFrms                       0
  OversizePkts                       0
  Fragments                          0
  Jabbers                            0
  UpsupportOpcode                  N/A
  UndersizePkts                      0
                                       Collisions                         0
                                       LateCollisions                     0
                                       ExcessivCollsns                    0

 Miscellaneous Counters:
  MAC TxErr                          0
  MAC RxErr                          0
  Drop Events                        0

---------------------------------------------------------------------------
IE520-stk#
>>> end
end
            ^
% Invalid input detected at '^' marker.

IE520-stk#
>>> terminal no monitor
terminal no monitor
IE520-stk#
===== closed /dev/u5 at 2026-10-02 07:31:40 =====

===== opened /dev/u5 at 2026-10-02 07:31:48 =====

IE520-stk#
IE520-stk#
>>> terminal length 0
terminal length 0
IE520-stk#
>>> terminal no monitor
terminal no monitor
IE520-stk#
>>> show platform port port3.0.9 counters
show platform port port3.0.9 counters

Stack member 3:

 Switch Port Counters
---------------------------------------------------------------------------

Port port3.0.9 Ethernet MAC counters:
 Combined receive/transmit packets by size (octets) counters:
  64                                30 512 - 1023                   1220501
  65 - 127                         951 1024 - MaxPktSz                    0
  128 - 255                         12
  256 - 511                          0

 General Counters:
 Receive                             Transmit
  Octets                           384 Octets                    1225480242
  Pkts                               6 Pkts                         1221488
  CRCErrors                          0
  UnicastPkts                        0 UnicastPkts                  1221422
  MulticastPkts                      0 MulticastPkts                     42
  BroadcastPkts                      6 BroadcastPkts                     24
  FlowCtrlFrms                       0 FlowCtrlFrms                       0
  OversizePkts                       0
  Fragments                          0
  Jabbers                            0
  UpsupportOpcode                  N/A
  UndersizePkts                      0
                                       Collisions                         0
                                       LateCollisions                     0
                                       ExcessivCollsns                    0

 Miscellaneous Counters:
  MAC TxErr                          0
  MAC RxErr                          0
  Drop Events                        0

---------------------------------------------------------------------------
IE520-stk#
>>> show platform port port3.0.10 counters
show platform port port3.0.10 counters

Stack member 3:

 Switch Port Counters
---------------------------------------------------------------------------

Port port3.0.10 Ethernet MAC counters:
 Combined receive/transmit packets by size (octets) counters:
  64                                53 512 - 1023                   1220501
  65 - 127                        1620 1024 - MaxPktSz                    0
  128 - 255                         24
  256 - 511                          0

 General Counters:
 Receive                             Transmit
  Octets                    1225384376 Octets                        167242
  Pkts                         1220519 Pkts                            1679
  CRCErrors                          0
  UnicastPkts                  1220501 UnicastPkts                     1575
  MulticastPkts                      2 MulticastPkts                     59
  BroadcastPkts                     16 BroadcastPkts                     45
  FlowCtrlFrms                       0 FlowCtrlFrms                       0
  OversizePkts                       0
  Fragments                          0
  Jabbers                            0
  UpsupportOpcode                  N/A
  UndersizePkts                      0
                                       Collisions                         0
                                       LateCollisions                     0
                                       ExcessivCollsns                    0

 Miscellaneous Counters:
  MAC TxErr                          0
  MAC RxErr                          0
  Drop Events                        0

---------------------------------------------------------------------------
IE520-stk#
>>> end
end
            ^
% Invalid input detected at '^' marker.

IE520-stk#
>>> terminal no monitor
terminal no monitor
IE520-stk#
===== closed /dev/u5 at 2026-10-02 07:31:57 =====

===== opened /dev/u5 at 2026-10-02 07:32:11 =====

IE520-stk#
IE520-stk#
>>> terminal length 0
terminal length 0
IE520-stk#
>>> terminal no monitor
terminal no monitor
IE520-stk#
>>> show platform port port3.0.9 counters
show platform port port3.0.9 counters

Stack member 3:

 Switch Port Counters
---------------------------------------------------------------------------

Port port3.0.9 Ethernet MAC counters:
 Combined receive/transmit packets by size (octets) counters:
  64                                30 512 - 1023                   2441002
  65 - 127                         997 1024 - MaxPktSz                    0
  128 - 255                         12
  256 - 511                          0

 General Counters:
 Receive                             Transmit
  Octets                           384 Octets                    2450867846
  Pkts                               6 Pkts                         2442035
  CRCErrors                          0
  UnicastPkts                        0 UnicastPkts                  2441969
  MulticastPkts                      0 MulticastPkts                     42
  BroadcastPkts                      6 BroadcastPkts                     24
  FlowCtrlFrms                     195 FlowCtrlFrms                       0
  OversizePkts                       0
  Fragments                          0
  Jabbers                            0
  UpsupportOpcode                  N/A
  UndersizePkts                      0
                                       Collisions                         0
                                       LateCollisions                     0
                                       ExcessivCollsns                    0

 Miscellaneous Counters:
  MAC TxErr                          0
  MAC RxErr                          0
  Drop Events                        0

---------------------------------------------------------------------------
IE520-stk#
>>> show platform port port3.0.10 counters
show platform port port3.0.10 counters

Stack member 3:

 Switch Port Counters
---------------------------------------------------------------------------

Port port3.0.10 Ethernet MAC counters:
 Combined receive/transmit packets by size (octets) counters:
  64                                53 512 - 1023                   2441002
  65 - 127                        1667 1024 - MaxPktSz                    0
  128 - 255                         24
  256 - 511                          0

 General Counters:
 Receive                             Transmit
  Octets                    2450767380 Octets                        171910
  Pkts                         2441020 Pkts                            1726
  CRCErrors                          0
  UnicastPkts                  2441002 UnicastPkts                     1621
  MulticastPkts                      2 MulticastPkts                     60
  BroadcastPkts                     16 BroadcastPkts                     45
  FlowCtrlFrms                       0 FlowCtrlFrms                       0
  OversizePkts                       0
  Fragments                          0
  Jabbers                            0
  UpsupportOpcode                  N/A
  UndersizePkts                      0
                                       Collisions                         0
                                       LateCollisions                     0
                                       ExcessivCollsns                    0

 Miscellaneous Counters:
  MAC TxErr                          0
  MAC RxErr                          0
  Drop Events                        0

---------------------------------------------------------------------------
IE520-stk#
>>> end
end
            ^
% Invalid input detected at '^' marker.

IE520-stk#
>>> terminal no monitor
terminal no monitor
IE520-stk#
===== closed /dev/u5 at 2026-10-02 07:32:21 =====

===== opened /dev/u5 at 2026-10-02 07:32:31 =====

IE520-stk#
IE520-stk#
>>> terminal length 0
terminal length 0
IE520-stk#
>>> terminal no monitor
terminal no monitor
IE520-stk#
>>> configure terminal
configure terminal
Enter configuration commands, one per line.  End with CNTL/Z.
IE520-stk(config)#
>>> interface port3.0.9,port3.0.10
interface port3.0.9,port3.0.10
IE520-stk(config-if)#
>>> flowcontrol receive on
flowcontrol receive on
% Error setting flow control receive on port3.0.9
% Error setting flow control receive on port3.0.10
IE520-stk(config-if)#
>>> flowcontrol send on
flowcontrol send on
% Error setting flow control send on port3.0.9
% Error setting flow control send on port3.0.10
IE520-stk(config-if)#
>>> end
end
IE520-stk#
>>> show flowcontrol interface port3.0.9
show flowcontrol interface port3.0.9
Flow control is not set on interface port3.0.9

IE520-stk#
>>> show flowcontrol interface port3.0.10
show flowcontrol interface port3.0.10
Flow control is not set on interface port3.0.10

IE520-stk#
>>> show running-config interface port3.0.9-3.0.10
show running-config interface port3.0.9-3.0.10
!
interface port3.0.9-3.0.10
 switchport
 switchport mode access
!
IE520-stk#
>>> show interface port3.0.9,port3.0.10 status
show interface port3.0.9,port3.0.10 status
Port        Name               Status      Vlan      Duplex Speed   Type        
--------------------------------------------------------------------------------
port3.0.9   -                  connected           1 a-full a-1000  10GBASE-TM  
port3.0.10  -                  connected           1 a-full a-1000  1000BASE-T  

IE520-stk#
>>> end
end
            ^
% Invalid input detected at '^' marker.

IE520-stk#
>>> terminal no monitor
terminal no monitor
IE520-stk#
===== closed /dev/u5 at 2026-10-02 07:32:51 =====

===== opened /dev/u5 at 2026-10-02 07:33:21 =====

IE520-stk#
>>> terminal length 0
terminal length 0
IE520-stk#
>>> terminal no monitor
terminal no monitor
IE520-stk#
>>> configure terminal
configure terminal
Enter configuration commands, one per line.  End with CNTL/Z.
IE520-stk(config)#
>>> interface port3.0.10
interface port3.0.10
IE520-stk(config-if)#
>>> flowcontrol ? (no CR)
flowcontrol ?
  both     Flow control on send and receive
  receive  Flow control on receive
  send     Flow control on send

[K[33CIE520-stk(config-if)#flowcontrol [12D[K
>>> flowcontrol receive ? (no CR)
flowcontrol receive ?
  off  Turn off flow control
  on   Turn on flow control

[K[41CIE520-stk(config-if)#flowcontrol receive [20D[K
>>> flowcontrol send ? (no CR)
flowcontrol send ?
  off  Turn off flow control
  on   Turn on flow control

[K[38CIE520-stk(config-if)#flowcontrol send [17D[K
>>> end
end
IE520-stk#
>>> terminal no monitor
terminal no monitor
IE520-stk#
===== closed /dev/u5 at 2026-10-02 07:33:36 =====

===== opened /dev/u5 at 2026-10-02 07:33:36 =====

IE520-stk#
IE520-stk#
>>> terminal length 0
terminal length 0
IE520-stk#
>>> terminal no monitor
terminal no monitor
IE520-stk#
>>> show log | include low|hsl|HSL|NSM
show log | include low|hsl|HSL|NSM
7[r[999;999H[6n2026 Oct 01 18:21:31 user.notice IE520-stk NSM[618]: port2.0.1 port mode access updated VLAN
2026 Oct 01 18:21:31 user.notice IE520-stk NSM[618]: port2.0.1 updated vlans
2026 Oct 01 18:21:31 user.notice IE520-stk NSM[618]: port2.0.1 VLAN mode set to access
2026 Oct 01 18:21:31 user.notice IE520-stk NSM[618]: port2.0.2 port mode access updated VLAN
2026 Oct 01 18:21:31 user.notice IE520-stk NSM[618]: port2.0.2 updated vlans
2026 Oct 01 18:21:31 user.notice IE520-stk NSM[618]: port2.0.2 VLAN mode set to access
2026 Oct 01 18:21:31 user.notice IE520-stk NSM[618]: port2.0.3 port mode access updated VLAN
2026 Oct 01 18:21:31 user.notice IE520-stk NSM[618]: port2.0.3 updated vlans
2026 Oct 01 18:21:31 user.notice IE520-stk NSM[618]: port2.0.3 VLAN mode set to access
2026 Oct 01 18:21:31 user.notice IE520-stk NSM[618]: port2.0.4 port mode access updated VLAN
2026 Oct 01 18:21:31 user.notice IE520-stk NSM[618]: port2.0.4 updated vlans
2026 Oct 01 18:21:31 user.notice IE520-stk NSM[618]: port2.0.4 VLAN mode set to access
2026 Oct 01 18:21:31 user.notice IE520-stk NSM[618]: port2.0.5 port mode access updated VLAN
2026 Oct 01 18:21:31 user.notice IE520-stk NSM[618]: port2.0.5 updated vlans
2026 Oct 01 18:21:31 user.notice IE520-stk NSM[618]: port2.0.5 VLAN mode set to access
2026 Oct 01 18:21:31 user.notice IE520-stk NSM[618]: port2.0.6 port mode access updated VLAN
2026 Oct 01 18:21:31 user.notice IE520-stk NSM[618]: port2.0.6 updated vlans
2026 Oct 01 18:21:31 user.notice IE520-stk NSM[618]: port2.0.6 VLAN mode set to access
2026 Oct 01 18:21:31 user.notice IE520-stk NSM[618]: port2.0.7 port mode access updated VLAN
2026 Oct 01 18:21:31 user.notice IE520-stk NSM[618]: port2.0.7 updated vlans
2026 Oct 01 18:21:31 user.notice IE520-stk NSM[618]: port2.0.7 VLAN mode set to access
2026 Oct 01 18:21:31 user.notice IE520-stk NSM[618]: port2.0.8 port mode access updated VLAN
2026 Oct 01 18:21:31 user.notice IE520-stk NSM[618]: port2.0.8 updated vlans
2026 Oct 01 18:21:31 user.notice IE520-stk NSM[618]: port2.0.8 VLAN mode set to access
2026 Oct 01 18:21:32 user.notice IE520-stk NSM[618]: port2.0.9 port mode access updated VLAN
2026 Oct 01 18:21:32 user.notice IE520-stk NSM[618]: port2.0.9 updated vlans
2026 Oct 01 18:21:32 user.notice IE520-stk NSM[618]: port2.0.9 VLAN mode set to access
2026 Oct 01 18:21:32 user.notice IE520-stk NSM[618]: port2.0.10 port mode access updated VLAN
2026 Oct 01 18:21:32 user.notice IE520-stk NSM[618]: port2.0.10 updated vlans
2026 Oct 01 18:21:32 user.notice IE520-stk NSM[618]: port2.0.10 VLAN mode set to access
2026 Oct 01 18:21:32 user.notice IE520-stk NSM[618]: port2.0.11 port mode access updated VLAN
2026 Oct 01 18:21:32 user.notice IE520-stk NSM[618]: port2.0.11 updated vlans
2026 Oct 01 18:21:32 user.notice IE520-stk NSM[618]: port2.0.11 VLAN mode set to access
2026 Oct 01 18:21:32 user.notice IE520-stk NSM[618]: port2.0.12 port mode access updated VLAN
2026 Oct 01 18:21:32 user.notice IE520-stk NSM[618]: port2.0.12 updated vlans
2026 Oct 01 18:21:32 user.notice IE520-stk NSM[618]: port2.0.12 VLAN mode set to access
2026 Oct 01 18:21:32 user.notice IE520-stk NSM[618]: port2.0.13 port mode access updated VLAN
2026 Oct 01 18:21:32 user.notice IE520-stk NSM[618]: port2.0.13 updated vlans
2026 Oct 01 18:21:32 user.notice IE520-stk NSM[618]: port2.0.13 VLAN mode set to access
2026 Oct 01 18:21:32 user.notice IE520-stk NSM[618]: port2.0.14 port mode access updated VLAN
2026 Oct 01 18:21:32 user.notice IE520-stk NSM[618]: port2.0.14 updated vlans
2026 Oct 01 18:21:32 user.notice IE520-stk NSM[618]: port2.0.14 VLAN mode set to access
2026 Oct 01 18:21:32 user.notice IE520-stk NSM[618]: port2.0.15 port mode access updated VLAN
2026 Oct 01 18:21:32 user.notice IE520-stk NSM[618]: port2.0.15 updated vlans
2026 Oct 01 18:21:32 user.notice IE520-stk NSM[618]: port2.0.15 VLAN mode set to access
2026 Oct 01 18:21:32 user.notice IE520-stk NSM[618]: port2.0.16 port mode access updated VLAN
2026 Oct 01 18:21:32 user.notice IE520-stk NSM[618]: port2.0.16 updated vlans
2026 Oct 01 18:21:32 user.notice IE520-stk NSM[618]: port2.0.16 VLAN mode set to access
2026 Oct 01 18:21:32 user.notice IE520-stk NSM[618]: port2.0.17 port mode access updated VLAN
2026 Oct 01 18:21:32 user.notice IE520-stk NSM[618]: port2.0.17 updated vlans
2026 Oct 01 18:21:32 user.notice IE520-stk NSM[618]: port2.0.17 VLAN mode set to access
2026 Oct 01 18:21:32 user.notice IE520-stk NSM[618]: port2.0.18 port mode access updated VLAN
2026 Oct 01 18:21:32 user.notice IE520-stk NSM[618]: port2.0.18 updated vlans
2026 Oct 01 18:21:32 user.notice IE520-stk NSM[618]: port2.0.18 VLAN mode set to access
2026 Oct 01 18:21:32 user.notice IE520-stk NSM[618]: port2.0.19 port mode access updated VLAN
2026 Oct 01 18:21:32 user.notice IE520-stk NSM[618]: port2.0.19 updated vlans
2026 Oct 01 18:21:32 user.notice IE520-stk NSM[618]: port2.0.19 VLAN mode set to access
2026 Oct 01 18:21:32 user.notice IE520-stk NSM[618]: port2.0.20 port mode access updated VLAN
2026 Oct 01 18:21:32 user.notice IE520-stk NSM[618]: port2.0.20 updated vlans
2026 Oct 01 18:21:32 user.notice IE520-stk NSM[618]: port2.0.20 VLAN mode set to access
2026 Oct 01 18:21:32 user.notice IE520-stk NSM[618]: port2.0.21 port mode access updated VLAN
2026 Oct 01 18:21:32 user.notice IE520-stk NSM[618]: port2.0.21 updated vlans
2026 Oct 01 18:21:32 user.notice IE520-stk NSM[618]: port2.0.21 VLAN mode set to access
2026 Oct 01 18:21:32 user.notice IE520-stk NSM[618]: port2.0.22 port mode access updated VLAN
2026 Oct 01 18:21:32 user.notice IE520-stk NSM[618]: port2.0.22 updated vlans
2026 Oct 01 18:21:32 user.notice IE520-stk NSM[618]: port2.0.22 VLAN mode set to access
2026 Oct 01 18:21:32 user.notice IE520-stk NSM[618]: port2.0.23 port mode access updated VLAN
2026 Oct 01 18:21:32 user.notice IE520-stk NSM[618]: port2.0.23 updated vlans
2026 Oct 01 18:21:32 user.notice IE520-stk NSM[618]: port2.0.23 VLAN mode set to access
2026 Oct 01 18:21:32 user.notice IE520-stk NSM[618]: port2.0.24 port mode access updated VLAN
2026 Oct 01 18:21:32 user.notice IE520-stk NSM[618]: port2.0.24 updated vlans
2026 Oct 01 18:21:32 user.notice IE520-stk NSM[618]: port2.0.24 VLAN mode set to access
2026 Oct 01 18:21:32 user.notice IE520-stk NSM[618]: port2.0.25 port mode access updated VLAN
2026 Oct 01 18:21:32 user.notice IE520-stk NSM[618]: port2.0.25 updated vlans
2026 Oct 01 18:21:32 user.notice IE520-stk NSM[618]: port2.0.25 VLAN mode set to access
2026 Oct 01 18:21:33 user.notice IE520-stk NSM[618]: port2.0.26 port mode access updated VLAN
2026 Oct 01 18:21:33 user.notice IE520-stk NSM[618]: port2.0.26 updated vlans
2026 Oct 01 18:21:33 user.notice IE520-stk NSM[618]: port2.0.26 VLAN mode set to access
2026 Oct 01 18:21:33 user.notice IE520-stk NSM[618]: port2.0.27 port mode access updated VLAN
2026 Oct 01 18:21:33 user.notice IE520-stk NSM[618]: port2.0.27 updated vlans
2026 Oct 01 18:21:33 user.notice IE520-stk NSM[618]: port2.0.27 VLAN mode set to access
2026 Oct 01 18:21:33 user.notice IE520-stk NSM[618]: port2.0.28 port mode access updated VLAN
2026 Oct 01 18:21:33 user.notice IE520-stk NSM[618]: port2.0.28 updated vlans
2026 Oct 01 18:21:33 user.notice IE520-stk NSM[618]: port2.0.28 VLAN mode set to access
2026 Oct 01 18:21:33 user.notice IE520-stk NSM[618]: VLAN: added VID 10
2026 Oct 01 18:21:33 user.notice IE520-stk NSM[618]: VLAN: added VID 4000
2026 Oct 01 18:21:33 user.notice IE520-stk NSM[618]: Port up notification received for vlan10 
2026 Oct 01 18:21:33 user.notice IE520-stk NSM[618]: VLAN: added VID 10
2026 Oct 01 18:21:33 user.notice IE520-stk NSM[618]: Port up notification received for vlan4000 
2026 Oct 01 18:21:33 user.notice IE520-stk NSM[618]: VLAN: added VID 4000
2026 Oct 01 18:21:33 user.notice IE520-stk NSM[618]: sa2 port mode access updated VLAN
2026 Oct 01 18:21:33 user.notice IE520-stk NSM[618]: sa2 updated vlans
2026 Oct 01 18:21:33 user.notice IE520-stk NSM[618]: sa2 VLAN mode set to access
2026 Oct 01 18:21:34 user.notice IE520-stk NSM[618]: sa3 port mode access updated VLAN
2026 Oct 01 18:21:34 user.notice IE520-stk NSM[618]: sa3 updated vlans
2026 Oct 01 18:21:34 user.notice IE520-stk NSM[618]: sa3 VLAN mode set to access
2026 Oct 01 18:21:34 user.notice IE520-stk NSM[618]: port3.0.2 port mode access updated VLAN
2026 Oct 01 18:21:34 user.notice IE520-stk NSM[618]: sa1 port mode access updated VLAN
2026 Oct 01 18:21:34 user.notice IE520-stk NSM[618]: sa1 updated vlans
2026 Oct 01 18:21:34 user.notice IE520-stk NSM[618]: sa1 VLAN mode set to access
2026 Oct 01 18:21:34 user.notice IE520-stk NSM[618]: sa1 port mode access updated VLAN
2026 Oct 01 18:21:34 user.notice IE520-stk NSM[618]: port4.0.2 port mode access updated VLAN
2026 Oct 01 18:21:34 user.notice IE520-stk NSM[618]: port4.0.26 port mode access updated VLAN
2026 Oct 01 18:21:34 user.notice IE520-stk NSM[618]: vlan1 installed address 10.38.215.10/27
2026 Oct 01 18:21:34 user.notice IE520-stk NSM[618]: vlan1 installed address 10.38.215.40/27
2026 Oct 01 18:21:34 user.notice IE520-stk NSM[618]: vlan1 installed address 10.38.215.66/27
2026 Oct 01 18:21:34 user.notice IE520-stk NSM[618]: vlan10 installed address 10.10.10.1/27
2026 Oct 01 18:21:45 user.notice IE520-stk NSM[618]: Port up notification received for port4.0.26 
2026 Oct 01 18:21:45 user.notice IE520-stk NSM[618]: Port up notification received for vlan4000 
2026 Oct 01 18:21:48 user.notice IE520-stk NSM[618]: Port up notification received for port3.0.10 
2026 Oct 01 18:21:48 user.notice IE520-stk NSM[618]: Port up notification received for vlan1 
2026 Oct 01 18:21:49 user.notice IE520-stk NSM[618]: Port up notification received for sa3 
2026 Oct 01 18:21:49 user.notice IE520-stk NSM[618]: Port up notification received for port4.0.9 
2026 Oct 01 18:21:58 user.notice IE520-stk NSM[618]: Port up notification received for port3.0.9 
2026 Oct 01 18:21:58 user.notice IE520-stk NSM[618]: Port up notification received for port1.0.13 
2026 Oct 01 18:22:15 user.notice IE520-stk NSM[618]: port3.0.10 VLAN mode set to trunk
2026 Oct 01 18:22:16 user.notice IE520-stk NSM[618]: port3.0.10 set native VID 0
2026 Oct 01 18:22:48 user.notice IE520-stk NSM[618]: port3.0.10 port mode access updated VLAN
2026 Oct 01 18:22:48 user.notice IE520-stk NSM[618]: port3.0.10 updated vlans
2026 Oct 01 18:22:48 user.notice IE520-stk NSM[618]: port3.0.10 VLAN mode set to access
2026 Oct 01 18:23:07 user.notice IE520-stk NSM[618]: Port up notification received for vlan10 
2026 Oct 01 18:23:07 user.notice IE520-stk NSM[618]: VLAN: added VID 10
2026 Oct 01 18:23:08 user.notice IE520-stk NSM[618]: port3.0.10 VLAN mode set to trunk
2026 Oct 01 18:23:08 user.notice IE520-stk IMISH[4341]: [manager@ie520-stk-1]switchport trunk allowed vlan add 10
2026 Oct 01 18:23:08 user.notice IE520-stk NSM[618]: Port up notification received for vlan10 
2026 Oct 01 18:23:08 user.notice IE520-stk NSM[618]: port3.0.10 updated vlans
2026 Oct 01 18:23:10 user.notice IE520-stk NSM[618]: port3.0.9 port mode access updated VLAN
2026 Oct 01 18:25:45 user.notice IE520-stk NSM[618]: Port up notification received for sa1 
2026 Oct 01 18:25:45 user.notice IE520-stk NSM[618]: Port up notification received for port3.0.2 
2026 Oct 01 18:25:47 user.notice IE520-stk NSM[618]: Port up notification received for port4.0.2 
2026 Oct 01 18:27:46 user.notice IE520-stk NSM[618]: Port up notification received for sa2 
2026 Oct 01 18:27:46 user.notice IE520-stk NSM[618]: Port up notification received for port1.0.2 
2026 Oct 01 18:27:46 user.notice IE520-stk NSM[618]: Port up notification received for port1.0.9 
2026 Oct 01 18:29:00 user.notice IE520-stk NSM[618]: port3.0.10 updated vlans
2026 Oct 01 18:29:00 user.notice IE520-stk NSM[618]: port3.0.10 VLAN mode set to access
2026 Oct 01 18:29:04 user.notice IE520-stk NSM[618]: port3.0.9 port mode access updated VLAN
2026 Oct 01 18:31:41 user.notice IE520-stk IMISH[12653]: [manager@ttyS0]show flowcontrol interface port3.0.9
2026 Oct 01 18:31:42 user.notice IE520-stk IMISH[12653]: [manager@ttyS0]show flowcontrol interface port3.0.10
2026 Oct 01 18:33:26 user.notice IE520-stk IMISH[12653]: [manager@ttyS0]flowcontrol receive on
2026 Oct 01 18:33:26 local7.err IE520-stk EXFX[665]: DBG:exfx_port_flowControlSet 1979: Configuring flow-control receive is not supported on this product
2026 Oct 01 18:33:27 local7.err IE520-stk EXFX[341]: Last message 'DBG:exfx_port_flowCo' repeated 1 times, suppressed by syslog-ng on IE520-stk
2026 Oct 01 18:33:27 user.notice IE520-stk IMISH[12653]: [manager@ttyS0]flowcontrol send on
2026 Oct 01 18:33:30 user.notice IE520-stk IMISH[12653]: [manager@ttyS0]show flowcontrol interface port3.0.9
2026 Oct 01 18:33:31 user.notice IE520-stk IMISH[12653]: [manager@ttyS0]show flowcontrol interface port3.0.10
2026 Oct 01 18:34:31 user.notice IE520-stk IMISH[12653]: [manager@ttyS0]show log | include low|hsl|HSL|NSM
IE520-stk#
>>> show interface port3.0.11 status
show interface port3.0.11 status
Port        Name               Status      Vlan      Duplex Speed   Type        
--------------------------------------------------------------------------------
port3.0.11  -                  notconnect          1 auto   auto    not present 

IE520-stk#
>>> configure terminal
configure terminal
Enter configuration commands, one per line.  End with CNTL/Z.
IE520-stk(config)#
>>> interface port3.0.11
interface port3.0.11
IE520-stk(config-if)#
>>> flowcontrol receive on
flowcontrol receive on
% Error setting flow control receive on port3.0.11
IE520-stk(config-if)#
>>> flowcontrol send on
flowcontrol send on
% Error setting flow control send on port3.0.11
IE520-stk(config-if)#
>>> end
end
IE520-stk#
>>> show flowcontrol interface port3.0.11
show flowcontrol interface port3.0.11
Flow control is not set on interface port3.0.11

IE520-stk#
>>> show running-config interface port3.0.11
show running-config interface port3.0.11
!
interface port3.0.11
 switchport
 switchport mode access
!
IE520-stk#
>>> end
end
            ^
% Invalid input detected at '^' marker.

IE520-stk#
>>> terminal no monitor
terminal no monitor
IE520-stk#
===== closed /dev/u5 at 2026-10-02 07:34:00 =====

===== opened /dev/u5 at 2026-10-02 07:34:11 =====

IE520-stk#
IE520-stk#
>>> terminal length 0
terminal length 0
IE520-stk#
>>> terminal no monitor
terminal no monitor
IE520-stk#
>>> show log | include flowCo|flow-control
show log | include flowCo|flow-control
7[r[999;999H[6n2026 Oct 01 18:33:26 local7.err IE520-stk EXFX[665]: DBG:exfx_port_flowControlSet 1979: Configuring flow-control receive is not supported on this product
2026 Oct 01 18:33:27 local7.err IE520-stk EXFX[341]: Last message 'DBG:exfx_port_flowCo' repeated 1 times, suppressed by syslog-ng on IE520-stk
2026 Oct 01 18:34:38 local7.err IE520-stk EXFX[665]: DBG:exfx_port_flowControlSet 1979: Configuring flow-control receive is not supported on this product
2026 Oct 01 18:35:06 user.notice IE520-stk IMISH[12653]: [manager@ttyS0]show log | include flowCo|flow-control
IE520-stk#
>>> show running-config | include flowcontrol
show running-config | include flowcontrol
IE520-stk#
>>> end
end
            ^
% Invalid input detected at '^' marker.

IE520-stk#
>>> terminal no monitor
terminal no monitor
IE520-stk#
===== closed /dev/u5 at 2026-10-02 07:34:24 =====
