### 16:57:19 stack: shut the four legs, back into sa2/sa3, drop 3991-3994
16:57:24 >>> configure terminal
Enter configuration commands, one per line.  End with CNTL/Z.
16:57:25 >>> interface port1.0.2
16:57:26 >>> shutdown
switch: port 58(port1.0.2) entered disabled state
IE520-stk(config-if)#switch: port 58(port1.0.2) entered disabled state
16:57:27 >>> interface port1.0.9
16:57:28 >>> shutdown
switch: port 65(port1.0.9) entered disabled state
IE520-stk(config-if)#switch: port 65(port1.0.9) entered disabled state
16:57:29 >>> interface port1.0.13
16:57:31 >>> shutdown
switch: port 69(port1.0.13) entered disabled state
IE520-stk(config-if)#switch: port 69(port1.0.13) entered disabled state
16:57:32 >>> interface port4.0.9
16:57:33 >>> shutdown
switch: port 37(port4.0.9) entered disabled state
IE520-stk(config-if)#switch: port 37(port4.0.9) entered disabled state
16:57:34 >>> interface port1.0.2
16:57:35 >>> no switchport access vlan
16:57:36 >>> static-channel-group 2
16:57:37 >>> interface port1.0.9
16:57:39 >>> no switchport access vlan
16:57:40 >>> static-channel-group 2
16:57:41 >>> interface port1.0.13
16:57:42 >>> no switchport access vlan
16:57:43 >>> static-channel-group 3
16:57:44 >>> interface port4.0.9
16:57:46 >>> no switchport access vlan
16:57:47 >>> static-channel-group 3
16:57:48 >>> exit
16:57:49 >>> vlan database
16:57:50 >>> no vlan 3991-3994
16:57:51 >>> end
16:57:52 >>> show static-channel-group
LAG Maximum        : 124
LAG Static  Count  : 3
LAG Dynamic Count  : 0
LAG Total   Count  : 3
Static Aggregator: sa1
Member:
 port3.0.2
 port4.0.2
Static Aggregator: sa2
Member:
 port1.0.2
 port1.0.9
Static Aggregator: sa3
Member:
 port1.0.13
 port4.0.9
16:57:54 >>> show running-config interface sa2-3
!
interface sa2-3
 switchport
 switchport mode access
!
### 16:57:56 x230: observer trunk 1.0.1 back to access 100; 1.0.3/1.0.4 -> vlan 100 + sa2; drop 3991-3992
16:58:01 >>> configure terminal
Enter configuration commands, one per line.  End with CNTL/Z.
16:58:02 >>> interface port1.0.1
16:58:03 >>> switchport trunk allowed vlan remove 3991,3992
16:58:05 >>> no switchport trunk native vlan
16:58:06 >>> switchport mode access
16:58:07 >>> switchport access vlan 100
16:58:08 >>> interface port1.0.3
16:58:09 >>> switchport access vlan 100
16:58:11 >>> static-channel-group 2
16:58:12 >>> interface port1.0.4
16:58:13 >>> switchport access vlan 100
16:58:14 >>> static-channel-group 2
16:58:15 >>> exit
16:58:16 >>> vlan database
16:58:17 >>> no vlan 3991-3992
16:58:19 >>> end
16:58:20 >>> show static-channel-group
LAG Maximum        : 128
LAG Static  Count  : 1
LAG Dynamic Count  : 0
LAG Total   Count  : 1
Static Aggregator: sa2
Member:
 port1.0.3
 port1.0.4
16:58:22 >>> show running-config interface sa2
!
interface sa2
 switchport
 switchport mode access
 switchport access vlan 100
!
### 16:58:24 SA: observer trunk 1.0.2 back to access; 1.0.13/1.0.9 -> sa3; drop 3993-3994
16:58:29 >>> configure terminal
Enter configuration commands, one per line.  End with CNTL/Z.
16:58:30 >>> interface port1.0.2
16:58:31 >>> switchport trunk allowed vlan remove 3993,3994
16:58:32 >>> switchport mode access
16:58:33 >>> interface port1.0.13
16:58:34 >>> no switchport access vlan
16:58:36 >>> static-channel-group 3
16:58:37 >>> interface port1.0.9
16:58:38 >>> no switchport access vlan
16:58:39 >>> static-channel-group 3
16:58:40 >>> exit
16:58:41 >>> vlan database
16:58:42 >>> no vlan 3993-3994
16:58:44 >>> end
16:58:45 >>> show static-channel-group
LAG Maximum        : 124
LAG Static  Count  : 1
LAG Dynamic Count  : 0
LAG Total   Count  : 1
Static Aggregator: sa3
Member:
 port1.0.9
 port1.0.13
16:58:46 >>> show running-config interface sa3
!
interface sa3
 switchport
 switchport mode access
!
### 16:58:48 stack: legs up
16:58:53 >>> configure terminal
Enter configuration commands, one per line.  End with CNTL/Z.
16:58:54 >>> interface port1.0.2
16:58:55 >>> no shutdown
16:58:56 >>> interface port1.0.9
16:58:58 >>> no shutdown
IE520-stk(config-if)#switch: port 58(port1.0.2) entered blocking state
switch: port 58(port1.0.2) entered forwarding state
16:58:59 >>> interface port1.0.13
16:59:00 >>> no shutdown
IE520-stk(config-if)#switch: port 65(port1.0.9) entered blocking state
switch: port 65(port1.0.9) entered forwarding state
16:59:02 >>> interface port4.0.9
16:59:03 >>> no shutdown
16:59:05 >>> end
IE520-stk#switch: port 69(port1.0.13) entered blocking state
switch: port 69(port1.0.13) entered forwarding state
16:59:32 >>> show interface status | include port1.0.2 |port1.0.9 |port1.0.13 |port4.0.9 |port4.0.26 |port3.0.13 
show interface status | include port1.0.2 |port1.0.9 |port1.0.13 |port

4.0.9 |port4.0.26 |port3.0.13 

port1.0.2   -                  connected           1 a-full a-1000  1000BASE-T  
port1.0.9   -                  connected           1 a-full a-1000  1000BASE-T  
port1.0.13  -                  connected           1 a-full a-1000  10GBASE-TM  
port3.0.13  -                  connected           1 a-full a-1000  10GBASE-TM  
port4.0.9   -                  connected           1 a-full a-1000  10GBASE-T   
port4.0.26  -                  connected        4000 a-full a-1000  1000BASE-SX
16:59:33 >>> show static-channel-group
LAG Maximum        : 124
LAG Static  Count  : 3
LAG Dynamic Count  : 0
LAG Total   Count  : 3
Static Aggregator: sa1
Member:
 port3.0.2
 port4.0.2
Static Aggregator: sa2
Member:
 port1.0.2
 port1.0.9
Static Aggregator: sa3
Member:
 port1.0.13
 port4.0.9
16:59:34 >>> show vlan brief | include 399|^10 |4000
10      data             STATIC  ACTIVE  sa1(u) port3.0.2(u) port4.0.2(u) 
4000    sx-link          STATIC  ACTIVE  port4.0.26(u)
### 16:59:37 done
