### 16:19:21 stack: VLANs 3991-3994, shut the four legs, out of sa2/sa3 into scratch VLANs
16:19:25 >>> configure terminal
Enter configuration commands, one per line.  End with CNTL/Z.
16:19:26 >>> vlan database
16:19:28 >>> vlan 3991,3992,3993,3994 state enable
16:19:29 >>> exit
16:19:30 >>> interface port1.0.2
16:19:31 >>> shutdown
switch: port 58(port1.0.2) entered disabled state
switch: port 58(port1.0.2) entered disabled state
16:19:32 >>> interface port1.0.9
16:19:34 >>> shutdown
switch: port 65(port1.0.9) entered disabled state
IE520-stk(config-if)#switch: port 65(port1.0.9) entered disabled state
16:19:35 >>> interface port1.0.13
16:19:36 >>> shutdown
switch: port 69(port1.0.13) entered disabled state
IE520-stk(config-if)#switch: port 69(port1.0.13) entered disabled state
16:19:37 >>> interface port4.0.9
16:19:38 >>> shutdown
switch: port 37(port4.0.9) entered disabled state
IE520-stk(config-if)#switch: port 37(port4.0.9) entered disabled state
16:19:39 >>> interface port1.0.2
16:19:40 >>> no static-channel-group
16:19:42 >>> switchport access vlan 3991
16:19:43 >>> interface port1.0.9
16:19:44 >>> no static-channel-group
16:19:45 >>> switchport access vlan 3992
16:19:46 >>> interface port1.0.13
16:19:47 >>> no static-channel-group
16:19:49 >>> switchport access vlan 3993
16:19:50 >>> interface port4.0.9
16:19:51 >>> no static-channel-group
16:19:52 >>> switchport access vlan 3994
16:19:53 >>> end
16:19:54 >>> show static-channel-group
LAG Maximum        : 124
LAG Static  Count  : 1
LAG Dynamic Count  : 0
LAG Total   Count  : 1
Static Aggregator: sa1
Member:
 port3.0.2
 port4.0.2
16:19:55 >>> show vlan brief | include 399
3991    VLAN3991         STATIC  ACTIVE  port1.0.2(u) 
3992    VLAN3992         STATIC  ACTIVE  port1.0.9(u) 
3993    VLAN3993         STATIC  ACTIVE  port1.0.13(u) 
3994    VLAN3994         STATIC  ACTIVE  port4.0.9(u)
### 16:19:58 x230: 1.0.3->3991, 1.0.4->3992 (out of sa2); observer trunk port1.0.1
16:20:03 >>> configure terminal
Enter configuration commands, one per line.  End with CNTL/Z.
16:20:04 >>> vlan database
16:20:05 >>> vlan 3991,3992 state enable
16:20:06 >>> exit
16:20:07 >>> interface port1.0.3
16:20:09 >>> no static-channel-group
16:20:10 >>> switchport access vlan 3991
16:20:11 >>> interface port1.0.4
16:20:12 >>> no static-channel-group
16:20:13 >>> switchport access vlan 3992
16:20:14 >>> interface port1.0.1
16:20:15 >>> switchport mode trunk
16:20:17 >>> switchport trunk native vlan 100
16:20:18 >>> switchport trunk allowed vlan add 3991,3992
16:20:19 >>> end
16:20:20 >>> show static-channel-group
LAG Maximum        : 128
LAG Static  Count  : 0
LAG Dynamic Count  : 0
LAG Total   Count  : 0
16:20:22 >>> show vlan brief
VLAN ID  Name            Type    State   Member ports                   
                                         (u)-Untagged, (t)-Tagged
======= ================ ======= ======= ====================================
1       default          STATIC  ACTIVE  
100     VLAN0100         STATIC  ACTIVE  port1.0.1(u) port1.0.2(u) port1.0.5(u) 
                                         port1.0.6(u) port1.0.7(u) port1.0.8(u) 
                                         port1.0.9(u) port1.0.10(u) 
999     VLAN0999         STATIC  ACTIVE  
3991    VLAN3991         STATIC  ACTIVE  port1.0.1(t) port1.0.3(u) 
3992    VLAN3992         STATIC  ACTIVE  port1.0.1(t) port1.0.4(u)
### 16:20:25 SA: 1.0.13->3993, 1.0.9->3994 (out of sa3); observer trunk port1.0.2
16:20:29 >>> configure terminal
Enter configuration commands, one per line.  End with CNTL/Z.
16:20:30 >>> vlan database
16:20:32 >>> vlan 3993,3994 state enable
16:20:33 >>> exit
16:20:34 >>> interface port1.0.13
16:20:35 >>> no static-channel-group
16:20:36 >>> switchport access vlan 3993
16:20:37 >>> interface port1.0.9
16:20:39 >>> no static-channel-group
16:20:40 >>> switchport access vlan 3994
16:20:41 >>> interface port1.0.2
16:20:42 >>> switchport mode trunk
16:20:43 >>> switchport trunk allowed vlan add 3993,3994
16:20:44 >>> end
16:20:45 >>> show static-channel-group
LAG Maximum        : 124
LAG Static  Count  : 0
LAG Dynamic Count  : 0
LAG Total   Count  : 0
16:20:47 >>> show vlan brief
VLAN ID  Name            Type    State   Member ports                   
                                         (u)-Untagged, (t)-Tagged
======= ================ ======= ======= ====================================
1       default          STATIC  ACTIVE  port1.0.1(u) port1.0.2(u) port1.0.3(u) 
                                         port1.0.4(u) port1.0.5(u) port1.0.6(u) 
                                         port1.0.7(u) port1.0.8(u) 
                                         port1.0.10(u) port1.0.11(u) 
                                         port1.0.12(u) port1.0.14(u) 
                                         port1.0.15(u) port1.0.16(u) 
                                         port1.0.17(u) port1.0.18(u) 
                                         port1.0.19(u) port1.0.20(u) 
                                         port1.0.21(u) port1.0.22(u) 
                                         port1.0.23(u) port1.0.24(u) 
                                         port1.0.25(u) 
10      data             STATIC  ACTIVE  
3993    VLAN3993         STATIC  ACTIVE  port1.0.2(t) port1.0.13(u) 
3994    VLAN3994         STATIC  ACTIVE  port1.0.2(t) port1.0.9(u) 
4000    sx-link          STATIC  ACTIVE  port1.0.26(u)
### 16:20:49 stack: legs up
16:20:54 >>> configure terminal
Enter configuration commands, one per line.  End with CNTL/Z.
16:20:55 >>> interface port1.0.2
16:20:56 >>> no shutdown
16:20:57 >>> interface port1.0.9
16:20:59 >>> no shutdown
IE520-stk(config-if)#switch: port 58(port1.0.2) entered blocking state
switch: port 58(port1.0.2) entered forwarding state
16:21:00 >>> interface port1.0.13
16:21:01 >>> no shutdown
switch: port 65(port1.0.9) entered blocking state
switch: port 65(port1.0.9) entered forwarding state
16:21:02 >>> interface port4.0.9
16:21:03 >>> no shutdown
16:21:05 >>> end
IE520-stk#switch: port 69(port1.0.13) entered blocking state
switch: port 69(port1.0.13) entered forwarding state
16:21:33 >>> show interface status | include port1.0.2 |port1.0.9 |port1.0.13 |port4.0.9 |port4.0.26 |port3.0.13 
show interface status | include port1.0.2 |port1.0.9 |port1.0.13 |port

4.0.9 |port4.0.26 |port3.0.13 

port1.0.2   -                  connected        3991 a-full a-1000  1000BASE-T  
port1.0.9   -                  connected        3992 a-full a-1000  1000BASE-T  
port1.0.13  -                  connected        3993 a-full a-1000  10GBASE-TM  
port3.0.13  -                  connected           1 a-full a-1000  10GBASE-TM  
port4.0.9   -                  connected        3994 a-full a-1000  10GBASE-T   
port4.0.26  -                  connected        4000 a-full a-1000  1000BASE-SX
16:21:35 >>> show vlan brief
VLAN ID  Name            Type    State   Member ports                   
                                         (u)-Untagged, (t)-Tagged
======= ================ ======= ======= ====================================
1       default          STATIC  ACTIVE  port1.0.1(u) port1.0.3(u) port1.0.4(u) 
                                         port1.0.5(u) port1.0.6(u) port1.0.7(u) 
                                         port1.0.8(u) port1.0.10(u) 
                                         port1.0.11(u) port1.0.12(u) 
                                         port1.0.14(u) port1.0.15(u) 
                                         port1.0.16(u) port1.0.17(u) 
                                         port1.0.18(u) port1.0.19(u) 
                                         port1.0.20(u) port1.0.21(u) 
                                         port1.0.22(u) port1.0.23(u) 
                                         port1.0.24(u) port1.0.25(u) 
                                         port1.0.26(u) port2.0.1(u) 
                                         port2.0.2(u) port2.0.3(u) port2.0.4(u) 
                                         port2.0.5(u) port2.0.6(u) port2.0.7(u) 
                                         port2.0.8(u) port2.0.9(u) 
                                         port2.0.10(u) port2.0.11(u) 
                                         port2.0.12(u) port2.0.13(u) 
                                         port2.0.14(u) port2.0.15(u) 
                                         port2.0.16(u) port2.0.17(u) 
                                         port2.0.18(u) port2.0.19(u) 
                                         port2.0.20(u) port2.0.21(u) 
                                         port2.0.22(u) port2.0.23(u) 
                                         port2.0.24(u) port2.0.25(u) 
                                         port2.0.26(u) port2.0.27(u) 
                                         port2.0.28(u) port3.0.1(u) 
                                         port3.0.3(u) port3.0.4(u) port3.0.5(u) 
                                         port3.0.6(u) port3.0.7(u) port3.0.8(u) 
                                         port3.0.9(u) port3.0.10(u) 
                                         port3.0.11(u) port3.0.12(u) 
                                         port3.0.13(u) port3.0.14(u) 
                                         port3.0.15(u) port3.0.16(u) 
                                         port3.0.17(u) port3.0.18(u) 
                                         port3.0.19(u) port3.0.20(u) 
                                         port3.0.21(u) port3.0.22(u) 
                                         port3.0.23(u) port3.0.24(u) 
                                         port3.0.25(u) port3.0.26(u) 
                                         port4.0.1(u) port4.0.3(u) port4.0.4(u) 
                                         port4.0.5(u) port4.0.6(u) port4.0.7(u) 
                                         port4.0.8(u) port4.0.10(u) 
                                         port4.0.11(u) port4.0.12(u) 
                                         port4.0.13(u) port4.0.14(u) 
                                         port4.0.15(u) port4.0.16(u) 
                                         port4.0.17(u) port4.0.18(u) 
                                         port4.0.19(u) port4.0.20(u) 
                                         port4.0.21(u) port4.0.22(u) 
                                         port4.0.23(u) port4.0.24(u) 
                                         port4.0.25(u) 
10      data             STATIC  ACTIVE  sa1(u) port3.0.2(u) port4.0.2(u) 
3991    VLAN3991         STATIC  ACTIVE  port1.0.2(u) 
3992    VLAN3992         STATIC  ACTIVE  port1.0.9(u) 
3993    VLAN3993         STATIC  ACTIVE  port1.0.13(u) 
3994    VLAN3994         STATIC  ACTIVE  port4.0.9(u) 
4000    sx-link          STATIC  ACTIVE  port4.0.26(u)
16:21:36 >>> show static-channel-group
LAG Maximum        : 124
LAG Static  Count  : 1
LAG Dynamic Count  : 0
LAG Total   Count  : 1
Static Aggregator: sa1
Member:
 port3.0.2
 port4.0.2
### 16:21:38 done
