self-test OK: 'show clock ?' then Ctrl-U then CR executed nothing
16:18:34 >>> configure terminal
Enter configuration commands, one per line.  End with CNTL/Z.
16:18:36 >>> arp ?
arp ?
  A.B.C.D           IP address of the ARP entry
  log               ARP log
  opportunistic-nd  Set opportunistic neighbour discovery feature on
  vrf               VRF instance

[K[22CIE520-stk(config)#arp 
16:18:38 >>> arp 192.168.100.2 ?
arp 192.168.100.2 ?
  MAC  The ARP entry's MAC address in HHHH.HHHH.HHHH format

[K[36CIE520-stk(config)#arp 192.168.100.2 
16:18:40 >>> arp 192.168.100.2 0000.0000.0120 ?
arp 192.168.100.2 0000.0000.0120 ?
  IFRANGE  Switch ports for the static ARP entry
  alias    Respond to ARP requests for the IP address
  <cr>

[K[51CIE520-stk(config)#arp 192.168.100.2 0000.0000.0120 
16:18:42 >>> mac address-table static ?
mac address-table static ?
  MAC  MAC address in HHHH.HHHH.HHHH format

[K[43CIE520-stk(config)#mac address-table static 
16:18:45 >>> platform ?
platform ?
  acls-to-vlanclassifiers            Set the split between acls and vlan
                                     classifiers
  arp-ratelimit                      PPS limit for ARP packets processed by
                                     the CPU
  control-plane-prioritization       Set the control-plane-prioritization
  extended-acl-vlan-actions          Enable support for extended ACL VLAN
                                     actions
  fdb-chain-length                   Set fdb hash chain length 
  fdb-l3-hosts                       Allow L3 hosts to be stored in the FDB
                                     table
  inter-chip-header                  Configure the Inter-chip header
  jumboframe                         Enable forwarding of jumbo frames
  l2mc-overlap                       Enable support at layer 2 for overlapped
                                     multicast groups
  l2mc-table                         L2 multicast table options
  load-balancing                     Set load balancing algorithm for channels
  multicast-address-mismatch-action  Action to take when multicast packets
                                     have mismatched DA and DIP
  multicast-ratelimit                PPS limit, zero to remove limit
  port-tx-recovery                   Enable Port Tx Recovery
  routingratio                       Set the ratios of ipv4 and ipv6 routes
  sdn-route-ratio                    Set the route ratio for SDN applications
  stop-unreg-mc-flooding             Stop unregistered multicast packets from
                                     flooding out all ports on the VLAN. This
                                     feature breaks IPv6.
  vlan-stacking-tpid                 Set the Tag Protocol Identifier for
                                     vlan-stacking

[K[27CIE520-stk(config)#platform 
