self-test OK: 'show clock ?' then Ctrl-U then CR executed nothing
16:18:00 >>> configure terminal
Enter configuration commands, one per line.  End with CNTL/Z.
16:18:01 >>> interface port1.0.20

16:18:03 >>> switchport mode ?
switchport mode ?
  access        Set the Layer2 interface as Access
  private-vlan  Private VLAN mode
  trunk         Set the Layer2 interface as trunk

[K[37CIE520-stk(config-if)#switchport mode 
16:18:05 >>> switchport mode private-vlan ?
switchport mode private-vlan ?
  host         Host port
  promiscuous  Promiscuous port
  trunk        Tagged interface
  ufo          Set upstream forwarding only VLAN(s)

[K[50CIE520-stk(config-if)#switchport mode private-vlan 
16:18:07 >>> switchport private-vlan ?
switchport private-vlan ?
  host-association  Host association
  mapping           Mapping

[K[45CIE520-stk(config-if)#switchport private-vlan 
16:18:09 >>> switchport private-vlan host-association ?
switchport private-vlan host-association ?
  <2-4094>  Add, delete, or modify values associated with a single VLAN

[K[62CIE520-stk(config-if)#switchport private-vlan host-association 
16:18:12 >>> switchport private-vlan mapping ?
switchport private-vlan mapping ?
  <2-4094>  Add, delete, or modify values associated with a single VLAN

[K[53CIE520-stk(config-if)#switchport private-vlan mapping 
16:18:14 >>> mirror ?
mirror ?
  interface  Interface range

[K[28CIE520-stk(config-if)#mirror 
16:18:16 >>> mirror interface ?
mirror interface ?
  IFRANGE  Source Interface to use
  none     No source interface (set destination interface only)

[K[38CIE520-stk(config-if)#mirror interface 
16:18:19 >>> mirror interface port1.0.13 ?
mirror interface port1.0.13 ?
  direction  Mirroring direction
  vlan       VLAN to mirror

[K[49CIE520-stk(config-if)#mirror interface port1.0.13 
16:18:21 >>> mirror interface port1.0.13 direction ?
mirror interface port1.0.13 direction ?
  both      Mirror traffic in both directions
  receive   Mirror received traffic
  transmit  Mirror transmitted traffic

[K[59CIE520-stk(config-if)#mirror interface port1.0.13 direction 
16:18:23 >>> switchport vlan-stacking ?
switchport vlan-stacking ?
  customer-edge-port  Set the switching characteristics of the Layer2
                      interface to Customer-edge port
  provider-port       Set the switching characteristics of the Layer2
                      interface to Provider port

[K[46CIE520-stk(config-if)#switchport vlan-stacking 
