self-test OK: 'show clock ?' then Ctrl-U then CR executed nothing
16:17:37 >>> configure terminal
Enter configuration commands, one per line.  End with CNTL/Z.
16:17:38 >>> vlan database

16:17:40 >>> private-vlan ?
private-vlan ?
  <1-4094>  Add, delete, or modify values associated with a single VLAN

[K[36CIE520-stk(config-vlan)#private-vlan 
16:17:42 >>> private-vlan 3980 ?
private-vlan 3980 ?
  association  Association to secondary VLAN
  community    Set VLAN type to community VLAN
  isolated     Set VLAN type to isolated VLAN
  primary      Set VLAN type to primary VLAN
  ufo          Set VLAN type to upstream forwarding only

[K[41CIE520-stk(config-vlan)#private-vlan 3980 
16:17:44 >>> private-vlan 3980 primary ?
private-vlan 3980 primary ?
  <cr>

[K[49CIE520-stk(config-vlan)#private-vlan 3980 primary 
16:17:47 >>> private-vlan 3980 association ?
private-vlan 3980 association ?
  add     Add VLAN association
  remove  Remove VLAN association

[K[53CIE520-stk(config-vlan)#private-vlan 3980 association 
16:17:49 >>> private-vlan 3980 association add ?
private-vlan 3980 association add ?
  VLAN_ID  Secondary VLAN ID

[K[57CIE520-stk(config-vlan)#private-vlan 3980 association add 
