12:42:35 >>> show interface port1.0.26 status
Port        Name               Status      Vlan      Duplex Speed   Type        
--------------------------------------------------------------------------------
port1.0.26  -                  connected        4000 a-full a-1000  1000BASE-SX
12:42:37 >>> show loop-protection
LDF Interval:    1
Fast Block:      Enabled
Total Instances: 25 (25 packets/s)
                                                        Timeout
  Int           Enabled  Action     Status    Timeout   Remain   Rx port
  --------------------------------------------------------------------------
  port1.0.1     Yes      vlan-dis   Normal    7         -        -          
  port1.0.2     Yes      vlan-dis   Normal    7         -        -          
  port1.0.3     Yes      vlan-dis   Normal    7         -        -          
  port1.0.4     Yes      vlan-dis   Normal    7         -        -          
  port1.0.5     Yes      vlan-dis   Normal    7         -        -          
  port1.0.6     Yes      vlan-dis   Normal    7         -        -          
  port1.0.7     Yes      vlan-dis   Normal    7         -        -          
  port1.0.8     Yes      vlan-dis   Normal    7         -        -          
  port1.0.9     No       -          -         -         -        -          
  port1.0.10    Yes      vlan-dis   Normal    7         -        -          
  port1.0.11    Yes      vlan-dis   Normal    7         -        -          
  port1.0.12    Yes      vlan-dis   Normal    7         -        -          
  port1.0.13    No       -          -         -         -        -          
  port1.0.14    Yes      vlan-dis   Normal    7         -        -          
  port1.0.15    Yes      vlan-dis   Normal    7         -        -          
  port1.0.16    Yes      vlan-dis   Normal    7         -        -          
  port1.0.17    Yes      vlan-dis   Normal    7         -        -          
  port1.0.18    Yes      vlan-dis   Normal    7         -        -          
  port1.0.19    Yes      vlan-dis   Normal    7         -        -          
  port1.0.20    Yes      vlan-dis   Normal    7         -        -          
  port1.0.21    Yes      vlan-dis   Normal    7         -        -          
  port1.0.22    Yes      vlan-dis   Normal    7         -        -          
  port1.0.23    Yes      vlan-dis   Normal    7         -        -          
  port1.0.24    Yes      vlan-dis   Normal    7         -        -          
  port1.0.25    Yes      vlan-dis   Normal    7         -        -          
  port1.0.26    Yes      vlan-dis   Normal    7         -        -          
  sa3           Yes      vlan-dis   Normal    7         -        -
12:42:38 >>> show lldp neighbors interface port1.0.26
LLDP Neighbor Information:

Total number of neighbors on these ports .... 1

 System Capability Codes:
   O = Other   P = Repeater   B = Bridge               W = WLAN Access Point
   R = Router  T = Telephone  C = DOCSIS Cable Device  S = Station Only
 LLDP-MED Device Type and Power Source Codes:
   1 = Class I   3 = Class III    PSE  = PoE    Both = PoE&Local  Prim = Primary
   2 = Class II  N = Network Con. Locl = Local  Unkn = Unknown    Back = Backup

Local    Neighbor        Neighbor        Neighbor                System   MED   
Port     Chassis ID      Port ID         Sys Name                Cap.     Ty Pwr
--------------------------------------------------------------------------------
1.0.26   0000.cd37.0d6f  port4.0.26
12:42:40 >>> show running-config
!
service password-encryption
!
hostname IE520-sa
!
no banner motd
!
username manager privilege 15 password 8 $5$bJob5N4D$VDlAWDKf4Z/shG0P/kPIysg5qD4cc1OidC4abIHlMg7
!
!
ssh server allow-users manager
service ssh
!
no service telnet
!
service http
!
no clock timezone
!
snmp-server
!
!
!
aaa authentication enable default local
aaa authentication login default local
!
!
!
stack virtual-chassis-id 3439
!
!
loop-protection loop-detect ldf-interval 1 fast-block
!
service onm
!
!
!
!
ip domain-lookup
!
!
!
no service dhcp-server
!
!
!
no ip multicast-routing
!
lldp run
!
spanning-tree mode rstp
!
no lacp global-passive-mode enable
no spanning-tree rstp enable
!
switch 1 provision ie520-28
!
vlan database
 vlan 10 name data
 vlan 4000 name sx-link
 vlan 10,4000 state enable
!
interface port1.0.1-1.0.8
 switchport
 switchport mode access
!
interface port1.0.9
 switchport
 switchport mode access
 static-channel-group 3
!
interface port1.0.10-1.0.12
 switchport
 switchport mode access
!
interface port1.0.13
 switchport
 switchport mode access
 static-channel-group 3
!
interface port1.0.14-1.0.25
 switchport
 switchport mode access
!
interface port1.0.26
 switchport
 switchport mode access
 switchport access vlan 4000
!
interface port1.0.27-1.0.28
 stackport
!
interface sa3
 switchport
 switchport mode access
!
interface vlan1
 ip address 10.38.215.41/27
 ipv6 enable
 ipv6 address dhcp
 ip dhcp-client vendor-identifying-class
 ip dhcp-client request vendor-identifying-specific
!
line con 0
 exec-timeout 0 0
line vty 0 7
!
end
