12:40:09 >>> show running-config
!
service password-encryption
!
hostname IE520-sa
!
no banner motd
!
username manager privilege 15 password 8 $5$bJob5N4D$VDlAWDKf4Z/shG0P/kPIysg5qD4cc1OidC4abIHlMg7
!
!
ssh server allow-users manager
service ssh
!
no service telnet
!
service http
!
no clock timezone
!
snmp-server
!
!
!
aaa authentication enable default local
aaa authentication login default local
!
!
!
stack virtual-chassis-id 3439
!
!
loop-protection loop-detect ldf-interval 1 fast-block
!
service onm
!
!
!
!
ip domain-lookup
!
!
!
no service dhcp-server
!
!
!
no ip multicast-routing
!
lldp run
!
spanning-tree mode rstp
!
no lacp global-passive-mode enable
no spanning-tree rstp enable
!
switch 1 provision ie520-28
!
vlan database
 vlan 10 name data
 vlan 10 state enable
!
interface port1.0.1-1.0.8
 switchport
 switchport mode access
!
interface port1.0.9
 switchport
 switchport mode access
 static-channel-group 3
!
interface port1.0.10-1.0.12
 switchport
 switchport mode access
!
interface port1.0.13
 switchport
 switchport mode access
 static-channel-group 3
!
interface port1.0.14-1.0.26
 switchport
 switchport mode access
!
interface port1.0.27-1.0.28
 stackport
!
interface sa3
 switchport
 switchport mode access
!
interface vlan1
 ip address 10.38.215.41/27
 ipv6 enable
 ipv6 address dhcp
 ip dhcp-client vendor-identifying-class
 ip dhcp-client request vendor-identifying-specific
!
line con 0
 exec-timeout 0 0
line vty 0 7
!
end
12:40:13 >>> show file flash:/tb470-bench.cfg
7[r[999;999H[6n!
! Startup-config saved on Tue Sep 29 22:59:25 2026 +0000 by manager via con0 (ttyS0)
!
service password-encryption
!
hostname IE520-sa
!
no banner motd
!
username manager privilege 15 password 8 $5$bJob5N4D$VDlAWDKf4Z/shG0P/kPIysg5qD4cc1OidC4abIHlMg7
!
!
ssh server allow-users manager
service ssh
!
no service telnet
!
service http
!
no clock timezone
!
snmp-server
!
!
!
aaa authentication enable default local
aaa authentication login default local
!
!
!
stack virtual-chassis-id 3439
!
!
loop-protection loop-detect ldf-interval 1 fast-block
!
service onm
!
!
!
!
ip domain-lookup
!
!
!
no service dhcp-server
!
!
!
no ip multicast-routing
!
lldp run
!
spanning-tree mode rstp
!
no lacp global-passive-mode enable
no spanning-tree rstp enable
!
switch 1 provision ie520-28
!
vlan database
 vlan 10 name data
 vlan 10 state enable
!
interface port1.0.1-1.0.8
 switchport
 switchport mode access
!
interface port1.0.9
 switchport
 switchport mode access
 static-channel-group 3
!
interface port1.0.10-1.0.12
 switchport
 switchport mode access
!
interface port1.0.13
 switchport
 switchport mode access
 static-channel-group 3
!
interface port1.0.14-1.0.26
 switchport
 switchport mode access
!
interface port1.0.27-1.0.28
 stackport
!
interface sa3
 switchport
 switchport mode access
!
interface vlan1
 ip address 10.38.215.41/27
 ipv6 enable
 ipv6 address dhcp
 ip dhcp-client vendor-identifying-class
 ip dhcp-client request vendor-identifying-specific
!
line con 0
 exec-timeout 0 0
line vty 0 7
!
end
12:40:14 >>> show boot
Boot configuration
--------------------------------------------------------------------------------
Current software   : IE520-tb470.rel 
Current boot image : flash:/IE520-tb470.rel (file exists)
Backup  boot image : Not set 
Default boot config: flash:/default.cfg
Current boot config: flash:/tb470-bench.cfg (file exists)
Backup  boot config: Not set 
Autoboot status    : disabled
Boot Security Level: none
12:40:15 >>> show vlan brief
VLAN ID  Name            Type    State   Member ports                   
                                         (u)-Untagged, (t)-Tagged
======= ================ ======= ======= ====================================
1       default          STATIC  ACTIVE  sa3(u) port1.0.1(u) port1.0.2(u) 
                                         port1.0.3(u) port1.0.4(u) port1.0.5(u) 
                                         port1.0.6(u) port1.0.7(u) port1.0.8(u) 
                                         port1.0.9(u) port1.0.10(u) 
                                         port1.0.11(u) port1.0.12(u) 
                                         port1.0.13(u) port1.0.14(u) 
                                         port1.0.15(u) port1.0.16(u) 
                                         port1.0.17(u) port1.0.18(u) 
                                         port1.0.19(u) port1.0.20(u) 
                                         port1.0.21(u) port1.0.22(u) 
                                         port1.0.23(u) port1.0.24(u) 
                                         port1.0.25(u) port1.0.26(u) 
10      data             STATIC  ACTIVE
12:40:17 >>> show loop-protection
LDF Interval:    1
Fast Block:      Enabled
Total Instances: 25 (25 packets/s)
                                                        Timeout
  Int           Enabled  Action     Status    Timeout   Remain   Rx port
  --------------------------------------------------------------------------
  port1.0.1     Yes      vlan-dis   Normal    7         -        -          
  port1.0.2     Yes      vlan-dis   Normal    7         -        -          
  port1.0.3     Yes      vlan-dis   Normal    7         -        -          
  port1.0.4     Yes      vlan-dis   Normal    7         -        -          
  port1.0.5     Yes      vlan-dis   Normal    7         -        -          
  port1.0.6     Yes      vlan-dis   Normal    7         -        -          
  port1.0.7     Yes      vlan-dis   Normal    7         -        -          
  port1.0.8     Yes      vlan-dis   Normal    7         -        -          
  port1.0.9     No       -          -         -         -        -          
  port1.0.10    Yes      vlan-dis   Normal    7         -        -          
  port1.0.11    Yes      vlan-dis   Normal    7         -        -          
  port1.0.12    Yes      vlan-dis   Normal    7         -        -          
  port1.0.13    No       -          -         -         -        -          
  port1.0.14    Yes      vlan-dis   Normal    7         -        -          
  port1.0.15    Yes      vlan-dis   Normal    7         -        -          
  port1.0.16    Yes      vlan-dis   Normal    7         -        -          
  port1.0.17    Yes      vlan-dis   Normal    7         -        -          
  port1.0.18    Yes      vlan-dis   Normal    7         -        -          
  port1.0.19    Yes      vlan-dis   Normal    7         -        -          
  port1.0.20    Yes      vlan-dis   Normal    7         -        -          
  port1.0.21    Yes      vlan-dis   Normal    7         -        -          
  port1.0.22    Yes      vlan-dis   Normal    7         -        -          
  port1.0.23    Yes      vlan-dis   Normal    7         -        -          
  port1.0.24    Yes      vlan-dis   Normal    7         -        -          
  port1.0.25    Yes      vlan-dis   Normal    7         -        -          
  port1.0.26    Yes      vlan-dis   Blocking  7         1        sa3        
  sa3           Yes      vlan-dis   Normal    7         -        -
12:40:18 >>> show interface brief
Interface             Status          Protocol
port1.0.1             admin up        down       
port1.0.2             admin up        running    
port1.0.3             admin up        down       
port1.0.4             admin up        down       
port1.0.5             admin up        down       
port1.0.6             admin up        down       
port1.0.7             admin up        down       
port1.0.8             admin up        down       
port1.0.9             admin up        running    
port1.0.10            admin up        down       
port1.0.11            admin up        down       
port1.0.12            admin up        down       
port1.0.13            admin up        running    
port1.0.14            admin up        down       
port1.0.15            admin up        down       
port1.0.16            admin up        down       
port1.0.17            admin up        down       
port1.0.18            admin up        down       
port1.0.19            admin up        down       
port1.0.20            admin up        down       
port1.0.21            admin up        down       
port1.0.22            admin up        down       
port1.0.23            admin up        down       
port1.0.24            admin up        down       
port1.0.25            admin up        down       
port1.0.26            admin up        running    
port1.0.27            admin up        stackport down       
port1.0.28            admin up        stackport down       
lo                    admin up        running    
sa3                   admin up        running    
vlan1                 admin up        running    
vlan10                admin up        down
12:40:19 >>> show stack
Virtual Chassis Stacking summary information

ID   Pending ID  MAC address        Priority  Status  Role
1    -           84e3.2787.0780     128       Ready   Active Master

Operational Status                 Standalone unit
Stack MAC address                  84e3.2787.0780
