12:39:48 >>> show running-config
!
service password-encryption
!
hostname IE520-stk
!
no banner motd
!
username manager privilege 15 password 8 $5$bJob5N4D$VDlAWDKf4Z/shG0P/kPIysg5qD4cc1OidC4abIHlMg7
!
!
ssh server allow-users manager
service ssh
!
no service telnet
!
service http
!
no clock timezone
!
snmp-server
!
!
!
aaa authentication enable default local
aaa authentication login default local
!
!
!
stack virtual-mac
stack virtual-chassis-id 3439
!
!
loop-protection loop-detect ldf-interval 1 fast-block
!
service onm
no service ospf
!
!
!
!
ip domain-lookup
!
!
!
no service dhcp-server
!
!
!
no ip multicast-routing
!
lldp run
!
spanning-tree mode rstp
!
no lacp global-passive-mode enable
no spanning-tree rstp enable
!
switch 1 provision ie520-28
switch 2 provision ie520-28
switch 3 provision ie520-28
switch 4 provision ie520-28
!
vlan database
 vlan 10 name data
 vlan 10 state enable
!
interface port1.0.1
 switchport
 switchport mode access
!
interface port1.0.2
 switchport
 switchport mode access
 static-channel-group 2
!
interface port1.0.3-1.0.8
 switchport
 switchport mode access
!
interface port1.0.9
 switchport
 switchport mode access
 static-channel-group 2
!
interface port1.0.10-1.0.12
 switchport
 switchport mode access
!
interface port1.0.13
 switchport
 switchport mode access
 static-channel-group 3
!
interface port1.0.14-1.0.26
 switchport
 switchport mode access
!
interface port1.0.27-1.0.28
 stackport
!
interface port2.0.1-2.0.26
 switchport
 switchport mode access
!
interface port2.0.27-2.0.28
 stackport
!
interface port3.0.1
 switchport
 switchport mode access
!
interface port3.0.2
 switchport
 switchport mode access
 switchport access vlan 10
 static-channel-group 1
!
interface port3.0.3-3.0.26
 switchport
 switchport mode access
!
interface port3.0.27-3.0.28
 stackport
!
interface port4.0.1
 switchport
 switchport mode access
!
interface port4.0.2
 switchport
 switchport mode access
 switchport access vlan 10
 static-channel-group 1
!
interface port4.0.3-4.0.8
 switchport
 switchport mode access
!
interface port4.0.9
 switchport
 switchport mode access
 static-channel-group 3
!
interface port4.0.10-4.0.26
 switchport
 switchport mode access
!
interface port4.0.27-4.0.28
 stackport
!
interface sa1
 switchport
 switchport mode access
 switchport access vlan 10
!
interface sa2-3
 switchport
 switchport mode access
!
interface vlan1
 ip address 10.38.215.10/27
 ip address 10.38.215.40/27 secondary
 ip address 10.38.215.66/27 secondary
 ipv6 enable
 ipv6 address dhcp
 ip dhcp-client vendor-identifying-class
 ip dhcp-client request vendor-identifying-specific
!
interface vlan10
 ip address 10.10.10.1/27
!
ip route 10.38.215.64/27 10.10.10.2
!
line con 0
 exec-timeout 0 0
line vty 0 7
!
end
12:39:53 >>> show file flash:/tb470-bench.cfg
7[r[999;999H[6n!
service password-encryption
!
hostname IE520-stk
!
no banner motd
!
username manager privilege 15 password 8 $5$bJob5N4D$VDlAWDKf4Z/shG0P/kPIysg5qD4cc1OidC4abIHlMg7
!
!
ssh server allow-users manager
service ssh
!
no service telnet
!
service http
!
no clock timezone
!
snmp-server
!
!
!
aaa authentication enable default local
aaa authentication login default local
!
!
!
stack virtual-mac
stack virtual-chassis-id 3439
!
!
loop-protection loop-detect ldf-interval 1 fast-block
!
service onm
no service ospf
!
!
!
!
ip domain-lookup
!
!
!
no service dhcp-server
!
!
!
no ip multicast-routing
!
lldp run
!
spanning-tree mode rstp
!
no lacp global-passive-mode enable
no spanning-tree rstp enable
!
switch 1 provision ie520-28
switch 2 provision ie520-28
switch 3 provision ie520-28
switch 4 provision ie520-28
!
vlan database
 vlan 10 name data
 vlan 10 state enable
!
interface port1.0.1
 switchport
 switchport mode access
!
interface port1.0.2
 switchport
 switchport mode access
 static-channel-group 2
!
interface port1.0.3-1.0.8
 switchport
 switchport mode access
!
interface port1.0.9
 switchport
 switchport mode access
 static-channel-group 2
!
interface port1.0.10-1.0.12
 switchport
 switchport mode access
!
interface port1.0.13
 switchport
 switchport mode access
 static-channel-group 3
!
interface port1.0.14-1.0.26
 switchport
 switchport mode access
!
interface port1.0.27-1.0.28
 stackport
!
interface port2.0.1-2.0.26
 switchport
 switchport mode access
!
interface port2.0.27-2.0.28
 stackport
!
interface port3.0.1
 switchport
 switchport mode access
!
interface port3.0.2
 switchport
 switchport mode access
 switchport access vlan 10
 static-channel-group 1
!
interface port3.0.3-3.0.26
 switchport
 switchport mode access
!
interface port3.0.27-3.0.28
 stackport
!
interface port4.0.1
 switchport
 switchport mode access
!
interface port4.0.2
 switchport
 switchport mode access
 switchport access vlan 10
 static-channel-group 1
!
interface port4.0.3-4.0.8
 switchport
 switchport mode access
!
interface port4.0.9
 switchport
 switchport mode access
 static-channel-group 3
!
interface port4.0.10-4.0.26
 switchport
 switchport mode access
!
interface port4.0.27-4.0.28
 stackport
!
interface sa1
 switchport
 switchport mode access
 switchport access vlan 10
!
interface sa2-3
 switchport
 switchport mode access
!
interface vlan1
 ip address 10.38.215.10/27
 ip address 10.38.215.40/27 secondary
 ip address 10.38.215.66/27 secondary
 ipv6 enable
 ipv6 address dhcp
 ip dhcp-client vendor-identifying-class
 ip dhcp-client request vendor-identifying-specific
!
interface vlan10
 ip address 10.10.10.1/27
!
ip route 10.38.215.64/27 10.10.10.2
!
line con 0
 exec-timeout 0 0
line vty 0 7
!
end
12:39:54 >>> show boot
Boot configuration
--------------------------------------------------------------------------------
Current software   : IE520-tb470.rel 
Current boot image : flash:/IE520-tb470.rel (file exists)
Backup  boot image : Not set 
Default boot config: flash:/default.cfg
Current boot config: flash:/tb470-bench.cfg (file exists)
Backup  boot config: Not set 
Autoboot status    : disabled
Boot Security Level: none
12:39:55 >>> show vlan brief
VLAN ID  Name            Type    State   Member ports                   
                                         (u)-Untagged, (t)-Tagged
======= ================ ======= ======= ====================================
1       default          STATIC  ACTIVE  sa2(u) sa3(u) port1.0.1(u) 
                                         port1.0.2(u) port1.0.3(u) port1.0.4(u) 
                                         port1.0.5(u) port1.0.6(u) port1.0.7(u) 
                                         port1.0.8(u) port1.0.9(u) 
                                         port1.0.10(u) port1.0.11(u) 
                                         port1.0.12(u) port1.0.13(u) 
                                         port1.0.14(u) port1.0.15(u) 
                                         port1.0.16(u) port1.0.17(u) 
                                         port1.0.18(u) port1.0.19(u) 
                                         port1.0.20(u) port1.0.21(u) 
                                         port1.0.22(u) port1.0.23(u) 
                                         port1.0.24(u) port1.0.25(u) 
                                         port1.0.26(u) port2.0.1(u) 
                                         port2.0.2(u) port2.0.3(u) port2.0.4(u) 
                                         port2.0.5(u) port2.0.6(u) port2.0.7(u) 
                                         port2.0.8(u) port2.0.9(u) 
                                         port2.0.10(u) port2.0.11(u) 
                                         port2.0.12(u) port2.0.13(u) 
                                         port2.0.14(u) port2.0.15(u) 
                                         port2.0.16(u) port2.0.17(u) 
                                         port2.0.18(u) port2.0.19(u) 
                                         port2.0.20(u) port2.0.21(u) 
                                         port2.0.22(u) port2.0.23(u) 
                                         port2.0.24(u) port2.0.25(u) 
                                         port2.0.26(u) port2.0.27(u) 
                                         port2.0.28(u) port3.0.1(u) 
                                         port3.0.3(u) port3.0.4(u) port3.0.5(u) 
                                         port3.0.6(u) port3.0.7(u) port3.0.8(u) 
                                         port3.0.9(u) port3.0.10(u) 
                                         port3.0.11(u) port3.0.12(u) 
                                         port3.0.13(u) port3.0.14(u) 
                                         port3.0.15(u) port3.0.16(u) 
                                         port3.0.17(u) port3.0.18(u) 
                                         port3.0.19(u) port3.0.20(u) 
                                         port3.0.21(u) port3.0.22(u) 
                                         port3.0.23(u) port3.0.24(u) 
                                         port3.0.25(u) port3.0.26(u) 
                                         port4.0.1(u) port4.0.3(u) port4.0.4(u) 
                                         port4.0.5(u) port4.0.6(u) port4.0.7(u) 
                                         port4.0.8(u) port4.0.9(u) 
                                         port4.0.10(u) port4.0.11(u) 
                                         port4.0.12(u) port4.0.13(u) 
                                         port4.0.14(u) port4.0.15(u) 
                                         port4.0.16(u) port4.0.17(u) 
                                         port4.0.18(u) port4.0.19(u) 
                                         port4.0.20(u) port4.0.21(u) 
                                         port4.0.22(u) port4.0.23(u) 
                                         port4.0.24(u) port4.0.25(u) 
                                         port4.0.26(u) 
10      data             STATIC  ACTIVE  sa1(u) port3.0.2(u) port4.0.2(u)
12:39:57 >>> show loop-protection
LDF Interval:    1
Fast Block:      Enabled
Total Instances: 103 (103 packets/s)
                                                        Timeout
  Int           Enabled  Action     Status    Timeout   Remain   Rx port
  --------------------------------------------------------------------------
  port1.0.1     Yes      vlan-dis   Normal    7         -        -          
  port1.0.2     No       -          -         -         -        -          
  port1.0.3     Yes      vlan-dis   Normal    7         -        -          
  port1.0.4     Yes      vlan-dis   Normal    7         -        -          
  port1.0.5     Yes      vlan-dis   Normal    7         -        -          
  port1.0.6     Yes      vlan-dis   Normal    7         -        -          
  port1.0.7     Yes      vlan-dis   Normal    7         -        -          
  port1.0.8     Yes      vlan-dis   Normal    7         -        -          
  port1.0.9     No       -          -         -         -        -          
  port1.0.10    Yes      vlan-dis   Normal    7         -        -          
  port1.0.11    Yes      vlan-dis   Normal    7         -        -          
  port1.0.12    Yes      vlan-dis   Normal    7         -        -          
  port1.0.13    No       -          -         -         -        -          
  port1.0.14    Yes      vlan-dis   Normal    7         -        -          
  port1.0.15    Yes      vlan-dis   Normal    7         -        -          
  port1.0.16    Yes      vlan-dis   Normal    7         -        -          
  port1.0.17    Yes      vlan-dis   Normal    7         -        -          
  port1.0.18    Yes      vlan-dis   Normal    7         -        -          
  port1.0.19    Yes      vlan-dis   Normal    7         -        -          
  port1.0.20    Yes      vlan-dis   Normal    7         -        -          
  port1.0.21    Yes      vlan-dis   Normal    7         -        -          
  port1.0.22    Yes      vlan-dis   Normal    7         -        -          
  port1.0.23    Yes      vlan-dis   Normal    7         -        -          
  port1.0.24    Yes      vlan-dis   Normal    7         -        -          
  port1.0.25    Yes      vlan-dis   Normal    7         -        -          
  port1.0.26    Yes      vlan-dis   Normal    7         -        -          
  port2.0.1     Yes      vlan-dis   Normal    7         -        -          
  port2.0.2     Yes      vlan-dis   Normal    7         -        -          
  port2.0.3     Yes      vlan-dis   Normal    7         -        -          
  port2.0.4     Yes      vlan-dis   Normal    7         -        -          
  port2.0.5     Yes      vlan-dis   Normal    7         -        -          
  port2.0.6     Yes      vlan-dis   Normal    7         -        -          
  port2.0.7     Yes      vlan-dis   Normal    7         -        -          
  port2.0.8     Yes      vlan-dis   Normal    7         -        -          
  port2.0.9     Yes      vlan-dis   Normal    7         -        -          
  port2.0.10    Yes      vlan-dis   Normal    7         -        -          
  port2.0.11    Yes      vlan-dis   Normal    7         -        -          
  port2.0.12    Yes      vlan-dis   Normal    7         -        -          
  port2.0.13    Yes      vlan-dis   Normal    7         -        -          
  port2.0.14    Yes      vlan-dis   Normal    7         -        -          
  port2.0.15    Yes      vlan-dis   Normal    7         -        -          
  port2.0.16    Yes      vlan-dis   Normal    7         -        -          
  port2.0.17    Yes      vlan-dis   Normal    7         -        -          
  port2.0.18    Yes      vlan-dis   Normal    7         -        -          
  port2.0.19    Yes      vlan-dis   Normal    7         -        -          
  port2.0.20    Yes      vlan-dis   Normal    7         -        -          
  port2.0.21    Yes      vlan-dis   Normal    7         -        -          
  port2.0.22    Yes      vlan-dis   Normal    7         -        -          
  port2.0.23    Yes      vlan-dis   Normal    7         -        -          
  port2.0.24    Yes      vlan-dis   Normal    7         -        -          
  port2.0.25    Yes      vlan-dis   Normal    7         -        -          
  port2.0.26    Yes      vlan-dis   Normal    7         -        -          
  port2.0.27    Yes      vlan-dis   Normal    7         -        -          
  port2.0.28    Yes      vlan-dis   Normal    7         -        -          
  port3.0.1     Yes      vlan-dis   Normal    7         -        -          
  port3.0.2     No       -          -         -         -        -          
  port3.0.3     Yes      vlan-dis   Normal    7         -        -          
  port3.0.4     Yes      vlan-dis   Normal    7         -        -          
  port3.0.5     Yes      vlan-dis   Normal    7         -        -          
  port3.0.6     Yes      vlan-dis   Normal    7         -        -          
  port3.0.7     Yes      vlan-dis   Normal    7         -        -          
  port3.0.8     Yes      vlan-dis   Normal    7         -        -          
  port3.0.9     Yes      vlan-dis   Normal    7         -        -          
  port3.0.10    Yes      vlan-dis   Normal    7         -        -          
  port3.0.11    Yes      vlan-dis   Normal    7         -        -          
  port3.0.12    Yes      vlan-dis   Normal    7         -        -          
  port3.0.13    Yes      vlan-dis   Normal    7         -        -          
  port3.0.14    Yes      vlan-dis   Normal    7         -        -          
  port3.0.15    Yes      vlan-dis   Normal    7         -        -          
  port3.0.16    Yes      vlan-dis   Normal    7         -        -          
  port3.0.17    Yes      vlan-dis   Normal    7         -        -          
  port3.0.18    Yes      vlan-dis   Normal    7         -        -          
  port3.0.19    Yes      vlan-dis   Normal    7         -        -          
  port3.0.20    Yes      vlan-dis   Normal    7         -        -          
  port3.0.21    Yes      vlan-dis   Normal    7         -        -          
  port3.0.22    Yes      vlan-dis   Normal    7         -        -          
  port3.0.23    Yes      vlan-dis   Normal    7         -        -          
  port3.0.24    Yes      vlan-dis   Normal    7         -        -          
  port3.0.25    Yes      vlan-dis   Normal    7         -        -          
  port3.0.26    Yes      vlan-dis   Normal    7         -        -          
  port4.0.1     Yes      vlan-dis   Normal    7         -        -          
  port4.0.2     No       -          -         -         -        -          
  port4.0.3     Yes      vlan-dis   Normal    7         -        -          
  port4.0.4     Yes      vlan-dis   Normal    7         -        -          
  port4.0.5     Yes      vlan-dis   Normal    7         -        -          
  port4.0.6     Yes      vlan-dis   Normal    7         -        -          
  port4.0.7     Yes      vlan-dis   Normal    7         -        -          
  port4.0.8     Yes      vlan-dis   Normal    7         -        -          
  port4.0.9     No       -          -         -         -        -          
  port4.0.10    Yes      vlan-dis   Normal    7         -        -          
  port4.0.11    Yes      vlan-dis   Normal    7         -        -          
  port4.0.12    Yes      vlan-dis   Normal    7         -        -          
  port4.0.13    Yes      vlan-dis   Normal    7         -        -          
  port4.0.14    Yes      vlan-dis   Normal    7         -        -          
  port4.0.15    Yes      vlan-dis   Normal    7         -        -          
  port4.0.16    Yes      vlan-dis   Normal    7         -        -          
  port4.0.17    Yes      vlan-dis   Normal    7         -        -          
  port4.0.18    Yes      vlan-dis   Normal    7         -        -          
  port4.0.19    Yes      vlan-dis   Normal    7         -        -          
  port4.0.20    Yes      vlan-dis   Normal    7         -        -          
  port4.0.21    Yes      vlan-dis   Normal    7         -        -          
  port4.0.22    Yes      vlan-dis   Normal    7         -        -          
  port4.0.23    Yes      vlan-dis   Normal    7         -        -          
  port4.0.24    Yes      vlan-dis   Normal    7         -        -          
  port4.0.25    Yes      vlan-dis   Normal    7         -        -          
  port4.0.26    Yes      vlan-dis   Normal    7         -        -          
  sa1           Yes      vlan-dis   Normal    7         -        -          
  sa2           Yes      vlan-dis   Normal    7         -        -          
  sa3           Yes      vlan-dis   Normal    7         -        -
12:39:59 >>> show interface brief
Interface             Status          Protocol
port1.0.1             admin up        down       
port1.0.2             admin up        running    
port1.0.3             admin up        down       
port1.0.4             admin up        down       
port1.0.5             admin up        down       
port1.0.6             admin up        down       
port1.0.7             admin up        down       
port1.0.8             admin up        down       
port1.0.9             admin up        running    
port1.0.10            admin up        down       
port1.0.11            admin up        down       
port1.0.12            admin up        down       
port1.0.13            admin up        running    
port1.0.14            admin up        down       
port1.0.15            admin up        down       
port1.0.16            admin up        down       
port1.0.17            admin up        down       
port1.0.18            admin up        down       
port1.0.19            admin up        down       
port1.0.20            admin up        down       
port1.0.21            admin up        down       
port1.0.22            admin up        down       
port1.0.23            admin up        down       
port1.0.24            admin up        down       
port1.0.25            admin up        down       
port1.0.26            admin up        down       
port1.0.27            admin up        stackport running    
port1.0.28            admin up        stackport running    
port2.0.1             admin up        provisioned
port2.0.2             admin up        provisioned
port2.0.3             admin up        provisioned
port2.0.4             admin up        provisioned
port2.0.5             admin up        provisioned
port2.0.6             admin up        provisioned
port2.0.7             admin up        provisioned
port2.0.8             admin up        provisioned
port2.0.9             admin up        provisioned
port2.0.10            admin up        provisioned
port2.0.11            admin up        provisioned
port2.0.12            admin up        provisioned
port2.0.13            admin up        provisioned
port2.0.14            admin up        provisioned
port2.0.15            admin up        provisioned
port2.0.16            admin up        provisioned
port2.0.17            admin up        provisioned
port2.0.18            admin up        provisioned
port2.0.19            admin up        provisioned
port2.0.20            admin up        provisioned
port2.0.21            admin up        provisioned
port2.0.22            admin up        provisioned
port2.0.23            admin up        provisioned
port2.0.24            admin up        provisioned
port2.0.25            admin up        provisioned
port2.0.26            admin up        provisioned
port2.0.27            admin up        stackport provisioned
port2.0.28            admin up        stackport provisioned
port3.0.1             admin up        down       
port3.0.2             admin up        running    
port3.0.3             admin up        down       
port3.0.4             admin up        down       
port3.0.5             admin up        down       
port3.0.6             admin up        down       
port3.0.7             admin up        down       
port3.0.8             admin up        down       
port3.0.9             admin up        down       
port3.0.10            admin up        down       
port3.0.11            admin up        down       
port3.0.12            admin up        down       
port3.0.13            admin up        running    
port3.0.14            admin up        down       
port3.0.15            admin up        down       
port3.0.16            admin up        down       
port3.0.17            admin up        down       
port3.0.18            admin up        down       
port3.0.19            admin up        down       
port3.0.20            admin up        down       
port3.0.21            admin up        down       
port3.0.22            admin up        down       
port3.0.23            admin up        down       
port3.0.24            admin up        down       
port3.0.25            admin up        down       
port3.0.26            admin up        down       
port3.0.27            admin up        stackport running    
port3.0.28            admin up        stackport running    
port4.0.1             admin up        down       
port4.0.2             admin up        running    
port4.0.3             admin up        down       
port4.0.4             admin up        down       
port4.0.5             admin up        down       
port4.0.6             admin up        down       
port4.0.7             admin up        down       
port4.0.8             admin up        down       
port4.0.9             admin up        running    
port4.0.10            admin up        down       
port4.0.11            admin up        down       
port4.0.12            admin up        down       
port4.0.13            admin up        down       
port4.0.14            admin up        down       
port4.0.15            admin up        down       
port4.0.16            admin up        down       
port4.0.17            admin up        down       
port4.0.18            admin up        down       
port4.0.19            admin up        down       
port4.0.20            admin up        down       
port4.0.21            admin up        down       
port4.0.22            admin up        down       
port4.0.23            admin up        down       
port4.0.24            admin up        down       
port4.0.25            admin up        down       
port4.0.26            admin up        running    
port4.0.27            admin up        stackport running    
port4.0.28            admin up        stackport running    
lo                    admin up        running    
sa1                   admin up        running    
sa2                   admin up        running    
sa3                   admin up        running    
vlan1                 admin up        running    
vlan10                admin up        running
12:40:00 >>> show stack
Virtual Chassis Stacking summary information

ID   Pending ID  MAC address        Priority  Status  Role
1    -           84e3.2787.0ac0     128       Ready   Backup Member
2    -           -                  -         -       Provisioned
3    -           84e3.2787.0740     128       Ready   Active Master
4    -           84e3.2787.09c0     128       Ready   Backup Member

Operational Status                 Normal operation
Stack MAC address                  0000.cd37.0d6f (Virtual MAC)
