12:43:53 >>> show loop-protection
LDF Interval:    1
Fast Block:      Enabled
Total Instances: 25 (25 packets/s)
                                                        Timeout
  Int           Enabled  Action     Status    Timeout   Remain   Rx port
  --------------------------------------------------------------------------
  port1.0.1     Yes      vlan-dis   Normal    7         -        -          
  port1.0.2     Yes      vlan-dis   Normal    7         -        -          
  port1.0.3     Yes      vlan-dis   Normal    7         -        -          
  port1.0.4     Yes      vlan-dis   Normal    7         -        -          
  port1.0.5     Yes      vlan-dis   Normal    7         -        -          
  port1.0.6     Yes      vlan-dis   Normal    7         -        -          
  port1.0.7     Yes      vlan-dis   Normal    7         -        -          
  port1.0.8     Yes      vlan-dis   Normal    7         -        -          
  port1.0.9     No       -          -         -         -        -          
  port1.0.10    Yes      vlan-dis   Normal    7         -        -          
  port1.0.11    Yes      vlan-dis   Normal    7         -        -          
  port1.0.12    Yes      vlan-dis   Normal    7         -        -          
  port1.0.13    No       -          -         -         -        -          
  port1.0.14    Yes      vlan-dis   Normal    7         -        -          
  port1.0.15    Yes      vlan-dis   Normal    7         -        -          
  port1.0.16    Yes      vlan-dis   Normal    7         -        -          
  port1.0.17    Yes      vlan-dis   Normal    7         -        -          
  port1.0.18    Yes      vlan-dis   Normal    7         -        -          
  port1.0.19    Yes      vlan-dis   Normal    7         -        -          
  port1.0.20    Yes      vlan-dis   Normal    7         -        -          
  port1.0.21    Yes      vlan-dis   Normal    7         -        -          
  port1.0.22    Yes      vlan-dis   Normal    7         -        -          
  port1.0.23    Yes      vlan-dis   Normal    7         -        -          
  port1.0.24    Yes      vlan-dis   Normal    7         -        -          
  port1.0.25    Yes      vlan-dis   Normal    7         -        -          
  port1.0.26    Yes      vlan-dis   Normal    7         -        -          
  sa3           Yes      vlan-dis   Normal    7         -        -
