***reapplied config, rebooted both devices at same time. Stackports connected***

[  OK  ] Started ATMF SSHD.
07:16:48 awplus-1 VCS[673]: Member 2 (84e3.2787.09c0) has joined the stack
[  OK  ] Finished Trigger.
[  OK  ] Started chronyd.
[  *** ] A start job is running for Stack Election (1min 2s / 1h 33s)
07:16:50 awplus VCS[673]: Member 1 (84e3.2787.0740) has become the Active Master
[   ***] A start job is running for Stack Election (1min 3s / 1h 33s)
07:16:51 awplus VCS[673]: Software incompatibility detected for Member 2
07:16:51 awplus VCS[673]: SW version auto synchronization failed, Member 2 will boot as a standalone system.
[  OK  ] Finished Stack Election.
         Starting corosync...
         Starting iptables...
         Starting Stack Login Server...
[  OK  ] Started Stack Login Server.
[  OK  ] Started corosync.
[  OK  ] Finished iptables.
[  OK  ] Reached target Multi-User System.
         Starting AWPlus...

Initializing HA processes:
atmf_agentd, atmfd, auth, execd, exfx, hostd, hsl
imi, imiproxyd, irdpd, lacp, lldpd, loopprot, mstp
nsm, rmon, sflowd, udldd


Assigning Active Workload to HA processes:
authd, hsl, irdpd, lacpd, lldpd, loopprotd, mstpd
nsm, rmond, sflowd, imi, imiproxyd


Loading default configuration
........

done!

BootROM 1.41
Booting from SPI flash
BootROM: Bad header at offset 00000000
BootROM: Bad header at offset 00200000
BootROM: Bad header at offset 00400000
BootROM: Bad header at offset 00600000
BootROM: Bad header at offset 00800000
BootROM: Bad header at offset 00A00000
BootROM: Bad header at offset 00C00000
BootROM: Bad header at offset 00E00000

BootROM 1.41
Booting from SPI flash
BootROM: Bad header at offset 00000000
BootROM: Bad header at offset 00200000
BootROM: Bad header at offset 00400000
BootROM: Bad header at offset 00600000
BootROM: Bad header at offset 00800000
BootROM: Bad header at offset 00A00000
BootROM: Bad header at offset 00C00000
BootROM: Bad header at offset 00E00000

BootROM 1.41
Booting from SPI flash
BootROM: Bad header at offset 00000000
BootROM: Bad header at offset 00200000
BootROM: Bad header at offset 00400000
BootROM: Bad header at offset 00600000
BootROM: Bad header at offset 00800000
BootROM: Bad header at offset 00A00000
BootROM: Bad header at offset 00C00000
BootROM: Bad header at offset 00E00000

BootROM 1.41
Booting from SPI flash
BootROM: Bad header at offset 00000000
BootROM: Bad header at offset 00200000
BootROM: Bad header at offset 00400000
BootROM: Bad header at offset 00600000
BootROM: Bad header at offset 00800000
BootROM: Bad header at offset 00A00000
BootROM: Bad header at offset 00C00000
BootROM: Bad header at offset 00E00000

BootROM 1.41
Booting from SPI flash
BootROM: Bad header at offset 00000000
BootROM: Bad header at offset 00200000
BootROM: Bad header at offset 00400000
BootROM: Bad header at offset 00600000
BootROM: Bad header at offset 00800000
BootROM: Bad header at offset 00A00000
BootROM: Bad header at offset 00C00000
BootROM: Bad header at offset 00E00000

BootROM 1.41
Booting from SPI flash
BootROM: Bad header at offset 00000000
BootROM: Bad header at offset 00200000
BootROM: Bad header at offset 00400000
BootROM: Bad header at offset 00600000
BootROM: Bad header at offset 00800000
BootROM: Bad header at offset 00A00000
BootROM: Bad header at offset 00C00000
BootROM: Bad header at offset 00E00000

BootROM 1.41
Booting from SPI flash
BootROM: Bad header at offset 00000000
BootROM: Bad header at offset 00200000
BootROM: Bad header at offset 00400000
BootROM: Bad header at offset 00600000
BootROM: Bad header at offset 00800000
BootROM: Bad header at offset 00A00000
BootROM: Bad header at offset 00C00000
BootROM: Bad header at offset 00E00000

BootROM 1.41
Booting from SPI flash
BootROM: Bad header at offset 00000000
BootROM: Bad header at offset 00200000
BootROM: Bad header at offset 00400000
BootROM: Bad header at offset 00600000
BootROM: Bad header at offset 00800000
BootROM: Bad header at offset 00A00000
BootROM: Bad header at offset 00C00000
BootROM: Bad header at offset 00E00000

BootROM 1.41
Booting from SPI flash
BootROM: Bad header at offset 00000000
BootROM: Bad header at offset 00200000
BootROM: Bad header at offset 00400000
BootROM: Bad header at offset 00600000
BootROM: Bad header at offset 00800000
BootROM: Bad header at offset 00A00000
BootROM: Bad header at offset 00C00000
BootROM: Bad header at offset 00E00000

BootROM 1.41
Booting from SPI flash
BootROM: Bad header at offset 00000000
BootROM: Bad header at offset 00200000
BootROM: Bad header at offset 00400000
BootROM: Bad header at offset 00600000
BootROM: Bad header at offset 00800000
BootROM: Bad header at offset 00A00000
BootROM: Bad header at offset 00C00000
BootROM: Bad header at offset 00E00000

BootROM 1.41
Booting from SPI flash
BootROM: Bad header at offset 00000000
BootROM: Bad header at offset 00200000
BootROM: Bad header at offset 00400000
BootROM: Bad header at offset 00600000
BootROM: Bad header at offset 00800000
BootROM: Bad header at offset 00A00000
BootROM: Bad header at offset 00C00000
BootROM: Bad header at offset 00E00000

BootROM 1.41
Booting from SPI flash
BootROM: Bad header at offset 00000000
BootROM: Bad header at offset 00200000
BootROM: Bad header at offset 00400000
BootROM: Bad header at offset 00600000
BootROM: Bad header at offset 00800000
BootROM: Bad header at offset 00A00000
BootROM: Bad header at offset 00C00000
BootROM: Bad header at offset 00E00000

BootROM 1.41
Booting from SPI flash
BootROM: Bad header at offset 00000000
BootROM: Bad header at offset 00200000
BootROM: Bad header at offset 00400000
BootROM: Bad header at offset 00600000
BootROM: Bad header at offset 00800000
BootROM: Bad header at offset 00A00000
BootROM: Bad header at offset 00C00000
BootROM: Bad header at offset 00E00000

BootROM 1.41
Booting from SPI flash
BootROM: Bad header at offset 00000000
BootROM: Bad header at offset 00200000
BootROM: Bad header at offset 00400000
BootROM: Bad header at offset 00600000
BootROM: Bad header at offset 00800000
BootROM: Bad header at offset 00A00000
BootROM: Bad header at offset 00C00000
BootROM: Bad header at offset 00E00000

BootROM 1.41
Booting from SPI flash
BootROM: Bad header at offset 00000000
BootROM: Bad header at offset 00200000
BootROM: Bad header at offset 00400000
BootROM: Bad header at offset 00600000
BootROM: Bad header at offset 00800000
BootROM: Bad header at offset 00A00000
BootROM: Bad header at offset 00C00000
BootROM: Bad header at offset 00E00000

BootROM 1.41
Booting from SPI flash
BootROM: Bad header at offset 00000000
BootROM: Bad header at offset 00200000
BootROM: Bad header at offset 00400000
BootROM: Bad header at offset 00600000
BootROM: Bad header at offset 00800000
BootROM: Bad header at offset 00A00000
BootROM: Bad header at offset 00C00000
BootROM: Bad header at offset 00E00000

BootROM 1.41
Booting from SPI flash
BootROM: Bad header at offset 00000000
BootROM: Bad header at offset 00200000
BootROM: Bad header at offset 00400000
BootROM: Bad header at offset 00600000
BootROM: Bad header at offset 00800000
BootROM: Bad header at offset 00A00000
BootROM: Bad header at offset 00C00000
BootROM: Bad header at offset 00E00000
BootROM: Trying UART