
awplus#switch: port 28(port2.0.28) entered blocking state
switch: port 28(port2.0.28) entered forwarding state
switch: port 27(port2.0.27) entered blocking state
switch: port 27(port2.0.27) entered forwarding state
tipc: Enabled bearer <eth:vlan4094>, priority 10
19:51:32 awplus VCS[651]: Member 1 (84e3.2787.0740) has joined the stack                       
                                                        
19:51:32 awplus VCS[651]: Please configure 'stack virtual-mac' to minimize network disruption from failovers                                                                  
             
19:51:34 awplus VCS[651]: Software incompatibility detected for Member 1                       
                                                        
tipc: Disabling bearer <eth:vlan4094>
19:51:35 awplus VCS[651]: stack member 1 (84e3.2787.0740) is incompatible and is leaving the stack                                                                            
   
19:51:35 awplus VCS[651]: Member 1 (84e3.2787.0740) has left the stack                         
                                                      
switch: port 27(port2.0.27) entered disabled state
switch: port 28(port2.0.28) entered disabled state

awplus#sh log tail 20

<date> <time> <facility>.<severity> <program[<pid>]>: <message>
-------------------------------------------------------------------------
2026 Jul 29 19:51:32 user.notice awplus VCS[651]: Link between Member 2 and Member 1 is up
2026 Jul 29 19:51:32 syslog.notice awplus syslog-ng[300]: Syslog connection established; fd='18', server='AF_INET(192.168.255.31:9505)', local='AF_INET(0.0.0.0:0)'
2026 Jul 29 19:51:32 syslog.notice awplus syslog-ng[300]: Configuration reload request received, reloading configuration;
2026 Jul 29 19:51:32 syslog.notice awplus syslog-ng[300]: Configuration reload finished;
2026 Jul 29 19:51:33 syslog.notice awplus syslog-ng[300]: Configuration reload request received, reloading configuration;
2026 Jul 29 19:51:33 syslog.notice awplus syslog-ng[300]: Configuration reload finished;
2026 Jul 29 19:51:34 user.alert awplus VCS[651]: Software incompatibility detected for Member 1
2026 Jul 29 19:51:34 daemon.warning awplus rsyncd[5033]: rsync: [sender] link_stat "/tmp/IE520-tb470.rel" (in root) failed: No such file or directory (2)
2026 Jul 29 19:51:35 user.alert awplus VCS[651]: stack member 1 (84e3.2787.0740) is incompatible and is leaving the stack
2026 Jul 29 19:51:35 user.notice awplus VCS[651]: Link between Member 2 and Member 1 is down
2026 Jul 29 19:51:35 user.crit awplus VCS[651]: Member 1 (84e3.2787.0740) has left the stack
2026 Jul 29 19:51:35 user.err awplus VCS[651]: CB: not found (tcp://192.168.255.1:9544:/vcs/proxy/1/*)
2026 Jul 29 19:51:35 user.err awplus VCS[651]: Could not remove Apteryx proxy support for stack member 1
2026 Jul 29 19:51:35 user.err awplus VCS[651]: CB: not found (tcp://192.168.255.1:9544:/logical-network-elements/logical-network-element/vcs-1/*)
2026 Jul 29 19:51:35 user.err awplus VCS[651]: Could not add Apteryx mount point proxy support for stack member 1
2026 Jul 29 19:52:59 local6.notice awplus VCS[651]: Link down event on stack link port2.0.27
2026 Jul 29 19:52:59 local6.notice awplus VCS[651]: Link down event on stack link port2.0.28
2026 Jul 29 19:53:00 user.notice awplus NSM[621]: Port down notification received for port2.0.27 
2026 Jul 29 19:53:00 user.notice awplus NSM[621]: Port down notification received for port2.0.28 
2026 Jul 29 19:53:14 user.notice awplus IMISH[3561]: [manager@ttyS0]sh log tail 20
awplus#

***First reboot of member 1***

awplus login: switch: port 28(port2.0.28) entered blocking state
switch: port 28(port2.0.28) entered forwarding state
switch: port 27(port2.0.27) entered blocking state
switch: port 27(port2.0.27) entered forwarding state
tipc: Enabled bearer <eth:vlan4094>, priority 10
20:03:16 awplus VCS[651]: Member 1 (84e3.2787.0740) has joined the stack
20:03:18 awplus VCS[651]: Software incompatibility detected for Member 1
06:56:03 awplus-1 VCS[686]: Auto synchronization starts. This stack member will reboot once that finishes. Please wait..
tipc: Disabling bearer <eth:vlan4094>
20:03:18 awplus VCS[651]: stack member 1 (84e3.2787.0740) is incompatible and is leaving the stack
20:03:18 awplus VCS[651]: Member 1 (84e3.2787.0740) has left the stack
06:56:04 awplus-1 VCS[686]: Cannot get software release from stack master or the synchronized software is corrupted.


awplus login: manager
Password: 
Last login: Wed Jul 29 20:05:21 UTC 2026 on ttyS0
AlliedWare Plus (TM) 0.0.0 07/29/26 00:19:37

awplus>en
awplus#sh stack
Virtual Chassis Stacking summary information

ID   Pending ID  MAC address        Priority  Status  Role
1    -           -                  -         -       Provisioned
2    -           84e3.2787.09c0     128       Ready   Active Master

Operational Status                 Standalone unit
Stack MAC address                  84e3.2787.09c0
awplus#

***Second reboot of member 1***

awplus#term mon
% Warning: Console logging enabled
awplus#20:10:09 awplus syslog-ng[300]: Configuration reload request received, reloading configu
ration;
20:10:09 awplus syslog-ng[300]: Configuration reload finished;
20:10:13 awplus EXFX[655]: Port Manager queue has grown to 0 (250), last event MAC.
switch: port 28(port2.0.28) entered blocking state
switch: port 28(port2.0.28) entered forwarding state
20:10:13 awplus EXFX[300]: Last message 'Port Manager queue h' repeated 5 times, suppressed by 
syslog-ng on awplus
20:10:13 awplus EXFX[655]: Stacking port 0.28 changed state to UP
20:10:13 awplus kernel: switch: port 28(port2.0.28) entered blocking state
20:10:13 awplus kernel: switch: port 28(port2.0.28) entered forwarding state
20:10:13 awplus EXFX[655]: Performing link state update for ifindex 10028, linkState = 1, stkId
 = 2
20:10:13 awplus VCS[651]: Link up event on stack link port2.0.28
20:10:13 awplus VCS[651]: Beginning neighbor discovery on link port2.0.28
20:10:14 awplus NSM[621]: Port up notification received for port2.0.28 
switch: port 27(port2.0.27) entered blocking state
switch: port 27(port2.0.27) entered forwarding state
20:10:14 awplus EXFX[655]: Stacking port 0.27 changed state to UP
20:10:14 awplus EXFX[655]: Performing link state update for ifindex 10027, linkState = 1, stkId
 = 2
20:10:14 awplus VCS[651]: Link up event on stack link port2.0.27
20:10:14 awplus VCS[651]: Beginning neighbor discovery on link port2.0.27
20:10:14 awplus kernel: switch: port 27(port2.0.27) entered blocking state
20:10:14 awplus kernel: switch: port 27(port2.0.27) entered forwarding state
20:10:14 awplus NSM[621]: Port up notification received for port2.0.27 
20:10:14 awplus VCS[651]: STK TRACE: > Txd Hello msg on port2.0.28 (Forward nbr ?): 
20:10:15 awplus VCS[651]: STK TRACE: Received topology message for unknown stack member 84e3.27
87.0740
20:10:15 awplus VCS[300]: Last message 'STK TRACE: Received ' repeated 1 times, suppressed by s
yslog-ng on awplus
20:10:15 awplus VCS[651]: STK TRACE: < Rxd Hello msg on port2.0.28 (Forward nbr ?): 
20:10:15 awplus VCS[651]: STK TRACE: potipc: Enabled bearer <eth:vlan4094>, priority 10
rt1.0.27 configured as a stackport, by node payload
20:10:15 awplus VCS[651]: STK TRACE: port1.0.28 configured as a stackport, by node payload
20:10:15 awplus VCS[651]: Member 1 (84e3.2787.0740) has joined the stack
20:10:15 awplus VCS[651]: STK TRACE: Xbar update event is queued.
20:10:15 awplus EXFX[655]: Node-1 84e3.2787.0740 JOINED stack
20:10:15 awplus EXFX[655]: Finished processing Node-1 join event (3ms)
20:10:15 awplus VCS[651]: Link between Member 2 and Member 1 is up
20:10:15 awplus VCS[651]: STK TRACE: Link port2.0.27: N/A 
20:10:15 awplus VCS[651]: STK TRACE: Link port2.0.28: --> 1 (84e3.2787.0740)  
20:10:15 awplus VCS[651]: STK TRACE: > Txd Hello msg on port2.0.28 (Forward nbr 1): 
20:10:15 awplus VCS[651]: STK TRACE: Enabling TIPC interface on vlan4094
20:10:15 awplus kernel: tipc: Enabled bearer <eth:vlan4094>, priority 10
20:10:15 awplus VCS[651]: STK TRACE: Stack topology has changed - updating stack H/W routes for
 L2 connectivity
20:10:15 awplus EXFX[655]: FINISHED updating stack connectivity to use stack ports
20:10:15 awplus VCS[651]: Member 1 (84e3.2787.0740) has joined the stack                       
                                                        
20:10:15 awplus VCS[651]: STK TRACE: stack H/W route update complete
20:10:15 awplus VCS[651]: STK TRACE: Started sending heartbeat
20:10:15 awplus VCS[651]: CMSG(349).tport.stkd.heart.udp[[ff02::114:114]:9542]: UDP send failed
 ff02::114:114 Cannot assign requested address
20:10:15 awplus VCS[300]: Last message 'CMSG(349).tport.stkd' repeated 1 times, suppressed by s
yslog-ng on awplus
20:10:15 awplus VCS[651]: CMSG(1536).stkd.heart.udp[[ff02::114:114]:9542]: Client send failed (
method: im_here), Cannot assign requested address
20:10:15 awplus VCS[651]: STK TRACE: > Txd Hello msg on port2.0.27 (Forward nbr ?): 
20:10:15 awplus VCS[651]: STK TRACE: < Rxd Hello msg on port2.0.27 (Forward nbr ?): 
20:10:15 awplus VCS[651]: Already have one link between Member 2 and Member 1
20:10:15 awplus VCS[651]: STK TRACE: Xbar update event is queued.
20:10:15 awplus VCS[651]: STK TRACE: Link port2.0.27: --> 1 (84e3.2787.0740)  
20:10:15 awplus VCS[651]: STK TRACE: Link port2.0.28: --> 1 (84e3.2787.0740)  
20:10:15 awplus VCS[651]: STK TRACE: Ring topology is now complete
20:10:15 awplus VCS[651]: STK TRACE: > Txd Hello msg on port2.0.27 (Forward nbr 1): 
20:10:15 awplus VCS[651]: STK TRACE: Stack topology has changed - updating stack H/W routes for
 L2 connectivity
20:10:15 awplus EXFX[655]: FINISHED updating stack connectivity to use stack ports
20:10:15 awplus VCS[651]: STK TRACE: stack H/W route update complete
20:10:15 awplus syslog-ng[300]: Configuration reload request received, reloading configuration;
20:10:15 awplus VCS[651]: STK TRACE: TIPC L2 published event for member 1
20:10:16 awplus VCS[651]: STK TRACE: Create IPv6 TCP client node-1 to fe80::86e3:27ff:fe87:740-
vlan4094
20:10:16 awplus VCS[651]: STK TRACE: Heartbeat Node 1 is present
20:10:15 awplus syslog-ng[300]: Configuration reload finished;
20:10:16 awplus VCS[651]: STK TRACE: Connected to node 1 via TCP
20:10:16 awplus syslog-ng[300]: Configuration reload request received, reloading configuration;
20:10:16 awplus syslog-ng[300]: Configuration reload finished;
20:10:16 awplus VCS[651]: STK TRACE: TCP L2 is reachable event for member 1
20:10:16 awplus VCS[651]: STK TRACE: > Txd 2way Req msg on L2 (TCP-One): 2way Request: from 2 t
o 1
20:10:16 awplus VCS[651]: STK TRACE: < Rxd 2way Req msg on L2 (TCP-One): 2way Request: from 1 t
o 2
20:10:16 awplus VCS[651]: STK TRACE: > Txd 2way Reply msg on L2 (TCP-One): 2way Reply: from 2 t
o 1
20:10:16 awplus VCS[651]: STK TRACE: > Txd 2way Req msg on L2 (TCP-One): 2way Request: from 2 t
o 1
20:10:16 awplus VCS[651]: STK TRACE: < Rxd 2way Reply msg on L2 (TCP-One): 2way Reply: from 1 t
o 2
20:10:16 awplus VCS[651]: STK TRACE: Member-1 has become reachable via Layer-2 traffic
20:10:16 awplus VCS[651]: STK TRACE: Propagating master's info to all stack nodes
20:10:16 awplus VCS[651]: STK TRACE: > Txd Topology DB msg on L2 (TCP-One): sender 2 
20:10:16 awplus VCS[651]: Neighbor discovery on link port2.0.28 has successfully completed
20:10:16 awplus VCS[651]: STK TRACE: Xbar update event is queued.
20:10:16 awplus VCS[651]: STK TRACE: > Txd Topology DB msg on L2 (TCP-One): sender 2 
20:10:16 awplus VCS[651]: Neighbor discovery on link port2.0.27 has successfully completed
20:10:16 awplus VCS[651]: STK TRACE: Stack topology has changed - updating stack H/W routes for
 L2 connectivity
20:10:16 awplus EXFX[655]: FINISHED updating stack connectivity to use stack ports
20:10:16 awplus VCS[651]: STK TRACE: stack H/W route update complete
20:10:16 awplus VCS[651]: STK TRACE: < Rxd 2way Req msg on L2 (TCP-One): 2way Request: from 1 t
o 2
20:10:16 awplus VCS[651]: STK TRACE: > Txd 2way Reply msg on L2 (TCP-One): 2way Reply: from 2 t
o 1
20:10:16 awplus VCS[651]: STK TRACE: < Rxd Topology DB msg on L2 (TCP-One): sender 1 
20:10:17 awplus VCS[651]: Software incompatibility detected for Member 1                       
                                                        
07:03:01 awplus-1 VCS[637]: Auto synchronization starts. This stack member will
 reboot once that finishes. Please wait..                                                      
                         
20:10:16 awplus VCS[651]: STK TRACE: Received topology DB message from unconnected neighbor Mem
ber 1
20:10:16 awplus VCS[651]: STK TRACE: < Rxd Topology DB msg on L2 (TCP-One): sender 1 
20:10:16 awplus VCS[651]: STK TRACE: Received topology DB message from unconnected neighbor Mem
ber 1
20:10:16 awplus VCS[651]: STK TRACE: < Rxd 2way Reply msg on L2 (TCP-One): 2way Reply: from 1 t
o 2
20:10:16 awplus Platform: SENSOR stack member 1 Board Base - Power Input 1: State change. Unpow
ered.
20:10:16 awplus Platform: SENSOR stack member 1 Board Base - Power Input 2: State change. Power
ed.
20:10:16 awplus Platform: SENSOR stack member 1 Board Base - Almmon: LED Output: State change. 
Off.
20:10:17 awplus VCS[651]: STK TRACE: Master has booted from non-default location. A copy of the
 running software will be made
20:10:17 awplus VCS[651]: STK TRACE: > Txd Stack join action msg on L2: to node-1 Composite res
ult: Start S/W transfer
20:10:17 awplus VCS[651]: Software incompatibility detected for Member 1
07:02:59 awplus-1 VCS[637]: CMSG(349).tport.stkd.heart.udp[[ff02::114:114]:9542]: UDP send fail
ed ff02::114:114 Cannot assign requested address
07:03:01 awplus-1 VCS[302]: Last message 'CMSG(349).tport.stkd' repeated 3 times, suppressed by
 syslog-ng on awplus-1
07:03:01 awplus-1 VCS[637]: Auto synchronization starts. This stack member will reboot once tha
t finishes. Please wait..
20:10:17 awplus VCS[651]: STK TRACE: Member 1 (84e3.2787.0740) state Discovering --> Syncing fi
rmware
20:10:18 awplus rsyncd[19120]: rsync: [sender] link_stat "/tmp/IE520-tb470.rel" (in root) faile
d: No such file or directory (2)
tipc: Disabling bearer <eth:vlan4094>
20:10:18 awplus VCS[651]: STK TRACE: < Rxd Re-init msg on L2 (TCP-One): sender Member 1 (1) inc
ompatible neighbor
20:10:18 awplus VCS[651]: stack member 1 (84e3.2787.0740) is incompatible and is leaving the st
ack
20:10:18 awplus VCS[651]: Beginning neighbor discovery on link port2.0.27
20:10:18 awplus VCS[651]: STK TRACE: Xbar update event is queued.
20:10:18 awplus VCS[651]: STK TRACE: Link port2.0.27: N/A 
20:10:18 awplus VCS[651]: STK TRACE: Link port2.0.28: --> 1 (84e3.2787.0740)  
20:10:18 awplus VCS[651]: Neighbor on link port2.0.27 is incompatible and cannot join stack
20:10:18 awplus VCS[651]: Beginning neighbor discovery on link port2.0.28
20:10:18 awplus kernel: tipc: Disabling bearer <eth:vlan4094>
20:10:18 awplus VCS[651]: Link between Member 2 and Member 1 is down
20:10:18 awplus VCS[651]: STK TRACE: Link port2.0.27: N/A 
20:10:18 awplus VCS[651]: STK TRACE: Link port2.0.28: N/A 
20:10:18 awplus VCS[651]: stack member 1 (84e3.2787.0740) is incompatible and i
s leaving the stack                                                                            
   
20:10:18 awplus VCS[651]: Member 1 (84e3.2787.0740) is leaving the stack (unreachable via stack
 links)
20:10:18 awplus VCS[651]: STK TRACE: Node 1 is NOT reachable
20:10:18 awplus VCS[651]: CLM node id not known for stack node 1
07:03:02 awplus-1 VCS[637]: Cannot get software release from stack master or the synchronized s
oftware is corrupted.
20:10:18 awplus EXFX[655]: Node-1 84e3.2787.0740 LEFT stack
20:10:18 awplus EXFX[655]: Finished processing Node-1 leave event (2ms)
20:10:18 awplus VCS[651]: STK TRACE: Member 1 (84e3.2787.0740) state Syncing firmware --> Leavi
ng
20:10:18 awplus VCS[651]: Member 1 (84e3.2787.0740) has left the stack
20:10:18 awplus VCS[651]: STK TRACE: Disabling TIPC interface on vlan4094
20:10:18 awplus VCS[651]: STK TRACE: Removing Apteryx support for node-1, tcp://192.168.255.1:9
544
20:10:18 awplus VCS[651]: CB: not found (tcp://192.168.255.1:9544:/vcs/proxy/1/*)
20:10:18 awplus VCS[651]: Could not remove Apteryx proxy support for stack member 1
20:10:18 awplus VCS[651]: CB: not found (tcp://192.168.255.1:9544:/logical-network-elements/log
ical-network-element/vcs-1/*)
20:10:18 awplus VCS[651]: Could not add Apteryx mount point proxy support for stack member 1
20:10:18 awplus VCS[651]: STK TRACE: Failed to delete IP ARP for 192.168.255.1
20:10:18 awplus VCS[651]: Neighbor on link port2.0.28 is incompatible and cannot join stack
20:10:18 awplus VCS[651]: STK TRACE: Stack topology has changed - updating stack H/W routes for
 L2 connectivity
20:10:18 awplus EXFX[655]: FINISHED updating stack connectivity to use stack ports
20:10:18 awplus VCS[651]: STK TRACE: stack H/W route update complete
20:10:18 awplus VCS[651]: STK TRACE: TIPC L2 withdrawn event for member 1
20:10:18 awplus VCS[651]: CMSG(349).tport.stkd.heart.udp[[ff02::114:114]:9542]: UDP send failed
 ff02::114:114 Network is unreachable
20:10:18 awplus VCS[300]: Last message 'CMSG(349).tport.stkd' repeated 1 times, suppressed by s
yslog-ng on awplus
20:10:18 awplus VCS[651]: CMSG(1536).stkd.heart.udp[[ff02::114:114]:9542]: Client send failed (
method: im_here), Network is unreachable
07:03:02 awplus-1 VCS[637]: Cannot get software release from stack master or th
e synchronized software is corrupted.                                                          
                     
20:10:18 awplus VCS[651]: Member 1 (84e3.2787.0740) has left the stack                         
                                                      
20:10:18 awplus VCS[651]: CMSG(349).tport.stkd.heart.udp[[ff02::114:114]:9542]: UDP send failed
 ff02::114:114 Network is unreachable
20:10:18 awplus VCS[300]: Last message 'CMSG(349).tport.stkd' repeated 1 times, suppressed by s
yslog-ng on awplus
20:10:18 awplus VCS[651]: CMSG(1536).stkd.heart.udp[[ff02::114:114]:9542]: Client send failed (
method: im_here), Network is unreachable
20:10:20 awplus VCS[651]: STK TRACE: TCP L2 is NOT reachable event for member 1
20:10:20 awplus VCS: Shutting down access to member-1's file system

*** Unplugged, replugged stackports ***

awplus#20:12:24 awplus systemd[1]: Starting Mail queue flush service...
20:12:24 awplus systemd[1]: nbqueue-flush.service: Deactivated successfully.
20:12:24 awplus systemd[1]: Finished Mail queue flush service.
20:12:46 awplus EXFX[655]: Port Manager queue has grown to 0 (250), last event MAC.
switch: port 27(port2.0.27) entered disabled state
20:12:46 awplus EXFX[655]: Stacking port 0.27 changed state to DOWN
20:12:46 awplus EXFX[655]: Performing link state update for ifindex 10027, linkState = 0, stkId
 = 2
20:12:46 awplus kernel: switch: port 27(port2.0.27) entered disabled state
20:12:46 awplus VCS[651]: Link down event on stack link port2.0.27
20:12:46 awplus NSM[621]: Port down notification received for port2.0.27 
20:12:46 awplus Pluggable[430]: Pluggable 1-2127931-2 removed from port2.0.27
20:12:46 awplus EXFX[655]: Port Manager queue has grown to 0 (250), last event Delete.
20:12:46 awplus Pluggable[430]: Pluggable 1-2127931-2 removed from port2.0.27                  
                                                             
20:12:48 awplus Pluggable[430]: Pluggable 1-2127931-2 inserted into port2.0.27
20:12:48 awplus Pluggable[430]: Pluggable 1-2127931-2 inserted into port2.0.27                 
                                                              
20:12:49 awplus EXFX[655]: Port Manager queue has grown to 0 (250), last event Delete.
20:12:49 awplus EXFX[655]: Init successful for dev 1 port 27 maclinkup 1
20:12:49 awplus EXFX[655]: Stacking port 0.27 changed state to UP
switch: port 27(port2.0.27) entered blocking state
switch: port 27(port2.0.27) entered forwarding state
20:12:49 awplus EXFX[655]: Performing link state update for ifindex 10027, linkState = 1, stkId
 = 2
20:12:49 awplus VCS[651]: Link up event on stack link port2.0.27
20:12:49 awplus kernel: switch: port 27(port2.0.27) entered blocking state
20:12:49 awplus kernel: switch: port 27(port2.0.27) entered forwarding state
20:12:49 awplus VCS[651]: Beginning neighbor discovery on link port2.0.27
20:12:49 awplus NSM[621]: Port up notification received for port2.0.27 
20:12:50 awplus VCS[651]: STK TRACE: < Rxd Hello msg on port2.0.27 (Forward nbr ?): 
20:12:50 awplus VCS[651]: STK TRACE: New node 1 is worse than existing node 2
20:12:50 awplus VCS[651]: STK TRACE: > Txd Node conflict msg on L2 ((null)): sender Member 2 (2
) duplicate master
20:12:50 awplus VCS[651]: Duplicate master detected: Member 2 (Active Master) and Member 1 (Dis
abled Master)
20:12:50 awplus VCS[651]: Automatically rebooting stack member 1 due to duplicate master
20:12:50 awplus VCS[651]: Duplicate master detected: Member 2 (Active Master) a
nd Member 1 (Disabled Master)                                                                  
             
20:12:50 awplus VCS[651]: Automatically rebooting stack member 1 due to duplica
te master                                                                               
20:12:50 awplus VCS[651]: STK TRACE: Node 1 is NOT reachable
20:12:50 awplus VCS[651]: STK TRACE: Couldn't find client to node 1, to delete
20:12:50 awplus VCS[651]: STK TRACE: Neighbor needs to re-initialise - ignoring node
20:12:50 awplus VCS[651]: STK TRACE: > Txd Hello msg on port2.0.27 (Forward nbr ?): 
20:12:50 awplus debugsnapshot: calling save_debug.sh...
switch: port 28(port2.0.28) entered disabled state
20:12:51 awplus EXFX[655]: Stacking port 0.28 changed state to DOWN
20:12:51 awplus EXFX[655]: Performing link state update for ifindex 10028, linkState = 0, stkId
 = 2
20:12:51 awplus VCS[651]: Link down event on stack link port2.0.28
20:12:51 awplus kernel: switch: port 28(port2.0.28) entered disabled state
20:12:51 awplus NSM[621]: Port down notification received for port2.0.28 
20:12:51 awplus Pluggable[430]: Pluggable 1-2127931-2 removed from port2.0.28
20:12:51 awplus Pluggable[430]: Pluggable 1-2127931-2 removed from port2.0.28                  
                                                             
20:12:51 awplus VCS[651]: STK TRACE: > Txd Hello msg on port2.0.27 (Forward nbr ?): 
20:12:51 awplus VCS[651]: STK TRACE: < Rxd Re-init msg on port2.0.27 (Forward nbr ?): sender 84
e3.2787.0740 (?) duplicate master
switch: port 27(port2.0.27) entered disabled state
20:12:52 awplus EXFX[655]: Stacking port 0.27 changed state to DOWN
20:12:52 awplus VCS[651]: Link down event on stack link port2.0.27
20:12:52 awplus EXFX[655]: Performing link state update for ifindex 10027, linkState = 0, stkId
 = 2
20:12:52 awplus kernel: switch: port 27(port2.0.27) entered disabled state
20:12:52 awplus NSM[621]: Port down notification received for port2.0.27 
20:12:53 awplus EXFX[655]: Init successful for dev 1 port 27 maclinkup 0
20:12:53 awplus Pluggable[430]: Pluggable 1-2127931-2 inserted into port2.0.28
20:12:53 awplus Pluggable[430]: Pluggable 1-2127931-2 inserted into port2.0.28                 
                                                              
20:12:54 awplus EXFX[655]: Init successful for dev 1 port 26 maclinkup 0
20:12:59 awplus debugsnapshot: writing /tmp/debug-duplicate-master-IE520-tomahawk_ie520-continu
ous-2-1785355970.tgz to /tmp/core_info
20:12:59 awplus debugsnapshot: cleaning up /tmp/duplicate-master
20:13:00 awplus corerotate[21631]: Debug information saved to flash:/debug-duplicate-master-IE5
20-tomahawk_ie520-continuous-2-1785355970.tgz

***After duplicate master reboot of member 1***

switch: port 28(port2.0.28) entered blocking state
switch: port 28(port2.0.28) entered forwarding state
20:14:55 awplus EXFX[655]: Stacking port 0.28 changed state to UP
20:14:55 awplus kernel: switch: port 28(port2.0.28) entered blocking state
20:14:55 awplus kernel: switch: port 28(port2.0.28) entered forwarding state
20:14:55 awplus EXFX[655]: Performing link state update for ifindex 10028, linkState = 1, stkId
 = 2
20:14:55 awplus VCS[651]: Link up event on stack link port2.0.28
20:14:55 awplus VCS[651]: Beginning neighbor discovery on link port2.0.28
20:14:55 awplus NSM[621]: Port up notification received for port2.0.28 
20:14:55 awplus EXFX[655]: Stackswitch: port 27(port2.0.27) entered blocking state
ing port 0.27 chswitch: port 27(port2.0.27) entered forwarding state
anged state to UP
20:14:55 awplus EXFX[655]: Performing link state update for ifindex 10027, linkState = 1, stkId
 = 2
20:14:55 awplus kernel: switch: port 27(port2.0.27) entered blocking state
20:14:55 awplus kernel: switch: port 27(port2.0.27) entered forwarding state
20:14:55 awplus VCS[651]: Link up event on stack link port2.0.27
20:14:55 awplus VCS[651]: Beginning neighbor discovery on link port2.0.27
20:14:55 awplus NSM[621]: Port up notification received for port2.0.27 
20:14:56 awplus VCS[651]: STK TRACE: > Txd Hello msg on port2.0.28 (Forward nbr ?): 
20:14:56 awplus VCS[651]: STK TRACE: Received topology message for unknown stack member 84e3.27
87.0740
20:14:56 awplus VCS[300]: Last message 'STK TRACE: Received ' repeated 1 times, suppressed by s
yslog-ng on awplus
20:14:56 awpltipc: Enabled bearer <eth:vlan4094>, priority 10
us VCS[651]: STK TRACE: < Rxd Hello msg on port2.0.28 (Forward nbr ?): 
20:14:56 awplus VCS[651]: STK TRACE: port1.0.27 configured as a stackport, by node payload
20:14:56 awplus VCS[651]: STK TRACE: port1.0.28 configured as a stackport, by node payload
20:14:56 awplus VCS[651]: Member 1 (84e3.2787.0740) has joined the stack
20:14:56 awplus EXFX[655]: Node-1 84e3.2787.0740 JOINED stack
20:14:56 awplus EXFX[655]: Finished processing Node-1 join event (2ms)
20:14:56 awplus VCS[651]: STK TRACE: Xbar update event is queued.
20:14:56 awplus VCS[651]: Link between Member 2 and Member 1 is up
20:14:56 awplus VCS[651]: STK TRACE: Link port2.0.27: N/A 
20:14:56 awplus VCS[651]: STK TRACE: Link port2.0.28: --> 1 (84e3.2787.0740)  
20:14:56 awplus VCS[651]: STK TRACE: > Txd Hello msg on port2.0.28 (Forward nbr 1): 
20:14:56 awplus VCS[651]: STK TRACE: Enabling TIPC interface on vlan4094
20:14:56 awplus kernel: tipc: Enabled bearer <eth:vlan4094>, priority 10
20:14:56 awplus VCS[651]: STK TRACE: Stack topology has changed - updating stack H/W routes for
 L2 connectivity
20:14:56 awplus EXFX[655]: FINISHED updating stack connectivity to use stack ports
20:14:56 awplus VCS[651]: STK TRACE: stack H/W route update complete
20:14:56 awplus VCS[651]: STK TRACE: > Txd Hello msg on port2.0.27 (Forward nbr ?): 
20:14:56 awplus VCS[651]: Member 1 (84e3.2787.0740) has joined the stack                       
                                                        
20:14:56 awplus VCS[651]: STK TRACE: < Rxd Hello msg on port2.0.27 (Forward nbr ?): 
20:14:56 awplus VCS[651]: Already have one link between Member 2 and Member 1
20:14:56 awplus VCS[651]: STK TRACE: Xbar update event is queued.
20:14:56 awplus VCS[651]: STK TRACE: Link port2.0.27: --> 1 (84e3.2787.0740)  
20:14:56 awplus VCS[651]: STK TRACE: Link port2.0.28: --> 1 (84e3.2787.0740)  
20:14:56 awplus VCS[651]: STK TRACE: Ring topology is now complete
20:14:56 awplus VCS[651]: STK TRACE: > Txd Hello msg on port2.0.27 (Forward nbr 1): 
20:14:56 awplus VCS[651]: STK TRACE: Stack topology has changed - updating stack H/W routes for
 L2 connectivity
20:14:56 awplus EXFX[655]: FINISHED updating stack connectivity to use stack ports
20:14:56 awplus VCS[651]: STK TRACE: stack H/W route update complete
20:14:56 awplus VCS[651]: STK TRACE: Started sending heartbeat
20:14:56 awplus syslog-ng[300]: Configuration reload request received, reloading configuration;
20:14:56 awplus syslog-ng[300]: Configuration reload finished;
20:14:57 awplus VCS[651]: STK TRACE: Create IPv6 TCP client node-1 to fe80::86e3:27ff:fe87:740-
vlan4094
20:14:57 awplus VCS[651]: STK TRACE: Heartbeat Node 1 is present
20:14:57 awplus VCS[651]: STK TRACE: TIPC L2 published event for member 1
20:14:57 awplus syslog-ng[300]: Syslog connection established; fd='29', server='AF_INET(192.168
.255.31:9505)', local='AF_INET(0.0.0.0:0)'
20:14:57 awplus syslog-ng[300]: Configuration reload request received, reloading configuration;
20:14:57 awplus syslog-ng[300]: Configuration reload finished;
20:14:57 awplus VCS[651]: STK TRACE: Connected to node 1 via TCP
20:14:57 awplus VCS[651]: STK TRACE: TCP L2 is reachable event for member 1
20:14:57 awplus VCS[651]: STK TRACE: > Txd 2way Req msg on L2 (TCP-One): 2way Request: from 2 t
o 1
20:14:57 awplus VCS[651]: STK TRACE: Ignoring TIPC BC message 10 from member-ID 1
20:14:57 awplus VCS[651]: STK TRACE: Ignoring TIPC BC message 9 from member-ID 1
20:14:57 awplus VCS[651]: STK TRACE: < Rxd 2way Req msg on L2 (TCP-One): 2way Request: from 1 t
o 2
20:14:57 awplus VCS[651]: STK TRACE: > Txd 2way Reply msg on L2 (TCP-One): 2way Reply: from 2 t
o 1
20:14:57 awplus VCS[651]: STK TRACE: > Txd 2way Req msg on L2 (TCP-One): 2way Request: from 2 t
o 1
20:14:57 awplus VCS[651]: STK TRACE: < Rxd Topology DB msg on L2 (TCP-One): sender 1 
20:14:57 awplus VCS[651]: STK TRACE: > Txd Topology DB msg on L2 (TCP-One): sender 2 
20:14:57 awplus VCS[651]: Neighbor discovery on link port2.0.27 has successfully completed
20:14:57 awplus VCS[651]: STK TRACE: Xbar update event is queued.
20:14:57 awplus VCS[651]: STK TRACE: Stack topology has changed - updating stack H/W routes for
 L2 connectivity
20:14:57 awplus EXFX[655]: FINISHED updating stack connectivity to use stack ports
20:14:57 awplus VCS[651]: STK TRACE: stack H/W route update complete
20:14:57 awplus VCS[651]: STK TRACE: < Rxd Topology DB msg on L2 (TCP-One): sender 1 
20:14:57 awplus VCS[651]: STK TRACE: > Txd Topology DB msg on L2 (TCP-One): sender 2 
20:14:57 awplus VCS[651]: Neighbor discovery on link port2.0.28 has successfully completed
20:14:57 awplus VCS[651]: STK TRACE: Xbar update event is queued.
20:14:57 awplus VCS[651]: STK TRACE: Stack topology has changed - updating stack H/W routes for
 L2 connectivity
20:14:57 awplus EXFX[655]: FINISHED updating stack connectivity to use stack ports
20:14:57 awplus cmsg_psd: CMSG(153).tport.cmsg_psd.r.tcp[192.168.255.1:9001]: Failed to connect
 to remote host. Host no longer present
20:14:57 awplus cmsg_psd: DEBUG(CMSG):_cmsg_client_buffer_send_retry_once 1503: [CLIENT] client
 is not connected (method: bulk_sync, error: -1)
20:14:57 awplus cmsg_psd: Bulk sync to remote 1ffa8c0 failed
20:14:57 awplus VCS[651]: STK TRACE: stack H/W route update complete
20:14:57 awplus VCS[651]: STK TRACE: < Rxd 2way Reply msg on L2 (TCP-One): 2way Reply: from 1 t
o 2
20:14:57 awplus VCS[651]: STK TRACE: Member-1 has become reachable via Layer-2 traffic
20:14:57 awplus VCS[651]: STK TRACE: Propagating master's info to all stack nodes
20:14:58 awplus VCS[651]: STK TRACE: Master has booted from non-default location. A copy of the
 running software will be made
20:14:58 awplus VCS[651]: STK TRACE: > Txd Stack join action msg on L2: to node-1 Composite res
ult: Start S/W transfer
20:14:58 awplus VCS[651]: Software incompatibility detected for Member 1
20:14:58 awplus VCS[651]: STK TRACE: Member 1 (84e3.2787.0740) state Discovering --> Syncing fi
rmware
20:14:58 awplus VCS[651]: Software incompatibility detected for Member 1                       
                                                        
20:14:59 awplus rsyncd[23161]: rsync: [sender] link_stat "/tmp/IE520-tb470.rel" (in root) faile
d: No such file or directory (2)
20:14:59 awplus VCS[651]: STK TRACE: < Rxd Re-init msg on L2 (TCP-One): sender Member 1 (1) inc
ompatible neighbor
20:14:59 awplus VCS[651]: stack member 1 (84e3.2787.0740) is incompatible and is leaving the st
ack
20:14:59 awplus VCS[651]: Beginning neighbor discovery on link port2.0.27
20:14:59 awplus VCS[651]: STK TRACE: Xbar update event is queued.
20:14:59 awplus VCS[651]: STK TRACE: Link ptipc: Disabling bearer <eth:vlan4094>
ort2.0.27: N/A 
20:14:59 awplus VCS[651]: STK TRACE: Link port2.0.28: --> 1 (84e3.2787.0740)  
20:14:59 awplus VCS[651]: Neighbor on link port2.0.27 is incompatible and cannot join stack
20:14:59 awplus VCS[651]: Beginning neighbor discovery on link port2.0.28
20:14:59 awplus VCS[651]: Link between Member 2 and Member 1 is down
20:14:59 awplus VCS[651]: STK TRACE: Link port2.0.27: N/A 
20:14:59 awplus VCS[651]: STK TRACE: Link port2.0.28: N/A 
20:14:59 awplus VCS[651]: Member 1 (84e3.2787.0740) is leaving the stack (unreachable via stack
 links)
20:14:59 awplus VCS[651]: STK TRACE: Node 1 is NOT reachable
20:14:59 awplus VCS[651]: CLM node id not known for stack node 1
20:14:59 awplus EXFX[655]: Node-1 84e3.2787.0740 LEFT stack
20:14:59 awplus EXFX[655]: Finished processing Node-1 leave event (3ms)
20:14:59 awplus VCS[651]: STK TRACE: Member 1 (84e3.2787.0740) state Syncing firmware --> Leavi
ng
20:14:59 awplus VCS[651]: Member 1 (84e3.2787.0740) has left the stack
20:14:59 awplus VCS[651]: STK TRACE: Disabling TIPC interface on vlan4094
20:14:59 awplus VCS[651]: STK TRACE: Removing Apteryx support for node-1, tcp://192.168.255.1:9
544
20:14:59 awplus VCS[651]: CB: not found (tcp://192.168.255.1:9544:/vcs/proxy/1/*)
20:14:59 awplus VCS[651]: Could not remove Apteryx proxy support for stack member 1
20:14:59 awplus VCS[651]: CB: not found (tcp://192.168.255.1:9544:/logical-network-elements/log
ical-network-element/vcs-1/*)
20:14:59 awplus VCS[651]: Could not add Apteryx mount point proxy support for stack member 1
20:14:59 awplus VCS[651]: STK TRACE: Failed to delete IP ARP for 192.168.255.1
20:14:59 awplus kernel: tipc: Disabling bearer <eth:vlan4094>
20:14:59 awplus VCS[651]: stack member 1 (84e3.2787.0740) is incompatible and i
s leaving the stack                                                                            
   
20:14:59 awplus VCS[651]: Member 1 (84e3.2787.0740) has left the stack                         
                                                      
20:14:59 awplus VCS[651]: Neighbor on link port2.0.28 is incompatible and cannot join stack
20:14:59 awplus VCS[651]: STK TRACE: Stack topology has changed - updating stack H/W routes for
 L2 connectivity
20:14:59 awplus EXFX[655]: FINISHED updating stack connectivity to use stack ports
20:14:59 awplus VCS[651]: STK TRACE: stack H/W route update complete
20:14:59 awplus VCS[651]: CMSG(349).tport.stkd.heart.udp[[ff02::114:114]:9542]: UDP send failed
 ff02::114:114 Network is unreachable
20:14:59 awplus VCS[300]: Last message 'CMSG(349).tport.stkd' repeated 1 times, suppressed by s
yslog-ng on awplus
20:14:59 awplus VCS[651]: CMSG(1536).stkd.heart.udp[[ff02::114:114]:9542]: Client send failed (
method: im_here), Network is unreachable
20:14:59 awplus VCS[651]: STK TRACE: TIPC L2 withdrawn event for member 1
20:14:59 awplus VCS[651]: STK TRACE: Ignoring TIPC BC message 2 from member-ID 1
20:14:59 awplus VCS[651]: CMSG(349).tport.stkd.heart.udp[[ff02::114:114]:9542]: UDP send failed
 ff02::114:114 Network is unreachable
20:14:59 awplus VCS[300]: Last message 'CMSG(349).tport.stkd' repeated 1 times, suppressed by s
yslog-ng on awplus
20:14:59 awplus VCS[651]: CMSG(1536).stkd.heart.udp[[ff02::114:114]:9542]: Client send failed (
method: im_here), Network is unreachable
20:15:01 awplus VCS[651]: STK TRACE: TCP L2 is NOT reachable event for member 1
20:15:01 awplus VCS: Shutting down access to member-1's file system

awplus#sh stack
20:16:21 awplus IMISH[15704]: [manager@ttyS0]sh stack
Virtual Chassis Stacking summary information

ID   Pending ID  MAC address        Priority  Status  Role
1    -           -                  -         -       Provisioned
2    -           84e3.2787.09c0     128       Ready   Active Master

Operational Status                 Standalone unit
Stack MAC address                  84e3.2787.09c0
awplus#
