================================================================================
TEST 5700.2001 -- Boot System CLI rules
================================================================================
Run:      2026-10-06 15:18:38-15:39:08 NZDT (times are the framework log's, tb470 clock)
Bench:    tb470, console u0; Test Engineer terrenceb@terrenceb-dl
Tester:   runTestSuite.py (pristine AWPTCM 5700 suite) @ framework a5bb6a1, launched by bench-runner
Graded:   tester
Case:     AWPTCM 5700 bootloader suite, TestSet 5700.2001 (test-5700.2001.py, run unedited as
          `./runTestSuite.py -s default.setup -u -v`), 11 TestCases
Build:    swi_a awplus_main-20261006-52 (x230-tb470.rel by TFTP from tb470, build date
          Mon Oct 5 21:39:08 UTC 2026); Bootloader 6.2.40
Configs:  none captured -- the framework held the console for the whole run; device config = the
          framework's default.cfg plus what the TestSet logs in swi_a_2001.log (saved to startup:
          yes -- the framework saved the TestSet config as flash:/swi_a_5700_2001.cfg and made it
          the boot config)

VERDICT: PASS -- 11/11 TestCases PASS, framework exit code 0 (RC_PASS), 0 failed assertions
      bootup display "Verifying release" ................ PASS  (2001.10, 3/0)
      bootup display "Booting..." ........................ PASS  (2001.20, 3/0)
      backup cannot equal current boot image ............. PASS  (2001.1, 8/0)
      boot system refuses a moved-away file name ......... PASS  (2001.2, 7/0)
      boot system refuses a non-.rel extension ........... PASS  (2001.3, 7/0)
      boot system refuses a fake (text) .rel ............. PASS  (2001.4, 6/0)
      boot system refuses a nonexistent file ............. PASS  (2001.5, 6/0)
      boot images cannot be moved ........................ PASS  (2001.6, 8/0)
      boot images cannot be edited ....................... PASS  (2001.7, 8/0)
      boot images cannot be deleted ...................... PASS  (2001.8, 8/0)
      boot images can be copied, and copies set as boot .. PASS  (2001.9, 14/0)
      (n/m = the framework's numPassed/numFailed for the TestCase)
CAVEAT:  The bootloader's saved default boot source is TFTP, so every boot in this TestSet loaded
         x230-tb470.rel over the USB Ethernet adapter under the "forced to boot from a
         non-standard location" banner. 2001.10/.20 therefore saw "Verifying release" and
         "Booting..." on a TFTP boot, not on a flash boot of the `boot system` image the TestCase
         set (flash:/mainrelease.rel). 2001.1-.9 are CLI checks on flash: of a standalone unit;
         the stack-wide variants are refused on this unit ("% The unit has no stacking module
         installed, stacking commands are not allowed").

--------------------------------------------------------------------------------
TOPOLOGY AS TESTED
--------------------------------------------------------------------------------
  DUT     : swi_a (AT-x230-28GS V2, board 706 rev A-0) console u0 (/dev/u0 = ttyUSB2) at 9600,
            S/N A10783G262900002, standalone; PDU 10.36.150.14 outlet 1
  link    : tb470 eth3 10.38.215.65/27 <-> swi_a port1.0.1 (1000/full)  -- post-boot CLI TFTP
            (configure() puts port1.0.1 in vlan2 with 10.38.215.74/27 for the copy, then removes it)
  link    : tb470 eth2 10.38.215.33/27 (MAC 00:f0:4d:00:77:17) <-> USB Ethernet adapter on a USB
            hub in the x230's single USB port (the bootloader's "eth0"; carrier only while the
            bootloader uses it). Bootloader device IP 10.38.215.34/27, TFTP server 10.38.215.33.
            The same hub carries a USB stick (usb:, 28.8 GB), not used by this TestSet.
  files   : tb470 /tftproot/x230-tb470.rel -> x230v2_28GS-tb470.rel (36,553,967 B,
            awplus_main-20261006-52), served to the bootloader (eth2) and to the CLI copy (eth3)
  tools   : framework runTestSuite.py -> test-5700.2001.py + library_5700.py (pristine), run as
            root on tb470 with the run directory's default.setup (tb470 eth3-port1.0.1, hub_a,
            PDU outlet 1). Framework logs: test-5700.2001.log, swi_a_2001.log, setup_2001.log,
            testbox_2001.log, hub_a_2001.log, power-*_2001.log

STEP 0 -- baseline, TestSet setup and configure()                         done
--------------------------------------------------------------------------------
  Pre-launch state of u0 (15:17): bootloader default boot source = TFTP x230-tb470.rel
  (Boot Menu 2 -> 3, answers 4 / 10.38.215.34 / 255.255.255.224 / 0.0.0.0 / 10.38.215.33 /
  x230-tb470.rel -> "Saving settings... Complete"); flash: x230v2_28GS-tb470.rel (boot system)
  + default.cfg (boot config, near-factory); Boot Security Level none; ACCESS licence present.

  Framework start (test-5700.2001.log):
    2026-10-06 15:18:38: ================ TESTSET STARTED ================
    2026-10-06 15:18:38: swi_a is connected to a powerstrip: pdu, 10.36.150.14, 1
    2026-10-06 15:18:41: Skip power-off : swi_a, device is running and responsive
    2026-10-06 15:19:01: The following features were specified for the TestSet: 'ACCESS'
    2026-10-06 15:19:30: swi_a platform type is x230
    2026-10-06 15:19:30: No license bundles require loading on swi_a for platform family x230

awplus# sh sys
  Board      ID   Bay     Board Name                        Rev   Serial number
  --------------------------------------------------------------------------------
  Base       706  Base    AT-x230-28GS V2                   A-0   A10783G262900002
  --------------------------------------------------------------------------------
  RAM: Total: 506920 kB Free: 317888 kB
  Flash: 95.6MB Used: 34.8MB Available: 60.9MB
  --------------------------------------------------------------------------------
  Environment Status : Normal
  Uptime             : 0 days 00:04:14
  Bootloader version : 6.2.40                       <-- bootloader under test

  Current software   : x230-tb470.rel               <-- running the TFTP-booted file
  Software version   : awplus_main-20261006-52
  Build date         : Mon Oct 5 21:39:08 UTC 2026

  Current boot config: flash:/default.cfg (file exists)
awplus# show version | grep "Build n"
  Build name : x220-awplus_main-20261006-52.rel
awplus# show license brief
  1     Base License           -            Base License
        Full                                N/A
  2     ACCESS                 1            ATI-EMEA (Use Only with permission)
        Full                                N/A
awplus# show boot
  Boot configuration
  --------------------------------------------------------------------------------
  Current software   : x230-tb470.rel
  Current boot image : flash:/x230v2_28GS-tb470.rel (file exists)
  Backup  boot image : Not set
  Default boot config: flash:/default.cfg
  Current boot config: flash:/default.cfg (file exists)
  Backup  boot config: Not set
  Autoboot status    : disabled
  Boot Security Level: none

  The framework then generated default.cfg and rebooted (test-5700.2001.log, 15:19:41):
    line con 0
    length 0
    exec-timeout 0
    no stack 1 enable
    no stack virtual-mac
    no stack virtual-chassis-id
    hostname swi_a_5700_2001
    int port1.0.1-port1.0.28
    shutdown
  Boot console (swi_a_2001.log, 15:19:48-15:20:03):
    Bootloader 6.2.40 loaded
    Press <Ctrl+B> for the Boot Menu
    Warning: System has been forced to boot from a non-standard location
    To restore the system to default behaviour, enter the Boot Menu,
    	Choose option 2, then option 9
    Loading tftp://10.38.215.33/x230-tb470.rel via USB Ethernet adapter...
    Verifying release... OK
    Booting...

  configure() (15:22:53-15:26:11), collected details (test-5700.2001.log):
    2026-10-06 15:23:13: 	tftp boot switch interface   : eth0
    2026-10-06 15:23:13: 	tftp boot tb interface       : eth2
    2026-10-06 15:23:13: 	post-bootup switch interface : port1.0.1
    2026-10-06 15:23:13: 	post-bootup tb interface     : eth3
    2026-10-06 15:23:13: 	tftpfilename: x230-tb470.rel
    2026-10-06 15:23:13: 	ipTFTP    : 10.38.215.33
    2026-10-06 15:23:13: 	ipDevice  : 10.38.215.34
    2026-10-06 15:23:13: 	version: 6.2.40
    2026-10-06 15:23:13: 	MAIN_RELEASE:  mainrelease.rel
    2026-10-06 15:23:13: 	BACKUP_RELEASE: backuprelease.rel
swi_a_5700_2001# delete force *.rel
  Deleting...
  Successful operation
swi_a_5700_2001# delete stack-wide force *.rel
  % The unit has no stacking module installed, stacking commands are not allowed
swi_a_5700_2001# show boot
  Current boot image : Not set
  Backup  boot image : Not set
  (vlan2 on port1.0.1, `ip address 10.38.215.74/27`, `no shutdown`; ping 10.38.215.65:)
  5 packets transmitted, 5 received, 0% packet loss, time 4032ms
swi_a_5700_2001# copy tftp://10.38.215.65/x230-tb470.rel flash:/mainrelease.rel
  Copying...
  Successful operation
  (the same copy to flash:/backuprelease.rel at 15:25:08; then the temporary vlan2/IP removed)
swi_a_5700_2001# dir *.rel
    36553967 -rw- Oct 06 2026 15:24:52  flash:/backuprelease.rel
    36553967 -rw- Oct 06 2026 15:23:29  flash:/mainrelease.rel
swi_a_5700_2001# copy run swi_a_5700_2001.cfg
  Copying...
  Successful operation
swi_a_5700_2001(config)# boot conf swi_a_5700_2001.cfg
    2026-10-06 15:26:00: ======== Save the current running config (TestSet config) as the boot config
    2026-10-06 15:26:11: ======== Mark unsupported test cases
    2026-10-06 15:26:11: Exclude TestCases with run-priority 10
  No TestCase was marked unsupported; all 11 ran. Every TestCase ends with the framework's own
  tear_down check ("Configuration on swi_a after TestCase tear_down() is the same as the initial
  TestSet Configuration") and an exception-log check ("swi_a contains no exceptions"); both
  PASSED in all 11 and are counted in each TestCase's numPassed.

STEP 1 -- TestCase 2001.10 "Bootup process - "Verifying release" is displayed"    PASS
--------------------------------------------------------------------------------
  Method: 3. Verify the DUT displays 'Verifying release' during the bootup process
          (15:26:11-15:29:28)
swi_a_5700_2001(config)# boot system mainrelease.rel
swi_a_5700_2001# reboot
  ...
  Bootloader 6.2.40 loaded
  Press <Ctrl+B> for the Boot Menu

  Warning: System has been forced to boot from a non-standard location
  To restore the system to default behaviour, enter the Boot Menu,
  	Choose option 2, then option 9

  Loading tftp://10.38.215.33/x230-tb470.rel via USB Ethernet adapter...

  Verifying release... OK                  <-- the string under test
  Booting...
    2026-10-06 15:29:12: PASS: DUT displayed "Verifying release" during bootup
    2026-10-06 15:29:23: PASS: Configuration on swi_a after TestCase tear_down() is the same as the initial TestSet Configuration
    2026-10-06 15:29:25: PASS: swi_a contains no exceptions
  => STEP 1 PASS: the 6.2.40 bootloader printed "Verifying release... OK" on the boot console
     and the unit went on to boot; numPassed 3, numFailed 0.

STEP 2 -- TestCase 2001.20 "Bootup process - "Booting..." is displayed"          PASS
--------------------------------------------------------------------------------
  Method: 3. Verify the DUT displays 'Booting...' during the bootup process (15:29:28-15:32:49)
swi_a_5700_2001(config)# boot system mainrelease.rel
swi_a_5700_2001# reboot
  reboot system? (y/n): y
  ...
  Bootloader 6.2.40 loaded
  Press <Ctrl+B> for the Boot Menu

  Warning: System has been forced to boot from a non-standard location
  To restore the system to default behaviour, enter the Boot Menu,
  	Choose option 2, then option 9

  Loading tftp://10.38.215.33/x230-tb470.rel via USB Ethernet adapter...

  Verifying release... OK
  Booting...                               <-- the string under test
    2026-10-06 15:32:34: PASS: DUT displayed "Booting..." during bootup
    2026-10-06 15:32:44: PASS: Configuration on swi_a after TestCase tear_down() is the same as the initial TestSet Configuration
    2026-10-06 15:32:46: PASS: swi_a contains no exceptions
  => STEP 2 PASS: the 6.2.40 bootloader printed "Booting..." after release verification and the
     unit booted AW+ (build banner "Built: Mon Oct  5 21:39:08 UTC 2026"); numPassed 3,
     numFailed 0.

STEP 3 -- TestCase 2001.1 "Boot System: Check the Boot System Backup release cannot be set to the same as the Boot System release."    PASS
--------------------------------------------------------------------------------
  Method: 1. Set the Boot System release | 2. Set the Boot System Backup release to the same
          file | 3. Check an error is reported (15:32:49-15:33:24)
swi_a_5700_2001(config)# boot system mainrelease.rel
swi_a_5700_2001# show boot
  Current boot image : flash:/mainrelease.rel (file exists)
  Backup  boot image : Not set
swi_a_5700_2001(config)# boot system backup mainrelease.rel
  % Can not set the current and backup to the same boot image      <-- refused
swi_a_5700_2001(config)# boot system backup backuprelease.rel           (control: a different file)
swi_a_5700_2001# show boot
  Current boot image : flash:/mainrelease.rel (file exists)
  Backup  boot image : flash:/backuprelease.rel (file exists)      <-- accepted
    2026-10-06 15:33:00: PASS: Current boot image is correct, mainrelease.rel
    2026-10-06 15:33:01: PASS: Backup boot image is correct, Not set
    2026-10-06 15:33:03: PASS: command 'boot system backup mainrelease.rel' rejected with expected message 'Can not set the current'
    2026-10-06 15:33:05: PASS: Current boot image is correct, mainrelease.rel
    2026-10-06 15:33:06: PASS: Backup boot image is correct, Not set
    2026-10-06 15:33:10: PASS: Backup boot image is correct, backuprelease.rel
  => STEP 3 PASS: the same file is refused as backup with an explicit error and the backup stays
     unset, while a different valid release is accepted; numPassed 8, numFailed 0.

STEP 4 -- TestCase 2001.2 "Boot System: Check that the Boot System current and backup cannot be set to a file name that has now been moved to a different name."    PASS
--------------------------------------------------------------------------------
  Method: 1. Move a release file to a new name | 2. Set the Boot System current the previous
          relase file name which is now nonexistent | 3. Check an error is reported
          (15:33:24-15:34:18)
swi_a_5700_2001# move mainrelease.rel movedmainrelease.rel
  Moving...
  Successful operation
swi_a_5700_2001(config)# boot system mainrelease.rel
  % flash:/mainrelease.rel does not exist or is inaccessible       <-- refused
swi_a_5700_2001(config)# boot system backup mainrelease.rel
  % flash:/mainrelease.rel does not exist or is inaccessible       <-- refused
swi_a_5700_2001# show boot
  Current boot image : Not set
  Backup  boot image : Not set
    2026-10-06 15:33:36: PASS: command 'move mainrelease.rel movedmainrelease.rel' issued and output 'Successful operation' seen
    2026-10-06 15:33:37: PASS: command 'boot system mainrelease.rel' rejected with expected message 'does not exist'
    2026-10-06 15:33:39: PASS: command 'boot system backup mainrelease.rel' rejected with expected message 'does not exist'
    2026-10-06 15:33:41: PASS: Current boot image is correct, Not set
    2026-10-06 15:33:42: PASS: Backup boot image is correct, Not set
  => STEP 4 PASS: after the move, the old name is refused for both current and backup and
     neither boot image is set; numPassed 7, numFailed 0.

STEP 5 -- TestCase 2001.3 "Boot System: Check that the Boot System current and backup release cannot be set to a file that does not have the correct file extension"    PASS
--------------------------------------------------------------------------------
  Method: 1. Rename a release file to a '.cfg' file | 2. Set the Boot System current and then
          the backup to the '.cfg' file | 3. Check an error is reported (15:34:18-15:35:03)
swi_a_5700_2001# move mainrelease.rel movedmainrelease.cfg
  Moving...
  Successful operation
swi_a_5700_2001(config)# boot system movedmainrelease.cfg
  % Release files must have the extension .rel                     <-- refused
swi_a_5700_2001(config)# boot system backup movedmainrelease.cfg
  % Release files must have the extension .rel                     <-- refused
    2026-10-06 15:34:30: PASS: command 'move mainrelease.rel movedmainrelease.cfg' issued and output 'Successful operation' seen
    2026-10-06 15:34:31: PASS: command 'boot system movedmainrelease.cfg' rejected with expected message 'Release files must have'
    2026-10-06 15:34:32: PASS: command 'boot system backup movedmainrelease.cfg' rejected with expected message 'Release files must have'
    2026-10-06 15:34:34: PASS: Current boot image is correct, Not set
    2026-10-06 15:34:35: PASS: Backup boot image is correct, Not set
  => STEP 5 PASS: a genuine release renamed to .cfg is refused for current and backup on its
     extension, and neither boot image is set; numPassed 7, numFailed 0.

STEP 6 -- TestCase 2001.4 "Boot System: Check that the Boot System current and backup relesae cannot be set to a validly named release file that is not a valid release version file."    PASS
--------------------------------------------------------------------------------
  Method: 1. Create a simple text file named with a valid release file name extension | 2. Set
          the Boot System current and then backup release to the fake release file | 3. Check
          an error is reported (15:35:03-15:35:32)
swi_a_5700_2001# show run > fakerelease.rel
swi_a_5700_2001(config)# boot system fakerelease.rel
  % Not a regular file                                             <-- refused
swi_a_5700_2001(config)# boot system backup fakerelease.rel
  % Not a regular file                                             <-- refused
    2026-10-06 15:35:16: PASS: command 'boot system fakerelease.rel' rejected with expected message 'Not a regular file'
    2026-10-06 15:35:16: PASS: command 'boot system backup fakerelease.rel' rejected with expected message 'Not a regular file'
    2026-10-06 15:35:18: PASS: Current boot image is correct, Not set
    2026-10-06 15:35:19: PASS: Backup boot image is correct, Not set
  => STEP 6 PASS: a text file with a .rel name is refused for current and backup, and neither
     boot image is set; numPassed 6, numFailed 0.

STEP 7 -- TestCase 2001.5 "Boot System: Check both the Boot System current and backup cannot be set to a nonexistent file."    PASS
--------------------------------------------------------------------------------
  Method: 1. Set the Boot System current and then the backup release to the name of a
          nonexistent file | 2. Check an error is reported (15:35:32-15:36:02)
swi_a_5700_2001(config)# boot system asdf1234qwerty.rel
  % flash:/asdf1234qwerty.rel does not exist or is inaccessible    <-- refused
swi_a_5700_2001(config)# boot system backup asdf1234qwerty.rel
  % flash:/asdf1234qwerty.rel does not exist or is inaccessible    <-- refused
    2026-10-06 15:35:44: PASS: command 'boot system asdf1234qwerty.rel' rejected with expected message 'does not exist'
    2026-10-06 15:35:45: PASS: command 'boot system backup asdf1234qwerty.rel' rejected with expected message 'does not exist'
    2026-10-06 15:35:47: PASS: Current boot image is correct, Not set
    2026-10-06 15:35:48: PASS: Backup boot image is correct, Not set
  => STEP 7 PASS: a nonexistent file name is refused for current and backup, and neither boot
     image is set; numPassed 6, numFailed 0.

STEP 8 -- TestCase 2001.6 "Boot System: Check that the file set as the Boot System current and backup cannot be moved to a different name."    PASS
--------------------------------------------------------------------------------
  Method: 1. Set the Boot System current and backup to a valid release | 2. Move the file set as
          Boot Sytem current and backup | 3. Check an error is reported (15:36:02-15:36:39)
swi_a_5700_2001(config)# boot system mainrelease.rel
swi_a_5700_2001(config)# boot system backup backuprelease.rel
swi_a_5700_2001# move mainrelease.rel asdf.rel
  % Cannot move flash:/mainrelease.rel as it is configured as the current boot image   <-- refused
swi_a_5700_2001# move backuprelease.rel asdf.rel
  % Cannot move flash:/backuprelease.rel as it is configured as the backup boot image  <-- refused
    2026-10-06 15:36:16: PASS: Current boot image is correct, mainrelease.rel
    2026-10-06 15:36:18: PASS: Backup boot image is correct, backuprelease.rel
    2026-10-06 15:36:19: PASS: command 'move mainrelease.rel asdf.rel' rejected with expected message 'configured as the current boot image'
    2026-10-06 15:36:20: PASS: command 'move backuprelease.rel asdf.rel' rejected with expected message 'configured as the backup boot image'
    2026-10-06 15:36:22: PASS: Current boot image is correct, mainrelease.rel
    2026-10-06 15:36:23: PASS: Backup boot image is correct, backuprelease.rel
  => STEP 8 PASS: both configured boot images refuse a move, naming their role, and remain set
     afterwards; numPassed 8, numFailed 0.

STEP 9 -- TestCase 2001.7 "Boot System: Check that the file set as the Boot System current and backup cannot be edited."    PASS
--------------------------------------------------------------------------------
  Method: 1. Set the Boot System current and backup to a valid release | 2. Edit the file set as
          Boot Sytem current and backup | 3. Check an error is reported (15:36:39-15:37:19)
swi_a_5700_2001(config)# boot system mainrelease.rel
swi_a_5700_2001(config)# boot system backup backuprelease.rel
swi_a_5700_2001# edit mainrelease.rel
  % mainrelease.rel must be a text file                            <-- refused
swi_a_5700_2001# edit backuprelease.rel
  % backuprelease.rel must be a text file                          <-- refused
    2026-10-06 15:36:54: PASS: Current boot image is correct, mainrelease.rel
    2026-10-06 15:36:55: PASS: Backup boot image is correct, backuprelease.rel
    2026-10-06 15:36:59: PASS: command 'edit mainrelease.rel' issued and output 'must be a text file' seen
    2026-10-06 15:37:02: PASS: command 'edit backuprelease.rel' issued and output 'must be a text file' seen
    2026-10-06 15:37:04: PASS: Current boot image is correct, mainrelease.rel
    2026-10-06 15:37:05: PASS: Backup boot image is correct, backuprelease.rel
  => STEP 9 PASS: the editor refuses both configured boot images and both stay set; numPassed 8,
     numFailed 0.

STEP 10 -- TestCase 2001.8 "Boot System: Check that the file set as the Boot System current and backup cannot be deleted."    PASS
--------------------------------------------------------------------------------
  Method: 1. Set the Boot System current and backup to a valid release | 2. Delete the file set
          as Boot Sytem current and backup | 3. Check an error is reported (15:37:19-15:37:52)
swi_a_5700_2001(config)# boot system mainrelease.rel
swi_a_5700_2001(config)# boot system backup backuprelease.rel
swi_a_5700_2001# delete mainrelease.rel
  % Cannot delete flash:/mainrelease.rel as it is configured as the current boot image  <-- refused
  % Failed to delete mainrelease.rel
swi_a_5700_2001# delete backuprelease.rel
  % Cannot delete flash:/backuprelease.rel as it is configured as the backup boot image <-- refused
  % Failed to delete backuprelease.rel
    2026-10-06 15:37:33: PASS: Current boot image is correct, mainrelease.rel
    2026-10-06 15:37:34: PASS: Backup boot image is correct, backuprelease.rel
    2026-10-06 15:37:35: PASS: command 'delete mainrelease.rel' rejected with expected message 'Cannot delete'
    2026-10-06 15:37:36: PASS: command 'delete backuprelease.rel' rejected with expected message 'Cannot delete'
    2026-10-06 15:37:37: PASS: Current boot image is correct, mainrelease.rel
    2026-10-06 15:37:38: PASS: Backup boot image is correct, backuprelease.rel
  => STEP 10 PASS: both configured boot images refuse deletion, naming their role, and remain
     set; numPassed 8, numFailed 0.

STEP 11 -- TestCase 2001.9 "Boot System: Check that the file set as the Boot System current and backup can be copied."    PASS
--------------------------------------------------------------------------------
  Method: 1. Set the Boot System current to a valid release | 2. Set the Boot System backup to
          nothing | 3. Delete the backup release from flash | 4. Copy MAIN_RELEASE to a new file
          name | 5. Move the new file to BACKUP_RELEASE | 6. Clear the boot system current
          setting and set backup to a valid file name | 7. Delete the main releas from flash |
          8. Copy BACKUP_RELEASE to a new file name (15:37:52-15:39:07)
swi_a_5700_2001(config)# boot system mainrelease.rel
swi_a_5700_2001# delete backuprelease.rel
  Delete flash:/backuprelease.rel?  (y/n)[n]:y
  Deleting...
  Successful operation
swi_a_5700_2001# copy mainrelease.rel copymainrelease.rel        <-- copy of the CURRENT boot image
  Copying...
  Successful operation
swi_a_5700_2001# move copymainrelease.rel backuprelease.rel
  Moving...
  Successful operation
swi_a_5700_2001(config)# no boot system
swi_a_5700_2001(config)# no boot system backup
swi_a_5700_2001(config)# boot system backup backuprelease.rel
swi_a_5700_2001# delete mainrelease.rel
  Delete flash:/mainrelease.rel?  (y/n)[n]:y
  Deleting...
  Successful operation
swi_a_5700_2001# copy backuprelease.rel copybackuprelease.rel    <-- copy of the BACKUP boot image
  Copying...
  Successful operation
swi_a_5700_2001# move copybackuprelease.rel mainrelease.rel
  Moving...
  Successful operation
swi_a_5700_2001(config)# no boot system
swi_a_5700_2001(config)# no boot system backup
swi_a_5700_2001(config)# boot system mainrelease.rel
swi_a_5700_2001(config)# boot system backup backuprelease.rel
swi_a_5700_2001# show boot
  Boot configuration
  --------------------------------------------------------------------------------
  Current software   : x230-tb470.rel
  Current boot image : flash:/mainrelease.rel (file exists)        <-- a copy, accepted
  Backup  boot image : flash:/backuprelease.rel (file exists)      <-- a copy, accepted
  Default boot config: flash:/default.cfg
  Current boot config: flash:/swi_a_5700_2001_9.cfg (file exists)
  Backup  boot config: Not set
  Autoboot status    : disabled
  Boot Security Level: none
    2026-10-06 15:38:06: PASS: Current boot image is correct, mainrelease.rel
    2026-10-06 15:38:07: PASS: Backup boot image is correct, Not set
    2026-10-06 15:38:08: PASS: command 'delete backuprelease.rel' issued and output 'Successful operation' seen
    2026-10-06 15:38:23: PASS: command 'copy mainrelease.rel copymainrelease.rel' issued and output 'Successful operation' seen
    2026-10-06 15:38:24: PASS: command 'move copymainrelease.rel backuprelease.rel' issued and output 'Successful operation' seen
    2026-10-06 15:38:29: PASS: Current boot image is correct, Not set
    2026-10-06 15:38:30: PASS: Backup boot image is correct, backuprelease.rel
    2026-10-06 15:38:31: PASS: command 'delete mainrelease.rel' issued and output 'Successful operation' seen
    2026-10-06 15:38:46: PASS: command 'copy backuprelease.rel copybackuprelease.rel' issued and output 'Successful operation' seen
    2026-10-06 15:38:47: PASS: command 'move copybackuprelease.rel mainrelease.rel' issued and output 'Successful operation' seen
    2026-10-06 15:38:52: PASS: Current boot image is correct, mainrelease.rel
    2026-10-06 15:38:53: PASS: Backup boot image is correct, backuprelease.rel
  => STEP 11 PASS: the current and the backup boot image can each be copied while configured, and
     the copies are accepted as boot images (both "file exists"); this is the positive control
     for STEPs 8-10 (copy allowed where move/edit/delete are refused); numPassed 14, numFailed 0.

    2026-10-06 15:39:07: ======== TestCase execution is now complete
    2026-10-06 15:39:08: ================ TESTSET FINISHED (rc = 0) ================
================================================================================
