
[12:59:17 waitlogin] open /dev/u0 @9600

[12:59:37 waitlogin] >> bare CR (20 s of silence, nothing seen)

x230-10GP login: 
[12:59:38 waitlogin] >> manager
manager
Password: 
[12:59:38 waitlogin] >> friend

AlliedWare Plus (TM) 5.5.5 09/18/26 09:47:00

% Default password needs to be changed.
x230-10GP>
[12:59:43 waitlogin] >> enable
enable
x230-10GP#
[12:59:43 waitlogin] OK privileged prompt

[12:59:17 waitlogin] open /dev/u1 @115200

[12:59:37 waitlogin] >> bare CR (20 s of silence, nothing seen)

4050-5g login: 
[12:59:38 waitlogin] >> manager
manager
Password: 
[12:59:38 waitlogin] >> friend

AlliedWare Plus (TM) 0.0.0 09/24/26 10:07:54

4050-5g>
[12:59:39 waitlogin] >> enable
enable
4050-5g#
[12:59:39 waitlogin] OK privileged prompt

[12:59:17 waitlogin] open /dev/u2 @115200

[12:59:37 waitlogin] >> bare CR (20 s of silence, nothing seen)

IE520-stk-1 login: 
[12:59:38 waitlogin] >> manager
manager
Password: 
[12:59:38 waitlogin] >> friend

Last login: Tue Sep 29 00:00:22 UTC 2026 from ie520-stk-4
AlliedWare Plus (TM) 0.0.0 09/22/26 14:25:56

IE520-stk>
[12:59:41 waitlogin] >> enable
enable
IE520-stk#
[12:59:41 waitlogin] OK privileged prompt

[12:59:17 waitlogin] open /dev/u3 @115200

[12:59:37 waitlogin] >> bare CR (20 s of silence, nothing seen)

IE520-sa login: 
[12:59:38 waitlogin] >> manager
manager
Password: 
[12:59:38 waitlogin] >> friend

AlliedWare Plus (TM) 0.0.0 09/22/26 14:25:56

IE520-sa>
[12:59:39 waitlogin] >> enable
enable
IE520-sa#
[12:59:39 waitlogin] OK privileged prompt

[12:59:17 waitlogin] open /dev/u4 @115200

[12:59:37 waitlogin] >> bare CR (20 s of silence, nothing seen)

IE520-stk-4 login: 
[12:59:38 waitlogin] >> manager
manager
Password: 
[12:59:38 waitlogin] >> friend

Last login: Tue Sep 29 00:00:21 UTC 2026 on ttyS0
AlliedWare Plus (TM) 0.0.0 09/22/26 14:25:56

IE520-stk>
[12:59:41 waitlogin] >> enable
enable
IE520-stk#
[12:59:41 waitlogin] OK privileged prompt

[12:59:17 waitlogin] open /dev/u5 @115200

[12:59:37 waitlogin] >> bare CR (20 s of silence, nothing seen)

IE520-stk login: 
[12:59:38 waitlogin] >> manager
manager
Password: 
[12:59:38 waitlogin] >> friend

AlliedWare Plus (TM) 0.0.0 09/22/26 14:25:56

IE520-stk>
[12:59:39 waitlogin] >> enable
enable
IE520-stk#
[12:59:40 waitlogin] OK privileged prompt
