12:33:20: ================ PowerGroup has been initialised ================
12:33:20: ======== Turning PowerGroup off
12:33:20: PowerGroup._pdu_cmd(off, [4, 5, 6], 3) called
12:33:20: Waiting for pdu lock
12:33:20: ...lock acquired
12:33:20: HTTP POST was successfully executed
12:33:21: PowerGroup._pdu_cmd(status, [4, 5, 6], 3) called
12:33:21: Waiting for pdu lock
12:33:21: ...lock acquired
12:33:21: Current outlet status: {1: '0', 2: '1', 3: '1', 4: '0', 5: '0', 6: '0', 7: '0', 8: '0', 9: '1', 10: '0', 11: '0', 12: '0', 13: '0', 14: '0', 15: '0', 16: '0', 17: '1', 18: '0', 19: '0', 20: '0', 21: '0', 22: '0', 23: '0', 24: '0', 25: '0'}
12:33:21: ...lock released
12:33:21: Power outlets have been successfully turned off
12:33:21: ...lock released
12:33:21: Turning PowerGroup off: Success
12:33:21: ================ PowerGroup has been initialised ================
12:33:23: ======== Turning PowerGroup on
12:33:23: PowerGroup._pdu_cmd(on, [4, 5, 6], 3) called
12:33:23: Waiting for pdu lock
12:33:23: ...lock acquired
12:33:23: Sleep 11.880377531051636 seconds to work around the x610 power supply issue
12:33:35: HTTP POST was successfully executed
12:33:38: PowerGroup._pdu_cmd(status, [4, 5, 6], 3) called
12:33:38: Waiting for pdu lock
12:33:38: ...lock acquired
12:33:38: Current outlet status: {1: '1', 2: '1', 3: '1', 4: '1', 5: '2', 6: '1', 7: '1', 8: '1', 9: '1', 10: '0', 11: '0', 12: '0', 13: '0', 14: '0', 15: '0', 16: '0', 17: '1', 18: '0', 19: '0', 20: '0', 21: '0', 22: '0', 23: '0', 24: '0', 25: '0'}
12:33:38: ...lock released
12:33:38: HTTP POST was successfully executed
12:33:41: PowerGroup._pdu_cmd(status, [4, 5, 6], 3) called
12:33:41: Waiting for pdu lock
12:33:41: ...lock acquired
12:33:41: Current outlet status: {1: '1', 2: '1', 3: '1', 4: '1', 5: '2', 6: '1', 7: '1', 8: '1', 9: '1', 10: '0', 11: '0', 12: '0', 13: '0', 14: '0', 15: '0', 16: '0', 17: '1', 18: '0', 19: '0', 20: '0', 21: '0', 22: '0', 23: '0', 24: '0', 25: '0'}
12:33:41: ...lock released
12:33:41: HTTP POST was successfully executed
12:33:44: PowerGroup._pdu_cmd(status, [4, 5, 6], 3) called
12:33:44: Waiting for pdu lock
12:33:44: ...lock acquired
12:33:44: Current outlet status: {1: '1', 2: '1', 3: '1', 4: '1', 5: '2', 6: '1', 7: '1', 8: '1', 9: '1', 10: '0', 11: '0', 12: '0', 13: '0', 14: '0', 15: '0', 16: '0', 17: '1', 18: '0', 19: '0', 20: '0', 21: '0', 22: '0', 23: '0', 24: '0', 25: '0'}
12:33:44: ...lock released
12:33:44: !! ERROR: power outlets have not been successfully turned on in 3 attempts
12:33:44: ...lock released
12:33:44: Turning PowerGroup on: Failed, try again
12:33:45: PowerGroup._pdu_cmd(on, [4, 5, 6], 3) called
12:33:45: Waiting for pdu lock
12:33:45: ...lock acquired
12:33:45: Sleep 0 seconds to work around the x610 power supply issue
12:33:45: Power outlets are already in the desired state
12:33:45: ...lock released
12:33:45: Turning PowerGroup on: Success
12:39:08: ================ PowerGroup has been initialised ================
12:39:08: ======== Turning PowerGroup off
12:39:08: PowerGroup._pdu_cmd(off, [4, 5, 6], 3) called
12:39:08: Waiting for pdu lock
12:39:08: ...lock acquired
12:39:08: HTTP POST was successfully executed
12:39:09: PowerGroup._pdu_cmd(status, [4, 5, 6], 3) called
12:39:09: Waiting for pdu lock
12:39:09: ...lock acquired
12:39:09: Current outlet status: {1: '0', 2: '1', 3: '1', 4: '0', 5: '0', 6: '0', 7: '0', 8: '0', 9: '1', 10: '0', 11: '0', 12: '0', 13: '0', 14: '0', 15: '0', 16: '0', 17: '1', 18: '0', 19: '0', 20: '0', 21: '0', 22: '0', 23: '0', 24: '0', 25: '0'}
12:39:09: ...lock released
12:39:09: Power outlets have been successfully turned off
12:39:09: ...lock released
12:39:09: Turning PowerGroup off: Success
12:39:09: ================ PowerGroup has been initialised ================
12:39:11: ======== Turning PowerGroup on
12:39:11: PowerGroup._pdu_cmd(on, [4, 5, 6], 3) called
12:39:11: Waiting for pdu lock
12:39:11: ...lock acquired
12:39:11: Sleep 11.922684907913208 seconds to work around the x610 power supply issue
12:39:23: HTTP POST was successfully executed
12:39:26: PowerGroup._pdu_cmd(status, [4, 5, 6], 3) called
12:39:26: Waiting for pdu lock
12:39:26: ...lock acquired
12:39:26: Current outlet status: {1: '1', 2: '1', 3: '1', 4: '1', 5: '2', 6: '1', 7: '1', 8: '1', 9: '1', 10: '0', 11: '0', 12: '0', 13: '0', 14: '0', 15: '0', 16: '0', 17: '1', 18: '0', 19: '0', 20: '0', 21: '0', 22: '0', 23: '0', 24: '0', 25: '0'}
12:39:26: ...lock released
12:39:26: HTTP POST was successfully executed
12:39:29: PowerGroup._pdu_cmd(status, [4, 5, 6], 3) called
12:39:29: Waiting for pdu lock
12:39:29: ...lock acquired
12:39:29: Current outlet status: {1: '1', 2: '1', 3: '1', 4: '1', 5: '2', 6: '1', 7: '1', 8: '1', 9: '1', 10: '0', 11: '0', 12: '0', 13: '0', 14: '0', 15: '0', 16: '0', 17: '1', 18: '0', 19: '0', 20: '0', 21: '0', 22: '0', 23: '0', 24: '0', 25: '0'}
12:39:29: ...lock released
12:39:29: HTTP POST was successfully executed
12:39:32: PowerGroup._pdu_cmd(status, [4, 5, 6], 3) called
12:39:32: Waiting for pdu lock
12:39:32: ...lock acquired
12:39:32: Current outlet status: {1: '1', 2: '1', 3: '1', 4: '1', 5: '2', 6: '1', 7: '1', 8: '1', 9: '1', 10: '0', 11: '0', 12: '0', 13: '0', 14: '0', 15: '0', 16: '0', 17: '1', 18: '0', 19: '0', 20: '0', 21: '0', 22: '0', 23: '0', 24: '0', 25: '0'}
12:39:32: ...lock released
12:39:32: !! ERROR: power outlets have not been successfully turned on in 3 attempts
12:39:32: ...lock released
12:39:32: Turning PowerGroup on: Failed, try again
12:39:33: PowerGroup._pdu_cmd(on, [4, 5, 6], 3) called
12:39:33: Waiting for pdu lock
12:39:33: ...lock acquired
12:39:33: Sleep 0 seconds to work around the x610 power supply issue
12:39:33: Power outlets are already in the desired state
12:39:33: ...lock released
12:39:33: Turning PowerGroup on: Success
12:43:54: ================ PowerGroup has been initialised ================
12:43:54: ======== Turning PowerGroup off
12:43:54: PowerGroup._pdu_cmd(off, [4, 5, 6], 3) called
12:43:54: Waiting for pdu lock
12:43:54: ...lock acquired
12:43:54: HTTP POST was successfully executed
12:43:55: PowerGroup._pdu_cmd(status, [4, 5, 6], 3) called
12:43:55: Waiting for pdu lock
12:43:55: ...lock acquired
12:43:55: Current outlet status: {1: '0', 2: '1', 3: '1', 4: '0', 5: '0', 6: '0', 7: '0', 8: '0', 9: '1', 10: '0', 11: '0', 12: '0', 13: '0', 14: '0', 15: '0', 16: '0', 17: '1', 18: '0', 19: '0', 20: '0', 21: '0', 22: '0', 23: '0', 24: '0', 25: '0'}
12:43:55: ...lock released
12:43:55: Power outlets have been successfully turned off
12:43:55: ...lock released
12:43:55: Turning PowerGroup off: Success
12:43:55: ================ PowerGroup has been initialised ================
12:43:57: ======== Turning PowerGroup on
12:43:57: PowerGroup._pdu_cmd(on, [4, 5, 6], 3) called
12:43:57: Waiting for pdu lock
12:43:57: ...lock acquired
12:43:57: Sleep 11.911733388900757 seconds to work around the x610 power supply issue
12:44:09: HTTP POST was successfully executed
12:44:12: PowerGroup._pdu_cmd(status, [4, 5, 6], 3) called
12:44:12: Waiting for pdu lock
12:44:12: ...lock acquired
12:44:12: Current outlet status: {1: '1', 2: '1', 3: '1', 4: '1', 5: '2', 6: '1', 7: '1', 8: '1', 9: '1', 10: '0', 11: '0', 12: '0', 13: '0', 14: '0', 15: '0', 16: '0', 17: '1', 18: '0', 19: '0', 20: '0', 21: '0', 22: '0', 23: '0', 24: '0', 25: '0'}
12:44:12: ...lock released
12:44:12: HTTP POST was successfully executed
12:44:15: PowerGroup._pdu_cmd(status, [4, 5, 6], 3) called
12:44:15: Waiting for pdu lock
12:44:15: ...lock acquired
12:44:15: Current outlet status: {1: '1', 2: '1', 3: '1', 4: '1', 5: '2', 6: '1', 7: '1', 8: '1', 9: '1', 10: '0', 11: '0', 12: '0', 13: '0', 14: '0', 15: '0', 16: '0', 17: '1', 18: '0', 19: '0', 20: '0', 21: '0', 22: '0', 23: '0', 24: '0', 25: '0'}
12:44:15: ...lock released
12:44:15: HTTP POST was successfully executed
12:44:18: PowerGroup._pdu_cmd(status, [4, 5, 6], 3) called
12:44:18: Waiting for pdu lock
12:44:18: ...lock acquired
12:44:18: Current outlet status: {1: '1', 2: '1', 3: '1', 4: '1', 5: '2', 6: '1', 7: '1', 8: '1', 9: '1', 10: '0', 11: '0', 12: '0', 13: '0', 14: '0', 15: '0', 16: '0', 17: '1', 18: '0', 19: '0', 20: '0', 21: '0', 22: '0', 23: '0', 24: '0', 25: '0'}
12:44:18: ...lock released
12:44:18: !! ERROR: power outlets have not been successfully turned on in 3 attempts
12:44:18: ...lock released
12:44:18: Turning PowerGroup on: Failed, try again
12:44:19: PowerGroup._pdu_cmd(on, [4, 5, 6], 3) called
12:44:19: Waiting for pdu lock
12:44:19: ...lock acquired
12:44:19: Sleep 0 seconds to work around the x610 power supply issue
12:44:19: Power outlets are already in the desired state
12:44:19: ...lock released
12:44:19: Turning PowerGroup on: Success
12:49:31: ================ PowerGroup has been initialised ================
12:49:31: ======== Turning PowerGroup off
12:49:31: PowerGroup._pdu_cmd(off, [4, 5, 6], 3) called
12:49:31: Waiting for pdu lock
12:49:31: ...lock acquired
12:49:32: HTTP POST was successfully executed
12:49:33: PowerGroup._pdu_cmd(status, [4, 5, 6], 3) called
12:49:33: Waiting for pdu lock
12:49:33: ...lock acquired
12:49:33: Current outlet status: {1: '0', 2: '1', 3: '1', 4: '0', 5: '0', 6: '0', 7: '0', 8: '0', 9: '1', 10: '0', 11: '0', 12: '0', 13: '0', 14: '0', 15: '0', 16: '0', 17: '1', 18: '0', 19: '0', 20: '0', 21: '0', 22: '0', 23: '0', 24: '0', 25: '0'}
12:49:33: ...lock released
12:49:33: Power outlets have been successfully turned off
12:49:33: ...lock released
12:49:33: Turning PowerGroup off: Success
12:49:33: ================ PowerGroup has been initialised ================
12:49:35: ======== Turning PowerGroup on
12:49:35: PowerGroup._pdu_cmd(on, [4, 5, 6], 3) called
12:49:35: Waiting for pdu lock
12:49:35: ...lock acquired
12:49:35: Sleep 11.924126625061035 seconds to work around the x610 power supply issue
12:49:47: HTTP POST was successfully executed
12:49:50: PowerGroup._pdu_cmd(status, [4, 5, 6], 3) called
12:49:50: Waiting for pdu lock
12:49:50: ...lock acquired
12:49:50: Current outlet status: {1: '1', 2: '1', 3: '1', 4: '1', 5: '2', 6: '1', 7: '1', 8: '1', 9: '1', 10: '0', 11: '0', 12: '0', 13: '0', 14: '0', 15: '0', 16: '0', 17: '1', 18: '0', 19: '0', 20: '0', 21: '0', 22: '0', 23: '0', 24: '0', 25: '0'}
12:49:50: ...lock released
12:49:50: HTTP POST was successfully executed
12:49:53: PowerGroup._pdu_cmd(status, [4, 5, 6], 3) called
12:49:53: Waiting for pdu lock
12:49:53: ...lock acquired
12:49:53: Current outlet status: {1: '1', 2: '1', 3: '1', 4: '1', 5: '2', 6: '1', 7: '1', 8: '1', 9: '1', 10: '0', 11: '0', 12: '0', 13: '0', 14: '0', 15: '0', 16: '0', 17: '1', 18: '0', 19: '0', 20: '0', 21: '0', 22: '0', 23: '0', 24: '0', 25: '0'}
12:49:53: ...lock released
12:49:53: HTTP POST was successfully executed
12:49:56: PowerGroup._pdu_cmd(status, [4, 5, 6], 3) called
12:49:56: Waiting for pdu lock
12:49:56: ...lock acquired
12:49:56: Current outlet status: {1: '1', 2: '1', 3: '1', 4: '1', 5: '2', 6: '1', 7: '1', 8: '1', 9: '1', 10: '0', 11: '0', 12: '0', 13: '0', 14: '0', 15: '0', 16: '0', 17: '1', 18: '0', 19: '0', 20: '0', 21: '0', 22: '0', 23: '0', 24: '0', 25: '0'}
12:49:56: ...lock released
12:49:56: !! ERROR: power outlets have not been successfully turned on in 3 attempts
12:49:56: ...lock released
12:49:56: Turning PowerGroup on: Failed, try again
12:49:57: PowerGroup._pdu_cmd(on, [4, 5, 6], 3) called
12:49:57: Waiting for pdu lock
12:49:57: ...lock acquired
12:49:57: Sleep 0 seconds to work around the x610 power supply issue
12:49:57: Power outlets are already in the desired state
12:49:57: ...lock released
12:49:57: Turning PowerGroup on: Success
12:55:08: ================ PowerGroup has been initialised ================
12:55:08: ======== Turning PowerGroup off
12:55:08: PowerGroup._pdu_cmd(off, [4, 5, 6], 3) called
12:55:08: Waiting for pdu lock
12:55:08: ...lock acquired
12:55:08: HTTP POST was successfully executed
12:55:09: PowerGroup._pdu_cmd(status, [4, 5, 6], 3) called
12:55:09: Waiting for pdu lock
12:55:09: ...lock acquired
12:55:09: Current outlet status: {1: '0', 2: '1', 3: '1', 4: '0', 5: '0', 6: '0', 7: '0', 8: '0', 9: '1', 10: '0', 11: '0', 12: '0', 13: '0', 14: '0', 15: '0', 16: '0', 17: '1', 18: '0', 19: '0', 20: '0', 21: '0', 22: '0', 23: '0', 24: '0', 25: '0'}
12:55:09: ...lock released
12:55:09: Power outlets have been successfully turned off
12:55:09: ...lock released
12:55:09: Turning PowerGroup off: Success
12:55:09: ================ PowerGroup has been initialised ================
12:55:11: ======== Turning PowerGroup on
12:55:11: PowerGroup._pdu_cmd(on, [4, 5, 6], 3) called
12:55:11: Waiting for pdu lock
12:55:11: ...lock acquired
12:55:11: Sleep 11.91720700263977 seconds to work around the x610 power supply issue
12:55:23: HTTP POST was successfully executed
12:55:26: PowerGroup._pdu_cmd(status, [4, 5, 6], 3) called
12:55:26: Waiting for pdu lock
12:55:26: ...lock acquired
12:55:26: Current outlet status: {1: '1', 2: '1', 3: '1', 4: '1', 5: '2', 6: '1', 7: '1', 8: '1', 9: '1', 10: '0', 11: '0', 12: '0', 13: '0', 14: '0', 15: '0', 16: '0', 17: '1', 18: '0', 19: '0', 20: '0', 21: '0', 22: '0', 23: '0', 24: '0', 25: '0'}
12:55:26: ...lock released
12:55:27: HTTP POST was successfully executed
12:55:30: PowerGroup._pdu_cmd(status, [4, 5, 6], 3) called
12:55:30: Waiting for pdu lock
12:55:30: ...lock acquired
12:55:30: Current outlet status: {1: '1', 2: '1', 3: '1', 4: '1', 5: '2', 6: '1', 7: '1', 8: '1', 9: '1', 10: '0', 11: '0', 12: '0', 13: '0', 14: '0', 15: '0', 16: '0', 17: '1', 18: '0', 19: '0', 20: '0', 21: '0', 22: '0', 23: '0', 24: '0', 25: '0'}
12:55:30: ...lock released
12:55:30: HTTP POST was successfully executed
12:55:33: PowerGroup._pdu_cmd(status, [4, 5, 6], 3) called
12:55:33: Waiting for pdu lock
12:55:33: ...lock acquired
12:55:33: Current outlet status: {1: '1', 2: '1', 3: '1', 4: '1', 5: '2', 6: '1', 7: '1', 8: '1', 9: '1', 10: '0', 11: '0', 12: '0', 13: '0', 14: '0', 15: '0', 16: '0', 17: '1', 18: '0', 19: '0', 20: '0', 21: '0', 22: '0', 23: '0', 24: '0', 25: '0'}
12:55:33: ...lock released
12:55:33: !! ERROR: power outlets have not been successfully turned on in 3 attempts
12:55:33: ...lock released
12:55:33: Turning PowerGroup on: Failed, try again
12:55:34: PowerGroup._pdu_cmd(on, [4, 5, 6], 3) called
12:55:34: Waiting for pdu lock
12:55:34: ...lock acquired
12:55:34: Sleep 0 seconds to work around the x610 power supply issue
12:55:34: Power outlets are already in the desired state
12:55:34: ...lock released
12:55:34: Turning PowerGroup on: Success
