12:17:40: ================ PowerGroup has been initialised ================
12:21:05: ========= TestCase 1 Starting =========
12:22:39: ========= TestCase 1 Tear Down =========
12:23:09: ========= TestCase 2 Starting =========
12:24:30: ========= TestCase 2 Tear Down =========
12:25:00: ========= TestCase 3 Starting =========
12:26:00: ========= TestCase 3 Tear Down =========
12:26:30: ========= TestCase 4 Starting =========
12:27:30: ========= TestCase 4 Tear Down =========
12:28:00: ========= TestCase 5 Starting =========
12:29:11: ========= TestCase 5 Tear Down =========
12:29:46: ========= TestCase 6 Starting =========
12:30:37: ========= TestCase 6 Tear Down =========
12:31:04: ========= TestCase 7 Starting =========
12:31:54: ========= TestCase 7 Tear Down =========
12:32:23: ========= TestCase 8 Starting =========
12:32:53: ========= TestCase 8 Tear Down =========
12:33:20: ======== Turning PowerGroup off
12:33:20: PowerGroup._pdu_cmd(off, [1], 3) called
12:33:20: Waiting for pdu lock
12:33:20: ...lock acquired
12:33:20: HTTP POST was successfully executed
12:33:21: PowerGroup._pdu_cmd(status, [1], 3) called
12:33:21: Waiting for pdu lock
12:33:21: ...lock acquired
12:33:21: Current outlet status: {1: '0', 2: '1', 3: '1', 4: '0', 5: '0', 6: '0', 7: '0', 8: '0', 9: '1', 10: '0', 11: '0', 12: '0', 13: '0', 14: '0', 15: '0', 16: '0', 17: '1', 18: '0', 19: '0', 20: '0', 21: '0', 22: '0', 23: '0', 24: '0', 25: '0'}
12:33:21: ...lock released
12:33:21: Power outlets have been successfully turned off
12:33:21: ...lock released
12:33:21: Turning PowerGroup off: Success
12:33:27: ======== Turning PowerGroup on
12:33:27: PowerGroup._pdu_cmd(on, [1], 3) called
12:33:27: Waiting for pdu lock
12:33:27: ...lock acquired
12:33:27: Sleep 7.864649772644043 seconds to work around the x610 power supply issue
12:33:35: HTTP POST was successfully executed
12:33:38: PowerGroup._pdu_cmd(status, [1], 3) called
12:33:38: Waiting for pdu lock
12:33:38: ...lock acquired
12:33:38: Current outlet status: {1: '1', 2: '1', 3: '1', 4: '1', 5: '2', 6: '1', 7: '1', 8: '1', 9: '1', 10: '0', 11: '0', 12: '0', 13: '0', 14: '0', 15: '0', 16: '0', 17: '1', 18: '0', 19: '0', 20: '0', 21: '0', 22: '0', 23: '0', 24: '0', 25: '0'}
12:33:38: ...lock released
12:33:38: Power outlets have been successfully turned on
12:33:38: ...lock released
12:33:38: Turning PowerGroup on: Success
12:37:22: ========= TestCase 9 Starting =========
12:38:49: ========= TestCase 9 Tear Down =========
12:39:08: ======== Turning PowerGroup off
12:39:08: PowerGroup._pdu_cmd(off, [1], 3) called
12:39:08: Waiting for pdu lock
12:39:08: ...lock acquired
12:39:08: HTTP POST was successfully executed
12:39:09: PowerGroup._pdu_cmd(status, [1], 3) called
12:39:09: Waiting for pdu lock
12:39:09: ...lock acquired
12:39:09: Current outlet status: {1: '0', 2: '1', 3: '1', 4: '0', 5: '0', 6: '0', 7: '0', 8: '0', 9: '1', 10: '0', 11: '0', 12: '0', 13: '0', 14: '0', 15: '0', 16: '0', 17: '1', 18: '0', 19: '0', 20: '0', 21: '0', 22: '0', 23: '0', 24: '0', 25: '0'}
12:39:09: ...lock released
12:39:09: Power outlets have been successfully turned off
12:39:09: ...lock released
12:39:09: Turning PowerGroup off: Success
12:39:15: ======== Turning PowerGroup on
12:39:15: PowerGroup._pdu_cmd(on, [1], 3) called
12:39:15: Waiting for pdu lock
12:39:15: ...lock acquired
12:39:15: Sleep 7.928970575332642 seconds to work around the x610 power supply issue
12:39:23: HTTP POST was successfully executed
12:39:26: PowerGroup._pdu_cmd(status, [1], 3) called
12:39:26: Waiting for pdu lock
12:39:26: ...lock acquired
12:39:26: Current outlet status: {1: '1', 2: '1', 3: '1', 4: '1', 5: '2', 6: '1', 7: '1', 8: '1', 9: '1', 10: '0', 11: '0', 12: '0', 13: '0', 14: '0', 15: '0', 16: '0', 17: '1', 18: '0', 19: '0', 20: '0', 21: '0', 22: '0', 23: '0', 24: '0', 25: '0'}
12:39:26: ...lock released
12:39:26: Power outlets have been successfully turned on
12:39:26: ...lock released
12:39:26: Turning PowerGroup on: Success
12:43:07: ========= TestCase 10 Starting =========
12:43:35: ========= TestCase 10 Tear Down =========
12:43:54: ======== Turning PowerGroup off
12:43:54: PowerGroup._pdu_cmd(off, [1], 3) called
12:43:54: Waiting for pdu lock
12:43:54: ...lock acquired
12:43:54: HTTP POST was successfully executed
12:43:55: PowerGroup._pdu_cmd(status, [1], 3) called
12:43:55: Waiting for pdu lock
12:43:55: ...lock acquired
12:43:55: Current outlet status: {1: '0', 2: '1', 3: '1', 4: '0', 5: '0', 6: '0', 7: '0', 8: '0', 9: '1', 10: '0', 11: '0', 12: '0', 13: '0', 14: '0', 15: '0', 16: '0', 17: '1', 18: '0', 19: '0', 20: '0', 21: '0', 22: '0', 23: '0', 24: '0', 25: '0'}
12:43:55: ...lock released
12:43:55: Power outlets have been successfully turned off
12:43:55: ...lock released
12:43:55: Turning PowerGroup off: Success
12:44:01: ======== Turning PowerGroup on
12:44:01: PowerGroup._pdu_cmd(on, [1], 3) called
12:44:01: Waiting for pdu lock
12:44:01: ...lock acquired
12:44:01: Sleep 7.9458324909210205 seconds to work around the x610 power supply issue
12:44:09: HTTP POST was successfully executed
12:44:12: PowerGroup._pdu_cmd(status, [1], 3) called
12:44:12: Waiting for pdu lock
12:44:12: ...lock acquired
12:44:12: Current outlet status: {1: '1', 2: '1', 3: '1', 4: '1', 5: '2', 6: '1', 7: '1', 8: '1', 9: '1', 10: '0', 11: '0', 12: '0', 13: '0', 14: '0', 15: '0', 16: '0', 17: '1', 18: '0', 19: '0', 20: '0', 21: '0', 22: '0', 23: '0', 24: '0', 25: '0'}
12:44:12: ...lock released
12:44:12: Power outlets have been successfully turned on
12:44:12: ...lock released
12:44:12: Turning PowerGroup on: Success
12:47:46: ========= TestCase 11 Starting =========
12:48:13: ========= TestCase 11 Tear Down =========
12:49:31: ======== Turning PowerGroup off
12:49:31: PowerGroup._pdu_cmd(off, [1], 3) called
12:49:31: Waiting for pdu lock
12:49:31: ...lock acquired
12:49:32: HTTP POST was successfully executed
12:49:33: PowerGroup._pdu_cmd(status, [1], 3) called
12:49:33: Waiting for pdu lock
12:49:33: ...lock acquired
12:49:33: Current outlet status: {1: '0', 2: '1', 3: '1', 4: '0', 5: '0', 6: '0', 7: '0', 8: '0', 9: '1', 10: '0', 11: '0', 12: '0', 13: '0', 14: '0', 15: '0', 16: '0', 17: '1', 18: '0', 19: '0', 20: '0', 21: '0', 22: '0', 23: '0', 24: '0', 25: '0'}
12:49:33: ...lock released
12:49:33: Power outlets have been successfully turned off
12:49:33: ...lock released
12:49:33: Turning PowerGroup off: Success
12:49:38: ======== Turning PowerGroup on
12:49:38: PowerGroup._pdu_cmd(on, [1], 3) called
12:49:38: Waiting for pdu lock
12:49:38: ...lock acquired
12:49:38: Sleep 8.89585566520691 seconds to work around the x610 power supply issue
12:49:47: HTTP POST was successfully executed
12:49:50: PowerGroup._pdu_cmd(status, [1], 3) called
12:49:50: Waiting for pdu lock
12:49:50: ...lock acquired
12:49:50: Current outlet status: {1: '1', 2: '1', 3: '1', 4: '1', 5: '2', 6: '1', 7: '1', 8: '1', 9: '1', 10: '0', 11: '0', 12: '0', 13: '0', 14: '0', 15: '0', 16: '0', 17: '1', 18: '0', 19: '0', 20: '0', 21: '0', 22: '0', 23: '0', 24: '0', 25: '0'}
12:49:50: ...lock released
12:49:50: Power outlets have been successfully turned on
12:49:50: ...lock released
12:49:50: Turning PowerGroup on: Success
12:53:23: ========= TestCase 12 Starting =========
12:54:49: ========= TestCase 12 Tear Down =========
12:55:08: ======== Turning PowerGroup off
12:55:08: PowerGroup._pdu_cmd(off, [1], 3) called
12:55:08: Waiting for pdu lock
12:55:08: ...lock acquired
12:55:08: HTTP POST was successfully executed
12:55:09: PowerGroup._pdu_cmd(status, [1], 3) called
12:55:09: Waiting for pdu lock
12:55:09: ...lock acquired
12:55:09: Current outlet status: {1: '0', 2: '1', 3: '1', 4: '0', 5: '0', 6: '0', 7: '0', 8: '0', 9: '1', 10: '0', 11: '0', 12: '0', 13: '0', 14: '0', 15: '0', 16: '0', 17: '1', 18: '0', 19: '0', 20: '0', 21: '0', 22: '0', 23: '0', 24: '0', 25: '0'}
12:55:09: ...lock released
12:55:09: Power outlets have been successfully turned off
12:55:09: ...lock released
12:55:09: Turning PowerGroup off: Success
12:55:14: ======== Turning PowerGroup on
12:55:14: PowerGroup._pdu_cmd(on, [1], 3) called
12:55:14: Waiting for pdu lock
12:55:14: ...lock acquired
12:55:14: Sleep 8.899412393569946 seconds to work around the x610 power supply issue
12:55:23: HTTP POST was successfully executed
12:55:26: PowerGroup._pdu_cmd(status, [1], 3) called
12:55:26: Waiting for pdu lock
12:55:26: ...lock acquired
12:55:26: Current outlet status: {1: '1', 2: '1', 3: '1', 4: '1', 5: '2', 6: '1', 7: '1', 8: '1', 9: '1', 10: '0', 11: '0', 12: '0', 13: '0', 14: '0', 15: '0', 16: '0', 17: '1', 18: '0', 19: '0', 20: '0', 21: '0', 22: '0', 23: '0', 24: '0', 25: '0'}
12:55:26: ...lock released
12:55:26: Power outlets have been successfully turned on
12:55:26: ...lock released
12:55:26: Turning PowerGroup on: Success
