12:17:40: Waiting for pdu lock
12:17:40: ...lock acquired
12:17:40: (10.36.150.14, 1): status is ON
12:17:40: ...lock released
12:21:05: ========= TestCase 1 Starting =========
12:22:39: ========= TestCase 1 Tear Down =========
12:23:09: ========= TestCase 2 Starting =========
12:24:30: ========= TestCase 2 Tear Down =========
12:25:00: ========= TestCase 3 Starting =========
12:26:00: ========= TestCase 3 Tear Down =========
12:26:30: ========= TestCase 4 Starting =========
12:27:30: ========= TestCase 4 Tear Down =========
12:28:00: ========= TestCase 5 Starting =========
12:29:11: ========= TestCase 5 Tear Down =========
12:29:46: ========= TestCase 6 Starting =========
12:30:37: ========= TestCase 6 Tear Down =========
12:31:04: ========= TestCase 7 Starting =========
12:31:54: ========= TestCase 7 Tear Down =========
12:32:23: ========= TestCase 8 Starting =========
12:32:53: ========= TestCase 8 Tear Down =========
12:37:22: ========= TestCase 9 Starting =========
12:38:49: ========= TestCase 9 Tear Down =========
12:43:07: ========= TestCase 10 Starting =========
12:43:35: ========= TestCase 10 Tear Down =========
12:47:46: ========= TestCase 11 Starting =========
12:48:13: ========= TestCase 11 Tear Down =========
12:53:23: ========= TestCase 12 Starting =========
12:54:49: ========= TestCase 12 Tear Down =========
