Log file created at 2026-09-29T12:28:25.613596
TestTag analysis session started


================================================================================
POTENTIAL EXTRA TAGS
================================================================================
[]
================================================================================
CONFIGURATION SUMMARY
================================================================================
Configuration Summary for swi_f:
  Total interfaces: 0
  layer2_switching: 34 items
  layer3_switching: 19 items
  multicast_applications: 7 items
  access_and_security: 18 items
  network_availability: 5 items
  network_management: 20 items
  firewall_and_nat: 3 items
  advanced_network_protection: 9 items
  virtual_private_networks: 7 items
  setup_and_troubleshooting: 12 items
  Unprocessed commands: 0

================================================================================
CONFIGURATION METADATA
================================================================================
Metadata for device: swi_f

{}

================================================================================
BASELINE TAGS (EXCLUDED)
================================================================================
Device: swi_f
Total tags: 51
AAA, AAA_AUTHENTICATION_ENABLE, AAA_AUTHENTICATION_ENABLE_LOCAL, AAA_AUTHENTICATION_LOGIN_1, AAA_AUTHENTICATION_LOGIN_DEFAULT, AAA_AUTHENTICATION_LOGIN_LOCAL, DEVICE_GUI_AND_VISTA, DHCP, DHCPV6, DNS, DNS_DOMAIN_LOOKUP, DOT1X_INTERFACE, DOT1X_INTERFACE_COUNT_11, ERPS, HOSTNAME, HTTP_SERVICE_ENABLED, INTERFACE_SHUTDOWN_1, IPV6, IP_ADDRESS, IP_ADDRESSING, IP_ADDRESS_COUNT_1, IP_ADDRESS_PREFIX_LENGTH, LINK_AGGREGATION, LLDP, LOCAL_USER_ACCOUNTS_1, MULTICAST, NTP, OPENVPN_TUNNEL_1, PIM_SMV6_INTERFACE_11, PIM_SM_INTERFACE_11, ROUTING, RSTP, SERVICE_PASSWORD_ENCRYPTION, SNMP, SNMP_IPV4, SNMP_IPV6, SPANNING_TREE, SSH, SSH_SERVER, SSH_SERVER_ALLOW_USER_1, SSH_SERVER_SECURE_ALGS, SWITCHING, SWITCHPORT_10, SWITCHPORT_ACCESS_10, SWITCHPORT_ACCESS_VLAN_10, SYS_CONFIG_AND_MONITORING, URL_OFFLOAD, USER_ACCESS, VCS, VLANS, VLAN_4

================================================================================
CONFIGURATION TAGS
================================================================================
Device: swi_f
Total tags: 0


================================================================================
RAW DEVICE CONFIGURATION
================================================================================
show running-config
service password-encryption
hostname x230-10GP
no banner motd
username manager privilege 15 password 8 $5$bJoPd84D$jDpGxr3DGpKESW14aCrmaazeZClEjvyEAJI77rEYMS3
ssh server secure-algs
ssh server allow-users manager
service ssh
no service telnet
service http
no clock timezone
snmp-server
aaa authentication enable default local
aaa authentication login default local
ip domain-lookup
no service dhcp-server
spanning-tree mode rstp
service power-inline
no lacp global-passive-mode enable
no spanning-tree rstp enable
vlan database
 vlan 100,999,3998-3999 state enable
interface port1.0.1-1.0.2
 switchport
 switchport mode access
 switchport access vlan 100
interface port1.0.3
 switchport
 switchport mode access
 switchport access vlan 3998
interface port1.0.4
 switchport
 switchport mode access
 switchport access vlan 3999
interface port1.0.5-1.0.9
 switchport
 switchport mode access
 switchport access vlan 100
interface port1.0.10
 switchport
 switchport mode access
 switchport access vlan 100
 shutdown
interface vlan100
 ip address 10.38.215.2/27
line con 0
 exec-timeout 0 0
line vty 0 7
end
x230-10GP#

TestTag analysis session ended at 2026-09-29T12:28:25.615796
