1790735495.938 15:31:35 >>> configure terminal
configure terminal
Enter configuration commands, one per line.  End with CNTL/Z.
IE520-sa(config)#
1790735496.739 15:31:36 >>> interface port1.0.13
interface port1.0.13
IE520-sa(config-if)#
1790735497.540 15:31:37 >>> shutdown
shutdown
switch: port 13(port1.0.13) entered disabled state
IE520-sa(config-if)#switch: port 13(port1.0.13) entered disabled state

1790735498.341 15:31:38 >>> end
end
IE520-sa#
1790735499.143 15:31:39 >>> show mrp ring
show mrp ring
Media Redundancy Protocol - Ring Information
MRP Ring 1
 Domain ID:                           ffffffff-ffff-ffff-ffff-ffffffffffff
 Domain Name:                         
 Ring Status:                         Enabled
 Running State:                       Running
 Role:                                Client
 Port1:                               port1.0.13
  Status:                             Blocking
 Port2:                               port1.0.26
  Status:                             Forwarding
 Vlan ID:
 Profile:                             500ms
  Link Down Interval:                 20ms
  Link Up Interval:                   20ms
  Link Change Count:                  4
  Blocked port state supported:       Yes

IE520-sa#
