08:29:28 >>> configure terminal
configure terminal
Enter configuration commands, one per line.  End with CNTL/Z.
IE520-stk(config)#
08:29:29 >>> vlan database
vlan database
IE520-stk(config-vlan)#
08:29:29 >>> vlan 3101
vlan 3101
IE520-stk(config-vlan)#
08:29:30 >>> vlan 3102
vlan 3102
IE520-stk(config-vlan)#
08:29:30 >>> exit
exit
IE520-stk(config)#
08:29:31 >>> interface port3.0.10
interface port3.0.10
IE520-stk(config-if)#
08:29:31 >>> switchport access vlan 3101
switchport access vlan 3101
IE520-stk(config-if)#
08:29:32 >>> interface port4.0.26
interface port4.0.26
IE520-stk(config-if)#
08:29:32 >>> switchport access vlan 3102
switchport access vlan 3102
IE520-stk(config-if)#
08:29:33 >>> interface vlan3101
interface vlan3101
IE520-stk(config-if)#
08:29:33 >>> ip address 10.106.1.1/24
ip address 10.106.1.1/24
IE520-stk(config-if)#
08:29:33 >>> interface vlan3102
interface vlan3102
IE520-stk(config-if)#
08:29:34 >>> ip address 10.106.2.1/30
ip address 10.106.2.1/30
IE520-stk(config-if)#
08:29:34 >>> end
end
IE520-stk#
