08:45:09 >>> configure terminal
configure terminal
Enter configuration commands, one per line.  End with CNTL/Z.
IE520-stk(config)#
08:45:10 >>> no router ospf 1
no router ospf 1
IE520-stk(config)#
08:45:10 >>> interface vlan3101
interface vlan3101
IE520-stk(config-if)#
08:45:11 >>> no ip address 10.106.1.1/24
no ip address 10.106.1.1/24
IE520-stk(config-if)#
08:45:12 >>> interface vlan3102
interface vlan3102
IE520-stk(config-if)#
08:45:12 >>> no ip address 10.106.2.1/30
no ip address 10.106.2.1/30
IE520-stk(config-if)#
08:45:12 >>> interface port3.0.10
interface port3.0.10
IE520-stk(config-if)#
08:45:13 >>> no switchport access vlan
no switchport access vlan
IE520-stk(config-if)#
08:45:13 >>> interface port4.0.26
interface port4.0.26
IE520-stk(config-if)#
08:45:14 >>> switchport access vlan 4000
switchport access vlan 4000
IE520-stk(config-if)#
08:45:14 >>> exit
exit
IE520-stk(config)#
08:45:15 >>> vlan database
vlan database
IE520-stk(config-vlan)#
08:45:15 >>> no vlan 3101
no vlan 3101
IE520-stk(config-vlan)#
08:45:16 >>> no vlan 3102
no vlan 3102
IE520-stk(config-vlan)#
08:45:16 >>> exit
exit
IE520-stk(config)#
08:45:16 >>> no service ospf
no service ospf
% Save the config and restart for this change to take effect.
IE520-stk(config)#
!!! CLI error on 'no service ospf' -- stopping
