1790732534.974 14:42:14 >>> configure terminal
configure terminal
Enter configuration commands, one per line.  End with CNTL/Z.
IE520-stk(config)#
1790732535.776 14:42:15 >>> interface port4.0.26
interface port4.0.26
IE520-stk(config-if)#
1790732536.577 14:42:16 >>> shutdown
shutdown
switch: port 28(port4.0.26) entered disabled state
IE520-stk(config-if)#switch: port 28(port4.0.26) entered disabled state

1790732537.378 14:42:17 >>> end
end
IE520-stk#
1790732538.180 14:42:18 >>> show mrp ring
show mrp ring
Media Redundancy Protocol - Ring Information
MRP Ring 1
 Domain ID:                           ffffffff-ffff-ffff-ffff-ffffffffffff
 Domain Name:                         
 Ring Status:                         Enabled
 Running State:                       Running
 Role:                                Manager
 Network Status:                      Open
 Port1:                               port1.0.13
  Status:                             Forwarding
 Port2:                               port4.0.26
  Status:                             Blocking
 Vlan ID:
 React on Link Change:                No
 Profile:                             200ms
  Topology Change Interval:           10ms
  Topology Change Count:              3
  Short Test Frame Interval:          10ms
  Default Test Frame Interval:        20ms
  Test Monitoring Interval Count:     3
  Test Monitoring Ext Interval Count: 3
  Non-blocking MRC Supported:         No
  Blocked port state supported:       Yes

IE520-stk#
