2026-08-11 14:36:08: Loading setup file: tb470-u5.setup
2026-08-11 14:36:09: ============================
2026-08-11 14:36:09: TESTBOXES
2026-08-11 14:36:09: ============================
2026-08-11 14:36:09: tb470 :
2026-08-11 14:36:09:   Connected to:
2026-08-11 14:36:09:     swi_a  via : eth1-port1.0.1
2026-08-11 14:36:09: 
2026-08-11 14:36:09: ============================
2026-08-11 14:36:09: SWITCHES
2026-08-11 14:36:09: ============================
2026-08-11 14:36:09: swi_a :
2026-08-11 14:36:09:   Connected to:
2026-08-11 14:36:09:     tb  via : port1.0.1-eth1
2026-08-11 14:36:09: 
2026-08-11 14:36:09: swi_a is defined and initialized
2026-08-11 14:36:09: swi_a is connected to a powerstrip: pdu, 10.36.150.14, 5
2026-08-11 14:36:21: ======== Clear exception log for all devices
2026-08-11 14:36:23: The following features were specified for the TestSet: 'ACCESS'
2026-08-11 14:36:23: ======== Generate default.cfg for all devices and reboot them
2026-08-11 14:36:23: Generating default.cfg for swi_a
2026-08-11 14:36:31: Will be removing tracelog in swi_a
2026-08-11 14:36:41: The following features were specified for the TestSet: 'ACCESS'
2026-08-11 14:36:43: swi_a platform type is IE520
2026-08-11 14:36:43: No license bundles require loading on swi_a for platform family IE520
2026-08-11 14:36:43: No license bundles require unloading from swi_a
2026-08-11 14:36:44: 
2026-08-11 14:36:44: Rebooting swi_a with the following default.cfg:
line con 0
length 0
exec-timeout 0
no stack 1 enable
no stack virtual-mac
no stack virtual-chassis-id
hostname swi_a_5700_2003
int port1.0.1-port1.0.28
shutdown

2026-08-11 14:36:44: Check that swi_a login succeeds with default.cfg, waiting up to 600 seconds
2026-08-11 14:39:05: swi_a is currently running and logged on
2026-08-11 14:39:06: Retrieve basic system information from swi_a
2026-08-11 14:39:17: Executing TestSet configure...
2026-08-11 14:39:24: Retrieving device information...
2026-08-11 14:39:37: 
2026-08-11 14:39:37: --------------------------------------------------------------------------------
2026-08-11 14:39:37: Collected network details:
2026-08-11 14:39:37: --------------------------------------------------------------------------------
2026-08-11 14:39:37: 	tftp boot switch interface   : eth0
2026-08-11 14:39:37: 	tftp boot tb interface       : eth2
2026-08-11 14:39:37: 	post-bootup switch interface : port1.0.1
2026-08-11 14:39:37: 	post-bootup tb interface     : eth1
2026-08-11 14:39:37: 	tftpfilename: IE520-tb470.rel
2026-08-11 14:39:37: 	filenamecopy: IE520-copy-tb470.rel
2026-08-11 14:39:37: 	wrong filename: IE210-5.5.3-2.1.rel
2026-08-11 14:39:37: 	ipTFTP    : 10.38.215.33
2026-08-11 14:39:37: 	ipDevice  : 10.38.215.39
2026-08-11 14:39:37: 	subnetmask: 255.255.255.224
2026-08-11 14:39:37: 	port: eth0
2026-08-11 14:39:37: 	version: 9.1.0
2026-08-11 14:39:37: 	has realtime clock: True
2026-08-11 14:39:37: 
2026-08-11 14:39:37: 	MAIN_RELEASE:  mainrelease.rel
2026-08-11 14:39:37: 	BACKUP_RELEASE: backuprelease.rel
2026-08-11 14:39:37: 
2026-08-11 14:39:38: mainrelease.rel: first use on swi_a this run, downloading a fresh copy regardless of what is in flash
2026-08-11 14:46:04: backuprelease.rel: first use on swi_a this run, downloading a fresh copy regardless of what is in flash
2026-08-11 14:52:15: dir *.rel
  41104167 -rw- Aug 11 2026 02:46:48  flash:/backuprelease.rel
  41104167 -rw- Aug 11 2026 02:40:43  flash:/mainrelease.rel
swi_a_5700_2003#
2026-08-11 14:52:15: ======== Wait for all devices to finish booting before bringing up all switch ports
2026-08-11 14:52:15: ======== Bring up all switch ports that have been initialized in init() to be used for the TestSet
2026-08-11 14:52:16: Bringing up swi_a ports: port1.0.1
2026-08-11 14:52:23: All ports on swi_a that are used in this TestSet have been successfully brought up
2026-08-11 14:52:23: ======== Save the current running config (TestSet config) as the boot config
2026-08-11 14:52:23: Generating running config and saving to swi_a_5700_2003.cfg
2026-08-11 14:52:34: ======== Mark unsupported test cases
2026-08-11 14:52:34: 
2026-08-11 14:52:34: -- TestCase 7
2026-08-11 14:52:34: ---- Checking testCaseExcl
2026-08-11 14:52:34:       swi_a : exclude : "ARX200S", "x240", "x250", "x540", "SE240", "SE250", "SE540"
2026-08-11 14:52:34: WARNING : unrecognized platform family or attribute : "SE540", found in testCaseExcl
2026-08-11 14:52:34:         no match on dev.get_switch_family() : "IE520"
2026-08-11 14:52:34: 
2026-08-11 14:52:34: -- TestCase 14
2026-08-11 14:52:34: ---- Checking testCaseExcl
2026-08-11 14:52:34:       swi_a : exclude : "ARX200S", "x240", "x250", "x540", "SE240", "SE250", "SE540"
2026-08-11 14:52:34: WARNING : unrecognized platform family or attribute : "SE540", found in testCaseExcl
2026-08-11 14:52:34:         no match on dev.get_switch_family() : "IE520"
2026-08-11 14:52:34: Exclude TestCases with run-priority 10
2026-08-11 14:52:34: ======== TestSet preparation is now complete. Execute each TestCase one by one
2026-08-11 14:52:35: _PreRunThread-swi_a - Joined
2026-08-11 14:52:35: Save the current running configuration as swi_a_5700_2003_1.cfg on swi_a
2026-08-11 14:52:41: _SaveConfigsThread-swi_a - Joined
2026-08-11 14:52:41: _CheckRunningConfigsThread-swi_a - Joined
2026-08-11 14:52:41: 
2026-08-11 14:52:41: Enter the Diagnostics menu
2026-08-11 14:52:41: Power-cycle swi_a and watch for <Ctrl+B> message
2026-08-11 14:53:00: Turning swi on from thread, swi_a
2026-08-11 14:53:08: PASS: in Diagnostics menu
2026-08-11 14:53:10: Check option '0. Restart' reboots the device
2026-08-11 14:53:28: PASS: device was booted
2026-08-11 14:58:32: 
2026-08-11 14:58:32: Set the swi_a boot configuration back to the TestSet configuration (flash:/swi_a_5700_2003.cfg)
2026-08-11 14:58:33: Save the current running configuration as TestCase_tear_down.cfg on swi_a
2026-08-11 14:58:37: Compare swi_a_5700_2003.cfg and TestCase_tear_down.cfg on swi_a
2026-08-11 14:58:39: PASS: Configuration on swi_a after TestCase tear_down() is the same as the initial TestSet Configuration
2026-08-11 14:58:39: _PostTearDownThread-swi_a - Joined
2026-08-11 14:58:41: PASS: swi_a contains no exceptions
2026-08-11 14:58:44: Moving *.pcap files across from /tmp
2026-08-11 14:58:45: _PreRunThread-swi_a - Joined
2026-08-11 14:58:45: Save the current running configuration as swi_a_5700_2003_2.cfg on swi_a
2026-08-11 14:58:50: _SaveConfigsThread-swi_a - Joined
2026-08-11 14:58:50: _CheckRunningConfigsThread-swi_a - Joined
2026-08-11 14:58:50: 
2026-08-11 14:58:50: Enter the Diagnostics menu
2026-08-11 14:58:50: Power-cycle swi_a and watch for <Ctrl+B> message
2026-08-11 14:59:10: Turning swi on from thread, swi_a
2026-08-11 14:59:17: 
2026-08-11 14:59:17: Run the full RAM test, Option 1.
2026-08-11 14:59:17: Check 5 iterations of the RAM test are run
2026-08-11 14:59:35: PASS: ram test got to iteration 5
2026-08-11 14:59:35: 
2026-08-11 14:59:35: Check there are no errors reported
2026-08-11 14:59:35: PASS: no errors seen
2026-08-11 15:01:46: 
2026-08-11 15:01:46: Set the swi_a boot configuration back to the TestSet configuration (flash:/swi_a_5700_2003.cfg)
2026-08-11 15:01:48: Save the current running configuration as TestCase_tear_down.cfg on swi_a
2026-08-11 15:01:52: Compare swi_a_5700_2003.cfg and TestCase_tear_down.cfg on swi_a
2026-08-11 15:01:53: PASS: Configuration on swi_a after TestCase tear_down() is the same as the initial TestSet Configuration
2026-08-11 15:01:54: _PostTearDownThread-swi_a - Joined
2026-08-11 15:01:55: PASS: swi_a contains no exceptions
2026-08-11 15:01:58: Moving *.pcap files across from /tmp
2026-08-11 15:01:59: _PreRunThread-swi_a - Joined
2026-08-11 15:01:59: Save the current running configuration as swi_a_5700_2003_3.cfg on swi_a
2026-08-11 15:02:04: _SaveConfigsThread-swi_a - Joined
2026-08-11 15:02:04: _CheckRunningConfigsThread-swi_a - Joined
2026-08-11 15:02:04: 
2026-08-11 15:02:04: Enter the Diagnostics menu
2026-08-11 15:02:04: Power-cycle swi_a and watch for <Ctrl+B> message
2026-08-11 15:02:24: Turning swi on from thread, swi_a
2026-08-11 15:02:31: 
2026-08-11 15:02:31: Run the quick RAM test, Option 2.
2026-08-11 15:02:31: Check the RAM test has passed
2026-08-11 15:02:35: PASS: quick ram test passed
2026-08-11 15:02:35: 
2026-08-11 15:02:35: Set the swi_a boot configuration back to the TestSet configuration (flash:/swi_a_5700_2003.cfg)
2026-08-11 15:04:45: Save the current running configuration as TestCase_tear_down.cfg on swi_a
2026-08-11 15:04:49: Compare swi_a_5700_2003.cfg and TestCase_tear_down.cfg on swi_a
2026-08-11 15:04:51: PASS: Configuration on swi_a after TestCase tear_down() is the same as the initial TestSet Configuration
2026-08-11 15:04:51: _PostTearDownThread-swi_a - Joined
2026-08-11 15:04:52: PASS: swi_a contains no exceptions
2026-08-11 15:04:55: Moving *.pcap files across from /tmp
2026-08-11 15:04:56: _PreRunThread-swi_a - Joined
2026-08-11 15:04:56: Save the current running configuration as swi_a_5700_2003_4.cfg on swi_a
2026-08-11 15:05:02: _SaveConfigsThread-swi_a - Joined
2026-08-11 15:05:02: _CheckRunningConfigsThread-swi_a - Joined
2026-08-11 15:05:02: Enter the Diagnostics menu.
2026-08-11 15:05:02: Power-cycle swi_a and watch for <Ctrl+B> message
2026-08-11 15:05:22: Turning swi on from thread, swi_a
2026-08-11 15:05:29: !!FAIL: Test case not supported on this device. No NVS.
2026-08-11 15:05:29: Expected 'NVS' in output:
2026-08-11 15:05:29:    
2026-08-11 15:05:29:    
2026-08-11 15:05:29:    Bootup Stage 1 Diagnostics Menu:
2026-08-11 15:05:29:    
2026-08-11 15:05:29:      0. Restart
2026-08-11 15:05:29:      1. Full RAM test
2026-08-11 15:05:29:      2. Quick RAM test
2026-08-11 15:05:29:      ----------------------------------
2026-08-11 15:05:29:      7. Bootup stage 2 diagnostics menu
2026-08-11 15:05:29:      ----------------------------------
2026-08-11 15:05:29:      9. Quit and continue booting
2026-08-11 15:05:29:    
2026-08-11 15:05:29:    Enter selection ==> 
2026-08-11 15:05:29:    
2026-08-11 15:05:29:    Bootup Stage 1 Diagnostics Menu:
2026-08-11 15:05:29:    
2026-08-11 15:05:29:      0. Restart
2026-08-11 15:05:29:      1. Full RAM test
2026-08-11 15:05:29:      2. Quick RAM test
2026-08-11 15:05:29:      ----------------------------------
2026-08-11 15:05:29:      7. Bootup stage 2 diagnostics menu
2026-08-11 15:05:29:      ----------------------------------
2026-08-11 15:05:29:      9. Quit and continue booting
2026-08-11 15:05:29:    
2026-08-11 15:05:29:    Enter selection ==> 
2026-08-11 15:05:29: 
2026-08-11 15:05:30: 
2026-08-11 15:05:30: Set the swi_a boot configuration back to the TestSet configuration (flash:/swi_a_5700_2003.cfg)
2026-08-11 15:07:44: Save the current running configuration as TestCase_tear_down.cfg on swi_a
2026-08-11 15:07:47: Compare swi_a_5700_2003.cfg and TestCase_tear_down.cfg on swi_a
2026-08-11 15:07:49: PASS: Configuration on swi_a after TestCase tear_down() is the same as the initial TestSet Configuration
2026-08-11 15:07:49: _PostTearDownThread-swi_a - Joined
2026-08-11 15:07:51: PASS: swi_a contains no exceptions
2026-08-11 15:07:53: Setup is no longer reliable - all devices will be rebooted
2026-08-11 15:07:53: Power cycle swi_a
2026-08-11 15:08:14: Power cycle swi_a completed: Success
2026-08-11 15:08:14: _PowerCycleThread-swi_a - Joined
2026-08-11 15:08:14: Wait for all ports to reach running state after power-cycle
2026-08-11 15:10:24: All ports on swi_a that are used in this TestSet have been successfully brought up
2026-08-11 15:10:24: wait_for_all_ports_running-swi_a - Joined
2026-08-11 15:10:24: Moving *.pcap files across from /tmp
2026-08-11 15:10:25: _PreRunThread-swi_a - Joined
2026-08-11 15:10:25: Save the current running configuration as swi_a_5700_2003_5.cfg on swi_a
2026-08-11 15:10:30: _SaveConfigsThread-swi_a - Joined
2026-08-11 15:10:30: _CheckRunningConfigsThread-swi_a - Joined
2026-08-11 15:10:30: 
2026-08-11 15:10:30: Enter the Diagnostics menu
2026-08-11 15:10:30: Power-cycle swi_a and watch for <Ctrl+B> message
2026-08-11 15:10:50: Turning swi on from thread, swi_a
2026-08-11 15:10:57: 
2026-08-11 15:10:57: Find the Bootloader ROM checksum test
2026-08-11 15:10:57: "Bootloader ROM checksum test" not in menu level 1.
2026-08-11 15:11:28: Run the Bootloader ROM checksum test, level 2 Option 6.
2026-08-11 15:11:44: 
2026-08-11 15:11:44: Check the checksums have been seen
2026-08-11 15:11:44: PASS: checksum(s) seen:
2026-08-11 15:11:44:     ROM checksum0 0x99c8
2026-08-11 15:11:44:     ROM checksum1 0x185d
2026-08-11 15:11:44: 
2026-08-11 15:13:55: 
2026-08-11 15:13:55: Set the swi_a boot configuration back to the TestSet configuration (flash:/swi_a_5700_2003.cfg)
2026-08-11 15:13:57: Save the current running configuration as TestCase_tear_down.cfg on swi_a
2026-08-11 15:14:01: Compare swi_a_5700_2003.cfg and TestCase_tear_down.cfg on swi_a
2026-08-11 15:14:02: PASS: Configuration on swi_a after TestCase tear_down() is the same as the initial TestSet Configuration
2026-08-11 15:14:02: _PostTearDownThread-swi_a - Joined
2026-08-11 15:14:04: PASS: swi_a contains no exceptions
2026-08-11 15:14:07: Moving *.pcap files across from /tmp
2026-08-11 15:14:08: _PreRunThread-swi_a - Joined
2026-08-11 15:14:08: Save the current running configuration as swi_a_5700_2003_6.cfg on swi_a
2026-08-11 15:14:13: _SaveConfigsThread-swi_a - Joined
2026-08-11 15:14:13: _CheckRunningConfigsThread-swi_a - Joined
2026-08-11 15:14:13: 
2026-08-11 15:14:13: Enter the Diagnostics menu
2026-08-11 15:14:13: Power-cycle swi_a and watch for <Ctrl+B> message
2026-08-11 15:14:32: Turning swi on from thread, swi_a
2026-08-11 15:14:39: 
2026-08-11 15:14:39: Enter the Bootup stage 2 diagnostics menu, Option 7.
2026-08-11 15:14:39: Check the Bootup stage 2 diagnostics menu is displayed
2026-08-11 15:14:39: PASS: entered "Bootup Stage 2 Diagnostics Menu"
2026-08-11 15:14:40: 
2026-08-11 15:14:41: Set the swi_a boot configuration back to the TestSet configuration (flash:/swi_a_5700_2003.cfg)
2026-08-11 15:16:54: Save the current running configuration as TestCase_tear_down.cfg on swi_a
2026-08-11 15:16:58: Compare swi_a_5700_2003.cfg and TestCase_tear_down.cfg on swi_a
2026-08-11 15:17:00: PASS: Configuration on swi_a after TestCase tear_down() is the same as the initial TestSet Configuration
2026-08-11 15:17:00: _PostTearDownThread-swi_a - Joined
2026-08-11 15:17:01: PASS: swi_a contains no exceptions
2026-08-11 15:17:04: Moving *.pcap files across from /tmp
2026-08-11 15:17:05: _PreRunThread-swi_a - Joined
2026-08-11 15:17:06: Save the current running configuration as swi_a_5700_2003_7.cfg on swi_a
2026-08-11 15:17:11: _SaveConfigsThread-swi_a - Joined
2026-08-11 15:17:11: _CheckRunningConfigsThread-swi_a - Joined
2026-08-11 15:17:11: 
2026-08-11 15:17:11: Enter the Diagnostics menu
2026-08-11 15:17:11: Power-cycle swi_a and watch for <Ctrl+B> message
2026-08-11 15:17:30: Turning swi on from thread, swi_a
2026-08-11 15:17:37: 
2026-08-11 15:17:37: Enter the U-Boot shell, Option 8.
2026-08-11 15:17:37: Check the system is currently in the U-Boot shell
2026-08-11 15:17:38: !!FAIL: did not enter u-boot from diagnostics menu, expected "Unknown command":
2026-08-11 15:17:38:    
2026-08-11 15:17:38:    
2026-08-11 15:17:38:    Bootup Stage 1 Diagnostics Menu:
2026-08-11 15:17:38:    
2026-08-11 15:17:38:      0. Restart
2026-08-11 15:17:38:      1. Full RAM test
2026-08-11 15:17:38:      2. Quick RAM test
2026-08-11 15:17:38:      ----------------------------------
2026-08-11 15:17:38:      7. Bootup stage 2 diagnostics menu
2026-08-11 15:17:38:      ----------------------------------
2026-08-11 15:17:38:      9. Quit and continue booting
2026-08-11 15:17:38:    
2026-08-11 15:17:38:    Enter selection ==> 
2026-08-11 15:17:38:    
2026-08-11 15:17:38:    Bootup Stage 1 Diagnostics Menu:
2026-08-11 15:17:38:    
2026-08-11 15:17:38:      0. Restart
2026-08-11 15:17:38:      1. Full RAM test
2026-08-11 15:17:38:      2. Quick RAM test
2026-08-11 15:17:38:      ----------------------------------
2026-08-11 15:17:38:      7. Bootup stage 2 diagnostics menu
2026-08-11 15:17:38:      ----------------------------------
2026-08-11 15:17:38:      9. Quit and continue booting
2026-08-11 15:17:38:    
2026-08-11 15:17:38:    Enter selection ==> 
2026-08-11 15:17:38: 
2026-08-11 15:17:50: Set swi_a to boot from TFTP
2026-08-11 15:17:50: Power-cycle swi_a and watch for <Ctrl+B> message
2026-08-11 15:18:05: Turning swi on from thread, swi_a
2026-08-11 15:22:31: 
2026-08-11 15:22:32: Set the swi_a boot configuration back to the TestSet configuration (flash:/swi_a_5700_2003.cfg)
2026-08-11 15:22:33: Save the current running configuration as TestCase_tear_down.cfg on swi_a
2026-08-11 15:22:37: Compare swi_a_5700_2003.cfg and TestCase_tear_down.cfg on swi_a
2026-08-11 15:22:39: PASS: Configuration on swi_a after TestCase tear_down() is the same as the initial TestSet Configuration
2026-08-11 15:22:39: _PostTearDownThread-swi_a - Joined
2026-08-11 15:22:40: PASS: swi_a contains no exceptions
2026-08-11 15:22:43: Setup is no longer reliable - all devices will be rebooted
2026-08-11 15:22:43: Power cycle swi_a
2026-08-11 15:23:04: Power cycle swi_a completed: Success
2026-08-11 15:23:04: _PowerCycleThread-swi_a - Joined
2026-08-11 15:23:04: Wait for all ports to reach running state after power-cycle
2026-08-11 15:25:19: All ports on swi_a that are used in this TestSet have been successfully brought up
2026-08-11 15:25:19: wait_for_all_ports_running-swi_a - Joined
2026-08-11 15:25:19: Moving *.pcap files across from /tmp
2026-08-11 15:25:20: _PreRunThread-swi_a - Joined
2026-08-11 15:25:20: Save the current running configuration as swi_a_5700_2003_8.cfg on swi_a
2026-08-11 15:25:26: _SaveConfigsThread-swi_a - Joined
2026-08-11 15:25:26: _CheckRunningConfigsThread-swi_a - Joined
2026-08-11 15:25:26: 
2026-08-11 15:25:26: Enter the Diagnostics menu
2026-08-11 15:25:26: Power-cycle swi_a and watch for <Ctrl+B> message
2026-08-11 15:25:45: Turning swi on from thread, swi_a
2026-08-11 15:25:52: 
2026-08-11 15:25:52: Quit the menu and continue rebooting, Option 9.
2026-08-11 15:26:05: PASS: device booted from diagnostics stage 1 menu
2026-08-11 15:28:02: 
2026-08-11 15:28:02: Set the swi_a boot configuration back to the TestSet configuration (flash:/swi_a_5700_2003.cfg)
2026-08-11 15:28:04: Save the current running configuration as TestCase_tear_down.cfg on swi_a
2026-08-11 15:28:07: Compare swi_a_5700_2003.cfg and TestCase_tear_down.cfg on swi_a
2026-08-11 15:28:09: PASS: Configuration on swi_a after TestCase tear_down() is the same as the initial TestSet Configuration
2026-08-11 15:28:09: _PostTearDownThread-swi_a - Joined
2026-08-11 15:28:11: PASS: swi_a contains no exceptions
2026-08-11 15:28:13: Moving *.pcap files across from /tmp
2026-08-11 15:28:14: _PreRunThread-swi_a - Joined
2026-08-11 15:28:14: Save the current running configuration as swi_a_5700_2003_9.cfg on swi_a
2026-08-11 15:28:19: _SaveConfigsThread-swi_a - Joined
2026-08-11 15:28:19: _CheckRunningConfigsThread-swi_a - Joined
2026-08-11 15:28:19: Power-cycle swi_a and watch for <Ctrl+B> message
2026-08-11 15:28:39: Turning swi on from thread, swi_a
2026-08-11 15:28:45: Enter the Boot stage 2 Diagnostics menu
2026-08-11 15:28:46: Quit the menu restart the device, Option 0.
2026-08-11 15:29:04: PASS: device booted from diagnostics stage 2 menu
2026-08-11 15:31:00: 
2026-08-11 15:31:00: Set the swi_a boot configuration back to the TestSet configuration (flash:/swi_a_5700_2003.cfg)
2026-08-11 15:31:02: Save the current running configuration as TestCase_tear_down.cfg on swi_a
2026-08-11 15:31:05: Compare swi_a_5700_2003.cfg and TestCase_tear_down.cfg on swi_a
2026-08-11 15:31:07: PASS: Configuration on swi_a after TestCase tear_down() is the same as the initial TestSet Configuration
2026-08-11 15:31:07: _PostTearDownThread-swi_a - Joined
2026-08-11 15:31:09: PASS: swi_a contains no exceptions
2026-08-11 15:31:11: Moving *.pcap files across from /tmp
2026-08-11 15:31:12: _PreRunThread-swi_a - Joined
2026-08-11 15:31:14: !!FAIL: No SD card present, test unsupported
2026-08-11 15:31:14: Save the current running configuration as swi_a_5700_2003_12.cfg on swi_a
2026-08-11 15:31:19: _SaveConfigsThread-swi_a - Joined
2026-08-11 15:31:19: _CheckRunningConfigsThread-swi_a - Joined
2026-08-11 15:31:19: Skipping unsupported test
2026-08-11 15:31:19: 
2026-08-11 15:31:21: PASS: swi_a contains no exceptions
2026-08-11 15:31:23: Moving *.pcap files across from /tmp
2026-08-11 15:31:24: _PreRunThread-swi_a - Joined
2026-08-11 15:31:24: Save the current running configuration as swi_a_5700_2003_13.cfg on swi_a
2026-08-11 15:31:29: _SaveConfigsThread-swi_a - Joined
2026-08-11 15:31:29: _CheckRunningConfigsThread-swi_a - Joined
2026-08-11 15:31:29: Power-cycle swi_a and watch for <Ctrl+B> message
2026-08-11 15:31:48: Turning swi on from thread, swi_a
2026-08-11 15:31:55: Enter the Boot stage 2 Diagnostics menu
2026-08-11 15:32:06: 
2026-08-11 15:32:06: Run the USB slot test
2026-08-11 15:32:17: Check USB is initialised and device info has been read
2026-08-11 15:32:17: PASS: USB - Card slot test passed in diagnostics stage 2 menu
2026-08-11 15:34:31: 
2026-08-11 15:34:32: PASS: swi_a contains no exceptions
2026-08-11 15:34:35: Moving *.pcap files across from /tmp
2026-08-11 15:34:36: _PreRunThread-swi_a - Joined
2026-08-11 15:34:36: Save the current running configuration as swi_a_5700_2003_14.cfg on swi_a
2026-08-11 15:34:41: _SaveConfigsThread-swi_a - Joined
2026-08-11 15:34:41: _CheckRunningConfigsThread-swi_a - Joined
2026-08-11 15:34:41: Power-cycle swi_a and watch for <Ctrl+B> message
2026-08-11 15:35:01: Turning swi on from thread, swi_a
2026-08-11 15:35:07: Enter the Boot stage 2 Diagnostics menu
2026-08-11 15:35:38: Enter the U-Boot shell - option 8
2026-08-11 15:35:39: Check that the system is in the U-Boot shell
2026-08-11 15:35:39: !!FAIL: did not enter u-boot from diagnostics stage 2 menu, expected "Unknown command":
2026-08-11 15:35:39:    
2026-08-11 15:35:39:    
2026-08-11 15:35:39:    Bootup Stage 2 Diagnostics Menu:
2026-08-11 15:35:39:    
2026-08-11 15:35:39:      0. Restart
2026-08-11 15:35:39:      2. Test FLASH (Filesystem only)
2026-08-11 15:35:39:      4. Erase FLASH (Filesystem only)
2026-08-11 15:35:39:      6. Bootloader ROM checksum test
2026-08-11 15:35:39:      7. USB slot test
2026-08-11 15:35:39:      ----------------------------------
2026-08-11 15:35:39:      9. Quit and continue booting
2026-08-11 15:35:39:    
2026-08-11 15:35:39:    Enter selection ==> 
2026-08-11 15:35:39:    
2026-08-11 15:35:39:    Bootup Stage 2 Diagnostics Menu:
2026-08-11 15:35:39:    
2026-08-11 15:35:39:      0. Restart
2026-08-11 15:35:39:      2. Test FLASH (Filesystem only)
2026-08-11 15:35:39:      4. Erase FLASH (Filesystem only)
2026-08-11 15:35:39:      6. Bootloader ROM checksum test
2026-08-11 15:35:39:      7. USB slot test
2026-08-11 15:35:39:      ----------------------------------
2026-08-11 15:35:39:      9. Quit and continue booting
2026-08-11 15:35:39:    
2026-08-11 15:35:39:    Enter selection ==> 
2026-08-11 15:35:39: 
2026-08-11 15:35:51: Set swi_a to boot from TFTP
2026-08-11 15:35:51: Power-cycle swi_a and watch for <Ctrl+B> message
2026-08-11 15:36:06: Turning swi on from thread, swi_a
2026-08-11 15:40:31: 
2026-08-11 15:40:32: PASS: swi_a contains no exceptions
2026-08-11 15:40:34: Setup is no longer reliable - all devices will be rebooted
2026-08-11 15:40:34: Power cycle swi_a
2026-08-11 15:40:55: Power cycle swi_a completed: Success
2026-08-11 15:40:55: _PowerCycleThread-swi_a - Joined
2026-08-11 15:40:55: Wait for all ports to reach running state after power-cycle
2026-08-11 15:43:08: All ports on swi_a that are used in this TestSet have been successfully brought up
2026-08-11 15:43:08: wait_for_all_ports_running-swi_a - Joined
2026-08-11 15:43:08: Moving *.pcap files across from /tmp
2026-08-11 15:43:08: _PreRunThread-swi_a - Joined
2026-08-11 15:43:08: Save the current running configuration as swi_a_5700_2003_15.cfg on swi_a
2026-08-11 15:43:14: _SaveConfigsThread-swi_a - Joined
2026-08-11 15:43:14: _CheckRunningConfigsThread-swi_a - Joined
2026-08-11 15:43:14: Power-cycle swi_a and watch for <Ctrl+B> message
2026-08-11 15:43:34: Turning swi on from thread, swi_a
2026-08-11 15:43:41: Enter the Boot stage 2 Diagnostics menu
2026-08-11 15:44:12: Select 'Quit and continue booting' - Option 9
2026-08-11 15:44:26: PASS: device booted from diagnostics stage 2 menu
2026-08-11 15:46:24: 
2026-08-11 15:46:25: PASS: swi_a contains no exceptions
2026-08-11 15:46:27: Moving *.pcap files across from /tmp
2026-08-11 15:46:28: _PreRunThread-swi_a - Joined
2026-08-11 15:46:28: Save the current running configuration as swi_a_5700_2003_11.cfg on swi_a
2026-08-11 15:46:34: _SaveConfigsThread-swi_a - Joined
2026-08-11 15:46:34: _CheckRunningConfigsThread-swi_a - Joined
2026-08-11 15:46:34: Power-cycle swi_a and watch for <Ctrl+B> message
2026-08-11 15:46:54: Turning swi on from thread, swi_a
2026-08-11 15:47:00: Enter the Boot stage 2 Diagnostics menu
2026-08-11 16:14:34: PASS: device erased flash successfully
2026-08-11 16:14:34: ...watching swi_a for bootup complete
2026-08-11 16:24:40: ...saw bootup complete messages on swi_a : "done!"
2026-08-11 16:24:40: PASS: Device rebooted successfully
2026-08-11 16:25:02: 
2026-08-11 16:25:03: PASS: swi_a contains no exceptions
2026-08-11 16:25:12: Moving *.pcap files across from /tmp
2026-08-11 16:25:18: _PreRunThread-swi_a - Joined
2026-08-11 16:25:18: Save the current running configuration as swi_a_5700_2003_10.cfg on swi_a
2026-08-11 16:25:24: _SaveConfigsThread-swi_a - Joined
2026-08-11 16:25:24: _CheckRunningConfigsThread-swi_a - Joined
2026-08-11 16:25:24: Power-cycle swi_a and watch for <Ctrl+B> message
2026-08-11 16:25:45: Turning swi on from thread, swi_a
2026-08-11 16:25:52: Enter the Boot stage 2 Diagnostics menu
2026-08-11 16:26:23: Initiating FLASH test
2026-08-11 19:26:24: !!FAIL: Did not see expected succeesful completion, but flash test may have succeed
2026-08-11 19:26:24: Expected pass string "Result for test 2/2 (pass 1): PASS"
2026-08-11 19:26:24: 
2026-08-11 19:26:24: YProbing SPI flash... Complete


  Filesystem FLASH test in progress (128 MB) - press Q to quit...

  Performing test 1/2 with pseudorandom data...

Probing SPI flash... Complete
  Erasing SPI flash...  [                                                  ][51D==================================================
Complete
  Making test data:    [                                                  ][51D==================================================
  Writing test data:   [                                                  ][51D==================================================
Complete
  Reading test data:   [                                                  ][51D==================================================
Complete
Re-erasing flash:
  Erasing SPI flash...  [                                                  ][51D==================================================
Complete

  Result for test 1/2 (pass 1): PASS

  Performing test 2/2 with pseudorandom complemented data...

Probing SPI flash... Complete
  Erasing SPI flash...  [                                                  ][51D==================================================
Complete
  Making test data:    [                                                  ][51D==================================================
  Writing test data:   [                                                  ][51D==================================================
Complete
  Reading test data:   [                                                  ][51D==================================================
Complete
Re-erasing flash:
  Erasing SPI flash...  [                                                  ][51D=================================
2026-08-11 19:26:24: 
2026-08-11 19:26:25: PASS: Returned to stage 2 diagnostics menu after stopping flash test
2026-08-11 19:26:36: Set swi_a to boot from TFTP
2026-08-11 19:26:36: Power-cycle swi_a and watch for <Ctrl+B> message
2026-08-11 19:26:51: Turning swi on from thread, swi_a
2026-08-11 19:29:02: ...watching swi_a for bootup complete
2026-08-11 19:39:23: ...saw bootup complete messages on swi_a : "done!"
2026-08-11 19:40:06: Moving *.pcap files across from /tmp
2026-08-11 19:40:06: ======== TestCase execution is now complete

2026-08-11 19:40:06: Renaming ./testbox.log to testbox_2003.log
2026-08-11 19:40:06: Renaming ./power-sock-10.36.150.14-5.log to power-sock-10.36.150.14-5_2003.log
2026-08-11 19:40:07: Renaming ./power-group-swi_a.log to power-group-swi_a_2003.log
2026-08-11 19:40:07: Renaming ./swi_a.log to swi_a_2003.log
2026-08-11 19:40:07: Renaming ./hub_a.log to hub_a_2003.log
2026-08-11 19:40:07: Renaming ./setup.log to setup_2003.log
2026-08-11 19:40:07: ================ TESTSET FINISHED (rc = 1) ================
