14:36:08: ================ PowerGroup has been initialised ================
14:36:08: ======== Turning PowerGroup on
14:36:08: PowerGroup._pdu_cmd(on, [5], 3) called
14:36:08: Waiting for pdu lock
14:36:08: ...lock acquired
14:36:08: Power outlets are already in the desired state
14:36:08: ...lock released
14:36:08: Turning PowerGroup on: Success
14:52:34: ========= TestCase 1 Starting =========
14:52:44: ======== Turning PowerGroup off
14:52:44: PowerGroup._pdu_cmd(off, [5], 3) called
14:52:44: Waiting for pdu lock
14:52:44: ...lock acquired
14:52:44: HTTP POST was successfully executed
14:52:45: PowerGroup._pdu_cmd(status, [5], 3) called
14:52:45: Waiting for pdu lock
14:52:45: ...lock acquired
14:52:45: Current outlet status: {1: '1', 2: '0', 3: '0', 4: '1', 5: '0', 6: '1', 7: '1', 8: '1', 9: '1', 10: '0', 11: '0', 12: '0', 13: '0', 14: '0', 15: '0', 16: '0', 17: '1', 18: '0', 19: '0', 20: '0', 21: '0', 22: '0', 23: '0', 24: '0', 25: '0'}
14:52:45: ...lock released
14:52:45: Power outlets have been successfully turned off
14:52:45: ...lock released
14:52:45: Turning PowerGroup off: Success
14:53:00: ======== Turning PowerGroup on
14:53:00: PowerGroup._pdu_cmd(on, [5], 3) called
14:53:00: Waiting for pdu lock
14:53:00: ...lock acquired
14:53:00: Sleep 0 seconds to work around the x610 power supply issue
14:53:01: HTTP POST was successfully executed
14:53:04: PowerGroup._pdu_cmd(status, [5], 3) called
14:53:04: Waiting for pdu lock
14:53:04: ...lock acquired
14:53:04: Current outlet status: {1: '1', 2: '0', 3: '0', 4: '1', 5: '1', 6: '1', 7: '1', 8: '1', 9: '1', 10: '0', 11: '0', 12: '0', 13: '0', 14: '0', 15: '0', 16: '0', 17: '1', 18: '0', 19: '0', 20: '0', 21: '0', 22: '0', 23: '0', 24: '0', 25: '0'}
14:53:04: ...lock released
14:53:04: Power outlets have been successfully turned on
14:53:04: ...lock released
14:53:04: Turning PowerGroup on: Success
14:58:32: ========= TestCase 1 Tear Down =========
14:58:44: ========= TestCase 2 Starting =========
14:58:53: ======== Turning PowerGroup off
14:58:53: PowerGroup._pdu_cmd(off, [5], 3) called
14:58:53: Waiting for pdu lock
14:58:53: ...lock acquired
14:58:53: HTTP POST was successfully executed
14:58:54: PowerGroup._pdu_cmd(status, [5], 3) called
14:58:54: Waiting for pdu lock
14:58:54: ...lock acquired
14:58:55: Current outlet status: {1: '1', 2: '0', 3: '0', 4: '1', 5: '0', 6: '1', 7: '1', 8: '1', 9: '1', 10: '0', 11: '0', 12: '0', 13: '0', 14: '0', 15: '0', 16: '0', 17: '1', 18: '0', 19: '0', 20: '0', 21: '0', 22: '0', 23: '0', 24: '0', 25: '0'}
14:58:55: ...lock released
14:58:55: Power outlets have been successfully turned off
14:58:55: ...lock released
14:58:55: Turning PowerGroup off: Success
14:59:10: ======== Turning PowerGroup on
14:59:10: PowerGroup._pdu_cmd(on, [5], 3) called
14:59:10: Waiting for pdu lock
14:59:10: ...lock acquired
14:59:10: Sleep 0 seconds to work around the x610 power supply issue
14:59:10: HTTP POST was successfully executed
14:59:13: PowerGroup._pdu_cmd(status, [5], 3) called
14:59:13: Waiting for pdu lock
14:59:13: ...lock acquired
14:59:13: Current outlet status: {1: '1', 2: '0', 3: '0', 4: '1', 5: '1', 6: '1', 7: '1', 8: '1', 9: '1', 10: '0', 11: '0', 12: '0', 13: '0', 14: '0', 15: '0', 16: '0', 17: '1', 18: '0', 19: '0', 20: '0', 21: '0', 22: '0', 23: '0', 24: '0', 25: '0'}
14:59:13: ...lock released
14:59:13: Power outlets have been successfully turned on
14:59:13: ...lock released
14:59:13: Turning PowerGroup on: Success
15:01:46: ========= TestCase 2 Tear Down =========
15:01:58: ========= TestCase 3 Starting =========
15:02:08: ======== Turning PowerGroup off
15:02:08: PowerGroup._pdu_cmd(off, [5], 3) called
15:02:08: Waiting for pdu lock
15:02:08: ...lock acquired
15:02:08: HTTP POST was successfully executed
15:02:09: PowerGroup._pdu_cmd(status, [5], 3) called
15:02:09: Waiting for pdu lock
15:02:09: ...lock acquired
15:02:09: Current outlet status: {1: '1', 2: '0', 3: '0', 4: '1', 5: '0', 6: '1', 7: '1', 8: '1', 9: '1', 10: '0', 11: '0', 12: '0', 13: '0', 14: '0', 15: '0', 16: '0', 17: '1', 18: '0', 19: '0', 20: '0', 21: '0', 22: '0', 23: '0', 24: '0', 25: '0'}
15:02:09: ...lock released
15:02:09: Power outlets have been successfully turned off
15:02:09: ...lock released
15:02:09: Turning PowerGroup off: Success
15:02:24: ======== Turning PowerGroup on
15:02:24: PowerGroup._pdu_cmd(on, [5], 3) called
15:02:24: Waiting for pdu lock
15:02:24: ...lock acquired
15:02:24: Sleep 0 seconds to work around the x610 power supply issue
15:02:24: HTTP POST was successfully executed
15:02:27: PowerGroup._pdu_cmd(status, [5], 3) called
15:02:27: Waiting for pdu lock
15:02:27: ...lock acquired
15:02:27: Current outlet status: {1: '1', 2: '0', 3: '0', 4: '1', 5: '1', 6: '1', 7: '1', 8: '1', 9: '1', 10: '0', 11: '0', 12: '0', 13: '0', 14: '0', 15: '0', 16: '0', 17: '1', 18: '0', 19: '0', 20: '0', 21: '0', 22: '0', 23: '0', 24: '0', 25: '0'}
15:02:27: ...lock released
15:02:27: Power outlets have been successfully turned on
15:02:28: ...lock released
15:02:28: Turning PowerGroup on: Success
15:02:35: ========= TestCase 3 Tear Down =========
15:04:55: ========= TestCase 4 Starting =========
15:05:05: ======== Turning PowerGroup off
15:05:05: PowerGroup._pdu_cmd(off, [5], 3) called
15:05:05: Waiting for pdu lock
15:05:05: ...lock acquired
15:05:05: HTTP POST was successfully executed
15:05:06: PowerGroup._pdu_cmd(status, [5], 3) called
15:05:06: Waiting for pdu lock
15:05:06: ...lock acquired
15:05:06: Current outlet status: {1: '1', 2: '0', 3: '0', 4: '1', 5: '0', 6: '1', 7: '1', 8: '1', 9: '1', 10: '0', 11: '0', 12: '0', 13: '0', 14: '0', 15: '0', 16: '0', 17: '1', 18: '0', 19: '0', 20: '0', 21: '0', 22: '0', 23: '0', 24: '0', 25: '0'}
15:05:06: ...lock released
15:05:06: Power outlets have been successfully turned off
15:05:06: ...lock released
15:05:06: Turning PowerGroup off: Success
15:05:22: ======== Turning PowerGroup on
15:05:22: PowerGroup._pdu_cmd(on, [5], 3) called
15:05:22: Waiting for pdu lock
15:05:22: ...lock acquired
15:05:22: Sleep 0 seconds to work around the x610 power supply issue
15:05:22: HTTP POST was successfully executed
15:05:25: PowerGroup._pdu_cmd(status, [5], 3) called
15:05:25: Waiting for pdu lock
15:05:25: ...lock acquired
15:05:25: Current outlet status: {1: '1', 2: '0', 3: '0', 4: '1', 5: '1', 6: '1', 7: '1', 8: '1', 9: '1', 10: '0', 11: '0', 12: '0', 13: '0', 14: '0', 15: '0', 16: '0', 17: '1', 18: '0', 19: '0', 20: '0', 21: '0', 22: '0', 23: '0', 24: '0', 25: '0'}
15:05:25: ...lock released
15:05:25: Power outlets have been successfully turned on
15:05:25: ...lock released
15:05:25: Turning PowerGroup on: Success
15:05:30: ========= TestCase 4 Tear Down =========
15:07:53: ======== Turning PowerGroup off
15:07:53: PowerGroup._pdu_cmd(off, [5], 3) called
15:07:53: Waiting for pdu lock
15:07:53: ...lock acquired
15:07:53: HTTP POST was successfully executed
15:07:54: PowerGroup._pdu_cmd(status, [5], 3) called
15:07:54: Waiting for pdu lock
15:07:54: ...lock acquired
15:07:54: Current outlet status: {1: '1', 2: '0', 3: '0', 4: '1', 5: '0', 6: '1', 7: '1', 8: '1', 9: '1', 10: '0', 11: '0', 12: '0', 13: '0', 14: '0', 15: '0', 16: '0', 17: '1', 18: '0', 19: '0', 20: '0', 21: '0', 22: '0', 23: '0', 24: '0', 25: '0'}
15:07:54: ...lock released
15:07:54: Power outlets have been successfully turned off
15:07:54: ...lock released
15:07:54: Turning PowerGroup off: Success
15:07:59: ======== Turning PowerGroup on
15:07:59: PowerGroup._pdu_cmd(on, [5], 3) called
15:07:59: Waiting for pdu lock
15:07:59: ...lock acquired
15:07:59: Sleep 8.793938875198364 seconds to work around the x610 power supply issue
15:08:08: HTTP POST was successfully executed
15:08:11: PowerGroup._pdu_cmd(status, [5], 3) called
15:08:11: Waiting for pdu lock
15:08:11: ...lock acquired
15:08:11: Current outlet status: {1: '1', 2: '0', 3: '0', 4: '1', 5: '1', 6: '1', 7: '1', 8: '1', 9: '1', 10: '0', 11: '0', 12: '0', 13: '0', 14: '0', 15: '0', 16: '0', 17: '1', 18: '0', 19: '0', 20: '0', 21: '0', 22: '0', 23: '0', 24: '0', 25: '0'}
15:08:11: ...lock released
15:08:11: Power outlets have been successfully turned on
15:08:11: ...lock released
15:08:11: Turning PowerGroup on: Success
15:10:24: ========= TestCase 5 Starting =========
15:10:33: ======== Turning PowerGroup off
15:10:33: PowerGroup._pdu_cmd(off, [5], 3) called
15:10:33: Waiting for pdu lock
15:10:33: ...lock acquired
15:10:33: HTTP POST was successfully executed
15:10:34: PowerGroup._pdu_cmd(status, [5], 3) called
15:10:34: Waiting for pdu lock
15:10:34: ...lock acquired
15:10:34: Current outlet status: {1: '1', 2: '0', 3: '0', 4: '1', 5: '0', 6: '1', 7: '1', 8: '1', 9: '1', 10: '0', 11: '0', 12: '0', 13: '0', 14: '0', 15: '0', 16: '0', 17: '1', 18: '0', 19: '0', 20: '0', 21: '0', 22: '0', 23: '0', 24: '0', 25: '0'}
15:10:34: ...lock released
15:10:34: Power outlets have been successfully turned off
15:10:34: ...lock released
15:10:34: Turning PowerGroup off: Success
15:10:50: ======== Turning PowerGroup on
15:10:50: PowerGroup._pdu_cmd(on, [5], 3) called
15:10:50: Waiting for pdu lock
15:10:50: ...lock acquired
15:10:50: Sleep 0 seconds to work around the x610 power supply issue
15:10:50: HTTP POST was successfully executed
15:10:53: PowerGroup._pdu_cmd(status, [5], 3) called
15:10:53: Waiting for pdu lock
15:10:53: ...lock acquired
15:10:53: Current outlet status: {1: '1', 2: '0', 3: '0', 4: '1', 5: '1', 6: '1', 7: '1', 8: '1', 9: '1', 10: '0', 11: '0', 12: '0', 13: '0', 14: '0', 15: '0', 16: '0', 17: '1', 18: '0', 19: '0', 20: '0', 21: '0', 22: '0', 23: '0', 24: '0', 25: '0'}
15:10:53: ...lock released
15:10:53: Power outlets have been successfully turned on
15:10:53: ...lock released
15:10:53: Turning PowerGroup on: Success
15:13:55: ========= TestCase 5 Tear Down =========
15:14:07: ========= TestCase 6 Starting =========
15:14:16: ======== Turning PowerGroup off
15:14:16: PowerGroup._pdu_cmd(off, [5], 3) called
15:14:16: Waiting for pdu lock
15:14:16: ...lock acquired
15:14:16: HTTP POST was successfully executed
15:14:17: PowerGroup._pdu_cmd(status, [5], 3) called
15:14:17: Waiting for pdu lock
15:14:17: ...lock acquired
15:14:17: Current outlet status: {1: '1', 2: '0', 3: '0', 4: '1', 5: '0', 6: '1', 7: '1', 8: '1', 9: '1', 10: '0', 11: '0', 12: '0', 13: '0', 14: '0', 15: '0', 16: '0', 17: '1', 18: '0', 19: '0', 20: '0', 21: '0', 22: '0', 23: '0', 24: '0', 25: '0'}
15:14:17: ...lock released
15:14:17: Power outlets have been successfully turned off
15:14:17: ...lock released
15:14:17: Turning PowerGroup off: Success
15:14:32: ======== Turning PowerGroup on
15:14:32: PowerGroup._pdu_cmd(on, [5], 3) called
15:14:32: Waiting for pdu lock
15:14:32: ...lock acquired
15:14:32: Sleep 0 seconds to work around the x610 power supply issue
15:14:32: HTTP POST was successfully executed
15:14:35: PowerGroup._pdu_cmd(status, [5], 3) called
15:14:35: Waiting for pdu lock
15:14:35: ...lock acquired
15:14:35: Current outlet status: {1: '1', 2: '0', 3: '0', 4: '1', 5: '1', 6: '1', 7: '1', 8: '1', 9: '1', 10: '0', 11: '0', 12: '0', 13: '0', 14: '0', 15: '0', 16: '0', 17: '1', 18: '0', 19: '0', 20: '0', 21: '0', 22: '0', 23: '0', 24: '0', 25: '0'}
15:14:35: ...lock released
15:14:35: Power outlets have been successfully turned on
15:14:35: ...lock released
15:14:35: Turning PowerGroup on: Success
15:14:41: ========= TestCase 6 Tear Down =========
15:17:04: ========= TestCase 7 Starting =========
15:17:14: ======== Turning PowerGroup off
15:17:14: PowerGroup._pdu_cmd(off, [5], 3) called
15:17:14: Waiting for pdu lock
15:17:14: ...lock acquired
15:17:14: HTTP POST was successfully executed
15:17:15: PowerGroup._pdu_cmd(status, [5], 3) called
15:17:15: Waiting for pdu lock
15:17:15: ...lock acquired
15:17:15: Current outlet status: {1: '1', 2: '0', 3: '0', 4: '1', 5: '0', 6: '1', 7: '1', 8: '1', 9: '1', 10: '0', 11: '0', 12: '0', 13: '0', 14: '0', 15: '0', 16: '0', 17: '1', 18: '0', 19: '0', 20: '0', 21: '0', 22: '0', 23: '0', 24: '0', 25: '0'}
15:17:15: ...lock released
15:17:15: Power outlets have been successfully turned off
15:17:15: ...lock released
15:17:15: Turning PowerGroup off: Success
15:17:30: ======== Turning PowerGroup on
15:17:30: PowerGroup._pdu_cmd(on, [5], 3) called
15:17:30: Waiting for pdu lock
15:17:30: ...lock acquired
15:17:30: Sleep 0 seconds to work around the x610 power supply issue
15:17:30: HTTP POST was successfully executed
15:17:33: PowerGroup._pdu_cmd(status, [5], 3) called
15:17:33: Waiting for pdu lock
15:17:33: ...lock acquired
15:17:33: Current outlet status: {1: '1', 2: '0', 3: '0', 4: '1', 5: '1', 6: '1', 7: '1', 8: '1', 9: '1', 10: '0', 11: '0', 12: '0', 13: '0', 14: '0', 15: '0', 16: '0', 17: '1', 18: '0', 19: '0', 20: '0', 21: '0', 22: '0', 23: '0', 24: '0', 25: '0'}
15:17:33: ...lock released
15:17:33: Power outlets have been successfully turned on
15:17:33: ...lock released
15:17:33: Turning PowerGroup on: Success
15:17:38: ======== Turning PowerGroup off
15:17:38: PowerGroup._pdu_cmd(off, [5], 3) called
15:17:38: Waiting for pdu lock
15:17:38: ...lock acquired
15:17:38: HTTP POST was successfully executed
15:17:39: PowerGroup._pdu_cmd(status, [5], 3) called
15:17:39: Waiting for pdu lock
15:17:39: ...lock acquired
15:17:39: Current outlet status: {1: '1', 2: '0', 3: '0', 4: '1', 5: '0', 6: '1', 7: '1', 8: '1', 9: '1', 10: '0', 11: '0', 12: '0', 13: '0', 14: '0', 15: '0', 16: '0', 17: '1', 18: '0', 19: '0', 20: '0', 21: '0', 22: '0', 23: '0', 24: '0', 25: '0'}
15:17:39: ...lock released
15:17:39: Power outlets have been successfully turned off
15:17:39: ...lock released
15:17:39: Turning PowerGroup off: Success
15:17:45: ======== Turning PowerGroup off
15:17:45: PowerGroup._pdu_cmd(off, [5], 3) called
15:17:45: Waiting for pdu lock
15:17:45: ...lock acquired
15:17:45: Power outlets are already in the desired state
15:17:45: ...lock released
15:17:45: Turning PowerGroup off: Success
15:17:50: ======== Turning PowerGroup off
15:17:50: PowerGroup._pdu_cmd(off, [5], 3) called
15:17:50: Waiting for pdu lock
15:17:50: ...lock acquired
15:17:50: Power outlets are already in the desired state
15:17:50: ...lock released
15:17:50: Turning PowerGroup off: Success
15:18:05: ======== Turning PowerGroup on
15:18:05: PowerGroup._pdu_cmd(on, [5], 3) called
15:18:05: Waiting for pdu lock
15:18:05: ...lock acquired
15:18:05: Sleep 0 seconds to work around the x610 power supply issue
15:18:05: HTTP POST was successfully executed
15:18:08: PowerGroup._pdu_cmd(status, [5], 3) called
15:18:08: Waiting for pdu lock
15:18:08: ...lock acquired
15:18:08: Current outlet status: {1: '1', 2: '0', 3: '0', 4: '1', 5: '1', 6: '1', 7: '1', 8: '1', 9: '1', 10: '0', 11: '0', 12: '0', 13: '0', 14: '0', 15: '0', 16: '0', 17: '1', 18: '0', 19: '0', 20: '0', 21: '0', 22: '0', 23: '0', 24: '0', 25: '0'}
15:18:08: ...lock released
15:18:08: Power outlets have been successfully turned on
15:18:08: ...lock released
15:18:08: Turning PowerGroup on: Success
15:22:32: ========= TestCase 7 Tear Down =========
15:22:43: ======== Turning PowerGroup off
15:22:43: PowerGroup._pdu_cmd(off, [5], 3) called
15:22:43: Waiting for pdu lock
15:22:43: ...lock acquired
15:22:43: HTTP POST was successfully executed
15:22:44: PowerGroup._pdu_cmd(status, [5], 3) called
15:22:44: Waiting for pdu lock
15:22:44: ...lock acquired
15:22:44: Current outlet status: {1: '1', 2: '0', 3: '0', 4: '1', 5: '0', 6: '1', 7: '1', 8: '1', 9: '1', 10: '0', 11: '0', 12: '0', 13: '0', 14: '0', 15: '0', 16: '0', 17: '1', 18: '0', 19: '0', 20: '0', 21: '0', 22: '0', 23: '0', 24: '0', 25: '0'}
15:22:44: ...lock released
15:22:44: Power outlets have been successfully turned off
15:22:44: ...lock released
15:22:44: Turning PowerGroup off: Success
15:22:50: ======== Turning PowerGroup on
15:22:50: PowerGroup._pdu_cmd(on, [5], 3) called
15:22:50: Waiting for pdu lock
15:22:50: ...lock acquired
15:22:50: Sleep 7.789463996887207 seconds to work around the x610 power supply issue
15:22:58: HTTP POST was successfully executed
15:23:01: PowerGroup._pdu_cmd(status, [5], 3) called
15:23:01: Waiting for pdu lock
15:23:01: ...lock acquired
15:23:01: Current outlet status: {1: '1', 2: '0', 3: '0', 4: '1', 5: '1', 6: '1', 7: '1', 8: '1', 9: '1', 10: '0', 11: '0', 12: '0', 13: '0', 14: '0', 15: '0', 16: '0', 17: '1', 18: '0', 19: '0', 20: '0', 21: '0', 22: '0', 23: '0', 24: '0', 25: '0'}
15:23:01: ...lock released
15:23:01: Power outlets have been successfully turned on
15:23:01: ...lock released
15:23:01: Turning PowerGroup on: Success
15:25:19: ========= TestCase 8 Starting =========
15:25:29: ======== Turning PowerGroup off
15:25:29: PowerGroup._pdu_cmd(off, [5], 3) called
15:25:29: Waiting for pdu lock
15:25:29: ...lock acquired
15:25:29: HTTP POST was successfully executed
15:25:30: PowerGroup._pdu_cmd(status, [5], 3) called
15:25:30: Waiting for pdu lock
15:25:30: ...lock acquired
15:25:30: Current outlet status: {1: '1', 2: '0', 3: '0', 4: '1', 5: '0', 6: '1', 7: '1', 8: '1', 9: '1', 10: '0', 11: '0', 12: '0', 13: '0', 14: '0', 15: '0', 16: '0', 17: '1', 18: '0', 19: '0', 20: '0', 21: '0', 22: '0', 23: '0', 24: '0', 25: '0'}
15:25:30: ...lock released
15:25:30: Power outlets have been successfully turned off
15:25:30: ...lock released
15:25:30: Turning PowerGroup off: Success
15:25:45: ======== Turning PowerGroup on
15:25:45: PowerGroup._pdu_cmd(on, [5], 3) called
15:25:45: Waiting for pdu lock
15:25:45: ...lock acquired
15:25:45: Sleep 0 seconds to work around the x610 power supply issue
15:25:45: HTTP POST was successfully executed
15:25:48: PowerGroup._pdu_cmd(status, [5], 3) called
15:25:48: Waiting for pdu lock
15:25:48: ...lock acquired
15:25:48: Current outlet status: {1: '1', 2: '0', 3: '0', 4: '1', 5: '1', 6: '1', 7: '1', 8: '1', 9: '1', 10: '0', 11: '0', 12: '0', 13: '0', 14: '0', 15: '0', 16: '0', 17: '1', 18: '0', 19: '0', 20: '0', 21: '0', 22: '0', 23: '0', 24: '0', 25: '0'}
15:25:48: ...lock released
15:25:48: Power outlets have been successfully turned on
15:25:48: ...lock released
15:25:48: Turning PowerGroup on: Success
15:28:02: ========= TestCase 8 Tear Down =========
15:28:13: ========= TestCase 9 Starting =========
15:28:22: ======== Turning PowerGroup off
15:28:22: PowerGroup._pdu_cmd(off, [5], 3) called
15:28:22: Waiting for pdu lock
15:28:22: ...lock acquired
15:28:22: HTTP POST was successfully executed
15:28:23: PowerGroup._pdu_cmd(status, [5], 3) called
15:28:23: Waiting for pdu lock
15:28:23: ...lock acquired
15:28:23: Current outlet status: {1: '1', 2: '0', 3: '0', 4: '1', 5: '0', 6: '1', 7: '1', 8: '1', 9: '1', 10: '0', 11: '0', 12: '0', 13: '0', 14: '0', 15: '0', 16: '0', 17: '1', 18: '0', 19: '0', 20: '0', 21: '0', 22: '0', 23: '0', 24: '0', 25: '0'}
15:28:23: ...lock released
15:28:23: Power outlets have been successfully turned off
15:28:23: ...lock released
15:28:23: Turning PowerGroup off: Success
15:28:39: ======== Turning PowerGroup on
15:28:39: PowerGroup._pdu_cmd(on, [5], 3) called
15:28:39: Waiting for pdu lock
15:28:39: ...lock acquired
15:28:39: Sleep 0 seconds to work around the x610 power supply issue
15:28:39: HTTP POST was successfully executed
15:28:42: PowerGroup._pdu_cmd(status, [5], 3) called
15:28:42: Waiting for pdu lock
15:28:42: ...lock acquired
15:28:42: Current outlet status: {1: '1', 2: '0', 3: '0', 4: '1', 5: '1', 6: '1', 7: '1', 8: '1', 9: '1', 10: '0', 11: '0', 12: '0', 13: '0', 14: '0', 15: '0', 16: '0', 17: '1', 18: '0', 19: '0', 20: '0', 21: '0', 22: '0', 23: '0', 24: '0', 25: '0'}
15:28:42: ...lock released
15:28:42: Power outlets have been successfully turned on
15:28:42: ...lock released
15:28:42: Turning PowerGroup on: Success
15:31:00: ========= TestCase 9 Tear Down =========
15:31:11: ========= TestCase 12 Starting =========
15:31:19: ========= TestCase 12 Tear Down =========
15:31:23: ========= TestCase 13 Starting =========
15:31:32: ======== Turning PowerGroup off
15:31:32: PowerGroup._pdu_cmd(off, [5], 3) called
15:31:32: Waiting for pdu lock
15:31:32: ...lock acquired
15:31:32: HTTP POST was successfully executed
15:31:33: PowerGroup._pdu_cmd(status, [5], 3) called
15:31:33: Waiting for pdu lock
15:31:33: ...lock acquired
15:31:33: Current outlet status: {1: '1', 2: '0', 3: '0', 4: '1', 5: '0', 6: '1', 7: '1', 8: '1', 9: '1', 10: '0', 11: '0', 12: '0', 13: '0', 14: '0', 15: '0', 16: '0', 17: '1', 18: '0', 19: '0', 20: '0', 21: '0', 22: '0', 23: '0', 24: '0', 25: '0'}
15:31:33: ...lock released
15:31:33: Power outlets have been successfully turned off
15:31:33: ...lock released
15:31:33: Turning PowerGroup off: Success
15:31:48: ======== Turning PowerGroup on
15:31:48: PowerGroup._pdu_cmd(on, [5], 3) called
15:31:48: Waiting for pdu lock
15:31:48: ...lock acquired
15:31:48: Sleep 0 seconds to work around the x610 power supply issue
15:31:48: HTTP POST was successfully executed
15:31:51: PowerGroup._pdu_cmd(status, [5], 3) called
15:31:52: Waiting for pdu lock
15:31:52: ...lock acquired
15:31:52: Current outlet status: {1: '1', 2: '0', 3: '0', 4: '1', 5: '1', 6: '1', 7: '1', 8: '1', 9: '1', 10: '0', 11: '0', 12: '0', 13: '0', 14: '0', 15: '0', 16: '0', 17: '1', 18: '0', 19: '0', 20: '0', 21: '0', 22: '0', 23: '0', 24: '0', 25: '0'}
15:31:52: ...lock released
15:31:52: Power outlets have been successfully turned on
15:31:52: ...lock released
15:31:52: Turning PowerGroup on: Success
15:34:31: ========= TestCase 13 Tear Down =========
15:34:35: ========= TestCase 14 Starting =========
15:34:44: ======== Turning PowerGroup off
15:34:44: PowerGroup._pdu_cmd(off, [5], 3) called
15:34:44: Waiting for pdu lock
15:34:44: ...lock acquired
15:34:44: HTTP POST was successfully executed
15:34:45: PowerGroup._pdu_cmd(status, [5], 3) called
15:34:45: Waiting for pdu lock
15:34:46: ...lock acquired
15:34:46: Current outlet status: {1: '1', 2: '0', 3: '0', 4: '1', 5: '0', 6: '1', 7: '1', 8: '1', 9: '1', 10: '0', 11: '0', 12: '0', 13: '0', 14: '0', 15: '0', 16: '0', 17: '1', 18: '0', 19: '0', 20: '0', 21: '0', 22: '0', 23: '0', 24: '0', 25: '0'}
15:34:46: ...lock released
15:34:46: Power outlets have been successfully turned off
15:34:46: ...lock released
15:34:46: Turning PowerGroup off: Success
15:35:01: ======== Turning PowerGroup on
15:35:01: PowerGroup._pdu_cmd(on, [5], 3) called
15:35:01: Waiting for pdu lock
15:35:01: ...lock acquired
15:35:01: Sleep 0 seconds to work around the x610 power supply issue
15:35:01: HTTP POST was successfully executed
15:35:04: PowerGroup._pdu_cmd(status, [5], 3) called
15:35:04: Waiting for pdu lock
15:35:04: ...lock acquired
15:35:04: Current outlet status: {1: '1', 2: '0', 3: '0', 4: '1', 5: '1', 6: '1', 7: '1', 8: '1', 9: '1', 10: '0', 11: '0', 12: '0', 13: '0', 14: '0', 15: '0', 16: '0', 17: '1', 18: '0', 19: '0', 20: '0', 21: '0', 22: '0', 23: '0', 24: '0', 25: '0'}
15:35:04: ...lock released
15:35:04: Power outlets have been successfully turned on
15:35:04: ...lock released
15:35:04: Turning PowerGroup on: Success
15:35:39: ======== Turning PowerGroup off
15:35:39: PowerGroup._pdu_cmd(off, [5], 3) called
15:35:39: Waiting for pdu lock
15:35:39: ...lock acquired
15:35:39: HTTP POST was successfully executed
15:35:40: PowerGroup._pdu_cmd(status, [5], 3) called
15:35:40: Waiting for pdu lock
15:35:40: ...lock acquired
15:35:40: Current outlet status: {1: '1', 2: '0', 3: '0', 4: '1', 5: '0', 6: '1', 7: '1', 8: '1', 9: '1', 10: '0', 11: '0', 12: '0', 13: '0', 14: '0', 15: '0', 16: '0', 17: '1', 18: '0', 19: '0', 20: '0', 21: '0', 22: '0', 23: '0', 24: '0', 25: '0'}
15:35:40: ...lock released
15:35:40: Power outlets have been successfully turned off
15:35:40: ...lock released
15:35:40: Turning PowerGroup off: Success
15:35:46: ======== Turning PowerGroup off
15:35:46: PowerGroup._pdu_cmd(off, [5], 3) called
15:35:46: Waiting for pdu lock
15:35:46: ...lock acquired
15:35:46: Power outlets are already in the desired state
15:35:46: ...lock released
15:35:46: Turning PowerGroup off: Success
15:35:51: ======== Turning PowerGroup off
15:35:51: PowerGroup._pdu_cmd(off, [5], 3) called
15:35:51: Waiting for pdu lock
15:35:51: ...lock acquired
15:35:51: Power outlets are already in the desired state
15:35:51: ...lock released
15:35:51: Turning PowerGroup off: Success
15:36:06: ======== Turning PowerGroup on
15:36:06: PowerGroup._pdu_cmd(on, [5], 3) called
15:36:06: Waiting for pdu lock
15:36:06: ...lock acquired
15:36:07: Sleep 0 seconds to work around the x610 power supply issue
15:36:07: HTTP POST was successfully executed
15:36:10: PowerGroup._pdu_cmd(status, [5], 3) called
15:36:10: Waiting for pdu lock
15:36:10: ...lock acquired
15:36:10: Current outlet status: {1: '1', 2: '0', 3: '0', 4: '1', 5: '1', 6: '1', 7: '1', 8: '1', 9: '1', 10: '0', 11: '0', 12: '0', 13: '0', 14: '0', 15: '0', 16: '0', 17: '1', 18: '0', 19: '0', 20: '0', 21: '0', 22: '0', 23: '0', 24: '0', 25: '0'}
15:36:10: ...lock released
15:36:10: Power outlets have been successfully turned on
15:36:10: ...lock released
15:36:10: Turning PowerGroup on: Success
15:40:31: ========= TestCase 14 Tear Down =========
15:40:34: ======== Turning PowerGroup off
15:40:34: PowerGroup._pdu_cmd(off, [5], 3) called
15:40:34: Waiting for pdu lock
15:40:34: ...lock acquired
15:40:34: HTTP POST was successfully executed
15:40:35: PowerGroup._pdu_cmd(status, [5], 3) called
15:40:35: Waiting for pdu lock
15:40:35: ...lock acquired
15:40:35: Current outlet status: {1: '1', 2: '0', 3: '0', 4: '1', 5: '0', 6: '1', 7: '1', 8: '1', 9: '1', 10: '0', 11: '0', 12: '0', 13: '0', 14: '0', 15: '0', 16: '0', 17: '1', 18: '0', 19: '0', 20: '0', 21: '0', 22: '0', 23: '0', 24: '0', 25: '0'}
15:40:35: ...lock released
15:40:35: Power outlets have been successfully turned off
15:40:35: ...lock released
15:40:35: Turning PowerGroup off: Success
15:40:41: ======== Turning PowerGroup on
15:40:41: PowerGroup._pdu_cmd(on, [5], 3) called
15:40:41: Waiting for pdu lock
15:40:41: ...lock acquired
15:40:41: Sleep 7.7300331592559814 seconds to work around the x610 power supply issue
15:40:49: HTTP POST was successfully executed
15:40:52: PowerGroup._pdu_cmd(status, [5], 3) called
15:40:52: Waiting for pdu lock
15:40:52: ...lock acquired
15:40:52: Current outlet status: {1: '1', 2: '0', 3: '0', 4: '1', 5: '1', 6: '1', 7: '1', 8: '1', 9: '1', 10: '0', 11: '0', 12: '0', 13: '0', 14: '0', 15: '0', 16: '0', 17: '1', 18: '0', 19: '0', 20: '0', 21: '0', 22: '0', 23: '0', 24: '0', 25: '0'}
15:40:52: ...lock released
15:40:52: Power outlets have been successfully turned on
15:40:52: ...lock released
15:40:52: Turning PowerGroup on: Success
15:43:08: ========= TestCase 15 Starting =========
15:43:17: ======== Turning PowerGroup off
15:43:17: PowerGroup._pdu_cmd(off, [5], 3) called
15:43:17: Waiting for pdu lock
15:43:17: ...lock acquired
15:43:17: HTTP POST was successfully executed
15:43:18: PowerGroup._pdu_cmd(status, [5], 3) called
15:43:18: Waiting for pdu lock
15:43:18: ...lock acquired
15:43:18: Current outlet status: {1: '1', 2: '0', 3: '0', 4: '1', 5: '0', 6: '1', 7: '1', 8: '1', 9: '1', 10: '0', 11: '0', 12: '0', 13: '0', 14: '0', 15: '0', 16: '0', 17: '1', 18: '0', 19: '0', 20: '0', 21: '0', 22: '0', 23: '0', 24: '0', 25: '0'}
15:43:18: ...lock released
15:43:18: Power outlets have been successfully turned off
15:43:18: ...lock released
15:43:18: Turning PowerGroup off: Success
15:43:34: ======== Turning PowerGroup on
15:43:34: PowerGroup._pdu_cmd(on, [5], 3) called
15:43:34: Waiting for pdu lock
15:43:34: ...lock acquired
15:43:34: Sleep 0 seconds to work around the x610 power supply issue
15:43:34: HTTP POST was successfully executed
15:43:37: PowerGroup._pdu_cmd(status, [5], 3) called
15:43:37: Waiting for pdu lock
15:43:37: ...lock acquired
15:43:37: Current outlet status: {1: '1', 2: '0', 3: '0', 4: '1', 5: '1', 6: '1', 7: '1', 8: '1', 9: '1', 10: '0', 11: '0', 12: '0', 13: '0', 14: '0', 15: '0', 16: '0', 17: '1', 18: '0', 19: '0', 20: '0', 21: '0', 22: '0', 23: '0', 24: '0', 25: '0'}
15:43:37: ...lock released
15:43:37: Power outlets have been successfully turned on
15:43:38: ...lock released
15:43:38: Turning PowerGroup on: Success
15:46:24: ========= TestCase 15 Tear Down =========
15:46:27: ========= TestCase 11 Starting =========
15:46:37: ======== Turning PowerGroup off
15:46:37: PowerGroup._pdu_cmd(off, [5], 3) called
15:46:37: Waiting for pdu lock
15:46:37: ...lock acquired
15:46:37: HTTP POST was successfully executed
15:46:39: PowerGroup._pdu_cmd(status, [5], 3) called
15:46:39: Waiting for pdu lock
15:46:39: ...lock acquired
15:46:39: Current outlet status: {1: '1', 2: '0', 3: '0', 4: '1', 5: '0', 6: '1', 7: '1', 8: '1', 9: '1', 10: '0', 11: '0', 12: '0', 13: '0', 14: '0', 15: '0', 16: '0', 17: '1', 18: '0', 19: '0', 20: '0', 21: '0', 22: '0', 23: '0', 24: '0', 25: '0'}
15:46:39: ...lock released
15:46:39: Power outlets have been successfully turned off
15:46:39: ...lock released
15:46:39: Turning PowerGroup off: Success
15:46:54: ======== Turning PowerGroup on
15:46:54: PowerGroup._pdu_cmd(on, [5], 3) called
15:46:54: Waiting for pdu lock
15:46:54: ...lock acquired
15:46:54: Sleep 0 seconds to work around the x610 power supply issue
15:46:54: HTTP POST was successfully executed
15:46:57: PowerGroup._pdu_cmd(status, [5], 3) called
15:46:57: Waiting for pdu lock
15:46:57: ...lock acquired
15:46:57: Current outlet status: {1: '1', 2: '0', 3: '0', 4: '1', 5: '1', 6: '1', 7: '1', 8: '1', 9: '1', 10: '0', 11: '0', 12: '0', 13: '0', 14: '0', 15: '0', 16: '0', 17: '1', 18: '0', 19: '0', 20: '0', 21: '0', 22: '0', 23: '0', 24: '0', 25: '0'}
15:46:57: ...lock released
15:46:57: Power outlets have been successfully turned on
15:46:57: ...lock released
15:46:57: Turning PowerGroup on: Success
16:25:02: ========= TestCase 11 Tear Down =========
16:25:12: ========= TestCase 10 Starting =========
16:25:27: ======== Turning PowerGroup off
16:25:27: PowerGroup._pdu_cmd(off, [5], 3) called
16:25:27: Waiting for pdu lock
16:25:27: ...lock acquired
16:25:27: HTTP POST was successfully executed
16:25:28: PowerGroup._pdu_cmd(status, [5], 3) called
16:25:28: Waiting for pdu lock
16:25:28: ...lock acquired
16:25:29: Current outlet status: {1: '1', 2: '0', 3: '0', 4: '1', 5: '0', 6: '1', 7: '1', 8: '1', 9: '1', 10: '0', 11: '0', 12: '0', 13: '0', 14: '0', 15: '0', 16: '0', 17: '1', 18: '0', 19: '0', 20: '0', 21: '0', 22: '0', 23: '0', 24: '0', 25: '0'}
16:25:29: ...lock released
16:25:29: Power outlets have been successfully turned off
16:25:29: ...lock released
16:25:29: Turning PowerGroup off: Success
16:25:45: ======== Turning PowerGroup on
16:25:45: PowerGroup._pdu_cmd(on, [5], 3) called
16:25:45: Waiting for pdu lock
16:25:45: ...lock acquired
16:25:45: Sleep 0 seconds to work around the x610 power supply issue
16:25:45: HTTP POST was successfully executed
16:25:48: PowerGroup._pdu_cmd(status, [5], 3) called
16:25:48: Waiting for pdu lock
16:25:48: ...lock acquired
16:25:48: Current outlet status: {1: '1', 2: '0', 3: '0', 4: '1', 5: '1', 6: '1', 7: '1', 8: '1', 9: '1', 10: '0', 11: '0', 12: '0', 13: '0', 14: '0', 15: '0', 16: '0', 17: '1', 18: '0', 19: '0', 20: '0', 21: '0', 22: '0', 23: '0', 24: '0', 25: '0'}
16:25:48: ...lock released
16:25:48: Power outlets have been successfully turned on
16:25:48: ...lock released
16:25:48: Turning PowerGroup on: Success
19:26:25: ======== Turning PowerGroup off
19:26:25: PowerGroup._pdu_cmd(off, [5], 3) called
19:26:25: Waiting for pdu lock
19:26:25: ...lock acquired
19:26:25: HTTP POST was successfully executed
19:26:26: PowerGroup._pdu_cmd(status, [5], 3) called
19:26:26: Waiting for pdu lock
19:26:26: ...lock acquired
19:26:26: Current outlet status: {1: '1', 2: '0', 3: '0', 4: '1', 5: '0', 6: '1', 7: '1', 8: '1', 9: '1', 10: '0', 11: '0', 12: '0', 13: '0', 14: '0', 15: '0', 16: '0', 17: '1', 18: '0', 19: '0', 20: '0', 21: '0', 22: '0', 23: '0', 24: '0', 25: '0'}
19:26:26: ...lock released
19:26:26: Power outlets have been successfully turned off
19:26:26: ...lock released
19:26:26: Turning PowerGroup off: Success
19:26:31: ======== Turning PowerGroup off
19:26:31: PowerGroup._pdu_cmd(off, [5], 3) called
19:26:31: Waiting for pdu lock
19:26:31: ...lock acquired
19:26:31: Power outlets are already in the desired state
19:26:31: ...lock released
19:26:31: Turning PowerGroup off: Success
19:26:36: ======== Turning PowerGroup off
19:26:36: PowerGroup._pdu_cmd(off, [5], 3) called
19:26:36: Waiting for pdu lock
19:26:36: ...lock acquired
19:26:36: Power outlets are already in the desired state
19:26:36: ...lock released
19:26:36: Turning PowerGroup off: Success
19:26:51: ======== Turning PowerGroup on
19:26:51: PowerGroup._pdu_cmd(on, [5], 3) called
19:26:51: Waiting for pdu lock
19:26:51: ...lock acquired
19:26:51: Sleep 0 seconds to work around the x610 power supply issue
19:26:51: HTTP POST was successfully executed
19:26:54: PowerGroup._pdu_cmd(status, [5], 3) called
19:26:54: Waiting for pdu lock
19:26:54: ...lock acquired
19:26:54: Current outlet status: {1: '1', 2: '0', 3: '0', 4: '1', 5: '1', 6: '1', 7: '1', 8: '1', 9: '1', 10: '0', 11: '0', 12: '0', 13: '0', 14: '0', 15: '0', 16: '0', 17: '1', 18: '0', 19: '0', 20: '0', 21: '0', 22: '0', 23: '0', 24: '0', 25: '0'}
19:26:54: ...lock released
19:26:54: Power outlets have been successfully turned on
19:26:54: ...lock released
19:26:54: Turning PowerGroup on: Success
