14:36:08: Waiting for pdu lock
14:36:08: ...lock acquired
14:36:08: (10.36.150.14, 5): status is ON
14:36:08: ...lock released
14:52:34: ========= TestCase 1 Starting =========
14:52:41: Waiting for pdu lock
14:52:41: ...lock acquired
14:52:41: (10.36.150.14, 5): status is ON
14:52:41: ...lock released
14:58:32: ========= TestCase 1 Tear Down =========
14:58:44: ========= TestCase 2 Starting =========
14:58:50: Waiting for pdu lock
14:58:50: ...lock acquired
14:58:50: (10.36.150.14, 5): status is ON
14:58:50: ...lock released
15:01:46: ========= TestCase 2 Tear Down =========
15:01:58: ========= TestCase 3 Starting =========
15:02:04: Waiting for pdu lock
15:02:04: ...lock acquired
15:02:04: (10.36.150.14, 5): status is ON
15:02:04: ...lock released
15:02:35: ========= TestCase 3 Tear Down =========
15:04:55: ========= TestCase 4 Starting =========
15:05:02: Waiting for pdu lock
15:05:02: ...lock acquired
15:05:02: (10.36.150.14, 5): status is ON
15:05:02: ...lock released
15:05:30: ========= TestCase 4 Tear Down =========
15:10:24: ========= TestCase 5 Starting =========
15:10:30: Waiting for pdu lock
15:10:30: ...lock acquired
15:10:30: (10.36.150.14, 5): status is ON
15:10:30: ...lock released
15:13:55: ========= TestCase 5 Tear Down =========
15:14:07: ========= TestCase 6 Starting =========
15:14:13: Waiting for pdu lock
15:14:13: ...lock acquired
15:14:13: (10.36.150.14, 5): status is ON
15:14:13: ...lock released
15:14:40: ========= TestCase 6 Tear Down =========
15:17:04: ========= TestCase 7 Starting =========
15:17:11: Waiting for pdu lock
15:17:11: ...lock acquired
15:17:11: (10.36.150.14, 5): status is ON
15:17:11: ...lock released
15:17:50: Waiting for pdu lock
15:17:50: ...lock acquired
15:17:50: (10.36.150.14, 5): status is OFF
15:17:50: ...lock released
15:22:31: ========= TestCase 7 Tear Down =========
15:25:19: ========= TestCase 8 Starting =========
15:25:26: Waiting for pdu lock
15:25:26: ...lock acquired
15:25:26: (10.36.150.14, 5): status is ON
15:25:26: ...lock released
15:28:02: ========= TestCase 8 Tear Down =========
15:28:13: ========= TestCase 9 Starting =========
15:28:19: Waiting for pdu lock
15:28:19: ...lock acquired
15:28:19: (10.36.150.14, 5): status is ON
15:28:19: ...lock released
15:31:00: ========= TestCase 9 Tear Down =========
15:31:11: ========= TestCase 12 Starting =========
15:31:19: ========= TestCase 12 Tear Down =========
15:31:23: ========= TestCase 13 Starting =========
15:31:29: Waiting for pdu lock
15:31:29: ...lock acquired
15:31:29: (10.36.150.14, 5): status is ON
15:31:29: ...lock released
15:34:31: ========= TestCase 13 Tear Down =========
15:34:35: ========= TestCase 14 Starting =========
15:34:41: Waiting for pdu lock
15:34:41: ...lock acquired
15:34:41: (10.36.150.14, 5): status is ON
15:34:41: ...lock released
15:35:51: Waiting for pdu lock
15:35:51: ...lock acquired
15:35:51: (10.36.150.14, 5): status is OFF
15:35:51: ...lock released
15:40:31: ========= TestCase 14 Tear Down =========
15:43:08: ========= TestCase 15 Starting =========
15:43:14: Waiting for pdu lock
15:43:14: ...lock acquired
15:43:14: (10.36.150.14, 5): status is ON
15:43:14: ...lock released
15:46:24: ========= TestCase 15 Tear Down =========
15:46:27: ========= TestCase 11 Starting =========
15:46:34: Waiting for pdu lock
15:46:34: ...lock acquired
15:46:34: (10.36.150.14, 5): status is ON
15:46:34: ...lock released
16:25:02: ========= TestCase 11 Tear Down =========
16:25:12: ========= TestCase 10 Starting =========
16:25:24: Waiting for pdu lock
16:25:24: ...lock acquired
16:25:24: (10.36.150.14, 5): status is ON
16:25:24: ...lock released
19:26:36: Waiting for pdu lock
19:26:36: ...lock acquired
19:26:36: (10.36.150.14, 5): status is OFF
19:26:36: ...lock released
