### 14:34:03 counters before any burst
14:34:07 >>> show interface port3.0.13,port1.0.2,port1.0.9,port1.0.13,port4.0.9,port4.0.26 | include Interface|output packets
show interface port3.0.13,port1.0.2,port1.0.9,port1.0.13,port4.0.9,por

t4.0.26 | include Interface|output packets

Interface port3.0.13
    output packets 12908, bytes 1263782, multicast packets 390, broadcast packets 70
Interface port1.0.2
    output packets 1186, bytes 113442, multicast packets 339, broadcast packets 37
Interface port1.0.9
    output packets 10750, bytes 1066927, multicast packets 203, broadcast packets 19
Interface port1.0.13
    output packets 552, bytes 48568, multicast packets 299, broadcast packets 37
Interface port4.0.9
    output packets 6779, bytes 641573, multicast packets 208, broadcast packets 34
Interface port4.0.26
    output packets 1274, bytes 121670, multicast packets 182, broadcast packets 1
14:34:10 sent 100 x ip10 src=00:00:5e:00:53:01 dst=00:00:5e:00:53:ff vlan=None outer=None on eth1 in 0.52s
### 14:34:13 counters after ip10
14:34:17 >>> show interface port3.0.13,port1.0.2,port1.0.9,port1.0.13,port4.0.9,port4.0.26 | include Interface|output packets
show interface port3.0.13,port1.0.2,port1.0.9,port1.0.13,port4.0.9,por

t4.0.26 | include Interface|output packets

Interface port3.0.13
    output packets 12968, bytes 1269782, multicast packets 390, broadcast packets 70
Interface port1.0.2
    output packets 1346, bytes 128562, multicast packets 339, broadcast packets 37
Interface port1.0.9
    output packets 10860, bytes 1076527, multicast packets 203, broadcast packets 19
Interface port1.0.13
    output packets 562, bytes 49568, multicast packets 299, broadcast packets 37
Interface port4.0.9
    output packets 6929, bytes 655693, multicast packets 208, broadcast packets 34
Interface port4.0.26
    output packets 1294, bytes 123670, multicast packets 182, broadcast packets 1
14:34:21 sent 100 x ip20 src=00:00:5e:00:53:01 dst=00:00:5e:00:53:ff vlan=None outer=None on eth1 in 0.50s
### 14:34:23 counters after ip20
14:34:27 >>> show interface port3.0.13,port1.0.2,port1.0.9,port1.0.13,port4.0.9,port4.0.26 | include Interface|output packets
show interface port3.0.13,port1.0.2,port1.0.9,port1.0.13,port4.0.9,por

t4.0.26 | include Interface|output packets

Interface port3.0.13
    output packets 13029, bytes 1275850, multicast packets 391, broadcast packets 70
Interface port1.0.2
    output packets 1506, bytes 143682, multicast packets 339, broadcast packets 37
Interface port1.0.9
    output packets 10870, bytes 1077527, multicast packets 203, broadcast packets 19
Interface port1.0.13
    output packets 672, bytes 59168, multicast packets 299, broadcast packets 37
Interface port4.0.9
    output packets 7079, bytes 669813, multicast packets 208, broadcast packets 34
Interface port4.0.26
    output packets 1315, bytes 125770, multicast packets 182, broadcast packets 1
14:34:31 sent 100 x ipx src=00:00:5e:00:53:01 dst=00:00:5e:00:53:ff vlan=None outer=None on eth1 in 0.44s
### 14:34:33 counters after ipx
14:34:37 >>> show interface port3.0.13,port1.0.2,port1.0.9,port1.0.13,port4.0.9,port4.0.26 | include Interface|output packets
show interface port3.0.13,port1.0.2,port1.0.9,port1.0.13,port4.0.9,por

t4.0.26 | include Interface|output packets

Interface port3.0.13
    output packets 13092, bytes 1282150, multicast packets 391, broadcast packets 70
Interface port1.0.2
    output packets 1670, bytes 156977, multicast packets 340, broadcast packets 37
Interface port1.0.9
    output packets 10982, bytes 1085094, multicast packets 204, broadcast packets 19
Interface port1.0.13
    output packets 684, bytes 60336, multicast packets 300, broadcast packets 37
Interface port4.0.9
    output packets 7233, bytes 682108, multicast packets 209, broadcast packets 34
Interface port4.0.26
    output packets 1336, bytes 127838, multicast packets 183, broadcast packets 1
14:34:41 sent 100 x ipv6 src=00:00:5e:00:53:01 dst=00:00:5e:00:53:ff vlan=None outer=None on eth1 in 0.49s
### 14:34:43 counters after ipv6
14:34:48 >>> show interface port3.0.13,port1.0.2,port1.0.9,port1.0.13,port4.0.9,port4.0.26 | include Interface|output packets
show interface port3.0.13,port1.0.2,port1.0.9,port1.0.13,port4.0.9,por

t4.0.26 | include Interface|output packets

Interface port3.0.13
    output packets 13155, bytes 1288450, multicast packets 391, broadcast packets 70
Interface port1.0.2
    output packets 1833, bytes 174401, multicast packets 340, broadcast packets 37
Interface port1.0.9
    output packets 10992, bytes 1086094, multicast packets 204, broadcast packets 19
Interface port1.0.13
    output packets 794, bytes 71936, multicast packets 300, broadcast packets 37
Interface port4.0.9
    output packets 7385, bytes 698432, multicast packets 209, broadcast packets 34
Interface port4.0.26
    output packets 1357, bytes 129938, multicast packets 183, broadcast packets 1
14:34:51 sent 100 x other src=00:00:5e:00:53:01 dst=00:00:5e:00:53:ff vlan=None outer=None on eth1 in 0.42s
### 14:34:53 counters after other
14:34:58 >>> show interface port3.0.13,port1.0.2,port1.0.9,port1.0.13,port4.0.9,port4.0.26 | include Interface|output packets
show interface port3.0.13,port1.0.2,port1.0.9,port1.0.13,port4.0.9,por

t4.0.26 | include Interface|output packets

Interface port3.0.13
    output packets 13216, bytes 1294518, multicast packets 392, broadcast packets 70
Interface port1.0.2
    output packets 1994, bytes 186988, multicast packets 341, broadcast packets 37
Interface port1.0.9
    output packets 11002, bytes 1087094, multicast packets 204, broadcast packets 19
Interface port1.0.13
    output packets 804, bytes 72936, multicast packets 300, broadcast packets 37
Interface port4.0.9
    output packets 7535, bytes 709952, multicast packets 209, broadcast packets 34
Interface port4.0.26
    output packets 1477, bytes 138338, multicast packets 183, broadcast packets 1
### tcpdump logs
tcpdump: listening on eth3, link-type EN10MB (Ethernet), snapshot length 262144 bytes
500 packets captured
500 packets received by filter
0 packets dropped by kernel
tcpdump: listening on eth2, link-type EN10MB (Ethernet), snapshot length 262144 bytes
200 packets captured
200 packets received by filter
0 packets dropped by kernel
### captures
### /tmp/ckvlan/18252-s1-eth3.pcap: 500 frames
    100  marker=s1ip10     tags=210         type=0x0800 dst=00:00:5e:00:53:ff src=00:00:5e:00:53:01
    100  marker=s1ip20     tags=220         type=0x0800 dst=00:00:5e:00:53:ff src=00:00:5e:00:53:01
    100  marker=s1ipv6     tags=220         type=0x86dd dst=00:00:5e:00:53:ff src=00:00:5e:00:53:01
    100  marker=s1ipx      tags=210         type=0x8137 dst=00:00:5e:00:53:ff src=00:00:5e:00:53:01
    100  marker=s1other    tags=none        type=0x88b5 dst=00:00:5e:00:53:ff src=00:00:5e:00:53:01
### /tmp/ckvlan/18252-s1-eth2.pcap: 200 frames
    100  marker=s1ip20     tags=none        type=0x0800 dst=00:00:5e:00:53:ff src=00:00:5e:00:53:01
    100  marker=s1ipv6     tags=none        type=0x86dd dst=00:00:5e:00:53:ff src=00:00:5e:00:53:01
