### 14:36:08 counters before any burst
14:36:13 >>> show interface port3.0.13,port1.0.2,port1.0.9,port1.0.13,port4.0.9,port4.0.26 | include Interface|output packets
show interface port3.0.13,port1.0.2,port1.0.9,port1.0.13,port4.0.9,por

t4.0.26 | include Interface|output packets

Interface port3.0.13
    output packets 13665, bytes 1339374, multicast packets 396, broadcast packets 71
Interface port1.0.2
    output packets 2443, bytes 232730, multicast packets 345, broadcast packets 38
Interface port1.0.9
    output packets 11079, bytes 1094695, multicast packets 207, broadcast packets 19
Interface port1.0.13
    output packets 881, bytes 80540, multicast packets 303, broadcast packets 37
Interface port4.0.9
    output packets 7911, bytes 748361, multicast packets 214, broadcast packets 35
Interface port4.0.26
    output packets 1630, bytes 153534, multicast packets 187, broadcast packets 2
14:36:16 sent 100 x ip10 src=00:00:5e:00:53:02 dst=00:00:5e:00:53:ff vlan=None outer=None on eth3 in 0.51s
### 14:36:18 counters after ip10
14:36:23 >>> show interface port3.0.13,port1.0.2,port1.0.9,port1.0.13,port4.0.9,port4.0.26 | include Interface|output packets
show interface port3.0.13,port1.0.2,port1.0.9,port1.0.13,port4.0.9,por

t4.0.26 | include Interface|output packets

Interface port3.0.13
    output packets 13826, bytes 1354042, multicast packets 397, broadcast packets 71
Interface port1.0.2
    output packets 2503, bytes 238850, multicast packets 345, broadcast packets 38
Interface port1.0.9
    output packets 11189, bytes 1104295, multicast packets 207, broadcast packets 19
Interface port1.0.13
    output packets 891, bytes 81540, multicast packets 303, broadcast packets 37
Interface port4.0.9
    output packets 8061, bytes 762481, multicast packets 214, broadcast packets 35
Interface port4.0.26
    output packets 1650, bytes 155534, multicast packets 187, broadcast packets 2
14:36:26 sent 100 x ip20 src=00:00:5e:00:53:02 dst=00:00:5e:00:53:ff vlan=None outer=None on eth3 in 0.46s
### 14:36:28 counters after ip20
14:36:33 >>> show interface port3.0.13,port1.0.2,port1.0.9,port1.0.13,port4.0.9,port4.0.26 | include Interface|output packets
show interface port3.0.13,port1.0.2,port1.0.9,port1.0.13,port4.0.9,por

t4.0.26 | include Interface|output packets

Interface port3.0.13
    output packets 13986, bytes 1368642, multicast packets 397, broadcast packets 71
Interface port1.0.2
    output packets 2564, bytes 245037, multicast packets 346, broadcast packets 38
Interface port1.0.9
    output packets 11200, bytes 1105362, multicast packets 208, broadcast packets 19
Interface port1.0.13
    output packets 1001, bytes 91140, multicast packets 303, broadcast packets 37
Interface port4.0.9
    output packets 8211, bytes 776601, multicast packets 214, broadcast packets 35
Interface port4.0.26
    output packets 1671, bytes 157602, multicast packets 188, broadcast packets 2
14:36:36 sent 100 x ipx src=00:00:5e:00:53:02 dst=00:00:5e:00:53:ff vlan=None outer=None on eth3 in 0.43s
### 14:36:38 counters after ipx
14:36:43 >>> show interface port3.0.13,port1.0.2,port1.0.9,port1.0.13,port4.0.9,port4.0.26 | include Interface|output packets
show interface port3.0.13,port1.0.2,port1.0.9,port1.0.13,port4.0.9,por

t4.0.26 | include Interface|output packets

Interface port3.0.13
    output packets 14146, bytes 1381042, multicast packets 397, broadcast packets 71
Interface port1.0.2
    output packets 2624, bytes 251157, multicast packets 346, broadcast packets 38
Interface port1.0.9
    output packets 11310, bytes 1112762, multicast packets 208, broadcast packets 19
Interface port1.0.13
    output packets 1012, bytes 92208, multicast packets 304, broadcast packets 37
Interface port4.0.9
    output packets 8362, bytes 788588, multicast packets 215, broadcast packets 35
Interface port4.0.26
    output packets 1691, bytes 159602, multicast packets 188, broadcast packets 2
14:36:46 sent 100 x ipv6 src=00:00:5e:00:53:02 dst=00:00:5e:00:53:ff vlan=None outer=None on eth3 in 0.50s
### 14:36:49 counters after ipv6
14:36:53 >>> show interface port3.0.13,port1.0.2,port1.0.9,port1.0.13,port4.0.9,port4.0.26 | include Interface|output packets
show interface port3.0.13,port1.0.2,port1.0.9,port1.0.13,port4.0.9,por

t4.0.26 | include Interface|output packets

Interface port3.0.13
    output packets 14307, bytes 1397710, multicast packets 398, broadcast packets 71
Interface port1.0.2
    output packets 2684, bytes 257277, multicast packets 346, broadcast packets 38
Interface port1.0.9
    output packets 11320, bytes 1113762, multicast packets 208, broadcast packets 19
Interface port1.0.13
    output packets 1122, bytes 103808, multicast packets 304, broadcast packets 37
Interface port4.0.9
    output packets 8512, bytes 804708, multicast packets 215, broadcast packets 35
Interface port4.0.26
    output packets 1711, bytes 161602, multicast packets 188, broadcast packets 2
14:36:56 sent 100 x other src=00:00:5e:00:53:02 dst=00:00:5e:00:53:ff vlan=None outer=None on eth3 in 0.42s
### 14:36:59 counters after other
14:37:03 >>> show interface port3.0.13,port1.0.2,port1.0.9,port1.0.13,port4.0.9,port4.0.26 | include Interface|output packets
show interface port3.0.13,port1.0.2,port1.0.9,port1.0.13,port4.0.9,por

t4.0.26 | include Interface|output packets

Interface port3.0.13
    output packets 14467, bytes 1410110, multicast packets 398, broadcast packets 71
Interface port1.0.2
    output packets 2745, bytes 263464, multicast packets 347, broadcast packets 38
Interface port1.0.9
    output packets 11331, bytes 1114829, multicast packets 209, broadcast packets 19
Interface port1.0.13
    output packets 1132, bytes 104808, multicast packets 304, broadcast packets 37
Interface port4.0.9
    output packets 8662, bytes 816228, multicast packets 215, broadcast packets 35
Interface port4.0.26
    output packets 1832, bytes 170070, multicast packets 189, broadcast packets 2
### tcpdump logs
tcpdump: listening on eth1, link-type EN10MB (Ethernet), snapshot length 262144 bytes
500 packets captured
500 packets received by filter
0 packets dropped by kernel
tcpdump: listening on eth2, link-type EN10MB (Ethernet), snapshot length 262144 bytes
200 packets captured
200 packets received by filter
0 packets dropped by kernel
### captures
### /tmp/ckvlan/18252-s2-eth1.pcap: 500 frames
    100  marker=s2ip10     tags=none        type=0x0800 dst=00:00:5e:00:53:ff src=00:00:5e:00:53:02
    100  marker=s2ip20     tags=none        type=0x0800 dst=00:00:5e:00:53:ff src=00:00:5e:00:53:02
    100  marker=s2ipv6     tags=none        type=0x86dd dst=00:00:5e:00:53:ff src=00:00:5e:00:53:02
    100  marker=s2ipx      tags=none        type=0x8137 dst=00:00:5e:00:53:ff src=00:00:5e:00:53:02
    100  marker=s2other    tags=none        type=0x88b5 dst=00:00:5e:00:53:ff src=00:00:5e:00:53:02
### /tmp/ckvlan/18252-s2-eth2.pcap: 200 frames
    100  marker=s2ip20     tags=none        type=0x0800 dst=00:00:5e:00:53:ff src=00:00:5e:00:53:02
    100  marker=s2ipv6     tags=none        type=0x86dd dst=00:00:5e:00:53:ff src=00:00:5e:00:53:02
