14:31:05 >>> configure terminal
Enter configuration commands, one per line.  End with CNTL/Z.
14:31:06 >>> vlan database
14:31:08 >>> vlan 210,220 state enable
14:31:09 >>> exit
14:31:10 >>> interface port1.0.3
14:31:11 >>> switchport mode trunk
14:31:12 >>> switchport trunk native vlan 3991
14:31:14 >>> switchport trunk allowed vlan add 210,220
14:31:15 >>> interface port1.0.1
14:31:16 >>> switchport mode trunk
14:31:17 >>> switchport trunk native vlan 3991
14:31:18 >>> switchport trunk allowed vlan add 210,220
14:31:19 >>> end
14:31:21 >>> show vlan brief
VLAN ID  Name            Type    State   Member ports                   
                                         (u)-Untagged, (t)-Tagged
======= ================ ======= ======= ====================================
1       default          STATIC  ACTIVE  
100     VLAN0100         STATIC  ACTIVE  port1.0.2(u) port1.0.5(u) port1.0.6(u) 
                                         port1.0.7(u) port1.0.8(u) port1.0.9(u) 
                                         port1.0.10(u) 
210     VLAN0210         STATIC  ACTIVE  port1.0.1(t) port1.0.3(t) 
220     VLAN0220         STATIC  ACTIVE  port1.0.1(t) port1.0.3(t) 
999     VLAN0999         STATIC  ACTIVE  
3991    VLAN3991         STATIC  ACTIVE  port1.0.1(u) port1.0.3(u) 
3992    VLAN3992         STATIC  ACTIVE  port1.0.4(u)
14:31:23 >>> show running-config interface port1.0.1
!
interface port1.0.1
 switchport
 switchport mode trunk
 switchport trunk allowed vlan add 210,220
 switchport trunk native vlan 3991
!
14:31:24 >>> show running-config interface port1.0.3
!
interface port1.0.3
 switchport
 switchport mode trunk
 switchport trunk allowed vlan add 210,220
 switchport trunk native vlan 3991
!
