14:32:45 >>> configure terminal
Enter configuration commands, one per line.  End with CNTL/Z.
14:32:46 >>> vlan database
14:32:47 >>> vlan 210,220 state enable
14:32:48 >>> exit
14:32:49 >>> vlan classifier rule 1 ipv4 192.168.10.0/24 vlan 210
14:32:51 >>> vlan classifier rule 2 ipv4 192.168.20.0/24 vlan 220
14:32:52 >>> vlan classifier rule 3 proto ipx encap ethv2 vlan 210
14:32:53 >>> vlan classifier rule 4 proto ipv6 encap ethv2 vlan 220
14:32:54 >>> vlan classifier group 1 add rule 1
14:32:55 >>> vlan classifier group 1 add rule 2
14:32:56 >>> vlan classifier group 1 add rule 3
14:32:57 >>> vlan classifier group 1 add rule 4
14:32:59 >>> interface port3.0.13
14:33:00 >>> vlan classifier activate 1
14:33:01 >>> interface port1.0.2
14:33:02 >>> switchport mode trunk
14:33:03 >>> switchport trunk allowed vlan add 210,220
14:33:04 >>> vlan classifier activate 1
14:33:06 >>> interface port1.0.9
14:33:07 >>> switchport access vlan 210
14:33:08 >>> interface port1.0.13
14:33:09 >>> switchport access vlan 220
14:33:10 >>> interface port4.0.9
14:33:11 >>> switchport mode trunk
14:33:12 >>> switchport trunk allowed vlan add 210,220
14:33:14 >>> end
14:33:21 >>> show vlan classifier rule
vlan classifier rule 1 ipv4 192.168.10.0/24 vlan 210
vlan classifier rule 2 ipv4 192.168.20.0/24 vlan 220
vlan classifier rule 3 proto ipx encap ethv2 vlan 210
vlan classifier rule 4 proto ipv6 encap ethv2 vlan 220
14:33:22 >>> show vlan classifier group
vlan classifier group 1 add rule 1
vlan classifier group 1 add rule 2
vlan classifier group 1 add rule 3
vlan classifier group 1 add rule 4
14:33:23 >>> show vlan classifier interface group
vlan classifier group 1 interface port1.0.2
vlan classifier group 1 interface port3.0.13
14:33:24 >>> show vlan brief | include 210|220|399|^1 
1       default          STATIC  ACTIVE  port1.0.1(u) port1.0.2(u) port1.0.3(u) 
210     VLAN0210         STATIC  ACTIVE  port1.0.2(t) port1.0.9(u) 
220     VLAN0220         STATIC  ACTIVE  port1.0.2(t) port1.0.13(u) 
3991    VLAN3991         STATIC  ACTIVE  
3992    VLAN3992         STATIC  ACTIVE  
3993    VLAN3993         STATIC  ACTIVE  
3994    VLAN3994         STATIC  ACTIVE
14:33:25 >>> show interface status | include 1.0.2 |1.0.9 |1.0.13 |4.0.9 |3.0.13 
port1.0.2   -                  connected       trunk a-full a-1000  1000BASE-T  
port1.0.9   -                  connected         210 a-full a-1000  1000BASE-T  
port1.0.13  -                  connected         220 a-full a-1000  10GBASE-TM  
port3.0.13  -                  connected           1 a-full a-1000  10GBASE-TM  
port4.0.9   -                  connected       trunk a-full a-1000  10GBASE-T
14:33:27 >>> show running-config interface port1.0.2
!
interface port1.0.2
 switchport
 switchport mode trunk
 switchport trunk allowed vlan add 210,220
 vlan classifier activate 1
!
14:33:29 >>> show running-config interface port3.0.13
!
interface port3.0.13
 switchport
 switchport mode access
 vlan classifier activate 1
!
14:33:30 >>> show interface port1.0.2,port1.0.9 | include Interface|packets
Interface port1.0.2
    input packets 25, bytes 1681, dropped 0, multicast packets 21
    output packets 968, bytes 91215, multicast packets 337, broadcast packets 37
Interface port1.0.9
    input packets 37, bytes 2413, dropped 0, multicast packets 22
    output packets 10713, bytes 1063260, multicast packets 202, broadcast packets 19
