### 14:49:41 loop guard: shut DUT 1.0.13 / 4.0.9
14:49:46 >>> configure terminal
Enter configuration commands, one per line.  End with CNTL/Z.
14:49:47 >>> interface port1.0.13
14:49:48 >>> shutdown
switch: port 41(port1.0.13) entered disabled state
IE520-stk(config-if)#switch: port 41(port1.0.13) entered disabled state
14:49:49 >>> interface port4.0.9
14:49:50 >>> shutdown
switch: port 65(port4.0.9) entered disabled state
IE520-stk(config-if)#switch: port 65(port4.0.9) entered disabled state
14:49:51 >>> end
### 14:49:54 GVRP up on both (no test VLANs yet)
14:49:58 >>> configure terminal
Enter configuration commands, one per line.  End with CNTL/Z.
14:50:00 >>> gvrp enable
14:50:01 >>> gvrp dynamic-vlan-creation
14:50:02 >>> interface port4.0.26
14:50:03 >>> switchport mode trunk
14:50:04 >>> gvrp
14:50:05 >>> end
14:50:12 >>> configure terminal
Enter configuration commands, one per line.  End with CNTL/Z.
14:50:13 >>> gvrp enable
14:50:15 >>> gvrp dynamic-vlan-creation
14:50:16 >>> interface port1.0.26
14:50:17 >>> switchport mode trunk
14:50:18 >>> gvrp
14:50:19 >>> end
### 14:50:42 baseline views
14:50:46 >>> show gvrp machine
port port4.0.26
        applicant state[0] = QA  registrar state[0] = INR  vlan ID = 1
        applicant state[1] = QA  registrar state[1] = MT  vlan ID = 3992
        applicant state[2] = QA  registrar state[2] = INR  vlan ID = 10
        applicant state[3] = QA  registrar state[3] = MT  vlan ID = 3991
        applicant state[4] = QA  registrar state[4] = INR  vlan ID = 3993
        applicant state[5] = QA  registrar state[5] = INR  vlan ID = 3994
14:50:47 >>> show vlan dynamic
14:50:54 >>> show gvrp machine
port port1.0.26
        applicant state[0] = QA  registrar state[0] = INR  vlan ID = 1
        applicant state[1] = QA  registrar state[1] = INR  vlan ID = 3993
        applicant state[2] = QA  registrar state[2] = INR  vlan ID = 10
        applicant state[3] = QA  registrar state[3] = INR  vlan ID = 3994
        applicant state[4] = VO  registrar state[4] = INN  vlan ID = 3992
        applicant state[5] = VO  registrar state[5] = INN  vlan ID = 3991
14:50:55 >>> show vlan dynamic
VLAN ID  Name            Type    State   Member ports                   
                                         (u)-Untagged, (t)-Tagged
======= ================ ======= ======= ====================================
3991    VLAN3991        DYNAMIC ACTIVE  port1.0.26(t) 
3992    VLAN3992        DYNAMIC ACTIVE  port1.0.26(t)
### 14:50:58 TEST A: new static VLANs with LIVE members, created after GVRP came up — SA vlan 301 + port1.0.2 (eth2, up); DUT vlan 302 + port1.0.9 (up)
14:51:02 >>> configure terminal
Enter configuration commands, one per line.  End with CNTL/Z.
14:51:03 >>> vlan database
14:51:05 >>> vlan 301 state enable
14:51:06 >>> exit
14:51:07 >>> interface port1.0.2
14:51:08 >>> switchport access vlan 301
14:51:09 >>> end
14:51:10 >>> show vlan 301
VLAN ID  Name            Type    State   Member ports                   
                                         (u)-Untagged, (t)-Tagged
======= ================ ======= ======= ====================================
301     VLAN0301         STATIC  ACTIVE  port1.0.2(u)
14:51:17 >>> configure terminal
Enter configuration commands, one per line.  End with CNTL/Z.
14:51:18 >>> vlan database
14:51:20 >>> vlan 302 state enable
14:51:21 >>> exit
14:51:22 >>> interface port1.0.9
14:51:23 >>> switchport access vlan 302
14:51:24 >>> end
14:51:26 >>> show vlan 302
VLAN ID  Name            Type    State   Member ports                   
                                         (u)-Untagged, (t)-Tagged
======= ================ ======= ======= ====================================
302     VLAN0302         STATIC  ACTIVE  port1.0.9(u)
### 14:51:58 TEST A views (DUT then SA)
14:52:03 >>> show vlan dynamic
14:52:04 >>> show gvrp machine
port port4.0.26
        applicant state[0] = QA  registrar state[0] = INR  vlan ID = 1
        applicant state[1] = QA  registrar state[1] = MT  vlan ID = 3992
        applicant state[2] = QA  registrar state[2] = INR  vlan ID = 10
        applicant state[3] = QA  registrar state[3] = MT  vlan ID = 3991
        applicant state[4] = QA  registrar state[4] = INR  vlan ID = 3993
        applicant state[5] = QA  registrar state[5] = INR  vlan ID = 3994
14:52:05 >>> show vlan brief | include ^30|^399|^10 
10      data             STATIC  ACTIVE  sa1(u) port3.0.2(u) port4.0.2(u) 
302     VLAN0302         STATIC  ACTIVE  port1.0.9(u) 
3991    VLAN3991         STATIC  ACTIVE  port1.0.2(u) 
3992    VLAN3992         STATIC  ACTIVE  
3993    VLAN3993         STATIC  ACTIVE  port1.0.13(u) port4.0.26(t) 
3994    VLAN3994         STATIC  ACTIVE  port4.0.9(u) port4.0.26(t)
14:52:06 >>> show gvrp statistics
Port                     JoinEmpty    JoinIn   LeaveEmpty  LeaveIn     Empty
-------------------------------------------------------------------------------
port4.0.26           RX           3         47          0          0          6
                     TX          60         66          0          0          0
14:52:13 >>> show vlan dynamic
VLAN ID  Name            Type    State   Member ports                   
                                         (u)-Untagged, (t)-Tagged
======= ================ ======= ======= ====================================
3991    VLAN3991        DYNAMIC ACTIVE  port1.0.26(t) 
3992    VLAN3992        DYNAMIC ACTIVE  port1.0.26(t)
14:52:14 >>> show gvrp machine
port port1.0.26
        applicant state[0] = QA  registrar state[0] = INR  vlan ID = 1
        applicant state[1] = QP  registrar state[1] = INR  vlan ID = 3993
        applicant state[2] = QP  registrar state[2] = INR  vlan ID = 10
        applicant state[3] = QP  registrar state[3] = INR  vlan ID = 3994
        applicant state[4] = VO  registrar state[4] = INN  vlan ID = 3992
        applicant state[5] = VO  registrar state[5] = INN  vlan ID = 3991
14:52:15 >>> show vlan brief | include ^30|^399|^10 
10      data             STATIC  ACTIVE  port1.0.26(t) port3.0.2(u) 
301     VLAN0301         STATIC  ACTIVE  port1.0.2(u) 
3991    VLAN3991        DYNAMIC ACTIVE  port1.0.26(t) 
3992    VLAN3992        DYNAMIC ACTIVE  port1.0.26(t) 
3993    VLAN3993         STATIC  ACTIVE  port1.0.13(u) port1.0.26(t) 
3994    VLAN3994         STATIC  ACTIVE  port1.0.9(u) port1.0.26(t)
### 14:52:18 TEST B: restart GVRP on the ports (no gvrp / gvrp)
14:52:22 >>> configure terminal
Enter configuration commands, one per line.  End with CNTL/Z.
14:52:23 >>> interface port4.0.26
14:52:24 >>> no gvrp
14:52:26 >>> gvrp
14:52:27 >>> end
14:52:34 >>> configure terminal
Enter configuration commands, one per line.  End with CNTL/Z.
14:52:35 >>> interface port1.0.26
14:52:36 >>> no gvrp
14:52:37 >>> gvrp
14:52:38 >>> end
### 14:53:11 TEST B views
14:53:15 >>> show vlan dynamic
VLAN ID  Name            Type    State   Member ports                   
                                         (u)-Untagged, (t)-Tagged
======= ================ ======= ======= ====================================
301     VLAN0301        DYNAMIC ACTIVE  port4.0.26(t)
14:53:16 >>> show gvrp machine
port port4.0.26
        applicant state[0] = QA  registrar state[0] = INR  vlan ID = 1
        applicant state[1] = VO  registrar state[1] = MT  vlan ID = 3992
        applicant state[2] = QA  registrar state[2] = INR  vlan ID = 10
        applicant state[3] = QA  registrar state[3] = MT  vlan ID = 3991
        applicant state[4] = QA  registrar state[4] = INR  vlan ID = 3993
        applicant state[5] = QA  registrar state[5] = INR  vlan ID = 3994
        applicant state[6] = QA  registrar state[6] = MT  vlan ID = 302
        applicant state[7] = VO  registrar state[7] = INN  vlan ID = 301
14:53:18 >>> show vlan brief | include ^30|^399|^10 
10      data             STATIC  ACTIVE  sa1(u) port3.0.2(u) port4.0.2(u) 
301     VLAN0301        DYNAMIC ACTIVE  port4.0.26(t) 
302     VLAN0302         STATIC  ACTIVE  port1.0.9(u) 
3991    VLAN3991         STATIC  ACTIVE  port1.0.2(u) 
3992    VLAN3992         STATIC  ACTIVE  
3993    VLAN3993         STATIC  ACTIVE  port1.0.13(u) port4.0.26(t) 
3994    VLAN3994         STATIC  ACTIVE  port4.0.9(u) port4.0.26(t)
14:53:24 >>> show vlan dynamic
VLAN ID  Name            Type    State   Member ports                   
                                         (u)-Untagged, (t)-Tagged
======= ================ ======= ======= ====================================
302     VLAN0302        DYNAMIC ACTIVE  port1.0.26(t) 
3991    VLAN3991        DYNAMIC ACTIVE  port1.0.26(t)
14:53:26 >>> show gvrp machine
port port1.0.26
        applicant state[0] = QA  registrar state[0] = INR  vlan ID = 1
        applicant state[1] = QA  registrar state[1] = INR  vlan ID = 3993
        applicant state[2] = QA  registrar state[2] = INR  vlan ID = 10
        applicant state[3] = QA  registrar state[3] = INR  vlan ID = 3994
        applicant state[4] = VO  registrar state[4] = MT  vlan ID = 3992
        applicant state[5] = VO  registrar state[5] = INN  vlan ID = 3991
        applicant state[6] = QA  registrar state[6] = MT  vlan ID = 301
        applicant state[7] = VO  registrar state[7] = INN  vlan ID = 302
14:53:27 >>> show vlan brief | include ^30|^399|^10 
10      data             STATIC  ACTIVE  port1.0.26(t) port3.0.2(u) 
301     VLAN0301         STATIC  ACTIVE  port1.0.2(u) 
302     VLAN0302        DYNAMIC ACTIVE  port1.0.26(t) 
3991    VLAN3991        DYNAMIC ACTIVE  port1.0.26(t) 
3993    VLAN3993         STATIC  ACTIVE  port1.0.13(u) port1.0.26(t) 
3994    VLAN3994         STATIC  ACTIVE  port1.0.9(u) port1.0.26(t)
### 14:53:29 TEST C: restart GVRP globally (no gvrp enable / gvrp enable / dynamic-vlan-creation / port gvrp)
14:53:34 >>> configure terminal
Enter configuration commands, one per line.  End with CNTL/Z.
14:53:35 >>> no gvrp enable
14:53:36 >>> gvrp enable
14:53:37 >>> gvrp dynamic-vlan-creation
14:53:38 >>> interface port4.0.26
14:53:39 >>> gvrp
14:53:41 >>> end
14:53:48 >>> configure terminal
Enter configuration commands, one per line.  End with CNTL/Z.
14:53:49 >>> no gvrp enable
14:53:50 >>> gvrp enable
14:53:51 >>> gvrp dynamic-vlan-creation
14:53:52 >>> interface port1.0.26
14:53:53 >>> gvrp
14:53:54 >>> end
### 14:54:27 TEST C views
14:54:31 >>> show vlan dynamic
VLAN ID  Name            Type    State   Member ports                   
                                         (u)-Untagged, (t)-Tagged
======= ================ ======= ======= ====================================
301     VLAN0301        DYNAMIC ACTIVE  port4.0.26(t)
14:54:33 >>> show gvrp machine
port port4.0.26
        applicant state[0] = QA  registrar state[0] = INR  vlan ID = 1
        applicant state[2] = QA  registrar state[2] = INR  vlan ID = 10
        applicant state[3] = QA  registrar state[3] = MT  vlan ID = 302
        applicant state[4] = QA  registrar state[4] = MT  vlan ID = 3991
        applicant state[5] = QA  registrar state[5] = INR  vlan ID = 3993
        applicant state[6] = QA  registrar state[6] = INR  vlan ID = 3994
        applicant state[7] = VO  registrar state[7] = INN  vlan ID = 301
14:54:34 >>> show vlan brief | include ^30|^399|^10 
10      data             STATIC  ACTIVE  sa1(u) port3.0.2(u) port4.0.2(u) 
301     VLAN0301        DYNAMIC ACTIVE  port4.0.26(t) 
302     VLAN0302         STATIC  ACTIVE  port1.0.9(u) 
3991    VLAN3991         STATIC  ACTIVE  port1.0.2(u) 
3992    VLAN3992         STATIC  ACTIVE  
3993    VLAN3993         STATIC  ACTIVE  port1.0.13(u) port4.0.26(t) 
3994    VLAN3994         STATIC  ACTIVE  port4.0.9(u) port4.0.26(t)
14:54:35 >>> show gvrp configuration
Global GVRP Configuration:
Dynamic Vlan Creation: Enabled
Port based GVRP Configuration:
                                                         Timers(centiseconds)
Port         GVRP Status    Registration   Join   Leave   LeaveAll
--------------------------------------------------------------------------------
port4.0.26   Enabled        Normal           20     60      1000
14:54:37 >>> show running-config | include gvrp
gvrp enable
gvrp dynamic-vlan-creation
 gvrp
14:54:44 >>> show vlan dynamic
VLAN ID  Name            Type    State   Member ports                   
                                         (u)-Untagged, (t)-Tagged
======= ================ ======= ======= ====================================
302     VLAN0302        DYNAMIC ACTIVE  port1.0.26(t) 
3991    VLAN3991        DYNAMIC ACTIVE  port1.0.26(t)
14:54:45 >>> show gvrp machine
port port1.0.26
        applicant state[0] = QA  registrar state[0] = INR  vlan ID = 1
        applicant state[1] = QA  registrar state[1] = MT  vlan ID = 301
        applicant state[2] = QA  registrar state[2] = INR  vlan ID = 10
        applicant state[3] = QA  registrar state[3] = INR  vlan ID = 3993
        applicant state[4] = QA  registrar state[4] = INR  vlan ID = 3994
        applicant state[5] = VO  registrar state[5] = INN  vlan ID = 302
        applicant state[6] = VO  registrar state[6] = INN  vlan ID = 3991
14:54:46 >>> show vlan brief | include ^30|^399|^10 
10      data             STATIC  ACTIVE  port1.0.26(t) port3.0.2(u) 
301     VLAN0301         STATIC  ACTIVE  port1.0.2(u) 
302     VLAN0302        DYNAMIC ACTIVE  port1.0.26(t) 
3991    VLAN3991        DYNAMIC ACTIVE  port1.0.26(t) 
3993    VLAN3993         STATIC  ACTIVE  port1.0.13(u) port1.0.26(t) 
3994    VLAN3994         STATIC  ACTIVE  port1.0.9(u) port1.0.26(t)
14:54:47 >>> show gvrp configuration
Global GVRP Configuration:
Dynamic Vlan Creation: Enabled
Port based GVRP Configuration:
                                                         Timers(centiseconds)
Port         GVRP Status    Registration   Join   Leave   LeaveAll
--------------------------------------------------------------------------------
port1.0.26   Enabled        Normal           20     60      1000
14:54:49 >>> show running-config | include gvrp
gvrp enable
gvrp dynamic-vlan-creation
 gvrp
### 14:54:51 teardown DUT
14:54:56 >>> configure terminal
Enter configuration commands, one per line.  End with CNTL/Z.
14:54:57 >>> interface port4.0.26
14:54:58 >>> no gvrp
14:54:59 >>> switchport mode access
14:55:01 >>> interface port1.0.9
14:55:02 >>> switchport access vlan 3992
14:55:03 >>> exit
14:55:04 >>> no gvrp dynamic-vlan-creation
14:55:05 >>> no gvrp enable
14:55:06 >>> vlan database
14:55:07 >>> no vlan 302
14:55:09 >>> exit
14:55:10 >>> interface port1.0.13
14:55:11 >>> no shutdown
14:55:12 >>> interface port4.0.9
14:55:13 >>> no shutdown
14:55:14 >>> end
### 14:55:18 teardown SA
14:55:23 >>> configure terminal
Enter configuration commands, one per line.  End with CNTL/Z.
14:55:24 >>> interface port1.0.26
14:55:25 >>> no gvrp
14:55:26 >>> switchport mode access
14:55:28 >>> interface port1.0.2
14:55:29 >>> no switchport access vlan
14:55:30 >>> exit
14:55:31 >>> no gvrp dynamic-vlan-creation
14:55:32 >>> no gvrp enable
14:55:33 >>> vlan database
14:55:34 >>> no vlan 301
14:55:36 >>> end
14:55:58 >>> show gvrp configuration
% GVRP is not globally enabled
14:55:59 >>> show vlan dynamic
14:56:00 >>> show vlan brief | include ^30|^399
3991    VLAN3991         STATIC  ACTIVE  port1.0.2(u) 
3992    VLAN3992         STATIC  ACTIVE  port1.0.9(u) 
3993    VLAN3993         STATIC  ACTIVE  port1.0.13(u) 
3994    VLAN3994         STATIC  ACTIVE  port4.0.9(u)
14:56:01 >>> show interface status | include 1.0.13 |4.0.9 |4.0.26 |1.0.9 
port1.0.9   -                  connected        3992 a-full a-1000  1000BASE-T  
port1.0.13  -                  connected        3993 a-full a-1000  10GBASE-TM  
port4.0.9   -                  connected        3994 a-full a-1000  10GBASE-T   
port4.0.26  -                  connected           1 a-full a-1000  1000BASE-SX
14:56:03 >>> show running-config interface port4.0.26
!
interface port4.0.26
 switchport
 switchport mode access
!
14:56:04 >>> show running-config | include gvrp
14:56:11 >>> show gvrp configuration
% GVRP is not globally enabled
14:56:13 >>> show vlan dynamic
14:56:14 >>> show vlan brief | include ^30|^399|^1 
1       default          STATIC  ACTIVE  port1.0.1(u) port1.0.2(u) port1.0.3(u) 
3993    VLAN3993         STATIC  ACTIVE  port1.0.13(u) 
3994    VLAN3994         STATIC  ACTIVE  port1.0.9(u)
14:56:15 >>> show running-config interface port1.0.26
!
interface port1.0.26
 switchport
 switchport mode access
!
14:56:17 >>> show running-config | include gvrp
### 14:56:19 post-case running-configs
 140 post-38409-u3.runcfg
 174 post-38409-u5.runcfg
 314 total
