### 14:44:26 STEP 2c: live members — SA port1.0.2 (eth2, link up) -> vlan 301; DUT port1.0.9 (x230 leg, link up) -> vlan 302
14:44:30 >>> configure terminal
Enter configuration commands, one per line.  End with CNTL/Z.
14:44:31 >>> interface port1.0.2
14:44:32 >>> switchport access vlan 301
14:44:34 >>> end
14:44:35 >>> show vlan 301
VLAN ID  Name            Type    State   Member ports                   
                                         (u)-Untagged, (t)-Tagged
======= ================ ======= ======= ====================================
301     VLAN0301         STATIC  ACTIVE  port1.0.1(u) port1.0.2(u)
14:44:42 >>> configure terminal
Enter configuration commands, one per line.  End with CNTL/Z.
14:44:43 >>> interface port1.0.9
14:44:44 >>> switchport access vlan 302
14:44:45 >>> end
14:44:46 >>> show vlan 302
VLAN ID  Name            Type    State   Member ports                   
                                         (u)-Untagged, (t)-Tagged
======= ================ ======= ======= ====================================
302     VLAN0302         STATIC  ACTIVE  port1.0.1(u) port1.0.9(u)
### 14:44:49 waiting 30 s
### 14:45:19 DUT view (expect DYNAMIC 301 on port4.0.26)
14:45:23 >>> show vlan dynamic
14:45:24 >>> show gvrp machine
port port4.0.26
        applicant state[0] = QA  registrar state[0] = INR  vlan ID = 1
        applicant state[1] = QA  registrar state[1] = MT  vlan ID = 3992
        applicant state[2] = QA  registrar state[2] = INR  vlan ID = 10
        applicant state[3] = QA  registrar state[3] = MT  vlan ID = 3991
        applicant state[5] = QA  registrar state[5] = INR  vlan ID = 3993
        applicant state[6] = QA  registrar state[6] = INR  vlan ID = 3994
14:45:26 >>> show vlan brief | include ^30|^399|^10 
10      data             STATIC  ACTIVE  sa1(u) port3.0.2(u) port4.0.2(u) 
302     VLAN0302         STATIC  ACTIVE  port1.0.1(u) port1.0.9(u) 
3991    VLAN3991         STATIC  ACTIVE  port1.0.2(u) 
3992    VLAN3992         STATIC  ACTIVE  
3993    VLAN3993         STATIC  ACTIVE  port1.0.13(u) port4.0.26(t) 
3994    VLAN3994         STATIC  ACTIVE  port4.0.9(u) port4.0.26(t)
14:45:27 >>> show gvrp statistics
Port                     JoinEmpty    JoinIn   LeaveEmpty  LeaveIn     Empty
-------------------------------------------------------------------------------
port4.0.26           RX           6         96          0          0         16
                     TX          92        100          0          0          0
### 14:45:29 SA view (expect DYNAMIC 302 on port1.0.26; 3992 gone, 3991 still)
14:45:34 >>> show vlan dynamic
VLAN ID  Name            Type    State   Member ports                   
                                         (u)-Untagged, (t)-Tagged
======= ================ ======= ======= ====================================
3991    VLAN3991        DYNAMIC ACTIVE  port1.0.26(t) 
3992    VLAN3992        DYNAMIC ACTIVE  port1.0.26(t)
14:45:35 >>> show gvrp machine
port port1.0.26
        applicant state[0] = QA  registrar state[0] = INR  vlan ID = 1
        applicant state[1] = QA  registrar state[1] = INR  vlan ID = 10
        applicant state[2] = QA  registrar state[2] = INR  vlan ID = 3993
        applicant state[4] = QA  registrar state[4] = INR  vlan ID = 3994
        applicant state[5] = VO  registrar state[5] = INN  vlan ID = 3992
        applicant state[6] = VO  registrar state[6] = INN  vlan ID = 3991
14:45:36 >>> show vlan brief | include ^30|^399|^10 
10      data             STATIC  ACTIVE  port1.0.26(t) port3.0.2(u) 
301     VLAN0301         STATIC  ACTIVE  port1.0.1(u) port1.0.2(u) 
3991    VLAN3991        DYNAMIC ACTIVE  port1.0.26(t) 
3992    VLAN3992        DYNAMIC ACTIVE  port1.0.26(t) 
3993    VLAN3993         STATIC  ACTIVE  port1.0.13(u) port1.0.26(t) 
3994    VLAN3994         STATIC  ACTIVE  port1.0.9(u) port1.0.26(t)
### 14:45:38 STEP 2d: withdraw — SA port1.0.2 back to vlan 1, so 301 has no active member
14:45:43 >>> configure terminal
Enter configuration commands, one per line.  End with CNTL/Z.
14:45:44 >>> interface port1.0.2
14:45:45 >>> no switchport access vlan
14:45:46 >>> end
14:45:47 >>> show vlan 301
VLAN ID  Name            Type    State   Member ports                   
                                         (u)-Untagged, (t)-Tagged
======= ================ ======= ======= ====================================
301     VLAN0301         STATIC  ACTIVE  port1.0.1(u)
### 14:45:50 waiting 30 s
### 14:46:20 DUT view (expect 301 gone)
14:46:24 >>> show vlan dynamic
14:46:26 >>> show gvrp machine
port port4.0.26
        applicant state[0] = QA  registrar state[0] = INR  vlan ID = 1
        applicant state[1] = QA  registrar state[1] = MT  vlan ID = 3992
        applicant state[2] = QA  registrar state[2] = INR  vlan ID = 10
        applicant state[3] = QA  registrar state[3] = MT  vlan ID = 3991
        applicant state[5] = QA  registrar state[5] = INR  vlan ID = 3993
        applicant state[6] = QA  registrar state[6] = INR  vlan ID = 3994
### 14:46:28 teardown DUT
14:46:32 >>> configure terminal
Enter configuration commands, one per line.  End with CNTL/Z.
14:46:34 >>> interface port4.0.26
14:46:35 >>> no gvrp
14:46:36 >>> switchport mode access
14:46:37 >>> interface port1.0.1
14:46:38 >>> no switchport access vlan
14:46:39 >>> interface port1.0.9
14:46:41 >>> switchport access vlan 3992
14:46:42 >>> exit
14:46:43 >>> no gvrp dynamic-vlan-creation
14:46:44 >>> no gvrp enable
14:46:45 >>> vlan database
14:46:46 >>> no vlan 302
14:46:47 >>> exit
14:46:49 >>> interface port1.0.13
14:46:50 >>> no shutdown
14:46:51 >>> interface port4.0.9
14:46:52 >>> no shutdown
14:46:54 >>> end
IE520-stk#switch: port 41(port1.0.13) entered blocking state
switch: port 41(port1.0.13) entered forwarding state
14:46:55 >>> show gvrp configuration
% GVRP is not globally enabled
!!! CLI error on 'show gvrp configuration' -- stopping
