14:48:17 >>> configure terminal
Enter configuration commands, one per line.  End with CNTL/Z.
14:48:18 >>> interface port1.0.26
14:48:19 >>> no gvrp
14:48:20 >>> switchport mode access
14:48:21 >>> interface port1.0.1
14:48:22 >>> no switchport access vlan
14:48:23 >>> exit
14:48:25 >>> no gvrp dynamic-vlan-creation
14:48:26 >>> no gvrp enable
14:48:27 >>> vlan database
14:48:28 >>> no vlan 301
14:48:29 >>> end
14:48:36 >>> show gvrp configuration
% GVRP is not globally enabled
14:48:37 >>> show vlan dynamic
14:48:38 >>> show vlan brief | include ^30|^399|^1 
1       default          STATIC  ACTIVE  port1.0.1(u) port1.0.2(u) port1.0.3(u) 
3993    VLAN3993         STATIC  ACTIVE  port1.0.13(u) 
3994    VLAN3994         STATIC  ACTIVE  port1.0.9(u)
14:48:40 >>> show running-config interface port1.0.26
!
interface port1.0.26
 switchport
 switchport mode access
!
14:48:42 >>> show running-config | include gvrp
