### 14:41:30 loop guard: shut DUT legs 1.0.13 and 4.0.9 (SA static 3993/3994 will be declared over the GVRP trunk)
14:41:35 >>> configure terminal
Enter configuration commands, one per line.  End with CNTL/Z.
14:41:36 >>> interface port1.0.13
14:41:37 >>> shutdown
switch: port 41(port1.0.13) entered disabled state
switch: port 41(port1.0.13) entered disabled state
14:41:38 >>> interface port4.0.9
14:41:39 >>> shutdown
switch: port 65(port4.0.9) entered disabled state
switch: port 65(port4.0.9) entered disabled state
14:41:40 >>> end
14:41:42 >>> show interface status | include 1.0.13 |4.0.9 |4.0.26 
port1.0.13  -                  disabled         3993 auto   auto    10GBASE-TM  
port4.0.9   -                  disabled         3994 auto   auto    10GBASE-T   
port4.0.26  -                  connected           1 a-full a-1000  1000BASE-SX
### 14:41:44 STEP 1a DUT: gvrp enable + dynamic-vlan-creation, port4.0.26 trunk + gvrp, static vlan 302 (member port1.0.1)
14:41:48 >>> configure terminal
Enter configuration commands, one per line.  End with CNTL/Z.
14:41:50 >>> vlan database
14:41:51 >>> vlan 302 state enable
14:41:52 >>> exit
14:41:53 >>> gvrp enable
14:41:54 >>> gvrp dynamic-vlan-creation
14:41:55 >>> interface port4.0.26
14:41:57 >>> switchport mode trunk
14:41:58 >>> gvrp
14:41:59 >>> interface port1.0.1
14:42:00 >>> switchport access vlan 302
14:42:01 >>> end
14:42:02 >>> show gvrp configuration
Global GVRP Configuration:
Dynamic Vlan Creation: Enabled
Port based GVRP Configuration:
                                                         Timers(centiseconds)
Port         GVRP Status    Registration   Join   Leave   LeaveAll
--------------------------------------------------------------------------------
port4.0.26   Enabled        Normal           20     60      1000
14:42:04 >>> show running-config | include gvrp
gvrp enable
gvrp dynamic-vlan-creation
 gvrp
### 14:42:07 STEP 1b SA: the same with vlan 301 on port1.0.26
14:42:11 >>> configure terminal
Enter configuration commands, one per line.  End with CNTL/Z.
14:42:12 >>> vlan database
14:42:13 >>> vlan 301 state enable
14:42:15 >>> exit
14:42:16 >>> gvrp enable
14:42:17 >>> gvrp dynamic-vlan-creation
14:42:18 >>> interface port1.0.26
14:42:19 >>> switchport mode trunk
14:42:20 >>> gvrp
14:42:21 >>> interface port1.0.1
14:42:23 >>> switchport access vlan 301
14:42:24 >>> end
14:42:25 >>> show gvrp configuration
Global GVRP Configuration:
Dynamic Vlan Creation: Enabled
Port based GVRP Configuration:
                                                         Timers(centiseconds)
Port         GVRP Status    Registration   Join   Leave   LeaveAll
--------------------------------------------------------------------------------
port1.0.26   Enabled        Normal           20     60      1000
14:42:27 >>> show running-config | include gvrp
gvrp enable
gvrp dynamic-vlan-creation
 gvrp
### 14:42:29 waiting 30 s for join/leaveall
### 14:42:59 STEP 2 DUT view
14:43:04 >>> show gvrp configuration
Global GVRP Configuration:
Dynamic Vlan Creation: Enabled
Port based GVRP Configuration:
                                                         Timers(centiseconds)
Port         GVRP Status    Registration   Join   Leave   LeaveAll
--------------------------------------------------------------------------------
port4.0.26   Enabled        Normal           20     60      1000
14:43:05 >>> show gvrp machine
port port4.0.26
        applicant state[0] = QA  registrar state[0] = INR  vlan ID = 1
        applicant state[1] = QA  registrar state[1] = MT  vlan ID = 3992
        applicant state[2] = QA  registrar state[2] = INR  vlan ID = 10
        applicant state[3] = QA  registrar state[3] = MT  vlan ID = 3991
        applicant state[5] = QA  registrar state[5] = INR  vlan ID = 3993
        applicant state[6] = QA  registrar state[6] = INR  vlan ID = 3994
14:43:06 >>> show gvrp statistics
Port                     JoinEmpty    JoinIn   LeaveEmpty  LeaveIn     Empty
-------------------------------------------------------------------------------
port4.0.26           RX           6         27          0          0          4
                     TX          40         35          0          0          0
14:43:07 >>> show vlan dynamic
14:43:08 >>> show vlan brief | include ^30|^399|^10 
10      data             STATIC  ACTIVE  sa1(u) port3.0.2(u) port4.0.2(u) 
302     VLAN0302         STATIC  ACTIVE  port1.0.1(u) 
3991    VLAN3991         STATIC  ACTIVE  port1.0.2(u) 
3992    VLAN3992         STATIC  ACTIVE  port1.0.9(u) 
3993    VLAN3993         STATIC  ACTIVE  port1.0.13(u) port4.0.26(t) 
3994    VLAN3994         STATIC  ACTIVE  port4.0.9(u) port4.0.26(t)
14:43:09 >>> show vlan 301
14:43:11 >>> show vlan 302
VLAN ID  Name            Type    State   Member ports                   
                                         (u)-Untagged, (t)-Tagged
======= ================ ======= ======= ====================================
302     VLAN0302         STATIC  ACTIVE  port1.0.1(u)
14:43:12 >>> show interface switchport | include port4.0.26|Trunking|Native|Allowed|Dynamic
show interface switchport | include port4.0.26|Trunking|Native|Allowed

|Dynamic

 Dynamic Vlans           : 
 Dynamic Vlans           : 
 Dynamic Vlans           : 
 Dynamic Vlans           : 
 Dynamic Vlans           : 
 Dynamic Vlans           : 
 Dynamic Vlans           : 
 Dynamic Vlans           : 
 Dynamic Vlans           : 
 Dynamic Vlans           : 
 Dynamic Vlans           : 
 Dynamic Vlans           : 
 Dynamic Vlans           : 
 Dynamic Vlans           : 
 Dynamic Vlans           : 
 Dynamic Vlans           : 
 Dynamic Vlans           : 
 Dynamic Vlans           : 
 Dynamic Vlans           : 
 Dynamic Vlans           : 
 Dynamic Vlans           : 
 Dynamic Vlans           : 
 Dynamic Vlans           : 
 Dynamic Vlans           : 
 Dynamic Vlans           : 
 Dynamic Vlans           : 
 Dynamic Vlans           : 
 Dynamic Vlans           : 
 Dynamic Vlans           : 
 Dynamic Vlans           : 
 Dynamic Vlans           : 
 Dynamic Vlans           : 
 Dynamic Vlans           : 
 Dynamic Vlans           : 
 Dynamic Vlans           : 
 Dynamic Vlans           : 
 Dynamic Vlans           : 
 Dynamic Vlans           : 
 Dynamic Vlans           : 
 Dynamic Vlans           : 
 Dynamic Vlans           : 
 Dynamic Vlans           : 
 Dynamic Vlans           : 
 Dynamic Vlans           : 
 Dynamic Vlans           : 
 Dynamic Vlans           : 
 Dynamic Vlans           : 
 Dynamic Vlans           : 
 Dynamic Vlans           : 
 Dynamic Vlans           : 
 Dynamic Vlans           : 
 Dynamic Vlans           : 
 Dynamic Vlans           : 
 Dynamic Vlans           : 
 Dynamic Vlans           : 
 Dynamic Vlans           : 
 Dynamic Vlans           : 
 Dynamic Vlans           : 
 Dynamic Vlans           : 
 Dynamic Vlans           : 
 Dynamic Vlans           : 
 Dynamic Vlans           : 
 Dynamic Vlans           : 
 Dynamic Vlans           : 
 Dynamic Vlans           : 
 Dynamic Vlans           : 
 Dynamic Vlans           : 
 Dynamic Vlans           : 
 Dynamic Vlans           : 
 Dynamic Vlans           : 
 Dynamic Vlans           : 
 Dynamic Vlans           : 
 Dynamic Vlans           : 
 Dynamic Vlans           : 
 Dynamic Vlans           : 
 Dynamic Vlans           : 
 Dynamic Vlans           : 
 Dynamic Vlans           : 
 Dynamic Vlans           : 
 Dynamic Vlans           : 
 Dynamic Vlans           : 
 Dynamic Vlans           : 
 Dynamic Vlans           : 
 Dynamic Vlans           : 
 Dynamic Vlans           : 
 Dynamic Vlans           : 
 Dynamic Vlans           : 
 Dynamic Vlans           : 
 Dynamic Vlans           : 
 Dynamic Vlans           : 
 Dynamic Vlans           : 
 Dynamic Vlans           : 
 Dynamic Vlans           : 
 Dynamic Vlans           : 
 Dynamic Vlans           : 
 Dynamic Vlans           : 
 Dynamic Vlans           : 
 Dynamic Vlans           : 
 Dynamic Vlans           : 
 Dynamic Vlans           : 
 Dynamic Vlans           : 
 Dynamic Vlans           : 
 Dynamic Vlans           : 
 Dynamic Vlans           : 
 Dynamic Vlans           : 
 Interface name          : port4.0.26
 Dynamic Vlans           :    10 3993 3994
14:43:13 >>> show interface port4.0.26 switchport
^
% Invalid input detected at '^' marker.
### 14:43:16 STEP 2 SA view
14:43:20 >>> show gvrp configuration
Global GVRP Configuration:
Dynamic Vlan Creation: Enabled
Port based GVRP Configuration:
                                                         Timers(centiseconds)
Port         GVRP Status    Registration   Join   Leave   LeaveAll
--------------------------------------------------------------------------------
port1.0.26   Enabled        Normal           20     60      1000
14:43:21 >>> show gvrp machine
port port1.0.26
        applicant state[0] = QA  registrar state[0] = INR  vlan ID = 1
        applicant state[1] = QA  registrar state[1] = INR  vlan ID = 10
        applicant state[2] = QA  registrar state[2] = INR  vlan ID = 3993
        applicant state[4] = QA  registrar state[4] = INR  vlan ID = 3994
        applicant state[5] = VO  registrar state[5] = INN  vlan ID = 3992
        applicant state[6] = VO  registrar state[6] = INN  vlan ID = 3991
14:43:22 >>> show gvrp statistics
Port                     JoinEmpty    JoinIn   LeaveEmpty  LeaveIn     Empty
-------------------------------------------------------------------------------
port1.0.26           RX          24         36          0          0          0
                     TX           6         32          0          0          6
14:43:24 >>> show vlan dynamic
VLAN ID  Name            Type    State   Member ports                   
                                         (u)-Untagged, (t)-Tagged
======= ================ ======= ======= ====================================
3991    VLAN3991        DYNAMIC ACTIVE  port1.0.26(t) 
3992    VLAN3992        DYNAMIC ACTIVE  port1.0.26(t)
14:43:25 >>> show vlan brief | include ^30|^399|^10 
10      data             STATIC  ACTIVE  port1.0.26(t) port3.0.2(u) 
301     VLAN0301         STATIC  ACTIVE  port1.0.1(u) 
3991    VLAN3991        DYNAMIC ACTIVE  port1.0.26(t) 
3992    VLAN3992        DYNAMIC ACTIVE  port1.0.26(t) 
3993    VLAN3993         STATIC  ACTIVE  port1.0.13(u) port1.0.26(t) 
3994    VLAN3994         STATIC  ACTIVE  port1.0.9(u) port1.0.26(t)
14:43:26 >>> show vlan 302
14:43:27 >>> show vlan 301
VLAN ID  Name            Type    State   Member ports                   
                                         (u)-Untagged, (t)-Tagged
======= ================ ======= ======= ====================================
301     VLAN0301         STATIC  ACTIVE  port1.0.1(u)
14:43:28 >>> show interface port1.0.26 switchport
^
% Invalid input detected at '^' marker.
