### 17:14:09 stack: shut the four legs, back into sa2/sa3, drop 3991-3994
17:14:13 >>> configure terminal
Enter configuration commands, one per line.  End with CNTL/Z.
17:14:14 >>> interface port1.0.2
17:14:16 >>> shutdown
switch: port 30(port1.0.2) entered disabled state
IE520-stk(config-if)#switch: port 30(port1.0.2) entered disabled state
17:14:17 >>> interface port1.0.9
17:14:18 >>> shutdown
switch: port 37(port1.0.9) entered disabled state
IE520-stk(config-if)#switch: port 37(port1.0.9) entered disabled state
17:14:19 >>> interface port1.0.13
17:14:20 >>> shutdown
switch: port 41(port1.0.13) entered disabled state
IE520-stk(config-if)#switch: port 41(port1.0.13) entered disabled state
17:14:21 >>> interface port4.0.9
17:14:23 >>> shutdown
switch: port 65(port4.0.9) entered disabled state
switch: port 65(port4.0.9) entered disabled state
17:14:24 >>> interface port1.0.2
17:14:25 >>> no switchport access vlan
17:14:26 >>> static-channel-group 2
17:14:27 >>> interface port1.0.9
17:14:28 >>> no switchport access vlan
17:14:29 >>> static-channel-group 2
17:14:31 >>> interface port1.0.13
17:14:32 >>> no switchport access vlan
17:14:33 >>> static-channel-group 3
17:14:34 >>> interface port4.0.9
17:14:35 >>> no switchport access vlan
17:14:36 >>> static-channel-group 3
17:14:38 >>> exit
17:14:39 >>> vlan database
17:14:40 >>> no vlan 3991-3994
17:14:41 >>> end
17:14:42 >>> show static-channel-group
LAG Maximum        : 124
LAG Static  Count  : 3
LAG Dynamic Count  : 0
LAG Total   Count  : 3
Static Aggregator: sa1
Member:
 port3.0.2
 port4.0.2
Static Aggregator: sa2
Member:
 port1.0.2
 port1.0.9
Static Aggregator: sa3
Member:
 port1.0.13
 port4.0.9
17:14:44 >>> show running-config interface sa2-3
!
interface sa2-3
 switchport
 switchport mode access
!
### 17:14:46 x230: 1.0.3/1.0.4 -> vlan 100 + sa2, drop 3991-3992
17:14:51 >>> configure terminal
Enter configuration commands, one per line.  End with CNTL/Z.
17:14:52 >>> interface port1.0.3
17:14:53 >>> switchport access vlan 100
17:14:55 >>> static-channel-group 2
17:14:56 >>> interface port1.0.4
17:14:57 >>> switchport access vlan 100
17:14:58 >>> static-channel-group 2
17:14:59 >>> exit
17:15:00 >>> vlan database
17:15:01 >>> no vlan 3991-3992
17:15:03 >>> end
17:15:04 >>> show static-channel-group
LAG Maximum        : 128
LAG Static  Count  : 1
LAG Dynamic Count  : 0
LAG Total   Count  : 1
Static Aggregator: sa2
Member:
 port1.0.3
 port1.0.4
17:15:06 >>> show running-config interface sa2
!
interface sa2
 switchport
 switchport mode access
 switchport access vlan 100
!
### 17:15:08 SA: 1.0.13/1.0.9 -> sa3, drop 3993-3994
17:15:13 >>> configure terminal
Enter configuration commands, one per line.  End with CNTL/Z.
17:15:14 >>> interface port1.0.13
17:15:15 >>> no switchport access vlan
17:15:16 >>> static-channel-group 3
17:15:17 >>> interface port1.0.9
17:15:18 >>> no switchport access vlan
17:15:20 >>> static-channel-group 3
17:15:21 >>> exit
17:15:22 >>> vlan database
17:15:23 >>> no vlan 3993-3994
17:15:24 >>> end
17:15:25 >>> show static-channel-group
LAG Maximum        : 124
LAG Static  Count  : 1
LAG Dynamic Count  : 0
LAG Total   Count  : 1
Static Aggregator: sa3
Member:
 port1.0.9
 port1.0.13
17:15:27 >>> show running-config interface sa3
!
interface sa3
 switchport
 switchport mode access
!
### 17:15:29 stack: legs up
17:15:34 >>> configure terminal
Enter configuration commands, one per line.  End with CNTL/Z.
17:15:35 >>> interface port1.0.2
17:15:36 >>> no shutdown
17:15:37 >>> interface port1.0.9
17:15:39 >>> no shutdown
IE520-stk(config-if)#switch: port 30(port1.0.2) entered blocking state
switch: port 30(port1.0.2) entered forwarding state
17:15:40 >>> interface port1.0.13
17:15:42 >>> no shutdown
IE520-stk(config-if)#switch: port 37(port1.0.9) entered blocking state
switch: port 37(port1.0.9) entered forwarding state
17:15:43 >>> interface port4.0.9
17:15:44 >>> no shutdown
17:15:46 >>> end
IE520-stk#switch: port 41(port1.0.13) entered blocking state
switch: port 41(port1.0.13) entered forwarding state
17:16:08 >>> show interface status | include port1.0.2 |port1.0.9 |port1.0.13 |port4.0.9 
show interface status | include port1.0.2 |port1.0.9 |port1.0.13 |port

4.0.9 

port1.0.2   -                  connected           1 a-full a-1000  1000BASE-T  
port1.0.9   -                  connected           1 a-full a-1000  1000BASE-T  
port1.0.13  -                  connected           1 a-full a-1000  10GBASE-TM  
port4.0.9   -                  connected           1 a-full a-1000  10GBASE-T
17:16:09 >>> show static-channel-group
LAG Maximum        : 124
LAG Static  Count  : 3
LAG Dynamic Count  : 0
LAG Total   Count  : 3
Static Aggregator: sa1
Member:
 port3.0.2
 port4.0.2
Static Aggregator: sa2
Member:
 port1.0.2
 port1.0.9
Static Aggregator: sa3
Member:
 port1.0.13
 port4.0.9
17:16:10 >>> show vlan brief
VLAN ID  Name            Type    State   Member ports                   
                                         (u)-Untagged, (t)-Tagged
======= ================ ======= ======= ====================================
1       default          STATIC  ACTIVE  sa2(u) sa3(u) port1.0.1(u) 
                                         port1.0.2(u) port1.0.3(u) port1.0.4(u) 
                                         port1.0.5(u) port1.0.6(u) port1.0.7(u) 
                                         port1.0.8(u) port1.0.9(u) 
                                         port1.0.10(u) port1.0.11(u) 
                                         port1.0.12(u) port1.0.13(u) 
                                         port1.0.14(u) port1.0.15(u) 
                                         port1.0.16(u) port1.0.17(u) 
                                         port1.0.18(u) port1.0.19(u) 
                                         port1.0.20(u) port1.0.21(u) 
                                         port1.0.22(u) port1.0.23(u) 
                                         port1.0.24(u) port1.0.25(u) 
                                         port1.0.26(u) port2.0.1(u) 
                                         port2.0.2(u) port2.0.3(u) port2.0.4(u) 
                                         port2.0.5(u) port2.0.6(u) port2.0.7(u) 
                                         port2.0.8(u) port2.0.9(u) 
                                         port2.0.10(u) port2.0.11(u) 
                                         port2.0.12(u) port2.0.13(u) 
                                         port2.0.14(u) port2.0.15(u) 
                                         port2.0.16(u) port2.0.17(u) 
                                         port2.0.18(u) port2.0.19(u) 
                                         port2.0.20(u) port2.0.21(u) 
                                         port2.0.22(u) port2.0.23(u) 
                                         port2.0.24(u) port2.0.25(u) 
                                         port2.0.26(u) port2.0.27(u) 
                                         port2.0.28(u) port3.0.1(u) 
                                         port3.0.3(u) port3.0.4(u) port3.0.5(u) 
                                         port3.0.6(u) port3.0.7(u) port3.0.8(u) 
                                         port3.0.9(u) port3.0.10(u) 
                                         port3.0.11(u) port3.0.12(u) 
                                         port3.0.13(u) port3.0.14(u) 
                                         port3.0.15(u) port3.0.16(u) 
                                         port3.0.17(u) port3.0.18(u) 
                                         port3.0.19(u) port3.0.20(u) 
                                         port3.0.21(u) port3.0.22(u) 
                                         port3.0.23(u) port3.0.24(u) 
                                         port3.0.25(u) port3.0.26(u) 
                                         port4.0.1(u) port4.0.3(u) port4.0.4(u) 
                                         port4.0.5(u) port4.0.6(u) port4.0.7(u) 
                                         port4.0.8(u) port4.0.9(u) 
                                         port4.0.10(u) port4.0.11(u) 
                                         port4.0.12(u) port4.0.13(u) 
                                         port4.0.14(u) port4.0.15(u) 
                                         port4.0.16(u) port4.0.17(u) 
                                         port4.0.18(u) port4.0.19(u) 
                                         port4.0.20(u) port4.0.21(u) 
                                         port4.0.22(u) port4.0.23(u) 
                                         port4.0.24(u) port4.0.25(u) 
                                         port4.0.26(u) 
10      data             STATIC  ACTIVE  sa1(u) port3.0.2(u) port4.0.2(u)
### 17:16:13 done
