14:30:16 >>> configure terminal
Enter configuration commands, one per line.  End with CNTL/Z.
14:30:18 >>> interface port1.0.2
14:30:19 >>> no shutdown
14:30:20 >>> interface port1.0.9
14:30:22 >>> no shutdown
IE520-stk(config-if)#switch: port 30(port1.0.2) entered blocking state
switch: port 30(port1.0.2) entered forwarding state
14:30:23 >>> interface port1.0.13
14:30:24 >>> no shutdown
IE520-stk(config-if)#switch: port 37(port1.0.9) entered blocking state
switch: port 37(port1.0.9) entered forwarding state
14:30:26 >>> interface port4.0.9
14:30:27 >>> no shutdown
14:30:28 >>> end
IE520-stk#switch: port 41(port1.0.13) entered blocking state
switch: port 41(port1.0.13) entered forwarding state
14:30:55 >>> show interface status | include port1.0.2 |port1.0.9 |port1.0.13 |port4.0.9 |port4.0.26 |port3.0.13 
show interface status | include port1.0.2 |port1.0.9 |port1.0.13 |port

4.0.9 |port4.0.26 |port3.0.13 

port1.0.2   -                  connected        3991 a-full a-1000  1000BASE-T  
port1.0.9   -                  connected        3992 a-full a-1000  1000BASE-T  
port1.0.13  -                  connected        3993 a-full a-1000  10GBASE-TM  
port3.0.13  -                  connected           1 a-full a-1000  10GBASE-TM  
port4.0.9   -                  connected        3994 a-full a-1000  10GBASE-T   
port4.0.26  -                  connected           1 a-full a-1000  1000BASE-SX
14:30:57 >>> show lldp neighbors
LLDP Neighbor Information:

Total number of neighbors on these ports .... 5

 System Capability Codes:
   O = Other   P = Repeater   B = Bridge               W = WLAN Access Point
   R = Router  T = Telephone  C = DOCSIS Cable Device  S = Station Only
 LLDP-MED Device Type and Power Source Codes:
   1 = Class I   3 = Class III    PSE  = PoE    Both = PoE&Local  Prim = Primary
   2 = Class II  N = Network Con. Locl = Local  Unkn = Unknown    Back = Backup

Local    Neighbor        Neighbor        Neighbor                System   MED   
Port     Chassis ID      Port ID         Sys Name                Cap.     Ty Pwr
--------------------------------------------------------------------------------
1.0.13   84e3.2787.0780  port1.0.13                                       
3.0.2    0000.cd40.0394  port1.0.3                                        
4.0.2    0000.cd40.0394  port1.0.4                                        
4.0.9    84e3.2787.0780  port1.0.9                                        
4.0.26   84e3.2787.0780  port1.0.26
14:30:58 >>> show vlan brief | include 399
3991    VLAN3991         STATIC  ACTIVE  port1.0.2(u) 
3992    VLAN3992         STATIC  ACTIVE  port1.0.9(u) 
3993    VLAN3993         STATIC  ACTIVE  port1.0.13(u) 
3994    VLAN3994         STATIC  ACTIVE  port4.0.9(u)
