14:28:51 >>> configure terminal
Enter configuration commands, one per line.  End with CNTL/Z.
14:28:52 >>> vlan database
14:28:53 >>> vlan 3993,3994 state enable
14:28:54 >>> exit
14:28:55 >>> interface port1.0.13
14:28:56 >>> no static-channel-group
14:28:58 >>> switchport access vlan 3993
14:28:59 >>> interface port1.0.9
14:29:00 >>> no static-channel-group
14:29:01 >>> switchport access vlan 3994
14:29:02 >>> end
14:29:03 >>> show static-channel-group
LAG Maximum        : 124
LAG Static  Count  : 0
LAG Dynamic Count  : 0
LAG Total   Count  : 0
14:29:05 >>> show vlan brief | include 399|^1 
1       default          STATIC  ACTIVE  port1.0.1(u) port1.0.2(u) port1.0.3(u) 
3993    VLAN3993         STATIC  ACTIVE  port1.0.13(u) 
3994    VLAN3994         STATIC  ACTIVE  port1.0.9(u)
