14:28:29 >>> configure terminal
Enter configuration commands, one per line.  End with CNTL/Z.
14:28:30 >>> vlan database
14:28:31 >>> vlan 3991,3992 state enable
14:28:32 >>> exit
14:28:33 >>> interface port1.0.3
14:28:35 >>> no static-channel-group
14:28:36 >>> switchport access vlan 3991
14:28:37 >>> interface port1.0.4
14:28:38 >>> no static-channel-group
14:28:39 >>> switchport access vlan 3992
14:28:40 >>> end
14:28:42 >>> show static-channel-group
LAG Maximum        : 128
LAG Static  Count  : 0
LAG Dynamic Count  : 0
LAG Total   Count  : 0
14:28:43 >>> show vlan brief
VLAN ID  Name            Type    State   Member ports                   
                                         (u)-Untagged, (t)-Tagged
======= ================ ======= ======= ====================================
1       default          STATIC  ACTIVE  
100     VLAN0100         STATIC  ACTIVE  port1.0.1(u) port1.0.2(u) port1.0.5(u) 
                                         port1.0.6(u) port1.0.7(u) port1.0.8(u) 
                                         port1.0.9(u) port1.0.10(u) 
999     VLAN0999         STATIC  ACTIVE  
3991    VLAN3991         STATIC  ACTIVE  port1.0.3(u) 
3992    VLAN3992         STATIC  ACTIVE  port1.0.4(u)
