13:31:44: ================ PowerGroup has been initialised ================
13:31:44: ======== Turning PowerGroup on
13:31:44: PowerGroup._pdu_cmd(on, [2], 3) called
13:31:44: Waiting for pdu lock
13:31:44: ...lock acquired
13:31:44: Power outlets are already in the desired state
13:31:44: ...lock released
13:31:44: Turning PowerGroup on: Success
13:37:25: ================ PowerGroup has been initialised ================
13:37:25: ======== Turning PowerGroup on
13:37:25: PowerGroup._pdu_cmd(on, [2], 3) called
13:37:25: Waiting for pdu lock
13:37:25: ...lock acquired
13:37:25: Power outlets are already in the desired state
13:37:25: ...lock released
13:37:25: Turning PowerGroup on: Success
13:50:39: ========= TestCase 1 Starting =========
13:50:49: ======== Turning PowerGroup off
13:50:49: PowerGroup._pdu_cmd(off, [2], 3) called
13:50:49: Waiting for pdu lock
13:50:49: ...lock acquired
13:50:49: HTTP POST was successfully executed
13:50:50: PowerGroup._pdu_cmd(status, [2], 3) called
13:50:50: Waiting for pdu lock
13:50:50: ...lock acquired
13:50:50: Current outlet status: {1: '0', 2: '0', 3: '0', 4: '0', 5: '0', 6: '0', 7: '0', 8: '0', 9: '1', 10: '0', 11: '0', 12: '0', 13: '0', 14: '0', 15: '0', 16: '0', 17: '1', 18: '0', 19: '0', 20: '0', 21: '0', 22: '0', 23: '0', 24: '0', 25: '5'}
13:50:50: ...lock released
13:50:50: Power outlets have been successfully turned off
13:50:50: ...lock released
13:50:50: Turning PowerGroup off: Success
13:51:05: ======== Turning PowerGroup on
13:51:05: PowerGroup._pdu_cmd(on, [2], 3) called
13:51:05: Waiting for pdu lock
13:51:05: ...lock acquired
13:51:05: Sleep 0 seconds to work around the x610 power supply issue
13:51:05: HTTP POST was successfully executed
13:51:08: PowerGroup._pdu_cmd(status, [2], 3) called
13:51:08: Waiting for pdu lock
13:51:08: ...lock acquired
13:51:08: Current outlet status: {1: '0', 2: '1', 3: '0', 4: '0', 5: '0', 6: '0', 7: '0', 8: '0', 9: '1', 10: '0', 11: '0', 12: '0', 13: '0', 14: '0', 15: '0', 16: '0', 17: '1', 18: '0', 19: '0', 20: '0', 21: '0', 22: '0', 23: '0', 24: '0', 25: '5'}
13:51:08: ...lock released
13:51:08: Power outlets have been successfully turned on
13:51:08: ...lock released
13:51:08: Turning PowerGroup on: Success
13:53:44: ========= TestCase 1 Tear Down =========
13:53:57: ========= TestCase 2 Starting =========
13:54:00: ======== Turning PowerGroup off
13:54:00: PowerGroup._pdu_cmd(off, [2], 3) called
13:54:00: Waiting for pdu lock
13:54:00: ...lock acquired
13:54:00: HTTP POST was successfully executed
13:54:01: PowerGroup._pdu_cmd(status, [2], 3) called
13:54:01: Waiting for pdu lock
13:54:01: ...lock acquired
13:54:01: Current outlet status: {1: '0', 2: '0', 3: '0', 4: '0', 5: '0', 6: '0', 7: '0', 8: '0', 9: '1', 10: '0', 11: '0', 12: '0', 13: '0', 14: '0', 15: '0', 16: '0', 17: '1', 18: '0', 19: '0', 20: '0', 21: '0', 22: '0', 23: '0', 24: '0', 25: '5'}
13:54:01: ...lock released
13:54:01: Power outlets have been successfully turned off
13:54:01: ...lock released
13:54:01: Turning PowerGroup off: Success
13:54:16: ======== Turning PowerGroup on
13:54:16: PowerGroup._pdu_cmd(on, [2], 3) called
13:54:16: Waiting for pdu lock
13:54:16: ...lock acquired
13:54:16: Sleep 0 seconds to work around the x610 power supply issue
13:54:16: HTTP POST was successfully executed
13:54:19: PowerGroup._pdu_cmd(status, [2], 3) called
13:54:19: Waiting for pdu lock
13:54:19: ...lock acquired
13:54:19: Current outlet status: {1: '0', 2: '1', 3: '0', 4: '0', 5: '0', 6: '0', 7: '0', 8: '0', 9: '1', 10: '0', 11: '0', 12: '0', 13: '0', 14: '0', 15: '0', 16: '0', 17: '1', 18: '0', 19: '0', 20: '0', 21: '0', 22: '0', 23: '0', 24: '0', 25: '5'}
13:54:19: ...lock released
13:54:19: Power outlets have been successfully turned on
13:54:19: ...lock released
13:54:19: Turning PowerGroup on: Success
13:56:48: ======== Turning PowerGroup off
13:56:48: PowerGroup._pdu_cmd(off, [2], 3) called
13:56:48: Waiting for pdu lock
13:56:48: ...lock acquired
13:56:49: HTTP POST was successfully executed
13:56:50: PowerGroup._pdu_cmd(status, [2], 3) called
13:56:50: Waiting for pdu lock
13:56:50: ...lock acquired
13:56:50: Current outlet status: {1: '0', 2: '0', 3: '0', 4: '0', 5: '0', 6: '0', 7: '0', 8: '0', 9: '1', 10: '0', 11: '0', 12: '0', 13: '0', 14: '0', 15: '0', 16: '0', 17: '1', 18: '0', 19: '0', 20: '0', 21: '0', 22: '0', 23: '0', 24: '0', 25: '5'}
13:56:50: ...lock released
13:56:50: Power outlets have been successfully turned off
13:56:50: ...lock released
13:56:50: Turning PowerGroup off: Success
13:57:05: ======== Turning PowerGroup on
13:57:05: PowerGroup._pdu_cmd(on, [2], 3) called
13:57:05: Waiting for pdu lock
13:57:05: ...lock acquired
13:57:05: Sleep 0 seconds to work around the x610 power supply issue
13:57:05: HTTP POST was successfully executed
13:57:08: PowerGroup._pdu_cmd(status, [2], 3) called
13:57:08: Waiting for pdu lock
13:57:08: ...lock acquired
13:57:08: Current outlet status: {1: '0', 2: '1', 3: '0', 4: '0', 5: '0', 6: '0', 7: '0', 8: '0', 9: '1', 10: '0', 11: '0', 12: '0', 13: '0', 14: '0', 15: '0', 16: '0', 17: '1', 18: '0', 19: '0', 20: '0', 21: '0', 22: '0', 23: '0', 24: '0', 25: '5'}
13:57:08: ...lock released
13:57:08: Power outlets have been successfully turned on
13:57:08: ...lock released
13:57:08: Turning PowerGroup on: Success
13:58:26: ======== Turning PowerGroup off
13:58:26: PowerGroup._pdu_cmd(off, [2], 3) called
13:58:26: Waiting for pdu lock
13:58:26: ...lock acquired
13:58:26: HTTP POST was successfully executed
13:58:27: PowerGroup._pdu_cmd(status, [2], 3) called
13:58:27: Waiting for pdu lock
13:58:27: ...lock acquired
13:58:27: Current outlet status: {1: '0', 2: '0', 3: '0', 4: '0', 5: '0', 6: '0', 7: '0', 8: '0', 9: '1', 10: '0', 11: '0', 12: '0', 13: '0', 14: '0', 15: '0', 16: '0', 17: '1', 18: '0', 19: '0', 20: '0', 21: '0', 22: '0', 23: '0', 24: '0', 25: '5'}
13:58:27: ...lock released
13:58:27: Power outlets have been successfully turned off
13:58:27: ...lock released
13:58:27: Turning PowerGroup off: Success
13:58:42: ======== Turning PowerGroup on
13:58:42: PowerGroup._pdu_cmd(on, [2], 3) called
13:58:42: Waiting for pdu lock
13:58:42: ...lock acquired
13:58:42: Sleep 0 seconds to work around the x610 power supply issue
13:58:42: HTTP POST was successfully executed
13:58:45: PowerGroup._pdu_cmd(status, [2], 3) called
13:58:45: Waiting for pdu lock
13:58:45: ...lock acquired
13:58:45: Current outlet status: {1: '0', 2: '1', 3: '0', 4: '0', 5: '0', 6: '0', 7: '0', 8: '0', 9: '1', 10: '0', 11: '0', 12: '0', 13: '0', 14: '0', 15: '0', 16: '0', 17: '1', 18: '0', 19: '0', 20: '0', 21: '0', 22: '0', 23: '0', 24: '0', 25: '5'}
13:58:45: ...lock released
13:58:45: Power outlets have been successfully turned on
13:58:45: ...lock released
13:58:45: Turning PowerGroup on: Success
14:00:03: ======== Turning PowerGroup off
14:00:03: PowerGroup._pdu_cmd(off, [2], 3) called
14:00:03: Waiting for pdu lock
14:00:03: ...lock acquired
14:00:03: HTTP POST was successfully executed
14:00:04: PowerGroup._pdu_cmd(status, [2], 3) called
14:00:04: Waiting for pdu lock
14:00:04: ...lock acquired
14:00:04: Current outlet status: {1: '0', 2: '0', 3: '0', 4: '0', 5: '0', 6: '0', 7: '0', 8: '0', 9: '1', 10: '0', 11: '0', 12: '0', 13: '0', 14: '0', 15: '0', 16: '0', 17: '1', 18: '0', 19: '0', 20: '0', 21: '0', 22: '0', 23: '0', 24: '0', 25: '5'}
14:00:04: ...lock released
14:00:04: Power outlets have been successfully turned off
14:00:04: ...lock released
14:00:04: Turning PowerGroup off: Success
14:00:19: ======== Turning PowerGroup on
14:00:19: PowerGroup._pdu_cmd(on, [2], 3) called
14:00:19: Waiting for pdu lock
14:00:19: ...lock acquired
14:00:19: Sleep 0 seconds to work around the x610 power supply issue
14:00:19: HTTP POST was successfully executed
14:00:22: PowerGroup._pdu_cmd(status, [2], 3) called
14:00:22: Waiting for pdu lock
14:00:22: ...lock acquired
14:00:22: Current outlet status: {1: '0', 2: '1', 3: '0', 4: '0', 5: '0', 6: '0', 7: '0', 8: '0', 9: '1', 10: '0', 11: '0', 12: '0', 13: '0', 14: '0', 15: '0', 16: '0', 17: '1', 18: '0', 19: '0', 20: '0', 21: '0', 22: '0', 23: '0', 24: '0', 25: '5'}
14:00:22: ...lock released
14:00:22: Power outlets have been successfully turned on
14:00:22: ...lock released
14:00:22: Turning PowerGroup on: Success
14:01:40: ======== Turning PowerGroup off
14:01:40: PowerGroup._pdu_cmd(off, [2], 3) called
14:01:40: Waiting for pdu lock
14:01:40: ...lock acquired
14:01:40: HTTP POST was successfully executed
14:01:41: PowerGroup._pdu_cmd(status, [2], 3) called
14:01:41: Waiting for pdu lock
14:01:41: ...lock acquired
14:01:41: Current outlet status: {1: '0', 2: '0', 3: '0', 4: '0', 5: '0', 6: '0', 7: '0', 8: '0', 9: '1', 10: '0', 11: '0', 12: '0', 13: '0', 14: '0', 15: '0', 16: '0', 17: '1', 18: '0', 19: '0', 20: '0', 21: '0', 22: '0', 23: '0', 24: '0', 25: '5'}
14:01:41: ...lock released
14:01:41: Power outlets have been successfully turned off
14:01:41: ...lock released
14:01:41: Turning PowerGroup off: Success
14:01:57: ======== Turning PowerGroup on
14:01:57: PowerGroup._pdu_cmd(on, [2], 3) called
14:01:57: Waiting for pdu lock
14:01:57: ...lock acquired
14:01:57: Sleep 0 seconds to work around the x610 power supply issue
14:01:57: HTTP POST was successfully executed
14:02:00: PowerGroup._pdu_cmd(status, [2], 3) called
14:02:00: Waiting for pdu lock
14:02:00: ...lock acquired
14:02:00: Current outlet status: {1: '0', 2: '1', 3: '0', 4: '0', 5: '0', 6: '0', 7: '0', 8: '0', 9: '1', 10: '0', 11: '0', 12: '0', 13: '0', 14: '0', 15: '0', 16: '0', 17: '1', 18: '0', 19: '0', 20: '0', 21: '0', 22: '0', 23: '0', 24: '0', 25: '5'}
14:02:00: ...lock released
14:02:00: Power outlets have been successfully turned on
14:02:00: ...lock released
14:02:00: Turning PowerGroup on: Success
14:03:19: ======== Turning PowerGroup off
14:03:19: PowerGroup._pdu_cmd(off, [2], 3) called
14:03:19: Waiting for pdu lock
14:03:19: ...lock acquired
14:03:19: HTTP POST was successfully executed
14:03:20: PowerGroup._pdu_cmd(status, [2], 3) called
14:03:20: Waiting for pdu lock
14:03:20: ...lock acquired
14:03:20: Current outlet status: {1: '0', 2: '0', 3: '0', 4: '0', 5: '0', 6: '0', 7: '0', 8: '0', 9: '1', 10: '0', 11: '0', 12: '0', 13: '0', 14: '0', 15: '0', 16: '0', 17: '1', 18: '0', 19: '0', 20: '0', 21: '0', 22: '0', 23: '0', 24: '0', 25: '5'}
14:03:20: ...lock released
14:03:20: Power outlets have been successfully turned off
14:03:20: ...lock released
14:03:20: Turning PowerGroup off: Success
14:03:35: ======== Turning PowerGroup on
14:03:35: PowerGroup._pdu_cmd(on, [2], 3) called
14:03:35: Waiting for pdu lock
14:03:35: ...lock acquired
14:03:35: Sleep 0 seconds to work around the x610 power supply issue
14:03:35: HTTP POST was successfully executed
14:03:38: PowerGroup._pdu_cmd(status, [2], 3) called
14:03:38: Waiting for pdu lock
14:03:38: ...lock acquired
14:03:38: Current outlet status: {1: '0', 2: '1', 3: '0', 4: '0', 5: '0', 6: '0', 7: '0', 8: '0', 9: '1', 10: '0', 11: '0', 12: '0', 13: '0', 14: '0', 15: '0', 16: '0', 17: '1', 18: '0', 19: '0', 20: '0', 21: '0', 22: '0', 23: '0', 24: '0', 25: '5'}
14:03:38: ...lock released
14:03:38: Power outlets have been successfully turned on
14:03:38: ...lock released
14:03:38: Turning PowerGroup on: Success
14:04:57: ======== Turning PowerGroup off
14:04:57: PowerGroup._pdu_cmd(off, [2], 3) called
14:04:57: Waiting for pdu lock
14:04:57: ...lock acquired
14:04:57: HTTP POST was successfully executed
14:04:58: PowerGroup._pdu_cmd(status, [2], 3) called
14:04:58: Waiting for pdu lock
14:04:58: ...lock acquired
14:04:58: Current outlet status: {1: '0', 2: '0', 3: '0', 4: '0', 5: '0', 6: '0', 7: '0', 8: '0', 9: '1', 10: '0', 11: '0', 12: '0', 13: '0', 14: '0', 15: '0', 16: '0', 17: '1', 18: '0', 19: '0', 20: '0', 21: '0', 22: '0', 23: '0', 24: '0', 25: '5'}
14:04:58: ...lock released
14:04:58: Power outlets have been successfully turned off
14:04:58: ...lock released
14:04:58: Turning PowerGroup off: Success
14:05:14: ======== Turning PowerGroup on
14:05:14: PowerGroup._pdu_cmd(on, [2], 3) called
14:05:14: Waiting for pdu lock
14:05:14: ...lock acquired
14:05:14: Sleep 0 seconds to work around the x610 power supply issue
14:05:14: HTTP POST was successfully executed
14:05:17: PowerGroup._pdu_cmd(status, [2], 3) called
14:05:17: Waiting for pdu lock
14:05:17: ...lock acquired
14:05:17: Current outlet status: {1: '0', 2: '1', 3: '0', 4: '0', 5: '0', 6: '0', 7: '0', 8: '0', 9: '1', 10: '0', 11: '0', 12: '0', 13: '0', 14: '0', 15: '0', 16: '0', 17: '1', 18: '0', 19: '0', 20: '0', 21: '0', 22: '0', 23: '0', 24: '0', 25: '5'}
14:05:17: ...lock released
14:05:17: Power outlets have been successfully turned on
14:05:17: ...lock released
14:05:17: Turning PowerGroup on: Success
14:06:36: ======== Turning PowerGroup off
14:06:36: PowerGroup._pdu_cmd(off, [2], 3) called
14:06:36: Waiting for pdu lock
14:06:36: ...lock acquired
14:06:36: HTTP POST was successfully executed
14:06:37: PowerGroup._pdu_cmd(status, [2], 3) called
14:06:37: Waiting for pdu lock
14:06:37: ...lock acquired
14:06:37: Current outlet status: {1: '0', 2: '0', 3: '0', 4: '0', 5: '0', 6: '0', 7: '0', 8: '0', 9: '1', 10: '0', 11: '0', 12: '0', 13: '0', 14: '0', 15: '0', 16: '0', 17: '1', 18: '0', 19: '0', 20: '0', 21: '0', 22: '0', 23: '0', 24: '0', 25: '5'}
14:06:37: ...lock released
14:06:37: Power outlets have been successfully turned off
14:06:37: ...lock released
14:06:37: Turning PowerGroup off: Success
14:06:53: ======== Turning PowerGroup on
14:06:53: PowerGroup._pdu_cmd(on, [2], 3) called
14:06:53: Waiting for pdu lock
14:06:53: ...lock acquired
14:06:53: Sleep 0 seconds to work around the x610 power supply issue
14:06:53: HTTP POST was successfully executed
14:06:56: PowerGroup._pdu_cmd(status, [2], 3) called
14:06:56: Waiting for pdu lock
14:06:56: ...lock acquired
14:06:57: Current outlet status: {1: '0', 2: '1', 3: '0', 4: '0', 5: '0', 6: '0', 7: '0', 8: '0', 9: '1', 10: '0', 11: '0', 12: '0', 13: '0', 14: '0', 15: '0', 16: '0', 17: '1', 18: '0', 19: '0', 20: '0', 21: '0', 22: '0', 23: '0', 24: '0', 25: '5'}
14:06:57: ...lock released
14:06:57: Power outlets have been successfully turned on
14:06:57: ...lock released
14:06:57: Turning PowerGroup on: Success
14:08:15: ======== Turning PowerGroup off
14:08:15: PowerGroup._pdu_cmd(off, [2], 3) called
14:08:15: Waiting for pdu lock
14:08:15: ...lock acquired
14:08:15: HTTP POST was successfully executed
14:08:16: PowerGroup._pdu_cmd(status, [2], 3) called
14:08:16: Waiting for pdu lock
14:08:16: ...lock acquired
14:08:16: Current outlet status: {1: '0', 2: '0', 3: '0', 4: '0', 5: '0', 6: '0', 7: '0', 8: '0', 9: '1', 10: '0', 11: '0', 12: '0', 13: '0', 14: '0', 15: '0', 16: '0', 17: '1', 18: '0', 19: '0', 20: '0', 21: '0', 22: '0', 23: '0', 24: '0', 25: '5'}
14:08:16: ...lock released
14:08:16: Power outlets have been successfully turned off
14:08:16: ...lock released
14:08:16: Turning PowerGroup off: Success
14:08:31: ======== Turning PowerGroup on
14:08:31: PowerGroup._pdu_cmd(on, [2], 3) called
14:08:31: Waiting for pdu lock
14:08:31: ...lock acquired
14:08:31: Sleep 0 seconds to work around the x610 power supply issue
14:08:31: HTTP POST was successfully executed
14:08:34: PowerGroup._pdu_cmd(status, [2], 3) called
14:08:34: Waiting for pdu lock
14:08:34: ...lock acquired
14:08:34: Current outlet status: {1: '0', 2: '1', 3: '0', 4: '0', 5: '0', 6: '0', 7: '0', 8: '0', 9: '1', 10: '0', 11: '0', 12: '0', 13: '0', 14: '0', 15: '0', 16: '0', 17: '1', 18: '0', 19: '0', 20: '0', 21: '0', 22: '0', 23: '0', 24: '0', 25: '5'}
14:08:34: ...lock released
14:08:34: Power outlets have been successfully turned on
14:08:34: ...lock released
14:08:34: Turning PowerGroup on: Success
14:09:47: ======== Turning PowerGroup off
14:09:47: PowerGroup._pdu_cmd(off, [2], 3) called
14:09:47: Waiting for pdu lock
14:09:47: ...lock acquired
14:09:47: HTTP POST was successfully executed
14:09:48: PowerGroup._pdu_cmd(status, [2], 3) called
14:09:48: Waiting for pdu lock
14:09:48: ...lock acquired
14:09:48: Current outlet status: {1: '0', 2: '0', 3: '0', 4: '0', 5: '0', 6: '0', 7: '0', 8: '0', 9: '1', 10: '0', 11: '0', 12: '0', 13: '0', 14: '0', 15: '0', 16: '0', 17: '1', 18: '0', 19: '0', 20: '0', 21: '0', 22: '0', 23: '0', 24: '0', 25: '5'}
14:09:48: ...lock released
14:09:48: Power outlets have been successfully turned off
14:09:48: ...lock released
14:09:48: Turning PowerGroup off: Success
14:10:03: ======== Turning PowerGroup on
14:10:03: PowerGroup._pdu_cmd(on, [2], 3) called
14:10:03: Waiting for pdu lock
14:10:03: ...lock acquired
14:10:03: Sleep 0 seconds to work around the x610 power supply issue
14:10:03: HTTP POST was successfully executed
14:10:06: PowerGroup._pdu_cmd(status, [2], 3) called
14:10:06: Waiting for pdu lock
14:10:06: ...lock acquired
14:10:06: Current outlet status: {1: '0', 2: '1', 3: '0', 4: '0', 5: '0', 6: '0', 7: '0', 8: '0', 9: '1', 10: '0', 11: '0', 12: '0', 13: '0', 14: '0', 15: '0', 16: '0', 17: '1', 18: '0', 19: '0', 20: '0', 21: '0', 22: '0', 23: '0', 24: '0', 25: '5'}
14:10:06: ...lock released
14:10:06: Power outlets have been successfully turned on
14:10:06: ...lock released
14:10:06: Turning PowerGroup on: Success
14:11:20: ======== Turning PowerGroup off
14:11:20: PowerGroup._pdu_cmd(off, [2], 3) called
14:11:20: Waiting for pdu lock
14:11:20: ...lock acquired
14:11:20: HTTP POST was successfully executed
14:11:21: PowerGroup._pdu_cmd(status, [2], 3) called
14:11:21: Waiting for pdu lock
14:11:21: ...lock acquired
14:11:21: Current outlet status: {1: '0', 2: '0', 3: '0', 4: '0', 5: '0', 6: '0', 7: '0', 8: '0', 9: '1', 10: '0', 11: '0', 12: '0', 13: '0', 14: '0', 15: '0', 16: '0', 17: '1', 18: '0', 19: '0', 20: '0', 21: '0', 22: '0', 23: '0', 24: '0', 25: '5'}
14:11:21: ...lock released
14:11:21: Power outlets have been successfully turned off
14:11:21: ...lock released
14:11:21: Turning PowerGroup off: Success
14:11:36: ======== Turning PowerGroup on
14:11:36: PowerGroup._pdu_cmd(on, [2], 3) called
14:11:36: Waiting for pdu lock
14:11:36: ...lock acquired
14:11:36: Sleep 0 seconds to work around the x610 power supply issue
14:11:36: HTTP POST was successfully executed
14:11:39: PowerGroup._pdu_cmd(status, [2], 3) called
14:11:39: Waiting for pdu lock
14:11:39: ...lock acquired
14:11:39: Current outlet status: {1: '0', 2: '1', 3: '0', 4: '0', 5: '0', 6: '0', 7: '0', 8: '0', 9: '1', 10: '0', 11: '0', 12: '0', 13: '0', 14: '0', 15: '0', 16: '0', 17: '1', 18: '0', 19: '0', 20: '0', 21: '0', 22: '0', 23: '0', 24: '0', 25: '5'}
14:11:39: ...lock released
14:11:39: Power outlets have been successfully turned on
14:11:39: ...lock released
14:11:39: Turning PowerGroup on: Success
14:13:10: ======== Turning PowerGroup off
14:13:10: PowerGroup._pdu_cmd(off, [2], 3) called
14:13:10: Waiting for pdu lock
14:13:10: ...lock acquired
14:13:10: HTTP POST was successfully executed
14:13:11: PowerGroup._pdu_cmd(status, [2], 3) called
14:13:11: Waiting for pdu lock
14:13:11: ...lock acquired
14:13:11: Current outlet status: {1: '0', 2: '0', 3: '0', 4: '0', 5: '0', 6: '0', 7: '0', 8: '0', 9: '1', 10: '0', 11: '0', 12: '0', 13: '0', 14: '0', 15: '0', 16: '0', 17: '1', 18: '0', 19: '0', 20: '0', 21: '0', 22: '0', 23: '0', 24: '0', 25: '5'}
14:13:11: ...lock released
14:13:11: Power outlets have been successfully turned off
14:13:11: ...lock released
14:13:11: Turning PowerGroup off: Success
14:13:27: ======== Turning PowerGroup on
14:13:27: PowerGroup._pdu_cmd(on, [2], 3) called
14:13:27: Waiting for pdu lock
14:13:27: ...lock acquired
14:13:27: Sleep 0 seconds to work around the x610 power supply issue
14:13:27: HTTP POST was successfully executed
14:13:30: PowerGroup._pdu_cmd(status, [2], 3) called
14:13:30: Waiting for pdu lock
14:13:30: ...lock acquired
14:13:30: Current outlet status: {1: '0', 2: '1', 3: '0', 4: '0', 5: '0', 6: '0', 7: '0', 8: '0', 9: '1', 10: '0', 11: '0', 12: '0', 13: '0', 14: '0', 15: '0', 16: '0', 17: '1', 18: '0', 19: '0', 20: '0', 21: '0', 22: '0', 23: '0', 24: '0', 25: '5'}
14:13:30: ...lock released
14:13:30: Power outlets have been successfully turned on
14:13:30: ...lock released
14:13:30: Turning PowerGroup on: Success
14:14:41: ======== Turning PowerGroup off
14:14:41: PowerGroup._pdu_cmd(off, [2], 3) called
14:14:41: Waiting for pdu lock
14:14:41: ...lock acquired
14:14:41: HTTP POST was successfully executed
14:14:42: PowerGroup._pdu_cmd(status, [2], 3) called
14:14:42: Waiting for pdu lock
14:14:42: ...lock acquired
14:14:42: Current outlet status: {1: '0', 2: '0', 3: '0', 4: '0', 5: '0', 6: '0', 7: '0', 8: '0', 9: '1', 10: '0', 11: '0', 12: '0', 13: '0', 14: '0', 15: '0', 16: '0', 17: '1', 18: '0', 19: '0', 20: '0', 21: '0', 22: '0', 23: '0', 24: '0', 25: '5'}
14:14:42: ...lock released
14:14:42: Power outlets have been successfully turned off
14:14:42: ...lock released
14:14:42: Turning PowerGroup off: Success
14:14:57: ======== Turning PowerGroup on
14:14:57: PowerGroup._pdu_cmd(on, [2], 3) called
14:14:57: Waiting for pdu lock
14:14:57: ...lock acquired
14:14:57: Sleep 0 seconds to work around the x610 power supply issue
14:14:57: HTTP POST was successfully executed
14:15:00: PowerGroup._pdu_cmd(status, [2], 3) called
14:15:00: Waiting for pdu lock
14:15:00: ...lock acquired
14:15:00: Current outlet status: {1: '0', 2: '1', 3: '0', 4: '0', 5: '0', 6: '0', 7: '0', 8: '0', 9: '1', 10: '0', 11: '0', 12: '0', 13: '0', 14: '0', 15: '0', 16: '0', 17: '1', 18: '0', 19: '0', 20: '0', 21: '0', 22: '0', 23: '0', 24: '0', 25: '5'}
14:15:00: ...lock released
14:15:00: Power outlets have been successfully turned on
14:15:00: ...lock released
14:15:00: Turning PowerGroup on: Success
14:51:57: ======== Turning PowerGroup off
14:51:57: PowerGroup._pdu_cmd(off, [2], 3) called
14:51:57: Waiting for pdu lock
14:51:57: ...lock acquired
14:51:57: HTTP POST was successfully executed
14:51:58: PowerGroup._pdu_cmd(status, [2], 3) called
14:51:58: Waiting for pdu lock
14:51:58: ...lock acquired
14:51:58: Current outlet status: {1: '0', 2: '0', 3: '0', 4: '0', 5: '0', 6: '0', 7: '0', 8: '0', 9: '1', 10: '0', 11: '0', 12: '0', 13: '0', 14: '0', 15: '0', 16: '0', 17: '1', 18: '0', 19: '0', 20: '0', 21: '0', 22: '0', 23: '0', 24: '0', 25: '5'}
14:51:58: ...lock released
14:51:58: Power outlets have been successfully turned off
14:51:58: ...lock released
14:51:58: Turning PowerGroup off: Success
14:52:13: ======== Turning PowerGroup on
14:52:13: PowerGroup._pdu_cmd(on, [2], 3) called
14:52:13: Waiting for pdu lock
14:52:13: ...lock acquired
14:52:13: Sleep 0 seconds to work around the x610 power supply issue
14:52:13: HTTP POST was successfully executed
14:52:16: PowerGroup._pdu_cmd(status, [2], 3) called
14:52:16: Waiting for pdu lock
14:52:16: ...lock acquired
14:52:16: Current outlet status: {1: '0', 2: '1', 3: '0', 4: '0', 5: '0', 6: '0', 7: '0', 8: '0', 9: '1', 10: '0', 11: '0', 12: '0', 13: '0', 14: '0', 15: '0', 16: '0', 17: '1', 18: '0', 19: '0', 20: '0', 21: '0', 22: '0', 23: '0', 24: '0', 25: '5'}
14:52:16: ...lock released
14:52:16: Power outlets have been successfully turned on
14:52:16: ...lock released
14:52:16: Turning PowerGroup on: Success
15:13:45: ======== Turning PowerGroup off
15:13:45: PowerGroup._pdu_cmd(off, [2], 3) called
15:13:45: Waiting for pdu lock
15:13:45: ...lock acquired
15:13:45: HTTP POST was successfully executed
15:13:46: PowerGroup._pdu_cmd(status, [2], 3) called
15:13:46: Waiting for pdu lock
15:13:46: ...lock acquired
15:13:46: Current outlet status: {1: '0', 2: '0', 3: '0', 4: '0', 5: '0', 6: '0', 7: '0', 8: '0', 9: '1', 10: '0', 11: '0', 12: '0', 13: '0', 14: '0', 15: '0', 16: '0', 17: '1', 18: '0', 19: '0', 20: '0', 21: '0', 22: '0', 23: '0', 24: '0', 25: '5'}
15:13:46: ...lock released
15:13:46: Power outlets have been successfully turned off
15:13:46: ...lock released
15:13:46: Turning PowerGroup off: Success
15:14:01: ======== Turning PowerGroup on
15:14:01: PowerGroup._pdu_cmd(on, [2], 3) called
15:14:01: Waiting for pdu lock
15:14:01: ...lock acquired
15:14:01: Sleep 0 seconds to work around the x610 power supply issue
15:14:01: HTTP POST was successfully executed
15:14:04: PowerGroup._pdu_cmd(status, [2], 3) called
15:14:04: Waiting for pdu lock
15:14:04: ...lock acquired
15:14:04: Current outlet status: {1: '0', 2: '1', 3: '0', 4: '0', 5: '0', 6: '0', 7: '0', 8: '0', 9: '1', 10: '0', 11: '0', 12: '0', 13: '0', 14: '0', 15: '0', 16: '0', 17: '1', 18: '0', 19: '0', 20: '0', 21: '0', 22: '0', 23: '0', 24: '0', 25: '5'}
15:14:04: ...lock released
15:14:04: Power outlets have been successfully turned on
15:14:04: ...lock released
15:14:04: Turning PowerGroup on: Success
15:15:16: ======== Turning PowerGroup off
15:15:16: PowerGroup._pdu_cmd(off, [2], 3) called
15:15:16: Waiting for pdu lock
15:15:16: ...lock acquired
15:15:16: HTTP POST was successfully executed
15:15:17: PowerGroup._pdu_cmd(status, [2], 3) called
15:15:17: Waiting for pdu lock
15:15:17: ...lock acquired
15:15:17: Current outlet status: {1: '0', 2: '0', 3: '0', 4: '0', 5: '0', 6: '0', 7: '0', 8: '0', 9: '1', 10: '0', 11: '0', 12: '0', 13: '0', 14: '0', 15: '0', 16: '0', 17: '1', 18: '0', 19: '0', 20: '0', 21: '0', 22: '0', 23: '0', 24: '0', 25: '5'}
15:15:17: ...lock released
15:15:17: Power outlets have been successfully turned off
15:15:17: ...lock released
15:15:17: Turning PowerGroup off: Success
15:15:32: ======== Turning PowerGroup on
15:15:32: PowerGroup._pdu_cmd(on, [2], 3) called
15:15:32: Waiting for pdu lock
15:15:32: ...lock acquired
15:15:32: Sleep 0 seconds to work around the x610 power supply issue
15:15:32: HTTP POST was successfully executed
15:15:35: PowerGroup._pdu_cmd(status, [2], 3) called
15:15:35: Waiting for pdu lock
15:15:35: ...lock acquired
15:15:35: Current outlet status: {1: '0', 2: '1', 3: '0', 4: '0', 5: '0', 6: '0', 7: '0', 8: '0', 9: '1', 10: '0', 11: '0', 12: '0', 13: '0', 14: '0', 15: '0', 16: '0', 17: '1', 18: '0', 19: '0', 20: '0', 21: '0', 22: '0', 23: '0', 24: '0', 25: '5'}
15:15:35: ...lock released
15:15:35: Power outlets have been successfully turned on
15:15:35: ...lock released
15:15:35: Turning PowerGroup on: Success
15:19:55: ========= TestCase 2 Tear Down =========
15:19:59: ========= TestCase 3 Starting =========
15:20:02: ======== Turning PowerGroup off
15:20:02: PowerGroup._pdu_cmd(off, [2], 3) called
15:20:02: Waiting for pdu lock
15:20:02: ...lock acquired
15:20:03: HTTP POST was successfully executed
15:20:04: PowerGroup._pdu_cmd(status, [2], 3) called
15:20:04: Waiting for pdu lock
15:20:04: ...lock acquired
15:20:04: Current outlet status: {1: '0', 2: '0', 3: '0', 4: '0', 5: '0', 6: '0', 7: '0', 8: '0', 9: '1', 10: '0', 11: '0', 12: '0', 13: '0', 14: '0', 15: '0', 16: '0', 17: '1', 18: '0', 19: '0', 20: '0', 21: '0', 22: '0', 23: '0', 24: '0', 25: '5'}
15:20:04: ...lock released
15:20:04: Power outlets have been successfully turned off
15:20:04: ...lock released
15:20:04: Turning PowerGroup off: Success
15:20:19: ======== Turning PowerGroup on
15:20:19: PowerGroup._pdu_cmd(on, [2], 3) called
15:20:19: Waiting for pdu lock
15:20:19: ...lock acquired
15:20:19: Sleep 0 seconds to work around the x610 power supply issue
15:20:19: HTTP POST was successfully executed
15:20:22: PowerGroup._pdu_cmd(status, [2], 3) called
15:20:22: Waiting for pdu lock
15:20:22: ...lock acquired
15:20:22: Current outlet status: {1: '0', 2: '1', 3: '0', 4: '0', 5: '0', 6: '0', 7: '0', 8: '0', 9: '1', 10: '0', 11: '0', 12: '0', 13: '0', 14: '0', 15: '0', 16: '0', 17: '1', 18: '0', 19: '0', 20: '0', 21: '0', 22: '0', 23: '0', 24: '0', 25: '5'}
15:20:22: ...lock released
15:20:22: Power outlets have been successfully turned on
15:20:22: ...lock released
15:20:22: Turning PowerGroup on: Success
15:22:45: ======== Turning PowerGroup off
15:22:45: PowerGroup._pdu_cmd(off, [2], 3) called
15:22:45: Waiting for pdu lock
15:22:45: ...lock acquired
15:22:45: HTTP POST was successfully executed
15:22:46: PowerGroup._pdu_cmd(status, [2], 3) called
15:22:46: Waiting for pdu lock
15:22:46: ...lock acquired
15:22:46: Current outlet status: {1: '0', 2: '0', 3: '0', 4: '0', 5: '0', 6: '0', 7: '0', 8: '0', 9: '1', 10: '0', 11: '0', 12: '0', 13: '0', 14: '0', 15: '0', 16: '0', 17: '1', 18: '0', 19: '0', 20: '0', 21: '0', 22: '0', 23: '0', 24: '0', 25: '5'}
15:22:46: ...lock released
15:22:46: Power outlets have been successfully turned off
15:22:46: ...lock released
15:22:46: Turning PowerGroup off: Success
15:23:02: ======== Turning PowerGroup on
15:23:02: PowerGroup._pdu_cmd(on, [2], 3) called
15:23:02: Waiting for pdu lock
15:23:02: ...lock acquired
15:23:02: Sleep 0 seconds to work around the x610 power supply issue
15:23:02: HTTP POST was successfully executed
15:23:05: PowerGroup._pdu_cmd(status, [2], 3) called
15:23:05: Waiting for pdu lock
15:23:05: ...lock acquired
15:23:05: Current outlet status: {1: '0', 2: '1', 3: '0', 4: '0', 5: '0', 6: '0', 7: '0', 8: '0', 9: '1', 10: '0', 11: '0', 12: '0', 13: '0', 14: '0', 15: '0', 16: '0', 17: '1', 18: '0', 19: '0', 20: '0', 21: '0', 22: '0', 23: '0', 24: '0', 25: '5'}
15:23:05: ...lock released
15:23:05: Power outlets have been successfully turned on
15:23:05: ...lock released
15:23:05: Turning PowerGroup on: Success
15:24:24: ======== Turning PowerGroup off
15:24:24: PowerGroup._pdu_cmd(off, [2], 3) called
15:24:24: Waiting for pdu lock
15:24:24: ...lock acquired
15:24:24: HTTP POST was successfully executed
15:24:25: PowerGroup._pdu_cmd(status, [2], 3) called
15:24:25: Waiting for pdu lock
15:24:25: ...lock acquired
15:24:25: Current outlet status: {1: '0', 2: '0', 3: '0', 4: '0', 5: '0', 6: '0', 7: '0', 8: '0', 9: '1', 10: '0', 11: '0', 12: '0', 13: '0', 14: '0', 15: '0', 16: '0', 17: '1', 18: '0', 19: '0', 20: '0', 21: '0', 22: '0', 23: '0', 24: '0', 25: '5'}
15:24:25: ...lock released
15:24:25: Power outlets have been successfully turned off
15:24:25: ...lock released
15:24:25: Turning PowerGroup off: Success
15:24:40: ======== Turning PowerGroup on
15:24:40: PowerGroup._pdu_cmd(on, [2], 3) called
15:24:40: Waiting for pdu lock
15:24:40: ...lock acquired
15:24:40: Sleep 0 seconds to work around the x610 power supply issue
15:24:40: HTTP POST was successfully executed
15:24:43: PowerGroup._pdu_cmd(status, [2], 3) called
15:24:43: Waiting for pdu lock
15:24:43: ...lock acquired
15:24:43: Current outlet status: {1: '0', 2: '1', 3: '0', 4: '0', 5: '0', 6: '0', 7: '0', 8: '0', 9: '1', 10: '0', 11: '0', 12: '0', 13: '0', 14: '0', 15: '0', 16: '0', 17: '1', 18: '0', 19: '0', 20: '0', 21: '0', 22: '0', 23: '0', 24: '0', 25: '5'}
15:24:43: ...lock released
15:24:43: Power outlets have been successfully turned on
15:24:43: ...lock released
15:24:43: Turning PowerGroup on: Success
15:26:01: ======== Turning PowerGroup off
15:26:01: PowerGroup._pdu_cmd(off, [2], 3) called
15:26:01: Waiting for pdu lock
15:26:01: ...lock acquired
15:26:01: HTTP POST was successfully executed
15:26:02: PowerGroup._pdu_cmd(status, [2], 3) called
15:26:02: Waiting for pdu lock
15:26:02: ...lock acquired
15:26:02: Current outlet status: {1: '0', 2: '0', 3: '0', 4: '0', 5: '0', 6: '0', 7: '0', 8: '0', 9: '1', 10: '0', 11: '0', 12: '0', 13: '0', 14: '0', 15: '0', 16: '0', 17: '1', 18: '0', 19: '0', 20: '0', 21: '0', 22: '0', 23: '0', 24: '0', 25: '5'}
15:26:02: ...lock released
15:26:02: Power outlets have been successfully turned off
15:26:02: ...lock released
15:26:02: Turning PowerGroup off: Success
15:26:18: ======== Turning PowerGroup on
15:26:18: PowerGroup._pdu_cmd(on, [2], 3) called
15:26:18: Waiting for pdu lock
15:26:18: ...lock acquired
15:26:18: Sleep 0 seconds to work around the x610 power supply issue
15:26:18: HTTP POST was successfully executed
15:26:21: PowerGroup._pdu_cmd(status, [2], 3) called
15:26:21: Waiting for pdu lock
15:26:21: ...lock acquired
15:26:21: Current outlet status: {1: '0', 2: '1', 3: '0', 4: '0', 5: '0', 6: '0', 7: '0', 8: '0', 9: '1', 10: '0', 11: '0', 12: '0', 13: '0', 14: '0', 15: '0', 16: '0', 17: '1', 18: '0', 19: '0', 20: '0', 21: '0', 22: '0', 23: '0', 24: '0', 25: '5'}
15:26:21: ...lock released
15:26:21: Power outlets have been successfully turned on
15:26:21: ...lock released
15:26:21: Turning PowerGroup on: Success
15:27:40: ======== Turning PowerGroup off
15:27:40: PowerGroup._pdu_cmd(off, [2], 3) called
15:27:40: Waiting for pdu lock
15:27:40: ...lock acquired
15:27:40: HTTP POST was successfully executed
15:27:41: PowerGroup._pdu_cmd(status, [2], 3) called
15:27:41: Waiting for pdu lock
15:27:41: ...lock acquired
15:27:41: Current outlet status: {1: '0', 2: '0', 3: '0', 4: '0', 5: '0', 6: '0', 7: '0', 8: '0', 9: '1', 10: '0', 11: '0', 12: '0', 13: '0', 14: '0', 15: '0', 16: '0', 17: '1', 18: '0', 19: '0', 20: '0', 21: '0', 22: '0', 23: '0', 24: '0', 25: '5'}
15:27:41: ...lock released
15:27:41: Power outlets have been successfully turned off
15:27:41: ...lock released
15:27:41: Turning PowerGroup off: Success
15:27:56: ======== Turning PowerGroup on
15:27:56: PowerGroup._pdu_cmd(on, [2], 3) called
15:27:56: Waiting for pdu lock
15:27:56: ...lock acquired
15:27:56: Sleep 0 seconds to work around the x610 power supply issue
15:27:56: HTTP POST was successfully executed
15:27:59: PowerGroup._pdu_cmd(status, [2], 3) called
15:27:59: Waiting for pdu lock
15:27:59: ...lock acquired
15:27:59: Current outlet status: {1: '0', 2: '1', 3: '0', 4: '0', 5: '0', 6: '0', 7: '0', 8: '0', 9: '1', 10: '0', 11: '0', 12: '0', 13: '0', 14: '0', 15: '0', 16: '0', 17: '1', 18: '0', 19: '0', 20: '0', 21: '0', 22: '0', 23: '0', 24: '0', 25: '5'}
15:27:59: ...lock released
15:27:59: Power outlets have been successfully turned on
15:27:59: ...lock released
15:27:59: Turning PowerGroup on: Success
15:29:17: ======== Turning PowerGroup off
15:29:17: PowerGroup._pdu_cmd(off, [2], 3) called
15:29:17: Waiting for pdu lock
15:29:17: ...lock acquired
15:29:17: HTTP POST was successfully executed
15:29:18: PowerGroup._pdu_cmd(status, [2], 3) called
15:29:18: Waiting for pdu lock
15:29:18: ...lock acquired
15:29:18: Current outlet status: {1: '0', 2: '0', 3: '0', 4: '0', 5: '0', 6: '0', 7: '0', 8: '0', 9: '1', 10: '0', 11: '0', 12: '0', 13: '0', 14: '0', 15: '0', 16: '0', 17: '1', 18: '0', 19: '0', 20: '0', 21: '0', 22: '0', 23: '0', 24: '0', 25: '5'}
15:29:18: ...lock released
15:29:18: Power outlets have been successfully turned off
15:29:18: ...lock released
15:29:18: Turning PowerGroup off: Success
15:29:34: ======== Turning PowerGroup on
15:29:34: PowerGroup._pdu_cmd(on, [2], 3) called
15:29:34: Waiting for pdu lock
15:29:34: ...lock acquired
15:29:34: Sleep 0 seconds to work around the x610 power supply issue
15:29:34: HTTP POST was successfully executed
15:29:37: PowerGroup._pdu_cmd(status, [2], 3) called
15:29:37: Waiting for pdu lock
15:29:37: ...lock acquired
15:29:37: Current outlet status: {1: '0', 2: '1', 3: '0', 4: '0', 5: '0', 6: '0', 7: '0', 8: '0', 9: '1', 10: '0', 11: '0', 12: '0', 13: '0', 14: '0', 15: '0', 16: '0', 17: '1', 18: '0', 19: '0', 20: '0', 21: '0', 22: '0', 23: '0', 24: '0', 25: '5'}
15:29:37: ...lock released
15:29:37: Power outlets have been successfully turned on
15:29:37: ...lock released
15:29:37: Turning PowerGroup on: Success
15:30:56: ======== Turning PowerGroup off
15:30:56: PowerGroup._pdu_cmd(off, [2], 3) called
15:30:56: Waiting for pdu lock
15:30:56: ...lock acquired
15:30:56: HTTP POST was successfully executed
15:30:57: PowerGroup._pdu_cmd(status, [2], 3) called
15:30:57: Waiting for pdu lock
15:30:57: ...lock acquired
15:30:57: Current outlet status: {1: '0', 2: '0', 3: '0', 4: '0', 5: '0', 6: '0', 7: '0', 8: '0', 9: '1', 10: '0', 11: '0', 12: '0', 13: '0', 14: '0', 15: '0', 16: '0', 17: '1', 18: '0', 19: '0', 20: '0', 21: '0', 22: '0', 23: '0', 24: '0', 25: '5'}
15:30:57: ...lock released
15:30:57: Power outlets have been successfully turned off
15:30:57: ...lock released
15:30:57: Turning PowerGroup off: Success
15:31:12: ======== Turning PowerGroup on
15:31:12: PowerGroup._pdu_cmd(on, [2], 3) called
15:31:12: Waiting for pdu lock
15:31:12: ...lock acquired
15:31:12: Sleep 0 seconds to work around the x610 power supply issue
15:31:12: HTTP POST was successfully executed
15:31:15: PowerGroup._pdu_cmd(status, [2], 3) called
15:31:15: Waiting for pdu lock
15:31:15: ...lock acquired
15:31:15: Current outlet status: {1: '0', 2: '1', 3: '0', 4: '0', 5: '0', 6: '0', 7: '0', 8: '0', 9: '1', 10: '0', 11: '0', 12: '0', 13: '0', 14: '0', 15: '0', 16: '0', 17: '1', 18: '0', 19: '0', 20: '0', 21: '0', 22: '0', 23: '0', 24: '0', 25: '5'}
15:31:15: ...lock released
15:31:15: Power outlets have been successfully turned on
15:31:15: ...lock released
15:31:15: Turning PowerGroup on: Success
15:32:33: ======== Turning PowerGroup off
15:32:33: PowerGroup._pdu_cmd(off, [2], 3) called
15:32:33: Waiting for pdu lock
15:32:33: ...lock acquired
15:32:33: HTTP POST was successfully executed
15:32:34: PowerGroup._pdu_cmd(status, [2], 3) called
15:32:34: Waiting for pdu lock
15:32:34: ...lock acquired
15:32:34: Current outlet status: {1: '0', 2: '0', 3: '0', 4: '0', 5: '0', 6: '0', 7: '0', 8: '0', 9: '1', 10: '0', 11: '0', 12: '0', 13: '0', 14: '0', 15: '0', 16: '0', 17: '1', 18: '0', 19: '0', 20: '0', 21: '0', 22: '0', 23: '0', 24: '0', 25: '5'}
15:32:34: ...lock released
15:32:34: Power outlets have been successfully turned off
15:32:34: ...lock released
15:32:34: Turning PowerGroup off: Success
15:32:50: ======== Turning PowerGroup on
15:32:50: PowerGroup._pdu_cmd(on, [2], 3) called
15:32:50: Waiting for pdu lock
15:32:50: ...lock acquired
15:32:50: Sleep 0 seconds to work around the x610 power supply issue
15:32:50: HTTP POST was successfully executed
15:32:53: PowerGroup._pdu_cmd(status, [2], 3) called
15:32:53: Waiting for pdu lock
15:32:53: ...lock acquired
15:32:53: Current outlet status: {1: '0', 2: '1', 3: '0', 4: '0', 5: '0', 6: '0', 7: '0', 8: '0', 9: '1', 10: '0', 11: '0', 12: '0', 13: '0', 14: '0', 15: '0', 16: '0', 17: '1', 18: '0', 19: '0', 20: '0', 21: '0', 22: '0', 23: '0', 24: '0', 25: '5'}
15:32:53: ...lock released
15:32:53: Power outlets have been successfully turned on
15:32:53: ...lock released
15:32:53: Turning PowerGroup on: Success
15:34:12: ======== Turning PowerGroup off
15:34:12: PowerGroup._pdu_cmd(off, [2], 3) called
15:34:12: Waiting for pdu lock
15:34:12: ...lock acquired
15:34:12: HTTP POST was successfully executed
15:34:13: PowerGroup._pdu_cmd(status, [2], 3) called
15:34:13: Waiting for pdu lock
15:34:13: ...lock acquired
15:34:13: Current outlet status: {1: '0', 2: '0', 3: '0', 4: '0', 5: '0', 6: '0', 7: '0', 8: '0', 9: '1', 10: '0', 11: '0', 12: '0', 13: '0', 14: '0', 15: '0', 16: '0', 17: '1', 18: '0', 19: '0', 20: '0', 21: '0', 22: '0', 23: '0', 24: '0', 25: '5'}
15:34:13: ...lock released
15:34:13: Power outlets have been successfully turned off
15:34:13: ...lock released
15:34:13: Turning PowerGroup off: Success
15:34:29: ======== Turning PowerGroup on
15:34:29: PowerGroup._pdu_cmd(on, [2], 3) called
15:34:29: Waiting for pdu lock
15:34:29: ...lock acquired
15:34:29: Sleep 0 seconds to work around the x610 power supply issue
15:34:29: HTTP POST was successfully executed
15:34:32: PowerGroup._pdu_cmd(status, [2], 3) called
15:34:32: Waiting for pdu lock
15:34:32: ...lock acquired
15:34:32: Current outlet status: {1: '0', 2: '1', 3: '0', 4: '0', 5: '0', 6: '0', 7: '0', 8: '0', 9: '1', 10: '0', 11: '0', 12: '0', 13: '0', 14: '0', 15: '0', 16: '0', 17: '1', 18: '0', 19: '0', 20: '0', 21: '0', 22: '0', 23: '0', 24: '0', 25: '5'}
15:34:32: ...lock released
15:34:32: Power outlets have been successfully turned on
15:34:32: ...lock released
15:34:32: Turning PowerGroup on: Success
15:35:51: ======== Turning PowerGroup off
15:35:51: PowerGroup._pdu_cmd(off, [2], 3) called
15:35:51: Waiting for pdu lock
15:35:51: ...lock acquired
15:35:51: HTTP POST was successfully executed
15:35:52: PowerGroup._pdu_cmd(status, [2], 3) called
15:35:52: Waiting for pdu lock
15:35:52: ...lock acquired
15:35:52: Current outlet status: {1: '0', 2: '0', 3: '0', 4: '0', 5: '0', 6: '0', 7: '0', 8: '0', 9: '1', 10: '0', 11: '0', 12: '0', 13: '0', 14: '0', 15: '0', 16: '0', 17: '1', 18: '0', 19: '0', 20: '0', 21: '0', 22: '0', 23: '0', 24: '0', 25: '5'}
15:35:52: ...lock released
15:35:52: Power outlets have been successfully turned off
15:35:52: ...lock released
15:35:52: Turning PowerGroup off: Success
15:36:07: ======== Turning PowerGroup on
15:36:07: PowerGroup._pdu_cmd(on, [2], 3) called
15:36:07: Waiting for pdu lock
15:36:07: ...lock acquired
15:36:07: Sleep 0 seconds to work around the x610 power supply issue
15:36:07: HTTP POST was successfully executed
15:36:10: PowerGroup._pdu_cmd(status, [2], 3) called
15:36:10: Waiting for pdu lock
15:36:10: ...lock acquired
15:36:10: Current outlet status: {1: '0', 2: '1', 3: '0', 4: '0', 5: '0', 6: '0', 7: '0', 8: '0', 9: '1', 10: '0', 11: '0', 12: '0', 13: '0', 14: '0', 15: '0', 16: '0', 17: '1', 18: '0', 19: '0', 20: '0', 21: '0', 22: '0', 23: '0', 24: '0', 25: '5'}
15:36:10: ...lock released
15:36:10: Power outlets have been successfully turned on
15:36:10: ...lock released
15:36:10: Turning PowerGroup on: Success
15:37:22: ======== Turning PowerGroup off
15:37:22: PowerGroup._pdu_cmd(off, [2], 3) called
15:37:22: Waiting for pdu lock
15:37:22: ...lock acquired
15:37:22: HTTP POST was successfully executed
15:37:23: PowerGroup._pdu_cmd(status, [2], 3) called
15:37:23: Waiting for pdu lock
15:37:23: ...lock acquired
15:37:23: Current outlet status: {1: '0', 2: '0', 3: '0', 4: '0', 5: '0', 6: '0', 7: '0', 8: '0', 9: '1', 10: '0', 11: '0', 12: '0', 13: '0', 14: '0', 15: '0', 16: '0', 17: '1', 18: '0', 19: '0', 20: '0', 21: '0', 22: '0', 23: '0', 24: '0', 25: '5'}
15:37:23: ...lock released
15:37:23: Power outlets have been successfully turned off
15:37:23: ...lock released
15:37:23: Turning PowerGroup off: Success
15:37:38: ======== Turning PowerGroup on
15:37:38: PowerGroup._pdu_cmd(on, [2], 3) called
15:37:38: Waiting for pdu lock
15:37:38: ...lock acquired
15:37:38: Sleep 0 seconds to work around the x610 power supply issue
15:37:38: HTTP POST was successfully executed
15:37:41: PowerGroup._pdu_cmd(status, [2], 3) called
15:37:41: Waiting for pdu lock
15:37:41: ...lock acquired
15:37:41: Current outlet status: {1: '0', 2: '1', 3: '0', 4: '0', 5: '0', 6: '0', 7: '0', 8: '0', 9: '1', 10: '0', 11: '0', 12: '0', 13: '0', 14: '0', 15: '0', 16: '0', 17: '1', 18: '0', 19: '0', 20: '0', 21: '0', 22: '0', 23: '0', 24: '0', 25: '5'}
15:37:41: ...lock released
15:37:41: Power outlets have been successfully turned on
15:37:41: ...lock released
15:37:41: Turning PowerGroup on: Success
15:38:54: ======== Turning PowerGroup off
15:38:54: PowerGroup._pdu_cmd(off, [2], 3) called
15:38:54: Waiting for pdu lock
15:38:54: ...lock acquired
15:38:54: HTTP POST was successfully executed
15:38:55: PowerGroup._pdu_cmd(status, [2], 3) called
15:38:55: Waiting for pdu lock
15:38:55: ...lock acquired
15:38:55: Current outlet status: {1: '0', 2: '0', 3: '0', 4: '0', 5: '0', 6: '0', 7: '0', 8: '0', 9: '1', 10: '0', 11: '0', 12: '0', 13: '0', 14: '0', 15: '0', 16: '0', 17: '1', 18: '0', 19: '0', 20: '0', 21: '0', 22: '0', 23: '0', 24: '0', 25: '5'}
15:38:55: ...lock released
15:38:55: Power outlets have been successfully turned off
15:38:55: ...lock released
15:38:55: Turning PowerGroup off: Success
15:39:11: ======== Turning PowerGroup on
15:39:11: PowerGroup._pdu_cmd(on, [2], 3) called
15:39:11: Waiting for pdu lock
15:39:11: ...lock acquired
15:39:11: Sleep 0 seconds to work around the x610 power supply issue
15:39:11: HTTP POST was successfully executed
15:39:14: PowerGroup._pdu_cmd(status, [2], 3) called
15:39:14: Waiting for pdu lock
15:39:14: ...lock acquired
15:39:14: Current outlet status: {1: '0', 2: '1', 3: '0', 4: '0', 5: '0', 6: '0', 7: '0', 8: '0', 9: '1', 10: '0', 11: '0', 12: '0', 13: '0', 14: '0', 15: '0', 16: '0', 17: '1', 18: '0', 19: '0', 20: '0', 21: '0', 22: '0', 23: '0', 24: '0', 25: '5'}
15:39:14: ...lock released
15:39:14: Power outlets have been successfully turned on
15:39:14: ...lock released
15:39:14: Turning PowerGroup on: Success
15:40:46: ======== Turning PowerGroup off
15:40:46: PowerGroup._pdu_cmd(off, [2], 3) called
15:40:46: Waiting for pdu lock
15:40:46: ...lock acquired
15:40:46: HTTP POST was successfully executed
15:40:47: PowerGroup._pdu_cmd(status, [2], 3) called
15:40:47: Waiting for pdu lock
15:40:47: ...lock acquired
15:40:47: Current outlet status: {1: '0', 2: '0', 3: '0', 4: '0', 5: '0', 6: '0', 7: '0', 8: '0', 9: '1', 10: '0', 11: '0', 12: '0', 13: '0', 14: '0', 15: '0', 16: '0', 17: '1', 18: '0', 19: '0', 20: '0', 21: '0', 22: '0', 23: '0', 24: '0', 25: '5'}
15:40:47: ...lock released
15:40:47: Power outlets have been successfully turned off
15:40:47: ...lock released
15:40:47: Turning PowerGroup off: Success
15:41:02: ======== Turning PowerGroup on
15:41:02: PowerGroup._pdu_cmd(on, [2], 3) called
15:41:02: Waiting for pdu lock
15:41:02: ...lock acquired
15:41:02: Sleep 0 seconds to work around the x610 power supply issue
15:41:02: HTTP POST was successfully executed
15:41:05: PowerGroup._pdu_cmd(status, [2], 3) called
15:41:05: Waiting for pdu lock
15:41:05: ...lock acquired
15:41:05: Current outlet status: {1: '0', 2: '1', 3: '0', 4: '0', 5: '0', 6: '0', 7: '0', 8: '0', 9: '1', 10: '0', 11: '0', 12: '0', 13: '0', 14: '0', 15: '0', 16: '0', 17: '1', 18: '0', 19: '0', 20: '0', 21: '0', 22: '0', 23: '0', 24: '0', 25: '5'}
15:41:05: ...lock released
15:41:05: Power outlets have been successfully turned on
15:41:05: ...lock released
15:41:05: Turning PowerGroup on: Success
16:18:08: ======== Turning PowerGroup off
16:18:08: PowerGroup._pdu_cmd(off, [2], 3) called
16:18:09: Waiting for pdu lock
16:18:09: ...lock acquired
16:18:09: HTTP POST was successfully executed
16:18:10: PowerGroup._pdu_cmd(status, [2], 3) called
16:18:10: Waiting for pdu lock
16:18:10: ...lock acquired
16:18:10: Current outlet status: {1: '0', 2: '0', 3: '0', 4: '0', 5: '0', 6: '0', 7: '0', 8: '0', 9: '1', 10: '0', 11: '0', 12: '0', 13: '0', 14: '0', 15: '0', 16: '0', 17: '1', 18: '0', 19: '0', 20: '0', 21: '0', 22: '0', 23: '0', 24: '0', 25: '5'}
16:18:10: ...lock released
16:18:10: Power outlets have been successfully turned off
16:18:10: ...lock released
16:18:10: Turning PowerGroup off: Success
16:18:25: ======== Turning PowerGroup on
16:18:25: PowerGroup._pdu_cmd(on, [2], 3) called
16:18:25: Waiting for pdu lock
16:18:25: ...lock acquired
16:18:25: Sleep 0 seconds to work around the x610 power supply issue
16:18:25: HTTP POST was successfully executed
16:18:28: PowerGroup._pdu_cmd(status, [2], 3) called
16:18:28: Waiting for pdu lock
16:18:28: ...lock acquired
16:18:28: Current outlet status: {1: '0', 2: '1', 3: '0', 4: '0', 5: '0', 6: '0', 7: '0', 8: '0', 9: '1', 10: '0', 11: '0', 12: '0', 13: '0', 14: '0', 15: '0', 16: '0', 17: '1', 18: '0', 19: '0', 20: '0', 21: '0', 22: '0', 23: '0', 24: '0', 25: '5'}
16:18:28: ...lock released
16:18:28: Power outlets have been successfully turned on
16:18:28: ...lock released
16:18:28: Turning PowerGroup on: Success
16:40:47: ======== Turning PowerGroup off
16:40:47: PowerGroup._pdu_cmd(off, [2], 3) called
16:40:47: Waiting for pdu lock
16:40:47: ...lock acquired
16:40:47: HTTP POST was successfully executed
16:40:48: PowerGroup._pdu_cmd(status, [2], 3) called
16:40:48: Waiting for pdu lock
16:40:48: ...lock acquired
16:40:48: Current outlet status: {1: '0', 2: '0', 3: '0', 4: '0', 5: '0', 6: '0', 7: '0', 8: '0', 9: '1', 10: '0', 11: '0', 12: '0', 13: '0', 14: '0', 15: '0', 16: '0', 17: '1', 18: '0', 19: '0', 20: '0', 21: '0', 22: '0', 23: '0', 24: '0', 25: '5'}
16:40:48: ...lock released
16:40:48: Power outlets have been successfully turned off
16:40:48: ...lock released
16:40:48: Turning PowerGroup off: Success
16:41:03: ======== Turning PowerGroup on
16:41:03: PowerGroup._pdu_cmd(on, [2], 3) called
16:41:03: Waiting for pdu lock
16:41:03: ...lock acquired
16:41:03: Sleep 0 seconds to work around the x610 power supply issue
16:41:03: HTTP POST was successfully executed
16:41:06: PowerGroup._pdu_cmd(status, [2], 3) called
16:41:06: Waiting for pdu lock
16:41:06: ...lock acquired
16:41:06: Current outlet status: {1: '0', 2: '1', 3: '0', 4: '0', 5: '0', 6: '0', 7: '0', 8: '0', 9: '1', 10: '0', 11: '0', 12: '0', 13: '0', 14: '0', 15: '0', 16: '0', 17: '1', 18: '0', 19: '0', 20: '0', 21: '0', 22: '0', 23: '0', 24: '0', 25: '5'}
16:41:06: ...lock released
16:41:06: Power outlets have been successfully turned on
16:41:06: ...lock released
16:41:06: Turning PowerGroup on: Success
16:42:17: ======== Turning PowerGroup off
16:42:17: PowerGroup._pdu_cmd(off, [2], 3) called
16:42:17: Waiting for pdu lock
16:42:17: ...lock acquired
16:42:17: HTTP POST was successfully executed
16:42:18: PowerGroup._pdu_cmd(status, [2], 3) called
16:42:18: Waiting for pdu lock
16:42:18: ...lock acquired
16:42:18: Current outlet status: {1: '0', 2: '0', 3: '0', 4: '0', 5: '0', 6: '0', 7: '0', 8: '0', 9: '1', 10: '0', 11: '0', 12: '0', 13: '0', 14: '0', 15: '0', 16: '0', 17: '1', 18: '0', 19: '0', 20: '0', 21: '0', 22: '0', 23: '0', 24: '0', 25: '5'}
16:42:18: ...lock released
16:42:18: Power outlets have been successfully turned off
16:42:18: ...lock released
16:42:18: Turning PowerGroup off: Success
16:42:34: ======== Turning PowerGroup on
16:42:34: PowerGroup._pdu_cmd(on, [2], 3) called
16:42:34: Waiting for pdu lock
16:42:34: ...lock acquired
16:42:34: Sleep 0 seconds to work around the x610 power supply issue
16:42:34: HTTP POST was successfully executed
16:42:37: PowerGroup._pdu_cmd(status, [2], 3) called
16:42:37: Waiting for pdu lock
16:42:37: ...lock acquired
16:42:37: Current outlet status: {1: '0', 2: '1', 3: '0', 4: '0', 5: '0', 6: '0', 7: '0', 8: '0', 9: '1', 10: '0', 11: '0', 12: '0', 13: '0', 14: '0', 15: '0', 16: '0', 17: '1', 18: '0', 19: '0', 20: '0', 21: '0', 22: '0', 23: '0', 24: '0', 25: '5'}
16:42:37: ...lock released
16:42:37: Power outlets have been successfully turned on
16:42:37: ...lock released
16:42:37: Turning PowerGroup on: Success
17:13:34: ======== Turning PowerGroup off
17:13:34: PowerGroup._pdu_cmd(off, [2], 3) called
17:13:34: Waiting for pdu lock
17:13:34: ...lock acquired
17:13:34: HTTP POST was successfully executed
17:13:35: PowerGroup._pdu_cmd(status, [2], 3) called
17:13:35: Waiting for pdu lock
17:13:35: ...lock acquired
17:13:35: Current outlet status: {1: '0', 2: '0', 3: '0', 4: '0', 5: '0', 6: '0', 7: '0', 8: '0', 9: '1', 10: '0', 11: '0', 12: '0', 13: '0', 14: '0', 15: '0', 16: '0', 17: '1', 18: '0', 19: '0', 20: '0', 21: '0', 22: '0', 23: '0', 24: '0', 25: '5'}
17:13:35: ...lock released
17:13:35: Power outlets have been successfully turned off
17:13:35: ...lock released
17:13:35: Turning PowerGroup off: Success
17:13:40: ======== Turning PowerGroup on
17:13:40: PowerGroup._pdu_cmd(on, [2], 3) called
17:13:40: Waiting for pdu lock
17:13:40: ...lock acquired
17:13:40: Sleep 8.922724962234497 seconds to work around the x610 power supply issue
17:13:49: HTTP POST was successfully executed
17:13:52: PowerGroup._pdu_cmd(status, [2], 3) called
17:13:52: Waiting for pdu lock
17:13:52: ...lock acquired
17:13:52: Current outlet status: {1: '0', 2: '1', 3: '0', 4: '0', 5: '0', 6: '0', 7: '0', 8: '0', 9: '1', 10: '0', 11: '0', 12: '0', 13: '0', 14: '0', 15: '0', 16: '0', 17: '1', 18: '0', 19: '0', 20: '0', 21: '0', 22: '0', 23: '0', 24: '0', 25: '5'}
17:13:52: ...lock released
17:13:52: Power outlets have been successfully turned on
17:13:52: ...lock released
17:13:52: Turning PowerGroup on: Success
