08:48:40: ================ PowerGroup has been initialised ================
08:51:28: ========= TestCase 1 Starting =========
08:52:02: ========= TestCase 1 Tear Down =========
08:52:21: ======== Turning PowerGroup off
08:52:21: PowerGroup._pdu_cmd(off, [1], 3) called
08:52:21: Waiting for pdu lock
08:52:21: ...lock acquired
08:52:21: HTTP POST was successfully executed
08:52:22: PowerGroup._pdu_cmd(status, [1], 3) called
08:52:22: Waiting for pdu lock
08:52:22: ...lock acquired
08:52:22: Current outlet status: {1: '0', 2: '1', 3: '1', 4: '0', 5: '0', 6: '0', 7: '0', 8: '0', 9: '1', 10: '0', 11: '0', 12: '0', 13: '0', 14: '0', 15: '0', 16: '0', 17: '1', 18: '0', 19: '0', 20: '0', 21: '0', 22: '0', 23: '0', 24: '0', 25: '0'}
08:52:22: ...lock released
08:52:22: Power outlets have been successfully turned off
08:52:22: ...lock released
08:52:22: Turning PowerGroup off: Success
08:52:28: ======== Turning PowerGroup on
08:52:28: PowerGroup._pdu_cmd(on, [1], 3) called
08:52:28: Waiting for pdu lock
08:52:28: ...lock acquired
08:52:28: Sleep 7.889939785003662 seconds to work around the x610 power supply issue
08:52:36: HTTP POST was successfully executed
08:52:39: PowerGroup._pdu_cmd(status, [1], 3) called
08:52:39: Waiting for pdu lock
08:52:39: ...lock acquired
08:52:39: Current outlet status: {1: '1', 2: '1', 3: '1', 4: '1', 5: '1', 6: '1', 7: '1', 8: '1', 9: '1', 10: '0', 11: '0', 12: '0', 13: '0', 14: '0', 15: '0', 16: '0', 17: '1', 18: '0', 19: '0', 20: '0', 21: '0', 22: '0', 23: '0', 24: '0', 25: '0'}
08:52:39: ...lock released
08:52:39: Power outlets have been successfully turned on
08:52:39: ...lock released
08:52:39: Turning PowerGroup on: Success
08:56:11: ========= TestCase 2 Starting =========
08:56:54: ========= TestCase 2 Tear Down =========
08:57:18: ======== Turning PowerGroup off
08:57:18: PowerGroup._pdu_cmd(off, [1], 3) called
08:57:18: Waiting for pdu lock
08:57:18: ...lock acquired
08:57:18: HTTP POST was successfully executed
08:57:19: PowerGroup._pdu_cmd(status, [1], 3) called
08:57:19: Waiting for pdu lock
08:57:19: ...lock acquired
08:57:19: Current outlet status: {1: '0', 2: '1', 3: '1', 4: '0', 5: '0', 6: '0', 7: '0', 8: '0', 9: '1', 10: '0', 11: '0', 12: '0', 13: '0', 14: '0', 15: '0', 16: '0', 17: '1', 18: '0', 19: '0', 20: '0', 21: '0', 22: '0', 23: '0', 24: '0', 25: '0'}
08:57:19: ...lock released
08:57:19: Power outlets have been successfully turned off
08:57:19: ...lock released
08:57:19: Turning PowerGroup off: Success
08:57:24: ======== Turning PowerGroup on
08:57:24: PowerGroup._pdu_cmd(on, [1], 3) called
08:57:24: Waiting for pdu lock
08:57:24: ...lock acquired
08:57:24: Sleep 8.923660516738892 seconds to work around the x610 power supply issue
08:57:33: HTTP POST was successfully executed
08:57:36: PowerGroup._pdu_cmd(status, [1], 3) called
08:57:36: Waiting for pdu lock
08:57:36: ...lock acquired
08:57:36: Current outlet status: {1: '1', 2: '1', 3: '1', 4: '1', 5: '2', 6: '1', 7: '1', 8: '1', 9: '1', 10: '0', 11: '0', 12: '0', 13: '0', 14: '0', 15: '0', 16: '0', 17: '1', 18: '0', 19: '0', 20: '0', 21: '0', 22: '0', 23: '0', 24: '0', 25: '0'}
08:57:36: ...lock released
08:57:36: Power outlets have been successfully turned on
08:57:36: ...lock released
08:57:36: Turning PowerGroup on: Success
