2026-09-29 08:48:40: Member swi_a is added
2026-09-29 08:48:40: Member swi_c is added
2026-09-29 08:48:40: Member swi_d is added
2026-09-29 08:48:55: Wait for all 3 stk_a stack members to become either Ready or Sync
2026-09-29 08:48:55: Took 0 seconds for all stk_a stack members to become Ready/Sync
2026-09-29 08:51:28: ========= TestCase 1 Starting =========
2026-09-29 08:52:02: ========= TestCase 1 Tear Down =========
2026-09-29 08:52:08: ========= End of TestCase 1 Tear Down =========
2026-09-29 08:52:08: ========= End of TestCase 1 Tear Down =========
2026-09-29 08:52:08: ========= End of TestCase 1 Tear Down =========
2026-09-29 08:52:22: Power off stk_a is complete: Success (Took 1 secs)
2026-09-29 08:52:42: Monitor consoles and confirm they are powered on
2026-09-29 08:52:42: =========== waited 0 sec ===========
2026-09-29 08:52:42: 	swi_a is powered on
2026-09-29 08:52:42: 	swi_d is powered on
2026-09-29 08:52:42: 	swi_c is powered on
2026-09-29 08:52:42: All members confirmed to have powered on
2026-09-29 08:52:42: Power on stk_a is complete: Success (Took 18 secs)
2026-09-29 08:55:46: Wait for all 3 stk_a stack members to become either Ready or Sync
2026-09-29 08:55:46: Took 0 seconds for all stk_a stack members to become Ready/Sync
2026-09-29 08:56:11: ========= TestCase 2 Starting =========
2026-09-29 08:56:54: ========= TestCase 2 Tear Down =========
2026-09-29 08:57:04: ========= End of TestCase 2 Tear Down =========
2026-09-29 08:57:04: ========= End of TestCase 2 Tear Down =========
2026-09-29 08:57:04: ========= End of TestCase 2 Tear Down =========
2026-09-29 08:57:19: Power off stk_a is complete: Success (Took 1 secs)
2026-09-29 08:57:43: Monitor consoles and confirm they are powered on
2026-09-29 08:57:43: =========== waited 0 sec ===========
2026-09-29 08:57:43: 	swi_a is powered on
2026-09-29 08:57:43: 	swi_d is powered on
2026-09-29 08:57:43: 	swi_c is powered on
2026-09-29 08:57:43: All members confirmed to have powered on
2026-09-29 08:57:43: Power on stk_a is complete: Success (Took 22 secs)
