Log file created at 2026-09-29T08:56:39.275432
TestTag analysis session started


================================================================================
POTENTIAL EXTRA TAGS
================================================================================
['cc1OidC4abIHlMg7', '!\x1b[K']
================================================================================
CONFIGURATION SUMMARY
================================================================================
Configuration Summary for swi_b:
  Total interfaces: 0
  layer2_switching: 34 items
  layer3_switching: 19 items
  multicast_applications: 7 items
  access_and_security: 18 items
  network_availability: 5 items
  network_management: 20 items
  firewall_and_nat: 3 items
  advanced_network_protection: 9 items
  virtual_private_networks: 7 items
  setup_and_troubleshooting: 12 items
  Unprocessed commands: 2

================================================================================
CONFIGURATION METADATA
================================================================================
Metadata for device: swi_b

{'extra_config': ['cc1OidC4abIHlMg7', '!\x1b[K'],
 'setup_and_troubleshooting': {'user_access': {'users': {'manager': {'has_password': True,
                                                                     'privilege': 15}}}}}

================================================================================
BASELINE TAGS (EXCLUDED)
================================================================================
Device: swi_b
Total tags: 66
AAA, AAA_AUTHENTICATION_ENABLE, AAA_AUTHENTICATION_ENABLE_LOCAL, AAA_AUTHENTICATION_LOGIN_1, AAA_AUTHENTICATION_LOGIN_DEFAULT, AAA_AUTHENTICATION_LOGIN_LOCAL, DEVICE_GUI_AND_VISTA, DHCP, DHCPV6, DHCPV6_CLIENT, DHCP_CLIENT_VENDOR_IDENTIFYING_CLASS, DHCP_CLIENT_VENDOR_IDENTIFYING_SPECIFIC, DNS, DNS_DOMAIN_LOOKUP, DOT1X_INTERFACE, DOT1X_INTERFACE_COUNT_114, ERPS, ERPS_ENABLED, ERPS_SERVICE_ONM, HOSTNAME, HTTP_SERVICE_ENABLED, IPV6, IPV6_ADDRESS, IPV6_ADDRESS_COUNT_1, IPV6_ENABLE, IP_ADDRESS, IP_ADDRESSING, IP_ADDRESS_COUNT_1, IP_ADDRESS_PREFIX_LENGTH, LINK_AGGREGATION, LLDP, LLDP_ENABLED, LOCAL_USER_ACCOUNTS_1, LOOP_PROTECTION, LOOP_PROTECTION_FAST_BLOCK, MULTICAST, NTP, OPENVPN_TUNNEL_1, PIM_SMV6_INTERFACE_114, PIM_SM_INTERFACE_114, ROUTING, RSTP, SERVICE_PASSWORD_ENCRYPTION, SNMP, SNMP_IPV4, SNMP_IPV6, SPANNING_TREE, SSH, SSH_SERVER, SSH_SERVER_ALLOW_USER_1, STATIC_CHANNEL_GROUP_2, SWITCHING, SWITCHPORT_105, SWITCHPORT_ACCESS_105, SWITCHPORT_ACCESS_VLAN_2, SYS_CONFIG_AND_MONITORING, URL_OFFLOAD, USER_ACCESS, VCS, VCS_PROVISIONED_MEMBER_4, VCS_STACKPORT, VCS_STACKPORT_COUNT_8, VCS_VIRTUAL_CHASSIS_ID, VLANS, VLAN_1, VLAN_NAMED

================================================================================
CONFIGURATION TAGS
================================================================================
Device: swi_b
Total tags: 2
LOCAL_USER_ACCOUNTS_1, USER_ACCESS

================================================================================
RAW DEVICE CONFIGURATION
================================================================================
show running-config
service password-encryption
hostname IE520-sa
no banner motd
username manager privilege 15 password 8 $5$bJob5N4D$VDlAWDKf4Z/shG0P/kPIysg5qD4
cc1OidC4abIHlMg7
ssh server allow-users manager
service ssh
no service telnet
service http
no clock timezone
snmp-server
![K
aaa authentication enable default local
aaa authentication login default local
stack virtual-chassis-id 3439
loop-protection loop-detect ldf-interval 1 fast-block
service onm
ip domain-lookup
no service dhcp-server
![K
no ip multicast-routing
lldp run
spanning-tree mode rstp
no lacp global-passive-mode enable
no spanning-tree rstp enable
switch 1 provision ie520-28
switch 2 provision ie520-28
switch 3 provision ie520-28
switch 4 provision ie520-28
vlan database
 vlan 10 name data
 vlan 10 state enable
interface port1.0.1-1.0.8
 switchport
 switchport mode access
interface port1.0.9
 switchport
 switchport mode access
 static-channel-group 3
interface port1.0.10-1.0.12
 switchport
 switchport mode access
interface port1.0.13
 switchport
 switchport mode access
 static-channel-group 3
interface port1.0.14-1.0.26
 switchport
 switchport mode access
interface port1.0.27-1.0.28
 stackport
interface port2.0.1-2.0.26
 switchport
 switchport mode access
interface port2.0.27-2.0.28
 stackport
interface port3.0.1
 switchport
 switchport mode access
interface port3.0.2
 switchport
 switchport mode access
 switchport access vlan 10
interface port3.0.3-3.0.26
 switchport
 switchport mode access
interface port3.0.27-3.0.28
 stackport
interface port4.0.1
 switchport
 switchport mode access
interface port4.0.2
 switchport
 switchport mode access
 switchport access vlan 10
interface port4.0.3-4.0.26
 switchport
 switchport mode access
interface port4.0.27-4.0.28
 stackport
interface sa3
 switchport
 switchport mode access
interface vlan1
 ip address 10.38.215.41/27
 ipv6 enable
 ipv6 address dhcp
 ip dhcp-client vendor-identifying-class
 ip dhcp-client request vendor-identifying-specific
line con 0
 exec-timeout 0 0
line vty 0 7
end
IE520-sa#

TestTag analysis session ended at 2026-09-29T08:56:39.277800
