self-test OK: 'show clock ?' then Ctrl-U then CR executed nothing
09:02:33 >>> configure terminal
Enter configuration commands, one per line.  End with CNTL/Z.
09:02:35 >>> service ?
service ?
  advanced-vty            Enable advanced mode vty interface
  atmf-application-proxy  ATMF Application Proxy
  bfd                     Bidirectional Forwarding Detection (BFD)
  bgp                     Enable BGP service modes
  cloud-client            Cloud monitoring and management client
  dhcp-relay              Enable DHCP-Relay service globally
  dhcp-server             Enable DHCP server
  dhcp-snooping           Enable DHCP Snooping
  epsr                    Ethernet Protection Switching Ring (EPSR)
  flow                    IP Flow
  http                    HTTP server
  isis                    Intermediate System - Intermediate System (IS-IS)
  linkmon                 Link Health Monitoring
  mrp                     Media Redundancy Protocol
  netconf                 Netconf service
  onm                     OAM Network Management Daemon (ONMD) - CFM and
                          G.8032
  openflow                Openflow
  ospf                    Open Shortest Path First (OSPF)
  ospf6                   Open Shortest Path First (OSPF) for IPv6
  password-encryption     Encrypt system passwords
  pdm                     Dense Mode (PIM-DM)
  pim                     Protocol Independent Multicast (PIM)
  pim6                    Protocol Independent Multicast (PIM) for IPv6
  rip                     Routing Information Protocol (RIP)
  ripng                   Routing Information Protocol (RIP) for IPv6
  snmp-discovery          SNMP network node discovery
  ssh                     Enable SSH server
  statistics              Statistics monitoring
  stoat                   STOAT Device Discovery
  telnet                  Enable the telnet server
  terminal-length         System wide terminal length configuration
  test                    Test device functionality
  vrrp                    Virtual Router Redundancy Protocol (VRRP)

[K[26CIE520-stk(config)#service 
09:02:37 >>> router ?
router ?
  bgp   Border Gateway Protocol (BGP)
  ip    Internet Protocol (IP)
  ipv6  IPv6 information
  isis  Intermediate System - Intermediate System (IS-IS)
  ospf  Open Shortest Path First (OSPF)
  rip   Routing Information Protocol (RIP)
  vrrp  Start VRRP configuration

[K[25CIE520-stk(config)#router 
09:02:39 >>> access-list ?
access-list ?
  <1-99>             IP standard access list
  <100-199>          IP extended access list
  <1300-1999>        IP standard access list (expanded range)
  <2000-2699>        IP extended access list (expanded range)
  <3000-3699>        Hardware IP access list
  <4000-4699>        Hardware MAC access list
  extended           Named IP extended access list
  hardware           Named IP hardware access list
  hardware-deny-log  Logging of packets denied by hardware access-list
  standard           Named IP standard access list

[K[30CIE520-stk(config)#access-list 
09:02:42 >>> access-list hardware ?
access-list hardware ?
  WORD  Hardware access list name

[K[39CIE520-stk(config)#access-list hardware 
09:02:44 >>> class-map ?
class-map ?
  NAME  Specify a class-map name

[K[28CIE520-stk(config)#class-map 
