13:36:06 >>> configure terminal
configure terminal
Enter configuration commands, one per line.  End with CNTL/Z.
IE520-stk(config)#
13:36:08 >>> mls qos enable
mls qos enable
Traffic will stop while configuration is applied. Continue? (y/n): y
IE520-stk(config)#
13:36:08 >>> class-map ck12589
class-map ck12589
IE520-stk(config-cmap)#
13:36:09 >>> exit
exit
IE520-stk(config)#
13:36:09 >>> policy-map ck12589
policy-map ck12589
IE520-stk(config-pmap)#
13:36:10 >>> class ck12589
class ck12589
IE520-stk(config-pmap-c)#
13:36:10 >>> end
end
IE520-stk#
13:36:11 >>> show running-config | include mls|class|policy
show running-config | include mls|class|policy
mls qos enable
class-map ck12589
policy-map ck12589
 class default
 class ck12589
 ip dhcp-client vendor-identifying-class
IE520-stk#
13:36:12 >>> show stack
show stack
Virtual Chassis Stacking summary information

ID   Pending ID  MAC address        Priority  Status  Role
1    -           84e3.2787.0ac0     128       Ready   Backup Member
2    -           -                  -         -       Provisioned
3    -           84e3.2787.0740     128       Ready   Active Master
4    -           84e3.2787.09c0     128       Ready   Backup Member

Operational Status                 Normal operation
Stack MAC address                  0000.cd37.0d6f (Virtual MAC)
IE520-stk#
