09:33:57 >>> configure terminal
configure terminal
Enter configuration commands, one per line.  End with CNTL/Z.
IE520-stk(config)#
09:33:58 >>> policy-map ck12589
policy-map ck12589
IE520-stk(config-pmap)#
09:33:59 >>> class ck12589
class ck12589
IE520-stk(config-pmap-c)#
09:33:59 >>> set ip next-hop 10.99.99.1
set ip next-hop 10.99.99.1
IE520-stk(config-pmap-c)#
09:33:59 >>> end
end
IE520-stk#
09:34:00 >>> show policy-map ck12589
show policy-map ck12589

  POLICY-MAP-NAME: ck12589
    Interfaces: port3.0.10
    Default class-map action: permit

    CLASS-MAP-NAME: default

    CLASS-MAP-NAME: ck12589
      QOS-ACCESS-LIST-NAME: 3001
      Set Nexthop: 10.99.99.1
IE520-stk#
09:34:00 >>> show ip route 10.99.99.1
show ip route 10.99.99.1
% Network not in table
IE520-stk#
!!! CLI error on 'show ip route 10.99.99.1' -- stopping
