09:09:21 >>> configure terminal
configure terminal
Enter configuration commands, one per line.  End with CNTL/Z.
IE520-stk(config)#
09:09:23 >>> mls qos enable
mls qos enable
Traffic will stop while configuration is applied. Continue? (y/n): y
IE520-stk(config)#
09:09:23 >>> access-list 3001 permit ip 192.168.10.128/25 any
access-list 3001 permit ip 192.168.10.128/25 any
IE520-stk(config)#
09:09:23 >>> class-map ck12589
class-map ck12589
IE520-stk(config-cmap)#
09:09:24 >>> match access-group 3001
match access-group 3001
IE520-stk(config-cmap)#
09:09:24 >>> exit
exit
IE520-stk(config)#
09:09:25 >>> policy-map ck12589
policy-map ck12589
IE520-stk(config-pmap)#
09:09:25 >>> class ck12589
class ck12589
IE520-stk(config-pmap-c)#
09:09:26 >>> set ip next-hop 172.16.30.2
set ip next-hop 172.16.30.2
IE520-stk(config-pmap-c)#
09:09:26 >>> exit
exit
IE520-stk(config-pmap)#
09:09:27 >>> exit
exit
IE520-stk(config)#
09:09:27 >>> interface port3.0.10
interface port3.0.10
IE520-stk(config-if)#
09:09:28 >>> service-policy input ck12589
service-policy input ck12589
IE520-stk(config-if)#
09:09:29 >>> end
end
IE520-stk#
