09:39:38 >>> configure terminal
configure terminal
Enter configuration commands, one per line.  End with CNTL/Z.
x230-10GP(config)#
09:39:39 >>> no router rip
no router rip
x230-10GP(config)#
09:39:39 >>> no arp 172.16.89.2
no arp 172.16.89.2
x230-10GP(config)#
09:39:39 >>> interface vlan3230
interface vlan3230
x230-10GP(config-if)#
09:39:40 >>> no ip address 172.16.30.2/24
no ip address 172.16.30.2/24
x230-10GP(config-if)#
09:39:40 >>> interface vlan3289
interface vlan3289
x230-10GP(config-if)#
09:39:41 >>> no ip address 172.16.89.1/24
no ip address 172.16.89.1/24
x230-10GP(config-if)#
09:39:41 >>> interface sa2
interface sa2
x230-10GP(config-if)#
09:39:42 >>> switchport mode access
switchport mode access
x230-10GP(config-if)#
09:39:42 >>> switchport access vlan 100
switchport access vlan 100
x230-10GP(config-if)#
09:39:43 >>> interface port1.0.1
interface port1.0.1
x230-10GP(config-if)#
09:39:43 >>> switchport mode access
switchport mode access
x230-10GP(config-if)#
09:39:44 >>> switchport access vlan 100
switchport access vlan 100
x230-10GP(config-if)#
09:39:44 >>> exit
exit
x230-10GP(config)#
09:39:45 >>> vlan database
vlan database
x230-10GP(config-vlan)#
09:39:45 >>> no vlan 3230
no vlan 3230
x230-10GP(config-vlan)#
09:39:46 >>> no vlan 3289
no vlan 3289
x230-10GP(config-vlan)#
09:39:46 >>> exit
exit
x230-10GP(config)#
09:39:46 >>> no service rip
no service rip
% Save the config and restart for this change to take effect.
x230-10GP(config)#
!!! CLI error on 'no service rip' -- stopping
