09:36:21 >>> show ip protocols rip
Routing Protocol is "rip"
  Sending updates every 30 seconds with +/-5 seconds, next due in 27 seconds
  Timeout after 180 seconds, garbage collect after 120 seconds
  Outgoing update filter list for all interface is not set
  Incoming update filter list for all interface is not set
  Default redistribution metric is 1
  Redistributing:
  Default version control: send version 2, receive version 2 
    Interface        Send  Recv   Key-chain
    vlan3289         2     2      
    vlan3240         2     2      
  Address Summarization for RIPv2:
  Routing for Networks:
    172.16.40.0/24
    172.16.89.0/24
  Routing Information Sources:
    Gateway          Distance  Last Update  Bad Packets  Bad Routes
    172.16.40.1           120  00:00:04               0           0
  Number of routes (including connected): 4
  Distance: (default is 120)
