09:06:33 >>> show vlan brief
VLAN ID  Name            Type    State   Member ports                   
                                         (u)-Untagged, (t)-Tagged
======= ================ ======= ======= ====================================
1       default          STATIC  ACTIVE  sa3(u) port1.0.1(u) port1.0.2(u) 
                                         port1.0.3(u) port1.0.4(u) port1.0.5(u) 
                                         port1.0.6(u) port1.0.7(u) port1.0.8(u) 
                                         port1.0.9(u) port1.0.10(u) 
                                         port1.0.11(u) port1.0.12(u) 
                                         port1.0.13(u) port1.0.14(u) 
                                         port1.0.15(u) port1.0.16(u) 
                                         port1.0.17(u) port1.0.18(u) 
                                         port1.0.19(u) port1.0.20(u) 
                                         port1.0.21(u) port1.0.22(u) 
                                         port1.0.23(u) port1.0.24(u) 
                                         port1.0.25(u) 
10      data             STATIC  ACTIVE  
3240    VLAN3240         STATIC  ACTIVE  port1.0.26(t) 
3289    VLAN3289         STATIC  ACTIVE  port1.0.2(t) 
4000    sx-link          STATIC  ACTIVE
09:06:34 >>> show ip route
Codes: C - connected, S - static, R - RIP, B - BGP
       O - OSPF, D - DHCP, IA - OSPF inter area
       N1 - OSPF NSSA external type 1, N2 - OSPF NSSA external type 2
       E1 - OSPF external type 1, E2 - OSPF external type 2
       i - IS-IS, L1 - IS-IS level 1, L2 - IS-IS level 2, ia - IS-IS inter area
       * - candidate default

C       10.38.215.32/27 is directly connected, vlan1
C       172.16.40.0/24 is directly connected, vlan3240
C       172.16.89.0/24 is directly connected, vlan3289

Gateway of last resort is not set
