self-test OK: 'show clock ?' then Ctrl-U then CR executed nothing
13:34:42 >>> configure terminal
Enter configuration commands, one per line.  End with CNTL/Z.
13:34:43 >>> interface vlan10

13:34:45 >>> ip policy ?
ip policy ?
% Unrecognized command
[K[31CIE520-stk(config-if)#ip policy 
13:34:47 >>> service-policy ?
service-policy ?
% Unrecognized command
[K[36CIE520-stk(config-if)#service-policy 
13:34:49 >>> ip ?
ip ?
  address                  Set the IP address of an interface
  dhcp                     Dynamic Host Configuration Protocol (DHCP)
  dhcp-client              Dynamic Host Configuration Protocol (DHCP) Client
  dhcp-relay               Dynamic Host Configuration Protocol (DHCP) Relay
  directed-broadcast       Forwarding directed-broadcast
  helper-address           Configure destination address for ip helper
  igmp                     Internet Group Management Protocol (IGMP)
  irdp                     ICMP Router Discovery Protocol
  limited-local-proxy-arp  Local proxy ARP for specified addresses
  local-proxy-arp          Local proxy ARP
  ospf                     OSPF interface commands
  pim                      PIM Interface commands
  proxy-arp                Proxy arp
  redirects                Allows ICMP redirect to be sent
  rip                      Routing Information Protocol (RIP)
  route                    Static route
  router                   IP router interface commands
  summary-address          Set IP summary address on this interface
  vrf                      VRF instance

[K[24CIE520-stk(config-if)#ip 
