09:38:03 >>> configure terminal
configure terminal
Enter configuration commands, one per line.  End with CNTL/Z.
IE520-stk(config)#
09:38:03 >>> policy-map ck12589
policy-map ck12589
IE520-stk(config-pmap)#
09:38:04 >>> class ck12589
class ck12589
IE520-stk(config-pmap-c)#
09:38:04 >>> set ip next-hop 172.16.30.2
set ip next-hop 172.16.30.2
IE520-stk(config-pmap-c)#
09:38:05 >>> end
end
IE520-stk#
09:38:05 >>> show policy-map ck12589
show policy-map ck12589

  POLICY-MAP-NAME: ck12589
    Interfaces: port3.0.10
    Default class-map action: permit

    CLASS-MAP-NAME: default

    CLASS-MAP-NAME: ck12589
      QOS-ACCESS-LIST-NAME: 3001
      Set Nexthop: 172.16.30.2
IE520-stk#
09:38:06 >>> show arp
show arp
IP Address      LL Address       Interface            Port        Type
10.38.215.1     00f0.4d00.7716   vlan1                port3.0.10  dynamic  
172.16.30.2     001a.eb91.cca1   vlan3230             sa2         dynamic  
172.16.40.2     84e3.2787.0780   vlan3240             port4.0.26  dynamic  
IE520-stk#
