09:06:34 >>> show vlan brief
VLAN ID  Name            Type    State   Member ports                   
                                         (u)-Untagged, (t)-Tagged
======= ================ ======= ======= ====================================
1       default          STATIC  ACTIVE  
100     VLAN0100         STATIC  ACTIVE  sa2(u) port1.0.1(u) port1.0.2(u) 
                                         port1.0.3(u) port1.0.4(u) port1.0.5(u) 
                                         port1.0.6(u) port1.0.7(u) port1.0.8(u) 
                                         port1.0.9(u) port1.0.10(u) 
999     VLAN0999         STATIC  ACTIVE  
3230    VLAN3230         STATIC  ACTIVE  sa2(t) port1.0.3(t) port1.0.4(t) 
3289    VLAN3289         STATIC  ACTIVE  port1.0.1(t)
09:06:36 >>> show ip route
Codes: C - connected, S - static, R - RIP, B - BGP
       O - OSPF, D - DHCP, IA - OSPF inter area
       N1 - OSPF NSSA external type 1, N2 - OSPF NSSA external type 2
       E1 - OSPF external type 1, E2 - OSPF external type 2
       * - candidate default

C       10.38.215.0/27 is directly connected, vlan100
C       172.16.30.0/24 is directly connected, vlan3230
C       172.16.89.0/24 is directly connected, vlan3289

Gateway of last resort is not set
