09:11:02 >>> show interface port4.0.26
Interface port4.0.26
  Scope: both
  Link is UP, administrative state is UP
  Thrash-limiting
    Status Not Detected, Action learn-disable, Timeout 1(s)
  Hardware is Ethernet, address is 0000.cd37.0d6f
  index 20026 metric 1 mru 1500
  current duplex full, current speed 1000, current polarity auto
  configured duplex auto, configured speed auto, configured polarity auto
  <UP,BROADCAST,RUNNING,MULTICAST>
  SNMP link-status traps: Disabled
  SNMP mac-change traps - added: Disabled, removed: Disabled
  DHCP subscriber-id substitution for client-id is not enabled
  DHCP subscriber-id is <not-set>
    input packets 1108, bytes 110950, dropped 0, multicast packets 45
    output packets 21425, bytes 2793030, multicast packets 44, broadcast packets 1
    input average rate : 30 seconds 1.08 Kbps, 5 minutes 971 bps
    output average rate: 30 seconds 106.67 Kbps, 5 minutes 62.63 Kbps
    input peak rate 1.47 Kbps at 2026/09/30 20:08:56
    output peak rate 1.22 Mbps at 2026/09/30 20:09:37
  Time since last state change: 0 days 00:17:45
  Unknown unicast flooding blocking is disabled
09:11:03 >>> show interface sa2
Interface sa2
  Scope: both
  Link is UP, administrative state is UP
  Thrash-limiting
    Status Not Detected, Action learn-disable, Timeout 1(s)
  Hardware is AGGREGATE
  index 4502 metric 1 
  <UP,BROADCAST,RUNNING,MULTICAST>
  SNMP link-status traps: Disabled
  SNMP mac-change traps - added: Disabled, removed: Disabled
    input packets 98, bytes 7138, dropped 0, multicast packets 79
    output packets 7635, bytes 924404, multicast packets 123, broadcast packets 28
  Time since last state change: 0 days 00:17:43
09:11:05 >>> show interface port3.0.10
Interface port3.0.10
  Scope: both
  Link is UP, administrative state is UP
  Thrash-limiting
    Status Not Detected, Action learn-disable, Timeout 1(s)
  Hardware is Ethernet, address is 0000.cd37.0d6f
  index 15010 metric 1 mru 1500
  current duplex full, current speed 1000, current polarity auto
  configured duplex auto, configured speed auto, configured polarity auto
  <UP,BROADCAST,RUNNING,MULTICAST>
  SNMP link-status traps: Disabled
  SNMP mac-change traps - added: Disabled, removed: Disabled
  DHCP subscriber-id substitution for client-id is not enabled
  DHCP subscriber-id is <not-set>
    input packets 40656, bytes 5365876, dropped 0, multicast packets 2
    output packets 8387, bytes 956886, multicast packets 91, broadcast packets 768
    input average rate : 30 seconds 206.86 Kbps, 5 minutes 114.71 Kbps
    output average rate: 30 seconds 78.09 Kbps, 5 minutes 21.20 Kbps
    input peak rate 1.22 Mbps at 2026/09/30 20:10:38
    output peak rate 599.94 Kbps at 2026/09/30 20:11:14
  Time since last state change: 0 days 00:17:43
  Unknown unicast flooding blocking is disabled
