09:09:44 >>> show running-config | include mls|access-list|class|policy|next-hop
mls qos enable
access-list 3001 permit ip 192.168.10.128/25 any
class-map ck12589
policy-map ck12589
 class default
 class ck12589
  set ip next-hop 172.16.30.2
 service-policy input ck12589
 ip dhcp-client vendor-identifying-class
09:09:45 >>> show policy-map ck12589
POLICY-MAP-NAME: ck12589
    Interfaces: port3.0.10
    Default class-map action: permit

    CLASS-MAP-NAME: default

    CLASS-MAP-NAME: ck12589
      QOS-ACCESS-LIST-NAME: 3001
      Set Nexthop: 172.16.30.2
09:09:46 >>> show class-map ck12589
CLASS-MAP-NAME: ck12589
      QOS-ACCESS-LIST-NAME: 3001
09:09:47 >>> show mls qos interface port3.0.10
Interface: port3.0.10

  INPUT-POLICY-MAP-NAME: ck12589
    CLASS-MAP-NAME: default
    CLASS-MAP-NAME: ck12589
      QOS-ACCESS-LIST-NAME: 3001
      Set Nexthop: 172.16.30.2

  Scheduler-set: None
  Number of egress queues: 8

  Egress Queue:         0
    Status:             Enabled
    Queue Limit:        12%
    Egress Rate Limit:  0 Kb

  Egress Queue:         1
    Status:             Enabled
    Queue Limit:        12%
    Egress Rate Limit:  0 Kb

  Egress Queue:         2
    Status:             Enabled
    Queue Limit:        12%
    Egress Rate Limit:  0 Kb

  Egress Queue:         3
    Status:             Enabled
    Queue Limit:        12%
    Egress Rate Limit:  0 Kb

  Egress Queue:         4
    Status:             Enabled
    Queue Limit:        12%
    Egress Rate Limit:  0 Kb

  Egress Queue:         5
    Status:             Enabled
    Queue Limit:        12%
    Egress Rate Limit:  0 Kb

  Egress Queue:         6
    Status:             Enabled
    Queue Limit:        12%
    Egress Rate Limit:  0 Kb

  Egress Queue:         7
    Status:             Enabled
    Queue Limit:        12%
    Egress Rate Limit:  0 Kb
  Trust Mode: Ports default priority
09:09:49 >>> show ip route 172.16.89.0/24
Routing entry for 172.16.89.0/24
  Known via "rip", distance 120, metric 2, best
  Last update 00:01:34 ago
  * via 172.16.40.2, vlan3240
