09:39:38 >>> configure terminal
configure terminal
Enter configuration commands, one per line.  End with CNTL/Z.
IE520-sa(config)#
09:39:38 >>> no router rip
no router rip
IE520-sa(config)#
09:39:39 >>> no arp 172.16.89.2
no arp 172.16.89.2
IE520-sa(config)#
09:39:39 >>> interface vlan3240
interface vlan3240
IE520-sa(config-if)#
09:39:40 >>> no ip address 172.16.40.2/24
no ip address 172.16.40.2/24
IE520-sa(config-if)#
09:39:40 >>> interface vlan3289
interface vlan3289
IE520-sa(config-if)#
09:39:41 >>> no ip address 172.16.89.1/24
no ip address 172.16.89.1/24
IE520-sa(config-if)#
09:39:41 >>> interface port1.0.26
interface port1.0.26
IE520-sa(config-if)#
09:39:42 >>> switchport mode access
switchport mode access
IE520-sa(config-if)#
09:39:42 >>> switchport access vlan 4000
switchport access vlan 4000
IE520-sa(config-if)#
09:39:42 >>> interface port1.0.2
interface port1.0.2
IE520-sa(config-if)#
09:39:43 >>> switchport mode access
switchport mode access
IE520-sa(config-if)#
09:39:43 >>> exit
exit
IE520-sa(config)#
09:39:44 >>> vlan database
vlan database
IE520-sa(config-vlan)#
09:39:44 >>> no vlan 3240
no vlan 3240
IE520-sa(config-vlan)#
09:39:45 >>> no vlan 3289
no vlan 3289
IE520-sa(config-vlan)#
09:39:45 >>> exit
exit
IE520-sa(config)#
09:39:46 >>> no service rip
no service rip
% Save the config and restart for this change to take effect.
IE520-sa(config)#
!!! CLI error on 'no service rip' -- stopping
