09:05:44 >>> configure terminal
configure terminal
Enter configuration commands, one per line.  End with CNTL/Z.
IE520-sa(config)#
09:05:44 >>> vlan database
vlan database
IE520-sa(config-vlan)#
09:05:44 >>> vlan 3240
vlan 3240
IE520-sa(config-vlan)#
09:05:45 >>> vlan 3289
vlan 3289
IE520-sa(config-vlan)#
09:05:45 >>> exit
exit
IE520-sa(config)#
09:05:46 >>> interface port1.0.26
interface port1.0.26
IE520-sa(config-if)#
09:05:46 >>> switchport mode trunk
switchport mode trunk
IE520-sa(config-if)#
09:05:47 >>> switchport trunk allowed vlan add 3240
switchport trunk allowed vlan add 3240
IE520-sa(config-if)#
09:05:47 >>> switchport trunk native vlan none
switchport trunk native vlan none
IE520-sa(config-if)#
09:05:48 >>> interface port1.0.2
interface port1.0.2
IE520-sa(config-if)#
09:05:48 >>> switchport mode trunk
switchport mode trunk
IE520-sa(config-if)#
09:05:49 >>> switchport trunk allowed vlan add 3289
switchport trunk allowed vlan add 3289
IE520-sa(config-if)#
09:05:49 >>> interface vlan3240
interface vlan3240
IE520-sa(config-if)#
09:05:49 >>> ip address 172.16.40.2/24
ip address 172.16.40.2/24
IE520-sa(config-if)#
09:05:50 >>> interface vlan3289
interface vlan3289
IE520-sa(config-if)#
09:05:50 >>> ip address 172.16.89.1/24
ip address 172.16.89.1/24
IE520-sa(config-if)#
09:05:51 >>> exit
exit
IE520-sa(config)#
09:05:51 >>> arp 172.16.89.2 0212.5890.0040 port1.0.2
arp 172.16.89.2 0212.5890.0040 port1.0.2
IE520-sa(config)#
09:05:52 >>> end
end
IE520-sa#
