self-test OK: 'show clock ?' then Ctrl-U then CR executed nothing
13:34:18 >>> configure terminal
Enter configuration commands, one per line.  End with CNTL/Z.
13:34:20 >>> policy-based-routing ?
policy-based-routing ?
% Unrecognized command
[K[39CIE520-stk(config)#policy-based-routing 
13:34:22 >>> policy-map ?
policy-map ?
  NAME  Specify a policy-map name

[K[29CIE520-stk(config)#policy-map 
13:34:24 >>> class-map ?
class-map ?
  NAME  Specify a class-map name

[K[28CIE520-stk(config)#class-map 
13:34:27 >>> mls qos ?
mls qos ?
  aggregate-police  Specify a policer for the classified traffic
  cos-packet-aging  Configure packet aging time
  drop-profile      Drop-profile
  enable            Enable QoS globally
  map               Specify maps
  queue             Egress queue
  scheduler-set     Set egress queue scheduling algorithm

[K[26CIE520-stk(config)#mls qos 
13:34:29 >>> ip policy ?
ip policy ?
% Unrecognized command
[K[28CIE520-stk(config)#ip policy 
13:34:31 >>> route-map ?
route-map ?
  WORD  Route map tag

[K[28CIE520-stk(config)#route-map 
