09:11:27 >>> show interface port4.0.26
Interface port4.0.26
  Scope: both
  Link is UP, administrative state is UP
  Thrash-limiting
    Status Not Detected, Action learn-disable, Timeout 1(s)
  Hardware is Ethernet, address is 0000.cd37.0d6f
  index 20026 metric 1 mru 1500
  current duplex full, current speed 1000, current polarity auto
  configured duplex auto, configured speed auto, configured polarity auto
  <UP,BROADCAST,RUNNING,MULTICAST>
  SNMP link-status traps: Disabled
  SNMP mac-change traps - added: Disabled, removed: Disabled
  DHCP subscriber-id substitution for client-id is not enabled
  DHCP subscriber-id is <not-set>
    input packets 1135, bytes 113752, dropped 0, multicast packets 46
    output packets 26532, bytes 3466392, multicast packets 45, broadcast packets 2
    input average rate : 30 seconds 1.08 Kbps, 5 minutes 974 bps
    output average rate: 30 seconds 221.72 Kbps, 5 minutes 78.29 Kbps
    input peak rate 1.47 Kbps at 2026/09/30 20:08:56
    output peak rate 1.22 Mbps at 2026/09/30 20:09:37
  Time since last state change: 0 days 00:18:10
  Unknown unicast flooding blocking is disabled
09:11:29 >>> show interface sa2
Interface sa2
  Scope: both
  Link is UP, administrative state is UP
  Thrash-limiting
    Status Not Detected, Action learn-disable, Timeout 1(s)
  Hardware is AGGREGATE
  index 4502 metric 1 
  <UP,BROADCAST,RUNNING,MULTICAST>
  SNMP link-status traps: Disabled
  SNMP mac-change traps - added: Disabled, removed: Disabled
    input packets 101, bytes 7406, dropped 0, multicast packets 82
    output packets 7686, bytes 929402, multicast packets 125, broadcast packets 29
  Time since last state change: 0 days 00:18:08
09:11:30 >>> show interface port3.0.10
Interface port3.0.10
  Scope: both
  Link is UP, administrative state is UP
  Thrash-limiting
    Status Not Detected, Action learn-disable, Timeout 1(s)
  Hardware is Ethernet, address is 0000.cd37.0d6f
  index 15010 metric 1 mru 1500
  current duplex full, current speed 1000, current polarity auto
  configured duplex auto, configured speed auto, configured polarity auto
  <UP,BROADCAST,RUNNING,MULTICAST>
  SNMP link-status traps: Disabled
  SNMP mac-change traps - added: Disabled, removed: Disabled
  DHCP subscriber-id substitution for client-id is not enabled
  DHCP subscriber-id is <not-set>
    input packets 50816, bytes 6706996, dropped 0, multicast packets 2
    output packets 13544, bytes 1614924, multicast packets 92, broadcast packets 769
    input average rate : 30 seconds 367.22 Kbps, 5 minutes 144.16 Kbps
    output average rate: 30 seconds 171.81 Kbps, 5 minutes 38.57 Kbps
    input peak rate 1.23 Mbps at 2026/09/30 20:11:56
    output peak rate 599.94 Kbps at 2026/09/30 20:11:14
  Time since last state change: 0 days 00:18:08
  Unknown unicast flooding blocking is disabled
