self-test OK: 'show clock ?' then Ctrl-U then CR executed nothing
13:35:01 >>> -- ?
-- ?
% Unrecognized command
[K[13CIE520-stk#-- 
13:35:03 >>> show policy-based-routing ?
show policy-based-routing ?
% Unrecognized command
[K[36CIE520-stk#show policy-based-routing 
13:35:05 >>> show mls qos ?
show mls qos ?
  aggregate-policer  Aggregate policer entry
  drop-profile       Drop-profile
  interface          Select an interface
  maps               Select QoS map
  scheduler-set      Shows the scheduler-set queue configurations
  |                  Output modifiers
  >                  Output redirection
  >>                 Output redirection (append)
  <cr>

[K[23CIE520-stk#show mls qos 
13:35:08 >>> show ip ?
show ip ?
  access-list          List IP access lists
  as-path-access-list  List AS path access lists
  bgp                  Border Gateway Protocol (BGP)
  community-list       List community-list
  dhcp                 Dynamic Host Configuration Protocol (DHCP)
  dhcp-relay           Dynamic Host Configuration Protocol (DHCP) Relay
  dns                  Domain Name Service (DNS)
  domain-list          Domain list for DNS
  domain-name          Default domain for DNS
  extcommunity-list    List extended-community list
  flooding-nexthops    Nexthop neighbor entries that send to multiple ports
  forwarding           IP forwarding status
  igmp                 IGMP information
  interface            IP interface status and configuration
  irdp                 IRDP show commands
  isis                 Intermediate System - Intermediate System (IS-IS)
  mroute               IP multicast routing table
  msdp                 Multicast Source Discovery Protocol (MSDP)
  mvif                 IP multicast interface
  name-server          DNS nameservers
  ospf                 OSPF information
  pim                  Protocol Independent Multicast (PIM)
  prefix-list          Build a prefix list
  protocols            IP routing protocol process parameters and statistics
  resolve-via-default  IP use default route to resolve recursive routes
  rip                  IP RIP show commands
  route                IP routing table
  rpf                  Display RPF information for multicast source
  sockets              Show open sockets
  source               Static source address binding for DHCP snooping
  traffic              Show traffic statistics
  vrf                  VRF instance

[K[18CIE520-stk#show ip 
