13:37:21 >>> configure terminal
configure terminal
Enter configuration commands, one per line.  End with CNTL/Z.
IE520-stk(config)#
13:37:21 >>> policy-map ck12589
policy-map ck12589
IE520-stk(config-pmap)#
13:37:22 >>> class ck12589
class ck12589
IE520-stk(config-pmap-c)#
13:37:22 >>> set ip next-hop 10.10.10.2
set ip next-hop 10.10.10.2
IE520-stk(config-pmap-c)#
13:37:23 >>> do show running-config | include mls|class|policy|next-hop
do show running-config | include mls|class|policy|next-
hop
mls qos enable
class-map ck12589
policy-map ck12589
 class default
 class ck12589
  set ip next-hop 10.10.10.2
 ip dhcp-client vendor-identifying-class
IE520-stk(config-pmap-c)#
13:37:24 >>> end
end
IE520-stk#
