09:44:18 >>> show running-config
!
service password-encryption
!
hostname IE520-sa
!
no banner motd
!
username manager privilege 15 password 8 $5$bJob5N4D$VDlAWDKf4Z/shG0P/kPIysg5qD4cc1OidC4abIHlMg7
!
!
ssh server allow-users manager
service ssh
!
no service telnet
!
service http
!
no clock timezone
!
snmp-server
!
!
!
aaa authentication enable default local
aaa authentication login default local
!
!
!
stack virtual-chassis-id 3439
!
!
loop-protection loop-detect ldf-interval 1 fast-block
!
service onm
!
!
!
!
ip domain-lookup
!
!
!
no service dhcp-server
!
!
!
no ip multicast-routing
!
lldp run
!
spanning-tree mode rstp
!
no lacp global-passive-mode enable
no spanning-tree rstp enable
!
switch 1 provision ie520-28
!
vlan database
 vlan 10 name data
 vlan 4000 name sx-link
 vlan 10,4000 state enable
!
interface port1.0.1-1.0.8
 switchport
 switchport mode access
!
interface port1.0.9
 switchport
 switchport mode access
 static-channel-group 3
!
interface port1.0.10-1.0.12
 switchport
 switchport mode access
!
interface port1.0.13
 switchport
 switchport mode access
 static-channel-group 3
!
interface port1.0.14-1.0.25
 switchport
 switchport mode access
!
interface port1.0.26
 switchport
 switchport mode access
 switchport access vlan 4000
!
interface port1.0.27-1.0.28
 stackport
!
interface sa3
 switchport
 switchport mode access
!
interface vlan1
 ip address 10.38.215.41/27
 ipv6 enable
 ipv6 address dhcp
 ip dhcp-client vendor-identifying-class
 ip dhcp-client request vendor-identifying-specific
!
line con 0
 exec-timeout 0 0
line vty 0 7
!
end
09:44:19 >>> show boot
Boot configuration
--------------------------------------------------------------------------------
Current software   : IE520-tb470.rel 
Current boot image : flash:/IE520-tb470.rel (file exists)
Backup  boot image : Not set 
Default boot config: flash:/default.cfg
Current boot config: flash:/tb470-bench.cfg (file exists)
Backup  boot config: Not set 
Autoboot status    : disabled
Boot Security Level: none
09:44:20 >>> show stack
Virtual Chassis Stacking summary information

ID   Pending ID  MAC address        Priority  Status  Role
1    -           84e3.2787.0780     128       Ready   Active Master

Operational Status                 Standalone unit
Stack MAC address                  84e3.2787.0780
09:44:22 >>> show ip rip
% RIP protocol daemon is not running or feature license is not available
