self-test OK: 'show clock ?' then Ctrl-U then CR executed nothing
13:36:33 >>> configure terminal
Enter configuration commands, one per line.  End with CNTL/Z.
13:36:34 >>> policy-map ck12589

13:36:35 >>> class ck12589

13:36:37 >>>  ?
 ?
Policy map class configuration commands:
  do                To run exec commands in config mode
  exit              End current mode and down to previous mode
  help              Description of the interactive help system
  no                Negate a command or set its defaults
  police            Specify a policer for the classified traffic
  police-aggregate  Specify a aggregate policer to multiple classes
  set               Setting a new value in the packet
  show              Show running system information
  storm-action      Action to take at the storm detection
  storm-downtime    Time to reset the storm action
  storm-protection  Policy-based storm protection
  storm-rate        Data limit in Kbps to trigger the storm action
  storm-window      Time interval in milli-second to check for the storm

[K[26CIE520-stk(config-pmap-c)# 
13:36:39 >>> set ?
set ?
  bandwidth-class  Bandwidth-class
  cos              CoS
  dscp             DSCP
  ip               Change an IP routing setting
  queue            Queue

[K[29CIE520-stk(config-pmap-c)#set 
13:36:42 >>> set ip ?
set ip ?
  next-hop  Set the Policy Based Routing nexthop

[K[32CIE520-stk(config-pmap-c)#set ip 
13:36:44 >>> set ip next-hop ?
set ip next-hop ?
  A.B.C.D  Nexthop IP address

[K[41CIE520-stk(config-pmap-c)#set ip next-hop 
