09:05:44 >>> configure terminal
configure terminal
Enter configuration commands, one per line.  End with CNTL/Z.
x230-10GP(config)#
09:05:44 >>> vlan database
vlan database
x230-10GP(config-vlan)#
09:05:44 >>> vlan 3230
vlan 3230
x230-10GP(config-vlan)#
09:05:45 >>> vlan 3289
vlan 3289
x230-10GP(config-vlan)#
09:05:45 >>> exit
exit
x230-10GP(config)#
09:05:46 >>> interface sa2
interface sa2
x230-10GP(config-if)#
09:05:46 >>> switchport mode trunk
switchport mode trunk
x230-10GP(config-if)#
09:05:47 >>> switchport trunk allowed vlan add 3230
switchport trunk allowed vlan add 3230
x230-10GP(config-if)#
09:05:47 >>> switchport trunk native vlan 100
switchport trunk native vlan 100
x230-10GP(config-if)#
09:05:48 >>> interface port1.0.1
interface port1.0.1
x230-10GP(config-if)#
09:05:48 >>> switchport mode trunk
switchport mode trunk
x230-10GP(config-if)#
09:05:49 >>> switchport trunk allowed vlan add 3289
switchport trunk allowed vlan add 3289
x230-10GP(config-if)#
09:05:49 >>> switchport trunk native vlan 100
switchport trunk native vlan 100
x230-10GP(config-if)#
09:05:50 >>> interface vlan3230
interface vlan3230
x230-10GP(config-if)#
09:05:50 >>> ip address 172.16.30.2/24
ip address 172.16.30.2/24
x230-10GP(config-if)#
09:05:51 >>> interface vlan3289
interface vlan3289
x230-10GP(config-if)#
09:05:51 >>> ip address 172.16.89.1/24
ip address 172.16.89.1/24
x230-10GP(config-if)#
09:05:51 >>> exit
exit
x230-10GP(config)#
09:05:52 >>> arp 172.16.89.2 0212.5890.0030 port1.0.1
arp 172.16.89.2 0212.5890.0030 port1.0.1
x230-10GP(config)#
09:05:52 >>> end
end
x230-10GP#
