14:19:12: ================ PowerGroup has been initialised ================
14:19:12: ======== Turning PowerGroup on
14:19:12: PowerGroup._pdu_cmd(on, [1], 3) called
14:19:12: Waiting for pdu lock
14:19:12: ...lock acquired
14:19:12: Power outlets are already in the desired state
14:19:12: ...lock released
14:19:12: Turning PowerGroup on: Success
14:26:54: ========= TestCase 10 Starting =========
14:29:57: ========= TestCase 10 Tear Down =========
14:30:11: ========= TestCase 20 Starting =========
14:33:08: ========= TestCase 20 Tear Down =========
14:33:22: ========= TestCase 1 Starting =========
14:33:43: ========= TestCase 1 Tear Down =========
14:33:57: ========= TestCase 2 Starting =========
14:34:15: ========= TestCase 2 Tear Down =========
14:34:52: ========= TestCase 3 Starting =========
14:35:08: ========= TestCase 3 Tear Down =========
14:35:36: ========= TestCase 4 Starting =========
14:35:53: ========= TestCase 4 Tear Down =========
14:36:05: ========= TestCase 5 Starting =========
14:36:20: ========= TestCase 5 Tear Down =========
14:36:34: ========= TestCase 6 Starting =========
14:36:54: ========= TestCase 6 Tear Down =========
14:37:08: ========= TestCase 7 Starting =========
14:37:34: ========= TestCase 7 Tear Down =========
14:37:48: ========= TestCase 8 Starting =========
14:38:07: ========= TestCase 8 Tear Down =========
14:38:22: ========= TestCase 9 Starting =========
14:39:23: ========= TestCase 9 Tear Down =========
