
awplus#sh stack
Virtual Chassis Stacking summary information

ID   Pending ID  MAC address        Priority  Status  Role
1    -           84e3.2787.0740     128       Ready   Active Master
2    -           84e3.2787.09c0     1         Ready   Backup Member

Operational Status                 Normal operation
Stack MAC address                  0000.cd37.0d6f (Virtual MAC)
awplus#sh sys
System Status                                           Wed Sep 02 13:52:27 2026

Stack member 1

Board      ID   Bay     Board Name                        Rev   Serial number
--------------------------------------------------------------------------------
Base       717  Base    AT-IE520-28GSX                    X1-0  264A23066       
--------------------------------------------------------------------------------
RAM: Total: 506728 kB Free: 260788 kB
Flash: 106.3MB Used: 3.7MB Available: 102.6MB
--------------------------------------------------------------------------------
Environment Status : Normal
Uptime             : 0 days 00:18:50
Bootloader version : 9.1.0


Stack member 2

Board      ID   Bay     Board Name                        Rev   Serial number
--------------------------------------------------------------------------------
Base       717  Base    AT-IE520-28GSX                    X1-0  264A23052       
--------------------------------------------------------------------------------
RAM: Total: 506728 kB Free: 268128 kB
Flash: 106.3MB Used: 3.7MB Available: 102.6MB
--------------------------------------------------------------------------------
Environment Status : Normal
Uptime             : 0 days 00:17:45
Bootloader version : pauld


Current software   : IE520-tb470.rel
Software version   : awplus_main-20260902-1700
Build date         : Wed Sep 2 00:05:06 UTC 2026

Current boot config: flash:/default.cfg (file exists)

System Name
 awplus
System Contact

System Location

awplus#sh stack detail
Virtual Chassis Stacking detailed information

Stack Status:
------------------------------------------------------------------
Operational Status                      Normal operation
Management VLAN ID                      4094
Management VLAN subnet address          192.168.255.0
Virtual Chassis ID                      3439 (0xd6f)
Virtual MAC address                     0000.cd37.0d6f
Disabled Master Monitoring              Enabled

Stack member 1:
------------------------------------------------------------------
ID                                      1
Pending ID                              -
MAC address                             84e3.2787.0740
Last role change                        Wed Sep  2 12:35:11 2026
Product type                            AT-IE520-28GSX
Role                                    Active Master
Status                                  Ready
Priority                                128
Host name                               awplus
S/W version auto synchronization        On
Resiliency link status                  Not configured
Stack port1.0.27 status                 Learnt neighbor 2, connected port2.0.28
Stack port1.0.28 status                 Learnt neighbor 2, connected port2.0.27

Stack member 2:
------------------------------------------------------------------
ID                                      2
Pending ID                              -
MAC address                             84e3.2787.09c0
Last role change                        Wed Sep  2 13:35:59 2026
Product type                            AT-IE520-28GSX
Role                                    Backup Member
Status                                  Ready
Priority                                1
Host name                               awplus-2
S/W version auto synchronization        On
Resiliency link status                  Not configured
Stack port2.0.27 status                 Learnt neighbor 1, connected port1.0.28
Stack port2.0.28 status                 Learnt neighbor 1, connected port1.0.27
awplus# 13:52



2026 Sep 02 13:45:28 authpriv.notice awplus login: pam_unix(console:auth): authentication f
ailure; logname=LOGIN uid=0 euid=0 tty=/dev/ttyS0 ruser= rhost=  user=manager
2026 Sep 02 13:45:30 authpriv.notice awplus login: FAILED LOGIN 1 FROM ttyS0 FOR manager, A
uthentication failure
2026 Sep 02 13:45:34 authpriv.notice awplus login: pam_lastlog(console:session): file /var/
log/lastlog created




