17:20:27 >>> show counter dhcp-relay
DHCP relay counters
Requests In             ....... 0
Replies In              ....... 0
Relayed To Server       ....... 0
Relayed To Client       ....... 0
Out To Server Failed    ....... 0
Out To Client Failed    ....... 0
Invalid hlen            ....... 0
Bogus giaddr            ....... 0
Corrupt Agent Option    ....... 0
Missing Agent Option    ....... 0
Bad Circuit ID          ....... 0
Missing Circuit ID      ....... 0
Bad Remote ID           ....... 0
Missing Remote ID       ....... 0
Option Insert Failed    ....... 0
DHCPv6 Requests In      ....... 4
DHCPv6 Replies In       ....... 4
DHCPv6 Relayed To Server ....... 4
DHCPv6 Relayed To Client ....... 4
