17:08:54 >>> configure terminal
Enter configuration commands, one per line.  End with CNTL/Z.
17:08:55 >>> vlan database
17:08:56 >>> vlan 3993 name ck5093
17:08:58 >>> exit
17:08:59 >>> interface vlan3993
17:09:00 >>> ipv6 enable
17:09:01 >>> ipv6 address 2001:db8:5093:1::1/64
17:09:02 >>> exit
17:09:03 >>> interface vlan10
17:09:04 >>> ipv6 enable
17:09:06 >>> ipv6 address 2001:db8:5093:10::1/64
17:09:07 >>> end
17:09:08 >>> show vlan 3993
VLAN ID  Name            Type    State   Member ports                   
                                         (u)-Untagged, (t)-Tagged
======= ================ ======= ======= ====================================
3993    ck5093           STATIC  ACTIVE
17:09:09 >>> show ipv6 interface brief
Interface             IP-Address         Status          Protocol
lo            unassigned                      N/A          admin up    running
vlan1         fe80::200:cdff:fe37:d6f/64      preferred    admin up    running
vlan10        2001:db8:5093:10::1/64          preferred    admin up    running
              fe80::200:cdff:fe37:d6f/64      preferred 
vlan3993      2001:db8:5093:1::1/64           tentative    admin up    down
vlan4000      unassigned                      N/A          admin up    running
17:09:10 >>> show running-config interface vlan3993
!
interface vlan3993
 ipv6 address 2001:db8:5093:1::1/64
 ipv6 enable
!
17:09:12 >>> show running-config interface vlan10
!
interface vlan10
 ip address 10.10.10.1/27
 ipv6 address 2001:db8:5093:10::1/64
 ipv6 enable
!
