self-test OK: 'show clock ?' then Ctrl-U then CR executed nothing
17:07:18 >>> configure terminal
Enter configuration commands, one per line.  End with CNTL/Z.
17:07:19 >>> interface vlan10

17:07:22 >>> ip dhcp-relay ?
ip dhcp-relay ?
  agent-option        DHCP relay Agent option
  information         Relay agent option
  max-message-length  DHCP relay agent maximum DHCP message length after
                      insertion of option 82
  maxhops             Specifies the maximum hop counts of incoming DHCP
                      packets to be forwarded
  server-address      Specifies the DHCP server to forward client DHCP packets
                      to
  short-lease         Specifies the DHCP relay lease time in seconds
  short-lease-ipv6    Specifies the DHCP relay valid and preferred lease time
                      in seconds

[K[35CIE520-stk(config-if)#ip dhcp-relay 
17:07:24 >>> ip dhcp-relay server-address ?
ip dhcp-relay server-address ?
  A.B.C.D   IP address of the DHCP server to forward DHCP packets to
  X:X::X:X  IPv6 address of the DHCP server to forward DHCP packets to

[K[50CIE520-stk(config-if)#ip dhcp-relay server-address 
17:07:26 >>> ip dhcp-relay server-address 2001:db8:5093:10::2 ?
ip dhcp-relay server-address 2001:db8:5093:10::2 ?
  IFNAME  Name of interface out which the DHCP server is found

[K[70CIE520-stk(config-if)#ip dhcp-relay server-address 2001:db8:5093:10::2 
17:07:28 >>> ip dhcp-relay server-address 2001:db8:5093:10::2 vlan10 ?
ip dhcp-relay server-address 2001:db8:5093:10::2 vlan10 ?
  <cr>

[K[77CIE520-stk(config-if)#ip dhcp-relay server-address 2001:db8:5093:10::2 vlan10 
17:07:31 >>> ipv6 address ?
ipv6 address ?
  WORD        Prefix name delegated from parent PD server
  X:X::X:X/M  IPv6 address (e.g. 2001:db8::1/48)
  autoconfig  Enable Stateless Address Autoconfiguration (SLAAC)
  dhcp        Use DHCPv6 client to obtain IP address for this interface
  suffix      IPv6 suffix to use for autogenerated addresses

[K[34CIE520-stk(config-if)#ipv6 address 
