17:23:41 >>> configure terminal
configure terminal
Enter configuration commands, one per line.  End with CNTL/Z.
4050-5g(config)#
17:23:42 >>> interface vlan10
interface vlan10
4050-5g(config-if)#
17:23:42 >>> no ipv6 dhcp server
no ipv6 dhcp server
4050-5g(config-if)#
17:23:43 >>> no ipv6 address 2001:db8:5093:10::2/64
no ipv6 address 2001:db8:5093:10::2/64
4050-5g(config-if)#
17:23:43 >>> no ipv6 enable
no ipv6 enable
4050-5g(config-if)#
17:23:43 >>> exit
exit
4050-5g(config)#
17:23:44 >>> no ipv6 route 2001:db8:5093:1::/64 2001:db8:5093:10::1
no ipv6 route 2001:db8:5093:1::/64 2001:db8:5093:10::1
4050-5g(config)#
17:23:44 >>> no ipv6 dhcp pool ck5093
no ipv6 dhcp pool ck5093
4050-5g(config)#
17:23:45 >>> end
end
4050-5g#
17:23:45 >>> show ipv6 dhcp pool
show ipv6 dhcp pool

4050-5g#
17:23:46 >>> show ipv6 dhcp binding
show ipv6 dhcp binding

4050-5g#
17:23:46 >>> show ipv6 dhcp interface
show ipv6 dhcp interface
vlan1 is in client mode
4050-5g#
17:23:47 >>> show ipv6 route
show ipv6 route
Codes: C - connected, S - static, R - RIP, B - BGP
       O - OSPF, D - DHCP, IA - OSPF inter area
       N1 - OSPF NSSA external type 1, N2 - OSPF NSSA external type 2
       E1 - OSPF external type 1, E2 - OSPF external type 2
       i - IS-IS, L1 - IS-IS level 1, L2 - IS-IS level 2, ia - IS-IS inter area

C       2001:db8:427::/64 is directly connected, lo
4050-5g#
