17:20:50 >>> configure terminal
configure terminal
Enter configuration commands, one per line.  End with CNTL/Z.
IE520-stk(config)#
17:20:55 >>> boot config-file flash:/tb470-bench.cfg
boot config-file flash:/tb470-bench.cfg
Synchronizing file across the stack, please wait...
File synchronization with stack member 1 successfully completed
File synchronization with stack member 4 successfully completed
[DONE]
IE520-stk(config)#
17:20:55 >>> interface port3.0.13
interface port3.0.13
IE520-stk(config-if)#
17:20:55 >>> no switchport access vlan
no switchport access vlan
IE520-stk(config-if)#
17:20:56 >>> exit
exit
IE520-stk(config)#
17:20:57 >>> interface vlan3993
interface vlan3993
IE520-stk(config-if)#
17:20:57 >>> no ip dhcp-relay server-address 2001:db8:5093:10::2 vlan10
no ip dhcp-relay server-address 2001:db8:5093:10::2 vlan10
IE520-stk(config-if)#
17:20:58 >>> no ipv6 address 2001:db8:5093:1::1/64
no ipv6 address 2001:db8:5093:1::1/64
IE520-stk(config-if)#
17:20:58 >>> no ipv6 enable
no ipv6 enable
IE520-stk(config-if)#
17:20:59 >>> exit
exit
IE520-stk(config)#
17:20:59 >>> interface vlan10
interface vlan10
IE520-stk(config-if)#
17:21:00 >>> no ipv6 address 2001:db8:5093:10::1/64
no ipv6 address 2001:db8:5093:10::1/64
IE520-stk(config-if)#
17:21:00 >>> no ipv6 enable
no ipv6 enable
IE520-stk(config-if)#
17:21:00 >>> exit
exit
IE520-stk(config)#
17:21:01 >>> vlan database
vlan database
IE520-stk(config-vlan)#
17:21:01 >>> no vlan 3993
no vlan 3993
IE520-stk(config-vlan)#
17:21:02 >>> end
end
IE520-stk#
17:21:03 >>> show boot
show boot
Boot configuration
--------------------------------------------------------------------------------
Current software   : IE520-tb470.rel 
Current boot image : flash:/IE520-tb470.rel (file exists)
Backup  boot image : Not set 
Default boot config: flash:/default.cfg
Current boot config: flash:/tb470-bench.cfg (file exists)
Backup  boot config: Not set 
Autoboot status    : disabled
Boot Security Level: none

IE520-stk#
