17:12:41 >>> show counter dhcp-relay
DHCP relay counters
Requests In             ....... 0
Replies In              ....... 0
Relayed To Server       ....... 0
Relayed To Client       ....... 0
Out To Server Failed    ....... 0
Out To Client Failed    ....... 0
Invalid hlen            ....... 0
Bogus giaddr            ....... 0
Corrupt Agent Option    ....... 0
Missing Agent Option    ....... 0
Bad Circuit ID          ....... 0
Missing Circuit ID      ....... 0
Bad Remote ID           ....... 0
Missing Remote ID       ....... 0
Option Insert Failed    ....... 0
DHCPv6 Requests In      ....... 5
DHCPv6 Replies In       ....... 5
DHCPv6 Relayed To Server ....... 5
DHCPv6 Relayed To Client ....... 5
17:12:42 >>> show counter ipv6 dhcp-client
DHCPv6 client counters
SOLICIT out             ....... 74
ADVERTISE in            ....... 0
REQUEST out             ....... 0
CONFIRM out             ....... 0
RENEW out               ....... 0
REBIND out              ....... 0
REPLY in                ....... 0
RELEASE out             ....... 0
DECLINE out             ....... 0
INFORMATION-REQUEST out ....... 0
17:12:43 >>> show ipv6 neighbors
IPv6 Address                            MAC Address    Interface          Port       Type
2001:db8:5093:10::2                     0000.cd40.0394 vlan10             sa1         dynamic
fe80::f667:7041:7dff:3cfc               00f0.4d00.7716 vlan3993           port3.0.13  dynamic
fe80::200:cdff:fe40:394                 0000.cd40.0394 vlan10             sa1         dynamic
