17:11:32 >>> configure terminal
Enter configuration commands, one per line.  End with CNTL/Z.
17:11:33 >>> interface vlan3993
17:11:35 >>> ip dhcp-relay server-address 2001:db8:5093:10::2 vlan10
17:11:40 >>> end
17:11:42 >>> show running-config interface vlan3993
!
interface vlan3993
 ipv6 address 2001:db8:5093:1::1/64
 ipv6 enable
 ip dhcp-relay server-address 2001:db8:5093:10::2 vlan10
!
17:11:43 >>> show ip dhcp-relay
DHCP Relay Service is enabled
Use of client side address as source address is disabled
Use DHCP Relay agent's IP address in Server Identification field is disabled

vlan3993 is up, line protocol is up
Maximum hop count is 10
Maximum DHCP message length is 1400
DHCP Relay short lease time for IPv4 is disabled
DHCP Relay short lease time for IPv6 is disabled
Insertion of Relay Agent Option is disabled
Checking of Relay Agent Option is disabled
Insertion of Subscriber-ID auto-MAC is disabled
The Remote Id string for Relay Agent Option is 0000.0000.0000
Relay Information policy is to replace existing relay agent information
List of servers :   2001:db8:5093:10::2
17:11:44 >>> show ip dhcp-relay interface vlan3993
DHCP Relay Service is enabled
Use of client side address as source address is disabled
Use DHCP Relay agent's IP address in Server Identification field is disabled

vlan3993 is up, line protocol is up
Maximum hop count is 10
Maximum DHCP message length is 1400
DHCP Relay short lease time for IPv4 is disabled
DHCP Relay short lease time for IPv6 is disabled
Insertion of Relay Agent Option is disabled
Checking of Relay Agent Option is disabled
Insertion of Subscriber-ID auto-MAC is disabled
The Remote Id string for Relay Agent Option is 0000.0000.0000
Relay Information policy is to replace existing relay agent information
List of servers :   2001:db8:5093:10::2
