17:10:13 >>> configure terminal
Enter configuration commands, one per line.  End with CNTL/Z.
17:10:14 >>> interface port3.0.13
17:10:16 >>> switchport access vlan 3993
17:10:17 >>> end
17:10:32 >>> show interface brief | include 3.0.13
port3.0.13            admin up        running
17:10:33 >>> show vlan 3993
VLAN ID  Name            Type    State   Member ports                   
                                         (u)-Untagged, (t)-Tagged
======= ================ ======= ======= ====================================
3993    ck5093           STATIC  ACTIVE  port3.0.13(u)
17:10:34 >>> show ipv6 interface brief
Interface             IP-Address         Status          Protocol
lo            unassigned                      N/A          admin up    running
vlan1         fe80::200:cdff:fe37:d6f/64      preferred    admin up    running
vlan10        2001:db8:5093:10::1/64          preferred    admin up    running
              fe80::200:cdff:fe37:d6f/64      preferred 
vlan3993      2001:db8:5093:1::1/64           preferred    admin up    running
              fe80::200:cdff:fe37:d6f/64      preferred 
vlan4000      unassigned                      N/A          admin up    running
17:10:36 >>> show running-config | include relay
17:10:37 >>> show counter dhcp-relay
DHCP relay counters
17:10:38 >>> show ip dhcp-relay
DHCP Relay Service is enabled
Use of client side address as source address is disabled
Use DHCP Relay agent's IP address in Server Identification field is disabled
