17:13:41 >>> copy running-config flash:/ck5093.cfg
copy running-config flash:/ck5093.cfg
Copying...
Successful operation
IE520-stk#
17:13:41 >>> configure terminal
configure terminal
Enter configuration commands, one per line.  End with CNTL/Z.
IE520-stk(config)#
17:13:45 >>> boot config-file flash:/ck5093.cfg
boot config-file flash:/ck5093.cfg
Synchronizing file across the stack, please wait...
File synchronization with stack member 1 successfully completed
File synchronization with stack member 4 successfully completed
[DONE]
IE520-stk(config)#
17:13:45 >>> end
end
IE520-stk#
17:13:45 >>> show boot
show boot
Boot configuration
--------------------------------------------------------------------------------
Current software   : IE520-tb470.rel 
Current boot image : flash:/IE520-tb470.rel (file exists)
Backup  boot image : Not set 
Default boot config: flash:/default.cfg
Current boot config: flash:/ck5093.cfg (file exists)
Backup  boot config: Not set 
Autoboot status    : disabled
Boot Security Level: none

IE520-stk#
17:13:46 >>> dir *.cfg
dir *.cfg
      3199 -rw- Sep 30 2026 04:14:21  flash:/ck5093.cfg
      2927 -rw- Sep 30 2026 03:07:49  flash:/tb470-bench.cfg
       330 -rw- Sep 24 2026 21:19:12  flash:/default.cfg
IE520-stk#
17:13:47 >>> dir IE520-stk-1/flash:/ck5093.cfg
dir IE520-stk-1/flash:/ck5093.cfg
      3199 -rw- Sep 30 2026 04:14:21  IE520-stk-1/flash:/ck5093.cfg
IE520-stk#
17:13:47 >>> dir IE520-stk-4/flash:/ck5093.cfg
dir IE520-stk-4/flash:/ck5093.cfg
      3199 -rw- Sep 30 2026 04:14:21  IE520-stk-4/flash:/ck5093.cfg
IE520-stk#
