17:19:56 >>> show counter ipv6 dhcp-server
DHCPv6 server counters
SOLICIT in              ....... 5
ADVERTISE out           ....... 5
REQUEST in              ....... 2
CONFIRM in              ....... 0
RENEW in                ....... 0
REBIND in               ....... 0
REPLY out               ....... 2
RELEASE in              ....... 0
DECLINE in              ....... 0
INFORMATION-REQUEST in  ....... 0
RELAY FORWARD in        ....... 7
LEASEQUERY in           ....... 0
DHCPv4 QUERY in         ....... 0
17:19:57 >>> show ipv6 dhcp binding
Pool ck5093
 Address 2001:db8:5093:1::1cb
         client IAID 00005093, DUID 0003000100f04d007716
         preferred lifetime 604800, valid lifetime 2592000
         starts  at 30 Sep 2026 17:12:24
         expires at 30 Oct 2026 17:12:24
