Test started at Thu Oct  8 07:18:42 UTC 2026
AlliedWare Plus (TM) 0.0.0 10/06/26 23:16:47

System Status                                           Thu Oct 08 07:18:46 2026

Board      ID   Bay     Board Name                        Rev   Serial number
--------------------------------------------------------------------------------
Base       706  Base    AT-x230-28GS V2                   A-0   A10783G262900002
--------------------------------------------------------------------------------
RAM: Total: 506920 kB Free: 320480 kB
Flash: 95.6MB Used: 34.9MB Available: 60.8MB
--------------------------------------------------------------------------------
Environment Status : Normal
Uptime             : 0 days 00:02:16
Bootloader version : 6.2.40

Current software   : x230v2_28GS-tb470.rel
Software version   : awplus_main-20261007-55
Build date         : Tue Oct 6 23:16:47 UTC 2026

Current boot config: flash:/default.cfg (file exists)

System Name
 awplus
System Contact

System Location

AlliedWare Plus (TM) 0.0.0 10/06/26 23:16:47

!
service password-encryption
!
no banner motd
!
username manager privilege 15 password 8 $5$bJoGTc4D$rJWi6S..L0u7FYo4iPIgN0/q2xB77rJgCtgwoZhloyC
!
!
no service ssh
!
no service telnet
!
service http
!
no clock timezone
!
snmp-server
!
!
!
aaa authentication enable default local
aaa authentication login default local
!
!
!
!
!
!
!
!
ip domain-lookup
!
!
spanning-tree mode rstp
!
lacp global-passive-mode enable
!
interface port1.0.1-1.0.28
 switchport
 switchport mode access
!
line con 0
line vty 0 7
!
end

AlliedWare Plus (TM) 0.0.0 10/06/26 23:16:47

System Pluggable Information

Port    Vendor           Device           Serial Number    Datecode Type
--------------------------------------------------------------------------------
1.0.1   ATR              SFP LOOPBACK V2  20080105-172237  080105   SFP LOOPBACK
1.0.2   ATR              SFP LOOPBACK V2  20080106-042206  080106   SFP LOOPBACK
1.0.3   ATR              SFP LOOPBACK V2  20080106-052942  080106   SFP LOOPBACK
1.0.4   ATR              SFP LOOPBACK V2  20080105-161610  080105   SFP LOOPBACK
1.0.5   ATR              SFP LOOPBACK V2  20071130-042622  071130   SFP LOOPBACK
1.0.6   ATR              SFP LOOPBACK V2  20080105-162519  080105   SFP LOOPBACK
1.0.7   ATR              SFP LOOPBACK V2  20080105-164106  080105   SFP LOOPBACK
1.0.8   ATR              SFP LOOPBACK V2  20080105-144552  080105   SFP LOOPBACK
1.0.9   ATR              SFP LOOPBACK V2  20080105-124410  080105   SFP LOOPBACK
1.0.10  ATR              SFP LOOPBACK V2  20080106-041030  080106   SFP LOOPBACK
1.0.11  ATR              SFP LOOPBACK V2  20080105-105230  080105   SFP LOOPBACK
1.0.12  ATR              SFP LOOPBACK V2  20080106-042720  080106   SFP LOOPBACK
1.0.13  ATR              SFP LOOPBACK V2  20080106-042942  080106   SFP LOOPBACK
1.0.14  ATR              SFP LOOPBACK V2  20080105-170806  080105   SFP LOOPBACK
1.0.15  ATR              SFP LOOPBACK V2  20080106-043352  080106   SFP LOOPBACK
1.0.16  ATR              SFP LOOPBACK V2  20080106-054258  080106   SFP LOOPBACK
1.0.17  ATR              SFP LOOPBACK V2  20080106-035826  080106   SFP LOOPBACK
1.0.18  ATR              SFP LOOPBACK V2  20080105-122940  080105   SFP LOOPBACK
1.0.19  ATR              SFP LOOPBACK V2  20080106-042656  080106   SFP LOOPBACK
1.0.20  ATR              SFP LOOPBACK V2  20070613-101831  070613   SFP LOOPBACK
1.0.21  ATR              SFP LOOPBACK V2  20080106-042914  080106   SFP LOOPBACK
1.0.22  ATR              SFP LOOPBACK V2  20080105-170952  080105   SFP LOOPBACK
1.0.23  ATR              SFP LOOPBACK V2  20080106-040139  080106   SFP LOOPBACK
1.0.24  ATR              SFP LOOPBACK V2  20080106-042109  080106   SFP LOOPBACK
1.0.25  ATR              SFP LOOPBACK V2  20080105-151154  080105   SFP LOOPBACK
1.0.26  ATR              SFP LOOPBACK V2  20080105-120214  080105   SFP LOOPBACK
1.0.27  ATR              SFP LOOPBACK V2  20080105-172243  080105   SFP LOOPBACK
1.0.28  ATR              SFP LOOPBACK V2  20080105-121747  080105   SFP LOOPBACK
[Thu Oct  8 07:18:48 UTC 2026] Waiting 5 seconds...
[Thu Oct  8 07:18:53 UTC 2026] Saving /nvs/reboot.log.old...
[Thu Oct  8 07:18:53 UTC 2026] Clearing exception.log...
[Thu Oct  8 07:18:53 UTC 2026] Checking all interfaces are up...
[Thu Oct  8 07:19:18 UTC 2026] Test sequence is "PORT_TEST BIST_TEST REBOOT_LOOP"
[Thu Oct  8 07:19:18 UTC 2026] Port test ports are "all"
[Thu Oct  8 07:19:18 UTC 2026] State: PORT_TEST
[Thu Oct  8 07:19:18 UTC 2026] Initialising test module...
AlliedWare Plus (TM) 0.0.0 10/06/26 23:16:47

Enter configuration commands, one per line.  End with CNTL/Z.

[Thu Oct  8 07:19:31 UTC 2026] Starting port test... 
AlliedWare Plus (TM) 0.0.0 10/06/26 23:16:47

Enter configuration commands, one per line.  End with CNTL/Z.
[Thu Oct  8 07:39:51 UTC 2026] State: Port test complete
[Thu Oct  8 07:39:52 UTC 2026] Port Test: PASS
AlliedWare Plus (TM) 0.0.0 10/06/26 23:16:47


Board       ID Bay  Board Name                     Host Id Rev  Serial number
--------------------------------------------------------------------------------
Base      706 Base  AT-x230-28GS V2                      0 A-0  A10783G262900002

                         Duration         Frame Counters              Control
Interface       State    (minutes)     Tx   RxGood    RxBad  RxTotal   OK  NG
-----------------------------------------------------------------------------
  port1.0.1    complete       20     9999     9999        0     9999   98   0
  port1.0.2    complete       20     9999     9999        0     9999   98   0
  port1.0.3    complete       20     9999     9999        0     9999   98   0
  port1.0.4    complete       20     9999     9999        0     9999   98   0
  port1.0.5    complete       20     9999     9999        0     9999   98   0
  port1.0.6    complete       20     9999     9999        0     9999   98   0
  port1.0.7    complete       20     9999     9999        0     9999   98   0
  port1.0.8    complete       20     9999     9999        0     9999   98   0
  port1.0.9    complete       20     9999     9999        0     9999   98   0
  port1.0.10   complete       20     9999     9999        0     9999   98   0
  port1.0.11   complete       20     9999     9999        0     9999   98   0
  port1.0.12   complete       20     9999     9999        0     9999   98   0
  port1.0.13   complete       20     9999     9999        0     9999   98   0
  port1.0.14   complete       20     9999     9999        0     9999   98   0
  port1.0.15   complete       20     9938     9938        0     9938   98   0
  port1.0.16   complete       20     9939     9939        0     9939   98   0
  port1.0.17   complete       20     9898     9898        0     9898   98   0
  port1.0.18   complete       20     9898     9898        0     9898   97   0
  port1.0.19   complete       20     9898     9898        0     9898   97   0
  port1.0.20   complete       20     9898     9898        0     9898   96   0
  port1.0.21   complete       20     9858     9858        0     9858   96   0
  port1.0.22   complete       20     9809     9809        0     9809   96   0
  port1.0.23   complete       20     9801     9801        0     9801   96   0
  port1.0.24   complete       20     9797     9797        0     9797   96   0
  port1.0.25   complete       20     9797     9797        0     9797   96   0
  port1.0.26   complete       20     9797     9797        0     9797   96   0
  port1.0.27   complete       20     9797     9797        0     9797   96   0
  port1.0.28   complete       20     9797     9797        0     9797   96   0


Board       ID Bay  Board Name                     Host Id Rev  Serial number
--------------------------------------------------------------------------------
Base      706 Base  AT-x230-28GS V2                      0 A-0  A10783G262900002

                        Duration                                  Connected
Interface      State    (minutes)  Data     ( %OK )     Control   to
--------------------------------------------------------------------------------
  port1.0.1    complete        20  GOOD     (  100.0 )  GOOD      Loopback    
  port1.0.2    complete        20  GOOD     (  100.0 )  GOOD      Loopback    
  port1.0.3    complete        20  GOOD     (  100.0 )  GOOD      Loopback    
  port1.0.4    complete        20  GOOD     (  100.0 )  GOOD      Loopback    
  port1.0.5    complete        20  GOOD     (  100.0 )  GOOD      Loopback    
  port1.0.6    complete        20  GOOD     (  100.0 )  GOOD      Loopback    
  port1.0.7    complete        20  GOOD     (  100.0 )  GOOD      Loopback    
  port1.0.8    complete        20  GOOD     (  100.0 )  GOOD      Loopback    
  port1.0.9    complete        20  GOOD     (  100.0 )  GOOD      Loopback    
  port1.0.10   complete        20  GOOD     (  100.0 )  GOOD      Loopback    
  port1.0.11   complete        20  GOOD     (  100.0 )  GOOD      Loopback    
  port1.0.12   complete        20  GOOD     (  100.0 )  GOOD      Loopback    
  port1.0.13   complete        20  GOOD     (  100.0 )  GOOD      Loopback    
  port1.0.14   complete        20  GOOD     (  100.0 )  GOOD      Loopback    
  port1.0.15   complete        20  GOOD     (  100.0 )  GOOD      Loopback    
  port1.0.16   complete        20  GOOD     (  100.0 )  GOOD      Loopback    
  port1.0.17   complete        20  GOOD     (  100.0 )  GOOD      Loopback    
  port1.0.18   complete        20  GOOD     (  100.0 )  GOOD      Loopback    
  port1.0.19   complete        20  GOOD     (  100.0 )  GOOD      Loopback    
  port1.0.20   complete        20  GOOD     (  100.0 )  GOOD      Loopback    
  port1.0.21   complete        20  GOOD     (  100.0 )  GOOD      Loopback    
  port1.0.22   complete        20  GOOD     (  100.0 )  GOOD      Loopback    
  port1.0.23   complete        20  GOOD     (  100.0 )  GOOD      Loopback    
  port1.0.24   complete        20  GOOD     (  100.0 )  GOOD      Loopback    
  port1.0.25   complete        20  GOOD     (  100.0 )  GOOD      Loopback    
  port1.0.26   complete        20  GOOD     (  100.0 )  GOOD      Loopback    
  port1.0.27   complete        20  GOOD     (  100.0 )  GOOD      Loopback    
  port1.0.28   complete        20  GOOD     (  100.0 )  GOOD      Loopback    

Test in progress: NO

[Thu Oct  8 07:39:52 UTC 2026] Test duration: 100
[Thu Oct  8 07:39:52 UTC 2026] Elapsed: 21
[Thu Oct  8 07:39:52 UTC 2026] New state: BIST_TEST
[Thu Oct  8 07:39:55 UTC 2026] Test sequence is "PORT_TEST BIST_TEST REBOOT_LOOP"
[Thu Oct  8 07:39:55 UTC 2026] Port test ports are "all"
[Thu Oct  8 07:39:55 UTC 2026] State: BIST_TEST
[Thu Oct  8 07:39:55 UTC 2026] Starting BIST test...
AlliedWare Plus (TM) 0.0.0 10/06/26 23:16:47

Enter configuration commands, one per line.  End with CNTL/Z.
% BIST test not supported.
[Thu Oct  8 07:39:57 UTC 2026] State: BIST test complete
[Thu Oct  8 07:39:58 UTC 2026] BIST Test: PASS
AlliedWare Plus (TM) 0.0.0 10/06/26 23:16:47

Platform Built In Self Test Results
  Switch Instance 0 ......... Not run
[Thu Oct  8 07:39:59 UTC 2026] Test duration: 100
[Thu Oct  8 07:39:59 UTC 2026] Elapsed: 21
[Thu Oct  8 07:39:59 UTC 2026] New state: REBOOT_LOOP
[Thu Oct  8 07:40:01 UTC 2026] Test sequence is "PORT_TEST BIST_TEST REBOOT_LOOP"
[Thu Oct  8 07:40:01 UTC 2026] Port test ports are "all"
[Thu Oct  8 07:40:01 UTC 2026] State: REBOOT_LOOP
[Thu Oct  8 07:40:01 UTC 2026] Waiting 10 seconds...
[Thu Oct  8 07:40:11 UTC 2026] 5 Reboots remaining
[Thu Oct  8 07:40:11 UTC 2026] Rebooting now...
[Thu Oct  8 07:42:44 UTC 2026] Test sequence is "PORT_TEST BIST_TEST REBOOT_LOOP"
[Thu Oct  8 07:42:44 UTC 2026] Port test ports are "all"
[Thu Oct  8 07:42:44 UTC 2026] State: REBOOT_LOOP
[Thu Oct  8 07:42:44 UTC 2026] Waiting 10 seconds...
[Thu Oct  8 07:42:54 UTC 2026] 4 Reboots remaining
[Thu Oct  8 07:42:54 UTC 2026] Rebooting now...
[Thu Oct  8 07:45:29 UTC 2026] Test sequence is "PORT_TEST BIST_TEST REBOOT_LOOP"
[Thu Oct  8 07:45:29 UTC 2026] Port test ports are "all"
[Thu Oct  8 07:45:29 UTC 2026] State: REBOOT_LOOP
[Thu Oct  8 07:45:29 UTC 2026] Waiting 10 seconds...
[Thu Oct  8 07:45:39 UTC 2026] 3 Reboots remaining
[Thu Oct  8 07:45:40 UTC 2026] Rebooting now...
[Thu Oct  8 07:48:16 UTC 2026] Test sequence is "PORT_TEST BIST_TEST REBOOT_LOOP"
[Thu Oct  8 07:48:16 UTC 2026] Port test ports are "all"
[Thu Oct  8 07:48:16 UTC 2026] State: REBOOT_LOOP
[Thu Oct  8 07:48:16 UTC 2026] Waiting 10 seconds...
[Thu Oct  8 07:48:26 UTC 2026] 2 Reboots remaining
[Thu Oct  8 07:48:26 UTC 2026] Rebooting now...
[Thu Oct  8 07:51:00 UTC 2026] Test sequence is "PORT_TEST BIST_TEST REBOOT_LOOP"
[Thu Oct  8 07:51:00 UTC 2026] Port test ports are "all"
[Thu Oct  8 07:51:00 UTC 2026] State: REBOOT_LOOP
[Thu Oct  8 07:51:00 UTC 2026] Waiting 10 seconds...
[Thu Oct  8 07:51:10 UTC 2026] 1 Reboots remaining
[Thu Oct  8 07:51:10 UTC 2026] Rebooting now...
[Thu Oct  8 07:53:41 UTC 2026] Test sequence is "PORT_TEST BIST_TEST REBOOT_LOOP"
[Thu Oct  8 07:53:41 UTC 2026] Port test ports are "all"
[Thu Oct  8 07:53:41 UTC 2026] State: REBOOT_LOOP
[Thu Oct  8 07:53:41 UTC 2026] Waiting 10 seconds...
[Thu Oct  8 07:53:51 UTC 2026] 0 Reboots remaining
[Thu Oct  8 07:53:51 UTC 2026] Reboot loop complete.
[Thu Oct  8 07:53:51 UTC 2026] Test duration: 100
[Thu Oct  8 07:53:51 UTC 2026] Elapsed: 35
[Thu Oct  8 07:53:51 UTC 2026] New state: PORT_TEST
[Thu Oct  8 07:53:53 UTC 2026] Test sequence is "PORT_TEST BIST_TEST REBOOT_LOOP"
[Thu Oct  8 07:53:53 UTC 2026] Port test ports are "all"
[Thu Oct  8 07:53:53 UTC 2026] State: PORT_TEST
[Thu Oct  8 07:53:53 UTC 2026] Initialising test module...
AlliedWare Plus (TM) 0.0.0 10/06/26 23:16:47

Enter configuration commands, one per line.  End with CNTL/Z.

[Thu Oct  8 07:54:06 UTC 2026] Starting port test... 
AlliedWare Plus (TM) 0.0.0 10/06/26 23:16:47

Enter configuration commands, one per line.  End with CNTL/Z.
[Thu Oct  8 08:14:26 UTC 2026] State: Port test complete
[Thu Oct  8 08:14:28 UTC 2026] Port Test: PASS
AlliedWare Plus (TM) 0.0.0 10/06/26 23:16:47


Board       ID Bay  Board Name                     Host Id Rev  Serial number
--------------------------------------------------------------------------------
Base      706 Base  AT-x230-28GS V2                      0 A-0  A10783G262900002

                         Duration         Frame Counters              Control
Interface       State    (minutes)     Tx   RxGood    RxBad  RxTotal   OK  NG
-----------------------------------------------------------------------------
  port1.0.1    complete       20     9983     9983        0     9983   98   0
  port1.0.2    complete       20     9984     9984        0     9984   98   0
  port1.0.3    complete       20     9986     9986        0     9986   98   0
  port1.0.4    complete       20     9988     9988        0     9988   98   0
  port1.0.5    complete       20     9991     9991        0     9991   98   0
  port1.0.6    complete       20     9970     9970        0     9970   98   0
  port1.0.7    complete       20     9996     9996        0     9996   98   0
  port1.0.8    complete       20     9969     9969        0     9969   98   0
  port1.0.9    complete       20     9972     9972        0     9972   98   0
  port1.0.10   complete       20     9986     9986        0     9986   98   0
  port1.0.11   complete       20     9980     9980        0     9980   98   0
  port1.0.12   complete       20     9981     9981        0     9981   98   0
  port1.0.13   complete       20     9977     9977        0     9977   98   0
  port1.0.14   complete       20     9956     9956        0     9956   98   0
  port1.0.15   complete       20     9898     9898        0     9898   98   0
  port1.0.16   complete       20     9898     9898        0     9898   96   0
  port1.0.17   complete       20     9898     9898        0     9898   96   0
  port1.0.18   complete       20     9806     9806        0     9806   96   0
  port1.0.19   complete       20     9797     9797        0     9797   96   0
  port1.0.20   complete       20     9797     9797        0     9797   96   0
  port1.0.21   complete       20     9797     9797        0     9797   96   0
  port1.0.22   complete       20     9500     9494        5     9494   94   0
  port1.0.23   complete       20     9797     9797        0     9797   96   0
  port1.0.24   complete       20     9797     9797        0     9797   96   0
  port1.0.25   complete       20     9797     9797        0     9797   96   0
  port1.0.26   complete       20     9797     9797        0     9797   96   0
  port1.0.27   complete       20     9797     9797        0     9797   96   0
  port1.0.28   complete       20     9797     9797        0     9797   96   0


Board       ID Bay  Board Name                     Host Id Rev  Serial number
--------------------------------------------------------------------------------
Base      706 Base  AT-x230-28GS V2                      0 A-0  A10783G262900002

                        Duration                                  Connected
Interface      State    (minutes)  Data     ( %OK )     Control   to
--------------------------------------------------------------------------------
  port1.0.1    complete        20  GOOD     (  100.0 )  GOOD      Loopback    
  port1.0.2    complete        20  GOOD     (  100.0 )  GOOD      Loopback    
  port1.0.3    complete        20  GOOD     (  100.0 )  GOOD      Loopback    
  port1.0.4    complete        20  GOOD     (  100.0 )  GOOD      Loopback    
  port1.0.5    complete        20  GOOD     (  100.0 )  GOOD      Loopback    
  port1.0.6    complete        20  GOOD     (  100.0 )  GOOD      Loopback    
  port1.0.7    complete        20  GOOD     (  100.0 )  GOOD      Loopback    
  port1.0.8    complete        20  GOOD     (  100.0 )  GOOD      Loopback    
  port1.0.9    complete        20  GOOD     (  100.0 )  GOOD      Loopback    
  port1.0.10   complete        20  GOOD     (  100.0 )  GOOD      Loopback    
  port1.0.11   complete        20  GOOD     (  100.0 )  GOOD      Loopback    
  port1.0.12   complete        20  GOOD     (  100.0 )  GOOD      Loopback    
  port1.0.13   complete        20  GOOD     (  100.0 )  GOOD      Loopback    
  port1.0.14   complete        20  GOOD     (  100.0 )  GOOD      Loopback    
  port1.0.15   complete        20  GOOD     (  100.0 )  GOOD      Loopback    
  port1.0.16   complete        20  GOOD     (  100.0 )  GOOD      Loopback    
  port1.0.17   complete        20  GOOD     (  100.0 )  GOOD      Loopback    
  port1.0.18   complete        20  GOOD     (  100.0 )  GOOD      Loopback    
  port1.0.19   complete        20  GOOD     (  100.0 )  GOOD      Loopback    
  port1.0.20   complete        20  GOOD     (  100.0 )  GOOD      Loopback    
  port1.0.21   complete        20  GOOD     (  100.0 )  GOOD      Loopback    
  port1.0.22   complete        20  GOOD     (   99.9 )  GOOD      Loopback    
  port1.0.23   complete        20  GOOD     (  100.0 )  GOOD      Loopback    
  port1.0.24   complete        20  GOOD     (  100.0 )  GOOD      Loopback    
  port1.0.25   complete        20  GOOD     (  100.0 )  GOOD      Loopback    
  port1.0.26   complete        20  GOOD     (  100.0 )  GOOD      Loopback    
  port1.0.27   complete        20  GOOD     (  100.0 )  GOOD      Loopback    
  port1.0.28   complete        20  GOOD     (  100.0 )  GOOD      Loopback    

Test in progress: NO

[Thu Oct  8 08:14:28 UTC 2026] Test duration: 100
[Thu Oct  8 08:14:28 UTC 2026] Elapsed: 56
[Thu Oct  8 08:14:28 UTC 2026] New state: BIST_TEST
[Thu Oct  8 08:14:30 UTC 2026] Test sequence is "PORT_TEST BIST_TEST REBOOT_LOOP"
[Thu Oct  8 08:14:30 UTC 2026] Port test ports are "all"
[Thu Oct  8 08:14:30 UTC 2026] State: BIST_TEST
[Thu Oct  8 08:14:30 UTC 2026] Starting BIST test...
AlliedWare Plus (TM) 0.0.0 10/06/26 23:16:47

Enter configuration commands, one per line.  End with CNTL/Z.
% BIST test not supported.
[Thu Oct  8 08:14:33 UTC 2026] State: BIST test complete
[Thu Oct  8 08:14:34 UTC 2026] BIST Test: PASS
AlliedWare Plus (TM) 0.0.0 10/06/26 23:16:47

Platform Built In Self Test Results
  Switch Instance 0 ......... Not run
[Thu Oct  8 08:14:35 UTC 2026] Test duration: 100
[Thu Oct  8 08:14:35 UTC 2026] Elapsed: 56
[Thu Oct  8 08:14:35 UTC 2026] New state: REBOOT_LOOP
[Thu Oct  8 08:14:37 UTC 2026] Test sequence is "PORT_TEST BIST_TEST REBOOT_LOOP"
[Thu Oct  8 08:14:37 UTC 2026] Port test ports are "all"
[Thu Oct  8 08:14:37 UTC 2026] State: REBOOT_LOOP
[Thu Oct  8 08:14:37 UTC 2026] Waiting 10 seconds...
[Thu Oct  8 08:14:47 UTC 2026] 5 Reboots remaining
[Thu Oct  8 08:14:47 UTC 2026] Rebooting now...
[Thu Oct  8 08:17:22 UTC 2026] Test sequence is "PORT_TEST BIST_TEST REBOOT_LOOP"
[Thu Oct  8 08:17:22 UTC 2026] Port test ports are "all"
[Thu Oct  8 08:17:22 UTC 2026] State: REBOOT_LOOP
[Thu Oct  8 08:17:22 UTC 2026] Waiting 10 seconds...
[Thu Oct  8 08:17:32 UTC 2026] 4 Reboots remaining
[Thu Oct  8 08:17:32 UTC 2026] Rebooting now...
[Thu Oct  8 08:20:09 UTC 2026] Test sequence is "PORT_TEST BIST_TEST REBOOT_LOOP"
[Thu Oct  8 08:20:09 UTC 2026] Port test ports are "all"
[Thu Oct  8 08:20:09 UTC 2026] State: REBOOT_LOOP
[Thu Oct  8 08:20:09 UTC 2026] Waiting 10 seconds...
[Thu Oct  8 08:20:19 UTC 2026] 3 Reboots remaining
[Thu Oct  8 08:20:20 UTC 2026] Rebooting now...
[Thu Oct  8 08:22:55 UTC 2026] Test sequence is "PORT_TEST BIST_TEST REBOOT_LOOP"
[Thu Oct  8 08:22:55 UTC 2026] Port test ports are "all"
[Thu Oct  8 08:22:55 UTC 2026] State: REBOOT_LOOP
[Thu Oct  8 08:22:55 UTC 2026] Waiting 10 seconds...
[Thu Oct  8 08:23:05 UTC 2026] 2 Reboots remaining
[Thu Oct  8 08:23:05 UTC 2026] Rebooting now...
[Thu Oct  8 08:25:42 UTC 2026] Test sequence is "PORT_TEST BIST_TEST REBOOT_LOOP"
[Thu Oct  8 08:25:42 UTC 2026] Port test ports are "all"
[Thu Oct  8 08:25:42 UTC 2026] State: REBOOT_LOOP
[Thu Oct  8 08:25:42 UTC 2026] Waiting 10 seconds...
[Thu Oct  8 08:25:52 UTC 2026] 1 Reboots remaining
[Thu Oct  8 08:25:52 UTC 2026] Rebooting now...
[Thu Oct  8 08:28:27 UTC 2026] Test sequence is "PORT_TEST BIST_TEST REBOOT_LOOP"
[Thu Oct  8 08:28:27 UTC 2026] Port test ports are "all"
[Thu Oct  8 08:28:27 UTC 2026] State: REBOOT_LOOP
[Thu Oct  8 08:28:27 UTC 2026] Waiting 10 seconds...
[Thu Oct  8 08:28:37 UTC 2026] 0 Reboots remaining
[Thu Oct  8 08:28:37 UTC 2026] Reboot loop complete.
[Thu Oct  8 08:28:37 UTC 2026] Test duration: 100
[Thu Oct  8 08:28:37 UTC 2026] Elapsed: 70
[Thu Oct  8 08:28:37 UTC 2026] New state: PORT_TEST
[Thu Oct  8 08:28:40 UTC 2026] Test sequence is "PORT_TEST BIST_TEST REBOOT_LOOP"
[Thu Oct  8 08:28:40 UTC 2026] Port test ports are "all"
[Thu Oct  8 08:28:40 UTC 2026] State: PORT_TEST
[Thu Oct  8 08:28:40 UTC 2026] Initialising test module...
AlliedWare Plus (TM) 0.0.0 10/06/26 23:16:47

Enter configuration commands, one per line.  End with CNTL/Z.

[Thu Oct  8 08:28:52 UTC 2026] Starting port test... 
AlliedWare Plus (TM) 0.0.0 10/06/26 23:16:47

Enter configuration commands, one per line.  End with CNTL/Z.
[Thu Oct  8 08:49:12 UTC 2026] State: Port test complete
[Thu Oct  8 08:49:13 UTC 2026] Port Test: PASS
AlliedWare Plus (TM) 0.0.0 10/06/26 23:16:47


Board       ID Bay  Board Name                     Host Id Rev  Serial number
--------------------------------------------------------------------------------
Base      706 Base  AT-x230-28GS V2                      0 A-0  A10783G262900002

                         Duration         Frame Counters              Control
Interface       State    (minutes)     Tx   RxGood    RxBad  RxTotal   OK  NG
-----------------------------------------------------------------------------
  port1.0.1    complete       20     9999     9999        0     9999   98   0
  port1.0.2    complete       20     9999     9999        0     9999   98   0
  port1.0.3    complete       20     9999     9999        0     9999   98   0
  port1.0.4    complete       20     9999     9999        0     9999   98   0
  port1.0.5    complete       20     9999     9999        0     9999   98   0
  port1.0.6    complete       20     9999     9999        0     9999   98   0
  port1.0.7    complete       20     9999     9999        0     9999   98   0
  port1.0.8    complete       20     9999     9999        0     9999   98   0
  port1.0.9    complete       20     1222     1212       10     1212   12   0
  port1.0.10   complete       20     9999     9999        0     9999   98   0
  port1.0.11   complete       20     9999     9999        0     9999   98   0
  port1.0.12   complete       20     9999     9999        0     9999   98   0
  port1.0.13   complete       20     9999     9999        0     9999   98   0
  port1.0.14   complete       20     9999     9999        0     9999   98   0
  port1.0.15   complete       20     9898     9898        0     9898   98   0
  port1.0.16   complete       20     9898     9898        0     9898   97   0
  port1.0.17   complete       20     9898     9898        0     9898   97   0
  port1.0.18   complete       20     9898     9898        0     9898   97   0
  port1.0.19   complete       20     9898     9898        0     9898   97   0
  port1.0.20   complete       20     9898     9898        0     9898   97   0
  port1.0.21   complete       20     9898     9898        0     9898   96   0
  port1.0.22   complete       20     9897     9897        0     9897   96   0
  port1.0.23   complete       20     9797     9797        0     9797   96   0
  port1.0.24   complete       20     9797     9797        0     9797   96   0
  port1.0.25   complete       20     9797     9797        0     9797   96   0
  port1.0.26   complete       20     9797     9797        0     9797   96   0
  port1.0.27   complete       20     9797     9797        0     9797   96   0
  port1.0.28   complete       20     9797     9797        0     9797   96   0


Board       ID Bay  Board Name                     Host Id Rev  Serial number
--------------------------------------------------------------------------------
Base      706 Base  AT-x230-28GS V2                      0 A-0  A10783G262900002

                        Duration                                  Connected
Interface      State    (minutes)  Data     ( %OK )     Control   to
--------------------------------------------------------------------------------
  port1.0.1    complete        20  GOOD     (  100.0 )  GOOD      Loopback    
  port1.0.2    complete        20  GOOD     (  100.0 )  GOOD      Loopback    
  port1.0.3    complete        20  GOOD     (  100.0 )  GOOD      Loopback    
  port1.0.4    complete        20  GOOD     (  100.0 )  GOOD      Loopback    
  port1.0.5    complete        20  GOOD     (  100.0 )  GOOD      Loopback    
  port1.0.6    complete        20  GOOD     (  100.0 )  GOOD      Loopback    
  port1.0.7    complete        20  GOOD     (  100.0 )  GOOD      Loopback    
  port1.0.8    complete        20  GOOD     (  100.0 )  GOOD      Loopback    
  port1.0.9    complete        20  GOOD     (   99.2 )  GOOD      Loopback    
  port1.0.10   complete        20  GOOD     (  100.0 )  GOOD      Loopback    
  port1.0.11   complete        20  GOOD     (  100.0 )  GOOD      Loopback    
  port1.0.12   complete        20  GOOD     (  100.0 )  GOOD      Loopback    
  port1.0.13   complete        20  GOOD     (  100.0 )  GOOD      Loopback    
  port1.0.14   complete        20  GOOD     (  100.0 )  GOOD      Loopback    
  port1.0.15   complete        20  GOOD     (  100.0 )  GOOD      Loopback    
  port1.0.16   complete        20  GOOD     (  100.0 )  GOOD      Loopback    
  port1.0.17   complete        20  GOOD     (  100.0 )  GOOD      Loopback    
  port1.0.18   complete        20  GOOD     (  100.0 )  GOOD      Loopback    
  port1.0.19   complete        20  GOOD     (  100.0 )  GOOD      Loopback    
  port1.0.20   complete        20  GOOD     (  100.0 )  GOOD      Loopback    
  port1.0.21   complete        20  GOOD     (  100.0 )  GOOD      Loopback    
  port1.0.22   complete        20  GOOD     (  100.0 )  GOOD      Loopback    
  port1.0.23   complete        20  GOOD     (  100.0 )  GOOD      Loopback    
  port1.0.24   complete        20  GOOD     (  100.0 )  GOOD      Loopback    
  port1.0.25   complete        20  GOOD     (  100.0 )  GOOD      Loopback    
  port1.0.26   complete        20  GOOD     (  100.0 )  GOOD      Loopback    
  port1.0.27   complete        20  GOOD     (  100.0 )  GOOD      Loopback    
  port1.0.28   complete        20  GOOD     (  100.0 )  GOOD      Loopback    

Test in progress: NO

[Thu Oct  8 08:49:14 UTC 2026] Test duration: 100
[Thu Oct  8 08:49:14 UTC 2026] Elapsed: 91
[Thu Oct  8 08:49:14 UTC 2026] New state: BIST_TEST
[Thu Oct  8 08:49:16 UTC 2026] Test sequence is "PORT_TEST BIST_TEST REBOOT_LOOP"
[Thu Oct  8 08:49:16 UTC 2026] Port test ports are "all"
[Thu Oct  8 08:49:16 UTC 2026] State: BIST_TEST
[Thu Oct  8 08:49:16 UTC 2026] Starting BIST test...
AlliedWare Plus (TM) 0.0.0 10/06/26 23:16:47

Enter configuration commands, one per line.  End with CNTL/Z.
% BIST test not supported.
[Thu Oct  8 08:49:19 UTC 2026] State: BIST test complete
[Thu Oct  8 08:49:19 UTC 2026] BIST Test: PASS
AlliedWare Plus (TM) 0.0.0 10/06/26 23:16:47

Platform Built In Self Test Results
  Switch Instance 0 ......... Not run
[Thu Oct  8 08:49:20 UTC 2026] Test duration: 100
[Thu Oct  8 08:49:20 UTC 2026] Elapsed: 91
[Thu Oct  8 08:49:20 UTC 2026] New state: REBOOT_LOOP
[Thu Oct  8 08:49:23 UTC 2026] Test sequence is "PORT_TEST BIST_TEST REBOOT_LOOP"
[Thu Oct  8 08:49:23 UTC 2026] Port test ports are "all"
[Thu Oct  8 08:49:23 UTC 2026] State: REBOOT_LOOP
[Thu Oct  8 08:49:23 UTC 2026] Waiting 10 seconds...
[Thu Oct  8 08:49:33 UTC 2026] 5 Reboots remaining
[Thu Oct  8 08:49:33 UTC 2026] Rebooting now...
[Thu Oct  8 08:52:09 UTC 2026] Test sequence is "PORT_TEST BIST_TEST REBOOT_LOOP"
[Thu Oct  8 08:52:09 UTC 2026] Port test ports are "all"
[Thu Oct  8 08:52:09 UTC 2026] State: REBOOT_LOOP
[Thu Oct  8 08:52:09 UTC 2026] Waiting 10 seconds...
[Thu Oct  8 08:52:19 UTC 2026] 4 Reboots remaining
[Thu Oct  8 08:52:19 UTC 2026] Rebooting now...
[Tue Oct  6 23:19:46 UTC 2026] Test sequence is "PORT_TEST BIST_TEST REBOOT_LOOP"
[Tue Oct  6 23:19:46 UTC 2026] Port test ports are "all"
[Tue Oct  6 23:19:46 UTC 2026] State: REBOOT_LOOP
[Tue Oct  6 23:19:46 UTC 2026] Waiting 10 seconds...
[Tue Oct  6 23:19:56 UTC 2026] 3 Reboots remaining
[Tue Oct  6 23:19:56 UTC 2026] Rebooting now...
[Thu Oct  8 08:57:39 UTC 2026] Test sequence is "PORT_TEST BIST_TEST REBOOT_LOOP"
[Thu Oct  8 08:57:39 UTC 2026] Port test ports are "all"
[Thu Oct  8 08:57:39 UTC 2026] State: REBOOT_LOOP
[Thu Oct  8 08:57:39 UTC 2026] Waiting 10 seconds...
[Thu Oct  8 08:57:49 UTC 2026] 2 Reboots remaining
[Thu Oct  8 08:57:49 UTC 2026] Rebooting now...
[Thu Oct  8 09:00:28 UTC 2026] Test sequence is "PORT_TEST BIST_TEST REBOOT_LOOP"
[Thu Oct  8 09:00:28 UTC 2026] Port test ports are "all"
[Thu Oct  8 09:00:28 UTC 2026] State: REBOOT_LOOP
[Thu Oct  8 09:00:28 UTC 2026] Waiting 10 seconds...
[Thu Oct  8 09:00:38 UTC 2026] 1 Reboots remaining
[Thu Oct  8 09:00:38 UTC 2026] Rebooting now...
[Thu Oct  8 09:03:13 UTC 2026] Test sequence is "PORT_TEST BIST_TEST REBOOT_LOOP"
[Thu Oct  8 09:03:13 UTC 2026] Port test ports are "all"
[Thu Oct  8 09:03:13 UTC 2026] State: REBOOT_LOOP
[Thu Oct  8 09:03:13 UTC 2026] Waiting 10 seconds...
[Thu Oct  8 09:03:23 UTC 2026] 0 Reboots remaining
[Thu Oct  8 09:03:23 UTC 2026] Reboot loop complete.
[Thu Oct  8 09:03:24 UTC 2026] Test duration: 100
[Thu Oct  8 09:03:24 UTC 2026] Elapsed: 105
[Thu Oct  8 09:03:24 UTC 2026] Desired time exceeded
[Thu Oct  8 09:03:24 UTC 2026] Auto burnin will now exit
[Thu Oct  8 09:03:24 UTC 2026] System must first be rebooted
[Thu Oct  8 09:03:24 UTC 2026] Rebooting now...
[Thu Oct  8 09:06:00 UTC 2026] Test sequence is "PORT_TEST BIST_TEST REBOOT_LOOP"
[Thu Oct  8 09:06:00 UTC 2026] Port test ports are "all"
[Thu Oct  8 09:06:00 UTC 2026] State: COMPLETE
[Thu Oct  8 09:06:00 UTC 2026] 
[Thu Oct  8 09:06:00 UTC 2026] Automated Factory Test Results
[Thu Oct  8 09:06:00 UTC 2026] -------------------------------------------------------------
[Thu Oct  8 09:06:00 UTC 2026] Durations
[Thu Oct  8 09:06:00 UTC 2026]   Start time .................. Thu Oct  8 07:18:53 UTC 2026
[Thu Oct  8 09:06:00 UTC 2026]   Finish time ................. Thu Oct  8 09:06:00 UTC 2026
[Thu Oct  8 09:06:00 UTC 2026]   Target duration ............. 100 Minutes
[Thu Oct  8 09:06:00 UTC 2026]   Elapsed duration ............ 108 Minutes
[Thu Oct  8 09:06:00 UTC 2026] 
[Thu Oct  8 09:06:00 UTC 2026] Switch built in self test (BIST)
[Thu Oct  8 09:06:00 UTC 2026]   Number completed ............ 3
[Thu Oct  8 09:06:00 UTC 2026]   Number passed ............... 3
[Thu Oct  8 09:06:00 UTC 2026]   Number failed ............... 0
[Thu Oct  8 09:06:01 UTC 2026] 
[Thu Oct  8 09:06:01 UTC 2026] Pseudo random bit stream test (PRBS)
[Thu Oct  8 09:06:01 UTC 2026]   Number completed ............ 0
[Thu Oct  8 09:06:01 UTC 2026]   Number passed ............... 0
[Thu Oct  8 09:06:01 UTC 2026]   Number failed ............... 0
[Thu Oct  8 09:06:01 UTC 2026] 
[Thu Oct  8 09:06:01 UTC 2026] Interface Tests
[Thu Oct  8 09:06:01 UTC 2026]   Parameters .................. 
[Thu Oct  8 09:06:01 UTC 2026]   Number completed ............ 3
[Thu Oct  8 09:06:01 UTC 2026]   Number passed ............... 3
[Thu Oct  8 09:06:01 UTC 2026]   Number failed ............... 0
[Thu Oct  8 09:06:01 UTC 2026] 
[Thu Oct  8 09:06:01 UTC 2026] Portstorm Tests
[Thu Oct  8 09:06:01 UTC 2026]   Number completed ............ 0
[Thu Oct  8 09:06:01 UTC 2026]   Number passed ............... 0
[Thu Oct  8 09:06:01 UTC 2026]   Number failed ............... 0
[Thu Oct  8 09:06:01 UTC 2026] 
[Thu Oct  8 09:06:01 UTC 2026] PCIe Error Tests
[Thu Oct  8 09:06:01 UTC 2026]   Number completed ............ 0
[Thu Oct  8 09:06:01 UTC 2026]   Number passed ............... 0
[Thu Oct  8 09:06:01 UTC 2026]   Number failed ............... 0
[Thu Oct  8 09:06:01 UTC 2026] 
[Thu Oct  8 09:06:01 UTC 2026] Reboot cycles
[Thu Oct  8 09:06:01 UTC 2026]   Number completed ............ 16
[Thu Oct  8 09:06:01 UTC 2026]   Unexpected reboots........... 0
[Thu Oct  8 09:06:01 UTC 2026] 
[Thu Oct  8 09:06:01 UTC 2026] System exceptions
[Thu Oct  8 09:06:01 UTC 2026]   Total crashes ............... 0
[Thu Oct  8 09:06:01 UTC 2026] 
[Thu Oct  8 09:06:01 UTC 2026] Overall result ................ PASS
[Thu Oct  8 09:06:02 UTC 2026]   Total failed assertions ..... 0
[Thu Oct  8 09:06:02 UTC 2026] -------------------------------------------------------------
[Thu Oct  8 09:06:02 UTC 2026] 
[Thu Oct  8 09:06:02 UTC 2026] Exiting...
