10:42:25: ================ PowerGroup has been initialised ================
10:42:25: ======== Turning PowerGroup off
10:42:25: PowerGroup._pdu_cmd(off, [4, 5, 6], 3) called
10:42:25: Waiting for pdu lock
10:42:25: ...lock acquired
10:42:25: HTTP POST was successfully executed
10:42:26: PowerGroup._pdu_cmd(status, [4, 5, 6], 3) called
10:42:26: Waiting for pdu lock
10:42:26: ...lock acquired
10:42:26: Current outlet status: {1: '0', 2: '1', 3: '1', 4: '0', 5: '0', 6: '0', 7: '0', 8: '0', 9: '1', 10: '0', 11: '0', 12: '0', 13: '0', 14: '0', 15: '0', 16: '0', 17: '1', 18: '0', 19: '0', 20: '0', 21: '0', 22: '0', 23: '0', 24: '0', 25: '0'}
10:42:26: ...lock released
10:42:26: Power outlets have been successfully turned off
10:42:26: ...lock released
10:42:26: Turning PowerGroup off: Success
10:42:26: ================ PowerGroup has been initialised ================
10:42:28: ======== Turning PowerGroup on
10:42:28: PowerGroup._pdu_cmd(on, [4, 5, 6], 3) called
10:42:28: Waiting for pdu lock
10:42:28: ...lock acquired
10:42:28: Sleep 11.898793935775757 seconds to work around the x610 power supply issue
10:42:40: HTTP POST was successfully executed
10:42:43: PowerGroup._pdu_cmd(status, [4, 5, 6], 3) called
10:42:43: Waiting for pdu lock
10:42:43: ...lock acquired
10:42:43: Current outlet status: {1: '1', 2: '1', 3: '1', 4: '1', 5: '2', 6: '1', 7: '1', 8: '1', 9: '1', 10: '0', 11: '0', 12: '0', 13: '0', 14: '0', 15: '0', 16: '0', 17: '1', 18: '0', 19: '0', 20: '0', 21: '0', 22: '0', 23: '0', 24: '0', 25: '0'}
10:42:43: ...lock released
10:42:43: HTTP POST was successfully executed
10:42:46: PowerGroup._pdu_cmd(status, [4, 5, 6], 3) called
10:42:46: Waiting for pdu lock
10:42:46: ...lock acquired
10:42:46: Current outlet status: {1: '1', 2: '1', 3: '1', 4: '1', 5: '2', 6: '1', 7: '1', 8: '1', 9: '1', 10: '0', 11: '0', 12: '0', 13: '0', 14: '0', 15: '0', 16: '0', 17: '1', 18: '0', 19: '0', 20: '0', 21: '0', 22: '0', 23: '0', 24: '0', 25: '0'}
10:42:46: ...lock released
10:42:46: HTTP POST was successfully executed
10:42:49: PowerGroup._pdu_cmd(status, [4, 5, 6], 3) called
10:42:49: Waiting for pdu lock
10:42:49: ...lock acquired
10:42:49: Current outlet status: {1: '1', 2: '1', 3: '1', 4: '1', 5: '2', 6: '1', 7: '1', 8: '1', 9: '1', 10: '0', 11: '0', 12: '0', 13: '0', 14: '0', 15: '0', 16: '0', 17: '1', 18: '0', 19: '0', 20: '0', 21: '0', 22: '0', 23: '0', 24: '0', 25: '0'}
10:42:49: ...lock released
10:42:49: !! ERROR: power outlets have not been successfully turned on in 3 attempts
10:42:49: ...lock released
10:42:49: Turning PowerGroup on: Failed, try again
10:42:50: PowerGroup._pdu_cmd(on, [4, 5, 6], 3) called
10:42:50: Waiting for pdu lock
10:42:50: ...lock acquired
10:42:50: Sleep 0 seconds to work around the x610 power supply issue
10:42:50: Power outlets are already in the desired state
10:42:50: ...lock released
10:42:50: Turning PowerGroup on: Success
