10:00:44: Waiting for pdu lock
10:00:44: ...lock acquired
10:00:44: (10.36.150.14, 1): status is ON
10:00:44: ...lock released
10:03:31: ========= TestCase 1 Starting =========
10:04:06: ========= TestCase 1 Tear Down =========
10:04:36: ========= TestCase 2 Starting =========
10:05:58: ========= TestCase 2 Tear Down =========
10:07:27: ========= TestCase 3 Starting =========
10:09:27: ========= TestCase 3 Tear Down =========
10:10:26: ========= TestCase 4 Starting =========
10:11:26: ========= TestCase 4 Tear Down =========
10:11:56: ========= TestCase 5 Starting =========
10:13:08: ========= TestCase 5 Tear Down =========
10:14:42: ========= TestCase 6 Starting =========
10:15:33: ========= TestCase 6 Tear Down =========
10:16:01: ========= TestCase 7 Starting =========
10:16:51: ========= TestCase 7 Tear Down =========
10:18:21: ========= TestCase 8 Starting =========
10:19:27: ========= TestCase 8 Tear Down =========
10:20:12: ========= TestCase 9 Starting =========
10:21:19: ========= TestCase 9 Tear Down =========
10:22:00: ========= TestCase 10 Starting =========
10:22:53: ========= TestCase 10 Tear Down =========
10:23:31: ========= TestCase 11 Starting =========
10:24:42: ========= TestCase 11 Tear Down =========
10:26:22: ========= TestCase 12 Starting =========
10:27:28: ========= TestCase 12 Tear Down =========
10:28:06: ========= TestCase 13 Starting =========
10:29:04: ========= TestCase 13 Tear Down =========
10:29:34: ========= TestCase 14 Starting =========
10:31:20: ========= TestCase 14 Tear Down =========
10:31:49: ========= TestCase 15 Starting =========
10:32:35: ========= TestCase 15 Tear Down =========
10:33:03: ========= TestCase 16 Starting =========
10:33:49: ========= TestCase 16 Tear Down =========
10:34:19: ========= TestCase 17 Starting =========
10:35:10: ========= TestCase 17 Tear Down =========
10:35:40: ========= TestCase 18 Starting =========
10:36:34: ========= TestCase 18 Tear Down =========
10:38:04: ========= TestCase 19 Starting =========
10:39:59: ========= TestCase 19 Tear Down =========
10:40:26: ========= TestCase 20 Starting =========
10:41:55: ========= TestCase 20 Tear Down =========
10:46:25: ========= TestCase 21 Starting =========
10:47:17: ========= TestCase 21 Tear Down =========
10:47:44: ========= TestCase 22 Starting =========
10:49:35: ========= TestCase 22 Tear Down =========
10:50:03: ========= TestCase 23 Starting =========
10:51:03: ========= TestCase 23 Tear Down =========
10:51:31: ========= TestCase 24 Starting =========
10:52:31: ========= TestCase 24 Tear Down =========
10:52:58: ========= TestCase 25 Starting =========
10:54:56: ========= TestCase 25 Tear Down =========
10:55:24: ========= TestCase 26 Starting =========
10:56:09: ========= TestCase 26 Tear Down =========
10:56:37: ========= TestCase 27 Starting =========
10:57:37: ========= TestCase 27 Tear Down =========
10:58:05: ========= TestCase 28 Starting =========
10:58:32: ========= TestCase 28 Tear Down =========
10:59:51: ========= TestCase 29 Starting =========
11:01:22: ========= TestCase 29 Tear Down =========
11:01:50: ========= TestCase 30 Starting =========
11:03:39: ========= TestCase 30 Tear Down =========
11:04:09: ========= TestCase 31 Starting =========
11:05:49: ========= TestCase 31 Tear Down =========
11:06:16: ========= TestCase 32 Starting =========
11:07:24: ========= TestCase 32 Tear Down =========
11:07:58: ========= TestCase 33 Starting =========
11:11:54: ========= TestCase 33 Tear Down =========
