2026-10-01 10:00:44: Member swi_a is added
2026-10-01 10:00:44: Member swi_c is added
2026-10-01 10:00:44: Member swi_d is added
2026-10-01 10:01:00: Wait for all 3 stk_a stack members to become either Ready or Sync
2026-10-01 10:01:00: Took 0 seconds for all stk_a stack members to become Ready/Sync
2026-10-01 10:03:31: ========= TestCase 1 Starting =========
2026-10-01 10:04:06: ========= TestCase 1 Tear Down =========
2026-10-01 10:04:22: ========= End of TestCase 1 Tear Down =========
2026-10-01 10:04:22: ========= End of TestCase 1 Tear Down =========
2026-10-01 10:04:22: ========= End of TestCase 1 Tear Down =========
2026-10-01 10:04:36: ========= TestCase 2 Starting =========
2026-10-01 10:05:58: ========= TestCase 2 Tear Down =========
2026-10-01 10:07:14: ========= End of TestCase 2 Tear Down =========
2026-10-01 10:07:14: ========= End of TestCase 2 Tear Down =========
2026-10-01 10:07:14: ========= End of TestCase 2 Tear Down =========
2026-10-01 10:07:27: ========= TestCase 3 Starting =========
2026-10-01 10:09:27: ========= TestCase 3 Tear Down =========
2026-10-01 10:10:13: ========= End of TestCase 3 Tear Down =========
2026-10-01 10:10:13: ========= End of TestCase 3 Tear Down =========
2026-10-01 10:10:13: ========= End of TestCase 3 Tear Down =========
2026-10-01 10:10:26: ========= TestCase 4 Starting =========
2026-10-01 10:11:26: ========= TestCase 4 Tear Down =========
2026-10-01 10:11:43: ========= End of TestCase 4 Tear Down =========
2026-10-01 10:11:43: ========= End of TestCase 4 Tear Down =========
2026-10-01 10:11:43: ========= End of TestCase 4 Tear Down =========
2026-10-01 10:11:56: ========= TestCase 5 Starting =========
2026-10-01 10:13:08: ========= TestCase 5 Tear Down =========
2026-10-01 10:14:28: ========= End of TestCase 5 Tear Down =========
2026-10-01 10:14:28: ========= End of TestCase 5 Tear Down =========
2026-10-01 10:14:28: ========= End of TestCase 5 Tear Down =========
2026-10-01 10:14:42: ========= TestCase 6 Starting =========
2026-10-01 10:15:33: ========= TestCase 6 Tear Down =========
2026-10-01 10:15:48: ========= End of TestCase 6 Tear Down =========
2026-10-01 10:15:48: ========= End of TestCase 6 Tear Down =========
2026-10-01 10:15:48: ========= End of TestCase 6 Tear Down =========
2026-10-01 10:16:01: ========= TestCase 7 Starting =========
2026-10-01 10:16:51: ========= TestCase 7 Tear Down =========
2026-10-01 10:18:07: ========= End of TestCase 7 Tear Down =========
2026-10-01 10:18:07: ========= End of TestCase 7 Tear Down =========
2026-10-01 10:18:07: ========= End of TestCase 7 Tear Down =========
2026-10-01 10:18:21: ========= TestCase 8 Starting =========
2026-10-01 10:19:27: ========= TestCase 8 Tear Down =========
2026-10-01 10:19:59: ========= End of TestCase 8 Tear Down =========
2026-10-01 10:19:59: ========= End of TestCase 8 Tear Down =========
2026-10-01 10:19:59: ========= End of TestCase 8 Tear Down =========
2026-10-01 10:20:12: ========= TestCase 9 Starting =========
2026-10-01 10:21:19: ========= TestCase 9 Tear Down =========
2026-10-01 10:21:46: ========= End of TestCase 9 Tear Down =========
2026-10-01 10:21:46: ========= End of TestCase 9 Tear Down =========
2026-10-01 10:21:46: ========= End of TestCase 9 Tear Down =========
2026-10-01 10:22:00: ========= TestCase 10 Starting =========
2026-10-01 10:22:53: ========= TestCase 10 Tear Down =========
2026-10-01 10:23:17: ========= End of TestCase 10 Tear Down =========
2026-10-01 10:23:17: ========= End of TestCase 10 Tear Down =========
2026-10-01 10:23:17: ========= End of TestCase 10 Tear Down =========
2026-10-01 10:23:31: ========= TestCase 11 Starting =========
2026-10-01 10:24:42: ========= TestCase 11 Tear Down =========
2026-10-01 10:26:08: ========= End of TestCase 11 Tear Down =========
2026-10-01 10:26:08: ========= End of TestCase 11 Tear Down =========
2026-10-01 10:26:08: ========= End of TestCase 11 Tear Down =========
2026-10-01 10:26:22: ========= TestCase 12 Starting =========
2026-10-01 10:27:28: ========= TestCase 12 Tear Down =========
2026-10-01 10:27:52: ========= End of TestCase 12 Tear Down =========
2026-10-01 10:27:52: ========= End of TestCase 12 Tear Down =========
2026-10-01 10:27:52: ========= End of TestCase 12 Tear Down =========
2026-10-01 10:28:06: ========= TestCase 13 Starting =========
2026-10-01 10:29:04: ========= TestCase 13 Tear Down =========
2026-10-01 10:29:20: ========= End of TestCase 13 Tear Down =========
2026-10-01 10:29:20: ========= End of TestCase 13 Tear Down =========
2026-10-01 10:29:20: ========= End of TestCase 13 Tear Down =========
2026-10-01 10:29:34: ========= TestCase 14 Starting =========
2026-10-01 10:31:20: ========= TestCase 14 Tear Down =========
2026-10-01 10:31:36: ========= End of TestCase 14 Tear Down =========
2026-10-01 10:31:36: ========= End of TestCase 14 Tear Down =========
2026-10-01 10:31:36: ========= End of TestCase 14 Tear Down =========
2026-10-01 10:31:49: ========= TestCase 15 Starting =========
2026-10-01 10:32:35: ========= TestCase 15 Tear Down =========
2026-10-01 10:32:49: ========= End of TestCase 15 Tear Down =========
2026-10-01 10:32:49: ========= End of TestCase 15 Tear Down =========
2026-10-01 10:32:49: ========= End of TestCase 15 Tear Down =========
2026-10-01 10:33:03: ========= TestCase 16 Starting =========
2026-10-01 10:33:49: ========= TestCase 16 Tear Down =========
2026-10-01 10:34:05: ========= End of TestCase 16 Tear Down =========
2026-10-01 10:34:05: ========= End of TestCase 16 Tear Down =========
2026-10-01 10:34:05: ========= End of TestCase 16 Tear Down =========
2026-10-01 10:34:19: ========= TestCase 17 Starting =========
2026-10-01 10:35:10: ========= TestCase 17 Tear Down =========
2026-10-01 10:35:26: ========= End of TestCase 17 Tear Down =========
2026-10-01 10:35:26: ========= End of TestCase 17 Tear Down =========
2026-10-01 10:35:26: ========= End of TestCase 17 Tear Down =========
2026-10-01 10:35:40: ========= TestCase 18 Starting =========
2026-10-01 10:36:34: ========= TestCase 18 Tear Down =========
2026-10-01 10:37:50: ========= End of TestCase 18 Tear Down =========
2026-10-01 10:37:50: ========= End of TestCase 18 Tear Down =========
2026-10-01 10:37:50: ========= End of TestCase 18 Tear Down =========
2026-10-01 10:38:04: ========= TestCase 19 Starting =========
2026-10-01 10:39:59: ========= TestCase 19 Tear Down =========
2026-10-01 10:40:12: ========= End of TestCase 19 Tear Down =========
2026-10-01 10:40:12: ========= End of TestCase 19 Tear Down =========
2026-10-01 10:40:12: ========= End of TestCase 19 Tear Down =========
2026-10-01 10:40:26: ========= TestCase 20 Starting =========
2026-10-01 10:41:55: ========= TestCase 20 Tear Down =========
2026-10-01 10:42:10: ========= End of TestCase 20 Tear Down =========
2026-10-01 10:42:10: ========= End of TestCase 20 Tear Down =========
2026-10-01 10:42:10: ========= End of TestCase 20 Tear Down =========
2026-10-01 10:42:26: Power off stk_a is complete: Success (Took 1 secs)
2026-10-01 10:42:50: Monitor consoles and confirm they are powered on
2026-10-01 10:42:50: =========== waited 0 sec ===========
2026-10-01 10:42:50: 	swi_a is powered on
2026-10-01 10:42:50: 	swi_d is powered on
2026-10-01 10:42:50: 	swi_c is still reading
2026-10-01 10:42:50: 2/3 members confirmed to have powered on
2026-10-01 10:42:51: =========== waited 1 sec ===========
2026-10-01 10:42:51: 	swi_a is powered on
2026-10-01 10:42:51: 	swi_d is powered on
2026-10-01 10:42:51: 	swi_c is still reading
2026-10-01 10:42:51: 2/3 members confirmed to have powered on
2026-10-01 10:42:52: =========== waited 2 sec ===========
2026-10-01 10:42:52: 	swi_a is powered on
2026-10-01 10:42:52: 	swi_d is powered on
2026-10-01 10:42:52: 	swi_c is powered on
2026-10-01 10:42:52: All members confirmed to have powered on
2026-10-01 10:42:52: Power on stk_a is complete: Success (Took 24 secs)
2026-10-01 10:46:01: Wait for all 3 stk_a stack members to become either Ready or Sync
2026-10-01 10:46:02: Took 0 seconds for all stk_a stack members to become Ready/Sync
2026-10-01 10:46:25: ========= TestCase 21 Starting =========
2026-10-01 10:47:17: ========= TestCase 21 Tear Down =========
2026-10-01 10:47:30: ========= End of TestCase 21 Tear Down =========
2026-10-01 10:47:30: ========= End of TestCase 21 Tear Down =========
2026-10-01 10:47:30: ========= End of TestCase 21 Tear Down =========
2026-10-01 10:47:44: ========= TestCase 22 Starting =========
2026-10-01 10:49:35: ========= TestCase 22 Tear Down =========
2026-10-01 10:49:49: ========= End of TestCase 22 Tear Down =========
2026-10-01 10:49:49: ========= End of TestCase 22 Tear Down =========
2026-10-01 10:49:49: ========= End of TestCase 22 Tear Down =========
2026-10-01 10:50:03: ========= TestCase 23 Starting =========
2026-10-01 10:51:03: ========= TestCase 23 Tear Down =========
2026-10-01 10:51:17: ========= End of TestCase 23 Tear Down =========
2026-10-01 10:51:17: ========= End of TestCase 23 Tear Down =========
2026-10-01 10:51:17: ========= End of TestCase 23 Tear Down =========
2026-10-01 10:51:31: ========= TestCase 24 Starting =========
2026-10-01 10:52:31: ========= TestCase 24 Tear Down =========
2026-10-01 10:52:45: ========= End of TestCase 24 Tear Down =========
2026-10-01 10:52:45: ========= End of TestCase 24 Tear Down =========
2026-10-01 10:52:45: ========= End of TestCase 24 Tear Down =========
2026-10-01 10:52:58: ========= TestCase 25 Starting =========
2026-10-01 10:54:56: ========= TestCase 25 Tear Down =========
2026-10-01 10:55:10: ========= End of TestCase 25 Tear Down =========
2026-10-01 10:55:10: ========= End of TestCase 25 Tear Down =========
2026-10-01 10:55:10: ========= End of TestCase 25 Tear Down =========
2026-10-01 10:55:24: ========= TestCase 26 Starting =========
2026-10-01 10:56:09: ========= TestCase 26 Tear Down =========
2026-10-01 10:56:23: ========= End of TestCase 26 Tear Down =========
2026-10-01 10:56:23: ========= End of TestCase 26 Tear Down =========
2026-10-01 10:56:23: ========= End of TestCase 26 Tear Down =========
2026-10-01 10:56:37: ========= TestCase 27 Starting =========
2026-10-01 10:57:37: ========= TestCase 27 Tear Down =========
2026-10-01 10:57:51: ========= End of TestCase 27 Tear Down =========
2026-10-01 10:57:51: ========= End of TestCase 27 Tear Down =========
2026-10-01 10:57:51: ========= End of TestCase 27 Tear Down =========
2026-10-01 10:58:05: ========= TestCase 28 Starting =========
2026-10-01 10:58:32: ========= TestCase 28 Tear Down =========
2026-10-01 10:59:37: ========= End of TestCase 28 Tear Down =========
2026-10-01 10:59:37: ========= End of TestCase 28 Tear Down =========
2026-10-01 10:59:37: ========= End of TestCase 28 Tear Down =========
2026-10-01 10:59:51: ========= TestCase 29 Starting =========
2026-10-01 11:01:22: ========= TestCase 29 Tear Down =========
2026-10-01 11:01:36: ========= End of TestCase 29 Tear Down =========
2026-10-01 11:01:36: ========= End of TestCase 29 Tear Down =========
2026-10-01 11:01:36: ========= End of TestCase 29 Tear Down =========
2026-10-01 11:01:50: ========= TestCase 30 Starting =========
2026-10-01 11:03:39: ========= TestCase 30 Tear Down =========
2026-10-01 11:03:55: ========= End of TestCase 30 Tear Down =========
2026-10-01 11:03:55: ========= End of TestCase 30 Tear Down =========
2026-10-01 11:03:55: ========= End of TestCase 30 Tear Down =========
2026-10-01 11:04:09: ========= TestCase 31 Starting =========
2026-10-01 11:05:49: ========= TestCase 31 Tear Down =========
2026-10-01 11:06:03: ========= End of TestCase 31 Tear Down =========
2026-10-01 11:06:03: ========= End of TestCase 31 Tear Down =========
2026-10-01 11:06:03: ========= End of TestCase 31 Tear Down =========
2026-10-01 11:06:16: ========= TestCase 32 Starting =========
2026-10-01 11:07:24: ========= TestCase 32 Tear Down =========
2026-10-01 11:07:44: ========= End of TestCase 32 Tear Down =========
2026-10-01 11:07:44: ========= End of TestCase 32 Tear Down =========
2026-10-01 11:07:44: ========= End of TestCase 32 Tear Down =========
2026-10-01 11:07:58: ========= TestCase 33 Starting =========
2026-10-01 11:11:54: ========= TestCase 33 Tear Down =========
2026-10-01 11:12:14: ========= End of TestCase 33 Tear Down =========
2026-10-01 11:12:14: ========= End of TestCase 33 Tear Down =========
2026-10-01 11:12:14: ========= End of TestCase 33 Tear Down =========
