Log file created at 2026-10-01T10:58:18.189495
TestTag analysis session started


================================================================================
POTENTIAL EXTRA TAGS
================================================================================
[]
================================================================================
CONFIGURATION SUMMARY
================================================================================
Configuration Summary for stk_a:
  Total interfaces: 0
  layer2_switching: 34 items
  layer3_switching: 19 items
  multicast_applications: 7 items
  access_and_security: 18 items
  network_availability: 5 items
  network_management: 20 items
  firewall_and_nat: 3 items
  advanced_network_protection: 9 items
  virtual_private_networks: 7 items
  setup_and_troubleshooting: 12 items
  Unprocessed commands: 0

================================================================================
CONFIGURATION METADATA
================================================================================
Metadata for device: stk_a

{}

================================================================================
BASELINE TAGS (EXCLUDED)
================================================================================
Device: stk_a
Total tags: 70
AAA, AAA_AUTHENTICATION_ENABLE, AAA_AUTHENTICATION_ENABLE_LOCAL, AAA_AUTHENTICATION_LOGIN_1, AAA_AUTHENTICATION_LOGIN_DEFAULT, AAA_AUTHENTICATION_LOGIN_LOCAL, DEVICE_GUI_AND_VISTA, DHCP, DHCPV6, DHCPV6_CLIENT, DHCP_CLIENT_VENDOR_IDENTIFYING_CLASS, DHCP_CLIENT_VENDOR_IDENTIFYING_SPECIFIC, DNS, DNS_DOMAIN_LOOKUP, DOT1X_INTERFACE, DOT1X_INTERFACE_COUNT_116, ERPS, ERPS_ENABLED, ERPS_SERVICE_ONM, HOSTNAME, HTTP_SERVICE_ENABLED, IPV6, IPV6_ADDRESS, IPV6_ADDRESS_COUNT_1, IPV6_ENABLE, IP_ADDRESS, IP_ADDRESSING, IP_ADDRESS_COUNT_2, IP_ADDRESS_PREFIX_LENGTH, IP_ADDRESS_SECONDARY, LINK_AGGREGATION, LLDP, LLDP_ENABLED, LOCAL_USER_ACCOUNTS_1, LOOP_PROTECTION, LOOP_PROTECTION_FAST_BLOCK, MULTICAST, NTP, OPENVPN_TUNNEL_2, PIM_SMV6_INTERFACE_116, PIM_SM_INTERFACE_116, ROUTING, ROUTING_IP_ROUTE_GATEWAY, ROUTING_IP_STATIC_ROUTE_1, RSTP, SERVICE_PASSWORD_ENCRYPTION, SNMP, SNMP_IPV4, SNMP_IPV6, SPANNING_TREE, SSH, SSH_SERVER, SSH_SERVER_ALLOW_USER_1, STATIC_CHANNEL_GROUP_4, SWITCHING, SWITCHPORT_106, SWITCHPORT_ACCESS_106, SWITCHPORT_ACCESS_VLAN_6, SYS_CONFIG_AND_MONITORING, URL_OFFLOAD, USER_ACCESS, VCS, VCS_PROVISIONED_MEMBER_4, VCS_STACKPORT, VCS_STACKPORT_COUNT_8, VCS_VIRTUAL_CHASSIS_ID, VCS_VIRTUAL_MAC, VLANS, VLAN_4, VLAN_NAMED

================================================================================
CONFIGURATION TAGS
================================================================================
Device: stk_a
Total tags: 1
USER_ACCESS

================================================================================
RAW DEVICE CONFIGURATION
================================================================================
show running-config
service password-encryption
hostname IE520-stk
no banner motd
username manager privilege 15 password 8 $5$bJob5N4D$VDlAWDKf4Z/shG0P/kPIysg5qD4
cc1OidC4abIHlMg7
ssh server allow-users manager
service ssh
no service telnet
service http
no clock timezone
snmp-server
![K
aaa authentication enable default local
aaa authentication login default local
stack virtual-mac
stack virtual-chassis-id 3439
loop-protection loop-detect ldf-interval 1 fast-block
service onm
no service ospf
ip domain-lookup
no service dhcp-server
![K
no ip multicast-routing
lldp run
spanning-tree mode rstp
no lacp global-passive-mode enable
no spanning-tree rstp enable
switch 1 provision ie520-28
switch 2 provision ie520-28
switch 3 provision ie520-28
switch 4 provision ie520-28
vlan database
 vlan 10 name data
 vlan 3998 name ck33235-cusfp
 vlan 3999 name ck33235-copper
 vlan 4000 name sx-link
 vlan 10,3998-4000 state enable
![K
interface port1.0.1
 switchport
 switchport mode access
interface port1.0.2
 switchport
 switchport mode access
 switchport access vlan 3998
interface port1.0.3-1.0.8
 switchport
 switchport mode access
interface port1.0.9
 switchport
 switchport mode access
 switchport access vlan 3999
interface port1.0.10-1.0.12
 switchport
 switchport mode access
interface port1.0.13
 switchport
 switchport mode access
 static-channel-group 3
interface port1.0.14-1.0.26
 switchport
 switchport mode access
interface port1.0.27-1.0.28
 stackport
interface port2.0.1-2.0.26
 switchport
 switchport mode access
interface port2.0.27-2.0.28
 stackport
interface port3.0.1
 switchport
 switchport mode access
interface port3.0.2
 switchport
 switchport mode access
 switchport access vlan 10
 static-channel-group 1
interface port3.0.3-3.0.26
 switchport
 switchport mode access
interface port3.0.27-3.0.28
 stackport
interface port4.0.1
 switchport
 switchport mode access
interface port4.0.2
 switchport
 switchport mode access
 switchport access vlan 10
 static-channel-group 1
interface port4.0.3-4.0.8
 switchport
 switchport mode access
interface port4.0.9
 switchport
 switchport mode access
 static-channel-group 3
interface port4.0.10-4.0.25
 switchport
 switchport mode access
interface port4.0.26
 switchport
 switchport mode access
 switchport access vlan 4000
interface port4.0.27-4.0.28
 stackport
interface sa1
 switchport
 switchport mode access
 switchport access vlan 10
interface sa3
 switchport
 switchport mode access
interface vlan1
 ip address 10.38.215.10/27
 ip address 10.38.215.40/27 secondary
 ip address 10.38.215.66/27 secondary
 ipv6 enable
 ipv6 address dhcp
 ip dhcp-client vendor-identifying-class
 ip dhcp-client request vendor-identifying-specific
interface vlan10
 ip address 10.10.10.1/27
ip route 10.38.215.64/27 10.10.10.2
line con 0
 exec-timeout 0 0
line vty 0 7
end
IE520-stk#

TestTag analysis session ended at 2026-10-01T10:58:18.191804
