Log file created at 2026-10-01T11:08:24.774641
TestTag analysis session started


================================================================================
POTENTIAL EXTRA TAGS
================================================================================
['EjvyEAJI77rEYMS3', '!\x1b[K']
================================================================================
CONFIGURATION SUMMARY
================================================================================
Configuration Summary for swi_f:
  Total interfaces: 1
  layer2_switching: 34 items
  layer3_switching: 19 items
  multicast_applications: 7 items
  access_and_security: 18 items
  network_availability: 5 items
  network_management: 20 items
  firewall_and_nat: 3 items
  advanced_network_protection: 9 items
  virtual_private_networks: 7 items
  setup_and_troubleshooting: 12 items
  Unprocessed commands: 2

================================================================================
CONFIGURATION METADATA
================================================================================
Metadata for device: swi_f

{'extra_config': ['EjvyEAJI77rEYMS3', '!\x1b[K'],
 'interfaces': {'port1.0.4': {'access_and_security': {'dhcp_snooping': {'arp_security': False,
                                                                        'arp_security_detail': {'drop_link_local_arps': False,
                                                                                                'violation': {'link_down': False,
                                                                                                              'log': False,
                                                                                                              'trap': False}},
                                                                        'disable_l2_flooding': False,
                                                                        'enabled': False,
                                                                        'trust': False,
                                                                        'violation': {'link_down': False,
                                                                                      'log': False,
                                                                                      'trap': False}},
                                                      'macsec': {'enabled': False},
                                                      'openflow': {'enabled': False}},
                              'firewall_and_nat': {'nat': {'limited_local_proxy_arp': False}},
                              'layer2_switching': {'duplex': 'full', 'speed': '1000'},
                              'network_management': {'atmf': {'agentlink': False,
                                                              'arealink': {'enabled': False},
                                                              'crosslink': False,
                                                              'guestlink': {'enabled': False},
                                                              'link': False,
                                                              'whitelist_enable': False},
                                                     'dhcp': {'client': {'enabled': False,
                                                                         'request_vendor_identifying_specific': False,
                                                                         'vendor_identifying_class': False},
                                                              'relay': {'agent_option': False,
                                                                        'agent_option_checking': False,
                                                                        'use_client_side_address': False},
                                                              'use_subscriber_id': False},
                                                     'dhcpv6': {'client': {'default_route_to_server': False,
                                                                           'enabled': False},
                                                                'relay': {'agent_option_subscriber_id_auto_mac': False},
                                                                'server': {'enabled': False}},
                                                     'lldp': {'med_notifications': False,
                                                              'notifications': False,
                                                              'receive': False,
                                                              'transmit': False},
                                                     'ptp': {'clock_port': False},
                                                     'snmp': {'link_status_suppress': {'enabled': False},
                                                              'link_status_trap': {'enabled': False,
                                                                                   'enterprise': False},
                                                              'mac_change_trap': {'add': False,
                                                                                  'enabled': False,
                                                                                  'remove': False}}},
                              'setup_and_troubleshooting': {'port_and_remote_mirroring': {'mirror': {'none': False},
                                                                                          'remote_mirror_source': {'none': False}}}}},
 'setup_and_troubleshooting': {'user_access': {'users': {'manager': {'has_password': True,
                                                                     'privilege': 15}}}}}

================================================================================
BASELINE TAGS (EXCLUDED)
================================================================================
Device: swi_f
Total tags: 53
AAA, AAA_AUTHENTICATION_ENABLE, AAA_AUTHENTICATION_ENABLE_LOCAL, AAA_AUTHENTICATION_LOGIN_1, AAA_AUTHENTICATION_LOGIN_DEFAULT, AAA_AUTHENTICATION_LOGIN_LOCAL, DEVICE_GUI_AND_VISTA, DHCP, DHCPV6, DNS, DNS_DOMAIN_LOOKUP, DOT1X_INTERFACE, DOT1X_INTERFACE_COUNT_11, ERPS, HOSTNAME, HTTP_SERVICE_ENABLED, INTERFACE_SHUTDOWN_1, IPV6, IP_ADDRESS, IP_ADDRESSING, IP_ADDRESS_COUNT_1, IP_ADDRESS_PREFIX_LENGTH, LINK_AGGREGATION, LLDP, LLDP_ENABLED, LOCAL_USER_ACCOUNTS_1, MULTICAST, NTP, OPENVPN_TUNNEL_1, PIM_SMV6_INTERFACE_11, PIM_SM_INTERFACE_11, ROUTING, RSTP, SERVICE_PASSWORD_ENCRYPTION, SNMP, SNMP_IPV4, SNMP_IPV6, SPANNING_TREE, SSH, SSH_SERVER, SSH_SERVER_ALLOW_USER_1, SSH_SERVER_SECURE_ALGS, SWITCHING, SWITCHPORT_10, SWITCHPORT_ACCESS_10, SWITCHPORT_ACCESS_VLAN_10, SYS_CONFIG_AND_MONITORING, URL_OFFLOAD, USER_ACCESS, VCS, VLANS, VLAN_4, VLAN_NAMED

================================================================================
CONFIGURATION TAGS
================================================================================
Device: swi_f
Total tags: 9
DOT1X_INTERFACE, DOT1X_INTERFACE_COUNT_1, INTERFACE_DUPLEX_1, INTERFACE_SPEED_1, LOCAL_USER_ACCOUNTS_1, PIM_SMV6_INTERFACE_1, PIM_SM_INTERFACE_1, SWITCHING, USER_ACCESS

================================================================================
RAW DEVICE CONFIGURATION
================================================================================
show running-config
service password-encryption
hostname x230-10GP
no banner motd
username manager privilege 15 password 8 $5$bJoPd84D$jDpGxr3DGpKESW14aCrmaazeZCl
EjvyEAJI77rEYMS3
ssh server secure-algs
ssh server allow-users manager
service ssh
no service telnet
service http
no clock timezone
snmp-server
![K
aaa authentication enable default local
aaa authentication login default local
ip domain-lookup
no service dhcp-server
lldp run
spanning-tree mode rstp
service power-inline
no lacp global-passive-mode enable
no spanning-tree rstp enable
vlan database
 vlan 3998 name ck33235-cusfp
 vlan 3999 name ck33235-copper
 vlan 100,999,3998-3999 state enable
interface port1.0.1-1.0.2
 switchport
 switchport mode access
 switchport access vlan 100
interface port1.0.3
 switchport
 switchport mode access
 switchport access vlan 3998
interface port1.0.4
 switchport
 switchport mode access
 switchport access vlan 3999
 speed 1000
 duplex full
![K
interface port1.0.5-1.0.9
 switchport
 switchport mode access
 switchport access vlan 100
interface port1.0.10
 switchport
 switchport mode access
 switchport access vlan 100
 shutdown
interface vlan100
 ip address 10.38.215.2/27
line con 0
 exec-timeout 0 0
line vty 0 7
end
x230-10GP#

TestTag analysis session ended at 2026-10-01T11:08:24.778071
