2026-10-01 10:00:44: Connecting to Device: On serial port /dev/u4
2026-10-01 10:00:44: Connected to Device on /dev/u4
2026-10-01 10:00:44: initPort(port4.0.26): port name = port4.0.26
2026-10-01 10:00:44: initPort(port4.0.9): port name = port4.0.9
2026-10-01 10:00:44: initPort(port4.0.2): port name = port4.0.2
2026-10-01 10:01:10: send(\n) called
2026-10-01 10:01:12: send(\n, 2, ['login:']) wait time reached
2026-10-01 10:01:12: send(\n, 2, ['login:']):

IE520-stk#<EOS>
2026-10-01 10:01:12: mode(#) called
2026-10-01 10:01:12: cmd() called
2026-10-01 10:01:12: cmd():

IE520-stk#<EOS>
2026-10-01 10:01:12: mode(#, 0) the prompt has been successfully set
2026-10-01 10:01:12: send(exit\n) called
2026-10-01 10:01:14: send(exit\n, 0, ['login:']) found "login:"
2026-10-01 10:01:14: send(exit\n, 0, ['login:']):
exit
[m

IE520-stk-4 login: <EOS>
2026-10-01 10:01:57: ========= TestSet 33235 Configuration =========
2026-10-01 10:03:17: ========= End of TestSet 33235 Configuration =========
2026-10-01 10:03:23: cmd() called
2026-10-01 10:03:23: cmd():

IE520-stk-4 login: <EOS>
2026-10-01 10:03:23: mode(#) called
2026-10-01 10:03:23: cmd() called
2026-10-01 10:03:23: cmd():

IE520-stk-4 login: <EOS>
2026-10-01 10:03:28: cmd() called
2026-10-01 10:03:28: cmd():

IE520-stk#<EOS>
2026-10-01 10:03:28: mode(#, 0) the prompt has been successfully set
2026-10-01 10:03:28: cmd(show wireless apteryx info) called
2026-10-01 10:03:29: cmd(show wireless apteryx info):
show wireless apteryx info
               ^
% Invalid input detected at '^' marker.

IE520-stk#<EOS>
2026-10-01 10:03:31: ========= TestCase 1 Starting =========
2026-10-01 10:03:33: ========= TestCase 1 Configuration =========
2026-10-01 10:04:03: ========= TestCase 1 Main =========
2026-10-01 10:04:06: ========= End of TestCase 1 Main =========
2026-10-01 10:04:06: ========= TestCase 1 Tear Down =========
2026-10-01 10:04:22: ========= End of TestCase 1 Tear Down =========
2026-10-01 10:04:36: ========= TestCase 2 Starting =========
2026-10-01 10:04:38: ========= TestCase 2 Configuration =========
2026-10-01 10:05:08: ========= TestCase 2 Main =========
2026-10-01 10:05:58: ========= End of TestCase 2 Main =========
2026-10-01 10:05:58: ========= TestCase 2 Tear Down =========
2026-10-01 10:07:14: ========= End of TestCase 2 Tear Down =========
2026-10-01 10:07:27: ========= TestCase 3 Starting =========
2026-10-01 10:07:29: ========= TestCase 3 Configuration =========
2026-10-01 10:08:59: ========= TestCase 3 Main =========
2026-10-01 10:09:26: ========= End of TestCase 3 Main =========
2026-10-01 10:09:27: ========= TestCase 3 Tear Down =========
2026-10-01 10:10:13: ========= End of TestCase 3 Tear Down =========
2026-10-01 10:10:26: ========= TestCase 4 Starting =========
2026-10-01 10:10:28: ========= TestCase 4 Configuration =========
2026-10-01 10:10:58: ========= TestCase 4 Main =========
2026-10-01 10:11:26: ========= End of TestCase 4 Main =========
2026-10-01 10:11:26: ========= TestCase 4 Tear Down =========
2026-10-01 10:11:43: ========= End of TestCase 4 Tear Down =========
2026-10-01 10:11:56: ========= TestCase 5 Starting =========
2026-10-01 10:11:58: ========= TestCase 5 Configuration =========
2026-10-01 10:12:33: ========= TestCase 5 Main =========
2026-10-01 10:13:08: ========= End of TestCase 5 Main =========
2026-10-01 10:13:08: ========= TestCase 5 Tear Down =========
2026-10-01 10:14:28: ========= End of TestCase 5 Tear Down =========
2026-10-01 10:14:42: ========= TestCase 6 Starting =========
2026-10-01 10:14:43: ========= TestCase 6 Configuration =========
2026-10-01 10:15:12: ========= TestCase 6 Main =========
2026-10-01 10:15:33: ========= End of TestCase 6 Main =========
2026-10-01 10:15:33: ========= TestCase 6 Tear Down =========
2026-10-01 10:15:48: ========= End of TestCase 6 Tear Down =========
2026-10-01 10:16:01: ========= TestCase 7 Starting =========
2026-10-01 10:16:03: ========= TestCase 7 Configuration =========
2026-10-01 10:16:33: ========= TestCase 7 Main =========
2026-10-01 10:16:51: ========= End of TestCase 7 Main =========
2026-10-01 10:16:51: ========= TestCase 7 Tear Down =========
2026-10-01 10:18:07: ========= End of TestCase 7 Tear Down =========
2026-10-01 10:18:21: ========= TestCase 8 Starting =========
2026-10-01 10:18:23: ========= TestCase 8 Configuration =========
2026-10-01 10:18:51: ========= TestCase 8 Main =========
2026-10-01 10:19:27: ========= End of TestCase 8 Main =========
2026-10-01 10:19:27: ========= TestCase 8 Tear Down =========
2026-10-01 10:19:59: ========= End of TestCase 8 Tear Down =========
2026-10-01 10:20:12: ========= TestCase 9 Starting =========
2026-10-01 10:20:14: ========= TestCase 9 Configuration =========
2026-10-01 10:20:45: ========= TestCase 9 Main =========
2026-10-01 10:21:19: ========= End of TestCase 9 Main =========
2026-10-01 10:21:19: ========= TestCase 9 Tear Down =========
2026-10-01 10:21:46: ========= End of TestCase 9 Tear Down =========
2026-10-01 10:22:00: ========= TestCase 10 Starting =========
2026-10-01 10:22:01: ========= TestCase 10 Configuration =========
2026-10-01 10:22:30: ========= TestCase 10 Main =========
2026-10-01 10:22:53: ========= End of TestCase 10 Main =========
2026-10-01 10:22:53: ========= TestCase 10 Tear Down =========
2026-10-01 10:23:17: ========= End of TestCase 10 Tear Down =========
2026-10-01 10:23:31: ========= TestCase 11 Starting =========
2026-10-01 10:23:32: ========= TestCase 11 Configuration =========
2026-10-01 10:24:06: ========= TestCase 11 Main =========
2026-10-01 10:24:42: ========= End of TestCase 11 Main =========
2026-10-01 10:24:42: ========= TestCase 11 Tear Down =========
2026-10-01 10:26:08: ========= End of TestCase 11 Tear Down =========
2026-10-01 10:26:22: ========= TestCase 12 Starting =========
2026-10-01 10:26:24: ========= TestCase 12 Configuration =========
2026-10-01 10:26:51: ========= TestCase 12 Main =========
2026-10-01 10:27:28: ========= End of TestCase 12 Main =========
2026-10-01 10:27:28: ========= TestCase 12 Tear Down =========
2026-10-01 10:27:52: ========= End of TestCase 12 Tear Down =========
2026-10-01 10:28:06: ========= TestCase 13 Starting =========
2026-10-01 10:28:07: ========= TestCase 13 Configuration =========
2026-10-01 10:28:38: ========= TestCase 13 Main =========
2026-10-01 10:29:04: ========= End of TestCase 13 Main =========
2026-10-01 10:29:04: ========= TestCase 13 Tear Down =========
2026-10-01 10:29:20: ========= End of TestCase 13 Tear Down =========
2026-10-01 10:29:34: ========= TestCase 14 Starting =========
2026-10-01 10:29:35: ========= TestCase 14 Configuration =========
2026-10-01 10:31:18: ========= TestCase 14 Main =========
2026-10-01 10:31:20: ========= End of TestCase 14 Main =========
2026-10-01 10:31:20: ========= TestCase 14 Tear Down =========
2026-10-01 10:31:36: ========= End of TestCase 14 Tear Down =========
2026-10-01 10:31:49: ========= TestCase 15 Starting =========
2026-10-01 10:31:51: ========= TestCase 15 Configuration =========
2026-10-01 10:32:34: ========= TestCase 15 Main =========
2026-10-01 10:32:35: ========= End of TestCase 15 Main =========
2026-10-01 10:32:35: ========= TestCase 15 Tear Down =========
2026-10-01 10:32:49: ========= End of TestCase 15 Tear Down =========
2026-10-01 10:33:03: ========= TestCase 16 Starting =========
2026-10-01 10:33:04: ========= TestCase 16 Configuration =========
2026-10-01 10:33:47: ========= TestCase 16 Main =========
2026-10-01 10:33:49: ========= End of TestCase 16 Main =========
2026-10-01 10:33:49: ========= TestCase 16 Tear Down =========
2026-10-01 10:34:05: ========= End of TestCase 16 Tear Down =========
2026-10-01 10:34:19: ========= TestCase 17 Starting =========
2026-10-01 10:34:21: ========= TestCase 17 Configuration =========
2026-10-01 10:35:04: ========= TestCase 17 Main =========
2026-10-01 10:35:10: ========= End of TestCase 17 Main =========
2026-10-01 10:35:10: ========= TestCase 17 Tear Down =========
2026-10-01 10:35:26: ========= End of TestCase 17 Tear Down =========
2026-10-01 10:35:40: ========= TestCase 18 Starting =========
2026-10-01 10:35:42: ========= TestCase 18 Configuration =========
2026-10-01 10:36:25: ========= TestCase 18 Main =========
2026-10-01 10:36:34: ========= End of TestCase 18 Main =========
2026-10-01 10:36:34: ========= TestCase 18 Tear Down =========
2026-10-01 10:37:50: ========= End of TestCase 18 Tear Down =========
2026-10-01 10:38:04: ========= TestCase 19 Starting =========
2026-10-01 10:38:06: ========= TestCase 19 Configuration =========
2026-10-01 10:39:49: ========= TestCase 19 Main =========
2026-10-01 10:39:59: ========= End of TestCase 19 Main =========
2026-10-01 10:39:59: ========= TestCase 19 Tear Down =========
2026-10-01 10:40:12: ========= End of TestCase 19 Tear Down =========
2026-10-01 10:40:26: ========= TestCase 20 Starting =========
2026-10-01 10:40:27: ========= TestCase 20 Configuration =========
2026-10-01 10:41:55: ========= TestCase 20 Main =========
2026-10-01 10:41:55: ========= End of TestCase 20 Main =========
2026-10-01 10:41:55: ========= TestCase 20 Tear Down =========
2026-10-01 10:42:10: ========= End of TestCase 20 Tear Down =========
2026-10-01 10:42:26: read(60, ['Bootloader', 'Boot Menu', 'Reading filesystem', 'Loading', 'Downloading', 'Verifying release', 'Booting', 'Allied Telesis Inc.', 'Initializing']) called
2026-10-01 10:42:26: read(60, ['Bootloader', 'Boot Menu', 'Reading filesystem', 'Loading', 'Downloading', 'Verifying release', 'Booting', 'Allied Telesis Inc.', 'Initializing']) preReadBuf:
switch: port 65(port1.0.9) entered disabled state
switch: port 65(port1.0.9) entered blocking state
switch: port 65(port1.0.9) entered forwarding state
switch: port 65(port1.0.9) entered disabled state
switch: port 65(port1.0.9) entered blocking state
switch: port 65(port1.0.9) entered forwarding state
switch: port 65(port1.0.9) entered disabled state
switch: port 65(port1.0.9) entered blocking state
switch: port 65(port1.0.9) entered forwarding state
switch: port 65(port1.0.9) entered disabled state
switch: port 65(port1.0.9) entered blocking state
switch: port 65(port1.0.9) entered forwarding state
switch: port 65(port1.0.9) entered disabled state
switch: port 65(port1.0.9) entered blocking state
switch: port 65(port1.0.9) entered forwarding state
switch: port 65(port1.0.9) entered disabled state
switch: port 65(port1.0.9) entered blocking state
switch: port 65(port1.0.9) entered forwarding state
switch: port 65(port1.0.9) entered disabled state
switch: port 65(port1.0.9) entered blocking state
switch: port 65(port1.0.9) entered forwarding state
switch: port 65(port1.0.9) entered disabled state
switch: port 65(port1.0.9) entered blocking state
switch: port 65(port1.0.9) entered forwarding state
switch: port 65(port1.0.9) entered disabled state
switch: port 65(port1.0.9) entered blocking state
switch: port 65(port1.0.9) entered forwarding state
switch: port 65(port1.0.9) entered disabled state
switch: port 65(port1.0.9) entered blocking state
switch: port 65(port1.0.9) entered forwarding state
switch: port 65(port1.0.9) entered disabled state
switch: port 65(port1.0.9) entered blocking state
switch: port 65(port1.0.9) entered forwarding state
switch: port 65(port1.0.9) entered disabled state
switch: port 65(port1.0.9) entered blocking state
switch: port 65(port1.0.9) entered forwarding state
switch: port 65(port1.0.9) entered disabled state
switch: port 65(port1.0.9) entered blocking state
switch: port 65(port1.0.9) entered forwarding state
switch: port 65(port1.0.9) entered disabled state
switch: port 65(port1.0.9) entered blocking state
switch: port 65(port1.0.9) entered forwarding state
switch: port 65(port1.0.9) entered disabled state
switch: port 65(port1.0.9) entered blocking state
switch: port 65(port1.0.9) entered forwarding state
switch: port 56(port4.0.26) entered disabled state
switch: port 56(port4.0.26) entered blocking state
switch: port 56(port4.0.26) entered forwarding state
switch: port 56(port4.0.26) entered disabled state
switch: port 56(port4.0.26) entered blocking state
switch: port 56(port4.0.26) entered forwarding state
switch: port 56(port4.0.26) entered disabled state
switch: port 56(port4.0.26) entered blocking state
switch: port 56(port4.0.26) entered forwarding state
switch: port 56(port4.0.26) entered disabled state
switch: port 56(port4.0.26) entered blocking state
switch: port 56(port4.0.26) entered forwarding state
switch: port 56(port4.0.26) entered disabled state
switch: port 56(port4.0.26) entered blocking state
switch: port 56(port4.0.26) entered forwarding state
switch: port 56(port4.0.26) entered disabled state
switch: port 56(port4.0.26) entered blocking state
switch: port 56(port4.0.26) entered forwarding state
switch: port 56(port4.0.26) entered disabled state
switch: port 56(port4.0.26) entered blocking state
switch: port 56(port4.0.26) entered forwarding state
switch: port 56(port4.0.26) entered disabled state
switch: port 56(port4.0.26) entered blocking state
switch: port 56(port4.0.26) entered forwarding state
switch: port 56(port4.0.26) entered disabled state
switch: port 56(port4.0.26) entered blocking state
switch: port 56(port4.0.26) entered forwarding state
switch: port 56(port4.0.26) entered disabled state
switch: port 56(port4.0.26) entered blocking state
switch: port 56(port4.0.26) entered forwarding state
switch: port 56(port4.0.26) entered disabled state
switch: port 56(port4.0.26) entered blocking state
switch: port 56(port4.0.26) entered forwarding state
switch: port 56(port4.0.26) ente<EOS>
2026-10-01 10:42:43: read(60, ['Bootloader', 'Boot Menu', 'Reading filesystem', 'Loading', 'Downloading', 'Verifying release', 'Booting', 'Allied Telesis Inc.', 'Initializing']) output:
red disabled state
switch: port 56(port4.0.26) entered blocking state
switch: port 56(port4.0.26) entered forwarding state
switch: port 56(port4.0.26) entered disabled state
switch: port 56(port4.0.26) entered blocking state
switch: port 56(port4.0.26) entered forwarding state
switch: port 56(port4.0.26) entered disabled state
switch: port 56(port4.0.26) entered blocking state
switch: port 56(port4.0.26) entered forwarding state
switch: port 56(port4.0.26) entered disabled state
switch: port 56(port4.0.26) entered blocking state
switch: port 56(port4.0.26) entered forwarding state
switch: port 56(port4.0.26) entered disabled state
switch: port 56(port4.0.26) entered blocking state
switch: port 56(port4.0.26) entered forwarding state
switch: port 56(port4.0.26) entered disabled state
switch: port 56(port4.0.26) entered blocking state
switch: port 56(port4.0.26) entered forwarding state
switch: port 56(port4.0.26) entered disabled state
switch: port 56(port4.0.26) entered blocking state
switch: port 56(port4.0.26) entered forwarding state
switch: port 56(port4.0.26) entered disabled state
switch: port 56(port4.0.26) entered blocking state
switch: port 56(port4.0.26) entered forwarding state
switch: port 56(port4.0.26) entered disabled state
switch: port 56(port4.0.26) entered blocking state
switch: port 56(port4.0.26) entered forwarding state
switch: port 56(port4.0.26) entered disabled state
switch: port 56(port4.0.26) entered blocking state
switch: port 56(port4.0.26) entered forwarding state
switch: port 65(port1.0.9) entered disabled state
switch: port 65(port1.0.9) entered blocking state
switch: port 65(port1.0.9) entered forwarding state
switch: port 65(port1.0.9) entered disabled state
switch: port 65(port1.0.9) entered blocking state
switch: port 65(port1.0.9) entered forwarding state
switch: port 65(port1.0.9) entered disabled state
switch: port 65(port1.0.9) entered blocking state
switch: port 65(port1.0.9) entered forwarding state
switch: port 65(port1.0.9) entered disabled state
switch: port 65(port1.0.9) entered blocking state
switch: port 65(port1.0.9) entered forwarding state
switch: port 65(port1.0.9) entered disabled state
switch: port 65(port1.0.9) entered blocking state
switch: port 65(port1.0.9) entered forwarding state
switch: port 65(port1.0.9) entered disabled state
switch: port 65(port1.0.9) entered blocking state
switch: port 65(port1.0.9) entered forwarding state
switch: port 65(port1.0.9) entered disabled state
switch: port 65(port1.0.9) entered blocking state
switch: port 65(port1.0.9) entered forwarding state
switch: port 65(port1.0.9) entered disabled state
switch: port 65(port1.0.9) entered blocking state
switch: port 65(port1.0.9) entered forwarding state
switch: port 65(port1.0.9) entered disabled state
switch: port 65(port1.0.9) entered blocking state
switch: port 65(port1.0.9) entered forwarding state
switch: port 65(port1.0.9) entered disabled state
switch: port 65(port1.0.9) entered blocking state
switch: port 65(port1.0.9) entered forwarding state
switch: port 65(port1.0.9) entered disabled state
switch: port 65(port1.0.9) entered blocking state
switch: port 65(port1.0.9) entered forwarding state
switch: port 65(port1.0.9) entered disabled state
switch: port 65(port1.0.9) entered blocking state
switch: port 65(port1.0.9) entered forwarding state
switch: port 65(port1.0.9) entered disabled state
switch: port 65(port1.0.9) entered blocking state
switch: port 65(port1.0.9) entered forwarding state
switch: port 65(port1.0.9) entered disabled state
switch: port 65(port1.0.9) entered blocking state
switch: port 65(port1.0.9) entered forwarding state
switch: port 65(port1.0.9) entered disabled state
switch: port 65(port1.0.9) entered blocking state
switch: port 65(port1.0.9) entered forwarding state
switch: port 65(port1.0.9) entered disabled state
switch: port 65(port1.0.9) entered blocking state
switch: port 65(port1.0.9) entered forwarding state
switch: port 65(port1.0.9) entered disabled state
switch: port 65(port1.0.9) entered blocking state
switch: port 65(port1.0.9) entered forwarding state
switch: port 65(port1.0.9) entered disabled state
switch: port 65(port1.0.9) entered blocking state
switch: port 65(port1.0.9) entered forwarding state
switch: port 65(port1.0.9) entered disabled state
switch: port 65(port1.0.9) entered blocking state
switch: port 65(port1.0.9) entered forwarding state
switch: port 65(port1.0.9) entered disabled state
switch: port 65(port1.0.9) entered blocking state
switch: port 65(port1.0.9) entered forwarding state
switch: port 65(port1.0.9) entered disabled state
switch: port 65(port1.0.9) entered blocking state
switch: port 65(port1.0.9) entered forwarding state
switch: port 65(port1.0.9) entered disabled state
switch: port 65(port1.0.9) entered blocking state
switch: port 65(port1.0.9) entered forwarding state
switch: port 65(port1.0.9) entered disabled state
switch: port 65(port1.0.9) entered blocking state
switch: port 65(port1.0.9) entered forwarding state
switch: port 65(port1.0.9) entered disabled state
switch: port 65(port1.0.9) entered blocking state
switch: port 65(port1.0.9) entered forwarding state
switch: port 65(port1.0.9) entered disabled state
switch: port 65(port1.0.9) entered blocking state
switch: port 65(port1.0.9) entered forwarding state
switch: port 65(port1.0.9) entered disabled state
switch: port 65(port1.0.9) entered blocking state
switch: port 65(port1.0.9) entered forwarding state
switch: port 65(port1.0.9) entered disabled state
switch: port 65(port1.0.9) entered blocking state
switch: port 65(port1.0.9) entered forwarding state
switch: port 65(port1.0.9) entered disabled state
switch: port 65(port1.0.9) entered blocking state
switch: port 65(port1.0.9) entered forwarding state
switch: port 65(port1.0.9) entered disabled state
switch: port 65(port1.0.9) entered blocking state
switch: port 65(port1.0.9) entered forwarding state
switch: port 65(port1.0.9) entered disabled state
switch: port 65(port1.0.9) entered blocking state
switch: port 65(port1.0.9) entered forwarding state
switch: port 65(port1.0.9) entered disabled state
switch: port 65(port1.0.9) entered blocking state
switch: port 65(port1.0.9) entered forwarding state
switch: port 65(port1.0.9) entered disabled state
switch: port 65(port1.0.9) entered blocking state
switch: port 65(port1.0.9) entered forwarding state
switch: port 65(port1.0.9) entered disabled state
switch: port 65(port1.0.9) entered blocking state
switch: port 65(port1.0.9) entered forwarding state
switch: port 65(port1.0.9) entered disabled state
switch: port 65(port1.0.9) entered blocking state
switch: port 65(port1.0.9) entered forwarding state
switch: port 65(port1.0.9) entered disabled state
switch: port 65(port1.0.9) entered blocking state
switch: port 65(port1.0.9) entered forwarding state
switch: port 65(port1.0.9) entered disabled state
switch: port 65(port1.0.9) entered blocking state
switch: port 65(port1.0.9) entered forwarding state
switch: port 65(port1.0.9) entered disabled state
switch: port 65(port1.0.9) entered blocking state
switch: port 65(port1.0.9) entered forwarding state
switch: port 65(port1.0.9) entered disabled state
switch: port 65(port1.0.9) entered blocking state
switch: port 65(port1.0.9) entered forwarding state
switch: port 65(port1.0.9) entered disabled state
switch: port 65(port1.0.9) entered blocking state
switch: port 65(port1.0.9) entered forwarding state
switch: port 65(port1.0.9) entered disabled state
switch: port 65(port1.0.9) entered blocking state
switch: port 65(port1.0.9) entered forwarding state
switch: port 65(port1.0.9) entered disabled state
switch: port 65(port1.0.9) entered blocking state
switch: port 65(port1.0.9) entered forwarding state
switch: port 65(port1.0.9) entered disabled state
switch: port 65(port1.0.9) entered blocking state
switch: port 65(port1.0.9) entered forwarding state
  
BootROM 1.41
Booting from SPI flash


General initialization - Version: 1.0.0
Serdes initialization - Version: 1.0.2
PEX: pexIdx 0, detected no link
DDR3 Training Sequence - Ver TIP-1.55.0
DDR3 Training Sequence - Switching XBAR Window to FastPath Window 
DDR3 Training Sequence - Ended Successfully
<EOS>
2026-10-01 10:46:25: ========= TestCase 21 Starting =========
2026-10-01 10:46:27: ========= TestCase 21 Configuration =========
2026-10-01 10:46:50: ========= TestCase 21 Main =========
2026-10-01 10:47:17: ========= End of TestCase 21 Main =========
2026-10-01 10:47:17: ========= TestCase 21 Tear Down =========
2026-10-01 10:47:30: ========= End of TestCase 21 Tear Down =========
2026-10-01 10:47:44: ========= TestCase 22 Starting =========
2026-10-01 10:47:46: ========= TestCase 22 Configuration =========
2026-10-01 10:49:08: ========= TestCase 22 Main =========
2026-10-01 10:49:35: ========= End of TestCase 22 Main =========
2026-10-01 10:49:35: ========= TestCase 22 Tear Down =========
2026-10-01 10:49:49: ========= End of TestCase 22 Tear Down =========
2026-10-01 10:50:03: ========= TestCase 23 Starting =========
2026-10-01 10:50:05: ========= TestCase 23 Configuration =========
2026-10-01 10:50:58: ========= TestCase 23 Main =========
2026-10-01 10:51:03: ========= End of TestCase 23 Main =========
2026-10-01 10:51:03: ========= TestCase 23 Tear Down =========
2026-10-01 10:51:17: ========= End of TestCase 23 Tear Down =========
2026-10-01 10:51:31: ========= TestCase 24 Starting =========
2026-10-01 10:51:32: ========= TestCase 24 Configuration =========
2026-10-01 10:52:22: ========= TestCase 24 Main =========
2026-10-01 10:52:31: ========= End of TestCase 24 Main =========
2026-10-01 10:52:31: ========= TestCase 24 Tear Down =========
2026-10-01 10:52:45: ========= End of TestCase 24 Tear Down =========
2026-10-01 10:52:58: ========= TestCase 25 Starting =========
2026-10-01 10:53:00: ========= TestCase 25 Configuration =========
2026-10-01 10:54:34: ========= TestCase 25 Main =========
2026-10-01 10:54:56: ========= End of TestCase 25 Main =========
2026-10-01 10:54:56: ========= TestCase 25 Tear Down =========
2026-10-01 10:55:10: ========= End of TestCase 25 Tear Down =========
2026-10-01 10:55:24: ========= TestCase 26 Starting =========
2026-10-01 10:55:25: ========= TestCase 26 Configuration =========
2026-10-01 10:55:58: ========= TestCase 26 Main =========
2026-10-01 10:56:09: ========= End of TestCase 26 Main =========
2026-10-01 10:56:09: ========= TestCase 26 Tear Down =========
2026-10-01 10:56:23: ========= End of TestCase 26 Tear Down =========
2026-10-01 10:56:37: ========= TestCase 27 Starting =========
2026-10-01 10:56:38: ========= TestCase 27 Configuration =========
2026-10-01 10:57:15: ========= TestCase 27 Main =========
2026-10-01 10:57:37: ========= End of TestCase 27 Main =========
2026-10-01 10:57:37: ========= TestCase 27 Tear Down =========
2026-10-01 10:57:51: ========= End of TestCase 27 Tear Down =========
2026-10-01 10:58:05: ========= TestCase 28 Starting =========
2026-10-01 10:58:06: ========= TestCase 28 Configuration =========
2026-10-01 10:58:30: ========= TestCase 28 Main =========
2026-10-01 10:58:32: ========= End of TestCase 28 Main =========
2026-10-01 10:58:32: ========= TestCase 28 Tear Down =========
2026-10-01 10:59:37: ========= End of TestCase 28 Tear Down =========
2026-10-01 10:59:51: ========= TestCase 29 Starting =========
2026-10-01 10:59:52: ========= TestCase 29 Configuration =========
2026-10-01 11:00:15: ========= TestCase 29 Main =========
2026-10-01 11:01:22: ========= End of TestCase 29 Main =========
2026-10-01 11:01:22: ========= TestCase 29 Tear Down =========
2026-10-01 11:01:36: ========= End of TestCase 29 Tear Down =========
2026-10-01 11:01:50: ========= TestCase 30 Starting =========
2026-10-01 11:01:52: ========= TestCase 30 Configuration =========
2026-10-01 11:02:15: ========= TestCase 30 Main =========
2026-10-01 11:03:39: ========= End of TestCase 30 Main =========
2026-10-01 11:03:39: ========= TestCase 30 Tear Down =========
2026-10-01 11:03:55: ========= End of TestCase 30 Tear Down =========
2026-10-01 11:04:09: ========= TestCase 31 Starting =========
2026-10-01 11:04:10: ========= TestCase 31 Configuration =========
2026-10-01 11:05:34: ========= TestCase 31 Main =========
2026-10-01 11:05:49: ========= End of TestCase 31 Main =========
2026-10-01 11:05:49: ========= TestCase 31 Tear Down =========
2026-10-01 11:06:03: ========= End of TestCase 31 Tear Down =========
2026-10-01 11:06:16: ========= TestCase 32 Starting =========
2026-10-01 11:06:18: ========= TestCase 32 Configuration =========
2026-10-01 11:07:15: ========= TestCase 32 Main =========
2026-10-01 11:07:24: ========= End of TestCase 32 Main =========
2026-10-01 11:07:24: ========= TestCase 32 Tear Down =========
2026-10-01 11:07:44: ========= End of TestCase 32 Tear Down =========
2026-10-01 11:07:58: ========= TestCase 33 Starting =========
2026-10-01 11:08:00: ========= TestCase 33 Configuration =========
2026-10-01 11:08:36: ========= TestCase 33 Main =========
2026-10-01 11:11:54: ========= End of TestCase 33 Main =========
2026-10-01 11:11:54: ========= TestCase 33 Tear Down =========
2026-10-01 11:12:14: ========= End of TestCase 33 Tear Down =========
