1790735027.101 15:23:47 >>> configure terminal
configure terminal
Enter configuration commands, one per line.  End with CNTL/Z.
IE520-stk(config)#
1790735027.903 15:23:47 >>> interface port4.0.26
interface port4.0.26
IE520-stk(config-if)#
1790735028.704 15:23:48 >>> shutdown
shutdown
switch: port 82(port4.0.26) entered disabled state
IE520-stk(config-if)#switch: port 82(port4.0.26) entered disabled state

1790735029.505 15:23:49 >>> end
end
IE520-stk#
1790735030.306 15:23:50 >>> show mrp ring
show mrp ring
Media Redundancy Protocol - Ring Information
MRP Ring 1
 Domain ID:                           ffffffff-ffff-ffff-ffff-ffffffffffff
 Domain Name:                         
 Ring Status:                         Enabled
 Running State:                       Running
 Role:                                Manager
 Network Status:                      Open
 Port1:                               port1.0.13
  Status:                             Forwarding
 Port2:                               port4.0.26
  Status:                             Blocking
 Vlan ID:
 React on Link Change:                No
 Profile:                             500ms
  Topology Change Interval:           20ms
  Topology Change Count:              3
  Short Test Frame Interval:          30ms
  Default Test Frame Interval:        50ms
  Test Monitoring Interval Count:     5
  Test Monitoring Ext Interval Count: 15
  Non-blocking MRC Supported:         Yes
  Blocked port state supported:       Yes

IE520-stk#
