T22653 run 1 -- working log (bench-runner) -- clean
=====================================================================================
Case:      AWPTCM-T22653 "modbus -  read port  information" (ck.db, Draft, /Modbus/Proj 2166 Modbus Support).
           Objective "Able to retrieve port information". 7 steps, each "Confirm this is same as CLI":
           1 0x5000 #1 Port Current State (R, 1 word HEX); 2 0x5001 #1 Port Configured State (RW, 1 word HEX);
           3 0x5002 #1 Port PoE Configuration (RW, 1 word HEX); 4 0x5003 #1 Port PoE Data Pairs Current Power Usage
           (R, 1 word UINT); 5 0x5004 #1 Port PoE Spare Pairs Current Power Usage (R, 1 word UINT);
           6 0x5005 #1 Port Input Bytes (R, 4 words UINT); 7 0x5009 "#1 Port Input Bytes" (R, 4 words UINT) --
           the step text says Input; 0x5009 is the Output Bytes counter in the map (4 words after input), graded as such.
Run:       2026-10-08 13:23:48-13:25:12 NZDT (DUT clock UTC; offset 0)
Session:   tb470; consoles u2,u4,u5 (this case drove u5 only); Test Engineer terrenceb@terrenceb-dl; PDU 10.36.150.14
           (u2=6, u4=4, u5=5); constraints "Run now, no power cycles". Sentinel = parent (device-testing-8a).
           Queue row 1, case 4 of 6.
Tester:    bench-runner, by hand: tools/ckcon.py /dev/u5 115200 /tmp/modbus-1008/console-u5.log [--stop-on-error];
           tools/mb.py --host 10.38.215.10 --log /tmp/modbus-1008/mb-22653.log --slave <u> read ...; tools/rc2cfg.py;
           tools/rcdiff.py. Driver work/22653.sh; stdout work/22653.out; client trace work/mb-22653.log.
Gates:     as T22650 run 1 (precheck CLEAR 13:10; probe 13:12 exit 4 = u2/u4 login_failed, sent as NEEDS TEST
           ENGINEER; u5 = master; eth1 -> port3.0.13; boot config flash:/tb470-bench.cfg). Pre-case running-config =
           group baseline (T22652 teardown IDENTICAL 13:22).

TOPOLOGY AS TESTED
  DUT   : stk_a IE520-stk (AT-IE520-28GSX VCStack): member 1 swi_a S/N 264A23061 MAC 84e3.2787.0ac0 Backup (u2);
          member 2 Provisioned only; member 3 swi_c S/N 264A23066 MAC 84e3.2787.0740 Active Master (u5, driven);
          member 4 swi_d S/N 264A23052 MAC 84e3.2787.09c0 Backup (u4). main-calanm (IE520-tb470.rel, built
          Tue Oct 6 19:44:28 UTC 2026), bootloader 9.2.0. vlan1 10.38.215.10/27.
  ports : port1.0.1 = empty SFP cage (not in `show system pluggable`), notconnect -- the case's "#1 port";
          port1.0.2 = AT-SPTXa copper SFP, connected a-full a-1000, static-channel-group 2, partner x230 port1.0.2;
          port3.0.13 = AT-SPTXc, connected a-full a-1000 to tb470 eth1.
  host  : tb470 eth1 10.38.215.1/27 -> stk_a port3.0.13 (1000BASE-T, VLAN 1). Modbus/TCP 502.
  config: 22653/stk_a.cfg (running-config after setup; startup not written)
  Register semantics (ART library_1359, confirmed 09-29 on this DUT): 13 words per port from 0x5000, ports in order
  per member, member = unit id. State word = 4 nibbles [state, duplex, polarity, speed]: state 0 down / F up;
  duplex 0 auto 1 full 2 half; polarity 0 auto 1 mdi 2 mdix; speed 0 auto 1 10 2 100 3 1000 4 10000.

STEP 0 -- baseline 13:23:53-13:23:56                                                               done
IE520-stk# show stack -> 1 Backup / 2 Provisioned / 3 Active Master / 4 Backup
IE520-stk# show scada modbus tcp server -> MODBUS is disabled;  host$ mb.py probe -> Connection refused

SETUP 13:24:01-13:24:06                                                                            done
IE520-stk(config)# scada modbus tcp server
IE520-stk# show scada modbus tcp server -> MODBUS is enabled / Write access: disabled / Port : 502
IE520-stk# show running-config | include scada -> scada modbus tcp server
Saved 22653/stk_a.cfg (186 config lines).

CLI BEFORE 13:24:19-13:24:30
IE520-stk# show interface port1.0.1
  Link is DOWN, administrative state is UP
  configured duplex auto, configured speed auto, configured polarity auto
    input packets 0, bytes 0, dropped 0, multicast packets 0
    output packets 0, bytes 0, multicast packets 0, broadcast packets 0
IE520-stk# show interface port1.0.1 status
  port1.0.1   -   notconnect   1 auto   auto    not present
IE520-stk# show running-config interface port1.0.1 -> interface port1.0.1 / switchport / switchport mode access
IE520-stk# show system pluggable -> no entry for 1.0.1 (entries 1.0.2 AT-SPTXa, 3.0.13 AT-SPTXc, ...)
IE520-stk# show power-inline
  % Invalid input detected at '^' marker.
IE520-stk# show power-inline interface port1.0.1
  % Invalid input detected at '^' marker.

STEPS 1-7 -- port #1 = port1.0.1, unit id 1 (member 1), 13:24:32-13:24:33 (TX bytes in work/mb-22653.log)
  (unit 1 0x0120 x5 -> [1, 28, 0, 5, 31]: member 1 has 28 ports)
  step 1  READ 0x5000 x1 HEX  -> '0000'   = DOWN, duplex auto, polarity auto, speed auto
  step 2  READ 0x5001 x1 HEX  -> 'f000'   = configured admin UP, auto/auto/auto
  step 3  READ 0x5002 x1 HEX  -> EXCEPTION
  step 4  READ 0x5003 x1 UINT -> EXCEPTION
  step 5  READ 0x5004 x1 UINT -> EXCEPTION
  step 6  READ 0x5005 x4 UINT -> 0
  step 7  READ 0x5009 x4 UINT -> 0
  whole   READ 0x5000 x13 RAW -> EXCEPTION (the block spans the PoE words; single reads succeed)
IE520-stk# show interface port1.0.1   (13:24:38, after the reads)
  Link is DOWN, administrative state is UP / configured duplex auto, speed auto, polarity auto /
  input packets 0, bytes 0 / output packets 0, bytes 0

EXTRA (not graded) -- linked ports, same registers, to show non-zero values agree too
  port1.0.2 (unit 1, index 1, 0x500d), 13:24:39:
    0x500d -> 'f103' (UP, full, auto, 1000) · 0x500e -> 'f000' · 0x500f/0x5010/0x5011 -> EXCEPTION (PoE)
    0x5012 x4 input bytes -> 6298 · 0x5016 x4 output bytes -> 299318
    CLI 13:24:44: "Link is UP, administrative state is UP / current duplex full, current speed 1000, current polarity
    auto / configured auto/auto/auto / input packets 94, bytes 6298 / output packets 3039, bytes 299818";
    status "connected 1 a-full a-1000 1000BASE-T".  -> input equal; output +500 bytes in 5 s on a port that sends
    LACP/LLDP (consistent).
  port3.0.13 (unit 3, index 12, 0x509c), 13:24:47:
    0x509c -> 'f103' · 0x509d -> 'f000' · PoE words EXCEPTION · input 72020 · output 346055
    CLI 13:24:53: "Link is UP ... current duplex full, current speed 1000 ... input bytes 72670 ... output bytes
    346917" (this link carries the Modbus and ping traffic itself: consistent growth).
  unit 0 READ 0x5000 -> '0000' (answers on this build; the master's first port, port3.0.1, is down = consistent).
  unit 2 READ 0x5000 -> EXCEPTION (provisioned, absent member).
  Server statistics 13:24:59 (cumulative): holding registers 133 (25 this case); illegal data address 14 (+10: the
  nine PoE single reads and the 13-word block), illegal data value 6 (+1: unit 2).

STEP VERDICTS
  1 Port Current State ............ PASS         (0x0000 = down/auto/auto/auto = CLI "Link is DOWN", configured auto)
  2 Port Configured State ......... PASS         (0xf000 = admin up/auto/auto/auto = CLI "administrative state is UP",
                                                  configured duplex/speed/polarity auto)
  3 Port PoE Configuration ........ UNSUPPORTED  (no PoE on the AT-IE520-28GSX: `show power-inline` = "% Invalid input
                                                  detected"; register 0x5002 answers illegal data address)
  4 PoE Data Pairs Power .......... UNSUPPORTED  (same; 0x5003 illegal data address)
  5 PoE Spare Pairs Power ......... UNSUPPORTED  (same; 0x5004 illegal data address)
  6 Port Input Bytes .............. PASS         (0 = CLI "input packets 0, bytes 0"; port1.0.2 6298 = CLI 6298)
  7 Port Output Bytes (0x5009) .... PASS         (0 = CLI "output packets 0, bytes 0"; port1.0.2 299318 vs 299818 5 s later)

TEARDOWN 13:25:05-13:25:12
IE520-stk(config)# no scada modbus tcp server
IE520-stk# show scada modbus tcp server -> MODBUS is disabled; show running-config | include scada -> (empty)
host$ mb.py probe -> Connection refused
rcdiff.py baseline-rc.out 22653-rc-after-teardown.out -> no output = IDENTICAL. Nothing written to startup; no
reload; no PDU. u5 at exec, terminal no monitor.

CAVEAT: the case's #1 port (port1.0.1) is an empty cage, so steps 1, 6 and 7 read zero/down values; the extra reads
  of linked port1.0.2 and port3.0.13 show the same registers carrying live non-zero values equal to the CLI.

VERDICT: PASS -- port #1 current/configured state and input/output byte registers equal the CLI (and on two linked ports); PoE steps 3-5 UNSUPPORTED (no PoE on the IE520-28GSX)
