### 16:46:12 18302 a-bc counters before
16:46:17 >>> show interface port3.0.13,port1.0.2,port1.0.9,port1.0.13,port4.0.9 | include Interface|input packets|output packets
show interface port3.0.13,port1.0.2,port1.0.9,port1.0.13,port4.0.9 | i

nclude Interface|input packets|output packets

Interface port3.0.13
    input packets 1106, bytes 96384, dropped 0, multicast packets 100
    output packets 396628, bytes 25622498, multicast packets 1300, broadcast packets 388964
Interface port1.0.2
    input packets 185987, bytes 11911304, dropped 0, multicast packets 112
    output packets 214813, bytes 13902070, multicast packets 1242, broadcast packets 209442
Interface port1.0.9
    input packets 185908, bytes 11898448, dropped 0, multicast packets 112
    output packets 202943, bytes 13165814, multicast packets 126, broadcast packets 12417
Interface port1.0.13
    input packets 45882, bytes 3160966, dropped 0, multicast packets 22256
    output packets 403004, bytes 25996690, multicast packets 21185, broadcast packets 378253
Interface port4.0.9
    input packets 1599, bytes 157065, dropped 0, multicast packets 96
    output packets 2974, bytes 292495, multicast packets 97, broadcast packets 112
16:46:20 sent 100 x ip10 src=00:00:00:00:01:10 dst=ff:ff:ff:ff:ff:ff vlan=None outer=None on eth1 in 0.51s
### 16:46:23 18302 a-bc counters after
16:46:28 >>> show interface port3.0.13,port1.0.2,port1.0.9,port1.0.13,port4.0.9 | include Interface|input packets|output packets
show interface port3.0.13,port1.0.2,port1.0.9,port1.0.13,port4.0.9 | i

nclude Interface|input packets|output packets

Interface port3.0.13
    input packets 1206, bytes 104984, dropped 0, multicast packets 100
    output packets 396661, bytes 25625798, multicast packets 1300, broadcast packets 388964
Interface port1.0.2
    input packets 185987, bytes 11911304, dropped 0, multicast packets 112
    output packets 214947, bytes 13914037, multicast packets 1243, broadcast packets 209542
Interface port1.0.9
    input packets 185908, bytes 11898448, dropped 0, multicast packets 112
    output packets 202954, bytes 13166914, multicast packets 126, broadcast packets 12417
Interface port1.0.13
    input packets 45894, bytes 3162134, dropped 0, multicast packets 22257
    output packets 403127, bytes 26007558, multicast packets 21186, broadcast packets 378353
Interface port4.0.9
    input packets 1611, bytes 158232, dropped 0, multicast packets 97
    output packets 3097, bytes 303362, multicast packets 98, broadcast packets 212
### tcpdump logs
tcpdump: listening on eth2, link-type EN10MB (Ethernet), snapshot length 262144 bytes
200 packets captured
200 packets received by filter
0 packets dropped by kernel
tcpdump: listening on eth3, link-type EN10MB (Ethernet), snapshot length 262144 bytes
100 packets captured
100 packets received by filter
0 packets dropped by kernel
### captures
### /tmp/ckvlan3/18302/18302-a-bc-eth2.pcap: 200 frames
    100  unmarked         tags=3993        type=0x0800 dst=ff:ff:ff:ff:ff:ff src=00:00:00:00:01:10
    100  unmarked         tags=3994        type=0x0800 dst=ff:ff:ff:ff:ff:ff src=00:00:00:00:01:10
### /tmp/ckvlan3/18302/18302-a-bc-eth3.pcap: 100 frames
    100  unmarked         tags=3991        type=0x0800 dst=ff:ff:ff:ff:ff:ff src=00:00:00:00:01:10
