### 16:47:47 18302 e-u113 counters before
16:47:52 >>> show interface port3.0.13,port1.0.2,port1.0.9,port1.0.13,port4.0.9 | include Interface|input packets|output packets
show interface port3.0.13,port1.0.2,port1.0.9,port1.0.13,port4.0.9 | i

nclude Interface|input packets|output packets

Interface port3.0.13
    input packets 1506, bytes 128584, dropped 0, multicast packets 300
    output packets 396913, bytes 25650902, multicast packets 1303, broadcast packets 388964
Interface port1.0.2
    input packets 185990, bytes 11911505, dropped 0, multicast packets 115
    output packets 215399, bytes 13956338, multicast packets 1346, broadcast packets 209542
Interface port1.0.9
    input packets 185911, bytes 11898649, dropped 0, multicast packets 115
    output packets 203040, bytes 13175415, multicast packets 129, broadcast packets 12417
Interface port1.0.13
    input packets 45979, bytes 3170570, dropped 0, multicast packets 22259
    output packets 403395, bytes 26032894, multicast packets 21288, broadcast packets 378353
Interface port4.0.9
    input packets 1696, bytes 166666, dropped 0, multicast packets 99
    output packets 3365, bytes 328696, multicast packets 200, broadcast packets 212
16:47:55 sent 100 x ip10 src=00:00:00:00:01:10 dst=00:00:00:00:01:30 vlan=None outer=None on eth1 in 0.50s
### 16:47:58 18302 e-u113 counters after
16:48:03 >>> show interface port3.0.13,port1.0.2,port1.0.9,port1.0.13,port4.0.9 | include Interface|input packets|output packets
show interface port3.0.13,port1.0.2,port1.0.9,port1.0.13,port4.0.9 | i

nclude Interface|input packets|output packets

Interface port3.0.13
    input packets 1606, bytes 137184, dropped 0, multicast packets 300
    output packets 396946, bytes 25654202, multicast packets 1303, broadcast packets 388964
Interface port1.0.2
    input packets 185991, bytes 11911572, dropped 0, multicast packets 116
    output packets 215432, bytes 13959638, multicast packets 1346, broadcast packets 209542
Interface port1.0.9
    input packets 185911, bytes 11898649, dropped 0, multicast packets 115
    output packets 203051, bytes 13176515, multicast packets 129, broadcast packets 12417
Interface port1.0.13
    input packets 45991, bytes 3171738, dropped 0, multicast packets 22260
    output packets 403518, bytes 26043762, multicast packets 21289, broadcast packets 378353
Interface port4.0.9
    input packets 1708, bytes 167833, dropped 0, multicast packets 100
    output packets 3388, bytes 330963, multicast packets 201, broadcast packets 212
### tcpdump logs
tcpdump: listening on eth2, link-type EN10MB (Ethernet), snapshot length 262144 bytes
100 packets captured
100 packets received by filter
0 packets dropped by kernel
tcpdump: listening on eth3, link-type EN10MB (Ethernet), snapshot length 262144 bytes
0 packets captured
0 packets received by filter
0 packets dropped by kernel
### captures
### /tmp/ckvlan3/18302/18302-e-u113-eth2.pcap: 100 frames
    100  unmarked         tags=3993        type=0x0800 dst=00:00:00:00:01:30 src=00:00:00:00:01:10
### /tmp/ckvlan3/18302/18302-e-u113-eth3.pcap: 0 frames
