### 16:46:36 18302 b-rmc counters before
16:46:40 >>> show interface port3.0.13,port1.0.2,port1.0.9,port1.0.13,port4.0.9 | include Interface|input packets|output packets
show interface port3.0.13,port1.0.2,port1.0.9,port1.0.13,port4.0.9 | i

nclude Interface|input packets|output packets

Interface port3.0.13
    input packets 1206, bytes 104984, dropped 0, multicast packets 100
    output packets 396701, bytes 25629766, multicast packets 1301, broadcast packets 388964
Interface port1.0.2
    input packets 185988, bytes 11911371, dropped 0, multicast packets 113
    output packets 214986, bytes 13917937, multicast packets 1243, broadcast packets 209542
Interface port1.0.9
    input packets 185909, bytes 11898515, dropped 0, multicast packets 113
    output packets 202967, bytes 13168214, multicast packets 126, broadcast packets 12417
Interface port1.0.13
    input packets 45907, bytes 3163434, dropped 0, multicast packets 22257
    output packets 403153, bytes 26010158, multicast packets 21186, broadcast packets 378353
Interface port4.0.9
    input packets 1624, bytes 159532, dropped 0, multicast packets 97
    output packets 3123, bytes 305962, multicast packets 98, broadcast packets 212
16:46:44 sent 100 x other src=00:00:00:00:01:10 dst=01:80:c2:00:00:00 vlan=None outer=None on eth1 in 0.46s
### 16:46:47 18302 b-rmc counters after
16:46:52 >>> show interface port3.0.13,port1.0.2,port1.0.9,port1.0.13,port4.0.9 | include Interface|input packets|output packets
show interface port3.0.13,port1.0.2,port1.0.9,port1.0.13,port4.0.9 | i

nclude Interface|input packets|output packets

Interface port3.0.13
    input packets 1306, bytes 111384, dropped 0, multicast packets 200
    output packets 396734, bytes 25633066, multicast packets 1301, broadcast packets 388964
Interface port1.0.2
    input packets 185988, bytes 11911371, dropped 0, multicast packets 113
    output packets 215020, bytes 13921304, multicast packets 1244, broadcast packets 209542
Interface port1.0.9
    input packets 185909, bytes 11898515, dropped 0, multicast packets 113
    output packets 202979, bytes 13169381, multicast packets 127, broadcast packets 12417
Interface port1.0.13
    input packets 45918, bytes 3164534, dropped 0, multicast packets 22257
    output packets 403175, bytes 26012358, multicast packets 21186, broadcast packets 378353
Interface port4.0.9
    input packets 1635, bytes 160632, dropped 0, multicast packets 97
    output packets 3145, bytes 308162, multicast packets 98, broadcast packets 212
### tcpdump logs
tcpdump: listening on eth2, link-type EN10MB (Ethernet), snapshot length 262144 bytes
0 packets captured
0 packets received by filter
0 packets dropped by kernel
tcpdump: listening on eth3, link-type EN10MB (Ethernet), snapshot length 262144 bytes
0 packets captured
0 packets received by filter
0 packets dropped by kernel
### captures
### /tmp/ckvlan3/18302/18302-b-rmc-eth2.pcap: 0 frames
### /tmp/ckvlan3/18302/18302-b-rmc-eth3.pcap: 0 frames
