### 16:48:35 18302 g-uu counters before
16:48:39 >>> show interface port3.0.13,port1.0.2,port1.0.9,port1.0.13,port4.0.9 | include Interface|input packets|output packets
show interface port3.0.13,port1.0.2,port1.0.9,port1.0.13,port4.0.9 | i

nclude Interface|input packets|output packets

Interface port3.0.13
    input packets 1706, bytes 145784, dropped 0, multicast packets 300
    output packets 397056, bytes 25665138, multicast packets 1305, broadcast packets 388964
Interface port1.0.2
    input packets 185992, bytes 11911639, dropped 0, multicast packets 117
    output packets 215541, bytes 13970505, multicast packets 1347, broadcast packets 209542
Interface port1.0.9
    input packets 185913, bytes 11898783, dropped 0, multicast packets 117
    output packets 203088, bytes 13180182, multicast packets 130, broadcast packets 12417
Interface port1.0.13
    input packets 46028, bytes 3175406, dropped 0, multicast packets 22261
    output packets 403591, bytes 26051030, multicast packets 21290, broadcast packets 378353
Interface port4.0.9
    input packets 1745, bytes 171500, dropped 0, multicast packets 101
    output packets 3561, bytes 346830, multicast packets 202, broadcast packets 212
16:48:43 sent 100 x ip10 src=00:00:00:00:01:10 dst=00:00:5e:00:53:ff vlan=None outer=None on eth1 in 0.52s
### 16:48:46 18302 g-uu counters after
16:48:51 >>> show interface port3.0.13,port1.0.2,port1.0.9,port1.0.13,port4.0.9 | include Interface|input packets|output packets
show interface port3.0.13,port1.0.2,port1.0.9,port1.0.13,port4.0.9 | i

nclude Interface|input packets|output packets

Interface port3.0.13
    input packets 1806, bytes 154384, dropped 0, multicast packets 300
    output packets 397089, bytes 25668438, multicast packets 1305, broadcast packets 388964
Interface port1.0.2
    input packets 185992, bytes 11911639, dropped 0, multicast packets 117
    output packets 215675, bytes 13982472, multicast packets 1348, broadcast packets 209542
Interface port1.0.9
    input packets 185913, bytes 11898783, dropped 0, multicast packets 117
    output packets 203100, bytes 13181349, multicast packets 131, broadcast packets 12417
Interface port1.0.13
    input packets 46039, bytes 3176506, dropped 0, multicast packets 22261
    output packets 403713, bytes 26061830, multicast packets 21290, broadcast packets 378353
Interface port4.0.9
    input packets 1756, bytes 172600, dropped 0, multicast packets 101
    output packets 3683, bytes 357630, multicast packets 202, broadcast packets 212
### tcpdump logs
tcpdump: listening on eth2, link-type EN10MB (Ethernet), snapshot length 262144 bytes
200 packets captured
200 packets received by filter
0 packets dropped by kernel
tcpdump: listening on eth3, link-type EN10MB (Ethernet), snapshot length 262144 bytes
100 packets captured
100 packets received by filter
0 packets dropped by kernel
### captures
### /tmp/ckvlan3/18302/18302-g-uu-eth2.pcap: 200 frames
    100  unmarked         tags=3993        type=0x0800 dst=00:00:5e:00:53:ff src=00:00:00:00:01:10
    100  unmarked         tags=3994        type=0x0800 dst=00:00:5e:00:53:ff src=00:00:00:00:01:10
### /tmp/ckvlan3/18302/18302-g-uu-eth3.pcap: 100 frames
    100  unmarked         tags=3991        type=0x0800 dst=00:00:5e:00:53:ff src=00:00:00:00:01:10
