### 16:48:11 18302 f-u114 counters before
16:48:16 >>> show interface port3.0.13,port1.0.2,port1.0.9,port1.0.13,port4.0.9 | include Interface|input packets|output packets
show interface port3.0.13,port1.0.2,port1.0.9,port1.0.13,port4.0.9 | i

nclude Interface|input packets|output packets

Interface port3.0.13
    input packets 1606, bytes 137184, dropped 0, multicast packets 300
    output packets 396986, bytes 25658170, multicast packets 1304, broadcast packets 388964
Interface port1.0.2
    input packets 185991, bytes 11911572, dropped 0, multicast packets 116
    output packets 215470, bytes 13963438, multicast packets 1346, broadcast packets 209542
Interface port1.0.9
    input packets 185912, bytes 11898716, dropped 0, multicast packets 116
    output packets 203064, bytes 13177815, multicast packets 129, broadcast packets 12417
Interface port1.0.13
    input packets 46004, bytes 3173038, dropped 0, multicast packets 22260
    output packets 403544, bytes 26046362, multicast packets 21289, broadcast packets 378353
Interface port4.0.9
    input packets 1721, bytes 169133, dropped 0, multicast packets 100
    output packets 3414, bytes 333563, multicast packets 201, broadcast packets 212
16:48:19 sent 100 x ip10 src=00:00:00:00:01:10 dst=00:00:00:00:01:40 vlan=None outer=None on eth1 in 0.49s
### 16:48:22 18302 f-u114 counters after
16:48:27 >>> show interface port3.0.13,port1.0.2,port1.0.9,port1.0.13,port4.0.9 | include Interface|input packets|output packets
show interface port3.0.13,port1.0.2,port1.0.9,port1.0.13,port4.0.9 | i

nclude Interface|input packets|output packets

Interface port3.0.13
    input packets 1706, bytes 145784, dropped 0, multicast packets 300
    output packets 397016, bytes 25661170, multicast packets 1304, broadcast packets 388964
Interface port1.0.2
    input packets 185991, bytes 11911572, dropped 0, multicast packets 116
    output packets 215502, bytes 13966605, multicast packets 1347, broadcast packets 209542
Interface port1.0.9
    input packets 185912, bytes 11898716, dropped 0, multicast packets 116
    output packets 203075, bytes 13178882, multicast packets 130, broadcast packets 12417
Interface port1.0.13
    input packets 46015, bytes 3174106, dropped 0, multicast packets 22261
    output packets 403565, bytes 26048430, multicast packets 21290, broadcast packets 378353
Interface port4.0.9
    input packets 1732, bytes 170200, dropped 0, multicast packets 101
    output packets 3534, bytes 344163, multicast packets 201, broadcast packets 212
### tcpdump logs
tcpdump: listening on eth2, link-type EN10MB (Ethernet), snapshot length 262144 bytes
100 packets captured
100 packets received by filter
0 packets dropped by kernel
tcpdump: listening on eth3, link-type EN10MB (Ethernet), snapshot length 262144 bytes
0 packets captured
0 packets received by filter
0 packets dropped by kernel
### captures
### /tmp/ckvlan3/18302/18302-f-u114-eth2.pcap: 100 frames
    100  unmarked         tags=3994        type=0x0800 dst=00:00:00:00:01:40 src=00:00:00:00:01:10
### /tmp/ckvlan3/18302/18302-f-u114-eth3.pcap: 0 frames
