### 16:47:23 18302 d-u112 counters before
16:47:28 >>> show interface port3.0.13,port1.0.2,port1.0.9,port1.0.13,port4.0.9 | include Interface|input packets|output packets
show interface port3.0.13,port1.0.2,port1.0.9,port1.0.13,port4.0.9 | i

nclude Interface|input packets|output packets

Interface port3.0.13
    input packets 1406, bytes 119984, dropped 0, multicast packets 300
    output packets 396843, bytes 25643934, multicast packets 1302, broadcast packets 388964
Interface port1.0.2
    input packets 185989, bytes 11911438, dropped 0, multicast packets 114
    output packets 215229, bytes 13940771, multicast packets 1345, broadcast packets 209542
Interface port1.0.9
    input packets 185910, bytes 11898582, dropped 0, multicast packets 114
    output packets 203016, bytes 13173048, multicast packets 128, broadcast packets 12417
Interface port1.0.13
    input packets 45956, bytes 3168270, dropped 0, multicast packets 22259
    output packets 403349, bytes 26028294, multicast packets 21288, broadcast packets 378353
Interface port4.0.9
    input packets 1673, bytes 164366, dropped 0, multicast packets 99
    output packets 3319, bytes 324096, multicast packets 200, broadcast packets 212
16:47:31 sent 100 x ip10 src=00:00:00:00:01:10 dst=00:00:00:00:01:20 vlan=None outer=None on eth1 in 0.52s
### 16:47:35 18302 d-u112 counters after
16:47:39 >>> show interface port3.0.13,port1.0.2,port1.0.9,port1.0.13,port4.0.9 | include Interface|input packets|output packets
show interface port3.0.13,port1.0.2,port1.0.9,port1.0.13,port4.0.9 | i

nclude Interface|input packets|output packets

Interface port3.0.13
    input packets 1506, bytes 128584, dropped 0, multicast packets 300
    output packets 396877, bytes 25647302, multicast packets 1303, broadcast packets 388964
Interface port1.0.2
    input packets 185990, bytes 11911505, dropped 0, multicast packets 115
    output packets 215362, bytes 13952671, multicast packets 1345, broadcast packets 209542
Interface port1.0.9
    input packets 185911, bytes 11898649, dropped 0, multicast packets 115
    output packets 203027, bytes 13174148, multicast packets 128, broadcast packets 12417
Interface port1.0.13
    input packets 45967, bytes 3169370, dropped 0, multicast packets 22259
    output packets 403371, bytes 26030494, multicast packets 21288, broadcast packets 378353
Interface port4.0.9
    input packets 1684, bytes 165466, dropped 0, multicast packets 99
    output packets 3341, bytes 326296, multicast packets 200, broadcast packets 212
### tcpdump logs
tcpdump: listening on eth2, link-type EN10MB (Ethernet), snapshot length 262144 bytes
0 packets captured
0 packets received by filter
0 packets dropped by kernel
tcpdump: listening on eth3, link-type EN10MB (Ethernet), snapshot length 262144 bytes
100 packets captured
100 packets received by filter
0 packets dropped by kernel
### captures
### /tmp/ckvlan3/18302/18302-d-u112-eth2.pcap: 0 frames
### /tmp/ckvlan3/18302/18302-d-u112-eth3.pcap: 100 frames
    100  unmarked         tags=3991        type=0x0800 dst=00:00:00:00:01:20 src=00:00:00:00:01:10
