### 16:43:20 pv b0a counters before
16:43:24 >>> show interface port3.0.13,port1.0.2,port1.0.9,port1.0.13,port4.0.9 | include Interface|input packets|output packets
show interface port3.0.13,port1.0.2,port1.0.9,port1.0.13,port4.0.9 | i

nclude Interface|input packets|output packets

Interface port3.0.13
    input packets 1006, bytes 89984, dropped 0, multicast packets 0
    output packets 396030, bytes 25564266, multicast packets 1286, broadcast packets 388864
Interface port1.0.2
    input packets 185881, bytes 11902302, dropped 0, multicast packets 106
    output packets 214208, bytes 13843103, multicast packets 1232, broadcast packets 209342
Interface port1.0.9
    input packets 185902, bytes 11898046, dropped 0, multicast packets 106
    output packets 202766, bytes 13148312, multicast packets 120, broadcast packets 12417
Interface port1.0.13
    input packets 45606, bytes 3134926, dropped 0, multicast packets 22251
    output packets 402559, bytes 25953746, multicast packets 21176, broadcast packets 378253
Interface port4.0.9
    input packets 1423, bytes 139630, dropped 0, multicast packets 91
    output packets 2529, bytes 249556, multicast packets 88, broadcast packets 12
16:43:28 sent 100 x ip10 src=00:00:00:00:01:30 dst=ff:ff:ff:ff:ff:ff vlan=3993 outer=None on eth2 in 0.52s
### 16:43:31 pv b0a counters after
16:43:35 >>> show interface port3.0.13,port1.0.2,port1.0.9,port1.0.13,port4.0.9 | include Interface|input packets|output packets
show interface port3.0.13,port1.0.2,port1.0.9,port1.0.13,port4.0.9 | i

nclude Interface|input packets|output packets

Interface port3.0.13
    input packets 1006, bytes 89984, dropped 0, multicast packets 0
    output packets 396164, bytes 25576234, multicast packets 1287, broadcast packets 388964
Interface port1.0.2
    input packets 185882, bytes 11902369, dropped 0, multicast packets 107
    output packets 214341, bytes 13855003, multicast packets 1232, broadcast packets 209442
Interface port1.0.9
    input packets 185903, bytes 11898113, dropped 0, multicast packets 107
    output packets 202777, bytes 13149412, multicast packets 120, broadcast packets 12417
Interface port1.0.13
    input packets 45717, bytes 3144626, dropped 0, multicast packets 22251
    output packets 402581, bytes 25955946, multicast packets 21176, broadcast packets 378253
Interface port4.0.9
    input packets 1434, bytes 140730, dropped 0, multicast packets 91
    output packets 2651, bytes 260356, multicast packets 88, broadcast packets 112
### tcpdump logs
tcpdump: listening on eth1, link-type EN10MB (Ethernet), snapshot length 262144 bytes
100 packets captured
100 packets received by filter
0 packets dropped by kernel
tcpdump: listening on eth2, link-type EN10MB (Ethernet), snapshot length 262144 bytes
100 packets captured
200 packets received by filter
0 packets dropped by kernel
tcpdump: listening on eth3, link-type EN10MB (Ethernet), snapshot length 262144 bytes
100 packets captured
100 packets received by filter
0 packets dropped by kernel
### captures
### /tmp/ckvlan3/pv/pv-b0a-eth1.pcap: 100 frames
    100  marker=b0a        tags=none        type=0x0800 dst=ff:ff:ff:ff:ff:ff src=00:00:00:00:01:30
### /tmp/ckvlan3/pv/pv-b0a-eth2.pcap: 100 frames
    100  marker=b0a        tags=3994        type=0x0800 dst=ff:ff:ff:ff:ff:ff src=00:00:00:00:01:30
### /tmp/ckvlan3/pv/pv-b0a-eth3.pcap: 100 frames
    100  marker=b0a        tags=3991        type=0x0800 dst=ff:ff:ff:ff:ff:ff src=00:00:00:00:01:30
