### 16:44:15 pv b0c counters before
16:44:20 >>> show interface port3.0.13,port1.0.2,port1.0.9,port1.0.13,port4.0.9 | include Interface|input packets|output packets
show interface port3.0.13,port1.0.2,port1.0.9,port1.0.13,port4.0.9 | i

nclude Interface|input packets|output packets

Interface port3.0.13
    input packets 1006, bytes 89984, dropped 0, multicast packets 0
    output packets 396294, bytes 25589202, multicast packets 1288, broadcast packets 388964
Interface port1.0.2
    input packets 185983, bytes 11911036, dropped 0, multicast packets 108
    output packets 214472, bytes 13868037, multicast packets 1234, broadcast packets 209442
Interface port1.0.9
    input packets 185904, bytes 11898180, dropped 0, multicast packets 108
    output packets 202822, bytes 13153846, multicast packets 122, broadcast packets 12417
Interface port1.0.13
    input packets 45761, bytes 3148994, dropped 0, multicast packets 22252
    output packets 402768, bytes 25973214, multicast packets 21177, broadcast packets 378253
Interface port4.0.9
    input packets 1478, bytes 145097, dropped 0, multicast packets 92
    output packets 2738, bytes 269023, multicast packets 89, broadcast packets 112
16:44:23 sent 100 x other src=00:00:00:00:01:10 dst=01:80:c2:00:00:00 vlan=None outer=None on eth1 in 0.42s
### 16:44:26 pv b0c counters after
16:44:31 >>> show interface port3.0.13,port1.0.2,port1.0.9,port1.0.13,port4.0.9 | include Interface|input packets|output packets
show interface port3.0.13,port1.0.2,port1.0.9,port1.0.13,port4.0.9 | i

nclude Interface|input packets|output packets

Interface port3.0.13
    input packets 1106, bytes 96384, dropped 0, multicast packets 100
    output packets 396330, bytes 25592802, multicast packets 1288, broadcast packets 388964
Interface port1.0.2
    input packets 185983, bytes 11911036, dropped 0, multicast packets 108
    output packets 214508, bytes 13871637, multicast packets 1234, broadcast packets 209442
Interface port1.0.9
    input packets 185904, bytes 11898180, dropped 0, multicast packets 108
    output packets 202834, bytes 13155046, multicast packets 122, broadcast packets 12417
Interface port1.0.13
    input packets 45774, bytes 3150262, dropped 0, multicast packets 22253
    output packets 402793, bytes 25975682, multicast packets 21178, broadcast packets 378253
Interface port4.0.9
    input packets 1491, bytes 146364, dropped 0, multicast packets 93
    output packets 2763, bytes 271490, multicast packets 90, broadcast packets 112
### tcpdump logs
tcpdump: listening on eth2, link-type EN10MB (Ethernet), snapshot length 262144 bytes
0 packets captured
0 packets received by filter
0 packets dropped by kernel
tcpdump: listening on eth3, link-type EN10MB (Ethernet), snapshot length 262144 bytes
0 packets captured
0 packets received by filter
0 packets dropped by kernel
### captures
### /tmp/ckvlan3/pv/pv-b0c-eth2.pcap: 0 frames
### /tmp/ckvlan3/pv/pv-b0c-eth3.pcap: 0 frames
