### 16:43:44 pv b0b counters before
16:43:48 >>> show interface port3.0.13,port1.0.2,port1.0.9,port1.0.13,port4.0.9 | include Interface|input packets|output packets
show interface port3.0.13,port1.0.2,port1.0.9,port1.0.13,port4.0.9 | i

nclude Interface|input packets|output packets

Interface port3.0.13
    input packets 1006, bytes 89984, dropped 0, multicast packets 0
    output packets 396203, bytes 25580134, multicast packets 1287, broadcast packets 388964
Interface port1.0.2
    input packets 185882, bytes 11902369, dropped 0, multicast packets 107
    output packets 214381, bytes 13858970, multicast packets 1233, broadcast packets 209442
Interface port1.0.9
    input packets 185903, bytes 11898113, dropped 0, multicast packets 107
    output packets 202791, bytes 13150779, multicast packets 121, broadcast packets 12417
Interface port1.0.13
    input packets 45730, bytes 3145926, dropped 0, multicast packets 22251
    output packets 402607, bytes 25958546, multicast packets 21176, broadcast packets 378253
Interface port4.0.9
    input packets 1447, bytes 142030, dropped 0, multicast packets 91
    output packets 2677, bytes 262956, multicast packets 88, broadcast packets 112
16:43:52 sent 100 x ip10 src=00:00:00:00:01:20 dst=00:00:00:00:01:30 vlan=3991 outer=None on eth3 in 0.52s
### 16:43:55 pv b0b counters after
16:43:59 >>> show interface port3.0.13,port1.0.2,port1.0.9,port1.0.13,port4.0.9 | include Interface|input packets|output packets
show interface port3.0.13,port1.0.2,port1.0.9,port1.0.13,port4.0.9 | i

nclude Interface|input packets|output packets

Interface port3.0.13
    input packets 1006, bytes 89984, dropped 0, multicast packets 0
    output packets 396233, bytes 25583134, multicast packets 1287, broadcast packets 388964
Interface port1.0.2
    input packets 185982, bytes 11910969, dropped 0, multicast packets 107
    output packets 214411, bytes 13861970, multicast packets 1233, broadcast packets 209442
Interface port1.0.9
    input packets 185903, bytes 11898113, dropped 0, multicast packets 107
    output packets 202801, bytes 13151779, multicast packets 121, broadcast packets 12417
Interface port1.0.13
    input packets 45741, bytes 3146994, dropped 0, multicast packets 22252
    output packets 402728, bytes 25969214, multicast packets 21177, broadcast packets 378253
Interface port4.0.9
    input packets 1458, bytes 143097, dropped 0, multicast packets 92
    output packets 2698, bytes 265023, multicast packets 89, broadcast packets 112
### tcpdump logs
tcpdump: listening on eth1, link-type EN10MB (Ethernet), snapshot length 262144 bytes
0 packets captured
0 packets received by filter
0 packets dropped by kernel
tcpdump: listening on eth2, link-type EN10MB (Ethernet), snapshot length 262144 bytes
100 packets captured
100 packets received by filter
0 packets dropped by kernel
tcpdump: listening on eth3, link-type EN10MB (Ethernet), snapshot length 262144 bytes
0 packets captured
100 packets received by filter
0 packets dropped by kernel
### captures
### /tmp/ckvlan3/pv/pv-b0b-eth1.pcap: 0 frames
### /tmp/ckvlan3/pv/pv-b0b-eth2.pcap: 100 frames
    100  marker=b0b        tags=3993        type=0x0800 dst=00:00:00:00:01:30 src=00:00:00:00:01:20
### /tmp/ckvlan3/pv/pv-b0b-eth3.pcap: 0 frames
