16:45:01 >>> configure terminal
Enter configuration commands, one per line.  End with CNTL/Z.
16:45:02 >>> interface port3.0.13
16:45:03 >>> no switchport access vlan
16:45:04 >>> interface port1.0.2
16:45:05 >>> no switchport access vlan
16:45:06 >>> interface port1.0.13
16:45:07 >>> no switchport access vlan
16:45:09 >>> interface port4.0.9
16:45:10 >>> no switchport access vlan
16:45:11 >>> exit
16:45:12 >>> vlan database
16:45:13 >>> no vlan 3979
16:45:14 >>> vlan 3980 name ck-pv-primary
16:45:16 >>> vlan 3981 name ck-pv-isolated
16:45:17 >>> private-vlan 3980 primary
16:45:18 >>> private-vlan 3981 isolated
16:45:19 >>> private-vlan 3980 association add 3981
16:45:20 >>> exit
16:45:21 >>> interface port3.0.13
16:45:22 >>> switchport mode private-vlan promiscuous
16:45:24 >>> switchport private-vlan mapping 3980 add 3981
16:45:25 >>> interface port1.0.2
16:45:26 >>> switchport mode private-vlan host
16:45:27 >>> switchport private-vlan host-association 3980 add 3981
16:45:28 >>> interface port1.0.13
16:45:29 >>> switchport mode private-vlan host
16:45:31 >>> switchport private-vlan host-association 3980 add 3981
16:45:32 >>> interface port4.0.9
16:45:33 >>> switchport mode private-vlan host
16:45:34 >>> switchport private-vlan host-association 3980 add 3981
16:45:35 >>> interface vlan3980
16:45:36 >>> ip address 192.168.100.254/24
16:45:37 >>> exit
16:45:39 >>> arp 192.168.100.1 0000.0000.0110 port3.0.13
16:45:40 >>> arp 192.168.100.2 0000.0000.0120 port1.0.2
16:45:41 >>> arp 192.168.100.3 0000.0000.0130 port1.0.13
16:45:42 >>> arp 192.168.100.4 0000.0000.0140 port4.0.9
16:45:43 >>> end
16:45:44 >>> show vlan private-vlan
PRIMARY       SECONDARY          TYPE         INTERFACES
 -------       ---------        ----------     ----------
    3980            3981          isolated     port3.0.13 port1.0.2 port1.0.13 
                                               port4.0.9
16:45:46 >>> show vlan brief | include 399|398
3980    ck-pv-primary    STATIC  ACTIVE  port3.0.13(u) 
3981    ck-pv-isolated   STATIC  ACTIVE  port1.0.2(u) port1.0.13(u) 
3991    VLAN3991         STATIC  ACTIVE  
3992    VLAN3992         STATIC  ACTIVE  port1.0.9(u) 
3993    VLAN3993         STATIC  ACTIVE  
3994    VLAN3994         STATIC  ACTIVE
16:45:47 >>> show running-config interface port3.0.13
!
interface port3.0.13
 switchport
 switchport mode access
 switchport access vlan 3980
 switchport mode private-vlan promiscuous 
 switchport private-vlan mapping 3980 add 3981 
!
16:45:49 >>> show running-config interface port1.0.2
!
interface port1.0.2
 switchport
 switchport mode access
 switchport access vlan 3981
 switchport mode private-vlan host 
 switchport private-vlan host-association 3980 add 3981 
!
16:45:50 >>> show running-config interface port1.0.13
!
interface port1.0.13
 switchport
 switchport mode access
 switchport access vlan 3981
 switchport mode private-vlan host 
 switchport private-vlan host-association 3980 add 3981 
!
16:45:52 >>> show running-config interface port4.0.9
!
interface port4.0.9
 switchport
 switchport mode access
 switchport access vlan 3981
 switchport mode private-vlan host 
 switchport private-vlan host-association 3980 add 3981 
!
16:45:53 >>> show arp
IP Address      LL Address       Interface            Port        Type
192.168.100.4   0000.0000.0140   vlan3980             port4.0.9   static   
192.168.100.2   0000.0000.0120   vlan3980             port1.0.2   static   
192.168.100.3   0000.0000.0130   vlan3980             port1.0.13  static   
192.168.100.1   0000.0000.0110   vlan3980             port3.0.13  static
16:45:54 >>> show mac address-table | include 0000.0000.01
3980 port3.0.13   0000.0000.0110   forward       static 
3980 port1.0.2    0000.0000.0120   forward       static 
3980 port1.0.13   0000.0000.0130   forward       static 
3980 port4.0.9    0000.0000.0140   forward       static 
3981 port3.0.13   0000.0000.0110   forward       static 
3981 port1.0.2    0000.0000.0120   forward       static 
3981 port1.0.13   0000.0000.0130   forward       static 
3981 port4.0.9    0000.0000.0140   forward       static
