16:42:50 >>> configure terminal
Enter configuration commands, one per line.  End with CNTL/Z.
16:42:52 >>> vlan database
16:42:53 >>> vlan 3979 name ck-pv-baseline
16:42:54 >>> exit
16:42:55 >>> interface port3.0.13
16:42:56 >>> switchport access vlan 3979
16:42:57 >>> interface port1.0.2
16:42:59 >>> switchport access vlan 3979
16:43:00 >>> interface port1.0.13
16:43:01 >>> switchport access vlan 3979
16:43:02 >>> interface port4.0.9
16:43:03 >>> switchport access vlan 3979
16:43:04 >>> end
16:43:05 >>> show vlan brief | include 399|3979
3979    ck-pv-baseline   STATIC  ACTIVE  port1.0.2(u) port1.0.13(u) 
3991    VLAN3991         STATIC  ACTIVE  
3992    VLAN3992         STATIC  ACTIVE  port1.0.9(u) 
3993    VLAN3993         STATIC  ACTIVE  
3994    VLAN3994         STATIC  ACTIVE
