self-test OK: 'show clock ?' then Ctrl-U then CR executed nothing
16:53:00 >>> configure terminal
Enter configuration commands, one per line.  End with CNTL/Z.
16:53:01 >>> vlan database

16:53:03 >>> no private-vlan ?
no private-vlan ?
  <1-4094>  Add, delete, or modify values associated with a single VLAN

[K[39CIE520-stk(config-vlan)#no private-vlan 
16:53:06 >>> no private-vlan 3980 ?
no private-vlan 3980 ?
  association  Association to secondary VLAN
  community    Reset VLAN type from community VLAN to default
  isolated     Reset VLAN type from isolated VLAN to default
  primary      Reset VLAN type from primary VLAN to default
  ufo          Reset VLAN type from upstream forwarding only to default

[K[44CIE520-stk(config-vlan)#no private-vlan 3980 
16:53:08 >>> private-vlan 3980 association remove ?
private-vlan 3980 association remove ?
  VLAN_ID  Secondary VLAN ID

[K[60CIE520-stk(config-vlan)#private-vlan 3980 association remove 
