T22651 run 1 -- working log (bench-runner) -- clean
=====================================================================================
Case:      AWPTCM-T22651 "S2166.1.10, S2166.1.11, S2166.1.12 - modbus -  read Sensor information" (ck.db, Draft,
           /Modbus/Proj 2166 Modbus Support). Objective: "Able to retrieve sensor information and compares with
           apteryx -t /platform/environment/boards/Base/sensors show sys env for converting sensor reading use the
           online tools: (require to convert for big endian)". 5 steps, no precondition.
Run:       2026-10-08 13:19:36-13:20:32 NZDT (DUT clock UTC; offset 0)
Session:   tb470; consoles u2,u4,u5 (this case drove u5 only); Test Engineer terrenceb@terrenceb-dl; PDU 10.36.150.14
           (u2=6, u4=4, u5=5); constraints "Run now, no power cycles". Sentinel = parent (device-testing-8a).
           Queue row 1, case 2 of 6.
Tester:    bench-runner, by hand: tools/ckcon.py /dev/u5 115200 /tmp/modbus-1008/console-u5.log --stop-on-error;
           tools/mb.py --host 10.38.215.10 --log /tmp/modbus-1008/mb-22651.log --slave <u> read ...;
           tools/rc2cfg.py; tools/rcdiff.py. Driver work/22651.sh (setup|steps|teardown); stdout work/22651.out;
           client trace work/mb-22651.log.
Gates:     as T22650 run 1 (precheck CLEAR 13:10, probe 13:12 exit 4 = u2/u4 login_failed, sent as NEEDS TEST
           ENGINEER; u5 master; eth1 -> port3.0.13; boot config flash:/tb470-bench.cfg). Pre-case running-config =
           group baseline (T22650 teardown diffed IDENTICAL at 13:18).

TOPOLOGY AS TESTED
  DUT   : stk_a IE520-stk (AT-IE520-28GSX VCStack): member 1 swi_a S/N 264A23061 MAC 84e3.2787.0ac0 Backup (u2);
          member 2 Provisioned only; member 3 swi_c S/N 264A23066 MAC 84e3.2787.0740 Active Master (u5, driven);
          member 4 swi_d S/N 264A23052 MAC 84e3.2787.09c0 Backup (u4). main-calanm (IE520-tb470.rel, built
          Tue Oct 6 19:44:28 UTC 2026), bootloader 9.2.0. vlan1 10.38.215.10/27.
  host  : tb470 eth1 10.38.215.1/27 -> stk_a port3.0.13 (1000BASE-T, VLAN 1). Modbus/TCP 502.
  config: 22651/stk_a.cfg (running-config after setup; startup not written)

STEP 0 -- baseline 13:19:41-13:19:43                                                               done
IE520-stk# show stack -> 1 Ready Backup / 2 Provisioned / 3 Ready Active Master / 4 Ready Backup
IE520-stk# show scada modbus tcp server -> MODBUS is disabled
host$ mb.py probe -> Connection refused (CONNECT 10.38.215.10:502 -> FAILED)

SETUP 13:19:48-13:19:53                                                                            done
IE520-stk(config)# scada modbus tcp server
IE520-stk# show scada modbus tcp server -> MODBUS is enabled / Write access: disabled / Port : 502
IE520-stk# show running-config | include scada -> scada modbus tcp server
Saved 22651/stk_a.cfg (rc2cfg.py; 186 config lines).

CLI REFERENCE -- show system environment, 13:20:07 (identical re-read 13:20:18)
  member 1: 1 Temp: System (Degrees C) 48 Ok | 2 Almmon: LED Output No Ok | 3 Almmon: Relay Output 1 Open Ok |
            4 Power Input 1 Yes Ok | 5 Power Input 2 No Ok
  member 3: 1 Temp 42 Ok | 2 LED Output No Ok | 3 Relay Output 1 Closed Ok | 4 Power Input 1 No Ok | 5 Power Input 2 Yes Ok
  member 4: 1 Temp 44 Ok | 2 LED Output No Ok | 3 Relay Output 1 Open Ok | 4 Power Input 1 Yes Ok | 5 Power Input 2 No Ok

STEPS 1-5 -- unit id = stack member (TX bytes in work/mb-22651.log). Big-endian float = 2 words.
 unit 1 (member 1), 13:20:08-13:20:09:
  step 1  READ 0x1000 x1 ENUM  -> ['0x0002'] 2                     sensor #1 type 2 (temperature)
  step 2  READ 0x1001 x2 FLOAT -> ['0x4240','0x0000'] 48.0         = CLI "Temp: System (Degrees C) 48"
  step 3  READ 0x1003 x1 ENUM  -> ['0x0002'] 2                     units 2 (Degrees C)
  step 4  READ 0x1004 x1 UINT  -> ['0x0000'] 0                     = CLI Status "Ok"
  step 5  READ 0x1005 x1 ENUM  -> 11 · 0x1006 x2 FLOAT -> 0.0 · 0x1008 -> 0 · 0x1009 -> 0
                                                                    = sensor #2 "Almmon: LED Output No", no units, Ok
  block   READ 0x1000 x25 RAW  -> [2, 0x4240 0x0000, 2, 0 | 11, 0x0000 0x0000, 0, 0 | 10, 0x3f80 0x0000, 0, 0 |
                                   7, 0x3f80 0x0000, 0, 0 | 7, 0x0000 0x0000, 0, 0]
          = #3 type 10 Relay Output 1 = 1.0 (CLI Open), #4 type 7 Power Input 1 = 1.0 (Yes), #5 Power Input 2 = 0.0 (No)
  past    READ 0x1019 x5 -> EXCEPTION (exactly 5 sensors)
 unit 3 (member 3), 13:20:09-13:20:10:
  step 1 -> 2 · step 2 -> ['0x4228','0x0000'] 42.0 = CLI 42 · step 3 -> 2 · step 4 -> 0 (Ok)
  step 5 -> type 11, 0.0 (LED Output No), units 0, status 0
  block  -> #3 Relay = 0.0 (CLI Closed), #4 Power Input 1 = 0.0 (No), #5 Power Input 2 = 0x3f80 = 1.0 (Yes); past-end EXCEPTION
 unit 4 (member 4), 13:20:10-13:20:11:
  step 1 -> 2 · step 2 -> ['0x4230','0x0000'] 44.0 = CLI 44 · step 3 -> 2 · step 4 -> 0 (Ok)
  step 5 -> type 11, 0.0, 0, 0
  block  -> Relay 1.0 (Open), Power Input 1 1.0 (Yes), Power Input 2 0.0 (No); past-end EXCEPTION
 unit 0, 13:20:11-13:20:12: every value = unit 3's (unit 0 serves the master's per-member block); past-end EXCEPTION.
 Server statistics 13:20:19 (cumulative since 13:16, the counters survived T22650's disable): holding registers
  80 (40 this case), illegal data address 2, illegal data value 5 (both from T22650), slave device failure 4
  (the four past-end 0x1019 reads of this case).

STEP VERDICTS
  1 #1 Sensor Type .......... PASS  (type 2 on members 1, 3, 4: the temperature sensor, the one with units)
  2 #1 Sensor Reading ....... PASS  (48.0 / 42.0 / 44.0 big-endian float = CLI 48 / 42 / 44 per member)
  3 #1 Sensor Units ......... PASS  (2 = Degrees C, the only sensor with units in the CLI)
  4 #1 Sensor Fault Status .. PASS  (0 on each = CLI "Ok")
  5 #2 sensor ............... PASS  (type 11, reading 0.0 = "LED Output No", units 0, status 0 = Ok, on each member;
                                     sensors 3-5 also equal the CLI, including member 3's inverted Relay/Power readings)

TEARDOWN 13:20:25-13:20:32
IE520-stk(config)# no scada modbus tcp server
IE520-stk# show scada modbus tcp server -> MODBUS is disabled; show running-config | include scada -> (empty)
host$ mb.py probe -> Connection refused
rcdiff.py baseline-rc.out 22651-rc-after-teardown.out -> no output = IDENTICAL. Nothing written to startup; no
reload; no PDU. u5 at exec, terminal no monitor.

VERDICT: PASS -- sensor #1 and #2 type/reading/units/status registers equal show system environment on members 1, 3, 4 (floats big-endian), and sensors 3-5 agree too
