23:50:16: ================ PowerGroup has been initialised ================
23:50:16: ======== Turning PowerGroup on
23:50:16: PowerGroup._pdu_cmd(on, [1], 3) called
23:50:16: Waiting for pdu lock
23:50:16: ...lock acquired
23:50:16: Power outlets are already in the desired state
23:50:16: ...lock released
23:50:16: Turning PowerGroup on: Success
23:57:59: ========= TestCase 7 Starting =========
23:58:05: ======== Turning PowerGroup off
23:58:05: PowerGroup._pdu_cmd(off, [1], 3) called
23:58:05: Waiting for pdu lock
23:58:05: ...lock acquired
23:58:05: HTTP POST was successfully executed
23:58:06: PowerGroup._pdu_cmd(status, [1], 3) called
23:58:06: Waiting for pdu lock
23:58:06: ...lock acquired
23:58:06: Current outlet status: {1: '0', 2: '1', 3: '1', 4: '1', 5: '1', 6: '1', 7: '1', 8: '1', 9: '1', 10: '0', 11: '0', 12: '0', 13: '0', 14: '0', 15: '0', 16: '0', 17: '1', 18: '0', 19: '0', 20: '0', 21: '0', 22: '0', 23: '0', 24: '0', 25: '0'}
23:58:06: ...lock released
23:58:06: Power outlets have been successfully turned off
23:58:06: ...lock released
23:58:06: Turning PowerGroup off: Success
23:58:22: ======== Turning PowerGroup on
23:58:22: PowerGroup._pdu_cmd(on, [1], 3) called
23:58:22: Waiting for pdu lock
23:58:22: ...lock acquired
23:58:22: Sleep 0 seconds to work around the x610 power supply issue
23:58:22: HTTP POST was successfully executed
23:58:25: PowerGroup._pdu_cmd(status, [1], 3) called
23:58:25: Waiting for pdu lock
23:58:25: ...lock acquired
23:58:25: Current outlet status: {1: '1', 2: '1', 3: '1', 4: '1', 5: '1', 6: '1', 7: '1', 8: '1', 9: '1', 10: '0', 11: '0', 12: '0', 13: '0', 14: '0', 15: '0', 16: '0', 17: '1', 18: '0', 19: '0', 20: '0', 21: '0', 22: '0', 23: '0', 24: '0', 25: '0'}
23:58:25: ...lock released
23:58:25: Power outlets have been successfully turned on
23:58:25: ...lock released
23:58:25: Turning PowerGroup on: Success
00:00:12: ======== Turning PowerGroup off
00:00:12: PowerGroup._pdu_cmd(off, [1], 3) called
00:00:12: Waiting for pdu lock
00:00:12: ...lock acquired
00:00:12: HTTP POST was successfully executed
00:00:13: PowerGroup._pdu_cmd(status, [1], 3) called
00:00:13: Waiting for pdu lock
00:00:13: ...lock acquired
00:00:13: Current outlet status: {1: '0', 2: '1', 3: '1', 4: '1', 5: '1', 6: '1', 7: '1', 8: '1', 9: '1', 10: '0', 11: '0', 12: '0', 13: '0', 14: '0', 15: '0', 16: '0', 17: '1', 18: '0', 19: '0', 20: '0', 21: '0', 22: '0', 23: '0', 24: '0', 25: '0'}
00:00:13: ...lock released
00:00:13: Power outlets have been successfully turned off
00:00:13: ...lock released
00:00:13: Turning PowerGroup off: Success
00:00:29: ======== Turning PowerGroup on
00:00:29: PowerGroup._pdu_cmd(on, [1], 3) called
00:00:29: Waiting for pdu lock
00:00:29: ...lock acquired
00:00:29: Sleep 0 seconds to work around the x610 power supply issue
00:00:29: HTTP POST was successfully executed
00:00:32: PowerGroup._pdu_cmd(status, [1], 3) called
00:00:32: Waiting for pdu lock
00:00:32: ...lock acquired
00:00:32: Current outlet status: {1: '1', 2: '1', 3: '1', 4: '1', 5: '1', 6: '1', 7: '1', 8: '1', 9: '1', 10: '0', 11: '0', 12: '0', 13: '0', 14: '0', 15: '0', 16: '0', 17: '1', 18: '0', 19: '0', 20: '0', 21: '0', 22: '0', 23: '0', 24: '0', 25: '0'}
00:00:32: ...lock released
00:00:32: Power outlets have been successfully turned on
00:00:32: ...lock released
00:00:32: Turning PowerGroup on: Success
00:01:55: ======== Turning PowerGroup off
00:01:55: PowerGroup._pdu_cmd(off, [1], 3) called
00:01:55: Waiting for pdu lock
00:01:55: ...lock acquired
00:01:56: HTTP POST was successfully executed
00:01:57: PowerGroup._pdu_cmd(status, [1], 3) called
00:01:57: Waiting for pdu lock
00:01:57: ...lock acquired
00:01:57: Current outlet status: {1: '0', 2: '1', 3: '1', 4: '1', 5: '1', 6: '1', 7: '1', 8: '1', 9: '1', 10: '0', 11: '0', 12: '0', 13: '0', 14: '0', 15: '0', 16: '0', 17: '1', 18: '0', 19: '0', 20: '0', 21: '0', 22: '0', 23: '0', 24: '0', 25: '0'}
00:01:57: ...lock released
00:01:57: Power outlets have been successfully turned off
00:01:57: ...lock released
00:01:57: Turning PowerGroup off: Success
00:02:14: ======== Turning PowerGroup on
00:02:14: PowerGroup._pdu_cmd(on, [1], 3) called
00:02:14: Waiting for pdu lock
00:02:14: ...lock acquired
00:02:14: Sleep 0 seconds to work around the x610 power supply issue
00:02:14: HTTP POST was successfully executed
00:02:17: PowerGroup._pdu_cmd(status, [1], 3) called
00:02:17: Waiting for pdu lock
00:02:17: ...lock acquired
00:02:17: Current outlet status: {1: '1', 2: '1', 3: '1', 4: '1', 5: '1', 6: '1', 7: '1', 8: '1', 9: '1', 10: '0', 11: '0', 12: '0', 13: '0', 14: '0', 15: '0', 16: '0', 17: '1', 18: '0', 19: '0', 20: '0', 21: '0', 22: '0', 23: '0', 24: '0', 25: '0'}
00:02:17: ...lock released
00:02:17: Power outlets have been successfully turned on
00:02:17: ...lock released
00:02:17: Turning PowerGroup on: Success
00:08:42: ======== Turning PowerGroup off
00:08:42: PowerGroup._pdu_cmd(off, [1], 3) called
00:08:42: Waiting for pdu lock
00:08:42: ...lock acquired
00:08:43: HTTP POST was successfully executed
00:08:44: PowerGroup._pdu_cmd(status, [1], 3) called
00:08:44: Waiting for pdu lock
00:08:44: ...lock acquired
00:08:44: Current outlet status: {1: '0', 2: '1', 3: '1', 4: '1', 5: '1', 6: '1', 7: '1', 8: '1', 9: '1', 10: '0', 11: '0', 12: '0', 13: '0', 14: '0', 15: '0', 16: '0', 17: '1', 18: '0', 19: '0', 20: '0', 21: '0', 22: '0', 23: '0', 24: '0', 25: '0'}
00:08:44: ...lock released
00:08:44: Power outlets have been successfully turned off
00:08:44: ...lock released
00:08:44: Turning PowerGroup off: Success
00:09:00: ======== Turning PowerGroup on
00:09:00: PowerGroup._pdu_cmd(on, [1], 3) called
00:09:00: Waiting for pdu lock
00:09:00: ...lock acquired
00:09:00: Sleep 0 seconds to work around the x610 power supply issue
00:09:00: HTTP POST was successfully executed
00:09:03: PowerGroup._pdu_cmd(status, [1], 3) called
00:09:03: Waiting for pdu lock
00:09:03: ...lock acquired
00:09:03: Current outlet status: {1: '1', 2: '1', 3: '1', 4: '1', 5: '1', 6: '1', 7: '1', 8: '1', 9: '1', 10: '0', 11: '0', 12: '0', 13: '0', 14: '0', 15: '0', 16: '0', 17: '1', 18: '0', 19: '0', 20: '0', 21: '0', 22: '0', 23: '0', 24: '0', 25: '0'}
00:09:03: ...lock released
00:09:03: Power outlets have been successfully turned on
00:09:03: ...lock released
00:09:03: Turning PowerGroup on: Success
00:12:59: ======== Turning PowerGroup off
00:12:59: PowerGroup._pdu_cmd(off, [1], 3) called
00:12:59: Waiting for pdu lock
00:12:59: ...lock acquired
00:12:59: HTTP POST was successfully executed
00:13:00: PowerGroup._pdu_cmd(status, [1], 3) called
00:13:00: Waiting for pdu lock
00:13:00: ...lock acquired
00:13:00: Current outlet status: {1: '0', 2: '1', 3: '1', 4: '1', 5: '1', 6: '1', 7: '1', 8: '1', 9: '1', 10: '0', 11: '0', 12: '0', 13: '0', 14: '0', 15: '0', 16: '0', 17: '1', 18: '0', 19: '0', 20: '0', 21: '0', 22: '0', 23: '0', 24: '0', 25: '0'}
00:13:00: ...lock released
00:13:00: Power outlets have been successfully turned off
00:13:00: ...lock released
00:13:00: Turning PowerGroup off: Success
00:13:16: ======== Turning PowerGroup on
00:13:16: PowerGroup._pdu_cmd(on, [1], 3) called
00:13:16: Waiting for pdu lock
00:13:16: ...lock acquired
00:13:16: Sleep 0 seconds to work around the x610 power supply issue
00:13:16: HTTP POST was successfully executed
00:13:19: PowerGroup._pdu_cmd(status, [1], 3) called
00:13:19: Waiting for pdu lock
00:13:19: ...lock acquired
00:13:19: Current outlet status: {1: '1', 2: '1', 3: '1', 4: '1', 5: '1', 6: '1', 7: '1', 8: '1', 9: '1', 10: '0', 11: '0', 12: '0', 13: '0', 14: '0', 15: '0', 16: '0', 17: '1', 18: '0', 19: '0', 20: '0', 21: '0', 22: '0', 23: '0', 24: '0', 25: '0'}
00:13:19: ...lock released
00:13:19: Power outlets have been successfully turned on
00:13:19: ...lock released
00:13:19: Turning PowerGroup on: Success
00:14:45: ======== Turning PowerGroup off
00:14:45: PowerGroup._pdu_cmd(off, [1], 3) called
00:14:45: Waiting for pdu lock
00:14:45: ...lock acquired
00:14:45: HTTP POST was successfully executed
00:14:46: PowerGroup._pdu_cmd(status, [1], 3) called
00:14:46: Waiting for pdu lock
00:14:46: ...lock acquired
00:14:46: Current outlet status: {1: '0', 2: '1', 3: '1', 4: '1', 5: '1', 6: '1', 7: '1', 8: '1', 9: '1', 10: '0', 11: '0', 12: '0', 13: '0', 14: '0', 15: '0', 16: '0', 17: '1', 18: '0', 19: '0', 20: '0', 21: '0', 22: '0', 23: '0', 24: '0', 25: '0'}
00:14:46: ...lock released
00:14:46: Power outlets have been successfully turned off
00:14:46: ...lock released
00:14:46: Turning PowerGroup off: Success
00:15:02: ======== Turning PowerGroup on
00:15:02: PowerGroup._pdu_cmd(on, [1], 3) called
00:15:02: Waiting for pdu lock
00:15:02: ...lock acquired
00:15:02: Sleep 0 seconds to work around the x610 power supply issue
00:15:02: HTTP POST was successfully executed
00:15:05: PowerGroup._pdu_cmd(status, [1], 3) called
00:15:05: Waiting for pdu lock
00:15:05: ...lock acquired
00:15:05: Current outlet status: {1: '1', 2: '1', 3: '1', 4: '1', 5: '1', 6: '1', 7: '1', 8: '1', 9: '1', 10: '0', 11: '0', 12: '0', 13: '0', 14: '0', 15: '0', 16: '0', 17: '1', 18: '0', 19: '0', 20: '0', 21: '0', 22: '0', 23: '0', 24: '0', 25: '0'}
00:15:05: ...lock released
00:15:05: Power outlets have been successfully turned on
00:15:05: ...lock released
00:15:05: Turning PowerGroup on: Success
00:21:44: ======== Turning PowerGroup off
00:21:44: PowerGroup._pdu_cmd(off, [1], 3) called
00:21:44: Waiting for pdu lock
00:21:44: ...lock acquired
00:21:44: HTTP POST was successfully executed
00:21:45: PowerGroup._pdu_cmd(status, [1], 3) called
00:21:45: Waiting for pdu lock
00:21:45: ...lock acquired
00:21:45: Current outlet status: {1: '0', 2: '1', 3: '1', 4: '1', 5: '1', 6: '1', 7: '1', 8: '1', 9: '1', 10: '0', 11: '0', 12: '0', 13: '0', 14: '0', 15: '0', 16: '0', 17: '1', 18: '0', 19: '0', 20: '0', 21: '0', 22: '0', 23: '0', 24: '0', 25: '0'}
00:21:45: ...lock released
00:21:45: Power outlets have been successfully turned off
00:21:45: ...lock released
00:21:45: Turning PowerGroup off: Success
00:22:01: ======== Turning PowerGroup on
00:22:01: PowerGroup._pdu_cmd(on, [1], 3) called
00:22:01: Waiting for pdu lock
00:22:01: ...lock acquired
00:22:01: Sleep 0 seconds to work around the x610 power supply issue
00:22:01: HTTP POST was successfully executed
00:22:04: PowerGroup._pdu_cmd(status, [1], 3) called
00:22:04: Waiting for pdu lock
00:22:04: ...lock acquired
00:22:04: Current outlet status: {1: '1', 2: '1', 3: '1', 4: '1', 5: '1', 6: '1', 7: '1', 8: '1', 9: '1', 10: '0', 11: '0', 12: '0', 13: '0', 14: '0', 15: '0', 16: '0', 17: '1', 18: '0', 19: '0', 20: '0', 21: '0', 22: '0', 23: '0', 24: '0', 25: '0'}
00:22:04: ...lock released
00:22:05: Power outlets have been successfully turned on
00:22:05: ...lock released
00:22:05: Turning PowerGroup on: Success
00:23:18: ======== Turning PowerGroup off
00:23:18: PowerGroup._pdu_cmd(off, [1], 3) called
00:23:18: Waiting for pdu lock
00:23:18: ...lock acquired
00:23:18: HTTP POST was successfully executed
00:23:19: PowerGroup._pdu_cmd(status, [1], 3) called
00:23:19: Waiting for pdu lock
00:23:19: ...lock acquired
00:23:19: Current outlet status: {1: '0', 2: '1', 3: '1', 4: '1', 5: '1', 6: '1', 7: '1', 8: '1', 9: '1', 10: '0', 11: '0', 12: '0', 13: '0', 14: '0', 15: '0', 16: '0', 17: '1', 18: '0', 19: '0', 20: '0', 21: '0', 22: '0', 23: '0', 24: '0', 25: '0'}
00:23:19: ...lock released
00:23:19: Power outlets have been successfully turned off
00:23:19: ...lock released
00:23:19: Turning PowerGroup off: Success
00:23:35: ======== Turning PowerGroup on
00:23:35: PowerGroup._pdu_cmd(on, [1], 3) called
00:23:35: Waiting for pdu lock
00:23:35: ...lock acquired
00:23:36: Sleep 0 seconds to work around the x610 power supply issue
00:23:36: HTTP POST was successfully executed
00:23:39: PowerGroup._pdu_cmd(status, [1], 3) called
00:23:39: Waiting for pdu lock
00:23:39: ...lock acquired
00:23:39: Current outlet status: {1: '1', 2: '1', 3: '1', 4: '1', 5: '1', 6: '1', 7: '1', 8: '1', 9: '1', 10: '0', 11: '0', 12: '0', 13: '0', 14: '0', 15: '0', 16: '0', 17: '1', 18: '0', 19: '0', 20: '0', 21: '0', 22: '0', 23: '0', 24: '0', 25: '0'}
00:23:39: ...lock released
00:23:39: Power outlets have been successfully turned on
00:23:39: ...lock released
00:23:39: Turning PowerGroup on: Success
00:28:07: ======== Turning PowerGroup off
00:28:07: PowerGroup._pdu_cmd(off, [1], 3) called
00:28:07: Waiting for pdu lock
00:28:07: ...lock acquired
00:28:07: HTTP POST was successfully executed
00:28:08: PowerGroup._pdu_cmd(status, [1], 3) called
00:28:08: Waiting for pdu lock
00:28:08: ...lock acquired
00:28:09: Current outlet status: {1: '0', 2: '1', 3: '1', 4: '1', 5: '1', 6: '1', 7: '1', 8: '1', 9: '1', 10: '0', 11: '0', 12: '0', 13: '0', 14: '0', 15: '0', 16: '0', 17: '1', 18: '0', 19: '0', 20: '0', 21: '0', 22: '0', 23: '0', 24: '0', 25: '0'}
00:28:09: ...lock released
00:28:09: Power outlets have been successfully turned off
00:28:09: ...lock released
00:28:09: Turning PowerGroup off: Success
00:28:25: ======== Turning PowerGroup on
00:28:25: PowerGroup._pdu_cmd(on, [1], 3) called
00:28:25: Waiting for pdu lock
00:28:25: ...lock acquired
00:28:25: Sleep 0 seconds to work around the x610 power supply issue
00:28:25: HTTP POST was successfully executed
00:28:28: PowerGroup._pdu_cmd(status, [1], 3) called
00:28:28: Waiting for pdu lock
00:28:28: ...lock acquired
00:28:28: Current outlet status: {1: '1', 2: '1', 3: '1', 4: '1', 5: '1', 6: '1', 7: '1', 8: '1', 9: '1', 10: '0', 11: '0', 12: '0', 13: '0', 14: '0', 15: '0', 16: '0', 17: '1', 18: '0', 19: '0', 20: '0', 21: '0', 22: '0', 23: '0', 24: '0', 25: '0'}
00:28:28: ...lock released
00:28:28: Power outlets have been successfully turned on
00:28:28: ...lock released
00:28:28: Turning PowerGroup on: Success
00:31:36: ========= TestCase 7 Tear Down =========
00:31:43: ======== Turning PowerGroup off
00:31:43: PowerGroup._pdu_cmd(off, [1], 3) called
00:31:43: Waiting for pdu lock
00:31:43: ...lock acquired
00:31:43: HTTP POST was successfully executed
00:31:44: PowerGroup._pdu_cmd(status, [1], 3) called
00:31:44: Waiting for pdu lock
00:31:44: ...lock acquired
00:31:44: Current outlet status: {1: '0', 2: '1', 3: '1', 4: '1', 5: '1', 6: '1', 7: '1', 8: '1', 9: '1', 10: '0', 11: '0', 12: '0', 13: '0', 14: '0', 15: '0', 16: '0', 17: '1', 18: '0', 19: '0', 20: '0', 21: '0', 22: '0', 23: '0', 24: '0', 25: '0'}
00:31:44: ...lock released
00:31:44: Power outlets have been successfully turned off
00:31:44: ...lock released
00:31:44: Turning PowerGroup off: Success
00:31:50: ======== Turning PowerGroup on
00:31:50: PowerGroup._pdu_cmd(on, [1], 3) called
00:31:50: Waiting for pdu lock
00:31:50: ...lock acquired
00:31:51: Sleep 7.613480091094971 seconds to work around the x610 power supply issue
00:31:58: HTTP POST was successfully executed
00:32:01: PowerGroup._pdu_cmd(status, [1], 3) called
00:32:01: Waiting for pdu lock
00:32:01: ...lock acquired
00:32:01: Current outlet status: {1: '1', 2: '1', 3: '1', 4: '1', 5: '1', 6: '1', 7: '1', 8: '1', 9: '1', 10: '0', 11: '0', 12: '0', 13: '0', 14: '0', 15: '0', 16: '0', 17: '1', 18: '0', 19: '0', 20: '0', 21: '0', 22: '0', 23: '0', 24: '0', 25: '0'}
00:32:01: ...lock released
00:32:01: Power outlets have been successfully turned on
00:32:01: ...lock released
00:32:01: Turning PowerGroup on: Success
