14:36:03: ================ PowerGroup has been initialised ================
14:36:03: ======== Turning PowerGroup on
14:36:03: PowerGroup._pdu_cmd(on, [4], 3) called
14:36:03: Waiting for pdu lock
14:36:03: ...lock acquired
14:36:03: Power outlets are already in the desired state
14:36:03: ...lock released
14:36:03: Turning PowerGroup on: Success
14:52:26: ========= TestCase 1 Starting =========
14:52:36: ========= TestCase 1 Tear Down =========
14:52:48: ========= TestCase 2 Starting =========
14:52:58: ========= TestCase 2 Tear Down =========
14:53:09: ======== Turning PowerGroup off
14:53:09: PowerGroup._pdu_cmd(off, [4], 3) called
14:53:09: Waiting for pdu lock
14:53:09: ...lock acquired
14:53:09: HTTP POST was successfully executed
14:53:10: PowerGroup._pdu_cmd(status, [4], 3) called
14:53:10: Waiting for pdu lock
14:53:10: ...lock acquired
14:53:10: Current outlet status: {1: '1', 2: '0', 3: '0', 4: '0', 5: '1', 6: '1', 7: '1', 8: '1', 9: '1', 10: '0', 11: '0', 12: '0', 13: '0', 14: '0', 15: '0', 16: '0', 17: '1', 18: '0', 19: '0', 20: '0', 21: '0', 22: '0', 23: '0', 24: '0', 25: '0'}
14:53:10: ...lock released
14:53:10: Power outlets have been successfully turned off
14:53:10: ...lock released
14:53:10: Turning PowerGroup off: Success
14:53:15: ======== Turning PowerGroup on
14:53:15: PowerGroup._pdu_cmd(on, [4], 3) called
14:53:15: Waiting for pdu lock
14:53:15: ...lock acquired
14:53:15: Sleep 8.838301420211792 seconds to work around the x610 power supply issue
14:53:24: HTTP POST was successfully executed
14:53:27: PowerGroup._pdu_cmd(status, [4], 3) called
14:53:27: Waiting for pdu lock
14:53:27: ...lock acquired
14:53:27: Current outlet status: {1: '1', 2: '0', 3: '0', 4: '2', 5: '1', 6: '1', 7: '1', 8: '1', 9: '1', 10: '0', 11: '0', 12: '0', 13: '0', 14: '0', 15: '0', 16: '0', 17: '1', 18: '0', 19: '0', 20: '0', 21: '0', 22: '0', 23: '0', 24: '0', 25: '0'}
14:53:27: ...lock released
14:53:27: HTTP POST was successfully executed
14:53:30: PowerGroup._pdu_cmd(status, [4], 3) called
14:53:30: Waiting for pdu lock
14:53:30: ...lock acquired
14:53:30: Current outlet status: {1: '1', 2: '0', 3: '0', 4: '2', 5: '1', 6: '1', 7: '1', 8: '1', 9: '1', 10: '0', 11: '0', 12: '0', 13: '0', 14: '0', 15: '0', 16: '0', 17: '1', 18: '0', 19: '0', 20: '0', 21: '0', 22: '0', 23: '0', 24: '0', 25: '0'}
14:53:30: ...lock released
14:53:30: HTTP POST was successfully executed
14:53:33: PowerGroup._pdu_cmd(status, [4], 3) called
14:53:33: Waiting for pdu lock
14:53:33: ...lock acquired
14:53:33: Current outlet status: {1: '1', 2: '0', 3: '0', 4: '2', 5: '1', 6: '1', 7: '1', 8: '1', 9: '1', 10: '0', 11: '0', 12: '0', 13: '0', 14: '0', 15: '0', 16: '0', 17: '1', 18: '0', 19: '0', 20: '0', 21: '0', 22: '0', 23: '0', 24: '0', 25: '0'}
14:53:33: ...lock released
14:53:33: !! ERROR: power outlets have not been successfully turned on in 3 attempts
14:53:33: ...lock released
14:53:33: Turning PowerGroup on: Failed, try again
14:53:34: PowerGroup._pdu_cmd(on, [4], 3) called
14:53:34: Waiting for pdu lock
14:53:34: ...lock acquired
14:53:34: Sleep 0 seconds to work around the x610 power supply issue
14:53:34: Power outlets are already in the desired state
14:53:34: ...lock released
14:53:34: Turning PowerGroup on: Success
14:55:50: ========= TestCase 10 Starting =========
14:56:06: ======== Turning PowerGroup off
14:56:06: PowerGroup._pdu_cmd(off, [4], 3) called
14:56:06: Waiting for pdu lock
14:56:06: ...lock acquired
14:56:06: HTTP POST was successfully executed
14:56:07: PowerGroup._pdu_cmd(status, [4], 3) called
14:56:07: Waiting for pdu lock
14:56:07: ...lock acquired
14:56:07: Current outlet status: {1: '1', 2: '0', 3: '0', 4: '0', 5: '1', 6: '1', 7: '1', 8: '1', 9: '1', 10: '0', 11: '0', 12: '0', 13: '0', 14: '0', 15: '0', 16: '0', 17: '1', 18: '0', 19: '0', 20: '0', 21: '0', 22: '0', 23: '0', 24: '0', 25: '0'}
14:56:07: ...lock released
14:56:07: Power outlets have been successfully turned off
14:56:07: ...lock released
14:56:07: Turning PowerGroup off: Success
14:56:12: ======== Turning PowerGroup off
14:56:12: PowerGroup._pdu_cmd(off, [4], 3) called
14:56:12: Waiting for pdu lock
14:56:12: ...lock acquired
14:56:12: Power outlets are already in the desired state
14:56:12: ...lock released
14:56:12: Turning PowerGroup off: Success
14:56:27: ======== Turning PowerGroup on
14:56:27: PowerGroup._pdu_cmd(on, [4], 3) called
14:56:27: Waiting for pdu lock
14:56:27: ...lock acquired
14:56:27: Sleep 0 seconds to work around the x610 power supply issue
14:56:27: HTTP POST was successfully executed
14:56:30: PowerGroup._pdu_cmd(status, [4], 3) called
14:56:30: Waiting for pdu lock
14:56:30: ...lock acquired
14:56:30: Current outlet status: {1: '1', 2: '0', 3: '0', 4: '2', 5: '1', 6: '1', 7: '1', 8: '1', 9: '1', 10: '0', 11: '0', 12: '0', 13: '0', 14: '0', 15: '0', 16: '0', 17: '1', 18: '0', 19: '0', 20: '0', 21: '0', 22: '0', 23: '0', 24: '0', 25: '0'}
14:56:30: ...lock released
14:56:30: HTTP POST was successfully executed
14:56:33: PowerGroup._pdu_cmd(status, [4], 3) called
14:56:33: Waiting for pdu lock
14:56:33: ...lock acquired
14:56:33: Current outlet status: {1: '1', 2: '0', 3: '0', 4: '2', 5: '1', 6: '1', 7: '1', 8: '1', 9: '1', 10: '0', 11: '0', 12: '0', 13: '0', 14: '0', 15: '0', 16: '0', 17: '1', 18: '0', 19: '0', 20: '0', 21: '0', 22: '0', 23: '0', 24: '0', 25: '0'}
14:56:33: ...lock released
14:56:33: HTTP POST was successfully executed
14:56:36: PowerGroup._pdu_cmd(status, [4], 3) called
14:56:36: Waiting for pdu lock
14:56:36: ...lock acquired
14:56:36: Current outlet status: {1: '1', 2: '0', 3: '0', 4: '2', 5: '1', 6: '1', 7: '1', 8: '1', 9: '1', 10: '0', 11: '0', 12: '0', 13: '0', 14: '0', 15: '0', 16: '0', 17: '1', 18: '0', 19: '0', 20: '0', 21: '0', 22: '0', 23: '0', 24: '0', 25: '0'}
14:56:36: ...lock released
14:56:36: !! ERROR: power outlets have not been successfully turned on in 3 attempts
14:56:36: ...lock released
14:56:36: Turning PowerGroup on: Failed, try again
14:56:37: PowerGroup._pdu_cmd(on, [4], 3) called
14:56:37: Waiting for pdu lock
14:56:37: ...lock acquired
14:56:37: Sleep 0 seconds to work around the x610 power supply issue
14:56:37: Power outlets are already in the desired state
14:56:37: ...lock released
14:56:37: Turning PowerGroup on: Success
