2026-08-11 14:36:03: Info: wireless section is not defined.
2026-08-11 14:36:03: Info: stack section is not defined.
2026-08-11 14:36:03: Info: profile section is not defined.
2026-08-11 14:36:03: Info: peripheral section is not defined.
2026-08-11 14:36:03: Info: breakout section is not defined.
2026-08-11 14:36:03: Info: no_switchport section is not defined.
2026-08-11 14:36:03: Info: namemap section is not defined.
2026-08-11 14:36:03: Info: configured_stackport section is not defined.
2026-08-11 14:36:03: Info: reslink section is not defined.
2026-08-11 14:36:03: Info: ixia section is not defined.
2026-08-11 14:36:03: Info: heatchamber section is not defined.
2026-08-11 14:36:03: Info: atmf section is not defined.
2026-08-11 14:36:03: Info: atmf_areas section is not defined.
2026-08-11 14:36:03: Info: misc section is not defined.
2026-08-11 14:36:03: Info: email section is not defined.
2026-08-11 14:36:03: Info: ixia_tx_pkt_rate section is not defined.
2026-08-11 14:36:03: Info: ixia_rx_pkt_rate section is not defined.
2026-08-11 14:36:03: Info: ixia_tx_bit_rate section is not defined.
2026-08-11 14:36:03: Info: ixia_rx_bit_rate section is not defined.
2026-08-11 14:36:03: Info: database section is not defined.
2026-08-11 14:36:03: Info: feature_map_file_location section is not defined.
2026-08-11 14:36:03: Info: management section is not defined.
2026-08-11 14:36:03: Info: boot_from_flash section is not defined.
2026-08-11 14:36:03: {'heatchambers': {},
 'hubs': {'hub_a': ['tb', 'swi_a']},
 'ixias': {},
 'peripherals': {},
 'stacks': {},
 'switches': {'swi_a': {'baudrate': '115200',
                        'boot_from_flash': False,
                        'breakout': None,
                        'configured_stackport': None,
                        'console_server_port': None,
                        'management_link': None,
                        'no_switchport': [],
                        'password': None,
                        'port': None,
                        'portlink': {'eth0': {'toDev': 'hub_a', 'toPort': None},
                                     'port1.0.1': {'toDev': 'tb',
                                                   'toPort': 'eth1'}},
                        'power': [{'ip': '10.36.150.14',
                                   'outlet': 4,
                                   'password': None,
                                   'type': 'pdu',
                                   'username': None}],
                        'profile': None,
                        'protocol': None,
                        'reslink': None,
                        'serial': '/dev/u4',
                        'setupName': 'swi_a',
                        'username': None}},
 'tb': {'management_link': None,
        'portlink': {'eth1': {'toDev': 'swi_a', 'toPort': 'port1.0.1'},
                     'eth3': {'toDev': 'hub_a', 'toPort': None}}},
 'wirelessDevices': {}}
2026-08-11 14:36:03: Info: attempting to create a Switch object for swi_a
2026-08-11 14:36:03: Info: associating Power Socket (pdu, 10.36.150.14, 4) with swi_a
2026-08-11 14:36:03: init_swi(swi_a) succeeded
2026-08-11 14:36:03: init_portlink(swi_a, tb, type1='', type2='', hub=False, dot1q=False) executed 
2026-08-11 14:36:03:  init_portlink(tb, swi_a, type1='', type2='', hub=False, dot1q=False) executed 
2026-08-11 14:36:04:  init_portlink(tb, swi_a, type1='', type2='', hub=False, dot1q=False) succeeded (eth1, port1.0.1)
2026-08-11 14:39:26: get_temporary_testbox_portlink(tb, swi_a) find a temporary link between tb and swi_a
2026-08-11 14:39:26: Both tb and swi_a are connected to hub_a
2026-08-11 14:39:26: Initialise hub_a for port link
2026-08-11 14:39:26: init_hub(hub_a) succeeded
2026-08-11 14:39:26:   get_temporary_testbox_portlink_via_hub(tb, swi_a) succeeded via hub_a (eth3, eth0)
