================================================================================
TEST 5700.2003 -- stage-1/2 diagnostics menus (15 TestCases)
================================================================================
Run:      2026-10-06 18:34:15-19:41:16 NZDT (TestSet, 14 TestCases); 2026-10-07
          09:51:02-10:03:00 NZDT (2003.10, one invocation) (framework clock,
          tb470; the device clock is NZDT and read 18:33:41 when the framework
          sent `sh sys` at 18:34:23, about 40 s behind; on 2026-10-07 it read
          09:50:54 when the framework sent `sh sys` at 09:51:09, about 15 s
          behind)
Bench:    tb470, console u0; Test Engineer terrenceb@terrenceb-dl
Tester:   2026-10-06: runTestSuite.py (pristine AWPTCM 5700 suite) @ framework a5bb6a1, launched by bench-runner
          2026-10-07: test-5700.2003.py -s default.setup -u -v 10 (test-5700.2003.py unedited) @ framework 89900a6,
          with the Test Engineer's patched library_5700.py (md5 7d357e1df0105a934ad15fa076d4fb99: `import copy`,
          and 'Erasing nand0' added to the security-level reset's wait list and pass condition), launched by bench-runner
Graded:   Test Engineer, re-graded from PARTIAL on 2026-10-08
Case:     AWPTCM 5700 TestSet 2003 (test-5700.2003.py, unedited), objective
          "stage-1/2 diagnostics menus", 15 TestCases; run order 2003.1-.9,
          .12, .13, .14, .15, .11 (2026-10-06), then 2003.10 on its own
          (2026-10-07)
Build:    swi_a awplus_main-20261006-52 (x230-tb470.rel, TFTP-booted by the
          bootloader; build date Mon Oct 5 21:39:08 UTC 2026), bootloader 6.2.40
          (the same on both dates)
Configs:  none captured -- the framework held the console for the whole run; device config = the framework's default.cfg plus what the TestSet logs in swi_a_2003.log (saved to startup: yes -- `copy run swi_a_5700_2003.cfg` + `boot conf swi_a_5700_2003.cfg`, STEP 0)

VERDICT: PASS -- 13 PASS / 2 UNSUPPORTED (NVS, SD card); no device check failed
         (2003.11's one failed check is the framework's post-erase boot-config reset, c1e7679)
      2003.1  stage 1, 0 Restart ................ PASS  (menu shown; "0" -> bootloader reloads and boots)
      2003.2  stage 1, 1 Full RAM test .......... PASS  ("Test of DRAM with 5 iterations with 0 errors")
      2003.3  stage 1, 2 Quick RAM test ......... PASS  ("Test of DRAM with 1 iteration with 0 errors")
      2003.4  stage 1, 3 NVS test ............... UNSUPPORTED (stage-1 menu has no option 3 / no 'NVS')
      2003.5  ROM checksum test ................. PASS  (stage 2 option 6: "ROM checksum0 0x0b26", "ROM checksum1 0xf527")
      2003.6  stage 1, 7 stage-2 menu ........... PASS  ("Entering stage 2..." -> "Bootup Stage 2 Diagnostics Menu:")
      2003.7  stage 1, 8 U-Boot shell ........... PASS  ("=>" prompt; `reset` -> "resetting ...")
      2003.8  stage 1, 9 continue booting ....... PASS  ("9" -> "Loading tftp://..." -> "Verifying release")
      2003.9  stage 2, 0 Restart ................ PASS  ("0" -> "Bootloader 6.2.40 loaded" -> boot)
      2003.12 stage 2, card slot test ........... UNSUPPORTED (no SD card: no card: file system)
      2003.13 stage 2, 7 USB slot test .......... PASS  ("PASS: USB initialized and read storage device info.")
      2003.14 stage 2, 8 U-Boot shell ........... PASS  ("=>" prompt; `reset` -> "resetting ...")
      2003.15 stage 2, 9 continue booting ....... PASS  ("9" -> "Loading tftp://..." -> AW+ boots)
      2003.11 stage 2, 4 Erase FLASH ............ PASS  (erase + reboot on the device; the framework's boot-config reset FAIL = harness, c1e7679)
      2003.10 stage 2, 2 Test FLASH ............. PASS  ("Result for test 2/2 (pass 1): PASS"; Q -> stage 2 menu)
CAVEAT:  2003.4 UNSUPPORTED rests on the stage-1 menu
         offering no NVS test; AW+ `show file systems` on this unit does list
         nvs: (91.0K), and the run did not establish whether bootloader 6.2.40
         should offer the NVS test on this board. 2003.13 tested the USB stick
         on the hub that also carries the bootloader's USB Ethernet adapter.

--------------------------------------------------------------------------------
TOPOLOGY AS TESTED
--------------------------------------------------------------------------------
  DUT     : swi_a (AT-x230-28GS V2, board 706 rev A-0) console u0 (/dev/u0,
            9600), S/N A10783G262900002, standalone; bootloader 6.2.40
  power   : PDU 10.36.150.14 outlet 1 (the framework's power-cycles)
  link    : tb470 eth3 (10.38.215.65/27) <-> swi_a port1.0.1 (1000/full) --
            AW+ CLI TFTP (`copy tftp://10.38.215.65/...`)
  link    : tb470 eth2 (10.38.215.33/27, MAC 00:f0:4d:00:77:17) <-> USB
            Ethernet adapter on a USB hub in swi_a's single USB port (the
            bootloader's "eth0"; carrier only while the bootloader uses it);
            bootloader device IP 10.38.215.34/27, TFTP server 10.38.215.33
  usb     : USB stick on the same hub (usb:, 28.8 GB)
  boot    : bootloader default boot source = TFTP x230-tb470.rel (saved in the
            Boot Menu, 2 -> 3); on tb470 /tftproot/x230-tb470.rel ->
            x230v2_28GS-tb470.rel (36,553,967 B, awplus_main-20261006-52); in
            force on both dates (each boot: "Loading tftp://10.38.215.33/x230-tb470.rel")
  start   : u0 came straight from TestSet 5700.2002 of the same suite process
            (`sh sys` at 18:34:23: "Current boot config:
            flash:/swi_a_5700_2002.cfg (file exists)"); the framework rebuilt
            default.cfg and the TestSet config (STEP 0). The TestSet needs the
            ACCESS feature (FEATURES = ['ACCESS']); the framework found "No
            license bundles require loading on swi_a for platform family x230".
            Boot Security Level none (STEP 0 `show boot`)
  start   : on 2026-10-07 (2003.10) `sh sys` at 09:51:09 read "Current boot
            config: flash:/swi_a_5700_2002.cfg (file exists)"; the framework
            rebuilt default.cfg and the TestSet config (STEP 15) and again found
            "No license bundles require loading on swi_a for platform family x230"
  tools   : the framework on tb470 as root (runTestSuite.py -> test-5700.2003.py
            -s default.setup -u -v, library_5700.py), holding u0 for the whole
            TestSet; evidence = framework logs test-5700.2003.log (TestCase
            verdicts) and swi_a_2003.log (u0 console)
  tools   : on 2026-10-07 the framework on tb470 as root (test-5700.2003.py
            -s default.setup -u -v 10, library_5700.py patched as in Tester),
            holding u0 for the whole invocation; evidence = that invocation's
            test-5700.2003.log and swi_a_2003.log

STEP 0 -- TestSet setup: default.cfg, release copies, TestSet config       done
--------------------------------------------------------------------------------
  Method: the framework reboots u0 on a generated default.cfg, then the
  TestSet's configure() copies the release under test to flash twice and
  saves the result as the TestSet boot config (test-5700.2003.log, verbatim):
  2026-10-06 18:35:15: Rebooting swi_a with the following default.cfg:
  line con 0
  length 0
  exec-timeout 0
  no stack 1 enable
  no stack virtual-mac
  no stack virtual-chassis-id
  hostname swi_a_5700_2003
  int port1.0.1-port1.0.28
  shutdown
  2026-10-06 18:38:48: 	tftp boot switch interface   : eth0
  2026-10-06 18:38:48: 	tftp boot tb interface       : eth2
  2026-10-06 18:38:48: 	tftpfilename: x230-tb470.rel
  2026-10-06 18:38:48: 	ipTFTP    : 10.38.215.33
  2026-10-06 18:38:48: 	ipDevice  : 10.38.215.34
  2026-10-06 18:38:48: 	version: 6.2.40
  2026-10-06 18:38:48: 	MAIN_RELEASE:  mainrelease.rel
  2026-10-06 18:38:48: 	BACKUP_RELEASE: backuprelease.rel
swi_a_5700_2003# copy tftp://10.38.215.65/x230-tb470.rel flash:/mainrelease.rel
  Copying...
  Successful operation
swi_a_5700_2003# copy tftp://10.38.215.65/x230-tb470.rel flash:/backuprelease.rel
  Copying...
  Successful operation
swi_a_5700_2003# dir *.rel
    36553967 -rw- Oct 06 2026 18:40:00  flash:/backuprelease.rel
    36553967 -rw- Oct 06 2026 18:38:53  flash:/mainrelease.rel
swi_a_5700_2003# copy run swi_a_5700_2003.cfg
  Copying...
  Successful operation
swi_a_5700_2003(config)# boot conf swi_a_5700_2003.cfg
swi_a_5700_2003# show boot
  Current software   : x230-tb470.rel
  Current boot image : Not set
  Backup  boot image : Not set
  Default boot config: flash:/default.cfg
  Current boot config: flash:/swi_a_5700_2003.cfg (file exists)       <-- the TestSet config
  Backup  boot config: Not set
  Autoboot status    : disabled
  Boot Security Level: none
  Every boot in this TestSet came from the bootloader's TFTP default, e.g.
  (swi_a_2003.log, 18:42:19):
  Bootloader 6.2.40 loaded
  Press <Ctrl+B> for the Boot Menu
  Warning: System has been forced to boot from a non-standard location
  To restore the system to default behaviour, enter the Boot Menu,
  	Choose option 2, then option 9
  Loading tftp://10.38.215.33/x230-tb470.rel via USB Ethernet adapter...
  => STEP 0 done: u0 runs awplus_main-20261006-52 from x230-tb470.rel with
     flash:/swi_a_5700_2003.cfg as its boot config; the framework marked no
     TestCase excluded for family "x230".

STEP 1 -- TestCase 2003.1 "Diagnostics menu option '0. Restart'"           PASS
--------------------------------------------------------------------------------
  Method: the framework power-cycles u0 (PDU outlet 1), catches
  "Press <Ctrl+B> for the Boot Menu" and opens the stage-1 Diagnostics menu.
  Stage-1 menu as printed (swi_a_2003.log, 18:41:57):
  Bootup Stage 1 Diagnostics Menu:

    0. Restart
    1. Full RAM test
    2. Quick RAM test
    ----------------------------------
    7. Bootup stage 2 diagnostics menu
    ----------------------------------
    8. Quit to U-Boot shell
    9. Quit and continue booting

  Selection 0 (swi_a_2003.log, 18:41:59-18:42:19):
  0
  Bootloader 6.2.40 loaded                     <-- the bootloader restarted
  Press <Ctrl+B> for the Boot Menu
  Warning: System has been forced to boot from a non-standard location
  To restore the system to default behaviour, enter the Boot Menu,
  	Choose option 2, then option 9
  Loading tftp://10.38.215.33/x230-tb470.rel via USB Ethernet adapter...
  Verifying release...
  OK
  Booting...
  test-5700.2003.log:
  2026-10-06 18:41:57: PASS: in Diagnostics menu
  2026-10-06 18:42:19: PASS: device was booted
  2026-10-06 18:44:54: PASS: Configuration on swi_a after TestCase tear_down() is the same as the initial TestSet Configuration
  2026-10-06 18:44:56: PASS: swi_a contains no exceptions
  << test-5700.2003.1: PASS (numPassed: 4 numFailed: 0)
  => STEP 1 PASS: option 0 restarts the unit through the bootloader
     ("Bootloader 6.2.40 loaded" again) and it boots its release.

STEP 2 -- TestCase 2003.2 "Diagnostics menu option '1. Full RAM test'"     PASS
--------------------------------------------------------------------------------
  Selection 1 (swi_a_2003.log, 18:45:33-18:46:53):
  Enter selection ==> 1
  Full RAM test - press Q to quit, S to skip when failing
  DRAM: 512 MiB (800 MHz, 16-bit, ECC enabled)
  Test memory from 00000000 to 00800000
  Data line test:                Pass
  Address line test:             Pass
  [...]
  Test of DRAM with 1 iteration with 0 errors
  [...]
  Test of DRAM with 5 iterations with 0 errors   <-- the script's gate " 5 iterations with 0 error"
  [the framework sends q]
  Test of DRAM with 6 iterations, aborted!
  Test of DRAM with 6 iterations with 0 errors
  test-5700.2003.log:
  2026-10-06 18:46:53: PASS: ram test got to iteration 5
  2026-10-06 18:46:53: PASS: no errors seen
  2026-10-06 18:49:47: PASS: Configuration on swi_a after TestCase tear_down() is the same as the initial TestSet Configuration
  2026-10-06 18:49:49: PASS: swi_a contains no exceptions
  << test-5700.2003.2: PASS (numPassed: 4 numFailed: 0)
  => STEP 2 PASS: the full RAM test ran 5 complete iterations with 0 errors
     (the 6th was aborted by the framework's q, as the script intends).

STEP 3 -- TestCase 2003.3 "Diagnostics menu option '2. Quick RAM test'"    PASS
--------------------------------------------------------------------------------
  Selection 2 (swi_a_2003.log, 18:50:42):
  Enter selection ==> 2
  Quick RAM test - press Q to quit, S to skip when failing
  DRAM: 512 MiB (800 MHz, 16-bit, ECC enabled)
  Test memory from 00000000 to 00800000
  Data line test:                Pass
  Address line test:             Pass
  [...]
  Test memory from 00ff0000 to 1fa10060
  Data line test:                Pass
  Address line test:             Pass
  [...]
   Pass
  Test of DRAM with 1 iteration with 0 errors   <-- quick test complete
  Bootup Stage 1 Diagnostics Menu:
  test-5700.2003.log:
  2026-10-06 18:50:42: PASS: quick ram test passed
  2026-10-06 18:53:33: PASS: Configuration on swi_a after TestCase tear_down() is the same as the initial TestSet Configuration
  2026-10-06 18:53:35: PASS: swi_a contains no exceptions
  << test-5700.2003.3: PASS (numPassed: 3 numFailed: 0)
  => STEP 3 PASS: the quick RAM test covered both memory ranges, every
     line/integrity test "Pass", 1 iteration with 0 errors, back to the menu.

STEP 4 -- TestCase 2003.4 "Diagnostics menu option 3, Battery backed RAM (NVS) test"
                                                                    UNSUPPORTED
--------------------------------------------------------------------------------
  The stage-1 menu the framework searched (swi_a_2003.log, 18:54:14):
  Bootup Stage 1 Diagnostics Menu:

    0. Restart
    1. Full RAM test
    2. Quick RAM test                   <-- no "3. ... NVS" entry
    ----------------------------------
    7. Bootup stage 2 diagnostics menu
    ----------------------------------
    8. Quit to U-Boot shell
    9. Quit and continue booting

  Enter selection ==>
  test-5700.2003.log:
  2026-10-06 18:54:14: !!FAIL: Test case not supported on this device. No NVS.
  2026-10-06 18:54:14: Expected 'NVS' in output:
  2026-10-06 18:57:11: PASS: Configuration on swi_a after TestCase tear_down() is the same as the initial TestSet Configuration
  2026-10-06 18:57:13: PASS: swi_a contains no exceptions
  << test-5700.2003.4: UNSUPPORTED (numPassed: 2 numFailed: 1)
  Then the framework's post-failure reset (accepted):
  2026-10-06 18:57:15: Setup is no longer reliable - all devices will be rebooted
  2026-10-06 18:57:38: Power cycle swi_a completed: Success
  => STEP 4 UNSUPPORTED: bootloader 6.2.40 on this board offers no NVS test in
     the stage-1 menu (options 0, 1, 2, 7, 8, 9 only).

STEP 5 -- TestCase 2003.5 "Diagnostics menu option 4, Bootloader ROM checksum test"
                                                                           PASS
--------------------------------------------------------------------------------
  Method: the framework needed three power-ons (19:00:56, 19:01:56, 19:03:01)
  before it caught the stage-1 menu. The test is not in stage 1 on this
  board; the script falls back to stage 2 (test-5700.2003.log, verbatim):
  2026-10-06 19:03:18: "Bootloader ROM checksum test" not in menu level 1.
  2026-10-06 19:03:20: Run the Bootloader ROM checksum test, level 2 Option 6.
  swi_a_2003.log, 19:03:20-19:03:22:
  7
  Entering stage 2...
  Bootup Stage 2 Diagnostics Menu:

    0. Restart
    2. Test FLASH (Filesystem only)
    4. Erase FLASH (Filesystem only)
    6. Bootloader ROM checksum test
    7. USB slot test
    ----------------------------------
    8. Quit to U-Boot shell
    9. Quit and continue booting

  Enter selection ==>
  6
  ROM checksum0 0x0b26
  ROM checksum1 0xf527
  CRC32 0xd15ce911
  test-5700.2003.log:
  2026-10-06 19:03:23: PASS: checksum(s) seen:
  2026-10-06 19:03:23:     ROM checksum0 0x0b26
  2026-10-06 19:03:23:     ROM checksum1 0xf527
  2026-10-06 19:06:37: PASS: Configuration on swi_a after TestCase tear_down() is the same as the initial TestSet Configuration
  2026-10-06 19:06:42: PASS: swi_a contains no exceptions
  << test-5700.2003.5: PASS (numPassed: 3 numFailed: 0)
  => STEP 5 PASS: the ROM checksum test (stage 2, option 6) prints both ROM
     checksums and a CRC32.

STEP 6 -- TestCase 2003.6 "Diagnostics menu option 7, Enter the Bootup stage 2 diagnostics menu"
                                                                           PASS
--------------------------------------------------------------------------------
  Method: two power-ons (19:07:41, 19:08:49) before the stage-1 menu was caught.
  swi_a_2003.log, 19:08:58:
  Enter selection ==> 7
  Entering stage 2...
  Bootup Stage 2 Diagnostics Menu:

    0. Restart
    2. Test FLASH (Filesystem only)
    4. Erase FLASH (Filesystem only)
    6. Bootloader ROM checksum test
    7. USB slot test
    ----------------------------------
    8. Quit to U-Boot shell
    9. Quit and continue booting

  Enter selection ==>
  test-5700.2003.log:
  2026-10-06 19:08:58: PASS: entered "Bootup Stage 2 Diagnostics Menu"
  2026-10-06 19:11:53: PASS: Configuration on swi_a after TestCase tear_down() is the same as the initial TestSet Configuration
  2026-10-06 19:11:54: PASS: swi_a contains no exceptions
  << test-5700.2003.6: PASS (numPassed: 3 numFailed: 0)
  => STEP 6 PASS: stage-1 option 7 opens the stage-2 menu.

STEP 7 -- TestCase 2003.7 "Diagnostics menu option 8, Quit to U-Boot shell"
                                                                           PASS
--------------------------------------------------------------------------------
  swi_a_2003.log, 19:12:31-19:12:37:
  Enter selection ==> 8
  =>
  =>
  .
  Unknown command '.' - try 'help'        <-- a U-Boot shell answering
  =>
  [the framework sends reset]
  resetting ...
  Bootloader 6.2.40 loaded
  Press <Ctrl+B> for the Boot Menu
  test-5700.2003.log:
  2026-10-06 19:12:32: PASS: entered u-boot from diagnostics menu
  2026-10-06 19:15:27: PASS: Configuration on swi_a after TestCase tear_down() is the same as the initial TestSet Configuration
  2026-10-06 19:15:29: PASS: swi_a contains no exceptions
  << test-5700.2003.7: PASS (numPassed: 3 numFailed: 0)
  => STEP 7 PASS: stage-1 option 8 drops to the U-Boot "=>" shell, which
     executes commands, and `reset` restarts the bootloader.

STEP 8 -- TestCase 2003.8 "Diagnostics menu option 9, Quit the menu and continue rebooting"
                                                                           PASS
--------------------------------------------------------------------------------
  swi_a_2003.log, 19:16:08-19:17:46:
  Enter selection ==>
  9
  Warning: System has been forced to boot from a non-standard location
  To restore the system to default behaviour, enter the Boot Menu,
  	Choose option 2, then option 9
  Loading tftp://10.38.215.33/x230-tb470.rel via USB Ethernet adapter...
  Verifying release...
  OK
  Booting...
  test-5700.2003.log:
  2026-10-06 19:16:21: PASS: device booted from diagnostics stage 1 menu
  2026-10-06 19:18:57: PASS: Configuration on swi_a after TestCase tear_down() is the same as the initial TestSet Configuration
  2026-10-06 19:18:58: PASS: swi_a contains no exceptions
  << test-5700.2003.8: PASS (numPassed: 3 numFailed: 0)
  => STEP 8 PASS: stage-1 option 9 leaves the menu and continues the normal
     (TFTP default) boot with no restart of the bootloader.

STEP 9 -- TestCase 2003.9 "Boot stage 2 Diagnostics menu, option 0, Restart"
                                                                           PASS
--------------------------------------------------------------------------------
  swi_a_2003.log, 19:19:35-19:19:56:
  Enter selection ==> 7
  Entering stage 2...
  Bootup Stage 2 Diagnostics Menu:
  [...]
  Enter selection ==>
  0
  Bootloader 6.2.40 loaded                     <-- the bootloader restarted
  Press <Ctrl+B> for the Boot Menu
  Warning: System has been forced to boot from a non-standard location
  To restore the system to default behaviour, enter the Boot Menu,
  	Choose option 2, then option 9
  Loading tftp://10.38.215.33/x230-tb470.rel via USB Ethernet adapter...
  Verifying release...
  test-5700.2003.log:
  2026-10-06 19:19:56: PASS: device booted from diagnostics stage 2 menu
  2026-10-06 19:22:36: PASS: Configuration on swi_a after TestCase tear_down() is the same as the initial TestSet Configuration
  2026-10-06 19:22:38: PASS: swi_a contains no exceptions
  << test-5700.2003.9: PASS (numPassed: 3 numFailed: 0)
  => STEP 9 PASS: stage-2 option 0 restarts the unit through the bootloader
     and it boots its release.

STEP 10 -- TestCase 2003.12 "Boot stage 2 Diagnostics menu, option 5. Card slot test"
                                                                    UNSUPPORTED
--------------------------------------------------------------------------------
  The script first checks for a card file system (swi_a_2003.log, 19:22:45):
swi_a_5700_2003# show file systems
   Size(b)  Free(b)  Type   Flags  Prefixes   S/D/V   Lcl/Ntwk  Avail
  -------------------------------------------------------------------
    95.6M    26.3M   flash     rw  flash:     static  local      Y
        -        -   system    rw  system:    virtual local      -
    10.0M     9.8M   debug     rw  debug:     static  local      Y
    91.0K    77.0K   nvs       rw  nvs:       static  local      Y
    28.8G    28.8G   usbstick  rw  usb:       dynamic local      Y      <-- no card: entry
        -        -   fserver   rw  fserver:   dynamic network    N
        -        -   tftp      rw  tftp:      -       network    -
        -        -   scp       rw  scp:       -       network    -
        -        -   sftp      ro  sftp:      -       network    -
        -        -   http      ro  http:      -       network    -
        -        -   rsync     rw  rsync:     -       network    -
  test-5700.2003.log:
  2026-10-06 19:22:45: !!FAIL: No SD card present, test unsupported
  2026-10-06 19:22:50: Skipping unsupported test
  2026-10-06 19:22:54: PASS: swi_a contains no exceptions
  << test-5700.2003.12: UNSUPPORTED (numPassed: 1 numFailed: 1)
  => STEP 10 UNSUPPORTED: the x230-28GS V2 has no SD card slot (no card: file
     system), and its stage-2 menu has no card slot test.

STEP 11 -- TestCase 2003.13 "Boot stage 2 Diagnostics menu, option 7. USB slot test"
                                                                           PASS
--------------------------------------------------------------------------------
  swi_a_2003.log, 19:23:42-19:23:53:
  7
  Restarting USB controller...
  USB0:   USB EHCI 1.00
  scanning bus 0 for devices... 5 USB Device(s) found
    Device 0: Vendor: PNY      Rev: 8.00 Prod: USB Flash Drive
              Type: Removable Hard Disk
              Capacity: 29544.0 MB = 28.8 GB (60506112 x 512)
  PASS: USB initialized and read storage device info.     <-- the bootloader's own verdict
  test-5700.2003.log:
  2026-10-06 19:23:53: PASS: USB - Card slot test passed in diagnostics stage 2 menu
  2026-10-06 19:26:40: PASS: swi_a contains no exceptions
  << test-5700.2003.13: PASS (numPassed: 2 numFailed: 0)
  => STEP 11 PASS: the stage-2 USB slot test brings up EHCI, enumerates the
     hub's devices and reads the USB stick's identity and capacity.

STEP 12 -- TestCase 2003.14 "Boot stage 2 Diagnostics menu, option 8. Quit to U-Boot shell"
                                                                           PASS
--------------------------------------------------------------------------------
  swi_a_2003.log, 19:27:18-19:27:24:
  8
  =>
  =>
  .
  Unknown command '.' - try 'help'        <-- a U-Boot shell answering
  =>
  [the framework sends reset]
  resetting ...
  Bootloader 6.2.40 loaded
  Press <Ctrl+B> for the Boot Menu
  test-5700.2003.log:
  2026-10-06 19:27:19: PASS: entered uboot from diagnostics stage 2 menu
  2026-10-06 19:30:13: PASS: swi_a contains no exceptions
  << test-5700.2003.14: PASS (numPassed: 2 numFailed: 0)
  => STEP 12 PASS: stage-2 option 8 drops to the U-Boot "=>" shell, which
     executes commands, and `reset` restarts the bootloader.

STEP 13 -- TestCase 2003.15 "Boot stage 2 Diagnostics menu, option 9. Quit and continue booting"
                                                                           PASS
--------------------------------------------------------------------------------
  swi_a_2003.log, 19:30:51-19:32:22:
  Enter selection ==> 7
  Entering stage 2...
  [...]
  9
  Warning: System has been forced to boot from a non-standard location
  To restore the system to default behaviour, enter the Boot Menu,
  	Choose option 2, then option 9
  Loading tftp://10.38.215.33/x230-tb470.rel via USB Ethernet adapter...
  Verifying release...
  OK
  Booting...
  [...]
  Allied Telesis Inc.                          <-- the AW+ banner
  test-5700.2003.log:
  2026-10-06 19:31:03: PASS: device booted from diagnostics stage 2 menu
  2026-10-06 19:33:33: PASS: swi_a contains no exceptions
  << test-5700.2003.15: PASS (numPassed: 2 numFailed: 0)
  => STEP 13 PASS: stage-2 option 9 leaves the menu and continues the normal
     boot into AW+ with no bootloader restart.

STEP 14 -- TestCase 2003.11 "Boot stage 2 Diagnostics menu, option 4. Erase FLASH (Filesystem only)"
                                                                           PASS
--------------------------------------------------------------------------------
  Device side (swi_a_2003.log, 19:34:11-19:37:04):
  4
    WARNING: This option will destroy the contents of the FLASH file system.
    Press Y to proceed, or any other key to return to the previous menu ==>
  y
    Erasing nand0:       [                                                  ][51D==================================================   <-- the erase ran to completion
  Bootup Stage 2 Diagnostics Menu:
  [the framework selects 0, Restart]
  Bootloader 6.2.40 loaded
  [...]
  Loading tftp://10.38.215.33/x230-tb470.rel via USB Ethernet adapter...
  [...]
  Loading default configuration
  Warning: flash:/default.cfg does not exist, loading factory defaults.   <-- flash really was erased
  done!
  awplus login:
  test-5700.2003.log:
  2026-10-06 19:34:14: PASS: device erased flash successfully
  2026-10-06 19:37:04: ...saw bootup complete messages on swi_a : "done!"
  2026-10-06 19:37:04: PASS: Device rebooted successfully
  Harness side -- the framework's pre-tear-down boot-config reset
  (test-5700.2003.log, then swi_a_2003.log):
  2026-10-06 19:37:18: Set the swi_a boot configuration back to the TestSet configuration (flash:/swi_a_5700_2003.cfg)
awplus(config)# boot conf flash:/swi_a_5700_2003.cfg
  % flash:/swi_a_5700_2003.cfg does not exist or is inaccessible   <-- erased by this TestCase, by design
  2026-10-06 19:37:21: !!FAIL: TestSet configuration file flash:/swi_a_5700_2003.cfg missing from swi_a
  2026-10-06 19:37:24: PASS: swi_a contains no exceptions
  2026-10-06 19:37:33: Setup is no longer reliable - all devices will be rebooted
  2026-10-06 19:37:57: Power cycle swi_a completed: Success
  << test-5700.2003.11: FAIL (numPassed: 3 numFailed: 1)
  Why the framework grades it FAIL:
  2003.11 tear-down -- did not complete. The erase deliberately empties flash,
          including the TestSet config flash:/swi_a_5700_2003.cfg. The
          framework's pre-tear-down step "Set the swi_a boot configuration back
          to the TestSet configuration" then fails on `boot conf` and grades the
          TestCase FAIL. The TestCase's own tear_down() sets
          `self.doConfCheck = False` (test-5700.2003.py line 511) to opt out of
          the config restore; the framework's pre-tear-down reset (ATTestCase,
          framework commit c1e7679) runs under doTear regardless of that flag.
  => STEP 14 PASS (device steps; the framework grades it FAIL): the erase itself
     worked -- confirmation prompt, "Erasing nand0" to completion, and the next
     boot finds no default.cfg on flash -- and the unit rebooted with no
     exceptions. The one failed check is the framework's own reset of the boot
     config to the TestSet file this TestCase had just erased (harness,
     c1e7679). No device check failed.

STEP 15 -- TestCase 2003.10 "Boot stage 2 Diagnostics menu, option 2. Test FLASH (Filesystem only)"
                                                                           PASS
--------------------------------------------------------------------------------
  Method: on 2026-10-07 the framework ran TestCase 2003.10 on its own
  (`test-5700.2003.py -s default.setup -u -v 10`). It first repeated the
  TestSet setup of STEP 0 (test-5700.2003.log, verbatim):
  2026-10-07 09:51:02: ================ TESTSET STARTED ================
  2026-10-07 09:52:02: Rebooting swi_a with the following default.cfg:
  line con 0
  length 0
  exec-timeout 0
  no stack 1 enable
  no stack virtual-mac
  no stack virtual-chassis-id
  hostname swi_a_5700_2003
  int port1.0.1-port1.0.28
  shutdown
  2026-10-07 09:55:18: Executing TestSet configure...
  2026-10-07 09:55:37: 	tftp boot switch interface   : eth0
  2026-10-07 09:55:37: 	tftp boot tb interface       : eth2
  2026-10-07 09:55:37: 	tftpfilename: x230-tb470.rel
  2026-10-07 09:55:37: 	ipTFTP    : 10.38.215.33
  2026-10-07 09:55:37: 	ipDevice  : 10.38.215.34
  2026-10-07 09:55:37: 	version: 6.2.40
  2026-10-07 09:55:37: 	MAIN_RELEASE:  mainrelease.rel
  2026-10-07 09:55:37: 	BACKUP_RELEASE: backuprelease.rel
  2026-10-07 09:58:08: dir *.rel
    36553967 -rw- Oct 07 2026 09:57:28  flash:/backuprelease.rel
    36553967 -rw- Oct 07 2026 09:56:09  flash:/mainrelease.rel
  2026-10-07 09:58:16: Generating running config and saving to swi_a_5700_2003.cfg
  It then power-cycles u0 (PDU outlet 1), catches "Press <Ctrl+B> for the
  Boot Menu", opens the stage-1 menu and selects 7, then 2
  (swi_a_2003.log, 09:59:00-09:59:12):
  Enter selection ==> 7
  Entering stage 2...
  Bootup Stage 2 Diagnostics Menu:

    0. Restart
    2. Test FLASH (Filesystem only)
    4. Erase FLASH (Filesystem only)
    6. Bootloader ROM checksum test
    7. USB slot test
    ----------------------------------
    8. Quit to U-Boot shell
    9. Quit and continue booting

  Enter selection ==>
  2
    WARNING: This option will destroy the contents of the FLASH file system.
    Press Y to proceed, or any other key to return to the previous menu ==>
  Y
    Filesystem FLASH test in progress (128 MB) - press Q to quit...
    Performing test 1/2 with pseudorandom data...
    Erasing nand0:       [                                                  ][51D==================================================
    Making test data:    [                                                  ][51D==================================================
    Writing test data:   [                                                  ][51D==================================================
    Reading test data:   [                                                  ][51D==================================================
    Re-erasing nand0:    [                                                  ][51D==================================================
    WARNING: (nand0) 8 bad blocks were skipped during the flash test   <-- the device's own note
    (a small number of bad blocks is expected in a NAND flash device).
    Result for test 1/2 (pass 1): PASS             <-- pattern 1: PASS
    Performing test 2/2 with pseudorandom complemented data...
    Erasing nand0:       [                                                  ][51D==================================================
    Making test data:    [                                                  ][51D==================================================
    Writing test data:   [                                                  ][51D==================================================
    Reading test data:   [                                                  ][51D==================================================
    Re-erasing nand0:    [                                                  ][51D==================================================
    WARNING: (nand0) 8 bad blocks were skipped during the flash test
    (a small number of bad blocks is expected in a NAND flash device).
    Result for test 2/2 (pass 1): PASS             <-- the script's pass gate
    Performing test 1/2 with pseudorandom data...      <-- the next pass begins; the script then sends Q
    Erasing nand0:       [                                                  ][51D====
  [the framework sends Q]
  Bootup Stage 2 Diagnostics Menu:

    0. Restart
    2. Test FLASH (Filesystem only)
    4. Erase FLASH (Filesystem only)
    6. Bootloader ROM checksum test
    7. USB slot test
    ----------------------------------
    8. Quit to U-Boot shell
    9. Quit and continue booting

  Enter selection ==>          <-- Q returned to the stage-2 menu
  test-5700.2003.log:
  2026-10-07 09:59:11: PASS: Flash test succeeded
  2026-10-07 09:59:12: PASS: Returned to stage 2 diagnostics menu after stopping flash test
  2026-10-07 09:59:23: Set swi_a to boot from TFTP
  2026-10-07 09:59:23: Power-cycle swi_a and watch for <Ctrl+B> message
  2026-10-07 10:02:46: ...saw bootup complete messages on swi_a : "done!"
  << test-5700.2003.10: PASS (numPassed: 2 numFailed: 0)
  2026-10-07 10:03:00: ================ TESTSET FINISHED (rc = 0) ================
  The boot that follows (swi_a_2003.log, 10:00:00-10:02:52):
  Bootloader 6.2.40 loaded
  Warning: System has been forced to boot from a non-standard location
  Loading tftp://10.38.215.33/x230-tb470.rel via USB Ethernet adapter...
  Verifying release... OK
  Booting...
  [...]
  Loading default configuration
  Warning: flash:/default.cfg does not exist, loading factory defaults.   <-- the test emptied the flash filesystem, as its WARNING said
  done!
  awplus login:
  => STEP 15 PASS: stage-2 option 2 asks for confirmation, then runs the
     Filesystem FLASH test over 128 MB with both patterns (pseudorandom, then
     complemented): each erase, write, read and re-erase ran to completion and
     each pattern ended "PASS", including the script's gate "Result for test
     2/2 (pass 1): PASS"; none of its fail patterns (FAIL, Fail, Error)
     appeared. Q stopped the next pass and returned to the stage-2 menu. The
     8 skipped bad blocks are reported by the device as expected for NAND
     flash. The test leaves the flash filesystem empty, as its warning states.
================================================================================
