
===== opened /dev/u5 at 2026-09-22 09:42:18 =====

IE520-stk#
>>> terminal length 0
terminal length 0
IE520-stk#
>>> terminal no monitor
terminal no monitor
IE520-stk#
>>> terminal length 0
terminal length 0
IE520-stk#configure terminal
Enter configuration commands, one per line.  End with CNTL/Z.
IE520-stk(config)#mls ?
  qos  Quality of Service

[K[22CIE520-stk(config)#mls 
IE520-stk#end
            ^
% Invalid input detected at '^' marker.

IE520-stk#configure terminal
Enter configuration commands, one per line.  End with CNTL/Z.
IE520-stk(config)#qos ?
% Unrecognized command
[K[22CIE520-stk(config)#qos 

IE520-stk#end
            ^
% Invalid input detected at '^' marker.

IE520-stk#show mls ?
  qos  Quality of Service

[K[19CIE520-stk#show mls 

IE520-stk#
>>> configure terminal
ce teornfigurminal
e terminal
Enter configuration commands, one per line.  End with CNTL/Z.
IE520-stk(config)#
>>> mls qos enable
mls qos enable
Traffic will stop while configuration is applied. Continue? (y/n): 
>>> end
end
% Command aborted.
IE520-stk(config)#