
===== opened /dev/u5 at 2026-09-22 10:15:23 =====

IE520-stk#
>>> terminal length 0
terminal length 0
IE520-stk#
>>> terminal no monitor
terminal no monitor
IE520-stk#
>>> terminal length 0
terminal length 0
IE520-stk#
>>> configure terminal
configure terminal
Enter configuration commands, one per line.  End with CNTL/Z.
IE520-stk(config)#
>>> no mls qos enable
no mls qos enable
                             ^
% Invalid input detected at '^' marker.

IE520-stk(config)#
>>> end
end
IE520-stk#
>>> show mls qos
show mls qos
  Enable
IE520-stk#
>>> show running-config | include policy-map|class-map|mls qos
show running-config | include policy-map|class-map|mls qos
mls qos enable
IE520-stk#