
===== opened /dev/u5 at 2026-09-22 09:37:10 =====

enable
Login incorrect

IE520-stk login: 
===== opened /dev/u5 at 2026-09-22 09:38:43 =====

IE520-stk>enable
IE520-stk#
>>> terminal length 0
terminal length 0
IE520-stk#
>>> terminal no monitor
terminal no monitor
IE520-stk#
>>> terminal length 0
terminal length 0
IE520-stk#configure terminal
Enter configuration commands, one per line.  End with CNTL/Z.
IE520-stk(config)#policy-map qpm
% QoS is not enabled globally
IE520-stk(config)#?
Configure commands:
  aaa                            Authentication, Authorization and Accounting
  access-group                   Access Control List to be globally applied
  access-list                    Add an access list entry
  acl-group                      ACL group configuration
  alarm                          Alarm settings
  application-proxy              ATMF Application Proxy
  arp                            Address Resolution Protocol (ARP)
  atmf                           ATMF
  auth                           Port Authentication
  auth-mac                       MAC-Based Authentication
  auth-web                       Configure web authentication
  auth-web-server                Configure web authentication server
  autoboot                       Restore from external media
  banner                         Banner configuration
  bfd                            Bidirectional Forwarding Detection (BFD)
  bgp                            Border Gateway Protocol (BGP)
  boot                           Boot configuration
  class-map                      Class map command
  clock                          Manage clock
  continuous-reboot-prevention   Continuous Reboot Prevention
  crypto                         Security Specific Commands
  debug                          Debugging functions (see also 'undebug')
  default                        Restore default settings
  do                             To run exec commands in config mode
  dot1x                          IEEE 802.1X Port-Based Access Control
  ecofriendly                    Global settings to save power
  enable                         Modify enable password parameters
  epsr                           Ethernet Protection Switching Ring (EPSR)
  ethernet                       Configure ethernet
  exit                           End current mode and down to previous mode
  fib                            FIB information
  findme                         Configure a FindMe trigger
  flow                           IP Flow
  g8032                          g8032 related parameters
  gui                            Device graphical user interface
  gui-timeout                    Set the GUI timeout in minutes and/or
                                 seconds.
  gvrp                           GARP Vlan Registration Protocol
  hardware                       Hardware management commands
  help                           Description of the interactive help system
  hostname                       Set system's network name
  http                           HTTP server
  interface                      Select an interface to configure
  ip                             Internet Protocol (IP)
  ipv6                           Internet Protocol version 6 (IPv6)
  isis                           Intermediate System - Intermediate System
                                 (IS-IS)
  key                            Authentication key management
  lacp                           LACP channel commands
  ldap-server                    Configure an LDAP server
  line                           Configure a terminal line
  linkflap                       Global setting for link flapping
  linkmon                        Link Health Monitoring
  lldp                           Link Layer Discovery Protocol (LLDP)
  local-proxy-arp                ARP respond for specified hosts on the local
                                 subnet
  location                       Global location configuration
  log                            Logging control
  log-rate-limit                 Configure log messages rate limit for a
                                 module
  loop-protection                Loop Protection
  low-memory                     Low memory
  mac                            Mac address
  mail                           Send an email
  max-fib-routes                 Set maximum fib routes number
  max-static-routes              Set maximum static routes number
  maximum-paths                  Set multipath numbers installed to FIB
  mls                            Multi-Layer Switch(L2/L3)
  mrp                            Media Redundancy Protocol
  netconf                        Netconf service
  no                             Negate a command or set its defaults
  ntp                            Network Time Protocol
  nvo                            Network virtualization overlay commands
  openflow                       Openflow
  ospf                           Open Shortest Path First (OSPF)
  ping-poll                      Ping Polling
  platform                       Global settings for the platform asic
  policy-map                     Policy map command
  port-vlan-forwarding-priority  Set port-vlan forwarding priority
  private-vlan                   Private VLAN
  radius                         RADIUS configuration
  radius-secure-proxy            RADIUS secure proxy configuration
  radius-server                  Radius server
  rip                            Routing Information Protocol (RIP)
  rmon                           Remote Monitoring Protocol (RMON)
  route-map                      Create route-map or enter route-map command
                                 mode
  router                         Enable a routing process
  router-id                      Router identifier for this system
  scada                          Enable Supervisory Control And Data
                                 Acquisition for this device
  security-password              Strong password security
  service                        Modify use of network based services
  sflow                          sFlow Protocol
  show                           Show running system information
  snmp                           snmp
  snmp-discovery                 SNMP network node discovery
  snmp-server                    Enable the snmp agent
  spanning-tree                  Spanning tree commands
  ssh                            Secure Shell
  stack                          Manage VCStack feature
  stoat                          Standardised Topology Organiser And Transport
  strict-user-process-control    Enable strict users processes control
  switch                         Provision a stack member or expansion bay
  system                         System properties
  tacacs-server                  TACACS+ server configuration commands
  telnet                         Configure telnet
  trigger                        Automatic scripted responses to device events
  tunnel                         Tunnel interfaces
  udld                           UniDirectional Link Detection (UDLD)
  undebug                        Debugging functions (see also 'undebug')
  username                       Establish User Name Authentication
  vlan                           Configure VLAN parameters
  vrrp                           VRRP configuration
  vty                            Virtual terminal

[K[18CIE520-stk(config)#

IE520-stk#end
            ^
% Invalid input detected at '^' marker.

IE520-stk#configure terminal
Enter configuration commands, one per line.  End with CNTL/Z.
IE520-stk(config)#class-map qcm
% QoS is not enabled globally
IE520-stk(config)#?
Configure commands:
  aaa                            Authentication, Authorization and Accounting
  access-group                   Access Control List to be globally applied
  access-list                    Add an access list entry
  acl-group                      ACL group configuration
  alarm                          Alarm settings
  application-proxy              ATMF Application Proxy
  arp                            Address Resolution Protocol (ARP)
  atmf                           ATMF
  auth                           Port Authentication
  auth-mac                       MAC-Based Authentication
  auth-web                       Configure web authentication
  auth-web-server                Configure web authentication server
  autoboot                       Restore from external media
  banner                         Banner configuration
  bfd                            Bidirectional Forwarding Detection (BFD)
  bgp                            Border Gateway Protocol (BGP)
  boot                           Boot configuration
  class-map                      Class map command
  clock                          Manage clock
  continuous-reboot-prevention   Continuous Reboot Prevention
  crypto                         Security Specific Commands
  debug                          Debugging functions (see also 'undebug')
  default                        Restore default settings
  do                             To run exec commands in config mode
  dot1x                          IEEE 802.1X Port-Based Access Control
  ecofriendly                    Global settings to save power
  enable                         Modify enable password parameters
  epsr                           Ethernet Protection Switching Ring (EPSR)
  ethernet                       Configure ethernet
  exit                           End current mode and down to previous mode
  fib                            FIB information
  findme                         Configure a FindMe trigger
  flow                           IP Flow
  g8032                          g8032 related parameters
  gui                            Device graphical user interface
  gui-timeout                    Set the GUI timeout in minutes and/or
                                 seconds.
  gvrp                           GARP Vlan Registration Protocol
  hardware                       Hardware management commands
  help                           Description of the interactive help system
  hostname                       Set system's network name
  http                           HTTP server
  interface                      Select an interface to configure
  ip                             Internet Protocol (IP)
  ipv6                           Internet Protocol version 6 (IPv6)
  isis                           Intermediate System - Intermediate System
                                 (IS-IS)
  key                            Authentication key management
  lacp                           LACP channel commands
  ldap-server                    Configure an LDAP server
  line                           Configure a terminal line
  linkflap                       Global setting for link flapping
  linkmon                        Link Health Monitoring
  lldp                           Link Layer Discovery Protocol (LLDP)
  local-proxy-arp                ARP respond for specified hosts on the local
                                 subnet
  location                       Global location configuration
  log                            Logging control
  log-rate-limit                 Configure log messages rate limit for a
                                 module
  loop-protection                Loop Protection
  low-memory                     Low memory
  mac                            Mac address
  mail                           Send an email
  max-fib-routes                 Set maximum fib routes number
  max-static-routes              Set maximum static routes number
  maximum-paths                  Set multipath numbers installed to FIB
  mls                            Multi-Layer Switch(L2/L3)
  mrp                            Media Redundancy Protocol
  netconf                        Netconf service
  no                             Negate a command or set its defaults
  ntp                            Network Time Protocol
  nvo                            Network virtualization overlay commands
  openflow                       Openflow
  ospf                           Open Shortest Path First (OSPF)
  ping-poll                      Ping Polling
  platform                       Global settings for the platform asic
  policy-map                     Policy map command
  port-vlan-forwarding-priority  Set port-vlan forwarding priority
  private-vlan                   Private VLAN
  radius                         RADIUS configuration
  radius-secure-proxy            RADIUS secure proxy configuration
  radius-server                  Radius server
  rip                            Routing Information Protocol (RIP)
  rmon                           Remote Monitoring Protocol (RMON)
  route-map                      Create route-map or enter route-map command
                                 mode
  router                         Enable a routing process
  router-id                      Router identifier for this system
  scada                          Enable Supervisory Control And Data
                                 Acquisition for this device
  security-password              Strong password security
  service                        Modify use of network based services
  sflow                          sFlow Protocol
  show                           Show running system information
  snmp                           snmp
  snmp-discovery                 SNMP network node discovery
  snmp-server                    Enable the snmp agent
  spanning-tree                  Spanning tree commands
  ssh                            Secure Shell
  stack                          Manage VCStack feature
  stoat                          Standardised Topology Organiser And Transport
  strict-user-process-control    Enable strict users processes control
  switch                         Provision a stack member or expansion bay
  system                         System properties
  tacacs-server                  TACACS+ server configuration commands
  telnet                         Configure telnet
  trigger                        Automatic scripted responses to device events
  tunnel                         Tunnel interfaces
  udld                           UniDirectional Link Detection (UDLD)
  undebug                        Debugging functions (see also 'undebug')
  username                       Establish User Name Authentication
  vlan                           Configure VLAN parameters
  vrrp                           VRRP configuration
  vty                            Virtual terminal

[K[18CIE520-stk(config)#

IE520-stk#end
            ^
% Invalid input detected at '^' marker.

IE520-stk#
>>> configure terminal
configure terminal
Enter configuration commands, one per line.  End with CNTL/Z.
IE520-stk(config)#
>>> no policy-map qpm
no policy-map qpm
% QoS is not enabled globally!
IE520-stk(config)#
>>> end
end
IE520-stk#