
===== opened /dev/u5 at 2026-09-22 08:49:15 =====

IE520-stk#
>>> terminal length 0
terminal length 0
IE520-stk#
>>> terminal no monitor
terminal no monitor
IE520-stk#
>>> terminal length 0
terminal length 0
IE520-stk#
>>> configure terminal
configure terminal
Enter configuration commands, one per line.  End with CNTL/Z.
IE520-stk(config)#
>>> interface port2.0.2
interface port2.0.2
IE520-stk(config-if)#
>>> no static-channel-group
no static-channel-group
IE520-stk(config-if)#
>>> exit
exit
IE520-stk(config)#
>>> end
end
IE520-stk#
>>> show running-config interface port2.0.2
show running-config interface port2.0.2
!
interface port2.0.2
 switchport
 switchport mode access
!
IE520-stk#
>>> show static-channel-group
show static-channel-group
LAG Maximum        : 124
LAG Static  Count  : 0
LAG Dynamic Count  : 1
LAG Total   Count  : 1
IE520-stk#
>>> show access-list
show access-list
IE520-stk#
>>> show ipv6 access-list
show ipv6 access-list
IE520-stk#