
===== opened /dev/u5 at 2026-09-22 10:17:02 =====

IE520-stk#
>>> terminal length 0
terminal length 0
IE520-stk#
>>> terminal no monitor
terminal no monitor
IE520-stk#
>>> terminal length 0
terminal length 0
IE520-stk#
>>> configure terminal
configure terminal
Enter configuration commands, one per line.  End with CNTL/Z.
IE520-stk(config)#
>>> mls qos disable
mls qos disable
                           ^
% Invalid input detected at '^' marker.

IE520-stk(config)#
>>> end
end
IE520-stk#
>>> configure terminal
configure terminal
Enter configuration commands, one per line.  End with CNTL/Z.
IE520-stk(config)#
>>> no mls qos
no mls qos

>>> end

>>> show mls qos
IE520-stk(config)#end
IE520-stk#show mls qos
  Disable
IE520-stk#