1790736258.715 15:44:18 >>> show mrp ring
show mrp ring
Media Redundancy Protocol - Ring Information
MRP Ring 1
 Domain ID:                           ffffffff-ffff-ffff-ffff-ffffffffffff
 Domain Name:                         
 Ring Status:                         Enabled
 Running State:                       Running
 Role:                                Manager
 Network Status:                      Closed
 Port1:                               port1.0.13
  Status:                             Forwarding
 Port2:                               port1.0.26
  Status:                             Blocking
 Vlan ID:
 React on Link Change:                No
 Profile:                             200ms
  Topology Change Interval:           10ms
  Topology Change Count:              3
  Short Test Frame Interval:          10ms
  Default Test Frame Interval:        20ms
  Test Monitoring Interval Count:     3
  Test Monitoring Ext Interval Count: 3
  Non-blocking MRC Supported:         No
  Blocked port state supported:       Yes

IE520-sa#
1790736262.969 15:44:22 >>> show log tail 60
show log tail 60
7[r[999;999H[6n
<date> <time> <facility>.<severity> <program[<pid>]>: <message>
-------------------------------------------------------------------------
2026 Sep 30 02:43:00 user.notice IE520-sa mrpd: EVENT: Rx MRP_TopologyChange ring_id=1 port=port1.0.13
2026 Sep 30 02:43:01 user.notice IE520-sa IMISH[23482]: [manager@ttyS0]show mrp ring
2026 Sep 30 02:43:16 user.notice IE520-sa IMISH[341]: Last message '[manager@ttyS0]show ' repeated 6 times, suppressed by syslog-ng on IE520-sa
2026 Sep 30 02:43:16 user.notice IE520-sa IMISH[23482]: [manager@ttyS0]terminal no monitor
2026 Sep 30 02:43:23 user.notice IE520-sa IMISH[23482]: [manager@ttyS0]terminal length 0
2026 Sep 30 02:43:24 user.notice IE520-sa IMISH[23482]: [manager@ttyS0]terminal no monitor
2026 Sep 30 02:43:26 user.notice IE520-sa IMISH[23482]: [manager@ttyS0]show mrp ring
2026 Sep 30 02:43:30 user.notice IE520-sa IMISH[23482]: [manager@ttyS0]show log tail 60
2026 Sep 30 02:43:31 user.notice IE520-sa IMISH[23482]: [manager@ttyS0]terminal no monitor
2026 Sep 30 02:43:34 user.notice IE520-sa IMISH[23482]: [manager@ttyS0]terminal length 0
2026 Sep 30 02:43:35 user.notice IE520-sa IMISH[23482]: [manager@ttyS0]terminal no monitor
2026 Sep 30 02:43:36 user.notice IE520-sa IMISH[23482]: [manager@ttyS0]show mrp ring
2026 Sep 30 02:43:59 user.notice IE520-sa IMISH[341]: Last message '[manager@ttyS0]show ' repeated 12 times, suppressed by syslog-ng on IE520-sa
2026 Sep 30 02:43:59 user.notice IE520-sa mrpd: PORT: port1.0.26 link DOWN (0x1003)
2026 Sep 30 02:43:59 user.notice IE520-sa mrpd: PORT: Update ring port port1.0.26 with state to Blocked
2026 Sep 30 02:43:59 user.notice IE520-sa mrpd: PORT: Update ring port port1.0.13 with state to Forwarding
2026 Sep 30 02:43:59 user.notice IE520-sa mrpd: PORT: port 5026 set Blocked
2026 Sep 30 02:43:59 user.notice IE520-sa mrpd: ffffffff-ffff-ffff-ffff-ffffffffffff: Ring-id[1]: Ring opened
2026 Sep 30 02:43:59 user.notice IE520-sa mrpd: FSM: ring_id=1 CHK_RC -> PRM_UP evt=MRP_ProtEvMAUTypeChangeInd
2026 Sep 30 02:43:59 user.notice IE520-sa mrpd: FSM: PRM_RPort 5013 SEC_RPort 5026
2026 Sep 30 02:43:59 user.notice IE520-sa mrpd: FSM: port 5026 state Down
2026 Sep 30 02:43:59 user.notice IE520-sa mrpd: PORT: port 5013 set Forwarding
2026 Sep 30 02:43:59 user.notice IE520-sa NSM[723]: Port down notification received for port1.0.26 
2026 Sep 30 02:43:59 user.notice IE520-sa mrpd: EVENT: Rx MRP_LinkDown ring_id=1 port=port1.0.13 mac=0000.cd37.0d6f
2026 Sep 30 02:43:59 user.notice IE520-sa mrpd[341]: Last message 'EVENT: Rx MRP_LinkDo' repeated 1 times, suppressed by syslog-ng on IE520-sa
2026 Sep 30 02:43:59 user.notice IE520-sa mrpd: FDB: Flush FDB entries for the ring ports with ifindices: {5013, 5026}
2026 Sep 30 02:44:01 user.notice IE520-sa IMISH[23482]: [manager@ttyS0]show mrp ring
2026 Sep 30 02:44:30 user.notice IE520-sa IMISH[341]: Last message '[manager@ttyS0]show ' repeated 14 times, suppressed by syslog-ng on IE520-sa
2026 Sep 30 02:44:30 user.notice IE520-sa NSM[723]: Port up notification received for port1.0.26 
2026 Sep 30 02:44:30 user.notice IE520-sa mrpd: PORT: port1.0.26 link UP (0x1043)
2026 Sep 30 02:44:30 user.notice IE520-sa mrpd: ffffffff-ffff-ffff-ffff-ffffffffffff: Ring-id[1]: Ring closed
2026 Sep 30 02:44:30 user.notice IE520-sa mrpd: FSM: ring_id=1 PRM_UP -> CHK_RC evt=MRP_ProtEvMAUTypeChangeInd
2026 Sep 30 02:44:30 user.notice IE520-sa mrpd: FSM: PRM_RPort 5013 SEC_RPort 5026
2026 Sep 30 02:44:30 user.notice IE520-sa mrpd: FSM: port 5026 state Up
2026 Sep 30 02:44:30 user.notice IE520-sa mrpd: EVENT: Rx MRP_LinkUp ring_id=1 port=port1.0.13 mac=0000.cd37.0d6f
2026 Sep 30 02:44:30 user.notice IE520-sa mrpd[341]: Last message 'EVENT: Rx MRP_LinkUp' repeated 2 times, suppressed by syslog-ng on IE520-sa
2026 Sep 30 02:44:30 user.notice IE520-sa mrpd: PORT: Update ring port port1.0.26 with state to Forwarding
2026 Sep 30 02:44:30 user.notice IE520-sa mrpd: PORT: port 5026 set Forwarding
2026 Sep 30 02:44:30 user.notice IE520-sa mrpd: ffffffff-ffff-ffff-ffff-ffffffffffff: Ring-id[1]: Ring opened
2026 Sep 30 02:44:30 user.notice IE520-sa mrpd: FSM: ring_id=1 CHK_RC -> CHK_RO evt=MRP_ProtEvTestTimerExpired
2026 Sep 30 02:44:30 user.notice IE520-sa mrpd: EVENT: Rx MRP_TopologyChange ring_id=1 port=port1.0.26
2026 Sep 30 02:44:30 user.notice IE520-sa mrpd: EVENT: Rx MRP_TopologyChange ring_id=1 port=port1.0.13
2026 Sep 30 02:44:30 user.notice IE520-sa mrpd: PORT: Update ring port port1.0.26 with state to Blocked
2026 Sep 30 02:44:30 user.notice IE520-sa mrpd: ffffffff-ffff-ffff-ffff-ffffffffffff: Ring-id[1]: Ring closed
2026 Sep 30 02:44:30 user.notice IE520-sa mrpd: FSM: ring_id=1 CHK_RO -> CHK_RC evt=MRP_ProtEvTestRingInd
2026 Sep 30 02:44:30 user.notice IE520-sa mrpd: PORT: port 5026 set Blocked
2026 Sep 30 02:44:30 user.notice IE520-sa mrpd: EVENT: Rx MRP_TopologyChange ring_id=1 port=port1.0.26
2026 Sep 30 02:44:30 user.notice IE520-sa mrpd: EVENT: Rx MRP_TopologyChange ring_id=1 port=port1.0.13
2026 Sep 30 02:44:30 user.notice IE520-sa mrpd: EVENT: Rx MRP_TopologyChange ring_id=1 port=port1.0.26
2026 Sep 30 02:44:30 user.notice IE520-sa mrpd: EVENT: Rx MRP_TopologyChange ring_id=1 port=port1.0.13
2026 Sep 30 02:44:30 user.notice IE520-sa mrpd: FDB: Flush FDB entries for the ring ports with ifindices: {5013, 5026}
2026 Sep 30 02:44:30 user.notice IE520-sa mrpd: EVENT: Rx MRP_TopologyChange ring_id=1 port=port1.0.26
2026 Sep 30 02:44:30 user.notice IE520-sa mrpd: EVENT: Rx MRP_TopologyChange ring_id=1 port=port1.0.13
2026 Sep 30 02:44:31 user.notice IE520-sa IMISH[23482]: [manager@ttyS0]show mrp ring
2026 Sep 30 02:44:50 user.notice IE520-sa IMISH[341]: Last message '[manager@ttyS0]show ' repeated 8 times, suppressed by syslog-ng on IE520-sa
2026 Sep 30 02:44:50 user.notice IE520-sa IMISH[23482]: [manager@ttyS0]terminal no monitor
2026 Sep 30 02:44:56 user.notice IE520-sa IMISH[23482]: [manager@ttyS0]terminal length 0
2026 Sep 30 02:44:58 user.notice IE520-sa IMISH[23482]: [manager@ttyS0]terminal no monitor
2026 Sep 30 02:45:00 user.notice IE520-sa IMISH[23482]: [manager@ttyS0]show mrp ring
2026 Sep 30 02:45:03 user.notice IE520-sa IMISH[23482]: [manager@ttyS0]show log tail 60
IE520-sa#
