
===== opened /dev/u5 at 2026-09-23 07:10:17 =====

IE520-stk#
>>> terminal length 0
terminal length 0
IE520-stk#
>>> terminal no monitor
terminal no monitor
IE520-stk#
>>> terminal length 0
terminal length 0
IE520-stk#
>>> show mac address-table
show mac address-table
VLAN port             mac            fwd 
1    CPU          0000.cd37.0d6f   forward       static 
1    port3.0.2    0000.cd40.0394   forward       dynamic
1    port3.0.13   00f0.4d00.7716   forward       dynamic
1    port2.0.2    00f0.4d00.7717   forward       dynamic
1    port3.0.9    00f0.4d00.7718   forward       dynamic
1    port3.0.2    0200.cd40.0394   forward       dynamic
1    port1.0.9    021a.eb91.cca1   forward       dynamic
10   CPU          0000.cd37.0d6f   forward       static 
10   po1          0200.cd40.0394   forward       dynamic
4092 CPU          7eaa.88e6.b933   forward       static 
4092 CPU          a655.c628.eee1   forward       static 
IE520-stk#