
===== opened /dev/u0 at 2026-09-23 07:14:17 =====


x230-10GP#x230-10GP#
--- prompt seen at open: '\r\r\n\r\nx230-10GP#x230-10GP#' ---

>>> terminal length 0
terminal length 0
x230-10GP#
>>> configure terminal
configure terminal
Enter configuration commands, one per line.  End with CNTL/Z.
x230-10GP(config)#
>>> no lacp global-passive-mode enable
no lacp global-passive-mode enable
x230-10GP(config)#
>>> interface port1.0.3-1.0.4
interface port1.0.3-1.0.4
x230-10GP(config-if)#
>>> static-channel-group 2
static-channel-group 2
% port1.0.4: The port port1.0.4 is already under lacp control
x230-10GP(config-if)#
>>> exit
exit
x230-10GP(config)#
>>> end
end
x230-10GP#
>>> show static-channel-group
show static-channel-group
LAG Maximum        : 128
LAG Static  Count  : 1
LAG Dynamic Count  : 1
LAG Total   Count  : 2
Static Aggregator: sa2
Member:
 port1.0.3
x230-10GP#