
===== opened /dev/u0 at 2026-09-23 07:05:28 =====

[m

x230-10GP login: 
--- prompt seen at open: '\r\n\x1b[m\r\n\r\r\nx230-10GP login: ' ---

>>> manager
manager
Password: 
>>> friend

Last login: Tue Sep 22 04:12:50 UTC 2026 on ttyS0
AlliedWare Plus (TM) 5.5.5 09/18/26 09:47:00

% Default password needs to be changed.
x230-10GP>
>>> enable
enable
x230-10GP#
>>> terminal length 0
terminal length 0
x230-10GP#
>>> show interface status
show interface status
Port        Name               Status      Vlan      Duplex Speed   Type        
--------------------------------------------------------------------------------
port1.0.1   -                  connected         100 a-full a-1000  1000BASE-T  
port1.0.2   -                  notconnect        100 auto   auto    1000BASE-T  
port1.0.3   -                  connected         100 a-full a-1000  1000BASE-T  
port1.0.4   -                  notconnect        100 auto   auto    1000BASE-T  
port1.0.5   -                  notconnect        100 auto   auto    1000BASE-T  
port1.0.6   -                  notconnect        100 auto   auto    1000BASE-T  
port1.0.7   -                  notconnect        100 auto   auto    1000BASE-T  
port1.0.8   -                  notconnect        100 auto   auto    1000BASE-T  
port1.0.9   -                  notconnect        100 auto   auto    not present 
port1.0.10  -                  notconnect        100 auto   auto    not present 
po1         -                  notconnect        100 auto   auto    -           

x230-10GP#