
===== opened /dev/u5 at 2026-09-23 07:10:48 =====

IE520-stk#
>>> terminal length 0
terminal length 0
IE520-stk#
>>> terminal no monitor
terminal no monitor
IE520-stk#
>>> terminal length 0
terminal length 0
IE520-stk#
>>> show loop-protection
show loop-protection


LDF Interval:    1
Fast Block:      Enabled
Total Instances: 104 (104 packets/s)
                                                        Timeout
  Int           Enabled  Action     Status    Timeout   Remain   Rx port
  --------------------------------------------------------------------------
  port1.0.1     Yes      vlan-dis   Normal    7         -        -          
  port1.0.2     Yes      vlan-dis   Normal    7         -        -          
  port1.0.3     Yes      vlan-dis   Normal    7         -        -          
  port1.0.4     Yes      vlan-dis   Normal    7         -        -          
  port1.0.5     Yes      vlan-dis   Normal    7         -        -          
  port1.0.6     Yes      vlan-dis   Normal    7         -        -          
  port1.0.7     Yes      vlan-dis   Normal    7         -        -          
  port1.0.8     Yes      vlan-dis   Normal    7         -        -          
  port1.0.9     Yes      vlan-dis   Normal    7         -        -          
  port1.0.10    Yes      vlan-dis   Normal    7         -        -          
  port1.0.11    Yes      vlan-dis   Normal    7         -        -          
  port1.0.12    Yes      vlan-dis   Normal    7         -        -          
  port1.0.13    Yes      vlan-dis   Normal    7         -        -          
  port1.0.14    Yes      vlan-dis   Normal    7         -        -          
  port1.0.15    Yes      vlan-dis   Normal    7         -        -          
  port1.0.16    Yes      vlan-dis   Normal    7         -        -          
  port1.0.17    Yes      vlan-dis   Normal    7         -        -          
  port1.0.18    Yes      vlan-dis   Normal    7         -        -          
  port1.0.19    Yes      vlan-dis   Normal    7         -        -          
  port1.0.20    Yes      vlan-dis   Normal    7         -        -          
  port1.0.21    Yes      vlan-dis   Normal    7         -        -          
  port1.0.22    Yes      vlan-dis   Normal    7         -        -          
  port1.0.23    Yes      vlan-dis   Normal    7         -        -          
  port1.0.24    Yes      vlan-dis   Normal    7         -        -          
  port1.0.25    Yes      vlan-dis   Normal    7         -        -          
  port1.0.26    Yes      vlan-dis   Normal    7         -        -          
  port2.0.1     Yes      vlan-dis   Normal    7         -        -          
  port2.0.2     Yes      vlan-dis   Normal    7         -        -          
  port2.0.3     Yes      vlan-dis   Normal    7         -        -          
  port2.0.4     Yes      vlan-dis   Normal    7         -        -          
  port2.0.5     Yes      vlan-dis   Normal    7         -        -          
  port2.0.6     Yes      vlan-dis   Normal    7         -        -          
  port2.0.7     Yes      vlan-dis   Normal    7         -        -          
  port2.0.8     Yes      vlan-dis   Normal    7         -        -          
  port2.0.9     Yes      vlan-dis   Normal    7         -        -          
  port2.0.10    Yes      vlan-dis   Normal    7         -        -          
  port2.0.11    Yes      vlan-dis   Normal    7         -        -          
  port2.0.12    Yes      vlan-dis   Normal    7         -        -          
  port2.0.13    Yes      vlan-dis   Normal    7         -        -          
  port2.0.14    Yes      vlan-dis   Normal    7         -        -          
  port2.0.15    Yes      vlan-dis   Normal    7         -        -          
  port2.0.16    Yes      vlan-dis   Normal    7         -        -          
  port2.0.17    Yes      vlan-dis   Normal    7         -        -          
  port2.0.18    Yes      vlan-dis   Normal    7         -        -          
  port2.0.19    Yes      vlan-dis   Normal    7         -        -          
  port2.0.20    Yes      vlan-dis   Normal    7         -        -          
  port2.0.21    Yes      vlan-dis   Normal    7         -        -          
  port2.0.22    Yes      vlan-dis   Normal    7         -        -          
  port2.0.23    Yes      vlan-dis   Normal    7         -        -          
  port2.0.24    Yes      vlan-dis   Normal    7         -        -          
  port2.0.25    Yes      vlan-dis   Normal    7         -        -          
  port2.0.26    Yes      vlan-dis   Normal    7         -        -          
  port3.0.1     Yes      vlan-dis   Normal    7         -        -          
  port3.0.2     Yes      vlan-dis   Normal    7         -        -          
  port3.0.3     Yes      vlan-dis   Normal    7         -        -          
  port3.0.4     Yes      vlan-dis   Normal    7         -        -          
  port3.0.5     Yes      vlan-dis   Normal    7         -        -          
  port3.0.6     Yes      vlan-dis   Normal    7         -        -          
  port3.0.7     Yes      vlan-dis   Normal    7         -        -          
  port3.0.8     Yes      vlan-dis   Normal    7         -        -          
  port3.0.9     Yes      vlan-dis   Normal    7         -        -          
  port3.0.10    Yes      vlan-dis   Normal    7         -        -          
  port3.0.11    Yes      vlan-dis   Normal    7         -        -          
  port3.0.12    Yes      vlan-dis   Normal    7         -        -          
  port3.0.13    Yes      vlan-dis   Normal    7         -        -          
  port3.0.14    Yes      vlan-dis   Normal    7         -        -          
  port3.0.15    Yes      vlan-dis   Normal    7         -        -          
  port3.0.16    Yes      vlan-dis   Normal    7         -        -          
  port3.0.17    Yes      vlan-dis   Normal    7         -        -          
  port3.0.18    Yes      vlan-dis   Normal    7         -        -          
  port3.0.19    Yes      vlan-dis   Normal    7         -        -          
  port3.0.20    Yes      vlan-dis   Normal    7         -        -          
  port3.0.21    Yes      vlan-dis   Normal    7         -        -          
  port3.0.22    Yes      vlan-dis   Normal    7         -        -          
  port3.0.23    Yes      vlan-dis   Normal    7         -        -          
  port3.0.24    Yes      vlan-dis   Normal    7         -        -          
  port3.0.25    Yes      vlan-dis   Normal    7         -        -          
  port3.0.26    Yes      vlan-dis   Normal    7         -        -          
  port4.0.1     Yes      vlan-dis   Normal    7         -        -          
  port4.0.2     No       -          -         -         -        -          
  port4.0.3     Yes      vlan-dis   Normal    7         -        -          
  port4.0.4     Yes      vlan-dis   Normal    7         -        -          
  port4.0.5     Yes      vlan-dis   Normal    7         -        -          
  port4.0.6     Yes      vlan-dis   Normal    7         -        -          
  port4.0.7     Yes      vlan-dis   Normal    7         -        -          
  port4.0.8     Yes      vlan-dis   Normal    7         -        -          
  port4.0.9     Yes      vlan-dis   Normal    7         -        -          
  port4.0.10    Yes      vlan-dis   Normal    7         -        -          
  port4.0.11    Yes      vlan-dis   Normal    7         -        -          
  port4.0.12    Yes      vlan-dis   Normal    7         -        -          
  port4.0.13    Yes      vlan-dis   Normal    7         -        -          
  port4.0.14    Yes      vlan-dis   Normal    7         -        -          
  port4.0.15    Yes      vlan-dis   Normal    7         -        -          
  port4.0.16    Yes      vlan-dis   Normal    7         -        -          
  port4.0.17    Yes      vlan-dis   Normal    7         -        -          
  port4.0.18    Yes      vlan-dis   Normal    7         -        -          
  port4.0.19    Yes      vlan-dis   Normal    7         -        -          
  port4.0.20    Yes      vlan-dis   Normal    7         -        -          
  port4.0.21    Yes      vlan-dis   Normal    7         -        -          
  port4.0.22    Yes      vlan-dis   Normal    7         -        -          
  port4.0.23    Yes      vlan-dis   Normal    7         -        -          
  port4.0.24    Yes      vlan-dis   Normal    7         -        -          
  port4.0.25    Yes      vlan-dis   Normal    7         -        -          
  port4.0.26    Yes      vlan-dis   Normal    7         -        -          
  po1           Yes      vlan-dis   Normal    7         -        -          
IE520-stk#
>>> show stack
show stack
Virtual Chassis Stacking summary information

ID   Pending ID  MAC address        Priority  Status  Role
1    -           84e3.2787.0ac0     128       Ready   Backup Member
2    -           84e3.2787.0780     2         Ready   Backup Member
3    -           84e3.2787.0740     128       Ready   Active Master
4    -           84e3.2787.09c0     128       Ready   Backup Member

Operational Status                 Normal operation
Stack MAC address                  0000.cd37.0d6f (Virtual MAC)
IE520-stk#
>>> show cpu
show cpu

Stack member 1:

CPU averages:
 1 second: 5%, 20 seconds: 3%, 60 seconds: 3%
System load averages:
 1 minute: 2.12, 5 minutes: 2.12, 15 minutes: 2.9
Current CPU load:
 userspace: 2%, kernel: 5%, interrupts: 0% iowaits: 0%

user processes
==============
  pid name            thrds  cpu%   pri     state   runtime
  545 hostd              13   2.0    20       run     14647
  683 exfx               40   1.0    20     sleep    718687
  687 stackd              5   0.5    20     sleep     44037
30969 tail                1   0.0    20     sleep       623
28544 ssh                 1   0.0    20     sleep       160
 7124 chronyd             1   0.0    20     sleep        48
 4229 ospf6d              3   0.0    20     sleep       306
 3752 stk_probe_timeo     1   0.0    20     sleep        43
 3751 logwatch            1   0.0    20     sleep        42
 3298 login               1   0.0    20     sleep        61
 2989 amfappsd            7   0.0    20     sleep       190
 2728 nginx               1   0.0    20     sleep         0
 2727 nginx               1   0.0    20     sleep         0
 2726 nginx               1   0.0    20     sleep         0
 2639 onmd                5   0.0    20     sleep      4866
 2630 shellinaboxd        1   0.0    20     sleep         0
 2603 shellinaboxd        1   0.0    20     sleep        11
 2602 apteryx-rest        5   0.0    20     sleep       178
 2600 cmsg-proxy-fcgi     7   0.0    20     sleep       292
 2217 sshd                1   0.0    20     sleep        71
 2215 console_log_ale     1   0.0    20     sleep        45
 2140 snmpd               4   0.0    20     sleep      5798
 2033 bgpd                3   0.0    20     sleep      1855
 1509 corosync           11   0.0  -100     sleep     45829
 1494 sshd                1   0.0    20     sleep         0
 1159 rpc.mountd          1   0.0    20     sleep         2
 1148 rpc.statd           1   0.0    20     sleep         1
  832 tpm2-abrmd          7   0.0    20     sleep        97
  827 diag_monitor        1   0.0    20     sleep     58861
  796 udldd               2   0.0    20     sleep       860
  794 sflowd              5   0.0    20     sleep      2909
  793 rmond               5   0.0    20     sleep       923
  792 mstpd               6   0.0    20     sleep     11092
  791 loopprotd           7   0.0    20     sleep      4957
  790 lacpd               5   0.0    20     sleep      2890
  789 irdpd               3   0.0    20     sleep       317
  788 lldpd               7   0.0    20     sleep      9670
  787 imiproxyd           1   0.0    20     sleep       488
  782 authd               9   0.0    20     sleep      4973
  748 atmfd              10   0.0    20     sleep     10147
  747 dbus-daemon         1   0.0    20     sleep        70
  681 tunneld             5   0.0    20     sleep         9
  676 platform_eventd     3   0.0    20     sleep        20
  651 atmffsd             7   0.0    20     sleep        38
  649 sshd                1   0.0    20     sleep         5
  642 atmf_agentd         3   0.0    20     sleep       306
  638 nsm                13   0.0    20     sleep     14238
  636 linkmond           11   0.0    20     sleep     10168
  635 licd                5   0.0    20     sleep        36
  632 hsl                 9   0.0    20     sleep      6308
  631 imi                 6   0.0    20     sleep      2997
  630 eventwatch         10   0.0    20     sleep       669
  629 almond              5   0.0    20     sleep       352
  601 tpm_server          3   0.0    20     sleep       909
  557 mnt-monitor.sh      1   0.0    20     sleep         1
  556 inotifywait         1   0.0    20     sleep        31
  552 delaybuffer         1   0.0    20     sleep        42
  547 modbusd             8   0.0    20     sleep       393
  546 mnt-monitor.sh      1   0.0    20     sleep        15
  542 filesysd            8   0.0    20     sleep       321
  539 cmlplatformd        7   0.0    20     sleep      4411
  425 plugman             9   0.0    20     sleep      4072
  423 platformd           9   0.0    20     sleep      4464
  354 alfred              7   0.0    20     sleep       397
  331 stashd              3   0.0    20     sleep       295
  330 snmp-discovery      5   0.0    20     sleep        69
  328 procmond            4   0.0    20     sleep        23
  327 kermond             8   0.0    20     sleep       477
  325 apteryx-sync        6   0.0    20     sleep       489
  321 apteryxd           55   0.0    20     sleep      5519
  317 syslog-ng           2   0.0    20     sleep      3837
  316 rpcbind             1   0.0    20     sleep        27
  298 crond               1   0.0    20     sleep       183
  288 earlyoom            1   0.0     0     sleep     18742
  281 reset-buttond       2   0.0    20     sleep        18
  280 pam_radius_acct     1   0.0    20     sleep        79
  271 inetd               1   0.0    20     sleep       398
  269 execd               3   0.0    20     sleep       383
  267 cmsg_sld            3   0.0    20     sleep       835
  266 cmsg_psd            4   0.0    20     sleep       516
  262 appmond             2   0.0    20     sleep     23057
  101 systemd-udevd       1   0.0    20     sleep       585
   94 systemd-journal     1   0.0    20     sleep       805
    1 systemd             1   0.0    20     sleep      6607

kernel threads
==============
  pid name             cpu%   pri     state   runtime
32458 kworker/1:4-events   0.0    20      idle         0
31815 kworker/1:0-events   0.0    20      idle        59
31438 kworker/1:1-events   0.0    20      idle       118
31271 kworker/0:3-events   0.0    20      idle         6
30202 kworker/0:12-events   0.0    20      idle        61
27394 kworker/0:0-events   0.0    20      idle         6
27187 kworker/0:13-events   0.0    20      idle       150
25223 kworker/1:3-events   0.0    20      idle         8
24548 kworker/1:5-events   0.0    20      idle        73
22202 kworker/0:1-events   0.0    20      idle       357
22071 kworker/0:8-events   0.0    20      idle        26
19908 kworker/0:5-events   0.0    20      idle       283
18688 kworker/u10:3     0.0    20      idle         0
18533 kworker/0:10-events   0.0    20      idle       100
17560 kworker/0:11-events   0.0    20      idle        35
13824 kworker/1:7-events   0.0    20      idle        99
13572 kworker/0:7-events   0.0    20      idle        43
12083 kworker/0:9-events   0.0    20      idle       376
10322 kworker/u9:2-kvfree   0.0    20      idle        21
 3390 kworker/1:6-events   0.0    20      idle        56
 2328 kworker/0:4-events   0.0    20      idle       132
 2316 kworker/0:2-events   0.0    20      idle       398
 1647 kworker/u10:2-kvfre   0.0    20      idle        23
 1157 nfsd              0.0    20      idle         1
 1156 nfsd              0.0    20      idle         0
 1155 lockd             0.0    20      idle         0
 1118 kworker/1:2-events   0.0    20      idle       298
  937 kworker/0:6-events   0.0    20      idle       191
  912 kworker/u9:3-kvfree   0.0    20      idle        49
  261 kworker/R-ifdown_nb   0.0     0      idle         0
  200 ubifs_bgt0_0      0.0    20     sleep         0
  194 ubi_bgt0d         0.0    20     sleep       691
   52 kworker/1:1H-kblock   0.0     0      idle         2
   51 kworker/u8:1-tipc_s   0.0    20      idle         0
   50 kworker/R-ipv6_addr   0.0     0      idle         0
   49 kworker/R-ifdown_nb   0.0     0      idle         0
   48 kworker/R-mld     0.0     0      idle         0
   45 spi0              0.0    20     sleep         0
   44 kworker/u10:1-kvfre   0.0    20      idle       118
   42 kworker/R-nfsiod   0.0     0      idle         0
   41 kswapd0           0.0    20     sleep        14
   39 kworker/0:1H-kblock   0.0     0      idle         2
   38 kworker/R-xprtiod   0.0     0      idle         0
   37 kworker/R-rpciod   0.0     0      idle         0
   36 watchdogd         0.0   -51     sleep         0
   35 kworker/R-edac-poll   0.0     0      idle         0
   34 kworker/R-kblockd   0.0     0      idle         0
   33 kcompactd0        0.0    20     sleep       680
   32 kworker/R-writeback   0.0     0      idle         0
   31 oom_reaper        0.0    20     sleep         0
   30 kworker/R-inet_frag   0.0     0      idle         0
   29 kdevtmpfs         0.0    20     sleep         0
   27 kworker/u9:0-events   0.0    20      idle        67
   26 kworker/1:0H-events   0.0     0      idle         0
   24 ksoftirqd/1       0.0    20     sleep      3212
   23 migration/1       0.0  -100     sleep       399
   22 cpuhp/1           0.0    20     sleep         0
   21 cpuhp/0           0.0    20     sleep         0
   20 migration/0       0.0  -100     sleep       450
   19 rcu_exp_gp_kthread_   0.0    20     sleep         0
   18 rcu_exp_par_gp_kthr   0.0    20     sleep         0
   17 rcu_preempt       0.0    20      idle      8139
   16 ksoftirqd/0       0.0    20     sleep      3599
   15 rcu_tasks_trace_kth   0.0    20      idle         0
   14 rcu_tasks_kthread   0.0    20      idle         0
   13 kworker/R-mm_percpu   0.0     0      idle         0
   12 kworker/u8:0-ipv6_a   0.0    20      idle         9
   10 kworker/0:0H-events   0.0     0      idle         0
    8 kworker/R-netns   0.0     0      idle         0
    7 kworker/R-slub_flus   0.0     0      idle         0
    6 kworker/R-sync_wq   0.0     0      idle         0
    5 kworker/R-rcu_gp   0.0     0      idle         0
    4 kworker/R-kvfree_rc   0.0     0      idle         0
    3 pool_workqueue_rele   0.0    20     sleep         0
    2 kthreadd          0.0    20     sleep        12

Stack member 2:

CPU averages:
 1 second: 4%, 20 seconds: 3%, 60 seconds: 3%
System load averages:
 1 minute: 2.09, 5 minutes: 2.14, 15 minutes: 2.18
Current CPU load:
 userspace: 0%, kernel: 7%, interrupts: 0% iowaits: 0%

user processes
==============
  pid name            thrds  cpu%   pri     state   runtime
  517 hostd              13   1.4    20       run     26984
  708 exfx               40   0.9    20     sleep   1326612
  829 diag_monitor        1   0.4    20     sleep    109317
  714 atmfd              10   0.4    20     sleep     15112
  710 stackd              5   0.4    20     sleep     81260
30470 ssh                 1   0.0    20     sleep       100
30412 login               1   0.0    20     sleep         8
25843 shellinaboxd        1   0.0    20     sleep         0
25842 shellinaboxd        1   0.0    20     sleep         0
25841 apteryx-rest        5   0.0    20     sleep        80
25839 cmsg-proxy-fcgi     6   0.0    20     sleep        40
17721 tail                1   0.0    20     sleep      1190
 6676 chronyd             1   0.0    20     sleep        47
 4978 ospf6d              3   0.0    20     sleep       258
 3557 amfappsd            7   0.0    20     sleep       188
 2663 onmd                5   0.0    20     sleep      9137
 2371 sshd                1   0.0    20     sleep        74
 2276 snmpd               4   0.0    20     sleep     10597
 2177 console_log_ale     1   0.0    20     sleep        91
 2101 bgpd                3   0.0    20     sleep      3336
 1986 stk_probe_timeo     1   0.0    20     sleep        44
 1982 logwatch            1   0.0    20     sleep        42
 1527 corosync           11   0.0  -100     sleep     75703
 1519 sshd                1   0.0    20     sleep         0
 1385 sshd                1   0.0    20     sleep         5
 1194 rpc.mountd          1   0.0    20     sleep         9
 1182 rpc.statd           1   0.0    20     sleep         1
  881 tpm2-abrmd          7   0.0    20     sleep        97
  826 dbus-daemon         1   0.0    20     sleep        32
  825 udldd               2   0.0    20     sleep      1680
  824 sflowd              5   0.0    20     sleep      5355
  822 rmond               5   0.0    20     sleep      1728
  821 mstpd               6   0.0    20     sleep     20559
  820 loopprotd           7   0.0    20     sleep     12846
  818 lldpd               7   0.0    20     sleep     19571
  817 lacpd               5   0.0    20     sleep      5566
  816 irdpd               3   0.0    20     sleep       533
  815 imiproxyd           1   0.0    20     sleep       731
  813 authd               9   0.0    20     sleep      9192
  706 tunneld             5   0.0    20     sleep         9
  699 platform_eventd     3   0.0    20     sleep         8
  688 atmffsd             7   0.0    20     sleep        36
  682 atmf_agentd         3   0.0    20     sleep       585
  670 nginx               1   0.0    20     sleep         0
  669 nsm                13   0.0    20     sleep     26464
  668 nginx               1   0.0    20     sleep         0
  667 nginx               1   0.0    20     sleep         0
  662 linkmond           11   0.0    20     sleep     18804
  658 licd                5   0.0    20     sleep        39
  654 hsl                 9   0.0    20     sleep     13947
  653 imi                 6   0.0    20     sleep      4606
  652 eventwatch         10   0.0    20     sleep      1416
  651 almond              5   0.0    20     sleep       658
  647 tpm_server          3   0.0    20     sleep      1647
  585 delaybuffer         1   0.0    20     sleep        34
  546 mnt-monitor.sh      1   0.0    20     sleep         0
  545 inotifywait         1   0.0    20     sleep        31
  541 cmlplatformd        7   0.0    20     sleep      8179
  519 modbusd             8   0.0    20     sleep       746
  518 mnt-monitor.sh      1   0.0    20     sleep        15
  516 filesysd            8   0.0    20     sleep       634
  418 plugman             9   0.0    20     sleep      7382
  411 platformd           9   0.0    20     sleep      8251
  350 alfred              7   0.0    20     sleep       584
  321 stashd              3   0.0    20     sleep       548
  319 snmp-discovery      5   0.0    20     sleep        95
  317 procmond            4   0.0    20     sleep        21
  315 kermond             7   0.0    20     sleep      1724
  313 apteryx-sync        6   0.0    20     sleep       803
  310 apteryxd           55   0.0    20     sleep     11451
  295 rpcbind             1   0.0    20     sleep        67
  293 syslog-ng           2   0.0    20     sleep     24140
  291 crond               1   0.0    20     sleep       340
  286 earlyoom            1   0.0     0     sleep     34714
  265 reset-buttond       2   0.0    20     sleep        45
  264 pam_radius_acct     1   0.0    20     sleep        63
  261 inetd               1   0.0    20     sleep       707
  259 execd               3   0.0    20     sleep       594
  257 cmsg_sld            3   0.0    20     sleep      1498
  256 cmsg_psd            4   0.0    20     sleep      1015
  252 appmond             2   0.0    20     sleep     40584
   97 systemd-udevd       1   0.0    20     sleep      1415
   93 systemd-journal     1   0.0    20     sleep     43110
    1 systemd             1   0.0    20     sleep     12851

kernel threads
==============
  pid name             cpu%   pri     state   runtime
27276 kworker/1:4-events   0.4    20      idle       598
 2957 kworker/1:3-events   0.4    20      idle       332
32218 kworker/1:0-events   0.0    20      idle         0
32064 kworker/u9:1-flush-   0.0    20      idle        55
29551 kworker/u9:0-kvfree   0.0    20      idle        45
29497 kworker/0:4-events   0.0    20      idle         0
25833 kworker/0:1-events   0.0    20      idle        51
24974 kworker/1:2-events   0.0    20      idle         0
18536 kworker/0:2+events   0.0    20     sleep        95
11958 kworker/u10:1-flush   0.0    20      idle         3
11278 kworker/0:3-mm_perc   0.0    20      idle       119
 7220 kworker/u10:0-kvfre   0.0    20      idle        43
 6656 kworker/1:1-events   0.0    20      idle       348
 1192 nfsd              0.0    20      idle        12
 1191 nfsd              0.0    20      idle         5
 1189 lockd             0.0    20      idle         0
  814 kworker/0:0+events   0.0    20     sleep         6
  251 kworker/R-ifdown_nb   0.0     0      idle         0
  190 ubifs_bgt0_0      0.0    20     sleep         0
  187 ubi_bgt0d         0.0    20     sleep      2223
  129 kworker/u10:3-flush   0.0    20      idle       127
   78 kworker/1:1H-kblock   0.0     0      idle         2
   51 kworker/u9:2-flush-   0.0    20      idle       173
   50 kworker/u8:1-ipv6_a   0.0    20      idle        16
   49 kworker/R-ipv6_addr   0.0     0      idle         0
   48 kworker/R-ifdown_nb   0.0     0      idle         0
   47 kworker/R-mld     0.0     0      idle         0
   45 spi0              0.0    20     sleep         0
   42 kworker/R-nfsiod   0.0     0      idle         0
   41 kswapd0           0.0    20     sleep        23
   39 kworker/0:1H-kblock   0.0     0      idle         2
   38 kworker/R-xprtiod   0.0     0      idle         0
   37 kworker/R-rpciod   0.0     0      idle         0
   36 watchdogd         0.0   -51     sleep         0
   35 kworker/R-edac-poll   0.0     0      idle         0
   34 kworker/R-kblockd   0.0     0      idle         0
   33 kcompactd0        0.0    20     sleep      1222
   32 kworker/R-writeback   0.0     0      idle         0
   31 oom_reaper        0.0    20     sleep         0
   30 kworker/R-inet_frag   0.0     0      idle         0
   29 kdevtmpfs         0.0    20     sleep         0
   26 kworker/1:0H-kblock   0.0     0      idle         0
   24 ksoftirqd/1       0.0    20     sleep      6453
   23 migration/1       0.0  -100     sleep       797
   22 cpuhp/1           0.0    20     sleep         0
   21 cpuhp/0           0.0    20     sleep         0
   20 migration/0       0.0  -100     sleep       759
   19 rcu_exp_gp_kthread_   0.0    20     sleep        17
   18 rcu_exp_par_gp_kthr   0.0    20     sleep         0
   17 rcu_preempt       0.0    20      idle     13471
   16 ksoftirqd/0       0.0    20     sleep      7160
   15 rcu_tasks_trace_kth   0.0    20      idle         0
   14 rcu_tasks_kthread   0.0    20      idle         0
   13 kworker/R-mm_percpu   0.0     0      idle         0
   12 kworker/u8:0-tipc_s   0.0    20      idle         0
   10 kworker/0:0H-events   0.0     0      idle         0
    8 kworker/R-netns   0.0     0      idle         0
    7 kworker/R-slub_flus   0.0     0      idle         0
    6 kworker/R-sync_wq   0.0     0      idle         0
    5 kworker/R-rcu_gp   0.0     0      idle         0
    4 kworker/R-kvfree_rc   0.0     0      idle         0
    3 pool_workqueue_rele   0.0    20     sleep         0
    2 kthreadd          0.0    20     sleep        19

Stack member 3:

CPU averages:
 1 second: 2%, 20 seconds: 4%, 60 seconds: 5%
System load averages:
 1 minute: 2.16, 5 minutes: 2.24, 15 minutes: 2.27
Current CPU load:
 userspace: 1%, kernel: 5%, interrupts: 0% iowaits: 0%

user processes
==============
  pid name            thrds  cpu%   pri     state   runtime
  528 hostd              14   1.9    20       run     14958
  713 exfx               40   1.4    20     sleep    805601
  252 appmond             2   0.9    20     sleep     22481
  844 diag_monitor        1   0.4    20     sleep     59303
24757 imish               1   0.0    20     sleep         0
24259 amfappsd            8   0.0    20     sleep       595
21660 sshd                1   0.0    20     sleep        32
17752 stk_probe_timeo     1   0.0    20     sleep        42
17739 logwatch            1   0.0    20     sleep        44
16039 chronyd             1   0.0    20     sleep        37
14028 ospf6d              3   0.0    20     sleep       241
 9021 bgpd                3   0.0    20     sleep      1847
 8908 imish               3   0.0    20     sleep        80
 8848 nginx               1   0.0    20     sleep         0
 8847 nginx               1   0.0    20     sleep         0
 8845 nginx               1   0.0    20     sleep         0
 8700 tail                1   0.0    20     sleep       722
 5816 imish               3   0.0    20     sleep       108
 5746 login               1   0.0    20     sleep         8
 4396 imish               3   0.0    20     sleep        88
 4395 sshd-session        1   0.0    20     sleep        76
 4384 sshd-session        1   0.0    20     sleep         9
 3197 dhclient            1   0.0    20     sleep        38
 3068 imish               3   0.0    20     sleep        87
 3067 sshd-session        1   0.0    20     sleep        70
 3065 sshd-session        1   0.0    20     sleep         8
 2914 onmd                5   0.0    20     sleep      5034
 2541 sshd                1   0.0    20     sleep        74
 2384 snmpd               4   0.0    20     sleep      5974
 2049 shellinaboxd        1   0.0    20     sleep         0
 2047 shellinaboxd        1   0.0    20     sleep        11
 2046 apteryx-rest        5   0.0    20     sleep       292
 2043 cmsg-proxy-fcgi     7   0.0    20     sleep       345
 1694 console_log_ale     1   0.0    20     sleep        53
 1580 corosync           11   0.0  -100     sleep     47013
 1572 sshd                1   0.0    20     sleep        17
 1540 imish               3   0.0    20     sleep        86
 1539 sshd-session        1   0.0    20     sleep        80
 1534 sshd-session        1   0.0    20     sleep        28
 1322 rpc.mountd          1   0.0    20     sleep        17
 1311 rpc.statd           1   0.0    20     sleep         1
  886 tpm2-abrmd          7   0.0    20     sleep       135
  831 udldd               2   0.0    20     sleep       910
  830 sflowd              5   0.0    20     sleep      3011
  829 rmond               5   0.0    20     sleep       953
  826 mstpd               7   0.0    20     sleep     23863
  825 loopprotd           7   0.0    20     sleep     10641
  824 lldpd               7   0.0    20     sleep     10115
  823 irdpd               3   0.0    20     sleep       328
  822 imiproxyd           1   0.0    20     sleep       615
  821 authd               9   0.0    20     sleep      5897
  820 lacpd               5   0.0    20     sleep      2955
  725 dbus-daemon         1   0.0    20     sleep        68
  722 atmfd              10   0.0    20     sleep     12750
  715 stackd              6   0.0    20     sleep     47776
  711 tunneld             5   0.0    20     sleep        11
  702 platform_eventd     3   0.0    20     sleep         5
  693 atmffsd             7   0.0    20     sleep       234
  691 atmf_agentd         3   0.0    20     sleep       322
  689 nsm                13   0.0    20     sleep     15071
  670 linkmond           11   0.0    20     sleep     10399
  666 licd                5   0.0    20     sleep        56
  658 hsl                 9   0.0    20     sleep     26784
  657 imi                 6   0.0    20     sleep      4914
  656 eventwatch         10   0.0    20     sleep       454
  653 almond              8   0.0    20     sleep       463
  635 tpm_server          3   0.0    20     sleep       938
  552 mnt-monitor.sh      1   0.0    20     sleep         2
  551 inotifywait         1   0.0    20     sleep        31
  535 cmlplatformd        7   0.0    20     sleep      4551
  534 delaybuffer         1   0.0    20     sleep        41
  532 modbusd             8   0.0    20     sleep       425
  531 mnt-monitor.sh      1   0.0    20     sleep        16
  527 filesysd            8   0.0    20     sleep       340
  421 plugman             9   0.0    20     sleep      4107
  419 platformd           9   0.0    20     sleep      4605
  351 alfred              7   0.0    20     sleep      1585
  321 stashd              3   0.0    20     sleep       316
  320 snmp-discovery      5   0.0    20     sleep        94
  318 procmond            4   0.0    20     sleep        21
  317 kermond             7   0.0    20     sleep       693
  315 apteryx-sync        9   0.0    20     sleep     22408
  313 rpcbind             1   0.0    20     sleep        27
  311 apteryxd           64   0.0    20     sleep     55185
  309 syslog-ng           2   0.0    20     sleep      4284
  279 crond               1   0.0    20     sleep       185
  278 earlyoom            1   0.0     0     sleep     19114
  272 reset-buttond       2   0.0    20     sleep        16
  271 pam_radius_acct     1   0.0    20     sleep        65
  261 inetd               1   0.0    20     sleep        26
  259 execd               3   0.0    20     sleep       361
  257 cmsg_sld            3   0.0    20     sleep       834
  256 cmsg_psd            4   0.0    20     sleep       616
  100 systemd-udevd       1   0.0    20     sleep      1241
   96 systemd-journal     1   0.0    20     sleep      2442
    1 systemd             1   0.0    20     sleep      9221

kernel threads
==============
  pid name             cpu%   pri     state   runtime
21392 kworker/0:0-events   0.4    20      idle       341
29314 kworker/0:2+events   0.0    20     sleep       148
25180 kworker/1:0       0.0    20      idle         0
20454 kworker/0:3-events   0.0    20      idle         5
19443 kworker/0:1-events   0.0    20      idle       176
15811 kworker/u9:0-events   0.0    20      idle       155
15548 kworker/0:5-events   0.0    20      idle        22
14655 kworker/u10:0-kvfre   0.0    20      idle         3
14430 kworker/0:6-events   0.0    20      idle       237
11089 kworker/0:4-events   0.0    20      idle        85
10035 kworker/1:2-mm_perc   0.0    20      idle      1246
 8139 usb-storage       0.0    20     sleep        57
 8138 kworker/R-scsi_tmf_   0.0     0      idle         0
 8137 scsi_eh_0         0.0    20     sleep         0
 1320 nfsd              0.0    20      idle         0
 1319 nfsd              0.0    20      idle         1
 1318 lockd             0.0    20      idle         0
  251 kworker/R-ifdown_nb   0.0     0      idle         0
  175 ubifs_bgt0_0      0.0    20     sleep       228
  167 ubi_bgt0d         0.0    20     sleep      3959
   82 kworker/u9:2-events   0.0    20      idle        58
   53 kworker/u10:2-kvfre   0.0    20      idle       159
   51 kworker/u8:1-ipv6_a   0.0    20      idle         9
   50 kworker/R-ipv6_addr   0.0     0      idle         0
   49 kworker/R-ifdown_nb   0.0     0      idle         0
   48 kworker/R-mld     0.0     0      idle         0
   47 kworker/1:1H-kblock   0.0     0      idle        17
   45 spi0              0.0    20     sleep         0
   44 kworker/u10:1-event   0.0    20      idle        75
   42 kworker/R-nfsiod   0.0     0      idle         0
   41 kswapd0           0.0    20     sleep       162
   40 kworker/u9:1-xprtio   0.0    20      idle       105
   39 kworker/0:1H-kblock   0.0     0      idle        14
   38 kworker/R-xprtiod   0.0     0      idle         0
   37 kworker/R-rpciod   0.0     0      idle         0
   36 watchdogd         0.0   -51     sleep         0
   35 kworker/R-edac-poll   0.0     0      idle         0
   34 kworker/R-kblockd   0.0     0      idle         0
   33 kcompactd0        0.0    20     sleep       728
   32 kworker/R-writeback   0.0     0      idle         0
   31 oom_reaper        0.0    20     sleep         0
   30 kworker/R-inet_frag   0.0     0      idle         0
   29 kdevtmpfs         0.0    20     sleep         1
   26 kworker/1:0H-events   0.0     0      idle         0
   24 ksoftirqd/1       0.0    20     sleep      4112
   23 migration/1       0.0  -100     sleep       488
   22 cpuhp/1           0.0    20     sleep         0
   21 cpuhp/0           0.0    20     sleep         0
   20 migration/0       0.0  -100     sleep       524
   19 rcu_exp_gp_kthread_   0.0    20     sleep         1
   18 rcu_exp_par_gp_kthr   0.0    20     sleep         0
   17 rcu_preempt       0.0    20      idle      8819
   16 ksoftirqd/0       0.0    20     sleep      4942
   15 rcu_tasks_trace_kth   0.0    20      idle         0
   14 rcu_tasks_kthread   0.0    20      idle         0
   13 kworker/R-mm_percpu   0.0     0      idle         0
   12 kworker/u8:0-ipv6_a   0.0    20      idle         0
   10 kworker/0:0H-events   0.0     0      idle         0
    8 kworker/R-netns   0.0     0      idle         0
    7 kworker/R-slub_flus   0.0     0      idle         0
    6 kworker/R-sync_wq   0.0     0      idle         0
    5 kworker/R-rcu_gp   0.0     0      idle         0
    4 kworker/R-kvfree_rc   0.0     0      idle         0
    3 pool_workqueue_rele   0.0    20     sleep         0
    2 kthreadd          0.0    20     sleep         6

Stack member 4:

CPU averages:
 1 second: 3%, 20 seconds: 3%, 60 seconds: 3%
System load averages:
 1 minute: 2.10, 5 minutes: 2.29, 15 minutes: 2.23
Current CPU load:
 userspace: 1%, kernel: 5%, interrupts: 0% iowaits: 0%

user processes
==============
  pid name            thrds  cpu%   pri     state   runtime
  527 hostd              12   1.4    20       run     38165
  679 exfx               40   0.9    20     sleep   1838786
32669 chronyd             1   0.0    20     sleep        49
31421 ospf6d              3   0.0    20     sleep       226
29856 amfappsd            7   0.0    20     sleep       198
27804 sshd                1   0.0    20     sleep         4
27311 tail                1   0.0    20     sleep      1840
26993 nginx               1   0.0    20     sleep         0
26992 nginx               1   0.0    20     sleep         0
26988 nginx               1   0.0    20     sleep         0
26967 shellinaboxd        1   0.0    20     sleep         0
26966 shellinaboxd        1   0.0    20     sleep         1
26965 apteryx-rest        5   0.0    20     sleep        80
26963 cmsg-proxy-fcgi     7   0.0    20     sleep        40
26918 stk_probe_timeo     1   0.0    20     sleep        43
26898 logwatch            1   0.0    20     sleep        44
25780 ssh                 1   0.0    20     sleep       108
19234 login               1   0.0    20     sleep         8
 2714 onmd                5   0.0    20     sleep     14887
 2400 sshd                1   0.0    20     sleep        77
 2272 snmpd               4   0.0    20     sleep     14896
 2064 bgpd                3   0.0    20     sleep      5000
 2046 console_log_ale     1   0.0    20     sleep       889
 1517 corosync           11   0.0  -100     sleep    111295
 1510 sshd                1   0.0    20     sleep         0
 1205 rpc.mountd          1   0.0    20     sleep       149
 1194 rpc.statd           1   0.0    20     sleep        11
  838 tpm2-abrmd          7   0.0    20     sleep       115
  825 diag_monitor        1   0.0    20     sleep    150309
  794 sflowd              5   0.0    20     sleep      8771
  793 rmond               5   0.0    20     sleep      3665
  792 mstpd               6   0.0    20     sleep     30905
  791 loopprotd           7   0.0    20     sleep     25037
  790 lldpd               7   0.0    20     sleep     30921
  789 lacpd               5   0.0    20     sleep      9396
  788 irdpd               3   0.0    20     sleep      1027
  787 imiproxyd           1   0.0    20     sleep      1629
  786 authd               9   0.0    20     sleep     15603
  785 udldd               2   0.0    20     sleep      3583
  707 dbus-daemon         1   0.0    20     sleep        88
  686 atmfd              10   0.0    20     sleep     19922
  682 stackd              5   0.0    20     sleep    116942
  677 tunneld             5   0.0    20     sleep        20
  672 platform_eventd     3   0.0    20     sleep        39
  663 atmffsd             7   0.0    20     sleep        42
  661 atmf_agentd         3   0.0    20     sleep       823
  657 nsm                13   0.0    20     sleep     54648
  645 linkmond           11   0.0    20     sleep     29711
  633 licd                5   0.0    20     sleep        70
  627 hsl                 9   0.0    20     sleep     53208
  626 imi                 6   0.0    20     sleep     11689
  623 eventwatch         10   0.0    20     sleep      5351
  622 almond              5   0.0    20     sleep      1405
  604 tpm_server          3   0.0    20     sleep      2310
  555 mnt-monitor.sh      1   0.0    20     sleep         0
  553 inotifywait         1   0.0    20     sleep        31
  531 delaybuffer         1   0.0    20     sleep        42
  529 modbusd             8   0.0    20     sleep      2436
  528 mnt-monitor.sh      1   0.0    20     sleep        15
  525 filesysd            8   0.0    20     sleep      1026
  521 cmlplatformd        7   0.0    20     sleep     12046
  429 plugman             9   0.0    20     sleep     10454
  427 platformd           9   0.0    20     sleep     13495
  349 alfred              7   0.0    20     sleep     15076
  310 stashd              3   0.0    20     sleep       723
  309 snmp-discovery      5   0.0    20     sleep        71
  307 procmond            4   0.0    20     sleep        21
  306 kermond             7   0.0    20     sleep     16637
  304 apteryx-sync        6   0.0    20     sleep      1935
  301 apteryxd           55   0.0    20     sleep     67438
  299 syslog-ng           2   0.0    20     sleep     81263
  297 rpcbind             1   0.0    20     sleep       201
  289 earlyoom            1   0.0     0     sleep     48636
  288 crond               1   0.0    20     sleep       465
  270 reset-buttond       2   0.0    20     sleep        29
  268 pam_radius_acct     1   0.0    20     sleep        64
  265 inetd               1   0.0    20     sleep       974
  263 execd               3   0.0    20     sleep       791
  261 cmsg_sld            3   0.0    20     sleep      3767
  260 cmsg_psd            4   0.0    20     sleep      1782
  257 appmond             2   0.0    20     sleep     56624
  102 systemd-udevd       1   0.0    20     sleep     13719
   96 systemd-journal     1   0.0    20     sleep    130295
    1 systemd             1   0.0    20     sleep    165982

kernel threads
==============
  pid name             cpu%   pri     state   runtime
27796 kworker/1:1-events   0.4    20      idle         9
14647 kworker/1:7-events   0.4    20      idle       394
30601 kworker/0:0-events   0.0    20      idle         0
28165 kworker/u10:3-kvfre   0.0    20      idle        20
26897 kworker/0:1-mm_perc   0.0    20      idle         0
26200 kworker/0:3-events   0.0    20      idle        60
25005 kworker/1:4-events_   0.0    20      idle       468
24161 kworker/1:2-events   0.0    20      idle        11
23345 kworker/u9:0-flush-   0.0    20      idle        85
22674 kworker/1:11-events   0.0    20      idle       253
20311 kworker/u9:1-flush-   0.0    20      idle       133
19933 kworker/u10:1-event   0.0    20      idle        63
16512 kworker/u10:0-kvfre   0.0    20      idle       133
15905 kworker/0:2-mm_perc   0.0    20      idle        23
14181 kworker/1:5-events   0.0    20      idle      1063
13298 kworker/1:10-events   0.0    20      idle      1896
12129 kworker/1:3-events   0.0    20      idle      1425
11082 kworker/1:0-events   0.0    20      idle       400
 9774 kworker/1:8-events   0.0    20      idle      1218
 9660 kworker/1:6-events   0.0    20      idle      1905
 2301 kworker/1:9-events   0.0    20      idle        98
 2267 kworker/u9:2-flush-   0.0    20      idle       179
 1203 nfsd              0.0    20      idle        84
 1202 nfsd              0.0    20      idle        92
 1201 lockd             0.0    20      idle         0
  255 kworker/R-ifdown_nb   0.0     0      idle         0
  193 ubifs_bgt0_0      0.0    20     sleep         5
  191 ubi_bgt0d         0.0    20     sleep      9663
   51 kworker/u8:1-tipc_s   0.0    20      idle         0
   50 kworker/R-ipv6_addr   0.0     0      idle         0
   49 kworker/R-ifdown_nb   0.0     0      idle         0
   48 kworker/R-mld     0.0     0      idle         0
   47 kworker/1:1H-kblock   0.0     0      idle         2
   45 spi0              0.0    20     sleep         0
   42 kworker/R-nfsiod   0.0     0      idle         0
   41 kswapd0           0.0    20     sleep        11
   39 kworker/0:1H-kblock   0.0     0      idle         2
   38 kworker/R-xprtiod   0.0     0      idle         0
   37 kworker/R-rpciod   0.0     0      idle         0
   36 watchdogd         0.0   -51     sleep         0
   35 kworker/R-edac-poll   0.0     0      idle         0
   34 kworker/R-kblockd   0.0     0      idle         0
   33 kcompactd0        0.0    20     sleep      1759
   32 kworker/R-writeback   0.0     0      idle         0
   31 oom_reaper        0.0    20     sleep         0
   30 kworker/R-inet_frag   0.0     0      idle         0
   29 kdevtmpfs         0.0    20     sleep         0
   26 kworker/1:0H-events   0.0     0      idle         0
   24 ksoftirqd/1       0.0    20     sleep      9219
   23 migration/1       0.0  -100     sleep      1148
   22 cpuhp/1           0.0    20     sleep         0
   21 cpuhp/0           0.0    20     sleep         0
   20 migration/0       0.0  -100     sleep      1156
   19 rcu_exp_gp_kthread_   0.0    20     sleep       269
   18 rcu_exp_par_gp_kthr   0.0    20     sleep         0
   17 rcu_preempt       0.0    20      idle     21156
   16 ksoftirqd/0       0.0    20     sleep      9527
   15 rcu_tasks_trace_kth   0.0    20      idle         0
   14 rcu_tasks_kthread   0.0    20      idle         0
   13 kworker/R-mm_percpu   0.0     0      idle         0
   12 kworker/u8:0-ipv6_a   0.0    20      idle        27
   10 kworker/0:0H-events   0.0     0      idle         0
    8 kworker/R-netns   0.0     0      idle         0
    7 kworker/R-slub_flus   0.0     0      idle         0
    6 kworker/R-sync_wq   0.0     0      idle         0
    5 kworker/R-rcu_gp   0.0     0      idle         0
    4 kworker/R-kvfree_rc   0.0     0      idle         0
    3 pool_workqueue_rele   0.0    20     sleep         0
    2 kthreadd          0.0    20     sleep        27
IE520-stk#
>>> show log tail 30
show log tail 30
7[r[999;999H[6n
<date> <time> <facility>.<severity> <program[<pid>]>: <message>
-------------------------------------------------------------------------
2026 Sep 22 04:11:28 user.notice IE520-stk IMISH[5816]: [manager@ttyS0]show vlan brief
2026 Sep 22 04:11:29 user.notice IE520-stk IMISH[5816]: [manager@ttyS0]show lldp neighbors brief
2026 Sep 22 04:11:29 user.err IE520-stk IMISH[5816]: Command [show lldp neighbors brief] failed
2026 Sep 22 04:11:30 user.notice IE520-stk IMISH[5816]: [manager@ttyS0]show startup-config | include vlan|spanning|mls|atmf
2026 Sep 22 04:11:31 user.notice IE520-stk IMISH[5816]: [manager@ttyS0]end
2026 Sep 22 04:11:31 user.err IE520-stk IMISH[5816]: Command [end] failed
2026 Sep 22 19:00:53 user.notice IE520-stk IMISH[5816]: [manager@ttyS0]terminal length 0
2026 Sep 22 19:00:54 user.notice IE520-stk IMISH[5816]: [manager@ttyS0]terminal no monitor
2026 Sep 22 19:00:55 user.notice IE520-stk IMISH[5816]: [manager@ttyS0]terminal length 0
2026 Sep 22 19:00:56 user.notice IE520-stk IMISH[5816]: [manager@ttyS0]show interface status
2026 Sep 22 19:05:40 user.notice IE520-stk NSM[689]: Port up notification received for port3.0.2 
2026 Sep 22 19:08:00 user.notice IE520-stk NSM[689]: Port up notification received for port1.0.9 
2026 Sep 22 19:08:12 user.notice IE520-stk NSM[689]: Port up notification received for port3.0.13 
2026 Sep 22 19:08:27 user.notice IE520-stk NSM[689]: Port up notification received for port3.0.9 
2026 Sep 22 19:09:39 user.notice IE520-stk IMISH[5816]: [manager@ttyS0]terminal length 0
2026 Sep 22 19:09:40 user.notice IE520-stk IMISH[5816]: [manager@ttyS0]terminal no monitor
2026 Sep 22 19:09:41 user.notice IE520-stk IMISH[5816]: [manager@ttyS0]terminal length 0
2026 Sep 22 19:09:42 user.notice IE520-stk IMISH[5816]: [manager@ttyS0]show interface status
2026 Sep 22 19:09:44 user.notice IE520-stk IMISH[5816]: [manager@ttyS0]show lldp neighbors
2026 Sep 22 19:10:18 user.notice IE520-stk IMISH[5816]: [manager@ttyS0]terminal length 0
2026 Sep 22 19:10:19 user.notice IE520-stk IMISH[5816]: [manager@ttyS0]terminal no monitor
2026 Sep 22 19:10:20 user.notice IE520-stk IMISH[5816]: [manager@ttyS0]terminal length 0
2026 Sep 22 19:10:21 user.notice IE520-stk IMISH[5816]: [manager@ttyS0]show mac address-table
2026 Sep 22 19:10:49 user.notice IE520-stk IMISH[5816]: [manager@ttyS0]terminal length 0
2026 Sep 22 19:10:50 user.notice IE520-stk IMISH[5816]: [manager@ttyS0]terminal no monitor
2026 Sep 22 19:10:51 user.notice IE520-stk IMISH[5816]: [manager@ttyS0]terminal length 0
2026 Sep 22 19:10:52 user.notice IE520-stk IMISH[5816]: [manager@ttyS0]show loop-protection
2026 Sep 22 19:10:54 user.notice IE520-stk IMISH[5816]: [manager@ttyS0]show stack
2026 Sep 22 19:10:55 user.notice IE520-stk IMISH[5816]: [manager@ttyS0]show cpu
2026 Sep 22 19:11:04 user.notice IE520-stk IMISH[5816]: [manager@ttyS0]show log tail 30
IE520-stk#