
===== opened /dev/u5 at 2026-09-23 08:14:19 =====

IE520-stk#
>>> terminal length 0
terminal length 0
IE520-stk#
>>> terminal no monitor
terminal no monitor
IE520-stk#
>>> terminal length 0
terminal length 0
IE520-stk#
>>> delete force flash:/x230-tb470.rel
delete force flash:/x230-tb470.rel
Deleting...
Successful operation
IE520-stk#
>>> delete force flash:/x230-default.cfg
delete force flash:/x230-default.cfg
Deleting...
Successful operation
IE520-stk#
>>> copy running-config startup-config
copy running-config startup-config
Building configuration...

>>> show startup-config | include static-channel-group|10.38.215.66|atmf|application-proxy|stack 3 priority|channel-group 1 mode
[OK]
Synchronizing file across the stack, please wait...
File synchronization with stack member 2 successfully completed
File synchronization with stack member 4 successfully completed
File synchronization with stack member 1 successfully completed
[DONE]
IE520-stk#show startup-config | include static-channel-group|10.38.215.66|atmf|a
pplication-proxy|stack 3 priority|channel-group 1 mode
 static-channel-group 2
 static-channel-group 2
 static-channel-group 1
 static-channel-group 1
 ip address 10.38.215.66/27 secondary
IE520-stk#
>>> show file systems
show file systems

Stack member 1:

 Size(b)  Free(b)  Type   Flags  Prefixes   S/D/V   Lcl/Ntwk  Avail
-------------------------------------------------------------------
 106.3M    64.0M   flash     rw  flash:     static  local      Y
      -        -   system    rw  system:    virtual local      -
  10.0M     9.3M   debug     rw  debug:     static  local      Y
      -        -   usbstick  rw  usb:       dynamic local      N
      -        -   fserver   rw  fserver:   dynamic network    N
      -        -   tftp      rw  tftp:      -       network    -
      -        -   scp       rw  scp:       -       network    -
      -        -   sftp      ro  sftp:      -       network    -
      -        -   http      ro  http:      -       network    -
      -        -   rsync     rw  rsync:     -       network    -


Stack member 2:

 Size(b)  Free(b)  Type   Flags  Prefixes   S/D/V   Lcl/Ntwk  Avail
-------------------------------------------------------------------
 106.3M    63.9M   flash     rw  flash:     static  local      Y
      -        -   system    rw  system:    virtual local      -
  10.0M     9.0M   debug     rw  debug:     static  local      Y
      -        -   usbstick  rw  usb:       dynamic local      N
      -        -   fserver   rw  fserver:   dynamic network    N
      -        -   tftp      rw  tftp:      -       network    -
      -        -   scp       rw  scp:       -       network    -
      -        -   sftp      ro  sftp:      -       network    -
      -        -   http      ro  http:      -       network    -
      -        -   rsync     rw  rsync:     -       network    -


Stack member 3:

 Size(b)  Free(b)  Type   Flags  Prefixes   S/D/V   Lcl/Ntwk  Avail
-------------------------------------------------------------------
 106.3M    64.5M   flash     rw  flash:     static  local      Y
      -        -   system    rw  system:    virtual local      -
  10.0M     9.2M   debug     rw  debug:     static  local      Y
  28.9G    28.6G   usbstick  rw  usb:       dynamic local      Y
      -        -   fserver   rw  fserver:   dynamic network    N
      -        -   tftp      rw  tftp:      -       network    -
      -        -   scp       rw  scp:       -       network    -
      -        -   sftp      ro  sftp:      -       network    -
      -        -   http      ro  http:      -       network    -
      -        -   rsync     rw  rsync:     -       network    -


Stack member 4:

 Size(b)  Free(b)  Type   Flags  Prefixes   S/D/V   Lcl/Ntwk  Avail
-------------------------------------------------------------------
 106.3M    64.2M   flash     rw  flash:     static  local      Y
      -        -   system    rw  system:    virtual local      -
  10.0M     8.8M   debug     rw  debug:     static  local      Y
      -        -   usbstick  rw  usb:       dynamic local      N
      -        -   fserver   rw  fserver:   dynamic network    N
      -        -   tftp      rw  tftp:      -       network    -
      -        -   scp       rw  scp:       -       network    -
      -        -   sftp      ro  sftp:      -       network    -
      -        -   http      ro  http:      -       network    -
      -        -   rsync     rw  rsync:     -       network    -

IE520-stk#
>>> show stack
show stack
Virtual Chassis Stacking summary information

ID   Pending ID  MAC address        Priority  Status  Role
1    -           84e3.2787.0ac0     128       Ready   Backup Member
2    -           84e3.2787.0780     2         Ready   Backup Member
3    -           84e3.2787.0740     128       Ready   Active Master
4    -           84e3.2787.09c0     128       Ready   Backup Member

Operational Status                 Normal operation
Stack MAC address                  0000.cd37.0d6f (Virtual MAC)
IE520-stk#
>>> end
end
            ^
% Invalid input detected at '^' marker.

IE520-stk#