
===== opened /dev/u5 at 2026-09-23 08:02:09 =====

IE520-stk#
>>> terminal length 0
terminal length 0
IE520-stk#
>>> terminal no monitor
terminal no monitor
IE520-stk#
>>> terminal length 0
terminal length 0
IE520-stk#
>>> end
end
            ^
% Invalid input detected at '^' marker.

IE520-stk#
>>> show stack
show stack
Virtual Chassis Stacking summary information

ID   Pending ID  MAC address        Priority  Status  Role
1    -           84e3.2787.0ac0     128       Ready   Backup Member
2    -           84e3.2787.0780     2         Ready   Backup Member
3    -           84e3.2787.0740     128       Ready   Active Master
4    -           84e3.2787.09c0     128       Ready   Backup Member

Operational Status                 Normal operation
Stack MAC address                  0000.cd37.0d6f (Virtual MAC)
IE520-stk#
>>> show boot
show boot
Boot configuration
--------------------------------------------------------------------------------
Current software   : IE520-awplus_main-20260913-1734.rel 
Current boot image : flash:/IE520-tb470.rel (file not found)
Backup  boot image : Not set 
Default boot config: flash:/default.cfg
Current boot config: flash:/default.cfg (file exists)
Backup  boot config: Not set 
Autoboot status    : disabled
Boot Security Level: none

IE520-stk#
>>> show system
show system
System Status                                           Tue Sep 22 20:02:17 2026

Stack member 1

Board      ID   Bay     Board Name                        Rev   Serial number
--------------------------------------------------------------------------------
Base       717  Base    AT-IE520-28GSX                    X1-0  264A23061       
--------------------------------------------------------------------------------
RAM: Total: 506724 kB Free: 270504 kB
Flash: 106.3MB Used: 42.3MB Available: 64.0MB
--------------------------------------------------------------------------------
Environment Status : Normal
Uptime             : 1 days 17:59:29
Bootloader version : 9.1.0


Stack member 2

Board      ID   Bay     Board Name                        Rev   Serial number
--------------------------------------------------------------------------------
Base       717  Base    AT-IE520-28GSX                    X1-0  264A23068       
--------------------------------------------------------------------------------
RAM: Total: 506724 kB Free: 267660 kB
Flash: 106.3MB Used: 42.4MB Available: 63.9MB
--------------------------------------------------------------------------------
Environment Status : Normal
Uptime             : 3 days 04:18:19
Bootloader version : master-20260822-535


Stack member 3

Board      ID   Bay     Board Name                        Rev   Serial number
--------------------------------------------------------------------------------
Base       717  Base    AT-IE520-28GSX                    X1-0  264A23066       
--------------------------------------------------------------------------------
RAM: Total: 506724 kB Free: 198984 kB
Flash: 106.3MB Used: 65.9MB Available: 40.5MB
--------------------------------------------------------------------------------
Environment Status : Normal
Uptime             : 1 days 18:09:03
Bootloader version : 9.1.0


Stack member 4

Board      ID   Bay     Board Name                        Rev   Serial number
--------------------------------------------------------------------------------
Base       717  Base    AT-IE520-28GSX                    X1-0  264A23052       
--------------------------------------------------------------------------------
RAM: Total: 506724 kB Free: 228344 kB
Flash: 106.3MB Used: 42.1MB Available: 64.2MB
--------------------------------------------------------------------------------
Environment Status : Normal
Uptime             : 4 days 09:25:33
Bootloader version : pauld


Current software   : IE520-awplus_main-20260913-1734.rel
Software version   : awplus_main-20260913-1734
Build date         : Sun Sep 13 11:21:26 UTC 2026

Current boot config: flash:/default.cfg (file exists)

System Name
 IE520-stk
System Contact

System Location

IE520-stk#