
===== opened /dev/u1 at 2026-09-23 07:48:54 =====


4050-5g#
4050-5g#
--- prompt seen at open: '\r\r\n\r\n4050-5g#\r\r\n4050-5g#' ---

>>> terminal length 0
terminal length 0
4050-5g#
>>> configure terminal
configure terminal
Enter configuration commands, one per line.  End with CNTL/Z.
4050-5g(config)#
>>> interface port1.0.3
interface port1.0.3
4050-5g(config-if)#
>>> no static-channel-group
no static-channel-group
4050-5g(config-if)#
>>> switchport access vlan 10
switchport access vlan 10
4050-5g(config-if)#
>>> exit
exit
4050-5g(config)#
>>> interface port1.0.4
interface port1.0.4
4050-5g(config-if)#
>>> no static-channel-group
no static-channel-group
4050-5g(config-if)#
>>> switchport access vlan 10
switchport access vlan 10
4050-5g(config-if)#
>>> exit
exit
4050-5g(config)#
>>> end
end
4050-5g#
>>> configure terminal
configure terminal
Enter configuration commands, one per line.  End with CNTL/Z.
4050-5g(config)#
>>> interface port1.0.3-1.0.4
interface port1.0.3-1.0.4
4050-5g(config-if)#
>>> static-channel-group 1
static-channel-group 1
4050-5g(config-if)#
>>> exit
exit
4050-5g(config)#
>>> end
end
4050-5g#
>>> show static-channel-group
show static-channel-group
LAG Maximum        : 2
LAG Static  Count  : 1
LAG Dynamic Count  : 0
LAG Total   Count  : 1
Static Aggregator: sa1
Member:
 port1.0.3
 port1.0.4
4050-5g#