
===== opened /dev/u0 at 2026-09-23 07:11:44 =====


x230-10GP#x230-10GP#
--- prompt seen at open: '\r\r\n\r\nx230-10GP#x230-10GP#' ---

>>> terminal length 0
terminal length 0
x230-10GP#
>>> show interface status
show interface status
Port        Name               Status      Vlan      Duplex Speed   Type        
--------------------------------------------------------------------------------
port1.0.1   -                  notconnect        100 auto   auto    1000BASE-T  
port1.0.2   -                  notconnect        100 auto   auto    1000BASE-T  
port1.0.3   -                  connected         100 a-full a-1000  1000BASE-T  
port1.0.4   -                  connected         100 a-full a-1000  1000BASE-T  
port1.0.5   -                  notconnect        100 auto   auto    1000BASE-T  
port1.0.6   -                  notconnect        100 auto   auto    1000BASE-T  
port1.0.7   -                  notconnect        100 auto   auto    1000BASE-T  
port1.0.8   -                  notconnect        100 auto   auto    1000BASE-T  
port1.0.9   -                  notconnect        100 auto   auto    not present 
port1.0.10  -                  notconnect        100 auto   auto    not present 
po1         -                  notconnect        100 auto   auto    -           

x230-10GP#
>>> show running-config | include channel-group|lacp
show running-config | include channel-group|lacp
lacp global-passive-mode enable
 channel-group 1 mode active
x230-10GP#