
===== opened /dev/u5 at 2026-09-23 08:03:16 =====

IE520-stk#
>>> terminal length 0
terminal length 0
IE520-stk#
>>> terminal no monitor
terminal no monitor
IE520-stk#
>>> terminal length 0
terminal length 0
IE520-stk#
>>> show running-config
show running-config
!
service password-encryption
!
hostname IE520-stk
!
no banner motd
!
username manager privilege 15 password 8 $5$bJob5N4D$VDlAWDKf4Z/shG0P/kPIysg5qD4cc1OidC4abIHlMg7
!
!
ssh server allow-users manager
service ssh
!
no service telnet
!
service http
!
no clock timezone
!
snmp-server
!
!
!
aaa authentication enable default local
aaa authentication login default local
!
!
!
stack virtual-mac
stack virtual-chassis-id 3439
stack 2 priority 2
!
!
loop-protection loop-detect ldf-interval 1 fast-block
!
service onm
no service ospf
!
!
!
!
ip domain-lookup
!
!
!
no service dhcp-server
!
!
!
no ip multicast-routing
!
lldp run
!
spanning-tree mode rstp
!
no lacp global-passive-mode enable
no spanning-tree rstp enable
!
switch 1 provision ie520-28
switch 2 provision ie520-28
switch 3 provision ie520-28
switch 4 provision ie520-28
!
vlan database
 vlan 10 name data
 vlan 10 state enable
!
interface port1.0.1
 switchport
 switchport mode access
!
interface port1.0.2
 switchport
 switchport mode access
 static-channel-group 2
!
interface port1.0.3-1.0.8
 switchport
 switchport mode access
!
interface port1.0.9
 switchport
 switchport mode access
 static-channel-group 2
!
interface port1.0.10-1.0.26
 switchport
 switchport mode access
!
interface port1.0.27-1.0.28
 stackport
!
interface port2.0.1-2.0.26
 switchport
 switchport mode access
!
interface port2.0.27-2.0.28
 stackport
!
interface port3.0.1
 switchport
 switchport mode access
!
interface port3.0.2
 switchport
 switchport mode access
 switchport access vlan 10
 static-channel-group 1
!
interface port3.0.3-3.0.26
 switchport
 switchport mode access
!
interface port3.0.27-3.0.28
 stackport
!
interface port4.0.1
 switchport
 switchport mode access
!
interface port4.0.2
 switchport
 switchport mode access
 switchport access vlan 10
 static-channel-group 1
!
interface port4.0.3-4.0.26
 switchport
 switchport mode access
!
interface port4.0.27-4.0.28
 stackport
!
interface sa1
 switchport
 switchport mode access
 switchport access vlan 10
!
interface sa2
 switchport
 switchport mode access
!
interface vlan1
 ip address 10.38.215.10/27
 ip address 10.38.215.40/27 secondary
 ip address 10.38.215.66/27 secondary
 ipv6 enable
 ipv6 address dhcp
 ip dhcp-client vendor-identifying-class
 ip dhcp-client request vendor-identifying-specific
!
interface vlan10
 ip address 10.10.10.1/27
!
ip route 10.38.215.64/27 10.10.10.2
!
line con 0
 exec-timeout 0 0
line vty 0 7
!
end

IE520-stk#
>>> show startup-config
show startup-config
!
! Startup-config saved on Mon Sep 21 02:17:47 2026 +0000 by manager via con0 (ttyS0)
!
service password-encryption
!
hostname IE520-stk
!
no banner motd
!
username manager privilege 15 password 8 $5$bJob5N4D$VDlAWDKf4Z/shG0P/kPIysg5qD4cc1OidC4abIHlMg7
!
!
ssh server allow-users manager
service ssh
!
no service telnet
!
service http
!
no clock timezone
!
snmp-server
!
!
!
aaa authentication enable default local
aaa authentication login default local
!
!
!
stack virtual-mac
stack virtual-chassis-id 3439
stack 2 priority 2
stack 3 priority 1
!
atmf network-name tb470
!
service atmf-application-proxy
application-proxy ip-filter
!
loop-protection loop-detect ldf-interval 1 fast-block
!
service onm
no service ospf
!
!
!
!
ip domain-lookup
!
!
!
no service dhcp-server
!
!
!
no ip multicast-routing
!
lldp run
!
spanning-tree mode rstp
!
no lacp global-passive-mode enable
no spanning-tree rstp enable
!
switch 1 provision ie520-28
switch 2 provision ie520-28
switch 3 provision ie520-28
switch 4 provision ie520-28
!
vlan database
 vlan 10 name data
 vlan 10 state enable
!
interface port1.0.1
 switchport
 switchport mode access
!
interface port1.0.2
 switchport
 switchport mode trunk
 switchport atmf-link
!
interface port1.0.3-1.0.26
 switchport
 switchport mode access
!
interface port1.0.27-1.0.28
 stackport
!
interface port2.0.1
 switchport
 switchport mode access
!
interface port2.0.2
 switchport
 switchport mode access
 application-proxy threat-protection drop
!
interface port2.0.3-2.0.26
 switchport
 switchport mode access
!
interface port2.0.27-2.0.28
 stackport
!
interface port3.0.1-3.0.26
 switchport
 switchport mode access
!
interface port3.0.27-3.0.28
 stackport
!
interface port4.0.1
 switchport
 switchport mode access
!
interface port4.0.2
 switchport
 switchport mode trunk
 switchport trunk native vlan 10
 channel-group 1 mode active
!
interface port4.0.3-4.0.26
 switchport
 switchport mode access
!
interface port4.0.27-4.0.28
 stackport
!
interface po1
 switchport
 switchport mode trunk
 switchport trunk native vlan 10
!
interface vlan1
 ip address 10.38.215.10/27
 ip address 10.38.215.40/27 secondary
 ipv6 enable
 ipv6 address dhcp
 ip dhcp-client vendor-identifying-class
 ip dhcp-client request vendor-identifying-specific
!
interface vlan10
 ip address 10.10.10.1/27
!
atmf virtual-link id 1 ip 10.10.10.1 remote-id 2 remote-ip 10.10.10.2 
!
ip route 10.38.215.64/27 10.10.10.2
!
line con 0
 exec-timeout 0 0
line vty 0 7
!
end

IE520-stk#
>>> dir
dir
       448 drwx Sep 21 2026 22:41:00  [01;34mlog/[0m
      1342 -rwx Sep 21 2026 04:15:19  [32mx230-default.cfg[0m
  25785296 -rw- Sep 21 2026 03:14:20  x230-tb470.rel
      2474 -rw- Sep 21 2026 02:17:48  default.cfg
    260057 -rw- Sep 17 2026 21:25:12  debug-duplicate-master-IE520-awplus_main-20260913-1734-3-1789680301.tgz
      1390 -rw- Sep 17 2026 21:25:12  exception.log
    271396 -rw- Sep 14 2026 21:19:51  debug-duplicate-master-IE520-awplus_main-20260913-1734-3-1789420782.tgz
    269324 -rw- Sep 14 2026 21:17:02  debug-duplicate-master-IE520-awplus_main-20260913-1734-3-1789420611.tgz
    236232 -rw- Sep 14 2026 02:33:19  debug-duplicate-master-IE520-awplus_main-20260913-1734-3-1789353188.tgz
  40052759 -rw- Sep 14 2026 02:25:44  IE520-awplus_main-20260913-1734.rel
       376 drwx Sep 04 2026 01:08:01  [01;34mgui-userdata/[0m
   3846144 -rw- Feb 20 2000 11:34:36  awplus-gui_999_99.gui
IE520-stk#