
===== opened /dev/u5 at 2026-09-22 13:33:43 =====

IE520-stk#
>>> terminal length 0
terminal length 0
IE520-stk#
>>> terminal no monitor
terminal no monitor
IE520-stk#
>>> terminal length 0
terminal length 0
IE520-stk#
>>> show stack
show stack
Virtual Chassis Stacking summary information

ID   Pending ID  MAC address        Priority  Status  Role
1    -           84e3.2787.0ac0     128       Ready   Backup Member
2    -           84e3.2787.0780     2         Ready   Backup Member
3    -           84e3.2787.0740     128       Ready   Active Master
4    -           84e3.2787.09c0     128       Ready   Backup Member

Operational Status                 Normal operation
Stack MAC address                  0000.cd37.0d6f (Virtual MAC)
IE520-stk#
>>> show running-config | include service ospf
show running-config | include service ospf
no service ospf
service ospf6
IE520-stk#
>>> show running-config interface vlan10
show running-config interface vlan10
!
interface vlan10
 ip address 10.10.10.1/27
 ipv6 address 2001:db8:10::1/64
 ipv6 enable
!
IE520-stk#