16:35:36 >>> configure terminal
Enter configuration commands, one per line.  End with CNTL/Z.
16:35:38 >>> interface port1.0.9
16:35:39 >>> mirror interface port1.0.13 direction transmit
16:35:40 >>> end
16:35:41 >>> show mirror
Mirror Test Port Name: port1.0.9
Mirror option: Enabled
Mirror direction: transmit
Monitored Port Name: port1.0.13
16:35:42 >>> show running-config interface port1.0.9
!
interface port1.0.9
 switchport
 switchport mode access
 switchport access vlan 3992
 mirror interface port1.0.13 direction transmit
!
16:35:44 >>> show vlan brief | include 399
3991    VLAN3991         STATIC  ACTIVE  port1.0.2(u) 
3992    VLAN3992         STATIC  ACTIVE  
3993    VLAN3993         STATIC  ACTIVE  port1.0.13(u) 
3994    VLAN3994         STATIC  ACTIVE  port4.0.9(u) 
3995    ck-xl-int        STATIC  ACTIVE  port1.0.2(t) port1.0.13(t)
