### 16:34:12 38407 s1r counters before
16:34:17 >>> show interface port3.0.13,port1.0.2,port1.0.9,port1.0.13 | include Interface|input packets|output packets
show interface port3.0.13,port1.0.2,port1.0.9,port1.0.13 | include Int

erface|input packets|output packets

Interface port3.0.13
    input packets 606, bytes 53984, dropped 0, multicast packets 0
    output packets 394627, bytes 25425166, multicast packets 1242, broadcast packets 388846
Interface port1.0.2
    input packets 185763, bytes 11892096, dropped 0, multicast packets 88
    output packets 212531, bytes 13679009, multicast packets 1206, broadcast packets 209342
Interface port1.0.9
    input packets 185884, bytes 11896840, dropped 0, multicast packets 88
    output packets 201655, bytes 13040155, multicast packets 99, broadcast packets 12411
Interface port1.0.13
    input packets 44639, bytes 3038574, dropped 0, multicast packets 22233
    output packets 401189, bytes 25821476, multicast packets 21148, broadcast packets 378253
16:34:20 sent 100 x ip10 src=00:00:5e:00:53:02 dst=00:00:5e:00:53:fe vlan=3995 outer=None on eth2 in 0.49s
### 16:34:23 38407 s1r counters after
16:34:28 >>> show interface port3.0.13,port1.0.2,port1.0.9,port1.0.13 | include Interface|input packets|output packets
show interface port3.0.13,port1.0.2,port1.0.9,port1.0.13 | include Int

erface|input packets|output packets

Interface port3.0.13
    input packets 606, bytes 53984, dropped 0, multicast packets 0
    output packets 394761, bytes 25437622, multicast packets 1243, broadcast packets 388846
Interface port1.0.2
    input packets 185763, bytes 11892096, dropped 0, multicast packets 88
    output packets 212664, bytes 13691397, multicast packets 1206, broadcast packets 209342
Interface port1.0.9
    input packets 185884, bytes 11896840, dropped 0, multicast packets 88
    output packets 201666, bytes 13041255, multicast packets 99, broadcast packets 12411
Interface port1.0.13
    input packets 44761, bytes 3049818, dropped 0, multicast packets 22233
    output packets 401211, bytes 25823720, multicast packets 21148, broadcast packets 378253
### tcpdump logs
tcpdump: listening on eth1, link-type EN10MB (Ethernet), snapshot length 262144 bytes
100 packets captured
100 packets received by filter
0 packets dropped by kernel
tcpdump: listening on eth3, link-type EN10MB (Ethernet), snapshot length 262144 bytes
100 packets captured
100 packets received by filter
0 packets dropped by kernel
### captures
### /tmp/ckvlan3/38407/38407-s1r-eth1.pcap: 100 frames
    100  marker=s1r        tags=3996        type=0x0800 dst=00:00:5e:00:53:fe src=00:00:5e:00:53:02
### /tmp/ckvlan3/38407/38407-s1r-eth3.pcap: 100 frames
    100  marker=s1r        tags=3997        type=0x0800 dst=00:00:5e:00:53:fe src=00:00:5e:00:53:02
