### 16:36:54 38407 m2 counters before
16:36:59 >>> show interface port3.0.13,port1.0.2,port1.0.9,port1.0.13 | include Interface|input packets|output packets
show interface port3.0.13,port1.0.2,port1.0.9,port1.0.13 | include Int

erface|input packets|output packets

Interface port3.0.13
    input packets 806, bytes 71984, dropped 0, multicast packets 0
    output packets 395316, bytes 25493160, multicast packets 1250, broadcast packets 388846
Interface port1.0.2
    input packets 185868, bytes 11901431, dropped 0, multicast packets 93
    output packets 213317, bytes 13755728, multicast packets 1211, broadcast packets 209342
Interface port1.0.9
    input packets 185889, bytes 11897175, dropped 0, multicast packets 93
    output packets 201999, bytes 13073709, multicast packets 104, broadcast packets 12411
Interface port1.0.13
    input packets 45066, bytes 3080758, dropped 0, multicast packets 22238
    output packets 401814, bytes 25881456, multicast packets 21153, broadcast packets 378253
16:37:02 sent 100 x ip10 src=00:00:5e:00:53:01 dst=00:00:5e:00:53:ff vlan=3996 outer=None on eth1 in 0.51s
### 16:37:05 38407 m2 counters after
16:37:10 >>> show interface port3.0.13,port1.0.2,port1.0.9,port1.0.13 | include Interface|input packets|output packets
show interface port3.0.13,port1.0.2,port1.0.9,port1.0.13 | include Int

erface|input packets|output packets

Interface port3.0.13
    input packets 906, bytes 80984, dropped 0, multicast packets 0
    output packets 395349, bytes 25496548, multicast packets 1250, broadcast packets 388846
Interface port1.0.2
    input packets 185869, bytes 11901498, dropped 0, multicast packets 94
    output packets 213450, bytes 13768116, multicast packets 1211, broadcast packets 209342
Interface port1.0.9
    input packets 185890, bytes 11897242, dropped 0, multicast packets 94
    output packets 202121, bytes 13084953, multicast packets 104, broadcast packets 12411
Interface port1.0.13
    input packets 45088, bytes 3083002, dropped 0, multicast packets 22238
    output packets 401936, bytes 25892700, multicast packets 21153, broadcast packets 378253
### tcpdump logs
tcpdump: listening on eth2, link-type EN10MB (Ethernet), snapshot length 262144 bytes
100 packets captured
100 packets received by filter
0 packets dropped by kernel
tcpdump: listening on eth3, link-type EN10MB (Ethernet), snapshot length 262144 bytes
100 packets captured
100 packets received by filter
0 packets dropped by kernel
### captures
### /tmp/ckvlan3/38407/38407-m2-eth2.pcap: 100 frames
    100  marker=m2         tags=3995        type=0x0800 dst=00:00:5e:00:53:ff src=00:00:5e:00:53:01
### /tmp/ckvlan3/38407/38407-m2-eth3.pcap: 100 frames
    100  marker=m2         tags=3995        type=0x0800 dst=00:00:5e:00:53:ff src=00:00:5e:00:53:01
