16:33:26 >>> configure terminal
Enter configuration commands, one per line.  End with CNTL/Z.
16:33:27 >>> interface port3.0.13
16:33:28 >>> switchport vlan translation vlan 3996 vlan 3995
16:33:29 >>> interface port1.0.2
16:33:30 >>> switchport vlan translation vlan 3997 vlan 3995
16:33:31 >>> end
16:33:33 >>> show interface switchport vlan translation
Interface: port1.0.2
VLAN on Wire            VLAN                    Outer Vlan              
=================       ===================     ===================     
3997                    3995                    0                       
default                 accept                  

Interface: port1.0.13
VLAN on Wire            VLAN                    Outer Vlan              
=================       ===================     ===================     
default                 accept                  

Interface: port3.0.13
VLAN on Wire            VLAN                    Outer Vlan              
=================       ===================     ===================     
3996                    3995                    0                       
default                 accept
16:33:34 >>> show running-config interface port3.0.13
!
interface port3.0.13
 switchport
 switchport mode trunk
 switchport trunk allowed vlan add 3995
 switchport vlan translation vlan 3996 vlan 3995
!
16:33:35 >>> show running-config interface port1.0.2
!
interface port1.0.2
 switchport
 switchport mode trunk
 switchport trunk allowed vlan add 3995
 switchport trunk native vlan 3991
 switchport vlan translation vlan 3997 vlan 3995
!
