### 16:37:53 38407 m2 counters before
16:37:58 >>> show interface port3.0.13,port1.0.2,port1.0.9,port1.0.13 | include Interface|input packets|output packets
show interface port3.0.13,port1.0.2,port1.0.9,port1.0.13 | include Int

erface|input packets|output packets

Interface port3.0.13
    input packets 906, bytes 80984, dropped 0, multicast packets 0
    output packets 395506, bytes 25512136, multicast packets 1255, broadcast packets 388855
Interface port1.0.2
    input packets 185870, bytes 11901565, dropped 0, multicast packets 95
    output packets 213599, bytes 13783194, multicast packets 1217, broadcast packets 209342
Interface port1.0.9
    input packets 185891, bytes 11897309, dropped 0, multicast packets 95
    output packets 202241, bytes 13097091, multicast packets 108, broadcast packets 12411
Interface port1.0.13
    input packets 45184, bytes 3092726, dropped 0, multicast packets 22240
    output packets 402038, bytes 25902892, multicast packets 21159, broadcast packets 378253
16:38:01 sent 100 x ip10 src=00:00:5e:00:53:01 dst=00:00:5e:00:53:ff vlan=3996 outer=None on eth1 in 0.51s
### 16:38:04 38407 m2 counters after
16:38:09 >>> show interface port3.0.13,port1.0.2,port1.0.9,port1.0.13 | include Interface|input packets|output packets
show interface port3.0.13,port1.0.2,port1.0.9,port1.0.13 | include Int

erface|input packets|output packets

Interface port3.0.13
    input packets 1006, bytes 89984, dropped 0, multicast packets 0
    output packets 395540, bytes 25515592, multicast packets 1256, broadcast packets 388855
Interface port1.0.2
    input packets 185871, bytes 11901632, dropped 0, multicast packets 96
    output packets 213732, bytes 13795582, multicast packets 1217, broadcast packets 209342
Interface port1.0.9
    input packets 185892, bytes 11897376, dropped 0, multicast packets 96
    output packets 202374, bytes 13109479, multicast packets 108, broadcast packets 12411
Interface port1.0.13
    input packets 45206, bytes 3094970, dropped 0, multicast packets 22240
    output packets 402160, bytes 25914136, multicast packets 21159, broadcast packets 378253
### tcpdump logs
tcpdump: listening on eth2, link-type EN10MB (Ethernet), snapshot length 262144 bytes
100 packets captured
100 packets received by filter
0 packets dropped by kernel
tcpdump: listening on eth3, link-type EN10MB (Ethernet), snapshot length 262144 bytes
100 packets captured
100 packets received by filter
0 packets dropped by kernel
### captures
### /tmp/ckvlan3/38407/38407-m2-eth2.pcap: 100 frames
    100  marker=m2         tags=3995        type=0x0800 dst=00:00:5e:00:53:ff src=00:00:5e:00:53:01
### /tmp/ckvlan3/38407/38407-m2-eth3.pcap: 100 frames
    100  marker=m2         tags=3997        type=0x0800 dst=00:00:5e:00:53:ff src=00:00:5e:00:53:01
