### 16:30:58 SA
16:31:03 >>> configure terminal
Enter configuration commands, one per line.  End with CNTL/Z.
16:31:04 >>> vlan database
16:31:05 >>> vlan 3995 name ck-xl-int
16:31:06 >>> exit
16:31:07 >>> interface port1.0.13
16:31:08 >>> switchport mode trunk
16:31:10 >>> switchport trunk native vlan 3993
16:31:11 >>> switchport trunk allowed vlan add 3995
16:31:12 >>> interface port1.0.2
16:31:13 >>> switchport trunk allowed vlan add 3995
16:31:14 >>> end
16:31:15 >>> show vlan brief | include 399
3993    VLAN3993         STATIC  ACTIVE  port1.0.2(t) port1.0.13(u) 
3994    VLAN3994         STATIC  ACTIVE  port1.0.2(t) port1.0.9(u) 
3995    ck-xl-int        STATIC  ACTIVE  port1.0.2(t) port1.0.13(t)
### 16:31:18 x230
16:31:22 >>> configure terminal
Enter configuration commands, one per line.  End with CNTL/Z.
16:31:24 >>> vlan database
16:31:25 >>> vlan 3995 name ck-xl-int
16:31:26 >>> vlan 3997 name ck-xl-wire2
16:31:27 >>> exit
16:31:28 >>> interface port1.0.3
16:31:29 >>> switchport mode trunk
16:31:30 >>> switchport trunk native vlan 3991
16:31:32 >>> switchport trunk allowed vlan add 3997
16:31:33 >>> interface port1.0.4
16:31:34 >>> switchport mode trunk
16:31:35 >>> switchport trunk native vlan 3992
16:31:36 >>> switchport trunk allowed vlan add 3995
16:31:37 >>> interface port1.0.1
16:31:39 >>> switchport trunk allowed vlan add 3995,3997
16:31:40 >>> end
16:31:42 >>> show vlan brief
VLAN ID  Name            Type    State   Member ports                   
                                         (u)-Untagged, (t)-Tagged
======= ================ ======= ======= ====================================
1       default          STATIC  ACTIVE  
100     VLAN0100         STATIC  ACTIVE  port1.0.1(u) port1.0.2(u) port1.0.5(u) 
                                         port1.0.6(u) port1.0.7(u) port1.0.8(u) 
                                         port1.0.9(u) port1.0.10(u) 
999     VLAN0999         STATIC  ACTIVE  
3991    VLAN3991         STATIC  ACTIVE  port1.0.1(t) port1.0.3(u) 
3992    VLAN3992         STATIC  ACTIVE  port1.0.1(t) port1.0.4(u) 
3995    ck-xl-int        STATIC  ACTIVE  port1.0.1(t) port1.0.4(t) 
3997    ck-xl-wire2      STATIC  ACTIVE  port1.0.1(t) port1.0.3(t)
### 16:31:44 DUT
16:31:49 >>> configure terminal
Enter configuration commands, one per line.  End with CNTL/Z.
16:31:50 >>> vlan database
16:31:51 >>> vlan 3995 name ck-xl-int
16:31:52 >>> exit
16:31:53 >>> interface port3.0.13
16:31:55 >>> switchport mode trunk
16:31:56 >>> switchport trunk allowed vlan add 3995
16:31:57 >>> interface port1.0.13
16:31:58 >>> switchport mode trunk
16:31:59 >>> switchport trunk native vlan 3993
16:32:01 >>> switchport trunk allowed vlan add 3995
16:32:02 >>> interface port1.0.2
16:32:03 >>> switchport mode trunk
16:32:04 >>> switchport trunk native vlan 3991
16:32:05 >>> switchport trunk allowed vlan add 3995
16:32:06 >>> end
16:32:07 >>> show vlan brief | include 399
3991    VLAN3991         STATIC  ACTIVE  port1.0.2(u) 
3992    VLAN3992         STATIC  ACTIVE  port1.0.9(u) 
3993    VLAN3993         STATIC  ACTIVE  port1.0.13(u) 
3994    VLAN3994         STATIC  ACTIVE  port4.0.9(u) 
3995    ck-xl-int        STATIC  ACTIVE  port1.0.2(t) port1.0.13(t)
16:32:09 >>> show running-config interface port3.0.13
!
interface port3.0.13
 switchport
 switchport mode trunk
 switchport trunk allowed vlan add 3995
!
16:32:10 >>> show running-config interface port1.0.13
!
interface port1.0.13
 switchport
 switchport mode trunk
 switchport trunk allowed vlan add 3995
 switchport trunk native vlan 3993
!
16:32:12 >>> show running-config interface port1.0.2
!
interface port1.0.2
 switchport
 switchport mode trunk
 switchport trunk allowed vlan add 3995
 switchport trunk native vlan 3991
!
16:32:13 >>> show interface switchport vlan translation
Interface: port1.0.2
VLAN on Wire            VLAN                    Outer Vlan              
=================       ===================     ===================     
default                 accept                  

Interface: port1.0.13
VLAN on Wire            VLAN                    Outer Vlan              
=================       ===================     ===================     
default                 accept                  

Interface: port3.0.13
VLAN on Wire            VLAN                    Outer Vlan              
=================       ===================     ===================     
default                 accept
