### 16:32:27 38407 s0a counters before
16:32:31 >>> show interface port3.0.13,port1.0.2,port1.0.9,port1.0.13 | include Interface|input packets|output packets
show interface port3.0.13,port1.0.2,port1.0.9,port1.0.13 | include Int

erface|input packets|output packets

Interface port3.0.13
    input packets 306, bytes 26984, dropped 0, multicast packets 0
    output packets 394305, bytes 25392218, multicast packets 1235, broadcast packets 388846
Interface port1.0.2
    input packets 185759, bytes 11891828, dropped 0, multicast packets 84
    output packets 212010, bytes 13628197, multicast packets 1202, broadcast packets 209342
Interface port1.0.9
    input packets 185880, bytes 11896572, dropped 0, multicast packets 84
    output packets 201545, bytes 13029287, multicast packets 95, broadcast packets 12411
Interface port1.0.13
    input packets 44425, bytes 3016882, dropped 0, multicast packets 22229
    output packets 400773, bytes 25781580, multicast packets 21144, broadcast packets 378253
16:32:35 sent 100 x ip10 src=00:00:5e:00:53:01 dst=00:00:5e:00:53:ff vlan=3996 outer=None on eth1 in 0.50s
### 16:32:38 38407 s0a counters after
16:32:42 >>> show interface port3.0.13,port1.0.2,port1.0.9,port1.0.13 | include Interface|input packets|output packets
show interface port3.0.13,port1.0.2,port1.0.9,port1.0.13 | include Int

erface|input packets|output packets

Interface port3.0.13
    input packets 406, bytes 35984, dropped 0, multicast packets 0
    output packets 394341, bytes 25395914, multicast packets 1235, broadcast packets 388846
Interface port1.0.2
    input packets 185760, bytes 11891895, dropped 0, multicast packets 85
    output packets 212049, bytes 13632164, multicast packets 1203, broadcast packets 209342
Interface port1.0.9
    input packets 185881, bytes 11896639, dropped 0, multicast packets 85
    output packets 201559, bytes 13030654, multicast packets 96, broadcast packets 12411
Interface port1.0.13
    input packets 44449, bytes 3019330, dropped 0, multicast packets 22229
    output packets 400799, bytes 25784232, multicast packets 21144, broadcast packets 378253
### tcpdump logs
tcpdump: listening on eth2, link-type EN10MB (Ethernet), snapshot length 262144 bytes
0 packets captured
0 packets received by filter
0 packets dropped by kernel
tcpdump: listening on eth3, link-type EN10MB (Ethernet), snapshot length 262144 bytes
0 packets captured
0 packets received by filter
0 packets dropped by kernel
### captures
### /tmp/ckvlan3/38407/38407-s0a-eth2.pcap: 0 frames
### /tmp/ckvlan3/38407/38407-s0a-eth3.pcap: 0 frames
