### 16:35:56 38407 m1 counters before
16:36:00 >>> show interface port3.0.13,port1.0.2,port1.0.9,port1.0.13 | include Interface|input packets|output packets
show interface port3.0.13,port1.0.2,port1.0.9,port1.0.13 | include Int

erface|input packets|output packets

Interface port3.0.13
    input packets 706, bytes 62984, dropped 0, multicast packets 0
    output packets 395138, bytes 25474958, multicast packets 1246, broadcast packets 388846
Interface port1.0.2
    input packets 185866, bytes 11901297, dropped 0, multicast packets 91
    output packets 213041, bytes 13728730, multicast packets 1209, broadcast packets 209342
Interface port1.0.9
    input packets 185887, bytes 11897041, dropped 0, multicast packets 91
    output packets 201781, bytes 13052741, multicast packets 102, broadcast packets 12411
Interface port1.0.13
    input packets 44948, bytes 3068790, dropped 0, multicast packets 22236
    output packets 401598, bytes 25860692, multicast packets 21151, broadcast packets 378253
16:36:04 sent 100 x ip10 src=00:00:5e:00:53:01 dst=00:00:5e:00:53:ff vlan=3996 outer=None on eth1 in 0.50s
### 16:36:07 38407 m1 counters after
16:36:11 >>> show interface port3.0.13,port1.0.2,port1.0.9,port1.0.13 | include Interface|input packets|output packets
show interface port3.0.13,port1.0.2,port1.0.9,port1.0.13 | include Int

erface|input packets|output packets

Interface port3.0.13
    input packets 806, bytes 71984, dropped 0, multicast packets 0
    output packets 395171, bytes 25478370, multicast packets 1247, broadcast packets 388846
Interface port1.0.2
    input packets 185867, bytes 11901364, dropped 0, multicast packets 92
    output packets 213174, bytes 13741081, multicast packets 1210, broadcast packets 209342
Interface port1.0.9
    input packets 185888, bytes 11897108, dropped 0, multicast packets 92
    output packets 201903, bytes 13063985, multicast packets 102, broadcast packets 12411
Interface port1.0.13
    input packets 44968, bytes 3070830, dropped 0, multicast packets 22236
    output packets 401718, bytes 25871732, multicast packets 21151, broadcast packets 378253
### tcpdump logs
tcpdump: listening on eth2, link-type EN10MB (Ethernet), snapshot length 262144 bytes
100 packets captured
100 packets received by filter
0 packets dropped by kernel
tcpdump: listening on eth3, link-type EN10MB (Ethernet), snapshot length 262144 bytes
200 packets captured
200 packets received by filter
0 packets dropped by kernel
### captures
### /tmp/ckvlan3/38407/38407-m1-eth2.pcap: 100 frames
    100  marker=m1         tags=3995        type=0x0800 dst=00:00:5e:00:53:ff src=00:00:5e:00:53:01
### /tmp/ckvlan3/38407/38407-m1-eth3.pcap: 200 frames
    100  marker=m1         tags=3995        type=0x0800 dst=00:00:5e:00:53:ff src=00:00:5e:00:53:01
    100  marker=m1         tags=3997        type=0x0800 dst=00:00:5e:00:53:ff src=00:00:5e:00:53:01
