### 16:32:50 38407 s0b counters before
16:32:55 >>> show interface port3.0.13,port1.0.2,port1.0.9,port1.0.13 | include Interface|input packets|output packets
show interface port3.0.13,port1.0.2,port1.0.9,port1.0.13 | include Int

erface|input packets|output packets

Interface port3.0.13
    input packets 406, bytes 35984, dropped 0, multicast packets 0
    output packets 394378, bytes 25399678, multicast packets 1236, broadcast packets 388846
Interface port1.0.2
    input packets 185760, bytes 11891895, dropped 0, multicast packets 85
    output packets 212085, bytes 13635860, multicast packets 1203, broadcast packets 209342
Interface port1.0.9
    input packets 185881, bytes 11896639, dropped 0, multicast packets 85
    output packets 201571, bytes 13031854, multicast packets 96, broadcast packets 12411
Interface port1.0.13
    input packets 44474, bytes 3021846, dropped 0, multicast packets 22230
    output packets 400824, bytes 25786748, multicast packets 21145, broadcast packets 378253
16:32:58 sent 100 x ip10 src=00:00:5e:00:53:01 dst=00:00:5e:00:53:ff vlan=3995 outer=None on eth1 in 0.50s
### 16:33:01 38407 s0b counters after
16:33:06 >>> show interface port3.0.13,port1.0.2,port1.0.9,port1.0.13 | include Interface|input packets|output packets
show interface port3.0.13,port1.0.2,port1.0.9,port1.0.13 | include Int

erface|input packets|output packets

Interface port3.0.13
    input packets 506, bytes 44984, dropped 0, multicast packets 0
    output packets 394413, bytes 25403268, multicast packets 1238, broadcast packets 388846
Interface port1.0.2
    input packets 185761, bytes 11891962, dropped 0, multicast packets 86
    output packets 212218, bytes 13648248, multicast packets 1203, broadcast packets 209342
Interface port1.0.9
    input packets 185882, bytes 11896706, dropped 0, multicast packets 86
    output packets 201582, bytes 13032954, multicast packets 96, broadcast packets 12411
Interface port1.0.13
    input packets 44496, bytes 3024090, dropped 0, multicast packets 22230
    output packets 400946, bytes 25797992, multicast packets 21145, broadcast packets 378253
### tcpdump logs
tcpdump: listening on eth2, link-type EN10MB (Ethernet), snapshot length 262144 bytes
100 packets captured
100 packets received by filter
0 packets dropped by kernel
tcpdump: listening on eth3, link-type EN10MB (Ethernet), snapshot length 262144 bytes
0 packets captured
0 packets received by filter
0 packets dropped by kernel
### captures
### /tmp/ckvlan3/38407/38407-s0b-eth2.pcap: 100 frames
    100  marker=s0b        tags=3995        type=0x0800 dst=00:00:5e:00:53:ff src=00:00:5e:00:53:01
### /tmp/ckvlan3/38407/38407-s0b-eth3.pcap: 0 frames
