16:36:32 >>> configure terminal
Enter configuration commands, one per line.  End with CNTL/Z.
16:36:33 >>> interface port1.0.3
16:36:34 >>> switchport trunk allowed vlan remove 3997
16:36:35 >>> interface port1.0.4
16:36:36 >>> switchport trunk allowed vlan add 3997
16:36:37 >>> end
16:36:39 >>> show vlan brief
VLAN ID  Name            Type    State   Member ports                   
                                         (u)-Untagged, (t)-Tagged
======= ================ ======= ======= ====================================
1       default          STATIC  ACTIVE  
100     VLAN0100         STATIC  ACTIVE  port1.0.1(u) port1.0.2(u) port1.0.5(u) 
                                         port1.0.6(u) port1.0.7(u) port1.0.8(u) 
                                         port1.0.9(u) port1.0.10(u) 
999     VLAN0999         STATIC  ACTIVE  
3991    VLAN3991         STATIC  ACTIVE  port1.0.1(t) port1.0.3(u) 
3992    VLAN3992         STATIC  ACTIVE  port1.0.1(t) port1.0.4(u) 
3995    ck-xl-int        STATIC  ACTIVE  port1.0.1(t) port1.0.4(t) 
3997    ck-xl-wire2      STATIC  ACTIVE  port1.0.1(t) port1.0.4(t)
