### 16:38:33 DUT mirror off
16:38:37 >>> configure terminal
Enter configuration commands, one per line.  End with CNTL/Z.
16:38:39 >>> interface port1.0.9
% port1.0.9 is currently configured as a mirror-port. Use caution when altering its config
16:38:40 >>> no mirror interface port1.0.2
16:38:41 >>> end
16:38:42 >>> show mirror
### 16:38:45 DUT
16:38:49 >>> configure terminal
Enter configuration commands, one per line.  End with CNTL/Z.
16:38:50 >>> interface port1.0.9
16:38:52 >>> switchport access vlan 3992
16:38:53 >>> interface port3.0.13
16:38:54 >>> no switchport vlan translation all
16:38:55 >>> switchport trunk allowed vlan remove 3995
16:38:56 >>> switchport mode access
16:38:57 >>> interface port1.0.13
16:38:58 >>> switchport trunk allowed vlan remove 3995
16:39:00 >>> no switchport trunk native vlan
16:39:01 >>> switchport mode access
16:39:02 >>> switchport access vlan 3993
16:39:03 >>> interface port1.0.2
16:39:04 >>> no switchport vlan translation all
16:39:05 >>> switchport trunk allowed vlan remove 3995
16:39:07 >>> no switchport trunk native vlan
16:39:08 >>> switchport mode access
16:39:09 >>> switchport access vlan 3991
16:39:10 >>> exit
16:39:11 >>> vlan database
16:39:12 >>> no vlan 3995
16:39:13 >>> end
16:39:15 >>> show vlan brief | include 399
3991    VLAN3991         STATIC  ACTIVE  port1.0.2(u) 
3992    VLAN3992         STATIC  ACTIVE  port1.0.9(u) 
3993    VLAN3993         STATIC  ACTIVE  port1.0.13(u) 
3994    VLAN3994         STATIC  ACTIVE  port4.0.9(u)
16:39:16 >>> show interface switchport vlan translation
16:39:17 >>> show mirror
### 16:39:19 SA
16:39:24 >>> configure terminal
Enter configuration commands, one per line.  End with CNTL/Z.
16:39:25 >>> interface port1.0.13
16:39:26 >>> switchport trunk allowed vlan remove 3995
16:39:27 >>> no switchport trunk native vlan
16:39:28 >>> switchport mode access
16:39:30 >>> switchport access vlan 3993
16:39:31 >>> interface port1.0.2
16:39:32 >>> switchport trunk allowed vlan remove 3995
16:39:33 >>> exit
16:39:34 >>> vlan database
16:39:35 >>> no vlan 3995
16:39:37 >>> end
16:39:38 >>> show vlan brief | include 399
3993    VLAN3993         STATIC  ACTIVE  port1.0.2(t) port1.0.13(u) 
3994    VLAN3994         STATIC  ACTIVE  port1.0.2(t) port1.0.9(u)
### 16:39:40 x230
16:39:45 >>> configure terminal
Enter configuration commands, one per line.  End with CNTL/Z.
16:39:46 >>> interface port1.0.3
16:39:47 >>> no switchport trunk native vlan
16:39:48 >>> switchport mode access
16:39:50 >>> switchport access vlan 3991
16:39:51 >>> interface port1.0.4
16:39:52 >>> switchport trunk allowed vlan remove 3995,3997
16:39:53 >>> no switchport trunk native vlan
16:39:54 >>> switchport mode access
16:39:56 >>> switchport access vlan 3992
16:39:57 >>> interface port1.0.1
16:39:58 >>> switchport trunk allowed vlan remove 3995,3997
16:39:59 >>> exit
16:40:00 >>> vlan database
16:40:01 >>> no vlan 3995
16:40:02 >>> no vlan 3997
16:40:04 >>> end
16:40:05 >>> show vlan brief
VLAN ID  Name            Type    State   Member ports                   
                                         (u)-Untagged, (t)-Tagged
======= ================ ======= ======= ====================================
1       default          STATIC  ACTIVE  
100     VLAN0100         STATIC  ACTIVE  port1.0.1(u) port1.0.2(u) port1.0.5(u) 
                                         port1.0.6(u) port1.0.7(u) port1.0.8(u) 
                                         port1.0.9(u) port1.0.10(u) 
999     VLAN0999         STATIC  ACTIVE  
3991    VLAN3991         STATIC  ACTIVE  port1.0.1(t) port1.0.3(u) 
3992    VLAN3992         STATIC  ACTIVE  port1.0.1(t) port1.0.4(u)
### 16:40:08 done
