### 16:33:49 38407 s1f counters before
16:33:53 >>> show interface port3.0.13,port1.0.2,port1.0.9,port1.0.13 | include Interface|input packets|output packets
show interface port3.0.13,port1.0.2,port1.0.9,port1.0.13 | include Int

erface|input packets|output packets

Interface port3.0.13
    input packets 506, bytes 44984, dropped 0, multicast packets 0
    output packets 394552, bytes 25417504, multicast packets 1239, broadcast packets 388846
Interface port1.0.2
    input packets 185762, bytes 11892029, dropped 0, multicast packets 87
    output packets 212358, bytes 13662550, multicast packets 1205, broadcast packets 209342
Interface port1.0.9
    input packets 185883, bytes 11896773, dropped 0, multicast packets 87
    output packets 201630, bytes 13037688, multicast packets 98, broadcast packets 12411
Interface port1.0.13
    input packets 44590, bytes 3033610, dropped 0, multicast packets 22232
    output packets 401040, bytes 25807512, multicast packets 21147, broadcast packets 378253
16:33:57 sent 100 x ip10 src=00:00:5e:00:53:01 dst=00:00:5e:00:53:ff vlan=3996 outer=None on eth1 in 0.51s
### 16:34:00 38407 s1f counters after
16:34:04 >>> show interface port3.0.13,port1.0.2,port1.0.9,port1.0.13 | include Interface|input packets|output packets
show interface port3.0.13,port1.0.2,port1.0.9,port1.0.13 | include Int

erface|input packets|output packets

Interface port3.0.13
    input packets 606, bytes 53984, dropped 0, multicast packets 0
    output packets 394589, bytes 25421268, multicast packets 1240, broadcast packets 388846
Interface port1.0.2
    input packets 185763, bytes 11892096, dropped 0, multicast packets 88
    output packets 212494, bytes 13675246, multicast packets 1205, broadcast packets 209342
Interface port1.0.9
    input packets 185884, bytes 11896840, dropped 0, multicast packets 88
    output packets 201642, bytes 13038888, multicast packets 98, broadcast packets 12411
Interface port1.0.13
    input packets 44614, bytes 3036058, dropped 0, multicast packets 22232
    output packets 401164, bytes 25818960, multicast packets 21147, broadcast packets 378253
### tcpdump logs
tcpdump: listening on eth2, link-type EN10MB (Ethernet), snapshot length 262144 bytes
100 packets captured
100 packets received by filter
0 packets dropped by kernel
tcpdump: listening on eth3, link-type EN10MB (Ethernet), snapshot length 262144 bytes
100 packets captured
100 packets received by filter
0 packets dropped by kernel
### captures
### /tmp/ckvlan3/38407/38407-s1f-eth2.pcap: 100 frames
    100  marker=s1f        tags=3995        type=0x0800 dst=00:00:5e:00:53:ff src=00:00:5e:00:53:01
### /tmp/ckvlan3/38407/38407-s1f-eth3.pcap: 100 frames
    100  marker=s1f        tags=3997        type=0x0800 dst=00:00:5e:00:53:ff src=00:00:5e:00:53:01
