### 16:35:00 38407 s1n counters before
16:35:05 >>> show interface port3.0.13,port1.0.2,port1.0.9,port1.0.13 | include Interface|input packets|output packets
show interface port3.0.13,port1.0.2,port1.0.9,port1.0.13 | include Int

erface|input packets|output packets

Interface port3.0.13
    input packets 606, bytes 53984, dropped 0, multicast packets 0
    output packets 394970, bytes 25457778, multicast packets 1244, broadcast packets 388846
Interface port1.0.2
    input packets 185865, bytes 11901230, dropped 0, multicast packets 90
    output packets 212773, bytes 13702552, multicast packets 1207, broadcast packets 209342
Interface port1.0.9
    input packets 185886, bytes 11896974, dropped 0, multicast packets 90
    output packets 201703, bytes 13044922, multicast packets 100, broadcast packets 12411
Interface port1.0.13
    input packets 44834, bytes 3057230, dropped 0, multicast packets 22234
    output packets 401384, bytes 25840132, multicast packets 21149, broadcast packets 378253
16:35:08 sent 100 x ip10 src=00:00:5e:00:53:01 dst=00:00:5e:00:53:ff vlan=3995 outer=None on eth1 in 0.51s
### 16:35:11 38407 s1n counters after
16:35:16 >>> show interface port3.0.13,port1.0.2,port1.0.9,port1.0.13 | include Interface|input packets|output packets
show interface port3.0.13,port1.0.2,port1.0.9,port1.0.13 | include Int

erface|input packets|output packets

Interface port3.0.13
    input packets 706, bytes 62984, dropped 0, multicast packets 0
    output packets 395004, bytes 25461270, multicast packets 1244, broadcast packets 388846
Interface port1.0.2
    input packets 185865, bytes 11901230, dropped 0, multicast packets 90
    output packets 212908, bytes 13715111, multicast packets 1208, broadcast packets 209342
Interface port1.0.9
    input packets 185886, bytes 11896974, dropped 0, multicast packets 90
    output packets 201715, bytes 13046089, multicast packets 101, broadcast packets 12411
Interface port1.0.13
    input packets 44858, bytes 3059678, dropped 0, multicast packets 22234
    output packets 401506, bytes 25851376, multicast packets 21149, broadcast packets 378253
### tcpdump logs
tcpdump: listening on eth2, link-type EN10MB (Ethernet), snapshot length 262144 bytes
100 packets captured
100 packets received by filter
0 packets dropped by kernel
tcpdump: listening on eth3, link-type EN10MB (Ethernet), snapshot length 262144 bytes
100 packets captured
100 packets received by filter
0 packets dropped by kernel
### captures
### /tmp/ckvlan3/38407/38407-s1n-eth2.pcap: 100 frames
    100  marker=s1n        tags=3995        type=0x0800 dst=00:00:5e:00:53:ff src=00:00:5e:00:53:01
### /tmp/ckvlan3/38407/38407-s1n-eth3.pcap: 100 frames
    100  marker=s1n        tags=3997        type=0x0800 dst=00:00:5e:00:53:ff src=00:00:5e:00:53:01
