03:04:25: ================ PowerGroup has been initialised ================
03:04:25: ======== Turning PowerGroup on
03:04:25: PowerGroup._pdu_cmd(on, [2], 3) called
03:04:25: Waiting for pdu lock
03:04:25: ...lock acquired
03:04:25: Power outlets are already in the desired state
03:04:25: ...lock released
03:04:25: Turning PowerGroup on: Success
03:18:07: ========= TestCase 1 Starting =========
03:18:17: ======== Turning PowerGroup off
03:18:17: PowerGroup._pdu_cmd(off, [2], 3) called
03:18:17: Waiting for pdu lock
03:18:17: ...lock acquired
03:18:17: HTTP POST was successfully executed
03:18:18: PowerGroup._pdu_cmd(status, [2], 3) called
03:18:18: Waiting for pdu lock
03:18:18: ...lock acquired
03:18:18: Current outlet status: {1: '0', 2: '0', 3: '0', 4: '0', 5: '0', 6: '0', 7: '0', 8: '0', 9: '1', 10: '0', 11: '0', 12: '0', 13: '0', 14: '0', 15: '0', 16: '0', 17: '1', 18: '0', 19: '0', 20: '0', 21: '0', 22: '0', 23: '0', 24: '0', 25: '5'}
03:18:18: ...lock released
03:18:18: Power outlets have been successfully turned off
03:18:18: ...lock released
03:18:18: Turning PowerGroup off: Success
03:18:35: ======== Turning PowerGroup on
03:18:35: PowerGroup._pdu_cmd(on, [2], 3) called
03:18:35: Waiting for pdu lock
03:18:35: ...lock acquired
03:18:35: Sleep 0 seconds to work around the x610 power supply issue
03:18:35: HTTP POST was successfully executed
03:18:38: PowerGroup._pdu_cmd(status, [2], 3) called
03:18:38: Waiting for pdu lock
03:18:38: ...lock acquired
03:18:38: Current outlet status: {1: '0', 2: '1', 3: '0', 4: '0', 5: '0', 6: '0', 7: '0', 8: '0', 9: '1', 10: '0', 11: '0', 12: '0', 13: '0', 14: '0', 15: '0', 16: '0', 17: '1', 18: '0', 19: '0', 20: '0', 21: '0', 22: '0', 23: '0', 24: '0', 25: '5'}
03:18:38: ...lock released
03:18:38: Power outlets have been successfully turned on
03:18:38: ...lock released
03:18:38: Turning PowerGroup on: Success
03:21:03: ========= TestCase 1 Tear Down =========
03:21:15: ========= TestCase 2 Starting =========
03:21:26: ======== Turning PowerGroup off
03:21:26: PowerGroup._pdu_cmd(off, [2], 3) called
03:21:26: Waiting for pdu lock
03:21:26: ...lock acquired
03:21:26: HTTP POST was successfully executed
03:21:27: PowerGroup._pdu_cmd(status, [2], 3) called
03:21:27: Waiting for pdu lock
03:21:27: ...lock acquired
03:21:27: Current outlet status: {1: '0', 2: '0', 3: '0', 4: '0', 5: '0', 6: '0', 7: '0', 8: '0', 9: '1', 10: '0', 11: '0', 12: '0', 13: '0', 14: '0', 15: '0', 16: '0', 17: '1', 18: '0', 19: '0', 20: '0', 21: '0', 22: '0', 23: '0', 24: '0', 25: '5'}
03:21:27: ...lock released
03:21:27: Power outlets have been successfully turned off
03:21:27: ...lock released
03:21:27: Turning PowerGroup off: Success
03:21:42: ======== Turning PowerGroup on
03:21:42: PowerGroup._pdu_cmd(on, [2], 3) called
03:21:42: Waiting for pdu lock
03:21:42: ...lock acquired
03:21:42: Sleep 0 seconds to work around the x610 power supply issue
03:21:42: HTTP POST was successfully executed
03:21:45: PowerGroup._pdu_cmd(status, [2], 3) called
03:21:45: Waiting for pdu lock
03:21:45: ...lock acquired
03:21:45: Current outlet status: {1: '0', 2: '1', 3: '0', 4: '0', 5: '0', 6: '0', 7: '0', 8: '0', 9: '1', 10: '0', 11: '0', 12: '0', 13: '0', 14: '0', 15: '0', 16: '0', 17: '1', 18: '0', 19: '0', 20: '0', 21: '0', 22: '0', 23: '0', 24: '0', 25: '5'}
03:21:45: ...lock released
03:21:45: Power outlets have been successfully turned on
03:21:45: ...lock released
03:21:45: Turning PowerGroup on: Success
03:24:15: ========= TestCase 2 Tear Down =========
