17:23:42: ================ PowerGroup has been initialised ================
17:23:42: ======== Turning PowerGroup on
17:23:42: PowerGroup._pdu_cmd(on, [2], 3) called
17:23:42: Waiting for pdu lock
17:23:42: ...lock acquired
17:23:42: Power outlets are already in the desired state
17:23:42: ...lock released
17:23:42: Turning PowerGroup on: Success
17:41:44: ========= TestCase 1 Starting =========
17:42:06: ========= TestCase 1 Tear Down =========
17:42:21: ========= TestCase 2 Starting =========
17:42:40: ========= TestCase 2 Tear Down =========
17:48:48: ========= TestCase 3 Starting =========
17:49:05: ========= TestCase 3 Tear Down =========
17:55:10: ========= TestCase 4 Starting =========
17:55:26: ========= TestCase 4 Tear Down =========
17:55:39: ========= TestCase 5 Starting =========
17:55:54: ========= TestCase 5 Tear Down =========
17:56:08: ========= TestCase 6 Starting =========
17:56:30: ========= TestCase 6 Tear Down =========
17:56:44: ========= TestCase 7 Starting =========
17:57:09: ========= TestCase 7 Tear Down =========
17:57:24: ========= TestCase 8 Starting =========
17:57:43: ========= TestCase 8 Tear Down =========
17:57:57: ========= TestCase 9 Starting =========
18:10:16: ========= TestCase 9 Tear Down =========
