18:13:29: Waiting for pdu lock
18:13:29: ...lock acquired
18:13:29: (10.36.230.42, 2): status is ON
18:13:29: ...lock released
18:30:26: ========= TestCase 1 Starting =========
18:30:39: ========= TestCase 1 Tear Down =========
18:30:52: ========= TestCase 2 Starting =========
18:31:02: ========= TestCase 2 Tear Down =========
18:31:14: ========= TestCase 10 Starting =========
18:31:38: Waiting for pdu lock
18:31:38: ...lock acquired
18:31:38: (10.36.230.42, 2): status is OFF
18:31:38: ...lock released
18:37:28: ========= TestCase 10 Tear Down =========
18:37:40: ========= TestCase 20 Starting =========
18:49:53: Waiting for pdu lock
18:49:53: ...lock acquired
18:49:53: (10.36.230.42, 2): status is ON
18:49:53: ...lock released
18:53:15: Waiting for pdu lock
18:53:15: ...lock acquired
18:53:15: (10.36.230.42, 2): status is OFF
18:53:15: ...lock released
18:58:08: ========= TestCase 20 Tear Down =========
18:58:24: ========= TestCase 21 Starting =========
18:58:31: ========= TestCase 21 Tear Down =========
18:58:44: ========= TestCase 22 Starting =========
19:11:15: Waiting for pdu lock
19:11:15: ...lock acquired
19:11:15: (10.36.230.42, 2): status is ON
19:11:15: ...lock released
19:14:39: Waiting for pdu lock
19:14:39: ...lock acquired
19:14:39: (10.36.230.42, 2): status is OFF
19:14:39: ...lock released
19:19:52: Waiting for pdu lock
19:19:52: ...lock acquired
19:19:52: (10.36.230.42, 2): status is OFF
19:19:52: ...lock released
19:24:44: ========= TestCase 22 Tear Down =========
19:27:39: ========= TestCase 30 Starting =========
19:36:02: Waiting for pdu lock
19:36:02: ...lock acquired
19:36:02: (10.36.230.42, 2): status is ON
19:36:02: ...lock released
19:40:27: ========= TestCase 30 Tear Down =========
19:50:58: ========= TestCase 41 Starting =========
19:51:07: ========= TestCase 41 Tear Down =========
19:51:21: ========= TestCase 42 Starting =========
19:51:55: Waiting for pdu lock
19:51:55: ...lock acquired
19:51:55: (10.36.230.42, 2): status is ON
19:51:55: ...lock released
19:58:17: ========= TestCase 42 Tear Down =========
19:58:38: Waiting for pdu lock
19:58:38: ...lock acquired
19:58:38: (10.36.230.42, 2): status is OFF
19:58:38: ...lock released
20:06:31: ========= TestCase 50 Starting =========
20:19:39: Waiting for pdu lock
20:19:39: ...lock acquired
20:19:39: (10.36.230.42, 2): status is ON
20:19:39: ...lock released
20:31:30: ========= TestCase 50 Tear Down =========
20:31:43: Waiting for pdu lock
20:31:43: ...lock acquired
20:31:43: (10.36.230.42, 2): status is OFF
20:31:43: ...lock released
20:36:54: ========= TestCase 60 Starting =========
20:37:15: Waiting for pdu lock
20:37:15: ...lock acquired
20:37:15: (10.36.230.42, 2): status is ON
20:37:15: ...lock released
20:40:23: Waiting for pdu lock
20:40:23: ...lock acquired
20:40:23: (10.36.230.42, 2): status is ON
20:40:23: ...lock released
20:46:10: ========= TestCase 60 Tear Down =========
20:46:32: Waiting for pdu lock
20:46:32: ...lock acquired
20:46:32: (10.36.230.42, 2): status is OFF
20:46:32: ...lock released
20:54:39: ========= TestCase 61 Starting =========
20:54:52: ========= TestCase 61 Tear Down =========
20:55:12: ========= TestCase 62 Starting =========
20:55:27: Waiting for pdu lock
20:55:27: ...lock acquired
20:55:27: (10.36.230.42, 2): status is ON
20:55:27: ...lock released
21:02:31: ========= TestCase 62 Tear Down =========
21:02:53: Waiting for pdu lock
21:02:53: ...lock acquired
21:02:54: (10.36.230.42, 2): status is OFF
21:02:54: ...lock released
21:12:13: ========= TestCase 70 Starting =========
21:12:24: Waiting for pdu lock
21:12:24: ...lock acquired
21:12:24: (10.36.230.42, 2): status is ON
21:12:24: ...lock released
21:15:27: ========= TestCase 70 Tear Down =========
21:15:41: ========= TestCase 80 Starting =========
21:15:49: Waiting for pdu lock
21:15:49: ...lock acquired
21:15:49: (10.36.230.42, 2): status is ON
21:15:49: ...lock released
21:18:45: ========= TestCase 80 Tear Down =========
21:19:00: ========= TestCase 90 Starting =========
21:19:15: Waiting for pdu lock
21:19:15: ...lock acquired
21:19:15: (10.36.230.42, 2): status is ON
21:19:15: ...lock released
21:22:23: ========= TestCase 90 Tear Down =========
21:22:38: ========= TestCase 100 Starting =========
21:22:50: Waiting for pdu lock
21:22:50: ...lock acquired
21:22:50: (10.36.230.42, 2): status is ON
21:22:50: ...lock released
21:23:26: Waiting for pdu lock
21:23:26: ...lock acquired
21:23:26: (10.36.230.42, 2): status is ON
21:23:26: ...lock released
21:30:58: Waiting for pdu lock
21:30:58: ...lock acquired
21:30:58: (10.36.230.42, 2): status is ON
21:30:58: ...lock released
21:34:12: Waiting for pdu lock
21:34:12: ...lock acquired
21:34:12: (10.36.230.42, 2): status is ON
21:34:12: ...lock released
21:37:30: Waiting for pdu lock
21:37:30: ...lock acquired
21:37:30: (10.36.230.42, 2): status is ON
21:37:30: ...lock released
21:41:41: Waiting for pdu lock
21:41:41: ...lock acquired
21:41:41: (10.36.230.42, 2): status is ON
21:41:41: ...lock released
21:42:31: Waiting for pdu lock
21:42:31: ...lock acquired
21:42:31: (10.36.230.42, 2): status is OFF
21:42:31: ...lock released
21:47:29: ========= TestCase 100 Tear Down =========
21:47:48: Waiting for pdu lock
21:47:48: ...lock acquired
21:47:48: (10.36.230.42, 2): status is OFF
21:47:48: ...lock released
21:55:37: ========= TestCase 101 Starting =========
21:55:45: ========= TestCase 101 Tear Down =========
21:56:00: ========= TestCase 102 Starting =========
21:58:00: Waiting for pdu lock
21:58:00: ...lock acquired
21:58:00: (10.36.230.42, 2): status is ON
21:58:00: ...lock released
22:05:36: Waiting for pdu lock
22:05:36: ...lock acquired
22:05:36: (10.36.230.42, 2): status is ON
22:05:36: ...lock released
22:11:30: ========= TestCase 102 Tear Down =========
22:11:52: Waiting for pdu lock
22:11:52: ...lock acquired
22:11:52: (10.36.230.42, 2): status is OFF
22:11:52: ...lock released
22:19:40: ========= TestCase 110 Starting =========
22:19:52: Waiting for pdu lock
22:19:52: ...lock acquired
22:19:52: (10.36.230.42, 2): status is ON
22:19:52: ...lock released
22:20:34: Waiting for pdu lock
22:20:34: ...lock acquired
22:20:34: (10.36.230.42, 2): status is ON
22:20:34: ...lock released
22:22:18: Waiting for pdu lock
22:22:18: ...lock acquired
22:22:18: (10.36.230.42, 2): status is OFF
22:22:18: ...lock released
22:29:43: Waiting for pdu lock
22:29:43: ...lock acquired
22:29:43: (10.36.230.42, 2): status is ON
22:29:43: ...lock released
22:30:25: Waiting for pdu lock
22:30:25: ...lock acquired
22:30:25: (10.36.230.42, 2): status is OFF
22:30:25: ...lock released
22:37:49: Waiting for pdu lock
22:37:49: ...lock acquired
22:37:49: (10.36.230.42, 2): status is ON
22:37:49: ...lock released
22:45:02: ========= TestCase 110 Tear Down =========
22:48:02: ========= TestCase 111 Starting =========
22:48:12: ========= TestCase 111 Tear Down =========
22:48:25: ========= TestCase 112 Starting =========
22:52:08: Waiting for pdu lock
22:52:08: ...lock acquired
22:52:08: (10.36.230.42, 2): status is ON
22:52:08: ...lock released
22:54:43: Waiting for pdu lock
22:54:43: ...lock acquired
22:54:43: (10.36.230.42, 2): status is ON
22:54:43: ...lock released
22:59:44: ========= TestCase 112 Tear Down =========
23:00:01: ========= TestCase 119 Starting =========
23:07:21: Waiting for pdu lock
23:07:21: ...lock acquired
23:07:21: (10.36.230.42, 2): status is ON
23:07:21: ...lock released
23:08:03: ========= TestCase 119 Tear Down =========
23:10:43: ========= TestCase 120 Starting =========
23:17:25: Waiting for pdu lock
23:17:25: ...lock acquired
23:17:25: (10.36.230.42, 2): status is ON
23:17:25: ...lock released
23:18:01: Waiting for pdu lock
23:18:01: ...lock acquired
23:18:01: (10.36.230.42, 2): status is ON
23:18:01: ...lock released
23:21:14: Waiting for pdu lock
23:21:14: ...lock acquired
23:21:14: (10.36.230.42, 2): status is OFF
23:21:14: ...lock released
23:27:16: Waiting for pdu lock
23:27:16: ...lock acquired
23:27:16: (10.36.230.42, 2): status is ON
23:27:16: ...lock released
23:28:04: Waiting for pdu lock
23:28:04: ...lock acquired
23:28:04: (10.36.230.42, 2): status is OFF
23:28:04: ...lock released
23:33:02: ========= TestCase 120 Tear Down =========
23:35:55: ========= TestCase 121 Starting =========
23:36:03: ========= TestCase 121 Tear Down =========
23:36:18: ========= TestCase 122 Starting =========
23:40:03: ========= TestCase 122 Tear Down =========
23:40:15: Waiting for pdu lock
23:40:15: ...lock acquired
23:40:15: (10.36.230.42, 2): status is OFF
23:40:15: ...lock released
