23:54:35: Waiting for pdu lock
23:54:35: ...lock acquired
23:54:35: (10.36.230.42, 2): status is ON
23:54:35: ...lock released
00:12:59: ========= TestCase 1 Starting =========
00:13:07: Waiting for pdu lock
00:13:07: ...lock acquired
00:13:07: (10.36.230.42, 2): status is ON
00:13:07: ...lock released
00:16:02: ========= TestCase 1 Tear Down =========
00:16:14: ========= TestCase 2 Starting =========
00:16:23: Waiting for pdu lock
00:16:23: ...lock acquired
00:16:23: (10.36.230.42, 2): status is ON
00:16:23: ...lock released
00:19:28: ========= TestCase 2 Tear Down =========
00:19:42: ========= TestCase 3 Starting =========
00:19:52: Waiting for pdu lock
00:19:52: ...lock acquired
00:19:52: (10.36.230.42, 2): status is ON
00:19:52: ...lock released
00:20:24: ========= TestCase 3 Tear Down =========
00:22:51: ========= TestCase 4 Starting =========
00:22:59: Waiting for pdu lock
00:22:59: ...lock acquired
00:22:59: (10.36.230.42, 2): status is ON
00:22:59: ...lock released
00:23:26: ========= TestCase 4 Tear Down =========
00:28:45: ========= TestCase 5 Starting =========
00:28:59: Waiting for pdu lock
00:28:59: ...lock acquired
00:28:59: (10.36.230.42, 2): status is ON
00:28:59: ...lock released
00:32:38: ========= TestCase 5 Tear Down =========
00:32:52: ========= TestCase 6 Starting =========
00:33:00: Waiting for pdu lock
00:33:00: ...lock acquired
00:33:00: (10.36.230.42, 2): status is ON
00:33:00: ...lock released
00:33:33: ========= TestCase 6 Tear Down =========
00:36:08: ========= TestCase 7 Starting =========
00:36:16: Waiting for pdu lock
00:36:16: ...lock acquired
00:36:16: (10.36.230.42, 2): status is ON
00:36:16: ...lock released
00:36:57: Waiting for pdu lock
00:36:57: ...lock acquired
00:36:57: (10.36.230.42, 2): status is OFF
00:36:57: ...lock released
00:41:52: ========= TestCase 7 Tear Down =========
00:44:47: ========= TestCase 8 Starting =========
00:44:55: Waiting for pdu lock
00:44:55: ...lock acquired
00:44:55: (10.36.230.42, 2): status is ON
00:44:55: ...lock released
00:47:39: ========= TestCase 8 Tear Down =========
00:47:53: ========= TestCase 9 Starting =========
00:48:00: Waiting for pdu lock
00:48:00: ...lock acquired
00:48:00: (10.36.230.42, 2): status is ON
00:48:00: ...lock released
00:50:55: ========= TestCase 9 Tear Down =========
00:51:08: ========= TestCase 12 Starting =========
00:51:18: ========= TestCase 12 Tear Down =========
00:51:23: ========= TestCase 13 Starting =========
00:51:30: Waiting for pdu lock
00:51:30: ...lock acquired
00:51:30: (10.36.230.42, 2): status is ON
00:51:30: ...lock released
00:54:48: ========= TestCase 13 Tear Down =========
00:54:52: ========= TestCase 14 Starting =========
00:55:00: Waiting for pdu lock
00:55:00: ...lock acquired
00:55:00: (10.36.230.42, 2): status is ON
00:55:00: ...lock released
00:56:12: Waiting for pdu lock
00:56:12: ...lock acquired
00:56:12: (10.36.230.42, 2): status is OFF
00:56:12: ...lock released
01:01:07: ========= TestCase 14 Tear Down =========
01:03:51: ========= TestCase 15 Starting =========
01:03:59: Waiting for pdu lock
01:03:59: ...lock acquired
01:03:59: (10.36.230.42, 2): status is ON
01:03:59: ...lock released
01:07:16: ========= TestCase 15 Tear Down =========
01:07:20: ========= TestCase 11 Starting =========
01:07:28: Waiting for pdu lock
01:07:28: ...lock acquired
01:07:28: (10.36.230.42, 2): status is ON
01:07:28: ...lock released
01:28:39: Waiting for pdu lock
01:28:39: ...lock acquired
01:28:39: (10.36.230.42, 2): status is OFF
01:28:39: ...lock released
01:42:10: ========= TestCase 11 Tear Down =========
01:46:14: ========= TestCase 10 Starting =========
01:46:22: Waiting for pdu lock
01:46:22: ...lock acquired
01:46:22: (10.36.230.42, 2): status is ON
01:46:22: ...lock released
02:47:36: Waiting for pdu lock
02:47:36: ...lock acquired
02:47:36: (10.36.230.42, 2): status is OFF
02:47:36: ...lock released
