23:54:35: ================ PowerGroup has been initialised ================
23:54:35: ======== Turning PowerGroup on
23:54:35: PowerGroup._pdu_cmd(on, [2], 3) called
23:54:35: Waiting for pdu lock
23:54:35: ...lock acquired
23:54:35: Power outlets are already in the desired state
23:54:35: ...lock released
23:54:35: Turning PowerGroup on: Success
00:12:59: ========= TestCase 1 Starting =========
00:13:10: ======== Turning PowerGroup off
00:13:10: PowerGroup._pdu_cmd(off, [2], 3) called
00:13:10: Waiting for pdu lock
00:13:10: ...lock acquired
00:13:10: HTTP POST was successfully executed
00:13:11: PowerGroup._pdu_cmd(status, [2], 3) called
00:13:14: Waiting for pdu lock
00:13:15: ...lock acquired
00:13:15: Current outlet status: {1: '0', 2: '0', 3: '0', 4: '0', 5: '0', 6: '0', 7: '0', 8: '0', 9: '1', 10: '0', 11: '0', 12: '0', 13: '0', 14: '0', 15: '0', 16: '0', 17: '1', 18: '0', 19: '0', 20: '0', 21: '0', 22: '0', 23: '0', 24: '0', 25: '5'}
00:13:15: ...lock released
00:13:15: Power outlets have been successfully turned off
00:13:15: ...lock released
00:13:15: Turning PowerGroup off: Success
00:13:30: ======== Turning PowerGroup on
00:13:30: PowerGroup._pdu_cmd(on, [2], 3) called
00:13:30: Waiting for pdu lock
00:13:30: ...lock acquired
00:13:30: Sleep 0 seconds to work around the x610 power supply issue
00:13:30: HTTP POST was successfully executed
00:13:33: PowerGroup._pdu_cmd(status, [2], 3) called
00:13:33: Waiting for pdu lock
00:13:33: ...lock acquired
00:13:33: Current outlet status: {1: '0', 2: '1', 3: '0', 4: '0', 5: '0', 6: '0', 7: '0', 8: '0', 9: '1', 10: '0', 11: '0', 12: '0', 13: '0', 14: '0', 15: '0', 16: '0', 17: '1', 18: '0', 19: '0', 20: '0', 21: '0', 22: '0', 23: '0', 24: '0', 25: '5'}
00:13:33: ...lock released
00:13:33: Power outlets have been successfully turned on
00:13:33: ...lock released
00:13:33: Turning PowerGroup on: Success
00:16:02: ========= TestCase 1 Tear Down =========
00:16:14: ========= TestCase 2 Starting =========
00:16:26: ======== Turning PowerGroup off
00:16:26: PowerGroup._pdu_cmd(off, [2], 3) called
00:16:26: Waiting for pdu lock
00:16:26: ...lock acquired
00:16:26: HTTP POST was successfully executed
00:16:27: PowerGroup._pdu_cmd(status, [2], 3) called
00:16:27: Waiting for pdu lock
00:16:27: ...lock acquired
00:16:27: Current outlet status: {1: '0', 2: '0', 3: '0', 4: '0', 5: '0', 6: '0', 7: '0', 8: '0', 9: '1', 10: '0', 11: '0', 12: '0', 13: '0', 14: '0', 15: '0', 16: '0', 17: '1', 18: '0', 19: '0', 20: '0', 21: '0', 22: '0', 23: '0', 24: '0', 25: '5'}
00:16:27: ...lock released
00:16:27: Power outlets have been successfully turned off
00:16:27: ...lock released
00:16:27: Turning PowerGroup off: Success
00:16:42: ======== Turning PowerGroup on
00:16:42: PowerGroup._pdu_cmd(on, [2], 3) called
00:16:42: Waiting for pdu lock
00:16:42: ...lock acquired
00:16:42: Sleep 0 seconds to work around the x610 power supply issue
00:16:42: HTTP POST was successfully executed
00:16:45: PowerGroup._pdu_cmd(status, [2], 3) called
00:16:45: Waiting for pdu lock
00:16:45: ...lock acquired
00:16:45: Current outlet status: {1: '0', 2: '1', 3: '0', 4: '0', 5: '0', 6: '0', 7: '0', 8: '0', 9: '1', 10: '0', 11: '0', 12: '0', 13: '0', 14: '0', 15: '0', 16: '0', 17: '1', 18: '0', 19: '0', 20: '0', 21: '0', 22: '0', 23: '0', 24: '0', 25: '5'}
00:16:46: ...lock released
00:16:46: Power outlets have been successfully turned on
00:16:46: ...lock released
00:16:46: Turning PowerGroup on: Success
00:19:28: ========= TestCase 2 Tear Down =========
00:19:42: ========= TestCase 3 Starting =========
00:19:55: ======== Turning PowerGroup off
00:19:55: PowerGroup._pdu_cmd(off, [2], 3) called
00:19:55: Waiting for pdu lock
00:19:55: ...lock acquired
00:19:55: HTTP POST was successfully executed
00:19:56: PowerGroup._pdu_cmd(status, [2], 3) called
00:19:56: Waiting for pdu lock
00:19:56: ...lock acquired
00:19:56: Current outlet status: {1: '0', 2: '0', 3: '0', 4: '0', 5: '0', 6: '0', 7: '0', 8: '0', 9: '1', 10: '0', 11: '0', 12: '0', 13: '0', 14: '0', 15: '0', 16: '0', 17: '1', 18: '0', 19: '0', 20: '0', 21: '0', 22: '0', 23: '0', 24: '0', 25: '5'}
00:19:56: ...lock released
00:19:56: Power outlets have been successfully turned off
00:19:56: ...lock released
00:19:56: Turning PowerGroup off: Success
00:20:11: ======== Turning PowerGroup on
00:20:12: PowerGroup._pdu_cmd(on, [2], 3) called
00:20:12: Waiting for pdu lock
00:20:12: ...lock acquired
00:20:12: Sleep 0 seconds to work around the x610 power supply issue
00:20:12: HTTP POST was successfully executed
00:20:15: PowerGroup._pdu_cmd(status, [2], 3) called
00:20:15: Waiting for pdu lock
00:20:15: ...lock acquired
00:20:15: Current outlet status: {1: '0', 2: '1', 3: '0', 4: '0', 5: '0', 6: '0', 7: '0', 8: '0', 9: '1', 10: '0', 11: '0', 12: '0', 13: '0', 14: '0', 15: '0', 16: '0', 17: '1', 18: '0', 19: '0', 20: '0', 21: '0', 22: '0', 23: '0', 24: '0', 25: '5'}
00:20:15: ...lock released
00:20:15: Power outlets have been successfully turned on
00:20:15: ...lock released
00:20:15: Turning PowerGroup on: Success
00:20:24: ========= TestCase 3 Tear Down =========
00:22:51: ========= TestCase 4 Starting =========
00:23:02: ======== Turning PowerGroup off
00:23:02: PowerGroup._pdu_cmd(off, [2], 3) called
00:23:02: Waiting for pdu lock
00:23:02: ...lock acquired
00:23:02: HTTP POST was successfully executed
00:23:03: PowerGroup._pdu_cmd(status, [2], 3) called
00:23:03: Waiting for pdu lock
00:23:03: ...lock acquired
00:23:03: Current outlet status: {1: '0', 2: '0', 3: '0', 4: '0', 5: '0', 6: '0', 7: '0', 8: '0', 9: '1', 10: '0', 11: '0', 12: '0', 13: '0', 14: '0', 15: '0', 16: '0', 17: '1', 18: '0', 19: '0', 20: '0', 21: '0', 22: '0', 23: '0', 24: '0', 25: '5'}
00:23:03: ...lock released
00:23:03: Power outlets have been successfully turned off
00:23:03: ...lock released
00:23:03: Turning PowerGroup off: Success
00:23:18: ======== Turning PowerGroup on
00:23:18: PowerGroup._pdu_cmd(on, [2], 3) called
00:23:18: Waiting for pdu lock
00:23:18: ...lock acquired
00:23:18: Sleep 0 seconds to work around the x610 power supply issue
00:23:18: HTTP POST was successfully executed
00:23:21: PowerGroup._pdu_cmd(status, [2], 3) called
00:23:21: Waiting for pdu lock
00:23:21: ...lock acquired
00:23:21: Current outlet status: {1: '0', 2: '1', 3: '0', 4: '0', 5: '0', 6: '0', 7: '0', 8: '0', 9: '1', 10: '0', 11: '0', 12: '0', 13: '0', 14: '0', 15: '0', 16: '0', 17: '1', 18: '0', 19: '0', 20: '0', 21: '0', 22: '0', 23: '0', 24: '0', 25: '5'}
00:23:21: ...lock released
00:23:21: Power outlets have been successfully turned on
00:23:21: ...lock released
00:23:21: Turning PowerGroup on: Success
00:23:26: ========= TestCase 4 Tear Down =========
00:26:00: ======== Turning PowerGroup off
00:26:00: PowerGroup._pdu_cmd(off, [2], 3) called
00:26:00: Waiting for pdu lock
00:26:00: ...lock acquired
00:26:00: HTTP POST was successfully executed
00:26:01: PowerGroup._pdu_cmd(status, [2], 3) called
00:26:01: Waiting for pdu lock
00:26:01: ...lock acquired
00:26:01: Current outlet status: {1: '0', 2: '0', 3: '0', 4: '0', 5: '0', 6: '0', 7: '0', 8: '0', 9: '1', 10: '0', 11: '0', 12: '0', 13: '0', 14: '0', 15: '0', 16: '0', 17: '1', 18: '0', 19: '0', 20: '0', 21: '0', 22: '0', 23: '0', 24: '0', 25: '5'}
00:26:01: ...lock released
00:26:01: Power outlets have been successfully turned off
00:26:01: ...lock released
00:26:01: Turning PowerGroup off: Success
00:26:07: ======== Turning PowerGroup on
00:26:07: PowerGroup._pdu_cmd(on, [2], 3) called
00:26:07: Waiting for pdu lock
00:26:07: ...lock acquired
00:26:07: Sleep 8.848757028579712 seconds to work around the x610 power supply issue
00:26:15: HTTP POST was successfully executed
00:26:18: PowerGroup._pdu_cmd(status, [2], 3) called
00:26:19: Waiting for pdu lock
00:26:19: ...lock acquired
00:26:19: Current outlet status: {1: '0', 2: '1', 3: '0', 4: '0', 5: '0', 6: '0', 7: '0', 8: '0', 9: '1', 10: '0', 11: '0', 12: '0', 13: '0', 14: '0', 15: '0', 16: '0', 17: '1', 18: '0', 19: '0', 20: '0', 21: '0', 22: '0', 23: '0', 24: '0', 25: '5'}
00:26:19: ...lock released
00:26:20: Power outlets have been successfully turned on
00:26:20: ...lock released
00:26:20: Turning PowerGroup on: Success
00:28:45: ========= TestCase 5 Starting =========
00:29:02: ======== Turning PowerGroup off
00:29:02: PowerGroup._pdu_cmd(off, [2], 3) called
00:29:02: Waiting for pdu lock
00:29:02: ...lock acquired
00:29:02: HTTP POST was successfully executed
00:29:03: PowerGroup._pdu_cmd(status, [2], 3) called
00:29:03: Waiting for pdu lock
00:29:03: ...lock acquired
00:29:03: Current outlet status: {1: '0', 2: '0', 3: '0', 4: '0', 5: '0', 6: '0', 7: '0', 8: '0', 9: '1', 10: '0', 11: '0', 12: '0', 13: '0', 14: '0', 15: '0', 16: '0', 17: '1', 18: '0', 19: '0', 20: '0', 21: '0', 22: '0', 23: '0', 24: '0', 25: '5'}
00:29:03: ...lock released
00:29:03: Power outlets have been successfully turned off
00:29:03: ...lock released
00:29:03: Turning PowerGroup off: Success
00:29:19: ======== Turning PowerGroup on
00:29:19: PowerGroup._pdu_cmd(on, [2], 3) called
00:29:19: Waiting for pdu lock
00:29:19: ...lock acquired
00:29:19: Sleep 0 seconds to work around the x610 power supply issue
00:29:19: HTTP POST was successfully executed
00:29:22: PowerGroup._pdu_cmd(status, [2], 3) called
00:29:22: Waiting for pdu lock
00:29:22: ...lock acquired
00:29:22: Current outlet status: {1: '0', 2: '1', 3: '0', 4: '0', 5: '0', 6: '0', 7: '0', 8: '0', 9: '1', 10: '0', 11: '0', 12: '0', 13: '0', 14: '0', 15: '0', 16: '0', 17: '1', 18: '0', 19: '0', 20: '0', 21: '0', 22: '0', 23: '0', 24: '0', 25: '5'}
00:29:22: ...lock released
00:29:22: Power outlets have been successfully turned on
00:29:22: ...lock released
00:29:22: Turning PowerGroup on: Success
00:32:38: ========= TestCase 5 Tear Down =========
00:32:52: ========= TestCase 6 Starting =========
00:33:03: ======== Turning PowerGroup off
00:33:03: PowerGroup._pdu_cmd(off, [2], 3) called
00:33:03: Waiting for pdu lock
00:33:03: ...lock acquired
00:33:03: HTTP POST was successfully executed
00:33:04: PowerGroup._pdu_cmd(status, [2], 3) called
00:33:04: Waiting for pdu lock
00:33:04: ...lock acquired
00:33:04: Current outlet status: {1: '0', 2: '0', 3: '0', 4: '0', 5: '0', 6: '0', 7: '0', 8: '0', 9: '1', 10: '0', 11: '0', 12: '0', 13: '0', 14: '0', 15: '0', 16: '0', 17: '1', 18: '0', 19: '0', 20: '0', 21: '0', 22: '0', 23: '0', 24: '0', 25: '5'}
00:33:04: ...lock released
00:33:04: Power outlets have been successfully turned off
00:33:04: ...lock released
00:33:04: Turning PowerGroup off: Success
00:33:22: ======== Turning PowerGroup on
00:33:22: PowerGroup._pdu_cmd(on, [2], 3) called
00:33:22: Waiting for pdu lock
00:33:22: ...lock acquired
00:33:22: Sleep 0 seconds to work around the x610 power supply issue
00:33:22: HTTP POST was successfully executed
00:33:25: PowerGroup._pdu_cmd(status, [2], 3) called
00:33:25: Waiting for pdu lock
00:33:25: ...lock acquired
00:33:25: Current outlet status: {1: '0', 2: '1', 3: '0', 4: '0', 5: '0', 6: '0', 7: '0', 8: '0', 9: '1', 10: '0', 11: '0', 12: '0', 13: '0', 14: '0', 15: '0', 16: '0', 17: '1', 18: '0', 19: '0', 20: '0', 21: '0', 22: '0', 23: '0', 24: '0', 25: '5'}
00:33:25: ...lock released
00:33:25: Power outlets have been successfully turned on
00:33:25: ...lock released
00:33:25: Turning PowerGroup on: Success
00:33:33: ========= TestCase 6 Tear Down =========
00:36:08: ========= TestCase 7 Starting =========
00:36:19: ======== Turning PowerGroup off
00:36:19: PowerGroup._pdu_cmd(off, [2], 3) called
00:36:19: Waiting for pdu lock
00:36:19: ...lock acquired
00:36:19: HTTP POST was successfully executed
00:36:20: PowerGroup._pdu_cmd(status, [2], 3) called
00:36:20: Waiting for pdu lock
00:36:20: ...lock acquired
00:36:20: Current outlet status: {1: '0', 2: '0', 3: '0', 4: '0', 5: '0', 6: '0', 7: '0', 8: '0', 9: '1', 10: '0', 11: '0', 12: '0', 13: '0', 14: '0', 15: '0', 16: '0', 17: '1', 18: '0', 19: '0', 20: '0', 21: '0', 22: '0', 23: '0', 24: '0', 25: '5'}
00:36:20: ...lock released
00:36:20: Power outlets have been successfully turned off
00:36:20: ...lock released
00:36:20: Turning PowerGroup off: Success
00:36:36: ======== Turning PowerGroup on
00:36:36: PowerGroup._pdu_cmd(on, [2], 3) called
00:36:36: Waiting for pdu lock
00:36:36: ...lock acquired
00:36:36: Sleep 0 seconds to work around the x610 power supply issue
00:36:36: HTTP POST was successfully executed
00:36:39: PowerGroup._pdu_cmd(status, [2], 3) called
00:36:39: Waiting for pdu lock
00:36:39: ...lock acquired
00:36:39: Current outlet status: {1: '0', 2: '1', 3: '0', 4: '0', 5: '0', 6: '0', 7: '0', 8: '0', 9: '1', 10: '0', 11: '0', 12: '0', 13: '0', 14: '0', 15: '0', 16: '0', 17: '1', 18: '0', 19: '0', 20: '0', 21: '0', 22: '0', 23: '0', 24: '0', 25: '5'}
00:36:39: ...lock released
00:36:39: Power outlets have been successfully turned on
00:36:39: ...lock released
00:36:39: Turning PowerGroup on: Success
00:36:44: ======== Turning PowerGroup off
00:36:44: PowerGroup._pdu_cmd(off, [2], 3) called
00:36:44: Waiting for pdu lock
00:36:44: ...lock acquired
00:36:44: HTTP POST was successfully executed
00:36:45: PowerGroup._pdu_cmd(status, [2], 3) called
00:36:45: Waiting for pdu lock
00:36:45: ...lock acquired
00:36:45: Current outlet status: {1: '0', 2: '0', 3: '0', 4: '0', 5: '0', 6: '0', 7: '0', 8: '0', 9: '1', 10: '0', 11: '0', 12: '0', 13: '0', 14: '0', 15: '0', 16: '0', 17: '1', 18: '0', 19: '0', 20: '0', 21: '0', 22: '0', 23: '0', 24: '0', 25: '5'}
00:36:45: ...lock released
00:36:45: Power outlets have been successfully turned off
00:36:45: ...lock released
00:36:45: Turning PowerGroup off: Success
00:36:51: ======== Turning PowerGroup off
00:36:51: PowerGroup._pdu_cmd(off, [2], 3) called
00:36:51: Waiting for pdu lock
00:36:51: ...lock acquired
00:36:51: Power outlets are already in the desired state
00:36:51: ...lock released
00:36:51: Turning PowerGroup off: Success
00:36:57: ======== Turning PowerGroup off
00:36:57: PowerGroup._pdu_cmd(off, [2], 3) called
00:36:57: Waiting for pdu lock
00:36:57: ...lock acquired
00:36:57: Power outlets are already in the desired state
00:36:57: ...lock released
00:36:57: Turning PowerGroup off: Success
00:37:12: ======== Turning PowerGroup on
00:37:12: PowerGroup._pdu_cmd(on, [2], 3) called
00:37:12: Waiting for pdu lock
00:37:12: ...lock acquired
00:37:12: Sleep 0 seconds to work around the x610 power supply issue
00:37:12: HTTP POST was successfully executed
00:37:15: PowerGroup._pdu_cmd(status, [2], 3) called
00:37:16: Waiting for pdu lock
00:37:16: ...lock acquired
00:37:16: Current outlet status: {1: '0', 2: '1', 3: '0', 4: '0', 5: '0', 6: '0', 7: '0', 8: '0', 9: '1', 10: '0', 11: '0', 12: '0', 13: '0', 14: '0', 15: '0', 16: '0', 17: '1', 18: '0', 19: '0', 20: '0', 21: '0', 22: '0', 23: '0', 24: '0', 25: '5'}
00:37:16: ...lock released
00:37:16: Power outlets have been successfully turned on
00:37:16: ...lock released
00:37:16: Turning PowerGroup on: Success
00:41:52: ========= TestCase 7 Tear Down =========
00:42:09: ======== Turning PowerGroup off
00:42:09: PowerGroup._pdu_cmd(off, [2], 3) called
00:42:09: Waiting for pdu lock
00:42:09: ...lock acquired
00:42:09: HTTP POST was successfully executed
00:42:10: PowerGroup._pdu_cmd(status, [2], 3) called
00:42:10: Waiting for pdu lock
00:42:10: ...lock acquired
00:42:10: Current outlet status: {1: '0', 2: '0', 3: '0', 4: '0', 5: '0', 6: '0', 7: '0', 8: '0', 9: '1', 10: '0', 11: '0', 12: '0', 13: '0', 14: '0', 15: '0', 16: '0', 17: '1', 18: '0', 19: '0', 20: '0', 21: '0', 22: '0', 23: '0', 24: '0', 25: '5'}
00:42:10: ...lock released
00:42:10: Power outlets have been successfully turned off
00:42:10: ...lock released
00:42:10: Turning PowerGroup off: Success
00:42:15: ======== Turning PowerGroup on
00:42:15: PowerGroup._pdu_cmd(on, [2], 3) called
00:42:15: Waiting for pdu lock
00:42:15: ...lock acquired
00:42:15: Sleep 8.833494663238525 seconds to work around the x610 power supply issue
00:42:24: HTTP POST was successfully executed
00:42:29: PowerGroup._pdu_cmd(status, [2], 3) called
00:42:29: Waiting for pdu lock
00:42:29: ...lock acquired
00:42:29: Current outlet status: {1: '0', 2: '1', 3: '0', 4: '0', 5: '0', 6: '0', 7: '0', 8: '0', 9: '1', 10: '0', 11: '0', 12: '0', 13: '0', 14: '0', 15: '0', 16: '0', 17: '1', 18: '0', 19: '0', 20: '0', 21: '0', 22: '0', 23: '0', 24: '0', 25: '5'}
00:42:29: ...lock released
00:42:29: Power outlets have been successfully turned on
00:42:29: ...lock released
00:42:29: Turning PowerGroup on: Success
00:44:47: ========= TestCase 8 Starting =========
00:44:58: ======== Turning PowerGroup off
00:44:58: PowerGroup._pdu_cmd(off, [2], 3) called
00:44:58: Waiting for pdu lock
00:44:58: ...lock acquired
00:44:58: HTTP POST was successfully executed
00:44:59: PowerGroup._pdu_cmd(status, [2], 3) called
00:45:00: Waiting for pdu lock
00:45:00: ...lock acquired
00:45:00: Current outlet status: {1: '0', 2: '0', 3: '0', 4: '0', 5: '0', 6: '0', 7: '0', 8: '0', 9: '1', 10: '0', 11: '0', 12: '0', 13: '0', 14: '0', 15: '0', 16: '0', 17: '1', 18: '0', 19: '0', 20: '0', 21: '0', 22: '0', 23: '0', 24: '0', 25: '5'}
00:45:00: ...lock released
00:45:00: Power outlets have been successfully turned off
00:45:00: ...lock released
00:45:00: Turning PowerGroup off: Success
00:45:15: ======== Turning PowerGroup on
00:45:15: PowerGroup._pdu_cmd(on, [2], 3) called
00:45:15: Waiting for pdu lock
00:45:15: ...lock acquired
00:45:15: Sleep 0 seconds to work around the x610 power supply issue
00:45:15: HTTP POST was successfully executed
00:45:18: PowerGroup._pdu_cmd(status, [2], 3) called
00:45:18: Waiting for pdu lock
00:45:18: ...lock acquired
00:45:18: Current outlet status: {1: '0', 2: '1', 3: '0', 4: '0', 5: '0', 6: '0', 7: '0', 8: '0', 9: '1', 10: '0', 11: '0', 12: '0', 13: '0', 14: '0', 15: '0', 16: '0', 17: '1', 18: '0', 19: '0', 20: '0', 21: '0', 22: '0', 23: '0', 24: '0', 25: '5'}
00:45:18: ...lock released
00:45:18: Power outlets have been successfully turned on
00:45:18: ...lock released
00:45:18: Turning PowerGroup on: Success
00:47:39: ========= TestCase 8 Tear Down =========
00:47:53: ========= TestCase 9 Starting =========
00:48:04: ======== Turning PowerGroup off
00:48:04: PowerGroup._pdu_cmd(off, [2], 3) called
00:48:04: Waiting for pdu lock
00:48:04: ...lock acquired
00:48:04: HTTP POST was successfully executed
00:48:05: PowerGroup._pdu_cmd(status, [2], 3) called
00:48:05: Waiting for pdu lock
00:48:05: ...lock acquired
00:48:05: Current outlet status: {1: '0', 2: '0', 3: '0', 4: '0', 5: '0', 6: '0', 7: '0', 8: '0', 9: '1', 10: '0', 11: '0', 12: '0', 13: '0', 14: '0', 15: '0', 16: '0', 17: '1', 18: '0', 19: '0', 20: '0', 21: '0', 22: '0', 23: '0', 24: '0', 25: '5'}
00:48:05: ...lock released
00:48:05: Power outlets have been successfully turned off
00:48:05: ...lock released
00:48:05: Turning PowerGroup off: Success
00:48:22: ======== Turning PowerGroup on
00:48:22: PowerGroup._pdu_cmd(on, [2], 3) called
00:48:22: Waiting for pdu lock
00:48:22: ...lock acquired
00:48:22: Sleep 0 seconds to work around the x610 power supply issue
00:48:22: HTTP POST was successfully executed
00:48:25: PowerGroup._pdu_cmd(status, [2], 3) called
00:48:25: Waiting for pdu lock
00:48:25: ...lock acquired
00:48:25: Current outlet status: {1: '0', 2: '1', 3: '0', 4: '0', 5: '0', 6: '0', 7: '0', 8: '0', 9: '1', 10: '0', 11: '0', 12: '0', 13: '0', 14: '0', 15: '0', 16: '0', 17: '1', 18: '0', 19: '0', 20: '0', 21: '0', 22: '0', 23: '0', 24: '0', 25: '5'}
00:48:25: ...lock released
00:48:25: Power outlets have been successfully turned on
00:48:25: ...lock released
00:48:25: Turning PowerGroup on: Success
00:50:55: ========= TestCase 9 Tear Down =========
00:51:08: ========= TestCase 12 Starting =========
00:51:18: ========= TestCase 12 Tear Down =========
00:51:23: ========= TestCase 13 Starting =========
00:51:35: ======== Turning PowerGroup off
00:51:36: PowerGroup._pdu_cmd(off, [2], 3) called
00:51:36: Waiting for pdu lock
00:51:36: ...lock acquired
00:51:36: HTTP POST was successfully executed
00:51:37: PowerGroup._pdu_cmd(status, [2], 3) called
00:51:37: Waiting for pdu lock
00:51:37: ...lock acquired
00:51:37: Current outlet status: {1: '0', 2: '0', 3: '0', 4: '0', 5: '0', 6: '0', 7: '0', 8: '0', 9: '1', 10: '0', 11: '0', 12: '0', 13: '0', 14: '0', 15: '0', 16: '0', 17: '1', 18: '0', 19: '0', 20: '0', 21: '0', 22: '0', 23: '0', 24: '0', 25: '5'}
00:51:37: ...lock released
00:51:37: Power outlets have been successfully turned off
00:51:37: ...lock released
00:51:37: Turning PowerGroup off: Success
00:51:52: ======== Turning PowerGroup on
00:51:52: PowerGroup._pdu_cmd(on, [2], 3) called
00:51:52: Waiting for pdu lock
00:51:52: ...lock acquired
00:51:52: Sleep 0 seconds to work around the x610 power supply issue
00:51:52: HTTP POST was successfully executed
00:51:55: PowerGroup._pdu_cmd(status, [2], 3) called
00:51:55: Waiting for pdu lock
00:51:55: ...lock acquired
00:51:55: Current outlet status: {1: '0', 2: '1', 3: '0', 4: '0', 5: '0', 6: '0', 7: '0', 8: '0', 9: '1', 10: '0', 11: '0', 12: '0', 13: '0', 14: '0', 15: '0', 16: '0', 17: '1', 18: '0', 19: '0', 20: '0', 21: '0', 22: '0', 23: '0', 24: '0', 25: '5'}
00:51:55: ...lock released
00:51:55: Power outlets have been successfully turned on
00:51:55: ...lock released
00:51:55: Turning PowerGroup on: Success
00:54:48: ========= TestCase 13 Tear Down =========
00:54:52: ========= TestCase 14 Starting =========
00:55:04: ======== Turning PowerGroup off
00:55:04: PowerGroup._pdu_cmd(off, [2], 3) called
00:55:04: Waiting for pdu lock
00:55:04: ...lock acquired
00:55:04: HTTP POST was successfully executed
00:55:05: PowerGroup._pdu_cmd(status, [2], 3) called
00:55:05: Waiting for pdu lock
00:55:05: ...lock acquired
00:55:05: Current outlet status: {1: '0', 2: '0', 3: '0', 4: '0', 5: '0', 6: '0', 7: '0', 8: '0', 9: '1', 10: '0', 11: '0', 12: '0', 13: '0', 14: '0', 15: '0', 16: '0', 17: '1', 18: '0', 19: '0', 20: '0', 21: '0', 22: '0', 23: '0', 24: '0', 25: '5'}
00:55:05: ...lock released
00:55:05: Power outlets have been successfully turned off
00:55:05: ...lock released
00:55:05: Turning PowerGroup off: Success
00:55:20: ======== Turning PowerGroup on
00:55:20: PowerGroup._pdu_cmd(on, [2], 3) called
00:55:20: Waiting for pdu lock
00:55:20: ...lock acquired
00:55:20: Sleep 0 seconds to work around the x610 power supply issue
00:55:20: HTTP POST was successfully executed
00:55:23: PowerGroup._pdu_cmd(status, [2], 3) called
00:55:23: Waiting for pdu lock
00:55:23: ...lock acquired
00:55:23: Current outlet status: {1: '0', 2: '1', 3: '0', 4: '0', 5: '0', 6: '0', 7: '0', 8: '0', 9: '1', 10: '0', 11: '0', 12: '0', 13: '0', 14: '0', 15: '0', 16: '0', 17: '1', 18: '0', 19: '0', 20: '0', 21: '0', 22: '0', 23: '0', 24: '0', 25: '5'}
00:55:23: ...lock released
00:55:23: Power outlets have been successfully turned on
00:55:23: ...lock released
00:55:23: Turning PowerGroup on: Success
00:56:01: ======== Turning PowerGroup off
00:56:01: PowerGroup._pdu_cmd(off, [2], 3) called
00:56:01: Waiting for pdu lock
00:56:01: ...lock acquired
00:56:01: HTTP POST was successfully executed
00:56:02: PowerGroup._pdu_cmd(status, [2], 3) called
00:56:02: Waiting for pdu lock
00:56:02: ...lock acquired
00:56:02: Current outlet status: {1: '0', 2: '0', 3: '0', 4: '0', 5: '0', 6: '0', 7: '0', 8: '0', 9: '1', 10: '0', 11: '0', 12: '0', 13: '0', 14: '0', 15: '0', 16: '0', 17: '1', 18: '0', 19: '0', 20: '0', 21: '0', 22: '0', 23: '0', 24: '0', 25: '5'}
00:56:02: ...lock released
00:56:02: Power outlets have been successfully turned off
00:56:02: ...lock released
00:56:02: Turning PowerGroup off: Success
00:56:07: ======== Turning PowerGroup off
00:56:07: PowerGroup._pdu_cmd(off, [2], 3) called
00:56:07: Waiting for pdu lock
00:56:07: ...lock acquired
00:56:07: Power outlets are already in the desired state
00:56:07: ...lock released
00:56:07: Turning PowerGroup off: Success
00:56:12: ======== Turning PowerGroup off
00:56:12: PowerGroup._pdu_cmd(off, [2], 3) called
00:56:12: Waiting for pdu lock
00:56:12: ...lock acquired
00:56:12: Power outlets are already in the desired state
00:56:12: ...lock released
00:56:12: Turning PowerGroup off: Success
00:56:27: ======== Turning PowerGroup on
00:56:27: PowerGroup._pdu_cmd(on, [2], 3) called
00:56:27: Waiting for pdu lock
00:56:27: ...lock acquired
00:56:27: Sleep 0 seconds to work around the x610 power supply issue
00:56:27: HTTP POST was successfully executed
00:56:30: PowerGroup._pdu_cmd(status, [2], 3) called
00:56:30: Waiting for pdu lock
00:56:30: ...lock acquired
00:56:30: Current outlet status: {1: '0', 2: '1', 3: '0', 4: '0', 5: '0', 6: '0', 7: '0', 8: '0', 9: '1', 10: '0', 11: '0', 12: '0', 13: '0', 14: '0', 15: '0', 16: '0', 17: '1', 18: '0', 19: '0', 20: '0', 21: '0', 22: '0', 23: '0', 24: '0', 25: '5'}
00:56:30: ...lock released
00:56:30: Power outlets have been successfully turned on
00:56:30: ...lock released
00:56:30: Turning PowerGroup on: Success
01:01:07: ========= TestCase 14 Tear Down =========
01:01:10: ======== Turning PowerGroup off
01:01:10: PowerGroup._pdu_cmd(off, [2], 3) called
01:01:10: Waiting for pdu lock
01:01:10: ...lock acquired
01:01:10: HTTP POST was successfully executed
01:01:12: PowerGroup._pdu_cmd(status, [2], 3) called
01:01:12: Waiting for pdu lock
01:01:12: ...lock acquired
01:01:12: Current outlet status: {1: '0', 2: '0', 3: '0', 4: '0', 5: '0', 6: '0', 7: '0', 8: '0', 9: '1', 10: '0', 11: '0', 12: '0', 13: '0', 14: '0', 15: '0', 16: '0', 17: '1', 18: '0', 19: '0', 20: '0', 21: '0', 22: '0', 23: '0', 24: '0', 25: '5'}
01:01:12: ...lock released
01:01:12: Power outlets have been successfully turned off
01:01:12: ...lock released
01:01:12: Turning PowerGroup off: Success
01:01:17: ======== Turning PowerGroup on
01:01:17: PowerGroup._pdu_cmd(on, [2], 3) called
01:01:17: Waiting for pdu lock
01:01:17: ...lock acquired
01:01:18: Sleep 7.472525119781494 seconds to work around the x610 power supply issue
01:01:26: HTTP POST was successfully executed
01:01:29: PowerGroup._pdu_cmd(status, [2], 3) called
01:01:29: Waiting for pdu lock
01:01:29: ...lock acquired
01:01:29: Current outlet status: {1: '0', 2: '1', 3: '0', 4: '0', 5: '0', 6: '0', 7: '0', 8: '0', 9: '1', 10: '0', 11: '0', 12: '0', 13: '0', 14: '0', 15: '0', 16: '0', 17: '1', 18: '0', 19: '0', 20: '0', 21: '0', 22: '0', 23: '0', 24: '0', 25: '5'}
01:01:29: ...lock released
01:01:29: Power outlets have been successfully turned on
01:01:29: ...lock released
01:01:29: Turning PowerGroup on: Success
01:03:51: ========= TestCase 15 Starting =========
01:04:02: ======== Turning PowerGroup off
01:04:02: PowerGroup._pdu_cmd(off, [2], 3) called
01:04:02: Waiting for pdu lock
01:04:02: ...lock acquired
01:04:03: HTTP POST was successfully executed
01:04:04: PowerGroup._pdu_cmd(status, [2], 3) called
01:04:04: Waiting for pdu lock
01:04:04: ...lock acquired
01:04:04: Current outlet status: {1: '0', 2: '0', 3: '0', 4: '0', 5: '0', 6: '0', 7: '0', 8: '0', 9: '1', 10: '0', 11: '0', 12: '0', 13: '0', 14: '0', 15: '0', 16: '0', 17: '1', 18: '0', 19: '0', 20: '0', 21: '0', 22: '0', 23: '0', 24: '0', 25: '5'}
01:04:04: ...lock released
01:04:04: Power outlets have been successfully turned off
01:04:04: ...lock released
01:04:04: Turning PowerGroup off: Success
01:04:19: ======== Turning PowerGroup on
01:04:19: PowerGroup._pdu_cmd(on, [2], 3) called
01:04:19: Waiting for pdu lock
01:04:19: ...lock acquired
01:04:19: Sleep 0 seconds to work around the x610 power supply issue
01:04:19: HTTP POST was successfully executed
01:04:22: PowerGroup._pdu_cmd(status, [2], 3) called
01:04:22: Waiting for pdu lock
01:04:22: ...lock acquired
01:04:22: Current outlet status: {1: '0', 2: '1', 3: '0', 4: '0', 5: '0', 6: '0', 7: '0', 8: '0', 9: '1', 10: '0', 11: '0', 12: '0', 13: '0', 14: '0', 15: '0', 16: '0', 17: '1', 18: '0', 19: '0', 20: '0', 21: '0', 22: '0', 23: '0', 24: '0', 25: '5'}
01:04:22: ...lock released
01:04:22: Power outlets have been successfully turned on
01:04:22: ...lock released
01:04:22: Turning PowerGroup on: Success
01:07:16: ========= TestCase 15 Tear Down =========
01:07:20: ========= TestCase 11 Starting =========
01:07:31: ======== Turning PowerGroup off
01:07:31: PowerGroup._pdu_cmd(off, [2], 3) called
01:07:31: Waiting for pdu lock
01:07:31: ...lock acquired
01:07:31: HTTP POST was successfully executed
01:07:32: PowerGroup._pdu_cmd(status, [2], 3) called
01:07:32: Waiting for pdu lock
01:07:32: ...lock acquired
01:07:32: Current outlet status: {1: '0', 2: '0', 3: '0', 4: '0', 5: '0', 6: '0', 7: '0', 8: '0', 9: '1', 10: '0', 11: '0', 12: '0', 13: '0', 14: '0', 15: '0', 16: '0', 17: '1', 18: '0', 19: '0', 20: '0', 21: '0', 22: '0', 23: '0', 24: '0', 25: '5'}
01:07:32: ...lock released
01:07:32: Power outlets have been successfully turned off
01:07:32: ...lock released
01:07:32: Turning PowerGroup off: Success
01:07:47: ======== Turning PowerGroup on
01:07:47: PowerGroup._pdu_cmd(on, [2], 3) called
01:07:47: Waiting for pdu lock
01:07:47: ...lock acquired
01:07:47: Sleep 0 seconds to work around the x610 power supply issue
01:07:47: HTTP POST was successfully executed
01:07:50: PowerGroup._pdu_cmd(status, [2], 3) called
01:07:50: Waiting for pdu lock
01:07:50: ...lock acquired
01:07:50: Current outlet status: {1: '0', 2: '1', 3: '0', 4: '0', 5: '0', 6: '0', 7: '0', 8: '0', 9: '1', 10: '0', 11: '0', 12: '0', 13: '0', 14: '0', 15: '0', 16: '0', 17: '1', 18: '0', 19: '0', 20: '0', 21: '0', 22: '0', 23: '0', 24: '0', 25: '5'}
01:07:51: ...lock released
01:07:51: Power outlets have been successfully turned on
01:07:51: ...lock released
01:07:51: Turning PowerGroup on: Success
01:28:28: ======== Turning PowerGroup off
01:28:28: PowerGroup._pdu_cmd(off, [2], 3) called
01:28:28: Waiting for pdu lock
01:28:28: ...lock acquired
01:28:28: HTTP POST was successfully executed
01:28:29: PowerGroup._pdu_cmd(status, [2], 3) called
01:28:29: Waiting for pdu lock
01:28:29: ...lock acquired
01:28:29: Current outlet status: {1: '0', 2: '0', 3: '0', 4: '0', 5: '0', 6: '0', 7: '0', 8: '0', 9: '1', 10: '0', 11: '0', 12: '0', 13: '0', 14: '0', 15: '0', 16: '0', 17: '1', 18: '0', 19: '0', 20: '0', 21: '0', 22: '0', 23: '0', 24: '0', 25: '5'}
01:28:29: ...lock released
01:28:29: Power outlets have been successfully turned off
01:28:29: ...lock released
01:28:29: Turning PowerGroup off: Success
01:28:34: ======== Turning PowerGroup off
01:28:34: PowerGroup._pdu_cmd(off, [2], 3) called
01:28:34: Waiting for pdu lock
01:28:34: ...lock acquired
01:28:34: Power outlets are already in the desired state
01:28:34: ...lock released
01:28:34: Turning PowerGroup off: Success
01:28:40: ======== Turning PowerGroup off
01:28:40: PowerGroup._pdu_cmd(off, [2], 3) called
01:28:40: Waiting for pdu lock
01:28:40: ...lock acquired
01:28:40: Power outlets are already in the desired state
01:28:40: ...lock released
01:28:40: Turning PowerGroup off: Success
01:28:55: ======== Turning PowerGroup on
01:28:55: PowerGroup._pdu_cmd(on, [2], 3) called
01:28:55: Waiting for pdu lock
01:28:55: ...lock acquired
01:28:55: Sleep 0 seconds to work around the x610 power supply issue
01:28:55: HTTP POST was successfully executed
01:28:58: PowerGroup._pdu_cmd(status, [2], 3) called
01:28:58: Waiting for pdu lock
01:28:58: ...lock acquired
01:28:58: Current outlet status: {1: '0', 2: '1', 3: '0', 4: '0', 5: '0', 6: '0', 7: '0', 8: '0', 9: '1', 10: '0', 11: '0', 12: '0', 13: '0', 14: '0', 15: '0', 16: '0', 17: '1', 18: '0', 19: '0', 20: '0', 21: '0', 22: '0', 23: '0', 24: '0', 25: '5'}
01:28:58: ...lock released
01:28:58: Power outlets have been successfully turned on
01:28:58: ...lock released
01:28:58: Turning PowerGroup on: Success
01:42:10: ========= TestCase 11 Tear Down =========
01:42:21: ======== Turning PowerGroup off
01:42:21: PowerGroup._pdu_cmd(off, [2], 3) called
01:42:21: Waiting for pdu lock
01:42:21: ...lock acquired
01:42:21: HTTP POST was successfully executed
01:42:22: PowerGroup._pdu_cmd(status, [2], 3) called
01:42:22: Waiting for pdu lock
01:42:22: ...lock acquired
01:42:22: Current outlet status: {1: '0', 2: '0', 3: '0', 4: '0', 5: '0', 6: '0', 7: '0', 8: '0', 9: '1', 10: '0', 11: '0', 12: '0', 13: '0', 14: '0', 15: '0', 16: '0', 17: '1', 18: '0', 19: '0', 20: '0', 21: '0', 22: '0', 23: '0', 24: '0', 25: '5'}
01:42:22: ...lock released
01:42:22: Power outlets have been successfully turned off
01:42:22: ...lock released
01:42:22: Turning PowerGroup off: Success
01:42:27: ======== Turning PowerGroup on
01:42:27: PowerGroup._pdu_cmd(on, [2], 3) called
01:42:27: Waiting for pdu lock
01:42:27: ...lock acquired
01:42:27: Sleep 8.674028158187866 seconds to work around the x610 power supply issue
01:42:36: HTTP POST was successfully executed
01:42:39: PowerGroup._pdu_cmd(status, [2], 3) called
01:42:39: Waiting for pdu lock
01:42:39: ...lock acquired
01:42:39: Current outlet status: {1: '0', 2: '1', 3: '0', 4: '0', 5: '0', 6: '0', 7: '0', 8: '0', 9: '1', 10: '0', 11: '0', 12: '0', 13: '0', 14: '0', 15: '0', 16: '0', 17: '1', 18: '0', 19: '0', 20: '0', 21: '0', 22: '0', 23: '0', 24: '0', 25: '5'}
01:42:39: ...lock released
01:42:39: Power outlets have been successfully turned on
01:42:39: ...lock released
01:42:39: Turning PowerGroup on: Success
01:46:14: ========= TestCase 10 Starting =========
01:46:27: ======== Turning PowerGroup off
01:46:27: PowerGroup._pdu_cmd(off, [2], 3) called
01:46:27: Waiting for pdu lock
01:46:27: ...lock acquired
01:46:27: HTTP POST was successfully executed
01:46:28: PowerGroup._pdu_cmd(status, [2], 3) called
01:46:28: Waiting for pdu lock
01:46:28: ...lock acquired
01:46:28: Current outlet status: {1: '0', 2: '0', 3: '0', 4: '0', 5: '0', 6: '0', 7: '0', 8: '0', 9: '1', 10: '0', 11: '0', 12: '0', 13: '0', 14: '0', 15: '0', 16: '0', 17: '1', 18: '0', 19: '0', 20: '0', 21: '0', 22: '0', 23: '0', 24: '0', 25: '5'}
01:46:28: ...lock released
01:46:28: Power outlets have been successfully turned off
01:46:28: ...lock released
01:46:28: Turning PowerGroup off: Success
01:46:43: ======== Turning PowerGroup on
01:46:43: PowerGroup._pdu_cmd(on, [2], 3) called
01:46:43: Waiting for pdu lock
01:46:43: ...lock acquired
01:46:43: Sleep 0 seconds to work around the x610 power supply issue
01:46:43: HTTP POST was successfully executed
01:46:46: PowerGroup._pdu_cmd(status, [2], 3) called
01:46:46: Waiting for pdu lock
01:46:46: ...lock acquired
01:46:46: Current outlet status: {1: '0', 2: '1', 3: '0', 4: '0', 5: '0', 6: '0', 7: '0', 8: '0', 9: '1', 10: '0', 11: '0', 12: '0', 13: '0', 14: '0', 15: '0', 16: '0', 17: '1', 18: '0', 19: '0', 20: '0', 21: '0', 22: '0', 23: '0', 24: '0', 25: '5'}
01:46:46: ...lock released
01:46:46: Power outlets have been successfully turned on
01:46:47: ...lock released
01:46:47: Turning PowerGroup on: Success
02:47:24: ======== Turning PowerGroup off
02:47:24: PowerGroup._pdu_cmd(off, [2], 3) called
02:47:24: Waiting for pdu lock
02:47:24: ...lock acquired
02:47:24: HTTP POST was successfully executed
02:47:25: PowerGroup._pdu_cmd(status, [2], 3) called
02:47:25: Waiting for pdu lock
02:47:25: ...lock acquired
02:47:25: Current outlet status: {1: '0', 2: '0', 3: '0', 4: '0', 5: '0', 6: '0', 7: '0', 8: '0', 9: '1', 10: '0', 11: '0', 12: '0', 13: '0', 14: '0', 15: '0', 16: '0', 17: '1', 18: '0', 19: '0', 20: '0', 21: '0', 22: '0', 23: '0', 24: '0', 25: '5'}
02:47:25: ...lock released
02:47:25: Power outlets have been successfully turned off
02:47:25: ...lock released
02:47:25: Turning PowerGroup off: Success
02:47:31: ======== Turning PowerGroup off
02:47:31: PowerGroup._pdu_cmd(off, [2], 3) called
02:47:31: Waiting for pdu lock
02:47:31: ...lock acquired
02:47:31: Power outlets are already in the desired state
02:47:31: ...lock released
02:47:31: Turning PowerGroup off: Success
02:47:36: ======== Turning PowerGroup off
02:47:36: PowerGroup._pdu_cmd(off, [2], 3) called
02:47:36: Waiting for pdu lock
02:47:36: ...lock acquired
02:47:36: Power outlets are already in the desired state
02:47:36: ...lock released
02:47:36: Turning PowerGroup off: Success
02:47:51: ======== Turning PowerGroup on
02:47:51: PowerGroup._pdu_cmd(on, [2], 3) called
02:47:51: Waiting for pdu lock
02:47:51: ...lock acquired
02:47:51: Sleep 0 seconds to work around the x610 power supply issue
02:47:51: HTTP POST was successfully executed
02:47:54: PowerGroup._pdu_cmd(status, [2], 3) called
02:47:54: Waiting for pdu lock
02:47:54: ...lock acquired
02:47:55: Current outlet status: {1: '0', 2: '1', 3: '0', 4: '0', 5: '0', 6: '0', 7: '0', 8: '0', 9: '1', 10: '0', 11: '0', 12: '0', 13: '0', 14: '0', 15: '0', 16: '0', 17: '1', 18: '0', 19: '0', 20: '0', 21: '0', 22: '0', 23: '0', 24: '0', 25: '5'}
02:47:55: ...lock released
02:47:55: Power outlets have been successfully turned on
02:47:55: ...lock released
02:47:55: Turning PowerGroup on: Success
