### 16:26:52 38408 s2r counters before
16:26:56 >>> show interface port3.0.13,port1.0.2,port1.0.9,port1.0.13 | include Interface|input packets|output packets
show interface port3.0.13,port1.0.2,port1.0.9,port1.0.13 | include Int

erface|input packets|output packets

Interface port3.0.13
    input packets 306, bytes 26984, dropped 0, multicast packets 0
    output packets 393725, bytes 25335252, multicast packets 1198, broadcast packets 388846
Interface port1.0.2
    input packets 185648, bytes 11881691, dropped 0, multicast packets 73
    output packets 211515, bytes 13578450, multicast packets 1189, broadcast packets 209342
Interface port1.0.9
    input packets 185869, bytes 11895835, dropped 0, multicast packets 73
    output packets 201204, bytes 12995550, multicast packets 84, broadcast packets 12411
Interface port1.0.13
    input packets 43922, bytes 2966290, dropped 0, multicast packets 22218
    output packets 400253, bytes 25730222, multicast packets 21131, broadcast packets 378253
16:27:00 sent 100 x ip10 src=00:00:5e:00:53:03 dst=00:00:5e:00:53:fd vlan=2200 outer=3995 on eth3 in 0.51s
### 16:27:03 38408 s2r counters after
16:27:08 >>> show interface port3.0.13,port1.0.2,port1.0.9,port1.0.13 | include Interface|input packets|output packets
show interface port3.0.13,port1.0.2,port1.0.9,port1.0.13 | include Int

erface|input packets|output packets

Interface port3.0.13
    input packets 306, bytes 26984, dropped 0, multicast packets 0
    output packets 393847, bytes 25346452, multicast packets 1198, broadcast packets 388846
Interface port1.0.2
    input packets 185749, bytes 11891158, dropped 0, multicast packets 74
    output packets 211549, bytes 13581905, multicast packets 1190, broadcast packets 209342
Interface port1.0.9
    input packets 185870, bytes 11895902, dropped 0, multicast packets 74
    output packets 201216, bytes 12996717, multicast packets 85, broadcast packets 12411
Interface port1.0.13
    input packets 43944, bytes 2968534, dropped 0, multicast packets 22218
    output packets 400375, bytes 25741866, multicast packets 21131, broadcast packets 378253
### tcpdump logs
tcpdump: listening on eth1, link-type EN10MB (Ethernet), snapshot length 262144 bytes
100 packets captured
100 packets received by filter
0 packets dropped by kernel
tcpdump: listening on eth2, link-type EN10MB (Ethernet), snapshot length 262144 bytes
100 packets captured
100 packets received by filter
0 packets dropped by kernel
tcpdump: listening on eth3, link-type EN10MB (Ethernet), snapshot length 262144 bytes
0 packets captured
100 packets received by filter
0 packets dropped by kernel
### captures
### /tmp/ckvlan3/38408/38408-s2r-eth1.pcap: 100 frames
    100  marker=s2r        tags=2200        type=0x0800 dst=00:00:5e:00:53:fd src=00:00:5e:00:53:03
### /tmp/ckvlan3/38408/38408-s2r-eth2.pcap: 100 frames
    100  marker=s2r        tags=3995,2200   type=0x0800 dst=00:00:5e:00:53:fd src=00:00:5e:00:53:03
### /tmp/ckvlan3/38408/38408-s2r-eth3.pcap: 0 frames
