### 16:26:28 38408 s1r counters before
16:26:33 >>> show interface port3.0.13,port1.0.2,port1.0.9,port1.0.13 | include Interface|input packets|output packets
show interface port3.0.13,port1.0.2,port1.0.9,port1.0.13 | include Int

erface|input packets|output packets

Interface port3.0.13
    input packets 306, bytes 26984, dropped 0, multicast packets 0
    output packets 393578, bytes 25321584, multicast packets 1197, broadcast packets 388846
Interface port1.0.2
    input packets 185648, bytes 11881691, dropped 0, multicast packets 73
    output packets 211345, bytes 13561899, multicast packets 1188, broadcast packets 209342
Interface port1.0.9
    input packets 185868, bytes 11895768, dropped 0, multicast packets 72
    output packets 201180, bytes 12993183, multicast packets 83, broadcast packets 12411
Interface port1.0.13
    input packets 43775, bytes 2952130, dropped 0, multicast packets 22217
    output packets 400206, bytes 25725462, multicast packets 21130, broadcast packets 378253
16:26:36 sent 100 x ip10 src=00:00:5e:00:53:02 dst=00:00:5e:00:53:fe vlan=2100 outer=3995 on eth2 in 0.51s
### 16:26:39 38408 s1r counters after
16:26:44 >>> show interface port3.0.13,port1.0.2,port1.0.9,port1.0.13 | include Interface|input packets|output packets
show interface port3.0.13,port1.0.2,port1.0.9,port1.0.13 | include Int

erface|input packets|output packets

Interface port3.0.13
    input packets 306, bytes 26984, dropped 0, multicast packets 0
    output packets 393700, bytes 25332784, multicast packets 1197, broadcast packets 388846
Interface port1.0.2
    input packets 185648, bytes 11881691, dropped 0, multicast packets 73
    output packets 211479, bytes 13574754, multicast packets 1189, broadcast packets 209342
Interface port1.0.9
    input packets 185869, bytes 11895835, dropped 0, multicast packets 73
    output packets 201192, bytes 12994350, multicast packets 84, broadcast packets 12411
Interface port1.0.13
    input packets 43898, bytes 2963842, dropped 0, multicast packets 22218
    output packets 400229, bytes 25727774, multicast packets 21131, broadcast packets 378253
### tcpdump logs
tcpdump: listening on eth1, link-type EN10MB (Ethernet), snapshot length 262144 bytes
100 packets captured
100 packets received by filter
0 packets dropped by kernel
tcpdump: listening on eth3, link-type EN10MB (Ethernet), snapshot length 262144 bytes
100 packets captured
100 packets received by filter
0 packets dropped by kernel
### captures
### /tmp/ckvlan3/38408/38408-s1r-eth1.pcap: 100 frames
    100  marker=s1r        tags=2100        type=0x0800 dst=00:00:5e:00:53:fe src=00:00:5e:00:53:02
### /tmp/ckvlan3/38408/38408-s1r-eth3.pcap: 100 frames
    100  marker=s1r        tags=3995,2100   type=0x0800 dst=00:00:5e:00:53:fe src=00:00:5e:00:53:02
