### 16:26:04 38408 s1u counters before
16:26:09 >>> show interface port3.0.13,port1.0.2,port1.0.9,port1.0.13 | include Interface|input packets|output packets
show interface port3.0.13,port1.0.2,port1.0.9,port1.0.13 | include Int

erface|input packets|output packets

Interface port3.0.13
    input packets 206, bytes 18384, dropped 0, multicast packets 0
    output packets 393529, bytes 25316716, multicast packets 1196, broadcast packets 388846
Interface port1.0.2
    input packets 185647, bytes 11881624, dropped 0, multicast packets 72
    output packets 211173, bytes 13545507, multicast packets 1188, broadcast packets 209342
Interface port1.0.9
    input packets 185868, bytes 11895768, dropped 0, multicast packets 72
    output packets 201156, bytes 12990783, multicast packets 83, broadcast packets 12411
Interface port1.0.13
    input packets 43726, bytes 2947166, dropped 0, multicast packets 22216
    output packets 400057, bytes 25711498, multicast packets 21129, broadcast packets 378253
16:26:12 sent 100 x ip10 src=00:00:5e:00:53:01 dst=00:00:5e:00:53:ff vlan=None outer=None on eth1 in 0.50s
### 16:26:15 38408 s1u counters after
16:26:20 >>> show interface port3.0.13,port1.0.2,port1.0.9,port1.0.13 | include Interface|input packets|output packets
show interface port3.0.13,port1.0.2,port1.0.9,port1.0.13 | include Int

erface|input packets|output packets

Interface port3.0.13
    input packets 306, bytes 26984, dropped 0, multicast packets 0
    output packets 393551, bytes 25318916, multicast packets 1196, broadcast packets 388846
Interface port1.0.2
    input packets 185647, bytes 11881624, dropped 0, multicast packets 72
    output packets 211306, bytes 13557895, multicast packets 1188, broadcast packets 209342
Interface port1.0.9
    input packets 185868, bytes 11895768, dropped 0, multicast packets 72
    output packets 201167, bytes 12991883, multicast packets 83, broadcast packets 12411
Interface port1.0.13
    input packets 43749, bytes 2949478, dropped 0, multicast packets 22217
    output packets 400180, bytes 25722810, multicast packets 21130, broadcast packets 378253
### tcpdump logs
tcpdump: listening on eth2, link-type EN10MB (Ethernet), snapshot length 262144 bytes
100 packets captured
100 packets received by filter
0 packets dropped by kernel
tcpdump: listening on eth3, link-type EN10MB (Ethernet), snapshot length 262144 bytes
100 packets captured
100 packets received by filter
0 packets dropped by kernel
### captures
### /tmp/ckvlan3/38408/38408-s1u-eth2.pcap: 100 frames
    100  marker=s1u        tags=3995        type=0x0800 dst=00:00:5e:00:53:ff src=00:00:5e:00:53:01
### /tmp/ckvlan3/38408/38408-s1u-eth3.pcap: 100 frames
    100  marker=s1u        tags=3995        type=0x0800 dst=00:00:5e:00:53:ff src=00:00:5e:00:53:01
