### 16:24:35 38408 s0f counters before
16:24:40 >>> show interface port3.0.13,port1.0.2,port1.0.9,port1.0.13 | include Interface|input packets|output packets
show interface port3.0.13,port1.0.2,port1.0.9,port1.0.13 | include Int

erface|input packets|output packets

Interface port3.0.13
    input packets 6, bytes 384, dropped 0, multicast packets 0
    output packets 393350, bytes 25298912, multicast packets 1193, broadcast packets 388846
Interface port1.0.2
    input packets 185644, bytes 11881423, dropped 0, multicast packets 69
    output packets 210806, bytes 13508802, multicast packets 1185, broadcast packets 209342
Interface port1.0.9
    input packets 185865, bytes 11895567, dropped 0, multicast packets 69
    output packets 201065, bytes 12981782, multicast packets 80, broadcast packets 12411
Interface port1.0.13
    input packets 43548, bytes 2929078, dropped 0, multicast packets 22214
    output packets 399778, bytes 25683942, multicast packets 21126, broadcast packets 378253
16:24:43 sent 100 x ip10 src=00:00:5e:00:53:01 dst=00:00:5e:00:53:ff vlan=2100 outer=None on eth1 in 0.51s
### 16:24:46 38408 s0f counters after
16:24:51 >>> show interface port3.0.13,port1.0.2,port1.0.9,port1.0.13 | include Interface|input packets|output packets
show interface port3.0.13,port1.0.2,port1.0.9,port1.0.13 | include Int

erface|input packets|output packets

Interface port3.0.13
    input packets 106, bytes 9384, dropped 0, multicast packets 0
    output packets 393373, bytes 25301180, multicast packets 1194, broadcast packets 388846
Interface port1.0.2
    input packets 185644, bytes 11881423, dropped 0, multicast packets 69
    output packets 210839, bytes 13512190, multicast packets 1185, broadcast packets 209342
Interface port1.0.9
    input packets 185865, bytes 11895567, dropped 0, multicast packets 69
    output packets 201076, bytes 12982882, multicast packets 80, broadcast packets 12411
Interface port1.0.13
    input packets 43570, bytes 2931322, dropped 0, multicast packets 22214
    output packets 399801, bytes 25686254, multicast packets 21127, broadcast packets 378253
### tcpdump logs
tcpdump: listening on eth2, link-type EN10MB (Ethernet), snapshot length 262144 bytes
0 packets captured
0 packets received by filter
0 packets dropped by kernel
tcpdump: listening on eth3, link-type EN10MB (Ethernet), snapshot length 262144 bytes
0 packets captured
0 packets received by filter
0 packets dropped by kernel
### captures
### /tmp/ckvlan3/38408/38408-s0f-eth2.pcap: 0 frames
### /tmp/ckvlan3/38408/38408-s0f-eth3.pcap: 0 frames
