### 16:25:41 38408 s1f counters before
16:25:45 >>> show interface port3.0.13,port1.0.2,port1.0.9,port1.0.13 | include Interface|input packets|output packets
show interface port3.0.13,port1.0.2,port1.0.9,port1.0.13 | include Int

erface|input packets|output packets

Interface port3.0.13
    input packets 106, bytes 9384, dropped 0, multicast packets 0
    output packets 393480, bytes 25311848, multicast packets 1195, broadcast packets 388846
Interface port1.0.2
    input packets 185646, bytes 11881557, dropped 0, multicast packets 71
    output packets 211000, bytes 13528648, multicast packets 1187, broadcast packets 209342
Interface port1.0.9
    input packets 185867, bytes 11895701, dropped 0, multicast packets 71
    output packets 201131, bytes 12988316, multicast packets 82, broadcast packets 12411
Interface port1.0.13
    input packets 43678, bytes 2942270, dropped 0, multicast packets 22216
    output packets 399909, bytes 25697202, multicast packets 21129, broadcast packets 378253
16:25:49 sent 100 x ip10 src=00:00:5e:00:53:01 dst=00:00:5e:00:53:ff vlan=2100 outer=None on eth1 in 0.53s
### 16:25:52 38408 s1f counters after
16:25:56 >>> show interface port3.0.13,port1.0.2,port1.0.9,port1.0.13 | include Interface|input packets|output packets
show interface port3.0.13,port1.0.2,port1.0.9,port1.0.13 | include Int

erface|input packets|output packets

Interface port3.0.13
    input packets 206, bytes 18384, dropped 0, multicast packets 0
    output packets 393503, bytes 25314116, multicast packets 1196, broadcast packets 388846
Interface port1.0.2
    input packets 185646, bytes 11881557, dropped 0, multicast packets 71
    output packets 211134, bytes 13541540, multicast packets 1187, broadcast packets 209342
Interface port1.0.9
    input packets 185867, bytes 11895701, dropped 0, multicast packets 71
    output packets 201142, bytes 12989416, multicast packets 82, broadcast packets 12411
Interface port1.0.13
    input packets 43702, bytes 2944718, dropped 0, multicast packets 22216
    output packets 400031, bytes 25708846, multicast packets 21129, broadcast packets 378253
### tcpdump logs
tcpdump: listening on eth2, link-type EN10MB (Ethernet), snapshot length 262144 bytes
100 packets captured
100 packets received by filter
0 packets dropped by kernel
tcpdump: listening on eth3, link-type EN10MB (Ethernet), snapshot length 262144 bytes
100 packets captured
100 packets received by filter
0 packets dropped by kernel
### captures
### /tmp/ckvlan3/38408/38408-s1f-eth2.pcap: 100 frames
    100  marker=s1f        tags=3995,2100   type=0x0800 dst=00:00:5e:00:53:ff src=00:00:5e:00:53:01
### /tmp/ckvlan3/38408/38408-s1f-eth3.pcap: 100 frames
    100  marker=s1f        tags=3995,2100   type=0x0800 dst=00:00:5e:00:53:ff src=00:00:5e:00:53:01
