16:25:11 >>> configure terminal
Enter configuration commands, one per line.  End with CNTL/Z.
16:25:12 >>> interface port3.0.13
16:25:13 >>> switchport vlan-stacking customer-edge-port
16:25:14 >>> interface port1.0.13
16:25:16 >>> switchport vlan-stacking provider-port
16:25:17 >>> interface port1.0.2
16:25:18 >>> switchport vlan-stacking provider-port
16:25:19 >>> end
16:25:21 >>> show running-config interface port3.0.13
!
interface port3.0.13
 switchport
 switchport mode access
 switchport access vlan 3995
 switchport vlan-stacking customer-edge-port 
!
16:25:22 >>> show running-config interface port1.0.13
!
interface port1.0.13
 switchport
 switchport mode trunk
 switchport trunk allowed vlan add 3995
 switchport trunk native vlan 3993
 switchport vlan-stacking provider-port 
!
16:25:24 >>> show running-config interface port1.0.2
!
interface port1.0.2
 switchport
 switchport mode trunk
 switchport trunk allowed vlan add 3995
 switchport trunk native vlan 3991
 switchport vlan-stacking provider-port 
!
16:25:25 >>> show interface status | include port1.0.2 |port1.0.9 |port1.0.13 |port3.0.13 
show interface status | include port1.0.2 |port1.0.9 |port1.0.13 |port

3.0.13 

port1.0.2   -                  connected       trunk a-full a-1000  1000BASE-T  
port1.0.9   -                  connected        2100 a-full a-1000  1000BASE-T  
port1.0.13  -                  connected       trunk a-full a-1000  10GBASE-TM  
port3.0.13  -                  connected        3995 a-full a-1000  10GBASE-TM
