### 16:23:28 x230: carry 3995 on 1.0.3 and the observer 1.0.1
16:23:33 >>> configure terminal
Enter configuration commands, one per line.  End with CNTL/Z.
16:23:34 >>> vlan database
16:23:35 >>> vlan 3995 name ck-svlan
16:23:36 >>> exit
16:23:37 >>> interface port1.0.3
16:23:38 >>> switchport mode trunk
16:23:40 >>> switchport trunk native vlan 3991
16:23:41 >>> switchport trunk allowed vlan add 3995
16:23:42 >>> interface port1.0.1
16:23:43 >>> switchport trunk allowed vlan add 3995
16:23:44 >>> end
16:23:46 >>> show vlan brief
VLAN ID  Name            Type    State   Member ports                   
                                         (u)-Untagged, (t)-Tagged
======= ================ ======= ======= ====================================
1       default          STATIC  ACTIVE  
100     VLAN0100         STATIC  ACTIVE  port1.0.1(u) port1.0.2(u) port1.0.5(u) 
                                         port1.0.6(u) port1.0.7(u) port1.0.8(u) 
                                         port1.0.9(u) port1.0.10(u) 
999     VLAN0999         STATIC  ACTIVE  
3991    VLAN3991         STATIC  ACTIVE  port1.0.1(t) port1.0.3(u) 
3992    VLAN3992         STATIC  ACTIVE  port1.0.1(t) port1.0.4(u) 
3995    ck-svlan         STATIC  ACTIVE  port1.0.1(t) port1.0.3(t)
### 16:23:49 DUT: VLANs 3995 + 2100, CE-to-be access, provider-to-be trunks, decoy
16:23:53 >>> configure terminal
Enter configuration commands, one per line.  End with CNTL/Z.
16:23:54 >>> vlan database
16:23:56 >>> vlan 3995 name ck-svlan
16:23:57 >>> vlan 2100 name ck-cvlan-decoy
16:23:58 >>> exit
16:23:59 >>> interface port3.0.13
16:24:00 >>> switchport access vlan 3995
16:24:01 >>> interface port1.0.13
16:24:02 >>> switchport mode trunk
16:24:04 >>> switchport trunk native vlan 3993
16:24:05 >>> switchport trunk allowed vlan add 3995
16:24:06 >>> interface port1.0.2
16:24:07 >>> switchport mode trunk
16:24:08 >>> switchport trunk native vlan 3991
16:24:09 >>> switchport trunk allowed vlan add 3995
16:24:11 >>> interface port1.0.9
16:24:12 >>> switchport access vlan 2100
16:24:13 >>> end
16:24:14 >>> show vlan 2100
VLAN ID  Name            Type    State   Member ports                   
                                         (u)-Untagged, (t)-Tagged
======= ================ ======= ======= ====================================
2100    ck-cvlan-decoy   STATIC  ACTIVE  port1.0.9(u)
16:24:15 >>> show vlan brief | include 399|2100
2100    ck-cvlan-decoy   STATIC  ACTIVE  port1.0.9(u) 
3991    VLAN3991         STATIC  ACTIVE  port1.0.2(u) 
3992    VLAN3992         STATIC  ACTIVE  
3993    VLAN3993         STATIC  ACTIVE  port1.0.13(u) 
3994    VLAN3994         STATIC  ACTIVE  port4.0.9(u) 
3995    ck-svlan         STATIC  ACTIVE  port1.0.2(t) port1.0.13(t)
16:24:17 >>> show running-config interface port3.0.13
!
interface port3.0.13
 switchport
 switchport mode access
 switchport access vlan 3995
!
16:24:18 >>> show running-config interface port1.0.13
!
interface port1.0.13
 switchport
 switchport mode trunk
 switchport trunk allowed vlan add 3995
 switchport trunk native vlan 3993
!
16:24:20 >>> show running-config interface port1.0.2
!
interface port1.0.2
 switchport
 switchport mode trunk
 switchport trunk allowed vlan add 3995
 switchport trunk native vlan 3991
!
16:24:21 >>> show running-config interface port1.0.9
!
interface port1.0.9
 switchport
 switchport mode access
 switchport access vlan 2100
!
