2026-08-11 14:01:01: Loading setup file: tb470-u4.setup
2026-08-11 14:01:02: ============================
2026-08-11 14:01:02: TESTBOXES
2026-08-11 14:01:02: ============================
2026-08-11 14:01:02: tb470 :
2026-08-11 14:01:02:   Connected to:
2026-08-11 14:01:02:     swi_a  via : eth1-port1.0.1
2026-08-11 14:01:02: 
2026-08-11 14:01:02: ============================
2026-08-11 14:01:02: SWITCHES
2026-08-11 14:01:02: ============================
2026-08-11 14:01:02: swi_a :
2026-08-11 14:01:02:   Connected to:
2026-08-11 14:01:02:     tb  via : port1.0.1-eth1
2026-08-11 14:01:02: 
2026-08-11 14:01:02: swi_a is defined and initialized
2026-08-11 14:01:02: swi_a is connected to a powerstrip: pdu, 10.36.150.14, 4
2026-08-11 14:01:14: ======== Clear exception log for all devices
2026-08-11 14:01:16: The following features were specified for the TestSet: 'ACCESS'
2026-08-11 14:01:16: ======== Generate default.cfg for all devices and reboot them
2026-08-11 14:01:16: Generating default.cfg for swi_a
2026-08-11 14:01:25: Will be removing tracelog in swi_a
2026-08-11 14:01:36: The following features were specified for the TestSet: 'ACCESS'
2026-08-11 14:01:38: swi_a platform type is IE520
2026-08-11 14:01:38: No license bundles require loading on swi_a for platform family IE520
2026-08-11 14:01:38: No license bundles require unloading from swi_a
2026-08-11 14:01:39: 
2026-08-11 14:01:39: Rebooting swi_a with the following default.cfg:
line con 0
length 0
exec-timeout 0
no stack 1 enable
no stack virtual-mac
no stack virtual-chassis-id
hostname swi_a_5700_2002
int port1.0.1-port1.0.28
shutdown

2026-08-11 14:01:40: Check that swi_a login succeeds with default.cfg, waiting up to 600 seconds
2026-08-11 14:03:54: swi_a is currently running and logged on
2026-08-11 14:03:56: Retrieve basic system information from swi_a
2026-08-11 14:04:06: Executing TestSet configure...
2026-08-11 14:04:12: Retrieving device information...
2026-08-11 14:04:26: 
2026-08-11 14:04:26: --------------------------------------------------------------------------------
2026-08-11 14:04:26: Collected network details:
2026-08-11 14:04:26: --------------------------------------------------------------------------------
2026-08-11 14:04:26: 	tftp boot switch interface   : eth0
2026-08-11 14:04:26: 	tftp boot tb interface       : eth3
2026-08-11 14:04:26: 	post-bootup switch interface : port1.0.1
2026-08-11 14:04:26: 	post-bootup tb interface     : eth1
2026-08-11 14:04:26: 	tftpfilename: IE520-tb470.rel
2026-08-11 14:04:26: 	filenamecopy: IE520-copy-tb470.rel
2026-08-11 14:04:26: 	wrong filename: AR1050V-5.5.3-2.1.rel
2026-08-11 14:04:26: 	ipTFTP    : 10.38.215.65
2026-08-11 14:04:26: 	ipDevice  : 10.38.215.70
2026-08-11 14:04:26: 	subnetmask: 255.255.255.224
2026-08-11 14:04:26: 	port: eth0
2026-08-11 14:04:26: 	version: 9.1.0
2026-08-11 14:04:26: 	has realtime clock: True
2026-08-11 14:04:26: 
2026-08-11 14:04:26: 	MAIN_RELEASE:  mainrelease.rel
2026-08-11 14:04:26: 	BACKUP_RELEASE: backuprelease.rel
2026-08-11 14:04:26: 
2026-08-11 14:17:13: dir *.rel
  41104167 -rw- Aug 11 2026 02:11:43  flash:/backuprelease.rel
  41104167 -rw- Aug 11 2026 02:05:32  flash:/mainrelease.rel
swi_a_5700_2002#
2026-08-11 14:17:13: ======== Wait for all devices to finish booting before bringing up all switch ports
2026-08-11 14:17:14: ======== Bring up all switch ports that have been initialized in init() to be used for the TestSet
2026-08-11 14:17:14: Bringing up swi_a ports: port1.0.1
2026-08-11 14:17:21: All ports on swi_a that are used in this TestSet have been successfully brought up
2026-08-11 14:17:22: ======== Save the current running config (TestSet config) as the boot config
2026-08-11 14:17:22: Generating running config and saving to swi_a_5700_2002.cfg
2026-08-11 14:17:33: ======== Mark unsupported test cases
2026-08-11 14:17:33: 
2026-08-11 14:17:33: -- TestCase 90
2026-08-11 14:17:33: ---- Checking testCaseExcl
2026-08-11 14:17:33:       swi_a : exclude : "AR.*", "FS980"
2026-08-11 14:17:33:         no match on dev.get_switch_family() : "IE520"
2026-08-11 14:17:33: Exclude TestCases with run-priority 10
2026-08-11 14:17:33: Selected 26 TestCases from 27 total
2026-08-11 14:17:33: ======== TestSet preparation is now complete. Execute each TestCase one by one
2026-08-11 14:17:34: _PreRunThread-swi_a - Joined
2026-08-11 14:17:34: Save the current running configuration as swi_a_5700_2002_1.cfg on swi_a
2026-08-11 14:17:39: _SaveConfigsThread-swi_a - Joined
2026-08-11 14:17:39: _CheckRunningConfigsThread-swi_a - Joined
2026-08-11 14:17:43: !!FAIL: DUT does not support SD Card
2026-08-11 14:17:43: 
2026-08-11 14:17:43: Set the swi_a boot configuration back to the TestSet configuration (flash:/swi_a_5700_2002.cfg)
2026-08-11 14:17:45: Save the current running configuration as TestCase_tear_down.cfg on swi_a
2026-08-11 14:17:48: Compare swi_a_5700_2002.cfg and TestCase_tear_down.cfg on swi_a
2026-08-11 14:17:50: PASS: Configuration on swi_a after TestCase tear_down() is the same as the initial TestSet Configuration
2026-08-11 14:17:50: _PostTearDownThread-swi_a - Joined
2026-08-11 14:17:52: PASS: swi_a contains no exceptions
2026-08-11 14:17:55: Moving *.pcap files across from /tmp
2026-08-11 14:17:55: ======== TestCase execution is now complete

2026-08-11 14:17:55: Renaming ./testbox.log to testbox_2002.log
2026-08-11 14:17:55: Renaming ./power-sock-10.36.150.14-4.log to power-sock-10.36.150.14-4_2002.log
2026-08-11 14:17:55: Renaming ./power-group-swi_a.log to power-group-swi_a_2002.log
2026-08-11 14:17:55: Renaming ./swi_a.log to swi_a_2002.log
2026-08-11 14:17:55: Renaming ./hub_a.log to hub_a_2002.log
2026-08-11 14:17:55: Renaming ./setup.log to setup_2002.log
2026-08-11 14:17:55: ================ TESTSET FINISHED (rc = 0) ================
