2026-08-11 12:45:28: Loading setup file: tb470-u4.setup
2026-08-11 12:45:30: ============================
2026-08-11 12:45:30: TESTBOXES
2026-08-11 12:45:30: ============================
2026-08-11 12:45:30: tb470 :
2026-08-11 12:45:30:   No port links configured
2026-08-11 12:45:30: 
2026-08-11 12:45:30: ============================
2026-08-11 12:45:30: SWITCHES
2026-08-11 12:45:30: ============================
2026-08-11 12:45:30: swi_a :
2026-08-11 12:45:30:   No port links configured
2026-08-11 12:45:30: 
2026-08-11 12:45:30: swi_a is defined and initialized
2026-08-11 12:45:30: swi_a is connected to a powerstrip: pdu, 10.36.150.14, 4
2026-08-11 12:45:46: ======== Clear exception log for all devices
2026-08-11 12:45:48: Clear exception log for swi_a
2026-08-11 12:45:48: The following features were specified for the TestSet: 'ACCESS'
2026-08-11 12:45:48: ======== Generate default.cfg for all devices and reboot them
2026-08-11 12:45:48: Generating default.cfg for swi_a
2026-08-11 12:45:59: Will be removing tracelog in swi_a
2026-08-11 12:46:11: The following features were specified for the TestSet: 'ACCESS'
2026-08-11 12:46:13: swi_a platform type is IE520
2026-08-11 12:46:13: The following license bundles will be loaded on swi_a for platform family IE520: 'ACCESS'
2026-08-11 12:46:25: The following license bundles will be unloaded from swi_a: 'labkey1'
2026-08-11 12:46:39: ACCESS license was added to swi_a, re-write the default.cfg file
2026-08-11 12:46:42: Generating default.cfg for swi_a
2026-08-11 12:46:58: Will be removing tracelog in swi_a
2026-08-11 12:47:09: 
2026-08-11 12:47:09: Rebooting swi_a with the following default.cfg:
line con 0
length 0
exec-timeout 0
no stack 1 enable
no stack virtual-mac
no stack virtual-chassis-id
hostname swi_a_5700_2002
int port1.0.1-port1.0.28
shutdown

2026-08-11 12:47:10: Check that swi_a login succeeds with default.cfg, waiting up to 600 seconds
2026-08-11 12:49:28: swi_a is currently running and logged on
2026-08-11 12:49:31: Retrieve basic system information from swi_a
2026-08-11 12:49:42: Executing TestSet configure...
2026-08-11 12:49:50: Retrieving device information...
2026-08-11 12:50:06: 
2026-08-11 12:50:06: --------------------------------------------------------------------------------
2026-08-11 12:50:06: Collected network details:
2026-08-11 12:50:06: --------------------------------------------------------------------------------
2026-08-11 12:50:06: 	tftp boot switch interface   : eth0
2026-08-11 12:50:06: 	tftp boot tb interface       : eth3
2026-08-11 12:50:06: 	post-bootup switch interface : None
2026-08-11 12:50:06: 	post-bootup tb interface     : None
2026-08-11 12:50:06: 	tftpfilename: IE520-tb470.rel
2026-08-11 12:50:06: 	filenamecopy: IE520-copy-tb470.rel
2026-08-11 12:50:06: 	wrong filename: x240-5.5.3-2.1.rel
2026-08-11 12:50:06: 	ipTFTP    : 10.38.215.65
2026-08-11 12:50:06: 	ipDevice  : 10.38.215.70
2026-08-11 12:50:06: 	subnetmask: 255.255.255.224
2026-08-11 12:50:06: 	port: eth0
2026-08-11 12:50:06: 	version: 9.1.0
2026-08-11 12:50:06: 	has realtime clock: True
2026-08-11 12:50:06: 
2026-08-11 12:50:06: 	MAIN_RELEASE:  mainrelease.rel
2026-08-11 12:50:06: 	BACKUP_RELEASE: backuprelease.rel
2026-08-11 12:50:06: 
2026-08-11 12:51:18: Unable to ping TFTP server 10.38.215.65, unable to download file IE520-tb470.rel to swi_a
2026-08-11 12:52:30: Unable to ping TFTP server 10.38.215.65, unable to download file IE520-tb470.rel to swi_a
2026-08-11 12:52:31: dir *.rel
  41103815 -rwx Aug 10 2026 22:14:58  [32mflash:/---w-z-03-09-a-y---.rel[0m
swi_a_5700_2002#
2026-08-11 12:52:31: ======== Wait for all devices to finish booting before bringing up all switch ports
2026-08-11 12:52:32: ======== Bring up all switch ports that have been initialized in init() to be used for the TestSet
2026-08-11 12:52:39: All ports on swi_a that are used in this TestSet have been successfully brought up
2026-08-11 12:52:39: ======== Save the current running config (TestSet config) as the boot config
2026-08-11 12:52:39: Generating running config and saving to swi_a_5700_2002.cfg
2026-08-11 12:52:51: ======== Mark unsupported test cases
2026-08-11 12:52:51: 
2026-08-11 12:52:51: -- TestCase 90
2026-08-11 12:52:51: ---- Checking testCaseExcl
2026-08-11 12:52:51:       swi_a : exclude : "AR.*", "FS980"
2026-08-11 12:52:51:         no match on dev.get_switch_family() : "IE520"
2026-08-11 12:52:51: Exclude TestCases with run-priority 10
2026-08-11 12:52:51: Selected 26 TestCases from 27 total
2026-08-11 12:52:51: ======== TestSet preparation is now complete. Execute each TestCase one by one
2026-08-11 12:52:52: _PreRunThread-swi_a - Joined
2026-08-11 12:52:52: Save the current running configuration as swi_a_5700_2002_1.cfg on swi_a
2026-08-11 12:52:57: _SaveConfigsThread-swi_a - Joined
2026-08-11 12:52:57: _CheckRunningConfigsThread-swi_a - Joined
2026-08-11 12:53:01: !!FAIL: DUT does not support SD Card
2026-08-11 12:53:01: 
2026-08-11 12:53:02: Set the swi_a boot configuration back to the TestSet configuration (flash:/swi_a_5700_2002.cfg)
2026-08-11 12:53:03: Save the current running configuration as TestCase_tear_down.cfg on swi_a
2026-08-11 12:53:07: Compare swi_a_5700_2002.cfg and TestCase_tear_down.cfg on swi_a
2026-08-11 12:53:10: PASS: Configuration on swi_a after TestCase tear_down() is the same as the initial TestSet Configuration
2026-08-11 12:53:10: _PostTearDownThread-swi_a - Joined
2026-08-11 12:53:12: PASS: swi_a contains no exceptions
2026-08-11 12:53:15: Moving *.pcap files across from /tmp
2026-08-11 12:53:15: ======== TestCase execution is now complete

2026-08-11 12:53:15: Renaming ./testbox.log to testbox_2002.log
2026-08-11 12:53:15: Renaming ./power-sock-10.36.150.14-4.log to power-sock-10.36.150.14-4_2002.log
2026-08-11 12:53:15: Renaming ./power-group-swi_a.log to power-group-swi_a_2002.log
2026-08-11 12:53:15: Renaming ./swi_a.log to swi_a_2002.log
2026-08-11 12:53:15: Renaming ./hub_a.log to hub_a_2002.log
2026-08-11 12:53:16: Renaming ./setup.log to setup_2002.log
2026-08-11 12:53:16: ================ TESTSET FINISHED (rc = 0) ================
