1790735286.020 15:28:06 login ok
=== 1790735287.172 15:28:07 >>> show mrp ring
Media Redundancy Protocol - Ring Information
MRP Ring 1
 Domain ID:                           ffffffff-ffff-ffff-ffff-ffffffffffff
 Domain Name:                         
 Ring Status:                         Enabled
 Running State:                       Running
 Role:                                Manager
 Network Status:                      Closed
 Port1:                               port1.0.13
  Status:                             Forwarding
 Port2:                               port4.0.26
  Status:                             Blocking
 Vlan ID:
 React on Link Change:                No
 Profile:                             500ms
  Topology Change Interval:           20ms
  Topology Change Count:              3
  Short Test Frame Interval:          30ms
  Default Test Frame Interval:        50ms
  Test Monitoring Interval Count:     5
  Test Monitoring Ext Interval Count: 15
  Non-blocking MRC Supported:         Yes
  Blocked port state supported:       Yes
=== 1790735288.324 15:28:08 >>> show mrp ring
Media Redundancy Protocol - Ring Information
MRP Ring 1
 Domain ID:                           ffffffff-ffff-ffff-ffff-ffffffffffff
 Domain Name:                         
 Ring Status:                         Enabled
 Running State:                       Running
 Role:                                Manager
 Network Status:                      Closed
 Port1:                               port1.0.13
  Status:                             Forwarding
 Port2:                               port4.0.26
  Status:                             Blocking
 Vlan ID:
 React on Link Change:                No
 Profile:                             500ms
  Topology Change Interval:           20ms
  Topology Change Count:              3
  Short Test Frame Interval:          30ms
  Default Test Frame Interval:        50ms
  Test Monitoring Interval Count:     5
  Test Monitoring Ext Interval Count: 15
  Non-blocking MRC Supported:         Yes
  Blocked port state supported:       Yes
=== 1790735290.324 15:28:10 >>> show mrp ring
Media Redundancy Protocol - Ring Information
MRP Ring 1
 Domain ID:                           ffffffff-ffff-ffff-ffff-ffffffffffff
 Domain Name:                         
 Ring Status:                         Enabled
 Running State:                       Running
 Role:                                Manager
 Network Status:                      Closed
 Port1:                               port1.0.13
  Status:                             Forwarding
 Port2:                               port4.0.26
  Status:                             Blocking
 Vlan ID:
 React on Link Change:                No
 Profile:                             500ms
  Topology Change Interval:           20ms
  Topology Change Count:              3
  Short Test Frame Interval:          30ms
  Default Test Frame Interval:        50ms
  Test Monitoring Interval Count:     5
  Test Monitoring Ext Interval Count: 15
  Non-blocking MRC Supported:         Yes
  Blocked port state supported:       Yes
=== 1790735292.324 15:28:12 >>> show mrp ring
Media Redundancy Protocol - Ring Information
MRP Ring 1
 Domain ID:                           ffffffff-ffff-ffff-ffff-ffffffffffff
 Domain Name:                         
 Ring Status:                         Enabled
 Running State:                       Running
 Role:                                Manager
 Network Status:                      Closed
 Port1:                               port1.0.13
  Status:                             Forwarding
 Port2:                               port4.0.26
  Status:                             Blocking
 Vlan ID:
 React on Link Change:                No
 Profile:                             500ms
  Topology Change Interval:           20ms
  Topology Change Count:              3
  Short Test Frame Interval:          30ms
  Default Test Frame Interval:        50ms
  Test Monitoring Interval Count:     5
  Test Monitoring Ext Interval Count: 15
  Non-blocking MRC Supported:         Yes
  Blocked port state supported:       Yes
=== 1790735294.324 15:28:14 >>> show mrp ring
Media Redundancy Protocol - Ring Information
MRP Ring 1
 Domain ID:                           ffffffff-ffff-ffff-ffff-ffffffffffff
 Domain Name:                         
 Ring Status:                         Enabled
 Running State:                       Running
 Role:                                Manager
 Network Status:                      Closed
 Port1:                               port1.0.13
  Status:                             Forwarding
 Port2:                               port4.0.26
  Status:                             Blocking
 Vlan ID:
 React on Link Change:                No
 Profile:                             500ms
  Topology Change Interval:           20ms
  Topology Change Count:              3
  Short Test Frame Interval:          30ms
  Default Test Frame Interval:        50ms
  Test Monitoring Interval Count:     5
  Test Monitoring Ext Interval Count: 15
  Non-blocking MRC Supported:         Yes
  Blocked port state supported:       Yes
=== 1790735296.324 15:28:16 >>> show mrp ring
Media Redundancy Protocol - Ring Information
MRP Ring 1
 Domain ID:                           ffffffff-ffff-ffff-ffff-ffffffffffff
 Domain Name:                         
 Ring Status:                         Enabled
 Running State:                       Running
 Role:                                Manager
 Network Status:                      Closed
 Port1:                               port1.0.13
  Status:                             Forwarding
 Port2:                               port4.0.26
  Status:                             Blocking
 Vlan ID:
 React on Link Change:                No
 Profile:                             500ms
  Topology Change Interval:           20ms
  Topology Change Count:              3
  Short Test Frame Interval:          30ms
  Default Test Frame Interval:        50ms
  Test Monitoring Interval Count:     5
  Test Monitoring Ext Interval Count: 15
  Non-blocking MRC Supported:         Yes
  Blocked port state supported:       Yes
=== 1790735298.324 15:28:18 >>> show mrp ring
Media Redundancy Protocol - Ring Information
MRP Ring 1
 Domain ID:                           ffffffff-ffff-ffff-ffff-ffffffffffff
 Domain Name:                         
 Ring Status:                         Enabled
 Running State:                       Running
 Role:                                Manager
 Network Status:                      Closed
 Port1:                               port1.0.13
  Status:                             Forwarding
 Port2:                               port4.0.26
  Status:                             Blocking
 Vlan ID:
 React on Link Change:                No
 Profile:                             500ms
  Topology Change Interval:           20ms
  Topology Change Count:              3
  Short Test Frame Interval:          30ms
  Default Test Frame Interval:        50ms
  Test Monitoring Interval Count:     5
  Test Monitoring Ext Interval Count: 15
  Non-blocking MRC Supported:         Yes
  Blocked port state supported:       Yes
=== 1790735300.324 15:28:20 >>> show mrp ring
Media Redundancy Protocol - Ring Information
MRP Ring 1
 Domain ID:                           ffffffff-ffff-ffff-ffff-ffffffffffff
 Domain Name:                         
 Ring Status:                         Enabled
 Running State:                       Running
 Role:                                Manager
 Network Status:                      Closed
 Port1:                               port1.0.13
  Status:                             Forwarding
 Port2:                               port4.0.26
  Status:                             Blocking
 Vlan ID:
 React on Link Change:                No
 Profile:                             500ms
  Topology Change Interval:           20ms
  Topology Change Count:              3
  Short Test Frame Interval:          30ms
  Default Test Frame Interval:        50ms
  Test Monitoring Interval Count:     5
  Test Monitoring Ext Interval Count: 15
  Non-blocking MRC Supported:         Yes
  Blocked port state supported:       Yes
=== 1790735302.324 15:28:22 >>> show mrp ring
Media Redundancy Protocol - Ring Information
MRP Ring 1
 Domain ID:                           ffffffff-ffff-ffff-ffff-ffffffffffff
 Domain Name:                         
 Ring Status:                         Enabled
 Running State:                       Running
 Role:                                Manager
 Network Status:                      Closed
 Port1:                               port1.0.13
  Status:                             Forwarding
 Port2:                               port4.0.26
  Status:                             Blocking
 Vlan ID:
 React on Link Change:                No
 Profile:                             500ms
  Topology Change Interval:           20ms
  Topology Change Count:              3
  Short Test Frame Interval:          30ms
  Default Test Frame Interval:        50ms
  Test Monitoring Interval Count:     5
  Test Monitoring Ext Interval Count: 15
  Non-blocking MRC Supported:         Yes
  Blocked port state supported:       Yes
=== 1790735304.324 15:28:24 >>> show mrp ring
Media Redundancy Protocol - Ring Information
MRP Ring 1
 Domain ID:                           ffffffff-ffff-ffff-ffff-ffffffffffff
 Domain Name:                         
 Ring Status:                         Enabled
 Running State:                       Running
 Role:                                Manager
 Network Status:                      Closed
 Port1:                               port1.0.13
  Status:                             Forwarding
 Port2:                               port4.0.26
  Status:                             Blocking
 Vlan ID:
 React on Link Change:                No
 Profile:                             500ms
  Topology Change Interval:           20ms
  Topology Change Count:              3
  Short Test Frame Interval:          30ms
  Default Test Frame Interval:        50ms
  Test Monitoring Interval Count:     5
  Test Monitoring Ext Interval Count: 15
  Non-blocking MRC Supported:         Yes
  Blocked port state supported:       Yes
=== 1790735306.325 15:28:26 >>> show mrp ring
Media Redundancy Protocol - Ring Information
MRP Ring 1
 Domain ID:                           ffffffff-ffff-ffff-ffff-ffffffffffff
 Domain Name:                         
 Ring Status:                         Enabled
 Running State:                       Running
 Role:                                Manager
 Network Status:                      Closed
 Port1:                               port1.0.13
  Status:                             Forwarding
 Port2:                               port4.0.26
  Status:                             Blocking
 Vlan ID:
 React on Link Change:                No
 Profile:                             500ms
  Topology Change Interval:           20ms
  Topology Change Count:              3
  Short Test Frame Interval:          30ms
  Default Test Frame Interval:        50ms
  Test Monitoring Interval Count:     5
  Test Monitoring Ext Interval Count: 15
  Non-blocking MRC Supported:         Yes
  Blocked port state supported:       Yes
=== 1790735308.325 15:28:28 >>> show mrp ring
Media Redundancy Protocol - Ring Information
MRP Ring 1
 Domain ID:                           ffffffff-ffff-ffff-ffff-ffffffffffff
 Domain Name:                         
 Ring Status:                         Enabled
 Running State:                       Running
 Role:                                Manager
 Network Status:                      Closed
 Port1:                               port1.0.13
  Status:                             Forwarding
 Port2:                               port4.0.26
  Status:                             Blocking
 Vlan ID:
 React on Link Change:                No
 Profile:                             500ms
  Topology Change Interval:           20ms
  Topology Change Count:              3
  Short Test Frame Interval:          30ms
  Default Test Frame Interval:        50ms
  Test Monitoring Interval Count:     5
  Test Monitoring Ext Interval Count: 15
  Non-blocking MRC Supported:         Yes
  Blocked port state supported:       Yes
=== 1790735310.325 15:28:30 >>> show mrp ring
Media Redundancy Protocol - Ring Information
MRP Ring 1
 Domain ID:                           ffffffff-ffff-ffff-ffff-ffffffffffff
 Domain Name:                         
 Ring Status:                         Enabled
 Running State:                       Running
 Role:                                Manager
 Network Status:                      Closed
 Port1:                               port1.0.13
  Status:                             Forwarding
 Port2:                               port4.0.26
  Status:                             Blocking
 Vlan ID:
 React on Link Change:                No
 Profile:                             500ms
  Topology Change Interval:           20ms
  Topology Change Count:              3
  Short Test Frame Interval:          30ms
  Default Test Frame Interval:        50ms
  Test Monitoring Interval Count:     5
  Test Monitoring Ext Interval Count: 15
  Non-blocking MRC Supported:         Yes
  Blocked port state supported:       Yes
=== 1790735312.325 15:28:32 >>> show mrp ring
Media Redundancy Protocol - Ring Information
MRP Ring 1
 Domain ID:                           ffffffff-ffff-ffff-ffff-ffffffffffff
 Domain Name:                         
 Ring Status:                         Enabled
 Running State:                       Running
 Role:                                Manager
 Network Status:                      Open
 Port1:                               port1.0.13
  Status:                             Blocking
 Port2:                               port4.0.26
  Status:                             Forwarding
 Vlan ID:
 React on Link Change:                No
 Profile:                             500ms
  Topology Change Interval:           20ms
  Topology Change Count:              3
  Short Test Frame Interval:          30ms
  Default Test Frame Interval:        50ms
  Test Monitoring Interval Count:     5
  Test Monitoring Ext Interval Count: 15
  Non-blocking MRC Supported:         Yes
  Blocked port state supported:       Yes
=== 1790735314.325 15:28:34 >>> show mrp ring
Media Redundancy Protocol - Ring Information
MRP Ring 1
 Domain ID:                           ffffffff-ffff-ffff-ffff-ffffffffffff
 Domain Name:                         
 Ring Status:                         Enabled
 Running State:                       Running
 Role:                                Manager
 Network Status:                      Open
 Port1:                               port1.0.13
  Status:                             Blocking
 Port2:                               port4.0.26
  Status:                             Forwarding
 Vlan ID:
 React on Link Change:                No
 Profile:                             500ms
  Topology Change Interval:           20ms
  Topology Change Count:              3
  Short Test Frame Interval:          30ms
  Default Test Frame Interval:        50ms
  Test Monitoring Interval Count:     5
  Test Monitoring Ext Interval Count: 15
  Non-blocking MRC Supported:         Yes
  Blocked port state supported:       Yes
=== 1790735316.325 15:28:36 >>> show mrp ring
Media Redundancy Protocol - Ring Information
MRP Ring 1
 Domain ID:                           ffffffff-ffff-ffff-ffff-ffffffffffff
 Domain Name:                         
 Ring Status:                         Enabled
 Running State:                       Running
 Role:                                Manager
 Network Status:                      Open
 Port1:                               port1.0.13
  Status:                             Blocking
 Port2:                               port4.0.26
  Status:                             Forwarding
 Vlan ID:
 React on Link Change:                No
 Profile:                             500ms
  Topology Change Interval:           20ms
  Topology Change Count:              3
  Short Test Frame Interval:          30ms
  Default Test Frame Interval:        50ms
  Test Monitoring Interval Count:     5
  Test Monitoring Ext Interval Count: 15
  Non-blocking MRC Supported:         Yes
  Blocked port state supported:       Yes
=== 1790735318.325 15:28:38 >>> show mrp ring
Media Redundancy Protocol - Ring Information
MRP Ring 1
 Domain ID:                           ffffffff-ffff-ffff-ffff-ffffffffffff
 Domain Name:                         
 Ring Status:                         Enabled
 Running State:                       Running
 Role:                                Manager
 Network Status:                      Open
 Port1:                               port1.0.13
  Status:                             Blocking
 Port2:                               port4.0.26
  Status:                             Forwarding
 Vlan ID:
 React on Link Change:                No
 Profile:                             500ms
  Topology Change Interval:           20ms
  Topology Change Count:              3
  Short Test Frame Interval:          30ms
  Default Test Frame Interval:        50ms
  Test Monitoring Interval Count:     5
  Test Monitoring Ext Interval Count: 15
  Non-blocking MRC Supported:         Yes
  Blocked port state supported:       Yes
=== 1790735320.325 15:28:40 >>> show mrp ring
Media Redundancy Protocol - Ring Information
MRP Ring 1
 Domain ID:                           ffffffff-ffff-ffff-ffff-ffffffffffff
 Domain Name:                         
 Ring Status:                         Enabled
 Running State:                       Running
 Role:                                Manager
 Network Status:                      Open
 Port1:                               port1.0.13
  Status:                             Blocking
 Port2:                               port4.0.26
  Status:                             Forwarding
 Vlan ID:
 React on Link Change:                No
 Profile:                             500ms
  Topology Change Interval:           20ms
  Topology Change Count:              3
  Short Test Frame Interval:          30ms
  Default Test Frame Interval:        50ms
  Test Monitoring Interval Count:     5
  Test Monitoring Ext Interval Count: 15
  Non-blocking MRC Supported:         Yes
  Blocked port state supported:       Yes
=== 1790735322.325 15:28:42 >>> show mrp ring
Media Redundancy Protocol - Ring Information
MRP Ring 1
 Domain ID:                           ffffffff-ffff-ffff-ffff-ffffffffffff
 Domain Name:                         
 Ring Status:                         Enabled
 Running State:                       Running
 Role:                                Manager
 Network Status:                      Open
 Port1:                               port1.0.13
  Status:                             Blocking
 Port2:                               port4.0.26
  Status:                             Forwarding
 Vlan ID:
 React on Link Change:                No
 Profile:                             500ms
  Topology Change Interval:           20ms
  Topology Change Count:              3
  Short Test Frame Interval:          30ms
  Default Test Frame Interval:        50ms
  Test Monitoring Interval Count:     5
  Test Monitoring Ext Interval Count: 15
  Non-blocking MRC Supported:         Yes
  Blocked port state supported:       Yes
=== 1790735324.325 15:28:44 >>> show mrp ring
Media Redundancy Protocol - Ring Information
MRP Ring 1
 Domain ID:                           ffffffff-ffff-ffff-ffff-ffffffffffff
 Domain Name:                         
 Ring Status:                         Enabled
 Running State:                       Running
 Role:                                Manager
 Network Status:                      Open
 Port1:                               port1.0.13
  Status:                             Blocking
 Port2:                               port4.0.26
  Status:                             Forwarding
 Vlan ID:
 React on Link Change:                No
 Profile:                             500ms
  Topology Change Interval:           20ms
  Topology Change Count:              3
  Short Test Frame Interval:          30ms
  Default Test Frame Interval:        50ms
  Test Monitoring Interval Count:     5
  Test Monitoring Ext Interval Count: 15
  Non-blocking MRC Supported:         Yes
  Blocked port state supported:       Yes
=== 1790735326.325 15:28:46 >>> show mrp ring
Media Redundancy Protocol - Ring Information
MRP Ring 1
 Domain ID:                           ffffffff-ffff-ffff-ffff-ffffffffffff
 Domain Name:                         
 Ring Status:                         Enabled
 Running State:                       Running
 Role:                                Manager
 Network Status:                      Open
 Port1:                               port1.0.13
  Status:                             Blocking
 Port2:                               port4.0.26
  Status:                             Forwarding
 Vlan ID:
 React on Link Change:                No
 Profile:                             500ms
  Topology Change Interval:           20ms
  Topology Change Count:              3
  Short Test Frame Interval:          30ms
  Default Test Frame Interval:        50ms
  Test Monitoring Interval Count:     5
  Test Monitoring Ext Interval Count: 15
  Non-blocking MRC Supported:         Yes
  Blocked port state supported:       Yes
=== 1790735328.326 15:28:48 >>> show mrp ring
Media Redundancy Protocol - Ring Information
MRP Ring 1
 Domain ID:                           ffffffff-ffff-ffff-ffff-ffffffffffff
 Domain Name:                         
 Ring Status:                         Enabled
 Running State:                       Running
 Role:                                Manager
 Network Status:                      Open
 Port1:                               port1.0.13
  Status:                             Blocking
 Port2:                               port4.0.26
  Status:                             Forwarding
 Vlan ID:
 React on Link Change:                No
 Profile:                             500ms
  Topology Change Interval:           20ms
  Topology Change Count:              3
  Short Test Frame Interval:          30ms
  Default Test Frame Interval:        50ms
  Test Monitoring Interval Count:     5
  Test Monitoring Ext Interval Count: 15
  Non-blocking MRC Supported:         Yes
  Blocked port state supported:       Yes
=== 1790735330.326 15:28:50 >>> show mrp ring
Media Redundancy Protocol - Ring Information
MRP Ring 1
 Domain ID:                           ffffffff-ffff-ffff-ffff-ffffffffffff
 Domain Name:                         
 Ring Status:                         Enabled
 Running State:                       Running
 Role:                                Manager
 Network Status:                      Open
 Port1:                               port1.0.13
  Status:                             Blocking
 Port2:                               port4.0.26
  Status:                             Forwarding
 Vlan ID:
 React on Link Change:                No
 Profile:                             500ms
  Topology Change Interval:           20ms
  Topology Change Count:              3
  Short Test Frame Interval:          30ms
  Default Test Frame Interval:        50ms
  Test Monitoring Interval Count:     5
  Test Monitoring Ext Interval Count: 15
  Non-blocking MRC Supported:         Yes
  Blocked port state supported:       Yes
=== 1790735332.326 15:28:52 >>> show mrp ring
Media Redundancy Protocol - Ring Information
MRP Ring 1
 Domain ID:                           ffffffff-ffff-ffff-ffff-ffffffffffff
 Domain Name:                         
 Ring Status:                         Enabled
 Running State:                       Running
 Role:                                Manager
 Network Status:                      Open
 Port1:                               port1.0.13
  Status:                             Blocking
 Port2:                               port4.0.26
  Status:                             Forwarding
 Vlan ID:
 React on Link Change:                No
 Profile:                             500ms
  Topology Change Interval:           20ms
  Topology Change Count:              3
  Short Test Frame Interval:          30ms
  Default Test Frame Interval:        50ms
  Test Monitoring Interval Count:     5
  Test Monitoring Ext Interval Count: 15
  Non-blocking MRC Supported:         Yes
  Blocked port state supported:       Yes
=== 1790735334.326 15:28:54 >>> show mrp ring
Media Redundancy Protocol - Ring Information
MRP Ring 1
 Domain ID:                           ffffffff-ffff-ffff-ffff-ffffffffffff
 Domain Name:                         
 Ring Status:                         Enabled
 Running State:                       Running
 Role:                                Manager
 Network Status:                      Open
 Port1:                               port1.0.13
  Status:                             Blocking
 Port2:                               port4.0.26
  Status:                             Forwarding
 Vlan ID:
 React on Link Change:                No
 Profile:                             500ms
  Topology Change Interval:           20ms
  Topology Change Count:              3
  Short Test Frame Interval:          30ms
  Default Test Frame Interval:        50ms
  Test Monitoring Interval Count:     5
  Test Monitoring Ext Interval Count: 15
  Non-blocking MRC Supported:         Yes
  Blocked port state supported:       Yes
=== 1790735336.326 15:28:56 >>> show mrp ring
Media Redundancy Protocol - Ring Information
MRP Ring 1
 Domain ID:                           ffffffff-ffff-ffff-ffff-ffffffffffff
 Domain Name:                         
 Ring Status:                         Enabled
 Running State:                       Running
 Role:                                Manager
 Network Status:                      Open
 Port1:                               port1.0.13
  Status:                             Blocking
 Port2:                               port4.0.26
  Status:                             Forwarding
 Vlan ID:
 React on Link Change:                No
 Profile:                             500ms
  Topology Change Interval:           20ms
  Topology Change Count:              3
  Short Test Frame Interval:          30ms
  Default Test Frame Interval:        50ms
  Test Monitoring Interval Count:     5
  Test Monitoring Ext Interval Count: 15
  Non-blocking MRC Supported:         Yes
  Blocked port state supported:       Yes
=== 1790735338.326 15:28:58 >>> show mrp ring
Media Redundancy Protocol - Ring Information
MRP Ring 1
 Domain ID:                           ffffffff-ffff-ffff-ffff-ffffffffffff
 Domain Name:                         
 Ring Status:                         Enabled
 Running State:                       Running
 Role:                                Manager
 Network Status:                      Open
 Port1:                               port1.0.13
  Status:                             Blocking
 Port2:                               port4.0.26
  Status:                             Forwarding
 Vlan ID:
 React on Link Change:                No
 Profile:                             500ms
  Topology Change Interval:           20ms
  Topology Change Count:              3
  Short Test Frame Interval:          30ms
  Default Test Frame Interval:        50ms
  Test Monitoring Interval Count:     5
  Test Monitoring Ext Interval Count: 15
  Non-blocking MRC Supported:         Yes
  Blocked port state supported:       Yes
=== 1790735340.526 15:29:00 >>> show mrp ring
Media Redundancy Protocol - Ring Information
MRP Ring 1
 Domain ID:                           ffffffff-ffff-ffff-ffff-ffffffffffff
 Domain Name:                         
 Ring Status:                         Enabled
 Running State:                       Running
 Role:                                Manager
 Network Status:                      Open
 Port1:                               port1.0.13
  Status:                             Blocking
 Port2:                               port4.0.26
  Status:                             Forwarding
 Vlan ID:
 React on Link Change:                No
 Profile:                             500ms
  Topology Change Interval:           20ms
  Topology Change Count:              3
  Short Test Frame Interval:          30ms
  Default Test Frame Interval:        50ms
  Test Monitoring Interval Count:     5
  Test Monitoring Ext Interval Count: 15
  Non-blocking MRC Supported:         Yes
  Blocked port state supported:       Yes
=== 1790735342.326 15:29:02 >>> show mrp ring
Media Redundancy Protocol - Ring Information
MRP Ring 1
 Domain ID:                           ffffffff-ffff-ffff-ffff-ffffffffffff
 Domain Name:                         
 Ring Status:                         Enabled
 Running State:                       Running
 Role:                                Manager
 Network Status:                      Open
 Port1:                               port1.0.13
  Status:                             Blocking
 Port2:                               port4.0.26
  Status:                             Forwarding
 Vlan ID:
 React on Link Change:                No
 Profile:                             500ms
  Topology Change Interval:           20ms
  Topology Change Count:              3
  Short Test Frame Interval:          30ms
  Default Test Frame Interval:        50ms
  Test Monitoring Interval Count:     5
  Test Monitoring Ext Interval Count: 15
  Non-blocking MRC Supported:         Yes
  Blocked port state supported:       Yes
=== 1790735344.326 15:29:04 >>> show mrp ring
Media Redundancy Protocol - Ring Information
MRP Ring 1
 Domain ID:                           ffffffff-ffff-ffff-ffff-ffffffffffff
 Domain Name:                         
 Ring Status:                         Enabled
 Running State:                       Running
 Role:                                Manager
 Network Status:                      Open
 Port1:                               port1.0.13
  Status:                             Blocking
 Port2:                               port4.0.26
  Status:                             Forwarding
 Vlan ID:
 React on Link Change:                No
 Profile:                             500ms
  Topology Change Interval:           20ms
  Topology Change Count:              3
  Short Test Frame Interval:          30ms
  Default Test Frame Interval:        50ms
  Test Monitoring Interval Count:     5
  Test Monitoring Ext Interval Count: 15
  Non-blocking MRC Supported:         Yes
  Blocked port state supported:       Yes
=== 1790735346.326 15:29:06 >>> show mrp ring
Media Redundancy Protocol - Ring Information
MRP Ring 1
 Domain ID:                           ffffffff-ffff-ffff-ffff-ffffffffffff
 Domain Name:                         
 Ring Status:                         Enabled
 Running State:                       Running
 Role:                                Manager
 Network Status:                      Closed
 Port1:                               port1.0.13
  Status:                             Blocking
 Port2:                               port4.0.26
  Status:                             Forwarding
 Vlan ID:
 React on Link Change:                No
 Profile:                             500ms
  Topology Change Interval:           20ms
  Topology Change Count:              3
  Short Test Frame Interval:          30ms
  Default Test Frame Interval:        50ms
  Test Monitoring Interval Count:     5
  Test Monitoring Ext Interval Count: 15
  Non-blocking MRC Supported:         Yes
  Blocked port state supported:       Yes
=== 1790735348.327 15:29:08 >>> show mrp ring
Media Redundancy Protocol - Ring Information
MRP Ring 1
 Domain ID:                           ffffffff-ffff-ffff-ffff-ffffffffffff
 Domain Name:                         
 Ring Status:                         Enabled
 Running State:                       Running
 Role:                                Manager
 Network Status:                      Closed
 Port1:                               port1.0.13
  Status:                             Blocking
 Port2:                               port4.0.26
  Status:                             Forwarding
 Vlan ID:
 React on Link Change:                No
 Profile:                             500ms
  Topology Change Interval:           20ms
  Topology Change Count:              3
  Short Test Frame Interval:          30ms
  Default Test Frame Interval:        50ms
  Test Monitoring Interval Count:     5
  Test Monitoring Ext Interval Count: 15
  Non-blocking MRC Supported:         Yes
  Blocked port state supported:       Yes
=== 1790735350.327 15:29:10 >>> show mrp ring
Media Redundancy Protocol - Ring Information
MRP Ring 1
 Domain ID:                           ffffffff-ffff-ffff-ffff-ffffffffffff
 Domain Name:                         
 Ring Status:                         Enabled
 Running State:                       Running
 Role:                                Manager
 Network Status:                      Closed
 Port1:                               port1.0.13
  Status:                             Blocking
 Port2:                               port4.0.26
  Status:                             Forwarding
 Vlan ID:
 React on Link Change:                No
 Profile:                             500ms
  Topology Change Interval:           20ms
  Topology Change Count:              3
  Short Test Frame Interval:          30ms
  Default Test Frame Interval:        50ms
  Test Monitoring Interval Count:     5
  Test Monitoring Ext Interval Count: 15
  Non-blocking MRC Supported:         Yes
  Blocked port state supported:       Yes
=== 1790735352.327 15:29:12 >>> show mrp ring
Media Redundancy Protocol - Ring Information
MRP Ring 1
 Domain ID:                           ffffffff-ffff-ffff-ffff-ffffffffffff
 Domain Name:                         
 Ring Status:                         Enabled
 Running State:                       Running
 Role:                                Manager
 Network Status:                      Closed
 Port1:                               port1.0.13
  Status:                             Blocking
 Port2:                               port4.0.26
  Status:                             Forwarding
 Vlan ID:
 React on Link Change:                No
 Profile:                             500ms
  Topology Change Interval:           20ms
  Topology Change Count:              3
  Short Test Frame Interval:          30ms
  Default Test Frame Interval:        50ms
  Test Monitoring Interval Count:     5
  Test Monitoring Ext Interval Count: 15
  Non-blocking MRC Supported:         Yes
  Blocked port state supported:       Yes
=== 1790735354.327 15:29:14 >>> show mrp ring
Media Redundancy Protocol - Ring Information
MRP Ring 1
 Domain ID:                           ffffffff-ffff-ffff-ffff-ffffffffffff
 Domain Name:                         
 Ring Status:                         Enabled
 Running State:                       Running
 Role:                                Manager
 Network Status:                      Closed
 Port1:                               port1.0.13
  Status:                             Blocking
 Port2:                               port4.0.26
  Status:                             Forwarding
 Vlan ID:
 React on Link Change:                No
 Profile:                             500ms
  Topology Change Interval:           20ms
  Topology Change Count:              3
  Short Test Frame Interval:          30ms
  Default Test Frame Interval:        50ms
  Test Monitoring Interval Count:     5
  Test Monitoring Ext Interval Count: 15
  Non-blocking MRC Supported:         Yes
  Blocked port state supported:       Yes
=== 1790735356.327 15:29:16 >>> show mrp ring
Media Redundancy Protocol - Ring Information
MRP Ring 1
 Domain ID:                           ffffffff-ffff-ffff-ffff-ffffffffffff
 Domain Name:                         
 Ring Status:                         Enabled
 Running State:                       Running
 Role:                                Manager
 Network Status:                      Closed
 Port1:                               port1.0.13
  Status:                             Blocking
 Port2:                               port4.0.26
  Status:                             Forwarding
 Vlan ID:
 React on Link Change:                No
 Profile:                             500ms
  Topology Change Interval:           20ms
  Topology Change Count:              3
  Short Test Frame Interval:          30ms
  Default Test Frame Interval:        50ms
  Test Monitoring Interval Count:     5
  Test Monitoring Ext Interval Count: 15
  Non-blocking MRC Supported:         Yes
  Blocked port state supported:       Yes
=== 1790735358.327 15:29:18 >>> show mrp ring
Media Redundancy Protocol - Ring Information
MRP Ring 1
 Domain ID:                           ffffffff-ffff-ffff-ffff-ffffffffffff
 Domain Name:                         
 Ring Status:                         Enabled
 Running State:                       Running
 Role:                                Manager
 Network Status:                      Closed
 Port1:                               port1.0.13
  Status:                             Blocking
 Port2:                               port4.0.26
  Status:                             Forwarding
 Vlan ID:
 React on Link Change:                No
 Profile:                             500ms
  Topology Change Interval:           20ms
  Topology Change Count:              3
  Short Test Frame Interval:          30ms
  Default Test Frame Interval:        50ms
  Test Monitoring Interval Count:     5
  Test Monitoring Ext Interval Count: 15
  Non-blocking MRC Supported:         Yes
  Blocked port state supported:       Yes
