### 2026-10-08 13:16:44 NZDT SETUP
13:16:49 >>> show stack
Virtual Chassis Stacking summary information

ID   Pending ID  MAC address        Priority  Status  Role
1    -           84e3.2787.0ac0     128       Ready   Backup Member
2    -           -                  -         -       Provisioned
3    -           84e3.2787.0740     128       Ready   Active Master
4    -           84e3.2787.09c0     128       Ready   Backup Member

Operational Status                 Normal operation
Stack MAC address                  0000.cd37.0d6f (Virtual MAC)
13:16:50 >>> show scada modbus tcp server
MODBUS is disabled
Connection to (10.38.215.10, 502) failed: [Errno 111] Connection refused
13:16:51 CONNECT 10.38.215.10:502 slave=0 -> FAILED (no TCP connection)
13:16:56 >>> configure terminal
Enter configuration commands, one per line.  End with CNTL/Z.
13:16:57 >>> scada modbus tcp server
13:16:58 >>> end
13:17:00 >>> show scada modbus tcp server
SCADA MODBUS Summary Information

MODBUS is enabled
Write access: disabled
Master heartbeat status: Not set
Master heartbeat timeout: 0

-------------------------------------
TCP Server Characteristics:
  Port            :   502
  Max Connections :     1

-------------------------------------
Statistics:
  Read Requests:
    coils                :          0
    discrete inputs      :          0
    holding registers    :          0
    input registers      :          0

  Write Requests:
    single coil          :          0
    single register      :          0
    multiple coils       :          0
    multiple registers   :          0

  Other Requests         :          0

  Exceptions:
    illegal function     :          0
    illegal data address :          0
    illegal data value   :          0
    slave device failure :          0
13:17:01 >>> show running-config | include scada
scada modbus tcp server
### 2026-10-08 13:17:15 NZDT CLI REFERENCE
13:17:21 >>> show system
System Status                                           Thu Oct 08 00:18:10 2026

Stack member 1

Board      ID   Bay     Board Name                        Rev   Serial number
--------------------------------------------------------------------------------
Base       717  Base    AT-IE520-28GSX                    X1-0  264A23061       
--------------------------------------------------------------------------------
RAM: Total: 506724 kB Free: 280044 kB
Flash: 106.3MB Used: 78.4MB Available: 27.9MB
--------------------------------------------------------------------------------
Environment Status : Normal
Uptime             : 0 days 00:42:16
Bootloader version : 9.2.0


Stack member 3

Board      ID   Bay     Board Name                        Rev   Serial number
--------------------------------------------------------------------------------
Base       717  Base    AT-IE520-28GSX                    X1-0  264A23066       
--------------------------------------------------------------------------------
RAM: Total: 506724 kB Free: 263736 kB
Flash: 106.3MB Used: 106.2MB Available: 176.0KB
--------------------------------------------------------------------------------
Environment Status : Normal
Uptime             : 0 days 00:42:15
Bootloader version : 9.2.0


Stack member 4

Board      ID   Bay     Board Name                        Rev   Serial number
--------------------------------------------------------------------------------
Base       717  Base    AT-IE520-28GSX                    X1-0  264A23052       
--------------------------------------------------------------------------------
RAM: Total: 506724 kB Free: 278324 kB
Flash: 106.3MB Used: 78.4MB Available: 27.9MB
--------------------------------------------------------------------------------
Environment Status : Normal
Uptime             : 0 days 00:42:17
Bootloader version : 9.2.0


Current software   : IE520-tb470.rel
Software version   : main-calanm
Build date         : Tue Oct 6 19:44:28 UTC 2026

Current boot config: flash:/tb470-bench.cfg (file exists)

System Name
 IE520-stk
System Contact

System Location
13:17:22 >>> show system mac
Stack member        MAC Address
------------------------------------
1                   84e3.2787.0ac0
3                   84e3.2787.0740
4                   84e3.2787.09c0

Virtual MAC Address 0000.cd37.0d6f
13:17:23 >>> show stack
Virtual Chassis Stacking summary information

ID   Pending ID  MAC address        Priority  Status  Role
1    -           84e3.2787.0ac0     128       Ready   Backup Member
2    -           -                  -         -       Provisioned
3    -           84e3.2787.0740     128       Ready   Active Master
4    -           84e3.2787.09c0     128       Ready   Backup Member

Operational Status                 Normal operation
Stack MAC address                  0000.cd37.0d6f (Virtual MAC)
13:17:24 >>> show stack detail
Virtual Chassis Stacking detailed information

Stack Status:
------------------------------------------------------------------
Operational Status                      Normal operation
Management VLAN ID                      4094
Management VLAN subnet address          192.168.255.0
Virtual Chassis ID                      3439 (0xd6f)
Virtual MAC address                     0000.cd37.0d6f
Disabled Master Monitoring              Enabled

Stack member 1:
------------------------------------------------------------------
ID                                      1
Pending ID                              -
MAC address                             84e3.2787.0ac0
Last role change                        Wed Oct  7 22:37:07 2026
Product type                            AT-IE520-28GSX
Role                                    Backup Member
Status                                  Ready
Priority                                128
Host name                               IE520-stk-1
S/W version auto synchronization        On
Resiliency link status                  Not configured
Stack port1.0.27 status                 Learnt neighbor 3, connected port3.0.28
Stack port1.0.28 status                 Learnt neighbor 4, connected port4.0.27

Stack member 2:
------------------------------------------------------------------
ID                                      2
Product type                            ie520-28
Role                                    Provisioned

Stack member 3:
------------------------------------------------------------------
ID                                      3
Pending ID                              -
MAC address                             84e3.2787.0740
Last role change                        Wed Oct  7 23:37:06 2026
Product type                            AT-IE520-28GSX
Role                                    Active Master
Status                                  Ready
Priority                                128
Host name                               IE520-stk
S/W version auto synchronization        On
Resiliency link status                  Not configured
Stack port3.0.27 status                 Learnt neighbor 4, connected port4.0.28
Stack port3.0.28 status                 Learnt neighbor 1, connected port1.0.27

Stack member 4:
------------------------------------------------------------------
ID                                      4
Pending ID                              -
MAC address                             84e3.2787.09c0
Last role change                        Wed Oct  7 23:37:07 2026
Product type                            AT-IE520-28GSX
Role                                    Backup Member
Status                                  Ready
Priority                                128
Host name                               IE520-stk-4
S/W version auto synchronization        On
Resiliency link status                  Not configured
Stack port4.0.27 status                 Learnt neighbor 1, connected port1.0.28
Stack port4.0.28 status                 Learnt neighbor 3, connected port3.0.27
13:17:26 >>> show running-config | include hostname|provision
hostname IE520-stk
switch 1 provision ie520-28
switch 2 provision ie520-28
switch 3 provision ie520-28
switch 4 provision ie520-28
13:17:27 >>> show system environment
Environment Monitoring Status

Stack member 1:

Overall Status: Normal

Resource ID: 100  Name: AT-IE520-28GSX
ID  Sensor (Units)                      Reading  Low Limit High Limit Status
1   Temp: System (Degrees C)                 48   90(Hyst)         95     Ok
2   Almmon: LED Output                       No        -          -       Ok
3   Almmon: Relay Output 1                 Open        -          -       Ok
4   Power Input 1                           Yes        -          -       Ok
5   Power Input 2                            No        -          -       Ok

Stack member 3:

Overall Status: Normal

Resource ID: 100  Name: AT-IE520-28GSX
ID  Sensor (Units)                      Reading  Low Limit High Limit Status
1   Temp: System (Degrees C)                 42   90(Hyst)         95     Ok
2   Almmon: LED Output                       No        -          -       Ok
3   Almmon: Relay Output 1               Closed        -          -       Ok
4   Power Input 1                            No        -          -       Ok
5   Power Input 2                           Yes        -          -       Ok

Stack member 4:

Overall Status: Normal

Resource ID: 100  Name: AT-IE520-28GSX
ID  Sensor (Units)                      Reading  Low Limit High Limit Status
1   Temp: System (Degrees C)                 44   90(Hyst)         95     Ok
2   Almmon: LED Output                       No        -          -       Ok
3   Almmon: Relay Output 1                 Open        -          -       Ok
4   Power Input 1                           Yes        -          -       Ok
5   Power Input 2                            No        -          -       Ok
13:17:29 >>> show alarm facility settings
Member output control: Disabled

Global alarms:

Alarm                    ID           Outputs - L: LED, R: Relay      
----------------------------------------------------------------------
EPSR                     -            -                               
Loop detect              -            -                               
G8032                    -            -                               
UFO                      -            -                               

Per stack member alarms:

Stack member 1:

Alarm                    ID           Outputs - L: LED, R: Relay      
----------------------------------------------------------------------
External PSU             1            -                               
External PSU             2            -                               
Link down                port1.0.1    -                               
Link down                port1.0.2    -                               
Link down                port1.0.3    -                               
Link down                port1.0.4    -                               
Link down                port1.0.5    -                               
Link down                port1.0.6    -                               
Link down                port1.0.7    -                               
Link down                port1.0.8    -                               
Link down                port1.0.9    -                               
Link down                port1.0.10   -                               
Link down                port1.0.11   -                               
Link down                port1.0.12   -                               
Link down                port1.0.13   -                               
Link down                port1.0.14   -                               
Link down                port1.0.15   -                               
Link down                port1.0.16   -                               
Link down                port1.0.17   -                               
Link down                port1.0.18   -                               
Link down                port1.0.19   -                               
Link down                port1.0.20   -                               
Link down                port1.0.21   -                               
Link down                port1.0.22   -                               
Link down                port1.0.23   -                               
Link down                port1.0.24   -                               
Link down                port1.0.25   -                               
Link down                port1.0.26   -                               
Link down                port1.0.27   -                               
Link down                port1.0.28   -                               
Temperature              -            -                               


Alarm                    ID           Alarm position
----------------------------------------------------

Stack member 3:

Alarm                    ID           Outputs - L: LED, R: Relay      
----------------------------------------------------------------------
External PSU             1            -                               
External PSU             2            -                               
Link down                port3.0.1    -                               
Link down                port3.0.2    -                               
Link down                port3.0.3    -                               
Link down                port3.0.4    -                               
Link down                port3.0.5    -                               
Link down                port3.0.6    -                               
Link down                port3.0.7    -                               
Link down                port3.0.8    -                               
Link down                port3.0.9    -                               
Link down                port3.0.10   -                               
Link down                port3.0.11   -                               
Link down                port3.0.12   -                               
Link down                port3.0.13   -                               
Link down                port3.0.14   -                               
Link down                port3.0.15   -                               
Link down                port3.0.16   -                               
Link down                port3.0.17   -                               
Link down                port3.0.18   -                               
Link down                port3.0.19   -                               
Link down                port3.0.20   -                               
Link down                port3.0.21   -                               
Link down                port3.0.22   -                               
Link down                port3.0.23   -                               
Link down                port3.0.24   -                               
Link down                port3.0.25   -                               
Link down                port3.0.26   -                               
Link down                port3.0.27   -                               
Link down                port3.0.28   -                               
Temperature              -            -                               


Alarm                    ID           Alarm position
----------------------------------------------------

Stack member 4:

Alarm                    ID           Outputs - L: LED, R: Relay      
----------------------------------------------------------------------
External PSU             1            -                               
External PSU             2            -                               
Link down                port4.0.1    -                               
Link down                port4.0.2    -                               
Link down                port4.0.3    -                               
Link down                port4.0.4    -                               
Link down                port4.0.5    -                               
Link down                port4.0.6    -                               
Link down                port4.0.7    -                               
Link down                port4.0.8    -                               
Link down                port4.0.9    -                               
Link down                port4.0.10   -                               
Link down                port4.0.11   -                               
Link down                port4.0.12   -                               
Link down                port4.0.13   -                               
Link down                port4.0.14   -                               
Link down                port4.0.15   -                               
Link down                port4.0.16   -                               
Link down                port4.0.17   -                               
Link down                port4.0.18   -                               
Link down                port4.0.19   -                               
Link down                port4.0.20   -                               
Link down                port4.0.21   -                               
Link down                port4.0.22   -                               
Link down                port4.0.23   -                               
Link down                port4.0.24   -                               
Link down                port4.0.25   -                               
Link down                port4.0.26   -                               
Link down                port4.0.27   -                               
Link down                port4.0.28   -                               
Temperature              -            -                               


Alarm                    ID           Alarm position
----------------------------------------------------
13:17:30 >>> show alarm facility status
Active alarms            ID          
-------------------------------------
13:17:32 >>> show clock
UTC Time:   Thu,  8 Oct 2026 00:18:21 +0000
Timezone: UTC
Timezone Offset: +00:00
Summer time zone: None
### 2026-10-08 13:17:33 NZDT READS -- the case's literal addresses (unit 0)
13:17:33 CONNECT 10.38.215.10:502 slave=0 -> ok
13:17:33   TX 00 01 00 00 00 06 00 03 00 00 00 01
13:17:33 READ  0x0000 x1 UINT s1 Mapping Version -> words=['0x0005'] value=5
13:17:33 CONNECT 10.38.215.10:502 slave=0 -> ok
13:17:33   TX 00 01 00 00 00 06 00 03 00 01 00 20
13:17:33 READ  0x0001 x32 ASCII s2 (case: Board Name) -> words=['0x4945', '0x3532', '0x302d', '0x7374', '0x6b00', '0x0000', '0x0000', '0x0000', '0x0000', '0x0000', '0x0000', '0x0000', '0x0000', '0x0000', '0x0000', '0x0000', '0x0000', '0x0000', '0x0000', '0x0000', '0x0000', '0x0000', '0x0000', '0x0000', '0x0000', '0x0000', '0x0000', '0x0000', '0x0000', '0x0000', '0x0000', '0x0000'] value='IE520-stk'
13:17:33 CONNECT 10.38.215.10:502 slave=0 -> ok
13:17:33   TX 00 01 00 00 00 06 00 03 00 21 00 20
13:17:33 READ  0x0021 x32 ASCII s3 (case: Serial Number) -> words=['0x6d61', '0x696e', '0x2d63', '0x616c', '0x616e', '0x6d00', '0x0000', '0x0000', '0x0000', '0x0000', '0x0000', '0x0000', '0x0000', '0x0000', '0x0000', '0x0000', '0x0000', '0x0000', '0x0000', '0x0000', '0x0000', '0x0000', '0x0000', '0x0000', '0x0000', '0x0000', '0x0000', '0x0000', '0x0000', '0x0000', '0x0000', '0x0000'] value='main-calanm'
13:17:33 CONNECT 10.38.215.10:502 slave=0 -> ok
13:17:33   TX 00 01 00 00 00 06 00 03 00 41 00 01
13:17:33 READ  0x0041 x1 UINT s4 (case: Number of Sensors) -> words=['0x0000'] value=0
13:17:33 CONNECT 10.38.215.10:502 slave=0 -> ok
13:17:33   TX 00 01 00 00 00 06 00 03 00 42 00 01
13:17:33 READ  0x0042 x1 UINT s5 (case: Number of Alarms) -> words=['0xcd37'] value=52535
13:17:33 CONNECT 10.38.215.10:502 slave=0 -> ok
13:17:33   TX 00 01 00 00 00 06 00 03 00 43 00 01
13:17:33 READ  0x0043 x1 UINT s6 (case: Number of Ports) -> words=['0x0d6f'] value=3439
13:17:34 CONNECT 10.38.215.10:502 slave=0 -> ok
13:17:34   TX 00 01 00 00 00 06 00 03 00 44 00 01
13:17:34 READ  0x0044 x1 UINT s7 (case: Number of Faults) -> words=['0x000d'] value=13
Exception response 131 / 0
13:17:34 CONNECT 10.38.215.10:502 slave=0 -> ok
13:17:34   TX 00 01 00 00 00 06 00 03 00 45 00 20
13:17:34 READ  0x0045 x32 ASCII s8 (case: Software Version) -> EXCEPTION ExceptionResponse(dev_id=0, transaction_id=1, address=0, count=0, bits=[], registers=[], status=1)
Exception response 131 / 0
13:17:34 CONNECT 10.38.215.10:502 slave=0 -> ok
13:17:34   TX 00 01 00 00 00 06 00 03 00 65 00 20
13:17:34 READ  0x0065 x32 ASCII s9 (case: System Name) -> EXCEPTION ExceptionResponse(dev_id=0, transaction_id=1, address=0, count=0, bits=[], registers=[], status=1)
13:17:34 CONNECT 10.38.215.10:502 slave=0 -> ok
13:17:34   TX 00 01 00 00 00 06 00 03 00 85 00 03
13:17:34 READ  0x0085 x3 HEX s10 (case: HW Mac Address) -> words=['0x0000', '0x0005', '0x0000'] value='000000050000'
### 2026-10-08 13:17:34 NZDT READS -- Mapping Version 5 addresses (unit 0)
13:17:34 CONNECT 10.38.215.10:502 slave=0 -> ok
13:17:34   TX 00 01 00 00 00 06 00 03 00 00 00 01
13:17:34 READ  0x0000 x1 UINT v5 Mapping Version -> words=['0x0005'] value=5
13:17:34 CONNECT 10.38.215.10:502 slave=0 -> ok
13:17:34   TX 00 01 00 00 00 06 00 03 00 01 00 20
13:17:34 READ  0x0001 x32 ASCII v5 System Name -> words=['0x4945', '0x3532', '0x302d', '0x7374', '0x6b00', '0x0000', '0x0000', '0x0000', '0x0000', '0x0000', '0x0000', '0x0000', '0x0000', '0x0000', '0x0000', '0x0000', '0x0000', '0x0000', '0x0000', '0x0000', '0x0000', '0x0000', '0x0000', '0x0000', '0x0000', '0x0000', '0x0000', '0x0000', '0x0000', '0x0000', '0x0000', '0x0000'] value='IE520-stk'
13:17:34 CONNECT 10.38.215.10:502 slave=0 -> ok
13:17:34   TX 00 01 00 00 00 06 00 03 00 21 00 20
13:17:34 READ  0x0021 x32 ASCII v5 Software Version -> words=['0x6d61', '0x696e', '0x2d63', '0x616c', '0x616e', '0x6d00', '0x0000', '0x0000', '0x0000', '0x0000', '0x0000', '0x0000', '0x0000', '0x0000', '0x0000', '0x0000', '0x0000', '0x0000', '0x0000', '0x0000', '0x0000', '0x0000', '0x0000', '0x0000', '0x0000', '0x0000', '0x0000', '0x0000', '0x0000', '0x0000', '0x0000', '0x0000'] value='main-calanm'
13:17:34 CONNECT 10.38.215.10:502 slave=0 -> ok
13:17:34   TX 00 01 00 00 00 06 00 03 00 41 00 03
13:17:34 READ  0x0041 x3 HEX v5 HW MAC -> words=['0x0000', '0xcd37', '0x0d6f'] value='0000cd370d6f'
13:17:34 CONNECT 10.38.215.10:502 slave=0 -> ok
13:17:34   TX 00 01 00 00 00 06 00 03 00 44 00 01
13:17:34 READ  0x0044 x1 HEX v5 stack-member bitmap -> words=['0x000d'] value='000d'
13:17:35 CONNECT 10.38.215.10:502 slave=0 -> ok
13:17:35   TX 00 01 00 00 00 06 00 03 00 45 00 01
13:17:35 READ  0x0045 x1 UINT v5 Number of Ports -> words=['0x0054'] value=84
13:17:35 CONNECT 10.38.215.10:502 slave=0 -> ok
13:17:35   TX 00 01 00 00 00 06 00 03 00 46 00 01
13:17:35 READ  0x0046 x1 UINT v5 Number of Faults -> words=['0x0000'] value=0
13:17:35 CONNECT 10.38.215.10:502 slave=0 -> ok
13:17:35   TX 00 01 00 00 00 06 00 03 00 47 00 01
13:17:35 READ  0x0047 x1 UINT v5 Number of Sensors -> words=['0x000f'] value=15
13:17:35 CONNECT 10.38.215.10:502 slave=0 -> ok
13:17:35   TX 00 01 00 00 00 06 00 03 00 48 00 01
13:17:35 READ  0x0048 x1 UINT v5 Number of Alarms (global) -> words=['0x0004'] value=4
13:17:35 CONNECT 10.38.215.10:502 slave=0 -> ok
13:17:35   TX 00 01 00 00 00 06 00 03 00 49 00 01
13:17:35 READ  0x0049 x1 UINT v5 Number of Alarms (per-member total) -> words=['0x007c'] value=124
### 2026-10-08 13:17:35 NZDT READS -- per member (unit id = member), 1..4
13:17:35 CONNECT 10.38.215.10:502 slave=1 -> ok
13:17:35   TX 00 01 00 00 00 06 01 03 01 20 00 05
13:17:35 READ  0x0120 x5 RAW unit 1 member info [boards,ports,faults,sensors,alarms] -> words=['0x0001', '0x001c', '0x0000', '0x0005', '0x001f'] value=[1, 28, 0, 5, 31]
13:17:35 CONNECT 10.38.215.10:502 slave=1 -> ok
13:17:35   TX 00 01 00 00 00 06 01 03 02 00 00 01
13:17:35 READ  0x0200 x1 UINT unit 1 board class -> words=['0x0001'] value=1
13:17:35 CONNECT 10.38.215.10:502 slave=1 -> ok
13:17:35   TX 00 01 00 00 00 06 01 03 02 02 00 20
13:17:35 READ  0x0202 x32 ASCII unit 1 Board Name -> words=['0x4154', '0x2d49', '0x4535', '0x3230', '0x2d32', '0x3847', '0x5358', '0x0000', '0x0000', '0x0000', '0x0000', '0x0000', '0x0000', '0x0000', '0x0000', '0x0000', '0x0000', '0x0000', '0x0000', '0x0000', '0x0000', '0x0000', '0x0000', '0x0000', '0x0000', '0x0000', '0x0000', '0x0000', '0x0000', '0x0000', '0x0000', '0x0000'] value='AT-IE520-28GSX'
13:17:35 CONNECT 10.38.215.10:502 slave=1 -> ok
13:17:35   TX 00 01 00 00 00 06 01 03 02 22 00 20
13:17:35 READ  0x0222 x32 ASCII unit 1 Serial Number -> words=['0x3236', '0x3441', '0x3233', '0x3036', '0x3100', '0x0000', '0x0000', '0x0000', '0x0000', '0x0000', '0x0000', '0x0000', '0x0000', '0x0000', '0x0000', '0x0000', '0x0000', '0x0000', '0x0000', '0x0000', '0x0000', '0x0000', '0x0000', '0x0000', '0x0000', '0x0000', '0x0000', '0x0000', '0x0000', '0x0000', '0x0000', '0x0000'] value='264A23061'
13:17:36 CONNECT 10.38.215.10:502 slave=1 -> ok
13:17:36   TX 00 01 00 00 00 06 01 03 02 42 00 03
13:17:36 READ  0x0242 x3 HEX unit 1 board MAC -> words=['0x84e3', '0x2787', '0x0ac0'] value='84e327870ac0'
Exception response 131 / 0
13:17:36 CONNECT 10.38.215.10:502 slave=2 -> ok
13:17:36   TX 00 01 00 00 00 06 02 03 01 20 00 05
13:17:36 READ  0x0120 x5 RAW unit 2 member info [boards,ports,faults,sensors,alarms] -> EXCEPTION ExceptionResponse(dev_id=2, transaction_id=1, address=0, count=0, bits=[], registers=[], status=1)
Exception response 131 / 0
13:17:36 CONNECT 10.38.215.10:502 slave=2 -> ok
13:17:36   TX 00 01 00 00 00 06 02 03 02 00 00 01
13:17:36 READ  0x0200 x1 UINT unit 2 board class -> EXCEPTION ExceptionResponse(dev_id=2, transaction_id=1, address=0, count=0, bits=[], registers=[], status=1)
Exception response 131 / 0
13:17:36 CONNECT 10.38.215.10:502 slave=2 -> ok
13:17:36   TX 00 01 00 00 00 06 02 03 02 02 00 20
13:17:36 READ  0x0202 x32 ASCII unit 2 Board Name -> EXCEPTION ExceptionResponse(dev_id=2, transaction_id=1, address=0, count=0, bits=[], registers=[], status=1)
Exception response 131 / 0
13:17:36 CONNECT 10.38.215.10:502 slave=2 -> ok
13:17:36   TX 00 01 00 00 00 06 02 03 02 22 00 20
13:17:36 READ  0x0222 x32 ASCII unit 2 Serial Number -> EXCEPTION ExceptionResponse(dev_id=2, transaction_id=1, address=0, count=0, bits=[], registers=[], status=1)
Exception response 131 / 0
13:17:36 CONNECT 10.38.215.10:502 slave=2 -> ok
13:17:36   TX 00 01 00 00 00 06 02 03 02 42 00 03
13:17:36 READ  0x0242 x3 HEX unit 2 board MAC -> EXCEPTION ExceptionResponse(dev_id=2, transaction_id=1, address=0, count=0, bits=[], registers=[], status=1)
13:17:36 CONNECT 10.38.215.10:502 slave=3 -> ok
13:17:36   TX 00 01 00 00 00 06 03 03 01 20 00 05
13:17:36 READ  0x0120 x5 RAW unit 3 member info [boards,ports,faults,sensors,alarms] -> words=['0x0001', '0x001c', '0x0000', '0x0005', '0x001f'] value=[1, 28, 0, 5, 31]
13:17:36 CONNECT 10.38.215.10:502 slave=3 -> ok
13:17:36   TX 00 01 00 00 00 06 03 03 02 00 00 01
13:17:36 READ  0x0200 x1 UINT unit 3 board class -> words=['0x0001'] value=1
13:17:36 CONNECT 10.38.215.10:502 slave=3 -> ok
13:17:36   TX 00 01 00 00 00 06 03 03 02 02 00 20
13:17:36 READ  0x0202 x32 ASCII unit 3 Board Name -> words=['0x4154', '0x2d49', '0x4535', '0x3230', '0x2d32', '0x3847', '0x5358', '0x0000', '0x0000', '0x0000', '0x0000', '0x0000', '0x0000', '0x0000', '0x0000', '0x0000', '0x0000', '0x0000', '0x0000', '0x0000', '0x0000', '0x0000', '0x0000', '0x0000', '0x0000', '0x0000', '0x0000', '0x0000', '0x0000', '0x0000', '0x0000', '0x0000'] value='AT-IE520-28GSX'
13:17:37 CONNECT 10.38.215.10:502 slave=3 -> ok
13:17:37   TX 00 01 00 00 00 06 03 03 02 22 00 20
13:17:37 READ  0x0222 x32 ASCII unit 3 Serial Number -> words=['0x3236', '0x3441', '0x3233', '0x3036', '0x3600', '0x0000', '0x0000', '0x0000', '0x0000', '0x0000', '0x0000', '0x0000', '0x0000', '0x0000', '0x0000', '0x0000', '0x0000', '0x0000', '0x0000', '0x0000', '0x0000', '0x0000', '0x0000', '0x0000', '0x0000', '0x0000', '0x0000', '0x0000', '0x0000', '0x0000', '0x0000', '0x0000'] value='264A23066'
13:17:37 CONNECT 10.38.215.10:502 slave=3 -> ok
13:17:37   TX 00 01 00 00 00 06 03 03 02 42 00 03
13:17:37 READ  0x0242 x3 HEX unit 3 board MAC -> words=['0x84e3', '0x2787', '0x0740'] value='84e327870740'
13:17:37 CONNECT 10.38.215.10:502 slave=4 -> ok
13:17:37   TX 00 01 00 00 00 06 04 03 01 20 00 05
13:17:37 READ  0x0120 x5 RAW unit 4 member info [boards,ports,faults,sensors,alarms] -> words=['0x0001', '0x001c', '0x0000', '0x0005', '0x001f'] value=[1, 28, 0, 5, 31]
13:17:37 CONNECT 10.38.215.10:502 slave=4 -> ok
13:17:37   TX 00 01 00 00 00 06 04 03 02 00 00 01
13:17:37 READ  0x0200 x1 UINT unit 4 board class -> words=['0x0001'] value=1
13:17:37 CONNECT 10.38.215.10:502 slave=4 -> ok
13:17:37   TX 00 01 00 00 00 06 04 03 02 02 00 20
13:17:37 READ  0x0202 x32 ASCII unit 4 Board Name -> words=['0x4154', '0x2d49', '0x4535', '0x3230', '0x2d32', '0x3847', '0x5358', '0x0000', '0x0000', '0x0000', '0x0000', '0x0000', '0x0000', '0x0000', '0x0000', '0x0000', '0x0000', '0x0000', '0x0000', '0x0000', '0x0000', '0x0000', '0x0000', '0x0000', '0x0000', '0x0000', '0x0000', '0x0000', '0x0000', '0x0000', '0x0000', '0x0000'] value='AT-IE520-28GSX'
13:17:37 CONNECT 10.38.215.10:502 slave=4 -> ok
13:17:37   TX 00 01 00 00 00 06 04 03 02 22 00 20
13:17:37 READ  0x0222 x32 ASCII unit 4 Serial Number -> words=['0x3236', '0x3441', '0x3233', '0x3035', '0x3200', '0x0000', '0x0000', '0x0000', '0x0000', '0x0000', '0x0000', '0x0000', '0x0000', '0x0000', '0x0000', '0x0000', '0x0000', '0x0000', '0x0000', '0x0000', '0x0000', '0x0000', '0x0000', '0x0000', '0x0000', '0x0000', '0x0000', '0x0000', '0x0000', '0x0000', '0x0000', '0x0000'] value='264A23052'
13:17:37 CONNECT 10.38.215.10:502 slave=4 -> ok
13:17:37   TX 00 01 00 00 00 06 04 03 02 42 00 03
13:17:37 READ  0x0242 x3 HEX unit 4 board MAC -> words=['0x84e3', '0x2787', '0x09c0'] value='84e3278709c0'
13:17:42 >>> show scada modbus tcp server
SCADA MODBUS Summary Information

MODBUS is enabled
Write access: disabled
Master heartbeat status: Not set
Master heartbeat timeout: 0

-------------------------------------
TCP Server Characteristics:
  Port            :   502
  Max Connections :     1

-------------------------------------
Statistics:
  Read Requests:
    coils                :          0
    discrete inputs      :          0
    holding registers    :         40
    input registers      :          0

  Write Requests:
    single coil          :          0
    single register      :          0
    multiple coils       :          0
    multiple registers   :          0

  Other Requests         :          0

  Exceptions:
    illegal function     :          0
    illegal data address :          2
    illegal data value   :          5
    slave device failure :          0
### 2026-10-08 13:17:48 NZDT TEARDOWN
13:17:53 >>> configure terminal
Enter configuration commands, one per line.  End with CNTL/Z.
13:17:54 >>> no scada modbus tcp server
13:17:56 >>> end
13:17:57 >>> show scada modbus tcp server
MODBUS is disabled
13:17:59 >>> show running-config | include scada
Connection to (10.38.215.10, 502) failed: [Errno 111] Connection refused
13:18:00 CONNECT 10.38.215.10:502 slave=0 -> FAILED (no TCP connection)
rcdiff rc=0 (no lines above = IDENTICAL)
