1790734730.218 15:18:50 >>> configure terminal
configure terminal
Enter configuration commands, one per line.  End with CNTL/Z.
IE520-sa(config)#
1790734731.019 15:18:51 >>> mrp ring 1
mrp ring 1
IE520-sa(config-mrp-ring)#
1790734731.820 15:18:51 >>> profile 500
profile 500
IE520-sa(config-mrp-ring)#
1790734732.621 15:18:52 >>> end
end
IE520-sa#
1790734733.422 15:18:53 >>> show mrp ring
show mrp ring
Media Redundancy Protocol - Ring Information
MRP Ring 1
 Domain ID:                           ffffffff-ffff-ffff-ffff-ffffffffffff
 Domain Name:                         
 Ring Status:                         Enabled
 Running State:                       Running
 Role:                                Client
 Port1:                               port1.0.13
  Status:                             Forwarding
 Port2:                               port1.0.26
  Status:                             Forwarding
 Vlan ID:
 Profile:                             500ms
  Link Down Interval:                 20ms
  Link Up Interval:                   20ms
  Link Change Count:                  4
  Blocked port state supported:       Yes

IE520-sa#
