09:51:02: ================ PowerGroup has been initialised ================
09:51:02: ======== Turning PowerGroup on
09:51:02: PowerGroup._pdu_cmd(on, [1], 3) called
09:51:02: Waiting for pdu lock
09:51:02: ...lock acquired
09:51:02: Power outlets are already in the desired state
09:51:02: ...lock released
09:51:02: Turning PowerGroup on: Success
09:58:25: ========= TestCase 10 Starting =========
09:58:35: ======== Turning PowerGroup off
09:58:35: PowerGroup._pdu_cmd(off, [1], 3) called
09:58:35: Waiting for pdu lock
09:58:35: ...lock acquired
09:58:35: HTTP POST was successfully executed
09:58:36: PowerGroup._pdu_cmd(status, [1], 3) called
09:58:36: Waiting for pdu lock
09:58:36: ...lock acquired
09:58:36: Current outlet status: {1: '0', 2: '1', 3: '1', 4: '1', 5: '1', 6: '1', 7: '1', 8: '1', 9: '1', 10: '0', 11: '0', 12: '0', 13: '0', 14: '0', 15: '0', 16: '0', 17: '1', 18: '0', 19: '0', 20: '0', 21: '0', 22: '0', 23: '0', 24: '0', 25: '0'}
09:58:36: ...lock released
09:58:36: Power outlets have been successfully turned off
09:58:36: ...lock released
09:58:36: Turning PowerGroup off: Success
09:58:52: ======== Turning PowerGroup on
09:58:52: PowerGroup._pdu_cmd(on, [1], 3) called
09:58:52: Waiting for pdu lock
09:58:52: ...lock acquired
09:58:52: Sleep 0 seconds to work around the x610 power supply issue
09:58:52: HTTP POST was successfully executed
09:58:55: PowerGroup._pdu_cmd(status, [1], 3) called
09:58:55: Waiting for pdu lock
09:58:55: ...lock acquired
09:58:55: Current outlet status: {1: '1', 2: '1', 3: '1', 4: '1', 5: '1', 6: '1', 7: '1', 8: '1', 9: '1', 10: '0', 11: '0', 12: '0', 13: '0', 14: '0', 15: '0', 16: '0', 17: '1', 18: '0', 19: '0', 20: '0', 21: '0', 22: '0', 23: '0', 24: '0', 25: '0'}
09:58:55: ...lock released
09:58:55: Power outlets have been successfully turned on
09:58:55: ...lock released
09:58:55: Turning PowerGroup on: Success
09:59:12: ======== Turning PowerGroup off
09:59:12: PowerGroup._pdu_cmd(off, [1], 3) called
09:59:12: Waiting for pdu lock
09:59:12: ...lock acquired
09:59:12: HTTP POST was successfully executed
09:59:13: PowerGroup._pdu_cmd(status, [1], 3) called
09:59:13: Waiting for pdu lock
09:59:13: ...lock acquired
09:59:13: Current outlet status: {1: '0', 2: '1', 3: '1', 4: '1', 5: '1', 6: '1', 7: '1', 8: '1', 9: '1', 10: '0', 11: '0', 12: '0', 13: '0', 14: '0', 15: '0', 16: '0', 17: '1', 18: '0', 19: '0', 20: '0', 21: '0', 22: '0', 23: '0', 24: '0', 25: '0'}
09:59:13: ...lock released
09:59:13: Power outlets have been successfully turned off
09:59:13: ...lock released
09:59:13: Turning PowerGroup off: Success
09:59:18: ======== Turning PowerGroup off
09:59:18: PowerGroup._pdu_cmd(off, [1], 3) called
09:59:18: Waiting for pdu lock
09:59:18: ...lock acquired
09:59:18: Power outlets are already in the desired state
09:59:18: ...lock released
09:59:18: Turning PowerGroup off: Success
09:59:23: ======== Turning PowerGroup off
09:59:23: PowerGroup._pdu_cmd(off, [1], 3) called
09:59:23: Waiting for pdu lock
09:59:23: ...lock acquired
09:59:23: Power outlets are already in the desired state
09:59:23: ...lock released
09:59:23: Turning PowerGroup off: Success
09:59:38: ======== Turning PowerGroup on
09:59:38: PowerGroup._pdu_cmd(on, [1], 3) called
09:59:38: Waiting for pdu lock
09:59:38: ...lock acquired
09:59:38: Sleep 0 seconds to work around the x610 power supply issue
09:59:38: HTTP POST was successfully executed
09:59:41: PowerGroup._pdu_cmd(status, [1], 3) called
09:59:41: Waiting for pdu lock
09:59:41: ...lock acquired
09:59:41: Current outlet status: {1: '1', 2: '1', 3: '1', 4: '1', 5: '1', 6: '1', 7: '1', 8: '1', 9: '1', 10: '0', 11: '0', 12: '0', 13: '0', 14: '0', 15: '0', 16: '0', 17: '1', 18: '0', 19: '0', 20: '0', 21: '0', 22: '0', 23: '0', 24: '0', 25: '0'}
09:59:41: ...lock released
09:59:41: Power outlets have been successfully turned on
09:59:41: ...lock released
09:59:41: Turning PowerGroup on: Success
