08:47:31: ================ PowerGroup has been initialised ================
08:47:31: ======== Turning PowerGroup on
08:47:31: PowerGroup._pdu_cmd(on, [1], 3) called
08:47:31: Waiting for pdu lock
08:47:31: ...lock acquired
08:47:31: Power outlets are already in the desired state
08:47:31: ...lock released
08:47:31: Turning PowerGroup on: Success
08:55:43: ========= TestCase 110 Starting =========
08:55:53: ======== Turning PowerGroup off
08:55:53: PowerGroup._pdu_cmd(off, [1], 3) called
08:55:53: Waiting for pdu lock
08:55:53: ...lock acquired
08:55:54: HTTP POST was successfully executed
08:55:55: PowerGroup._pdu_cmd(status, [1], 3) called
08:55:55: Waiting for pdu lock
08:55:55: ...lock acquired
08:55:55: Current outlet status: {1: '0', 2: '1', 3: '1', 4: '1', 5: '1', 6: '1', 7: '1', 8: '1', 9: '1', 10: '0', 11: '0', 12: '0', 13: '0', 14: '0', 15: '0', 16: '0', 17: '1', 18: '0', 19: '0', 20: '0', 21: '0', 22: '0', 23: '0', 24: '0', 25: '0'}
08:55:55: ...lock released
08:55:55: Power outlets have been successfully turned off
08:55:55: ...lock released
08:55:55: Turning PowerGroup off: Success
08:56:11: ======== Turning PowerGroup on
08:56:11: PowerGroup._pdu_cmd(on, [1], 3) called
08:56:11: Waiting for pdu lock
08:56:11: ...lock acquired
08:56:11: Sleep 0 seconds to work around the x610 power supply issue
08:56:11: HTTP POST was successfully executed
08:56:14: PowerGroup._pdu_cmd(status, [1], 3) called
08:56:14: Waiting for pdu lock
08:56:14: ...lock acquired
08:56:14: Current outlet status: {1: '1', 2: '1', 3: '1', 4: '1', 5: '1', 6: '1', 7: '1', 8: '1', 9: '1', 10: '0', 11: '0', 12: '0', 13: '0', 14: '0', 15: '0', 16: '0', 17: '1', 18: '0', 19: '0', 20: '0', 21: '0', 22: '0', 23: '0', 24: '0', 25: '0'}
08:56:14: ...lock released
08:56:14: Power outlets have been successfully turned on
08:56:14: ...lock released
08:56:14: Turning PowerGroup on: Success
08:57:28: ======== Turning PowerGroup off
08:57:28: PowerGroup._pdu_cmd(off, [1], 3) called
08:57:28: Waiting for pdu lock
08:57:28: ...lock acquired
08:57:28: HTTP POST was successfully executed
08:57:29: PowerGroup._pdu_cmd(status, [1], 3) called
08:57:29: Waiting for pdu lock
08:57:29: ...lock acquired
08:57:29: Current outlet status: {1: '0', 2: '1', 3: '1', 4: '1', 5: '1', 6: '1', 7: '1', 8: '1', 9: '1', 10: '0', 11: '0', 12: '0', 13: '0', 14: '0', 15: '0', 16: '0', 17: '1', 18: '0', 19: '0', 20: '0', 21: '0', 22: '0', 23: '0', 24: '0', 25: '0'}
08:57:29: ...lock released
08:57:29: Power outlets have been successfully turned off
08:57:29: ...lock released
08:57:29: Turning PowerGroup off: Success
08:57:45: ======== Turning PowerGroup on
08:57:45: PowerGroup._pdu_cmd(on, [1], 3) called
08:57:45: Waiting for pdu lock
08:57:45: ...lock acquired
08:57:45: Sleep 0 seconds to work around the x610 power supply issue
08:57:45: HTTP POST was successfully executed
08:57:48: PowerGroup._pdu_cmd(status, [1], 3) called
08:57:48: Waiting for pdu lock
08:57:48: ...lock acquired
08:57:48: Current outlet status: {1: '1', 2: '1', 3: '1', 4: '1', 5: '1', 6: '1', 7: '1', 8: '1', 9: '1', 10: '0', 11: '0', 12: '0', 13: '0', 14: '0', 15: '0', 16: '0', 17: '1', 18: '0', 19: '0', 20: '0', 21: '0', 22: '0', 23: '0', 24: '0', 25: '0'}
08:57:48: ...lock released
08:57:48: Power outlets have been successfully turned on
08:57:48: ...lock released
08:57:48: Turning PowerGroup on: Success
09:03:32: ======== Turning PowerGroup off
09:03:32: PowerGroup._pdu_cmd(off, [1], 3) called
09:03:32: Waiting for pdu lock
09:03:32: ...lock acquired
09:03:32: HTTP POST was successfully executed
09:03:33: PowerGroup._pdu_cmd(status, [1], 3) called
09:03:33: Waiting for pdu lock
09:03:33: ...lock acquired
09:03:33: Current outlet status: {1: '0', 2: '1', 3: '1', 4: '1', 5: '1', 6: '1', 7: '1', 8: '1', 9: '1', 10: '0', 11: '0', 12: '0', 13: '0', 14: '0', 15: '0', 16: '0', 17: '1', 18: '0', 19: '0', 20: '0', 21: '0', 22: '0', 23: '0', 24: '0', 25: '0'}
09:03:33: ...lock released
09:03:33: Power outlets have been successfully turned off
09:03:33: ...lock released
09:03:33: Turning PowerGroup off: Success
09:03:49: ======== Turning PowerGroup on
09:03:49: PowerGroup._pdu_cmd(on, [1], 3) called
09:03:49: Waiting for pdu lock
09:03:49: ...lock acquired
09:03:49: Sleep 0 seconds to work around the x610 power supply issue
09:03:49: HTTP POST was successfully executed
09:03:52: PowerGroup._pdu_cmd(status, [1], 3) called
09:03:52: Waiting for pdu lock
09:03:52: ...lock acquired
09:03:52: Current outlet status: {1: '1', 2: '1', 3: '1', 4: '1', 5: '1', 6: '1', 7: '1', 8: '1', 9: '1', 10: '0', 11: '0', 12: '0', 13: '0', 14: '0', 15: '0', 16: '0', 17: '1', 18: '0', 19: '0', 20: '0', 21: '0', 22: '0', 23: '0', 24: '0', 25: '0'}
09:03:52: ...lock released
09:03:52: Power outlets have been successfully turned on
09:03:52: ...lock released
09:03:52: Turning PowerGroup on: Success
09:04:01: ======== Turning PowerGroup off
09:04:01: PowerGroup._pdu_cmd(off, [1], 3) called
09:04:01: Waiting for pdu lock
09:04:01: ...lock acquired
09:04:01: HTTP POST was successfully executed
09:04:02: PowerGroup._pdu_cmd(status, [1], 3) called
09:04:03: Waiting for pdu lock
09:04:03: ...lock acquired
09:04:03: Current outlet status: {1: '0', 2: '1', 3: '1', 4: '1', 5: '1', 6: '1', 7: '1', 8: '1', 9: '1', 10: '0', 11: '0', 12: '0', 13: '0', 14: '0', 15: '0', 16: '0', 17: '1', 18: '0', 19: '0', 20: '0', 21: '0', 22: '0', 23: '0', 24: '0', 25: '0'}
09:04:03: ...lock released
09:04:03: Power outlets have been successfully turned off
09:04:03: ...lock released
09:04:03: Turning PowerGroup off: Success
09:04:09: ======== Turning PowerGroup off
09:04:09: PowerGroup._pdu_cmd(off, [1], 3) called
09:04:09: Waiting for pdu lock
09:04:09: ...lock acquired
09:04:09: Power outlets are already in the desired state
09:04:09: ...lock released
09:04:09: Turning PowerGroup off: Success
09:04:14: ======== Turning PowerGroup off
09:04:14: PowerGroup._pdu_cmd(off, [1], 3) called
09:04:14: Waiting for pdu lock
09:04:14: ...lock acquired
09:04:14: Power outlets are already in the desired state
09:04:14: ...lock released
09:04:14: Turning PowerGroup off: Success
09:04:29: ======== Turning PowerGroup on
09:04:29: PowerGroup._pdu_cmd(on, [1], 3) called
09:04:29: Waiting for pdu lock
09:04:29: ...lock acquired
09:04:29: Sleep 0 seconds to work around the x610 power supply issue
09:04:29: HTTP POST was successfully executed
09:04:32: PowerGroup._pdu_cmd(status, [1], 3) called
09:04:32: Waiting for pdu lock
09:04:32: ...lock acquired
09:04:32: Current outlet status: {1: '1', 2: '1', 3: '1', 4: '1', 5: '1', 6: '1', 7: '1', 8: '1', 9: '1', 10: '0', 11: '0', 12: '0', 13: '0', 14: '0', 15: '0', 16: '0', 17: '1', 18: '0', 19: '0', 20: '0', 21: '0', 22: '0', 23: '0', 24: '0', 25: '0'}
09:04:32: ...lock released
09:04:32: Power outlets have been successfully turned on
09:04:32: ...lock released
09:04:32: Turning PowerGroup on: Success
09:10:27: ======== Turning PowerGroup off
09:10:27: PowerGroup._pdu_cmd(off, [1], 3) called
09:10:27: Waiting for pdu lock
09:10:27: ...lock acquired
09:10:27: HTTP POST was successfully executed
09:10:28: PowerGroup._pdu_cmd(status, [1], 3) called
09:10:28: Waiting for pdu lock
09:10:28: ...lock acquired
09:10:28: Current outlet status: {1: '0', 2: '1', 3: '1', 4: '1', 5: '1', 6: '1', 7: '1', 8: '1', 9: '1', 10: '0', 11: '0', 12: '0', 13: '0', 14: '0', 15: '0', 16: '0', 17: '1', 18: '0', 19: '0', 20: '0', 21: '0', 22: '0', 23: '0', 24: '0', 25: '0'}
09:10:28: ...lock released
09:10:28: Power outlets have been successfully turned off
09:10:28: ...lock released
09:10:28: Turning PowerGroup off: Success
09:10:43: ======== Turning PowerGroup on
09:10:43: PowerGroup._pdu_cmd(on, [1], 3) called
09:10:43: Waiting for pdu lock
09:10:43: ...lock acquired
09:10:43: Sleep 0 seconds to work around the x610 power supply issue
09:10:43: HTTP POST was successfully executed
09:10:46: PowerGroup._pdu_cmd(status, [1], 3) called
09:10:46: Waiting for pdu lock
09:10:46: ...lock acquired
09:10:46: Current outlet status: {1: '1', 2: '1', 3: '1', 4: '1', 5: '1', 6: '1', 7: '1', 8: '1', 9: '1', 10: '0', 11: '0', 12: '0', 13: '0', 14: '0', 15: '0', 16: '0', 17: '1', 18: '0', 19: '0', 20: '0', 21: '0', 22: '0', 23: '0', 24: '0', 25: '0'}
09:10:46: ...lock released
09:10:46: Power outlets have been successfully turned on
09:10:46: ...lock released
09:10:46: Turning PowerGroup on: Success
09:16:28: ========= TestCase 110 Tear Down =========
09:16:40: ======== Turning PowerGroup off
09:16:40: PowerGroup._pdu_cmd(off, [1], 3) called
09:16:40: Waiting for pdu lock
09:16:40: ...lock acquired
09:16:40: HTTP POST was successfully executed
09:16:41: PowerGroup._pdu_cmd(status, [1], 3) called
09:16:41: Waiting for pdu lock
09:16:41: ...lock acquired
09:16:41: Current outlet status: {1: '0', 2: '1', 3: '1', 4: '1', 5: '1', 6: '1', 7: '1', 8: '1', 9: '1', 10: '0', 11: '0', 12: '0', 13: '0', 14: '0', 15: '0', 16: '0', 17: '1', 18: '0', 19: '0', 20: '0', 21: '0', 22: '0', 23: '0', 24: '0', 25: '0'}
09:16:41: ...lock released
09:16:41: Power outlets have been successfully turned off
09:16:41: ...lock released
09:16:41: Turning PowerGroup off: Success
09:16:47: ======== Turning PowerGroup on
09:16:47: PowerGroup._pdu_cmd(on, [1], 3) called
09:16:47: Waiting for pdu lock
09:16:47: ...lock acquired
09:16:47: Sleep 7.808200836181641 seconds to work around the x610 power supply issue
09:16:55: HTTP POST was successfully executed
09:16:58: PowerGroup._pdu_cmd(status, [1], 3) called
09:16:58: Waiting for pdu lock
09:16:58: ...lock acquired
09:16:58: Current outlet status: {1: '1', 2: '1', 3: '1', 4: '1', 5: '1', 6: '1', 7: '1', 8: '1', 9: '1', 10: '0', 11: '0', 12: '0', 13: '0', 14: '0', 15: '0', 16: '0', 17: '1', 18: '0', 19: '0', 20: '0', 21: '0', 22: '0', 23: '0', 24: '0', 25: '0'}
09:16:58: ...lock released
09:16:58: Power outlets have been successfully turned on
09:16:58: ...lock released
09:16:58: Turning PowerGroup on: Success
