1790729492.449 13:51:32 >>> configure terminal
configure terminal
Enter configuration commands, one per line.  End with CNTL/Z.
IE520-sa(config)#
1790729493.251 13:51:33 >>> interface port1.0.13
interface port1.0.13
IE520-sa(config-if)#
1790729494.054 13:51:34 >>> no static-channel-group
no static-channel-group
IE520-sa(config-if)#
1790729494.856 13:51:34 >>> interface port1.0.26
interface port1.0.26
IE520-sa(config-if)#
1790729495.658 13:51:35 >>> no switchport access vlan
no switchport access vlan
IE520-sa(config-if)#
1790729496.461 13:51:36 >>> exit
exit
IE520-sa(config)#
1790729497.684 13:51:37 >>> service mrp
service mrp
IE520-sa(config)#
1790729498.487 13:51:38 >>> mrp ring 1
mrp ring 1
IE520-sa(config-mrp-ring)#
1790729499.289 13:51:39 >>> role client
role client
IE520-sa(config-mrp-ring)#
1790729500.092 13:51:40 >>> exit
exit
IE520-sa(config)#
1790729500.894 13:51:40 >>> interface port1.0.13
interface port1.0.13
IE520-sa(config-if)#
1790729501.696 13:51:41 >>> mrp ring 1
mrp ring 1
IE520-sa(config-if)#
1790729502.499 13:51:42 >>> interface port1.0.26
interface port1.0.26
IE520-sa(config-if)#
1790729503.301 13:51:43 >>> mrp ring 1
mrp ring 1
IE520-sa(config-if)#
1790729504.104 13:51:44 >>> end
end
IE520-sa#
1790729504.906 13:51:44 >>> show mrp ring
show mrp ring
Media Redundancy Protocol - Ring Information
MRP Ring 1
 Domain ID:                           ffffffff-ffff-ffff-ffff-ffffffffffff
 Domain Name:                         
 Ring Status:                         Enabled
 Running State:                       Running
 Role:                                Client
 Port1:                               port1.0.13
  Status:                             Forwarding
 Port2:                               port1.0.26
  Status:                             Blocking
 Vlan ID:
 Profile:                             200ms
  Link Down Interval:                 20ms
  Link Up Interval:                   20ms
  Link Change Count:                  4
  Blocked port state supported:       Yes

IE520-sa#
1790729505.709 13:51:45 >>> show mrp ports
show mrp ports
Media Redundancy Protocol - Port Information

Connection         Port         State
------------------------------------------
Ring 1             port1.0.13   Forwarding
Ring 1             port1.0.26   Blocking

IE520-sa#
1790729506.511 13:51:46 >>> show static-channel-group
show static-channel-group
LAG Maximum        : 124
LAG Static  Count  : 1
LAG Dynamic Count  : 0
LAG Total   Count  : 1
Static Aggregator: sa3
Member:
 port1.0.9
IE520-sa#
