1790729464.283 13:51:04 >>> configure terminal
configure terminal
Enter configuration commands, one per line.  End with CNTL/Z.
IE520-stk(config)#
1790729465.085 13:51:05 >>> interface port4.0.26
interface port4.0.26
IE520-stk(config-if)#
1790729465.887 13:51:05 >>> shutdown
shutdown
switch: port 82(port4.0.26) entered disabled state
IE520-stk(config-if)#switch: port 82(port4.0.26) entered disabled state

1790729466.690 13:51:06 >>> interface port1.0.13
interface port1.0.13
IE520-stk(config-if)#
1790729467.492 13:51:07 >>> no static-channel-group
no static-channel-group
IE520-stk(config-if)#
1790729468.294 13:51:08 >>> interface port4.0.26
interface port4.0.26
IE520-stk(config-if)#
1790729469.097 13:51:09 >>> no switchport access vlan
no switchport access vlan
IE520-stk(config-if)#
1790729469.899 13:51:09 >>> exit
exit
IE520-stk(config)#
1790729471.323 13:51:11 >>> service mrp
service mrp
IE520-stk(config)#
1790729472.125 13:51:12 >>> mrp ring 1
mrp ring 1
IE520-stk(config-mrp-ring)#
1790729472.927 13:51:12 >>> role manager
role manager
IE520-stk(config-mrp-ring-manager)#
1790729473.730 13:51:13 >>> exit
exit
IE520-stk(config-mrp-ring)#
1790729474.532 13:51:14 >>> interface port1.0.13
interface port1.0.13
IE520-stk(config-if)#
1790729475.335 13:51:15 >>> mrp ring 1
mrp ring 1
IE520-stk(config-if)#
1790729476.137 13:51:16 >>> interface port4.0.26
interface port4.0.26
IE520-stk(config-if)#
1790729476.939 13:51:16 >>> mrp ring 1
mrp ring 1
IE520-stk(config-if)#
1790729477.741 13:51:17 >>> end
end
IE520-stk#
1790729478.544 13:51:18 >>> show mrp ring
show mrp ring
Media Redundancy Protocol - Ring Information
MRP Ring 1
 Domain ID:                           ffffffff-ffff-ffff-ffff-ffffffffffff
 Domain Name:                         
 Ring Status:                         Enabled
 Running State:                       Running
 Role:                                Manager
 Network Status:                      Open
 Port1:                               port1.0.13
  Status:                             Forwarding
 Port2:                               port4.0.26
  Status:                             Blocking
 Vlan ID:
 React on Link Change:                No
 Profile:                             200ms
  Topology Change Interval:           10ms
  Topology Change Count:              3
  Short Test Frame Interval:          10ms
  Default Test Frame Interval:        20ms
  Test Monitoring Interval Count:     3
  Test Monitoring Ext Interval Count: 3
  Non-blocking MRC Supported:         No
  Blocked port state supported:       Yes

IE520-stk#
1790729479.346 13:51:19 >>> show mrp ports
show mrp ports
Media Redundancy Protocol - Port Information

Connection         Port         State
------------------------------------------
Ring 1             port1.0.13   Forwarding
Ring 1             port4.0.26   Blocking

IE520-stk#
