1790729544.577 13:52:24 >>> show mrp ring
show mrp ring
Media Redundancy Protocol - Ring Information
MRP Ring 1
 Domain ID:                           ffffffff-ffff-ffff-ffff-ffffffffffff
 Domain Name:                         
 Ring Status:                         Enabled
 Running State:                       Running
 Role:                                Manager
 Network Status:                      Closed
 Port1:                               port1.0.13
  Status:                             Forwarding
 Port2:                               port4.0.26
  Status:                             Blocking
 Vlan ID:
 React on Link Change:                No
 Profile:                             200ms
  Topology Change Interval:           10ms
  Topology Change Count:              3
  Short Test Frame Interval:          10ms
  Default Test Frame Interval:        20ms
  Test Monitoring Interval Count:     3
  Test Monitoring Ext Interval Count: 3
  Non-blocking MRC Supported:         No
  Blocked port state supported:       Yes

IE520-stk#
1790729545.380 13:52:25 >>> show interface port1.0.13,port4.0.26,port4.0.9 status
show interface port1.0.13,port4.0.26,port4.0.9 status
Port        Name               Status      Vlan      Duplex Speed   Type        
--------------------------------------------------------------------------------
port1.0.13  -                  connected           1 a-full a-1000  10GBASE-TM  
port4.0.26  -                  connected           1 a-full a-1000  1000BASE-SX 
port4.0.9   -                  disabled            1 auto   auto    10GBASE-T   

IE520-stk#
1790729546.182 13:52:26 >>> show loop-protection interface port1.0.13
show loop-protection interface port1.0.13

% Can't find interface port1.0.13
IE520-stk#
!!! CLI error on 'show loop-protection interface port1.0.13' -- stopping
