1790729544.577 13:52:24 >>> show mrp ring
show mrp ring
Media Redundancy Protocol - Ring Information
MRP Ring 1
 Domain ID:                           ffffffff-ffff-ffff-ffff-ffffffffffff
 Domain Name:                         
 Ring Status:                         Enabled
 Running State:                       Running
 Role:                                Client
 Port1:                               port1.0.13
  Status:                             Forwarding
 Port2:                               port1.0.26
  Status:                             Forwarding
 Vlan ID:
 Profile:                             200ms
  Link Down Interval:                 20ms
  Link Up Interval:                   20ms
  Link Change Count:                  4
  Blocked port state supported:       Yes

IE520-sa#
1790729545.380 13:52:25 >>> show interface port1.0.13,port1.0.26,port1.0.9,port1.0.2 status
show interface port1.0.13,port1.0.26,port1.0.9,port1.0.2 status
Port        Name               Status      Vlan      Duplex Speed   Type        
--------------------------------------------------------------------------------
port1.0.13  -                  connected           1 a-full a-1000  10GBASE-TM  
port1.0.26  -                  connected           1 a-full a-1000  1000BASE-SX 
port1.0.9   -                  notconnect          1 auto   auto    1000BASE-T  
port1.0.2   -                  connected           1 a-full a-1000  10GBASE-TM  

IE520-sa#
1790729546.182 13:52:26 >>> show loop-protection interface port1.0.13
show loop-protection interface port1.0.13

% Can't find interface port1.0.13
IE520-sa#
!!! CLI error on 'show loop-protection interface port1.0.13' -- stopping
