18:17:40 >>> configure terminal
Enter configuration commands, one per line.  End with CNTL/Z.
18:17:41 >>> no router bgp 65116
18:17:42 >>> no arp 10.116.1.2
18:17:43 >>> interface vlan3161
18:17:44 >>> no ip address 10.116.1.1/24
18:17:46 >>> exit
18:17:47 >>> interface vlan3162
18:17:48 >>> no ip address 10.116.2.1/30
18:17:49 >>> exit
18:17:50 >>> interface port3.0.13
18:17:51 >>> no switchport access vlan
18:17:52 >>> exit
18:17:54 >>> interface port4.0.26
18:17:55 >>> switchport access vlan 4000
18:17:56 >>> exit
18:17:57 >>> vlan database
18:17:58 >>> no vlan 3161
18:17:59 >>> no vlan 3162
18:18:01 >>> end
18:18:02 >>> show ip bgp summary
18:18:03 >>> show arp
IP Address      LL Address       Interface            Port        Type
18:18:04 >>> show interface port3.0.13,port4.0.26 status
Port        Name               Status      Vlan      Duplex Speed   Type        
--------------------------------------------------------------------------------
port3.0.13  -                  connected           1 a-full a-1000  10GBASE-TM  
port4.0.26  -                  connected        4000 a-full a-1000  1000BASE-SX
