18:18:11 >>> configure terminal
Enter configuration commands, one per line.  End with CNTL/Z.
18:18:12 >>> no router bgp 65117
18:18:13 >>> no arp 10.116.3.2
18:18:14 >>> interface vlan3162
18:18:16 >>> no ip address 10.116.2.2/30
18:18:17 >>> exit
18:18:18 >>> interface vlan3163
18:18:19 >>> no ip address 10.116.3.1/24
18:18:20 >>> exit
18:18:21 >>> interface port1.0.2
18:18:22 >>> no switchport access vlan
18:18:24 >>> exit
18:18:25 >>> interface port1.0.26
18:18:26 >>> switchport access vlan 4000
18:18:27 >>> exit
18:18:28 >>> vlan database
18:18:29 >>> no vlan 3162
18:18:31 >>> no vlan 3163
18:18:32 >>> end
18:18:33 >>> show ip bgp summary
18:18:34 >>> show arp
IP Address      LL Address       Interface            Port        Type
18:18:35 >>> show interface port1.0.2,port1.0.26 status
Port        Name               Status      Vlan      Duplex Speed   Type        
--------------------------------------------------------------------------------
port1.0.2   -                  connected           1 a-full a-1000  10GBASE-TM  
port1.0.26  -                  connected        4000 a-full a-1000  1000BASE-SX
