13:29:12 >>> show counter ipv6 dhcp-server
DHCPv6 server counters
SOLICIT in              ....... 6
ADVERTISE out           ....... 6
REQUEST in              ....... 0
CONFIRM in              ....... 0
RENEW in                ....... 0
REBIND in               ....... 0
REPLY out               ....... 0
RELEASE in              ....... 0
DECLINE in              ....... 0
INFORMATION-REQUEST in  ....... 0
RELAY FORWARD in        ....... 0
LEASEQUERY in           ....... 0
DHCPv4 QUERY in         ....... 0
13:29:14 >>> show ipv6 dhcp binding
13:29:15 >>> show ipv6 interface vlan10
* = Autoconfigured Address
Interface     IPv6-Address                    State        Status      Protocol
vlan10        fe80::200:cdff:fe40:394/64      preferred    admin up    running
13:29:16 >>> show ipv6 dhcp interface
vlan1 is in client mode
vlan10 is in server mode.
 Using pool  : ck5082
 Preference  : 0
 Rapid-Commit: not-allow
