13:27:49 >>> configure terminal
Enter configuration commands, one per line.  End with CNTL/Z.
13:27:50 >>> ipv6 local pool ck5082 2001:db8:5000::/48 56
13:27:51 >>> ipv6 dhcp pool ck5082
13:27:52 >>> prefix-delegation pool ck5082
13:27:53 >>> exit
13:27:54 >>> interface vlan10
13:27:55 >>> ipv6 enable
13:27:57 >>> ipv6 dhcp server ck5082
13:27:58 >>> end
13:27:59 >>> show running-config interface vlan10
!
interface vlan10
 ip address 10.10.10.2/27
 ipv6 enable
 ipv6 dhcp server ck5082
!
13:28:00 >>> show ipv6 dhcp pool
DHCPv6 Pool: ck5082
  PD Pool Name: ck5082
     Prefix   : 2001:db8:5000::/48-56
     Lifetime : 2592000(valid), 604800(preferred)
