self-test OK: 'show clock ?' then Ctrl-U then CR executed nothing
13:21:22 >>> configure terminal
Enter configuration commands, one per line.  End with CNTL/Z.
13:21:23 >>> interface vlan3995

13:21:25 >>> ipv6 ?
ipv6 ?
  address          Set the IPv6 address of an interface
  dhcp             Dynamic Host Configuration Protocol for IPv6 (DHCPv6)
  enable           Enable IPv6 on an interface
  eui64-linklocal  Set the EUI64 link-local generation of an interface
  mld              Multicast Listener Discovery (MLD)
  nd               IPv6 interface Neighbor Discovery subcommands
  ospf             OSPFv3 interface commands
  pim              PIM Interface commands
  rip              Routing Information Protocol (RIP)
  route            Static route
  router           IPv6 Router interface commands

[K[26CIE520-stk(config-if)#ipv6 
13:21:27 >>> ipv6 address ?
ipv6 address ?
  WORD        Prefix name delegated from parent PD server
  X:X::X:X/M  IPv6 address (e.g. 2001:db8::1/48)
  autoconfig  Enable Stateless Address Autoconfiguration (SLAAC)
  dhcp        Use DHCPv6 client to obtain IP address for this interface
  suffix      IPv6 suffix to use for autogenerated addresses

[K[34CIE520-stk(config-if)#ipv6 address 
13:21:29 >>> ipv6 dhcp ?
ipv6 dhcp ?
  client  DHCPv6 Client
  server  DHCPv6 Server

[K[31CIE520-stk(config-if)#ipv6 dhcp 
13:21:32 >>> ipv6 dhcp client ?
ipv6 dhcp client ?
  pd  DHCPv6 Prefix-Delegation

[K[38CIE520-stk(config-if)#ipv6 dhcp client 
13:21:34 >>> ipv6 dhcp client pd ?
ipv6 dhcp client pd ?
  WORD  Prefix name delegated from parent PD server

[K[41CIE520-stk(config-if)#ipv6 dhcp client pd 
13:21:36 >>> ipv6 nd ?
ipv6 nd ?
  accept-ra-default-routes  Enable adding default routes based on received
                            Router Advertisements
  accept-ra-pinfo           Enable adding on-link prefix routes and addresses
                            from received Router Advertisements
  current-hoplimit          Set advertised current hop limit
  dns                       DNS server
  dns-server                DNS server
  link-mtu                  Set advertised Link MTU
  managed-config-flag       Hosts should use DHCP for address config
  minimum-ra-interval       Set IPv6 minimum router advertisement interval
  other-config-flag         Hosts should use DHCP for non-address config
  prefix                    Configure IPv6 Routing Prefix Advertisement (max.
                            60 prefixes)
  ra-interval               Set IPv6 Router Advertisement Interval
  ra-lifetime               Set IPv6 Router Advertisement Lifetime
  reachable-time            Set advertised reachability time
  retransmission-time       Set advertised retransmission timer
  route-information         Configure IPv6 more specific route information
  router-preference         Set the router preference value in the Router
                            Advertisment
  suppress-ra               Suppress IPv6 Router Advertisements

[K[29CIE520-stk(config-if)#ipv6 nd 
13:21:38 >>> ipv6 nd prefix ?
ipv6 nd prefix ?
  WORD            Prefix name delegated from parent PD server
  X:X::X:X/M      IPv6 prefix
  auto-advertise  Automatically advertise prefixes for configured addresses

[K[36CIE520-stk(config-if)#ipv6 nd prefix 
