13:22:50 >>> configure terminal
Enter configuration commands, one per line.  End with CNTL/Z.
13:22:51 >>> interface vlan3995
13:22:52 >>> ipv6 dhcp client pd ck5082pd
13:22:54 >>> do show running-config interface vlan3995
!
interface vlan3995
 ipv6 enable
 ipv6 dhcp client pd ck5082pd
!
13:22:55 >>> ipv6 address ck5082pd ::/65 eui64
13:22:56 >>> do show running-config interface vlan3995
!
interface vlan3995
 ipv6 enable
 ipv6 address ck5082pd ::/65 eui64
 ipv6 dhcp client pd ck5082pd
!
13:22:57 >>> ipv6 address ck5082pd ::/96 eui64
13:22:59 >>> do show running-config interface vlan3995
!
interface vlan3995
 ipv6 enable
 ipv6 address ck5082pd ::/65 eui64
 ipv6 address ck5082pd ::/96 eui64
 ipv6 dhcp client pd ck5082pd
!
13:23:00 >>> ipv6 address ck5082pd ::/128 eui64
13:23:02 >>> do show running-config interface vlan3995
!
interface vlan3995
 ipv6 enable
 ipv6 address ck5082pd ::/65 eui64
 ipv6 address ck5082pd ::/96 eui64
 ipv6 address ck5082pd ::/128 eui64
 ipv6 dhcp client pd ck5082pd
!
13:23:03 >>> ipv6 address ck5082pd ::/64 eui64
13:23:05 >>> do show running-config interface vlan3995
!
interface vlan3995
 ipv6 enable
 ipv6 address ck5082pd ::/64 eui64
 ipv6 address ck5082pd ::/65 eui64
 ipv6 address ck5082pd ::/96 eui64
 ipv6 address ck5082pd ::/128 eui64
 ipv6 dhcp client pd ck5082pd
!
13:23:06 >>> end
13:23:07 >>> show ipv6 interface vlan3995
* = Autoconfigured Address
Interface     IPv6-Address                    State        Status      Protocol
vlan3995      fe80::200:cdff:fe37:d6f/64      tentative    admin up    down
13:23:08 >>> show ipv6 dhcp interface
vlan1 is in client mode
vlan3995 is in client (Prefix-Delegation) mode
 Prefix name ck5082pd
        prefix is not received
