13:30:34 >>> configure terminal
Enter configuration commands, one per line.  End with CNTL/Z.
13:30:35 >>> interface vlan10
13:30:36 >>> no ipv6 dhcp client pd
13:30:38 >>> no ipv6 enable
13:30:39 >>> exit
13:30:40 >>> interface vlan3995
13:30:41 >>> no ipv6 nd prefix all
13:30:42 >>> no ipv6 address ck5082pd ::/64 eui64
13:30:43 >>> no ipv6 address ck5082pd ::/65 eui64
13:30:45 >>> no ipv6 address ck5082pd ::/96 eui64
13:30:46 >>> no ipv6 address ck5082pd ::/128 eui64
13:30:47 >>> no ipv6 address 2001:db8:5084::/64 eui64
13:30:48 >>> ipv6 nd suppress-ra
13:30:49 >>> no ipv6 enable
13:30:51 >>> do show running-config interface vlan3995
13:30:52 >>> exit
13:30:53 >>> vlan database
13:30:54 >>> no vlan 3995
13:30:55 >>> end
13:30:57 >>> show running-config interface vlan10
!
interface vlan10
 ip address 10.10.10.1/27
!
13:30:58 >>> show vlan brief
VLAN ID  Name            Type    State   Member ports                   
                                         (u)-Untagged, (t)-Tagged
======= ================ ======= ======= ====================================
1       default          STATIC  ACTIVE  sa2(u) sa3(u) port1.0.1(u) 
                                         port1.0.2(u) port1.0.3(u) port1.0.4(u) 
                                         port1.0.5(u) port1.0.6(u) port1.0.7(u) 
                                         port1.0.8(u) port1.0.9(u) 
                                         port1.0.10(u) port1.0.11(u) 
                                         port1.0.12(u) port1.0.13(u) 
                                         port1.0.14(u) port1.0.15(u) 
                                         port1.0.16(u) port1.0.17(u) 
                                         port1.0.18(u) port1.0.19(u) 
                                         port1.0.20(u) port1.0.21(u) 
                                         port1.0.22(u) port1.0.23(u) 
                                         port1.0.24(u) port1.0.25(u) 
                                         port1.0.26(u) port2.0.1(u) 
                                         port2.0.2(u) port2.0.3(u) port2.0.4(u) 
                                         port2.0.5(u) port2.0.6(u) port2.0.7(u) 
                                         port2.0.8(u) port2.0.9(u) 
                                         port2.0.10(u) port2.0.11(u) 
                                         port2.0.12(u) port2.0.13(u) 
                                         port2.0.14(u) port2.0.15(u) 
                                         port2.0.16(u) port2.0.17(u) 
                                         port2.0.18(u) port2.0.19(u) 
                                         port2.0.20(u) port2.0.21(u) 
                                         port2.0.22(u) port2.0.23(u) 
                                         port2.0.24(u) port2.0.25(u) 
                                         port2.0.26(u) port2.0.27(u) 
                                         port2.0.28(u) port3.0.1(u) 
                                         port3.0.3(u) port3.0.4(u) port3.0.5(u) 
                                         port3.0.6(u) port3.0.7(u) port3.0.8(u) 
                                         port3.0.9(u) port3.0.10(u) 
                                         port3.0.11(u) port3.0.12(u) 
                                         port3.0.13(u) port3.0.14(u) 
                                         port3.0.15(u) port3.0.16(u) 
                                         port3.0.17(u) port3.0.18(u) 
                                         port3.0.19(u) port3.0.20(u) 
                                         port3.0.21(u) port3.0.22(u) 
                                         port3.0.23(u) port3.0.24(u) 
                                         port3.0.25(u) port3.0.26(u) 
                                         port4.0.1(u) port4.0.3(u) port4.0.4(u) 
                                         port4.0.5(u) port4.0.6(u) port4.0.7(u) 
                                         port4.0.8(u) port4.0.9(u) 
                                         port4.0.10(u) port4.0.11(u) 
                                         port4.0.12(u) port4.0.13(u) 
                                         port4.0.14(u) port4.0.15(u) 
                                         port4.0.16(u) port4.0.17(u) 
                                         port4.0.18(u) port4.0.19(u) 
                                         port4.0.20(u) port4.0.21(u) 
                                         port4.0.22(u) port4.0.23(u) 
                                         port4.0.24(u) port4.0.25(u) 
10      data             STATIC  ACTIVE  sa1(u) port3.0.2(u) port4.0.2(u) 
4000    sx-link          STATIC  ACTIVE  port4.0.26(u)
13:30:59 >>> show ipv6 interface brief
Interface             IP-Address         Status          Protocol
lo            unassigned                      N/A          admin up    running
vlan1         fe80::200:cdff:fe37:d6f/64      preferred    admin up    running
vlan10        unassigned                      N/A          admin up    running
vlan4000      unassigned                      N/A          admin up    running
