13:25:44 >>> configure terminal
Enter configuration commands, one per line.  End with CNTL/Z.
13:25:45 >>> interface vlan3995
13:25:47 >>> ipv6 address 2001:db8:5083::/65 eui64
% Prefix length must not be more than 64
13:25:48 >>> ipv6 address 2001:db8:5083::/128 eui64
% Bad mask /128 for address 2001:db8:5083::
13:25:49 >>> ipv6 address 2001:db8:5084::/64 eui64
13:25:50 >>> no ipv6 nd suppress-ra
13:25:52 >>> do show running-config interface vlan3995
!
interface vlan3995
 ipv6 address 2001:db8:5084::/64 eui64
 ipv6 enable
 no ipv6 nd suppress-ra
 ipv6 nd prefix 2001:db8:5082::/127 2592000 604800
 ipv6 nd prefix 2001:db8:5082::/128 2592000 604800
 ipv6 nd prefix 2001:db8:5082::/64 2592000 604800
 ipv6 nd prefix 2001:db8:5082::/65 2592000 604800
 ipv6 nd prefix 2001:db8:5082::/96 2592000 604800
 ipv6 address ck5082pd ::/64 eui64
 ipv6 address ck5082pd ::/65 eui64
 ipv6 address ck5082pd ::/96 eui64
 ipv6 address ck5082pd ::/128 eui64
 ipv6 nd prefix ck5082pd ::/128
 ipv6 dhcp client pd ck5082pd
!
13:25:53 >>> end
