13:28:14 >>> configure terminal
Enter configuration commands, one per line.  End with CNTL/Z.
13:28:16 >>> interface vlan3995
13:28:17 >>> no ipv6 dhcp client pd
13:28:18 >>> exit
13:28:19 >>> interface vlan10
13:28:20 >>> ipv6 enable
13:28:21 >>> ipv6 dhcp client pd ck5082pd
13:28:22 >>> end
13:28:24 >>> show running-config interface vlan10
!
interface vlan10
 ip address 10.10.10.1/27
 ipv6 enable
 ipv6 dhcp client pd ck5082pd
!
13:28:51 >>> show ipv6 dhcp interface
vlan1 is in client mode
vlan10 is in client (Prefix-Delegation) mode
 Prefix name ck5082pd
        prefix is not received
13:28:52 >>> show ipv6 interface vlan3995
* = Autoconfigured Address
Interface     IPv6-Address                    State        Status      Protocol
vlan3995      2001:db8:5084:0:200:cdff:fe37:d6f/64  tentative    admin up    down
13:28:53 >>> show ipv6 interface vlan10
* = Autoconfigured Address
Interface     IPv6-Address                    State        Status      Protocol
vlan10        fe80::200:cdff:fe37:d6f/64      preferred    admin up    running
13:28:54 >>> show running-config interface vlan3995
!
interface vlan3995
 ipv6 address 2001:db8:5084::/64 eui64
 ipv6 enable
 no ipv6 nd suppress-ra
 ipv6 nd prefix 2001:db8:5082::/127 2592000 604800
 ipv6 nd prefix 2001:db8:5082::/128 2592000 604800
 ipv6 nd prefix 2001:db8:5082::/64 2592000 604800
 ipv6 nd prefix 2001:db8:5082::/65 2592000 604800
 ipv6 nd prefix 2001:db8:5082::/96 2592000 604800
 ipv6 address ck5082pd ::/64 eui64
 ipv6 address ck5082pd ::/65 eui64
 ipv6 address ck5082pd ::/96 eui64
 ipv6 address ck5082pd ::/128 eui64
 ipv6 nd prefix ck5082pd ::/128
!
