13:26:58 >>> show ipv6 interface vlan3995
* = Autoconfigured Address
Interface     IPv6-Address                    State        Status      Protocol
vlan3995      2001:db8:5082:0:200:cdff:fe37:d6f/64  preferred *  admin up    running
              2001:db8:5084:0:200:cdff:fe37:d6f/64  preferred 
              fe80::200:cdff:fe37:d6f/64      preferred
13:26:59 >>> show ipv6 interface brief
Interface             IP-Address         Status          Protocol
lo            unassigned                      N/A          admin up    running
vlan1         fe80::200:cdff:fe37:d6f/64      preferred    admin up    running
vlan10        unassigned                      N/A          admin up    running
vlan3995      2001:db8:5082:0:200:cdff:fe37:d6f/64  preferred *  admin up    running
              2001:db8:5084:0:200:cdff:fe37:d6f/64  preferred 
              fe80::200:cdff:fe37:d6f/64      preferred 
vlan4000      unassigned                      N/A          admin up    running
13:27:00 >>> configure terminal
Enter configuration commands, one per line.  End with CNTL/Z.
13:27:01 >>> interface port3.0.13
13:27:02 >>> no switchport access vlan
13:27:04 >>> end
13:27:05 >>> show running-config interface port3.0.13
!
interface port3.0.13
 switchport
 switchport mode access
!
13:27:06 >>> show interface port3.0.13 status
Port        Name               Status      Vlan      Duplex Speed   Type        
--------------------------------------------------------------------------------
port3.0.13  -                  connected           1 a-full a-1000  10GBASE-TM
