13:23:31 >>> configure terminal
Enter configuration commands, one per line.  End with CNTL/Z.
13:23:32 >>> interface vlan3995
13:23:33 >>> ipv6 nd prefix 2001:db8:5082::/65
13:23:34 >>> do show running-config interface vlan3995
!
interface vlan3995
 ipv6 enable
 ipv6 nd prefix 2001:db8:5082::/65 2592000 604800
 ipv6 address ck5082pd ::/64 eui64
 ipv6 address ck5082pd ::/65 eui64
 ipv6 address ck5082pd ::/96 eui64
 ipv6 address ck5082pd ::/128 eui64
 ipv6 dhcp client pd ck5082pd
!
13:23:36 >>> ipv6 nd prefix 2001:db8:5082::/96
13:23:37 >>> do show running-config interface vlan3995
!
interface vlan3995
 ipv6 enable
 ipv6 nd prefix 2001:db8:5082::/65 2592000 604800
 ipv6 nd prefix 2001:db8:5082::/96 2592000 604800
 ipv6 address ck5082pd ::/64 eui64
 ipv6 address ck5082pd ::/65 eui64
 ipv6 address ck5082pd ::/96 eui64
 ipv6 address ck5082pd ::/128 eui64
 ipv6 dhcp client pd ck5082pd
!
13:23:38 >>> ipv6 nd prefix 2001:db8:5082::/127
13:23:40 >>> do show running-config interface vlan3995
!
interface vlan3995
 ipv6 enable
 ipv6 nd prefix 2001:db8:5082::/127 2592000 604800
 ipv6 nd prefix 2001:db8:5082::/65 2592000 604800
 ipv6 nd prefix 2001:db8:5082::/96 2592000 604800
 ipv6 address ck5082pd ::/64 eui64
 ipv6 address ck5082pd ::/65 eui64
 ipv6 address ck5082pd ::/96 eui64
 ipv6 address ck5082pd ::/128 eui64
 ipv6 dhcp client pd ck5082pd
!
13:23:41 >>> ipv6 nd prefix 2001:db8:5082::/128
13:23:43 >>> do show running-config interface vlan3995
!
interface vlan3995
 ipv6 enable
 ipv6 nd prefix 2001:db8:5082::/127 2592000 604800
 ipv6 nd prefix 2001:db8:5082::/128 2592000 604800
 ipv6 nd prefix 2001:db8:5082::/65 2592000 604800
 ipv6 nd prefix 2001:db8:5082::/96 2592000 604800
 ipv6 address ck5082pd ::/64 eui64
 ipv6 address ck5082pd ::/65 eui64
 ipv6 address ck5082pd ::/96 eui64
 ipv6 address ck5082pd ::/128 eui64
 ipv6 dhcp client pd ck5082pd
!
13:23:44 >>> ipv6 nd prefix ck5082pd ::/65
13:23:45 >>> do show running-config interface vlan3995
!
interface vlan3995
 ipv6 enable
 ipv6 nd prefix 2001:db8:5082::/127 2592000 604800
 ipv6 nd prefix 2001:db8:5082::/128 2592000 604800
 ipv6 nd prefix 2001:db8:5082::/65 2592000 604800
 ipv6 nd prefix 2001:db8:5082::/96 2592000 604800
 ipv6 address ck5082pd ::/64 eui64
 ipv6 address ck5082pd ::/65 eui64
 ipv6 address ck5082pd ::/96 eui64
 ipv6 address ck5082pd ::/128 eui64
 ipv6 nd prefix ck5082pd ::/65
 ipv6 dhcp client pd ck5082pd
!
13:23:46 >>> ipv6 nd prefix ck5082pd ::/128
13:23:48 >>> do show running-config interface vlan3995
!
interface vlan3995
 ipv6 enable
 ipv6 nd prefix 2001:db8:5082::/127 2592000 604800
 ipv6 nd prefix 2001:db8:5082::/128 2592000 604800
 ipv6 nd prefix 2001:db8:5082::/65 2592000 604800
 ipv6 nd prefix 2001:db8:5082::/96 2592000 604800
 ipv6 address ck5082pd ::/64 eui64
 ipv6 address ck5082pd ::/65 eui64
 ipv6 address ck5082pd ::/96 eui64
 ipv6 address ck5082pd ::/128 eui64
 ipv6 nd prefix ck5082pd ::/128
 ipv6 dhcp client pd ck5082pd
!
13:23:49 >>> ipv6 nd prefix 2001:db8:5082::/64
13:23:51 >>> do show running-config interface vlan3995
!
interface vlan3995
 ipv6 enable
 ipv6 nd prefix 2001:db8:5082::/127 2592000 604800
 ipv6 nd prefix 2001:db8:5082::/128 2592000 604800
 ipv6 nd prefix 2001:db8:5082::/64 2592000 604800
 ipv6 nd prefix 2001:db8:5082::/65 2592000 604800
 ipv6 nd prefix 2001:db8:5082::/96 2592000 604800
 ipv6 address ck5082pd ::/64 eui64
 ipv6 address ck5082pd ::/65 eui64
 ipv6 address ck5082pd ::/96 eui64
 ipv6 address ck5082pd ::/128 eui64
 ipv6 nd prefix ck5082pd ::/128
 ipv6 dhcp client pd ck5082pd
!
13:23:52 >>> end
