### 16:50:11 18303 c.u112to113 counters before
16:50:15 >>> show interface port3.0.13,port1.0.2,port1.0.9,port1.0.13,port4.0.9 | include Interface|input packets|output packets
show interface port3.0.13,port1.0.2,port1.0.9,port1.0.13,port4.0.9 | i

nclude Interface|input packets|output packets

Interface port3.0.13
    input packets 1806, bytes 154384, dropped 0, multicast packets 300
    output packets 397544, bytes 25711042, multicast packets 1408, broadcast packets 389064
Interface port1.0.2
    input packets 186195, bytes 11929040, dropped 0, multicast packets 220
    output packets 215929, bytes 14007806, multicast packets 1350, broadcast packets 209542
Interface port1.0.9
    input packets 185916, bytes 11898984, dropped 0, multicast packets 120
    output packets 203186, bytes 13189883, multicast packets 133, broadcast packets 12417
Interface port1.0.13
    input packets 46126, bytes 3185110, dropped 0, multicast packets 22264
    output packets 403884, bytes 26078834, multicast packets 21293, broadcast packets 378353
Interface port4.0.9
    input packets 1843, bytes 181201, dropped 0, multicast packets 104
    output packets 3854, bytes 374631, multicast packets 205, broadcast packets 212
16:50:19 sent 100 x ip10 src=00:00:00:00:01:20 dst=00:00:00:00:01:30 vlan=3991 outer=None on eth3 in 0.52s
### 16:50:22 18303 c.u112to113 counters after
16:50:26 >>> show interface port3.0.13,port1.0.2,port1.0.9,port1.0.13,port4.0.9 | include Interface|input packets|output packets
show interface port3.0.13,port1.0.2,port1.0.9,port1.0.13,port4.0.9 | i

nclude Interface|input packets|output packets

Interface port3.0.13
    input packets 1806, bytes 154384, dropped 0, multicast packets 300
    output packets 397677, bytes 25722942, multicast packets 1408, broadcast packets 389064
Interface port1.0.2
    input packets 186295, bytes 11937640, dropped 0, multicast packets 220
    output packets 215963, bytes 14011173, multicast packets 1351, broadcast packets 209542
Interface port1.0.9
    input packets 185916, bytes 11898984, dropped 0, multicast packets 120
    output packets 203198, bytes 13191050, multicast packets 134, broadcast packets 12417
Interface port1.0.13
    input packets 46138, bytes 3186278, dropped 0, multicast packets 22265
    output packets 403907, bytes 26081102, multicast packets 21294, broadcast packets 378353
Interface port4.0.9
    input packets 1854, bytes 182301, dropped 0, multicast packets 104
    output packets 3876, bytes 376831, multicast packets 205, broadcast packets 212
### tcpdump logs
tcpdump: listening on eth1, link-type EN10MB (Ethernet), snapshot length 262144 bytes
100 packets captured
100 packets received by filter
0 packets dropped by kernel
tcpdump: listening on eth2, link-type EN10MB (Ethernet), snapshot length 262144 bytes
0 packets captured
0 packets received by filter
0 packets dropped by kernel
tcpdump: listening on eth3, link-type EN10MB (Ethernet), snapshot length 262144 bytes
0 packets captured
100 packets received by filter
0 packets dropped by kernel
### captures
### /tmp/ckvlan3/18303/18303-c.u112to113-eth1.pcap: 100 frames
    100  marker=c.u112to113 tags=none        type=0x0800 dst=00:00:00:00:01:30 src=00:00:00:00:01:20
### /tmp/ckvlan3/18303/18303-c.u112to113-eth2.pcap: 0 frames
### /tmp/ckvlan3/18303/18303-c.u112to113-eth3.pcap: 0 frames
