### 16:50:58 18303 e.bc114 counters before
16:51:03 >>> show interface port3.0.13,port1.0.2,port1.0.9,port1.0.13,port4.0.9 | include Interface|input packets|output packets
show interface port3.0.13,port1.0.2,port1.0.9,port1.0.13,port4.0.9 | i

nclude Interface|input packets|output packets

Interface port3.0.13
    input packets 1806, bytes 154384, dropped 0, multicast packets 300
    output packets 397886, bytes 25742410, multicast packets 1409, broadcast packets 389064
Interface port1.0.2
    input packets 186296, bytes 11937707, dropped 0, multicast packets 221
    output packets 216072, bytes 14022040, multicast packets 1352, broadcast packets 209542
Interface port1.0.9
    input packets 185917, bytes 11899051, dropped 0, multicast packets 121
    output packets 203235, bytes 13194717, multicast packets 135, broadcast packets 12417
Interface port1.0.13
    input packets 46276, bytes 3198646, dropped 0, multicast packets 22266
    output packets 403981, bytes 26088470, multicast packets 21295, broadcast packets 378353
Interface port4.0.9
    input packets 1893, bytes 186135, dropped 0, multicast packets 106
    output packets 3951, bytes 384265, multicast packets 207, broadcast packets 212
16:51:06 sent 100 x ip10 src=00:00:00:00:01:40 dst=ff:ff:ff:ff:ff:ff vlan=3994 outer=None on eth2 in 0.51s
### 16:51:09 18303 e.bc114 counters after
16:51:14 >>> show interface port3.0.13,port1.0.2,port1.0.9,port1.0.13,port4.0.9 | include Interface|input packets|output packets
show interface port3.0.13,port1.0.2,port1.0.9,port1.0.13,port4.0.9 | i

nclude Interface|input packets|output packets

Interface port3.0.13
    input packets 1806, bytes 154384, dropped 0, multicast packets 300
    output packets 398022, bytes 25754578, multicast packets 1410, broadcast packets 389164
Interface port1.0.2
    input packets 186297, bytes 11937774, dropped 0, multicast packets 222
    output packets 216107, bytes 14025540, multicast packets 1352, broadcast packets 209542
Interface port1.0.9
    input packets 185918, bytes 11899118, dropped 0, multicast packets 122
    output packets 203246, bytes 13195817, multicast packets 135, broadcast packets 12417
Interface port1.0.13
    input packets 46287, bytes 3199746, dropped 0, multicast packets 22266
    output packets 404003, bytes 26090670, multicast packets 21295, broadcast packets 378353
Interface port4.0.9
    input packets 2004, bytes 195835, dropped 0, multicast packets 106
    output packets 3973, bytes 386465, multicast packets 207, broadcast packets 212
### tcpdump logs
tcpdump: listening on eth1, link-type EN10MB (Ethernet), snapshot length 262144 bytes
100 packets captured
100 packets received by filter
0 packets dropped by kernel
tcpdump: listening on eth2, link-type EN10MB (Ethernet), snapshot length 262144 bytes
0 packets captured
100 packets received by filter
0 packets dropped by kernel
tcpdump: listening on eth3, link-type EN10MB (Ethernet), snapshot length 262144 bytes
0 packets captured
0 packets received by filter
0 packets dropped by kernel
### captures
### /tmp/ckvlan3/18303/18303-e.bc114-eth1.pcap: 100 frames
    100  marker=e.bc114    tags=none        type=0x0800 dst=ff:ff:ff:ff:ff:ff src=00:00:00:00:01:40
### /tmp/ckvlan3/18303/18303-e.bc114-eth2.pcap: 0 frames
### /tmp/ckvlan3/18303/18303-e.bc114-eth3.pcap: 0 frames
