### 16:49:47 18303 b.mc112 counters before
16:49:51 >>> show interface port3.0.13,port1.0.2,port1.0.9,port1.0.13,port4.0.9 | include Interface|input packets|output packets
show interface port3.0.13,port1.0.2,port1.0.9,port1.0.13,port4.0.9 | i

nclude Interface|input packets|output packets

Interface port3.0.13
    input packets 1806, bytes 154384, dropped 0, multicast packets 300
    output packets 397374, bytes 25695474, multicast packets 1307, broadcast packets 389064
Interface port1.0.2
    input packets 186094, bytes 11920373, dropped 0, multicast packets 119
    output packets 215860, bytes 14000906, multicast packets 1350, broadcast packets 209542
Interface port1.0.9
    input packets 185915, bytes 11898917, dropped 0, multicast packets 119
    output packets 203163, bytes 13187583, multicast packets 133, broadcast packets 12417
Interface port1.0.13
    input packets 46102, bytes 3182742, dropped 0, multicast packets 22263
    output packets 403837, bytes 26074166, multicast packets 21292, broadcast packets 378353
Interface port4.0.9
    input packets 1819, bytes 178834, dropped 0, multicast packets 103
    output packets 3807, bytes 369964, multicast packets 204, broadcast packets 212
16:49:55 sent 100 x ip10 src=00:00:00:00:01:20 dst=01:80:c2:01:01:01 vlan=3991 outer=None on eth3 in 0.52s
### 16:49:58 18303 b.mc112 counters after
16:50:03 >>> show interface port3.0.13,port1.0.2,port1.0.9,port1.0.13,port4.0.9 | include Interface|input packets|output packets
show interface port3.0.13,port1.0.2,port1.0.9,port1.0.13,port4.0.9 | i

nclude Interface|input packets|output packets

Interface port3.0.13
    input packets 1806, bytes 154384, dropped 0, multicast packets 300
    output packets 397507, bytes 25707374, multicast packets 1407, broadcast packets 389064
Interface port1.0.2
    input packets 186194, bytes 11928973, dropped 0, multicast packets 219
    output packets 215893, bytes 14004206, multicast packets 1350, broadcast packets 209542
Interface port1.0.9
    input packets 185915, bytes 11898917, dropped 0, multicast packets 119
    output packets 203174, bytes 13188683, multicast packets 133, broadcast packets 12417
Interface port1.0.13
    input packets 46114, bytes 3183910, dropped 0, multicast packets 22264
    output packets 403860, bytes 26076434, multicast packets 21293, broadcast packets 378353
Interface port4.0.9
    input packets 1831, bytes 180001, dropped 0, multicast packets 104
    output packets 3830, bytes 372231, multicast packets 205, broadcast packets 212
### tcpdump logs
tcpdump: listening on eth1, link-type EN10MB (Ethernet), snapshot length 262144 bytes
100 packets captured
100 packets received by filter
0 packets dropped by kernel
tcpdump: listening on eth2, link-type EN10MB (Ethernet), snapshot length 262144 bytes
0 packets captured
0 packets received by filter
0 packets dropped by kernel
tcpdump: listening on eth3, link-type EN10MB (Ethernet), snapshot length 262144 bytes
0 packets captured
100 packets received by filter
0 packets dropped by kernel
### captures
### /tmp/ckvlan3/18303/18303-b.mc112-eth1.pcap: 100 frames
    100  marker=b.mc112    tags=none        type=0x0800 dst=01:80:c2:01:01:01 src=00:00:00:00:01:20
### /tmp/ckvlan3/18303/18303-b.mc112-eth2.pcap: 0 frames
### /tmp/ckvlan3/18303/18303-b.mc112-eth3.pcap: 0 frames
