### 16:49:23 18303 a.bc112 counters before
16:49:28 >>> show interface port3.0.13,port1.0.2,port1.0.9,port1.0.13,port4.0.9 | include Interface|input packets|output packets
show interface port3.0.13,port1.0.2,port1.0.9,port1.0.13,port4.0.9 | i

nclude Interface|input packets|output packets

Interface port3.0.13
    input packets 1806, bytes 154384, dropped 0, multicast packets 300
    output packets 397201, bytes 25679606, multicast packets 1306, broadcast packets 388964
Interface port1.0.2
    input packets 185993, bytes 11911706, dropped 0, multicast packets 118
    output packets 215787, bytes 13993639, multicast packets 1349, broadcast packets 209542
Interface port1.0.9
    input packets 185914, bytes 11898850, dropped 0, multicast packets 118
    output packets 203138, bytes 13185116, multicast packets 132, broadcast packets 12417
Interface port1.0.13
    input packets 46078, bytes 3180342, dropped 0, multicast packets 22263
    output packets 403789, bytes 26069366, multicast packets 21292, broadcast packets 378353
Interface port4.0.9
    input packets 1795, bytes 176434, dropped 0, multicast packets 103
    output packets 3759, bytes 365164, multicast packets 204, broadcast packets 212
16:49:31 sent 100 x ip10 src=00:00:00:00:01:20 dst=ff:ff:ff:ff:ff:ff vlan=3991 outer=None on eth3 in 0.51s
### 16:49:34 18303 a.bc112 counters after
16:49:39 >>> show interface port3.0.13,port1.0.2,port1.0.9,port1.0.13,port4.0.9 | include Interface|input packets|output packets
show interface port3.0.13,port1.0.2,port1.0.9,port1.0.13,port4.0.9 | i

nclude Interface|input packets|output packets

Interface port3.0.13
    input packets 1806, bytes 154384, dropped 0, multicast packets 300
    output packets 397335, bytes 25691574, multicast packets 1307, broadcast packets 389064
Interface port1.0.2
    input packets 186094, bytes 11920373, dropped 0, multicast packets 119
    output packets 215820, bytes 13996939, multicast packets 1349, broadcast packets 209542
Interface port1.0.9
    input packets 185915, bytes 11898917, dropped 0, multicast packets 119
    output packets 203149, bytes 13186216, multicast packets 132, broadcast packets 12417
Interface port1.0.13
    input packets 46089, bytes 3181442, dropped 0, multicast packets 22263
    output packets 403811, bytes 26071566, multicast packets 21292, broadcast packets 378353
Interface port4.0.9
    input packets 1806, bytes 177534, dropped 0, multicast packets 103
    output packets 3781, bytes 367364, multicast packets 204, broadcast packets 212
### tcpdump logs
tcpdump: listening on eth1, link-type EN10MB (Ethernet), snapshot length 262144 bytes
100 packets captured
100 packets received by filter
0 packets dropped by kernel
tcpdump: listening on eth2, link-type EN10MB (Ethernet), snapshot length 262144 bytes
0 packets captured
0 packets received by filter
0 packets dropped by kernel
tcpdump: listening on eth3, link-type EN10MB (Ethernet), snapshot length 262144 bytes
0 packets captured
100 packets received by filter
0 packets dropped by kernel
### captures
### /tmp/ckvlan3/18303/18303-a.bc112-eth1.pcap: 100 frames
    100  marker=a.bc112    tags=none        type=0x0800 dst=ff:ff:ff:ff:ff:ff src=00:00:00:00:01:20
### /tmp/ckvlan3/18303/18303-a.bc112-eth2.pcap: 0 frames
### /tmp/ckvlan3/18303/18303-a.bc112-eth3.pcap: 0 frames
