### 16:51:22 18303 f.u112to111 counters before
16:51:27 >>> show interface port3.0.13,port1.0.2,port1.0.9,port1.0.13,port4.0.9 | include Interface|input packets|output packets
show interface port3.0.13,port1.0.2,port1.0.9,port1.0.13,port4.0.9 | i

nclude Interface|input packets|output packets

Interface port3.0.13
    input packets 1806, bytes 154384, dropped 0, multicast packets 300
    output packets 398059, bytes 25758278, multicast packets 1410, broadcast packets 389164
Interface port1.0.2
    input packets 186297, bytes 11937774, dropped 0, multicast packets 222
    output packets 216145, bytes 14029307, multicast packets 1353, broadcast packets 209542
Interface port1.0.9
    input packets 185918, bytes 11899118, dropped 0, multicast packets 122
    output packets 203260, bytes 13197184, multicast packets 136, broadcast packets 12417
Interface port1.0.13
    input packets 46300, bytes 3201014, dropped 0, multicast packets 22267
    output packets 404029, bytes 26093238, multicast packets 21296, broadcast packets 378353
Interface port4.0.9
    input packets 2016, bytes 197035, dropped 0, multicast packets 106
    output packets 3998, bytes 388965, multicast packets 207, broadcast packets 212
16:51:30 sent 100 x ip10 src=00:00:00:00:01:20 dst=00:00:00:00:01:10 vlan=3991 outer=None on eth3 in 0.52s
### 16:51:33 18303 f.u112to111 counters after
16:51:38 >>> show interface port3.0.13,port1.0.2,port1.0.9,port1.0.13,port4.0.9 | include Interface|input packets|output packets
show interface port3.0.13,port1.0.2,port1.0.9,port1.0.13,port4.0.9 | i

nclude Interface|input packets|output packets

Interface port3.0.13
    input packets 1806, bytes 154384, dropped 0, multicast packets 300
    output packets 398193, bytes 25770246, multicast packets 1411, broadcast packets 389164
Interface port1.0.2
    input packets 186398, bytes 11946441, dropped 0, multicast packets 223
    output packets 216178, bytes 14032607, multicast packets 1353, broadcast packets 209542
Interface port1.0.9
    input packets 185919, bytes 11899185, dropped 0, multicast packets 123
    output packets 203271, bytes 13198284, multicast packets 136, broadcast packets 12417
Interface port1.0.13
    input packets 46311, bytes 3202114, dropped 0, multicast packets 22267
    output packets 404051, bytes 26095438, multicast packets 21296, broadcast packets 378353
Interface port4.0.9
    input packets 2028, bytes 198202, dropped 0, multicast packets 107
    output packets 4021, bytes 391232, multicast packets 208, broadcast packets 212
### tcpdump logs
tcpdump: listening on eth1, link-type EN10MB (Ethernet), snapshot length 262144 bytes
100 packets captured
100 packets received by filter
0 packets dropped by kernel
tcpdump: listening on eth2, link-type EN10MB (Ethernet), snapshot length 262144 bytes
0 packets captured
0 packets received by filter
0 packets dropped by kernel
tcpdump: listening on eth3, link-type EN10MB (Ethernet), snapshot length 262144 bytes
0 packets captured
100 packets received by filter
0 packets dropped by kernel
### captures
### /tmp/ckvlan3/18303/18303-f.u112to111-eth1.pcap: 100 frames
    100  marker=f.u112to111 tags=none        type=0x0800 dst=00:00:00:00:01:10 src=00:00:00:00:01:20
### /tmp/ckvlan3/18303/18303-f.u112to111-eth2.pcap: 0 frames
### /tmp/ckvlan3/18303/18303-f.u112to111-eth3.pcap: 0 frames
