TEST 24032 -- 5706 L2 platform test
===========================================================================
Run: 2026-09-22, tb470

VERDICT: SKIPPED -- Terrence's ruling, 2026-09-23 ("skip 38148, 24032, 3116, 12067 and
         8770", SESSION-HANDOVER-2026-09-23.md); applied to this log 2026-09-28.
         Originally recorded UNMEASURED, as below.
ORIGINAL VERDICT (2026-09-22): UNMEASURED -- CASE-SCOPE MISMATCH, not a bench limit.

The case's entire procedure is: "Run the 5706 automated test / All tests pass."

That names an automated suite for the **5706** platform. The DUT here is an
IE520-28GSX VCStack. Two distinct problems, and the first is the important one:

1. **SCOPE (for Terrence):** this is a platform test for a different product.
   Running a 5706 L2 platform suite against an IE520 would not produce a
   meaningful IE520 result even if the suite executed. The question is whether
   this case belongs in an IE520 campaign at all -- it is not something more
   hardware would fix.

2. **AVAILABILITY:** no 5706 suite was located under /home/st-art. The
   framework's suite directories were listed and none matches.

Recorded as a scope question rather than a bench gap, because the two need
different answers: more cabling or transceivers will never make this runnable,
whereas removing it from the IE520 set (or pointing it at the right DUT) would.
