TEST 38417 -- IGMP Snooping disabled - multicast packets
===========================================================================
Run: 2026-09-22 12:51:50  tb470
Ingress port2.0.2 (tb470 eth2); observed on tb470 eth1 via DUT port1.0.2 -> x230.
**The x230's OWN IGMP/MLD snooping is disabled for these four cases** --
it sits in the observation path and was pruning the DUT's flood downstream,
which made a snooping-disabled run look like 1/10 instead of 10/10.

configure terminal
Enter configuration commands, one per line.  End with CNTL/Z.
IE520-stk(config)#no ip igmp snooping
IE520-stk(config)#end
IE520-stk#--- DUT config: ok ---
    UDP multicast, no receiver joined -> seen on eth1: 10/10   expect FLOOD   PASS

VERDICT: PASS

SCOPE: the case asks for Ixia ports and 'all ports in the VLAN'. This bench
has two cabled ports in the VLAN, so 'floods to all ports' is exercised as
'reaches the other port'. Snooping-off vs snooping-on are opposite outcomes
on the same path measured back to back, which is the discriminating test.

===========================================================================
VERDICT: PASS -- 10/10 flooded with IGMP snooping disabled.
===========================================================================
Paired with 8633 (snooping enabled) on the identical path, back to back:
    snooping DISABLED -> 10/10   snooping ENABLED -> 1/10 then 0/10
