TEST 45789 -- 5005 EPSR performance test on SFP+ port
===========================================================================
Run: 2026-09-22, tb470

VERDICT: UNMEASURED -- BENCH LIMIT (no SFP transceivers), compounded by a
         CASE-SCOPE question.

BENCH LIMIT -- there is no populated SFP port to test on.
  Every non-stackport SFP cage on this stack reads "not present":
      port1.0.1 / port1.0.3 / port1.0.4 ... notconnect ... not present
  Each IE520-28GSX member has exactly ONE usable copper port (portN.0.2); the
  rest are empty SFP cages. The only populated SFP-type ports are the
  STACKPORTS (port N.0.27/28, 10GBASE-SR), which carry the VCStack itself and
  cannot be repurposed without breaking the stack.
  => No SFP port exists to run an EPSR performance test on.

CASE-SCOPE QUESTION -- "5005" names a test suite/product, not this DUT.
  The title reads as a 5005-series performance test. Whether it is in scope for
  an IE520 at all is a question for Terrence; if it is, it still needs SFP
  transceivers fitted.

ALSO REQUIRED AND ABSENT: EPSR needs a ring with participating peers. EPSR was
explicitly DECONFIGURED on this bench on 2026-09-18 (`no service epsr`), and
neither ring partner is a suitable EPSR node -- the same partner problem that
blocks the whole MRP group.

TO UNBLOCK: SFP transceivers in at least two cages, EPSR-capable ring partners,
and confirmation that the case applies to the IE520.

SFP+ SPECIFIC: the only 10G-capable ports on this stack are the stackports
(10GBASE-SR, in use by the VCStack). There is no free SFP+ cage at all.
