
===== opened /dev/u5 at 2026-09-22 13:11:23 =====

IE520-stk#
>>> terminal length 0
terminal length 0
IE520-stk#
>>> terminal no monitor
terminal no monitor
IE520-stk#
>>> terminal length 0
terminal length 0
IE520-stk#
>>> show arp
show arp
IP Address      LL Address       Interface            Port        Type
IE520-stk#show arp ?
  global    Global Routing/Forwarding table
  security  arp security feature 
  vrf       VRF instance
  |         Output modifiers
  >         Output redirection
  >>        Output redirection (append)
  <cr>

[K[19CIE520-stk#show arp 

IE520-stk#