
===== opened /dev/u5 at 2026-09-22 13:07:27 =====

IE520-stk#
>>> terminal length 0
terminal length 0
IE520-stk#
>>> terminal no monitor
terminal no monitor
IE520-stk#
>>> terminal length 0
terminal length 0
IE520-stk#
>>> configure terminal
configure terminal
Enter configuration commands, one per line.  End with CNTL/Z.
IE520-stk(config)#
>>> ip forward-protocol udp 5100
ip forward-protocol udp 5100
IE520-stk(config)#
>>> interface vlan1
interface vlan1
IE520-stk(config-if)#
>>> ip helper-address 10.38.215.65
ip helper-address 10.38.215.65
IE520-stk(config-if)#
>>> exit
exit
IE520-stk(config)#
>>> end
end
IE520-stk#
>>> configure terminal
configure terminal
Enter configuration commands, one per line.  End with CNTL/Z.
IE520-stk(config)#
>>> interface vlan1
interface vlan1
IE520-stk(config-if)#
>>> no ip helper-address 10.38.215.65
no ip helper-address 10.38.215.65
IE520-stk(config-if)#
>>> exit
exit
IE520-stk(config)#
>>> no ip forward-protocol udp 5100
no ip forward-protocol udp 5100
IE520-stk(config)#
>>> end
end
IE520-stk#