
===== opened /dev/u5 at 2026-09-22 13:10:08 =====

IE520-stk#
>>> terminal length 0
terminal length 0
IE520-stk#
>>> terminal no monitor
terminal no monitor
IE520-stk#
>>> terminal length 0
terminal length 0
IE520-stk#
>>> configure terminal
configure terminal
Enter configuration commands, one per line.  End with CNTL/Z.
IE520-stk(config)#
>>> interface vlan1
interface vlan1
IE520-stk(config-if)#
>>> ip address 10.90.0.1/16 secondary
ip address 10.90.0.1/16 secondary
IE520-stk(config-if)#
>>> exit
exit
IE520-stk(config)#
>>> end
end
IE520-stk#
>>> show arp
show arp
IP Address      LL Address       Interface            Port        Type
IE520-stk#
>>> show arp
show arp
IP Address      LL Address       Interface            Port        Type
IE520-stk#
>>> show arp
show arp
IP Address      LL Address       Interface            Port        Type
IE520-stk#
>>> ping 10.38.215.33 repeat 3
ping 10.38.215.33 repeat 3
PING 10.38.215.33 (10.38.215.33) 56(84) bytes of data.
64 bytes from 10.38.215.33: icmp_seq=1 ttl=64 time=1.74 ms
64 bytes from 10.38.215.33: icmp_seq=2 ttl=64 time=0.704 ms
64 bytes from 10.38.215.33: icmp_seq=3 ttl=64 time=1.22 ms

--- 10.38.215.33 ping statistics ---
3 packets transmitted, 3 received, 0% packet loss, time 2016ms
rtt min/avg/max/mdev = 0.704/1.221/1.742/0.423 ms
IE520-stk#
>>> show stack
show stack
Virtual Chassis Stacking summary information

ID   Pending ID  MAC address        Priority  Status  Role
1    -           84e3.2787.0ac0     128       Ready   Backup Member
2    -           84e3.2787.0780     2         Ready   Backup Member
3    -           84e3.2787.0740     128       Ready   Active Master
4    -           84e3.2787.09c0     128       Ready   Backup Member

Operational Status                 Normal operation
Stack MAC address                  0000.cd37.0d6f (Virtual MAC)
IE520-stk#
>>> configure terminal
configure terminal
Enter configuration commands, one per line.  End with CNTL/Z.
IE520-stk(config)#
>>> interface vlan1
interface vlan1
IE520-stk(config-if)#
>>> no ip address 10.90.0.1/16 secondary
no ip address 10.90.0.1/16 secondary
IE520-stk(config-if)#
>>> exit
exit
IE520-stk(config)#
>>> end
end
IE520-stk#
>>> clear arp-cache
clear arp-cache
IE520-stk#