
===== opened /dev/u5 at 2026-09-22 12:47:41 =====

IE520-stk#
>>> terminal length 0
terminal length 0
IE520-stk#
>>> terminal no monitor
terminal no monitor
IE520-stk#
>>> terminal length 0
terminal length 0
IE520-stk#
>>> configure terminal
configure terminal
Enter configuration commands, one per line.  End with CNTL/Z.
IE520-stk(config)#
>>> no ipv6 mld snooping
no ipv6 mld snooping
IE520-stk(config)#
>>> end
end
IE520-stk#
>>> configure terminal
configure terminal
Enter configuration commands, one per line.  End with CNTL/Z.
IE520-stk(config)#
>>> ipv6 mld snooping
ipv6 mld snooping
IE520-stk(config)#
>>> end
end
IE520-stk#
>>> configure terminal
configure terminal
Enter configuration commands, one per line.  End with CNTL/Z.
IE520-stk(config)#
>>> no ip igmp snooping
no ip igmp snooping
IE520-stk(config)#
>>> end
end
IE520-stk#
>>> configure terminal
configure terminal
Enter configuration commands, one per line.  End with CNTL/Z.
IE520-stk(config)#
>>> ip igmp snooping
ip igmp snooping
IE520-stk(config)#
>>> end
end
IE520-stk#
>>> configure terminal
configure terminal
Enter configuration commands, one per line.  End with CNTL/Z.
IE520-stk(config)#
>>> ip igmp snooping
ip igmp snooping
IE520-stk(config)#
>>> ipv6 mld snooping
ipv6 mld snooping
IE520-stk(config)#
>>> end
end
IE520-stk#