
===== opened /dev/u5 at 2026-09-22 12:54:50 =====

IE520-stk#
>>> terminal length 0
terminal length 0
IE520-stk#
>>> terminal no monitor
terminal no monitor
IE520-stk#
>>> terminal length 0
terminal length 0
IE520-stk#
>>> configure terminal
configure terminal
Enter configuration commands, one per line.  End with CNTL/Z.
IE520-stk(config)#
>>> ip igmp snooping
ip igmp snooping
IE520-stk(config)#
>>> end
end
IE520-stk#
>>> show ip igmp snooping groups
show ip igmp snooping groups
                                ^
% Invalid input detected at '^' marker.

IE520-stk#
>>> show ip igmp snooping statistics interface port2.0.2
show ip igmp snooping statistics interface port2.0.2
IGMP Snooping statistics for port2.0.2
IE520-stk#