## 21:00:36 post-run: login (handle the forced password dialog if factory defaults)
=== FIRST PROMPT ===

awplus#
=== END ===
=== terminal length 0 ===
terminal length 0
awplus#
=== END ===
=== show system ===
show system
System Status                                           Thu Nov 05 02:06:37 2026

Board      ID   Bay     Board Name                        Rev   Serial number
--------------------------------------------------------------------------------
Base       706  Base    AT-x230-28GS V2                   A-0   A10783G262900002
--------------------------------------------------------------------------------
RAM: Total: 506920 kB Free: 313692 kB
Flash: 95.6MB Used: 34.6MB Available: 61.0MB
--------------------------------------------------------------------------------
Environment Status : Normal
Uptime             : 0 days 00:06:34
Bootloader version : 6.2.40

Current software   : x230-tb470.rel
Software version   : awplus_main-20261006-52
Build date         : Mon Oct 5 21:39:08 UTC 2026

Current boot config: flash:/default.cfg (file not found)

System Name
 awplus
System Contact

System Location

awplus#
=== END ===
=== show boot ===
show boot
Boot configuration
--------------------------------------------------------------------------------
Current software   : x230-tb470.rel 
Current boot image : Not set 
Backup  boot image : flash:/backuprelease.rel (file exists)
Default boot config: flash:/default.cfg
Current boot config: flash:/default.cfg (file not found)
Backup  boot config: Not set 
Autoboot status    : disabled
Boot Security Level: none

awplus#
=== END ===
=== dir ===
dir
       756 -rw- Nov 05 2026 02:04:14  TestCase_tear_down.cfg
  36553967 -rw- Nov 05 2026 01:47:45  backuprelease.rel
       232 drwx Nov 05 2026 01:42:51  [01;34mlog/[0m
awplus#
=== END ===
=== show clock ===
show clock
UTC Time:   Thu,  5 Nov 2026 02:06:40 +0000
Timezone: UTC
Timezone Offset: +00:00
Summer time zone: None

awplus#
=== END ===
=== show license brief ===
show license brief

Board region: Global

Feature licenses:

--------------------------------------------------------------------------------
Index License name           Quantity     Customer name             
      Type                                Period                    
--------------------------------------------------------------------------------
1     Base License           -            Base License              
      Full                                N/A                       
2     ACCESS                 1            ATI-EMEA (Use Only with permission)
      Full                                N/A                       

Current enabled features for displayed licenses:
 ACCESS, BASE-AW+, BW-UNLIMITED, IPv6Basic, L3-FORWARDING, LAG-FULL, MLDSnoop,
 No-License-Lock, RADIUS-100, RIP, UFO, VCStack


Release licenses on stack member 1:

--------------------------------------------------------------------------------
Index License name           Quantity     Customer name             
      Type                   Version      Period                    
--------------------------------------------------------------------------------

awplus#
=== END ===
=== show running-config ===
show running-config
!
service password-encryption
!
no banner motd
!
username manager privilege 15 password 8 $5$bJoIlD4D$6/hDGv6GviIJf9FQg6Mnx/u5Ht.kTmloxQ.obhVl4nB
!
!
ssh server allow-users manager
service ssh
!
no service telnet
!
service http
!
no clock timezone
!
snmp-server
!
!
!
aaa authentication enable default local
aaa authentication login default local
!
!
!
!
!
loop-protection loop-detect ldf-interval 1 fast-block
!
!
!
!
ip domain-lookup
!
!
spanning-tree mode rstp
!
lacp global-passive-mode enable
!
interface port1.0.1-1.0.28
 switchport
 switchport mode access
!
interface vlan1
 ip address dhcp
 ipv6 enable
 ipv6 address dhcp
 ip dhcp-client vendor-identifying-class
 ip dhcp-client request vendor-identifying-specific
!
line con 0
line vty 0 7
!
end

awplus#
=== END ===
=== show interface brief ===
show interface brief
Interface             Status          Protocol
port1.0.1             admin up        running    
port1.0.2             admin up        down       
port1.0.3             admin up        down       
port1.0.4             admin up        down       
port1.0.5             admin up        down       
port1.0.6             admin up        down       
port1.0.7             admin up        down       
port1.0.8             admin up        down       
port1.0.9             admin up        down       
port1.0.10            admin up        down       
port1.0.11            admin up        down       
port1.0.12            admin up        down       
port1.0.13            admin up        down       
port1.0.14            admin up        down       
port1.0.15            admin up        down       
port1.0.16            admin up        down       
port1.0.17            admin up        down       
port1.0.18            admin up        down       
port1.0.19            admin up        down       
port1.0.20            admin up        down       
port1.0.21            admin up        down       
port1.0.22            admin up        down       
port1.0.23            admin up        down       
port1.0.24            admin up        down       
port1.0.25            admin up        down       
port1.0.26            admin up        down       
port1.0.27            admin up        down       
port1.0.28            admin up        down       
lo                    admin up        running    
vlan1                 admin up        running    
awplus#
=== END ===
## 21:00:43 inspection done; exit (log out)
## 21:00:45 close (state=loggedout, rc=0)
