## 21:00:11 post-run: login (handle the forced password dialog if factory defaults)
=== FIRST PROMPT ===

[root@awplus ~]# 
=== END ===
=== terminal length 0 ===
terminal length 0
ash: terminal: not found
[root@awplus ~]# 
=== END ===
=== show system ===
show system
ash: show: not found
[root@awplus ~]# 
=== END ===
=== show boot ===
show boot
ash: show: not found
[root@awplus ~]# 
=== END ===
=== dir ===
dir
ash: dir: not found
[root@awplus ~]# 
=== END ===
=== show clock ===
show clock
ash: show: not found
[root@awplus ~]# 
=== END ===
=== show license brief ===
show license brief
ash: show: not found
[root@awplus ~]# 
=== END ===
=== show running-config ===
show running-config
ash: show: not found
[root@awplus ~]# 
=== END ===
=== show interface brief ===
show interface brief
ash: show: not found
[root@awplus ~]# 
=== END ===
## 21:00:11 inspection done; exit (log out)
## 21:00:27 close (state=loggedout, rc=0)
