2026-08-26 11:57:39  i2c_stress.py starting: port=/dev/u5 baud=115200 iterations=2x2 commands=['show platform port', 'show system pluggable diagnostics']
2026-08-26 11:57:43  ----- baseline show system -----
System Status                                           Tue Aug 25 23:58:50 2026

Stack member 1

Board      ID   Bay     Board Name                        Rev   Serial number
--------------------------------------------------------------------------------
Base       717  Base    AT-IE520-28GSX                    X1-0  264A23066       
--------------------------------------------------------------------------------
RAM: Total: 506728 kB Free: 266508 kB
Flash: 106.3MB Used: 85.1MB Available: 21.3MB
--------------------------------------------------------------------------------
Environment Status : Normal
Uptime             : 0 days 01:24:05
Bootloader version : 9.1.0


Stack member 2

Board      ID   Bay     Board Name                        Rev   Serial number
--------------------------------------------------------------------------------
Base       717  Base    AT-IE520-28GSX                    X1-0  264A23052       
--------------------------------------------------------------------------------
RAM: Total: 506728 kB Free: 212496 kB
Flash: 106.3MB Used: 80.3MB Available: 26.0MB
--------------------------------------------------------------------------------
Environment Status : Normal
Uptime             : 0 days 19:48:31
Bootloader version : pauld


Current software   : IE520-20260825.rel
Software version   : tomahawk_ie520-continuous
Build date         : Wed Aug 19 02:20:43 UTC 2026

Current boot config: flash:/stack.cfg (file exists)

System Name
 awplus
System Contact

System Location
2026-08-26 11:57:43  ----- end baseline show system -----
2026-08-26 11:57:45  ----- baseline show stack -----
Virtual Chassis Stacking summary information

ID   Pending ID  MAC address        Priority  Status  Role
1    -           84e3.2787.0740     128       Ready   Backup Member
2    -           84e3.2787.09c0     128       Ready   Active Master

Operational Status                 Normal operation
Stack MAC address                  0000.cd37.0d6f (Virtual MAC)
2026-08-26 11:57:45  ----- end baseline show stack -----
2026-08-26 11:57:45  !! WARNING: unit does not read as a standalone unit; this run assumes no stack. Proceeding, but a relayed session would miss the in-band kernel printk.
2026-08-26 11:57:46  ----- baseline pluggable inventory -----
System Pluggable Information

Port    Vendor           Device           Serial Number    Datecode Type
--------------------------------------------------------------------------------
1.0.1   ATI              AT-SP10T         A05330R185000464 18122001 10GBASE-T   
1.0.27  TE Connectivity  1-2127931-2      4P812YD21460F9   21111400 1xCOPPER PAS
1.0.28  TE Connectivity  1-2127931-2      17510045         17121800 1xCOPPER PAS
2.0.1   ATI              AT-SP10TM        A10321F233700150 23090401 10GBASE-TM  
2.0.5   ATI              AT-SP10SR        A05160R191700431 190423   10GBASE-SR  
2.0.6   ATR              SFP LOOPBACK V2  20080106-042720  080106   SFP LOOPBACK
2.0.7   ATI              AT-SPSX          A03240R111800014 11050701 1000BASE-SX 
2.0.8   ATR              SFP LOOPBACK V2  20080105-172237  080105   SFP LOOPBACK
2.0.9   ATI              AT-SPTXc         A10217F224400102 221020   1000BASE-T  
2.0.11  ATI              AT-SP10SR        A05160R231400831 230321   10GBASE-SR  
2.0.13  ATI              AT-SP10SR        A05160R191700237 190423   10GBASE-SR  
2.0.14  ATR              SFP LOOPBACK V2  20080106-054258  080106   SFP LOOPBACK
2.0.15  ATI              AT-SPSX          A03240R151300357 15032801 1000BASE-SX 
2.0.16  ATR              SFP LOOPBACK V2  20080105-144552  080105   SFP LOOPBACK
2.0.17  ATI              AT-SP10SR        A05160R202800633 200703   10GBASE-SR  
2.0.21  ATI              AT-SPSX          A03240F223800223 22090801 1000BASE-SX 
2.0.23  ATI              AT-SPSX          A03240F211201156 21030501 1000BASE-SX 
2.0.27  TE Connectivity  1-2127931-2      17510045         17121800 1xCOPPER PAS
2.0.28  TE Connectivity  1-2127931-2      4P812YD21460F9   21111400 1xCOPPER PAS
2026-08-26 11:57:46  ----- end baseline pluggable inventory -----
2026-08-26 11:57:47  ----- baseline DDM census / Vcc screen -----
System Pluggable Information Diagnostics

port1.0.1
Diagnostics information is not supported by device

port1.0.27
Diagnostics information is not supported by device

port1.0.28
Diagnostics information is not supported by device

port2.0.1
Diagnostics information is not supported by device

port2.0.5          Status             Alarms                    Warnings
                  Reading   Alarm     Max     Min   Warning     Max     Min 
Temp: (Degrees C)  44.902       -  80.000  -5.000         -  70.000   0.000
Vcc: (Volts)       3.2781       -  3.4600  3.1400         -  3.4000  3.2000
Tx Bias: (mA)       5.708       -  12.000   0.000         -  10.000   2.000
Tx Power: (mW)     0.6283       -  1.0000  0.1778         -  0.8912  0.1995
Rx Power: (mW)     0.0000     Low  1.2589  0.0501       Low  1.1220  0.0562
Rx LOS:           Rx Down

port2.0.6
Diagnostics information is not supported by device

port2.0.7
Diagnostics information is not supported by device

port2.0.8
Diagnostics information is not supported by device

port2.0.9          Status             Alarms                    Warnings
                  Reading   Alarm     Max     Min   Warning     Max     Min 
Temp: (Degrees C)  43.625       -  80.000  -5.000         -  70.000   0.000
Vcc: (Volts)       3.2910       -  3.4600  3.0000         -  3.4000  3.2000
Tx Bias: (mA)      131.07       -       -       -         -       -       -
Tx Power: (mW)     6.5535       -       -       -         -       -       -
Rx Power: (mW)     6.5535       -       -       -         -       -       -
Rx LOS:             Rx Up

port2.0.11         Status             Alarms                    Warnings
                  Reading   Alarm     Max     Min   Warning     Max     Min 
Temp: (Degrees C)  39.445       -  80.000  -5.000         -  70.000   0.000
Vcc: (Volts)       3.3483       -  3.4600  3.1400         -  3.4000  3.2000
Tx Bias: (mA)       5.864       -  12.000   0.000         -  10.000   2.000
Tx Power: (mW)     0.5928       -  1.0000  0.1778         -  0.8912  0.1995
Rx Power: (mW)     0.0000     Low  1.2589  0.0501       Low  1.1220  0.0562
Rx LOS:           Rx Down

port2.0.13         Status             Alarms                    Warnings
                  Reading   Alarm     Max     Min   Warning     Max     Min 
Temp: (Degrees C)  41.437       -  80.000  -5.000         -  70.000   0.000
Vcc: (Volts)       3.3263       -  3.4600  3.1400         -  3.4000  3.2000
Tx Bias: (mA)       5.042       -  12.000   0.000         -  10.000   2.000
Tx Power: (mW)     0.5847       -  1.0000  0.1778         -  0.8912  0.1995
Rx Power: (mW)     0.0000     Low  1.2589  0.0501       Low  1.1220  0.0562
Rx LOS:           Rx Down

port2.0.14
Diagnostics information is not supported by device

port2.0.15
Diagnostics information is not supported by device

port2.0.16
Diagnostics information is not supported by device

port2.0.17         Status             Alarms                    Warnings
                  Reading   Alarm     Max     Min   Warning     Max     Min 
Temp: (Degrees C)  40.476       -  80.000  -5.000         -  70.000   0.000
Vcc: (Volts)       3.3366       -  3.4600  3.1400         -  3.4000  3.2000
Tx Bias: (mA)       5.310       -  12.000   0.000         -  10.000   2.000
Tx Power: (mW)     0.5984       -  1.0000  0.1778         -  0.8912  0.1995
Rx Power: (mW)     0.0000     Low  1.2589  0.0501       Low  1.1220  0.0562
Rx LOS:           Rx Down

port2.0.21
Diagnostics information is not supported by device

port2.0.23
Diagnostics information is not supported by device

port2.0.27
Diagnostics information is not supported by device

port2.0.28
Diagnostics information is not supported by device
2026-08-26 11:57:47  ----- end baseline DDM census / Vcc screen -----
2026-08-26 11:57:49  ----- baseline reboot history baseline -----
Stack member 1:
<date> <time> <type> <description>
-------------------------------------------------------------------------
2026-08-25 22:35:44 Unexpected System reboot
2026-08-25 04:09:32 Expected   User Request
2026-08-25 02:20:55 Unexpected Rebooting due to VCS duplicate master
2026-08-24 19:22:42 Unexpected System reboot
2026-08-24 04:23:02 Unexpected System reboot
2026-08-23 19:59:08 Unexpected System reboot
2026-08-23 06:48:07 Unexpected System reboot
2026-08-23 05:54:17 Unexpected System reboot
2026-08-23 03:28:56 Unexpected System reboot
2026-08-23 00:15:38 Unexpected System reboot
2026-08-22 16:23:46 Unexpected System reboot
2026-08-21 17:59:05 Unexpected System reboot
2026-08-21 12:57:26 Unexpected System reboot
2026-08-20 10:16:24 Unexpected System reboot
2026-08-20 04:50:42 Unexpected System reboot
2026-08-19 21:20:07 Expected   CLI(user request)
2026-08-19 19:30:16 Unexpected System reboot
2026-08-19 19:06:46 Unexpected System reboot
2026-08-19 18:52:47 Unexpected System reboot
2026-08-19 09:24:03 Unexpected System reboot
2026-08-19 04:15:22 Unexpected System reboot
2026-08-19 03:21:00 Unexpected System reboot
2026-08-19 02:08:21 Unexpected System reboot
2026-08-19 01:03:18 Unexpected System reboot
2026-08-19 00:42:58 Unexpected System reboot
2026-08-18 23:35:58 Unexpected System reboot
2026-08-18 23:16:38 Unexpected System reboot
2026-08-18 23:11:26 Expected   User Request
2026-08-18 22:29:58 Expected   User Request
2026-08-18 21:37:39 Expected   User Request
2026-08-18 20:36:40 Unexpected System reboot
2026-08-18 20:30:33 Unexpected System reboot
2026-08-18 19:23:58 Unexpected Rebooting due to VCS duplicate master
2026-08-18 19:22:02 Unexpected System reboot
2026-08-18 19:17:03 Expected   User Request
2026-08-18 18:19:45 Unexpected System reboot
2026-08-18 04:51:19 Expected   User Request
2026-08-18 04:23:35 Expected   User Request
2026-08-18 04:00:52 Expected   User Request
2026-08-18 03:05:22 Unexpected System reboot
2026-08-18 03:00:24 Expected   User Request
2026-08-18 02:47:42 Unexpected Bootup failed, rebooting.
2026-08-18 02:45:57 Unexpected Bootup failed, rebooting.
2026-08-18 02:44:10 Expected   User Request
2026-08-18 02:11:51 Unexpected System reboot
2026-08-18 02:08:10 Unexpected System reboot
2026-08-18 02:02:33 Expected   User Request
2026-08-18 01:52:40 Unexpected System reboot
2026-08-18 01:49:38 Unexpected System reboot
2026-08-18 01:31:26 Expected   CLI(user request)
2026-08-17 23:45:43 Expected   User Request
2026-08-17 20:49:31 Unexpected System reboot
2026-08-17 20:44:41 Expected   User Request
2026-08-17 20:13:52 Expected   User Request
2026-08-17 02:58:29 Unexpected System reboot
2026-08-17 02:54:13 Expected   User Request
2026-08-17 02:34:41 Expected   User Request
2026-08-17 02:04:52 Expected   User Request
2026-08-13 02:27:21 Expected   User Request
2026-08-13 00:56:01 Expected   User Request
2026-08-12 23:51:57 Expected   User Request
2026-08-12 23:23:30 Expected   User Request
2026-08-12 21:59:22 Unexpected System reboot
2026-08-12 21:54:31 Expected   User Request
2026-08-12 20:31:24 Expected   CLI(user request)
2026-08-12 20:28:14 Unexpected System reboot
2026-08-11 07:37:35 Unexpected System reboot
-------------------------------------------------------------------------


Stack member 2:
<date> <time> <type> <description>
-------------------------------------------------------------------------
2026-08-25 04:09:32 Expected   User Request
2026-08-25 03:45:28 Expected   CLI(user request)
2026-08-24 05:46:47 Unexpected System reboot
2026-08-24 00:33:41 Unexpected System reboot
2026-08-23 18:24:17 Unexpected System reboot
2026-08-21 17:04:11 Unexpected System reboot
2026-08-21 13:44:25 Unexpected System reboot
2026-08-21 03:13:02 Unexpected System reboot
2026-08-20 23:42:56 Unexpected System reboot
2026-08-20 08:58:09 Unexpected System reboot
2026-08-20 02:34:24 Unexpected System reboot
2026-08-19 21:20:02 Expected   CLI(user request)
2026-08-19 20:39:04 Unexpected System reboot
2026-08-19 20:34:23 Unexpected System reboot
2026-08-19 20:30:36 Unexpected System reboot
2026-08-19 20:12:56 Unexpected System reboot
2026-08-19 19:49:52 Unexpected System reboot
2026-08-19 19:41:27 Unexpected System reboot
2026-08-19 19:28:06 Unexpected System reboot
2026-08-19 19:14:45 Unexpected System reboot
2026-08-18 23:53:43 Expected   User Request
2026-08-18 22:49:44 Expected   User Request
2026-08-18 21:55:13 Expected   User Request
2026-08-18 20:36:34 Expected   CLI(user request)
2026-08-18 20:14:49 Unexpected Rebooting due to VCS duplicate member-ID
2026-08-18 19:41:32 Unexpected System reboot
-------------------------------------------------------------------------
2026-08-26 11:57:49  ----- end baseline reboot history baseline -----
2026-08-26 11:58:26  iter   1  'show platform port'  36.47 s  ok (344443 bytes)
2026-08-26 11:58:27  iter   1  'show system pluggable diagnostics'  1.56 s  ok (3834 bytes)
2026-08-26 11:59:03  iter   2  'show platform port'  35.74 s  ok (344443 bytes)
2026-08-26 11:59:05  iter   2  'show system pluggable diagnostics'  1.56 s  ok (3834 bytes)
2026-08-26 11:59:06  ----- final pluggable inventory -----
System Pluggable Information

Port    Vendor           Device           Serial Number    Datecode Type
--------------------------------------------------------------------------------
1.0.1   ATI              AT-SP10T         A05330R185000464 18122001 10GBASE-T   
1.0.27  TE Connectivity  1-2127931-2      4P812YD21460F9   21111400 1xCOPPER PAS
1.0.28  TE Connectivity  1-2127931-2      17510045         17121800 1xCOPPER PAS
2.0.1   ATI              AT-SP10TM        A10321F233700150 23090401 10GBASE-TM  
2.0.5   ATI              AT-SP10SR        A05160R191700431 190423   10GBASE-SR  
2.0.6   ATR              SFP LOOPBACK V2  20080106-042720  080106   SFP LOOPBACK
2.0.7   ATI              AT-SPSX          A03240R111800014 11050701 1000BASE-SX 
2.0.8   ATR              SFP LOOPBACK V2  20080105-172237  080105   SFP LOOPBACK
2.0.9   ATI              AT-SPTXc         A10217F224400102 221020   1000BASE-T  
2.0.11  ATI              AT-SP10SR        A05160R231400831 230321   10GBASE-SR  
2.0.13  ATI              AT-SP10SR        A05160R191700237 190423   10GBASE-SR  
2.0.14  ATR              SFP LOOPBACK V2  20080106-054258  080106   SFP LOOPBACK
2.0.15  ATI              AT-SPSX          A03240R151300357 15032801 1000BASE-SX 
2.0.16  ATR              SFP LOOPBACK V2  20080105-144552  080105   SFP LOOPBACK
2.0.17  ATI              AT-SP10SR        A05160R202800633 200703   10GBASE-SR  
2.0.21  ATI              AT-SPSX          A03240F223800223 22090801 1000BASE-SX 
2.0.23  ATI              AT-SPSX          A03240F211201156 21030501 1000BASE-SX 
2.0.27  TE Connectivity  1-2127931-2      17510045         17121800 1xCOPPER PAS
2.0.28  TE Connectivity  1-2127931-2      4P812YD21460F9   21111400 1xCOPPER PAS
2026-08-26 11:59:06  ----- end final pluggable inventory -----
2026-08-26 11:59:07  ----- final reboot history -----
Stack member 1:
<date> <time> <type> <description>
-------------------------------------------------------------------------
2026-08-25 22:35:44 Unexpected System reboot
2026-08-25 04:09:32 Expected   User Request
2026-08-25 02:20:55 Unexpected Rebooting due to VCS duplicate master
2026-08-24 19:22:42 Unexpected System reboot
2026-08-24 04:23:02 Unexpected System reboot
2026-08-23 19:59:08 Unexpected System reboot
2026-08-23 06:48:07 Unexpected System reboot
2026-08-23 05:54:17 Unexpected System reboot
2026-08-23 03:28:56 Unexpected System reboot
2026-08-23 00:15:38 Unexpected System reboot
2026-08-22 16:23:46 Unexpected System reboot
2026-08-21 17:59:05 Unexpected System reboot
2026-08-21 12:57:26 Unexpected System reboot
2026-08-20 10:16:24 Unexpected System reboot
2026-08-20 04:50:42 Unexpected System reboot
2026-08-19 21:20:07 Expected   CLI(user request)
2026-08-19 19:30:16 Unexpected System reboot
2026-08-19 19:06:46 Unexpected System reboot
2026-08-19 18:52:47 Unexpected System reboot
2026-08-19 09:24:03 Unexpected System reboot
2026-08-19 04:15:22 Unexpected System reboot
2026-08-19 03:21:00 Unexpected System reboot
2026-08-19 02:08:21 Unexpected System reboot
2026-08-19 01:03:18 Unexpected System reboot
2026-08-19 00:42:58 Unexpected System reboot
2026-08-18 23:35:58 Unexpected System reboot
2026-08-18 23:16:38 Unexpected System reboot
2026-08-18 23:11:26 Expected   User Request
2026-08-18 22:29:58 Expected   User Request
2026-08-18 21:37:39 Expected   User Request
2026-08-18 20:36:40 Unexpected System reboot
2026-08-18 20:30:33 Unexpected System reboot
2026-08-18 19:23:58 Unexpected Rebooting due to VCS duplicate master
2026-08-18 19:22:02 Unexpected System reboot
2026-08-18 19:17:03 Expected   User Request
2026-08-18 18:19:45 Unexpected System reboot
2026-08-18 04:51:19 Expected   User Request
2026-08-18 04:23:35 Expected   User Request
2026-08-18 04:00:52 Expected   User Request
2026-08-18 03:05:22 Unexpected System reboot
2026-08-18 03:00:24 Expected   User Request
2026-08-18 02:47:42 Unexpected Bootup failed, rebooting.
2026-08-18 02:45:57 Unexpected Bootup failed, rebooting.
2026-08-18 02:44:10 Expected   User Request
2026-08-18 02:11:51 Unexpected System reboot
2026-08-18 02:08:10 Unexpected System reboot
2026-08-18 02:02:33 Expected   User Request
2026-08-18 01:52:40 Unexpected System reboot
2026-08-18 01:49:38 Unexpected System reboot
2026-08-18 01:31:26 Expected   CLI(user request)
2026-08-17 23:45:43 Expected   User Request
2026-08-17 20:49:31 Unexpected System reboot
2026-08-17 20:44:41 Expected   User Request
2026-08-17 20:13:52 Expected   User Request
2026-08-17 02:58:29 Unexpected System reboot
2026-08-17 02:54:13 Expected   User Request
2026-08-17 02:34:41 Expected   User Request
2026-08-17 02:04:52 Expected   User Request
2026-08-13 02:27:21 Expected   User Request
2026-08-13 00:56:01 Expected   User Request
2026-08-12 23:51:57 Expected   User Request
2026-08-12 23:23:30 Expected   User Request
2026-08-12 21:59:22 Unexpected System reboot
2026-08-12 21:54:31 Expected   User Request
2026-08-12 20:31:24 Expected   CLI(user request)
2026-08-12 20:28:14 Unexpected System reboot
2026-08-11 07:37:35 Unexpected System reboot
-------------------------------------------------------------------------


Stack member 2:
<date> <time> <type> <description>
-------------------------------------------------------------------------
2026-08-25 04:09:32 Expected   User Request
2026-08-25 03:45:28 Expected   CLI(user request)
2026-08-24 05:46:47 Unexpected System reboot
2026-08-24 00:33:41 Unexpected System reboot
2026-08-23 18:24:17 Unexpected System reboot
2026-08-21 17:04:11 Unexpected System reboot
2026-08-21 13:44:25 Unexpected System reboot
2026-08-21 03:13:02 Unexpected System reboot
2026-08-20 23:42:56 Unexpected System reboot
2026-08-20 08:58:09 Unexpected System reboot
2026-08-20 02:34:24 Unexpected System reboot
2026-08-19 21:20:02 Expected   CLI(user request)
2026-08-19 20:39:04 Unexpected System reboot
2026-08-19 20:34:23 Unexpected System reboot
2026-08-19 20:30:36 Unexpected System reboot
2026-08-19 20:12:56 Unexpected System reboot
2026-08-19 19:49:52 Unexpected System reboot
2026-08-19 19:41:27 Unexpected System reboot
2026-08-19 19:28:06 Unexpected System reboot
2026-08-19 19:14:45 Unexpected System reboot
2026-08-18 23:53:43 Expected   User Request
2026-08-18 22:49:44 Expected   User Request
2026-08-18 21:55:13 Expected   User Request
2026-08-18 20:36:34 Expected   CLI(user request)
2026-08-18 20:14:49 Unexpected Rebooting due to VCS duplicate member-ID
2026-08-18 19:41:32 Unexpected System reboot
-------------------------------------------------------------------------
2026-08-26 11:59:07  ----- end final reboot history -----
2026-08-26 11:59:07  COMPLETE: 2 iterations of each command, 0 i2c events, 0 empty responses.
