
===== opened /dev/u5 at 2026-09-22 09:24:34 =====

IE520-stk#
>>> terminal length 0
terminal length 0
IE520-stk#
>>> terminal no monitor
terminal no monitor
IE520-stk#
>>> terminal length 0
terminal length 0
IE520-stk#configure terminal
Enter configuration commands, one per line.  End with CNTL/Z.
IE520-stk(config)#mrp ?
  ring  Configure a MRP ring

[K[22CIE520-stk(config)#mrp 

IE520-stk#end
            ^
% Invalid input detected at '^' marker.

IE520-stk#show mrp ?
  ports  Display MRP ring ports
  ring   Display MRP ring configuration

[K[19CIE520-stk#show mrp 

IE520-stk#