### 13:00:52 counters before
13:00:56 >>> show interface port3.0.13,port4.0.26 | include Interface|input packets|output packets
show interface port3.0.13,port4.0.26 | include Interface|input packets

|output packets

Interface port3.0.13
    input packets 2443, bytes 188910, dropped 0, multicast packets 3
    output packets 289329, bytes 31180920, multicast packets 108082, broadcast packets 493
Interface port4.0.26
    input packets 140561, bytes 14831128, dropped 0, multicast packets 51016
    output packets 169240, bytes 17948768, multicast packets 60057, broadcast packets 321
13:01:00 sent 100 x ip10 src=00:00:5e:00:53:01 dst=00:00:5e:00:53:ff vlan=2100 outer=None on eth1 in 0.51s
### 13:01:03 counters after
13:01:07 >>> show interface port3.0.13,port4.0.26 | include Interface|input packets|output packets
show interface port3.0.13,port4.0.26 | include Interface|input packets

|output packets

Interface port3.0.13
    input packets 2543, bytes 197910, dropped 0, multicast packets 3
    output packets 289385, bytes 31186680, multicast packets 108083, broadcast packets 493
Interface port4.0.26
    input packets 140594, bytes 14834516, dropped 0, multicast packets 51016
    output packets 169362, bytes 17960012, multicast packets 60057, broadcast packets 321
### tcpdump logs
tcpdump: listening on eth2, link-type EN10MB (Ethernet), snapshot length 262144 bytes
100 packets captured
100 packets received by filter
0 packets dropped by kernel
tcpdump: listening on eth3, link-type EN10MB (Ethernet), snapshot length 262144 bytes
0 packets captured
0 packets received by filter
0 packets dropped by kernel
### captures
### /tmp/ckvlan30/27887-s4f-eth2.pcap: 100 frames
    100  marker=s4f        tags=3996        type=0x0800 dst=00:00:5e:00:53:ff src=00:00:5e:00:53:01
### /tmp/ckvlan30/27887-s4f-eth3.pcap: 0 frames
