### 12:56:21 counters before
12:56:26 >>> show interface port3.0.13,port4.0.26 | include Interface|input packets|output packets
show interface port3.0.13,port4.0.26 | include Interface|input packets

|output packets

Interface port3.0.13
    input packets 2342, bytes 179736, dropped 0, multicast packets 2
    output packets 288119, bytes 31060632, multicast packets 108072, broadcast packets 484
Interface port4.0.26
    input packets 139657, bytes 14740328, dropped 0, multicast packets 51008
    output packets 168668, bytes 17891972, multicast packets 60047, broadcast packets 321
12:56:29 sent 100 x ip10 src=00:00:5e:00:53:03 dst=00:00:5e:00:53:ff vlan=2100 outer=3995 on eth2 in 0.52s
### 12:56:32 counters after
12:56:37 >>> show interface port3.0.13,port4.0.26 | include Interface|input packets|output packets
show interface port3.0.13,port4.0.26 | include Interface|input packets

|output packets

Interface port3.0.13
    input packets 2342, bytes 179736, dropped 0, multicast packets 2
    output packets 288252, bytes 31072932, multicast packets 108072, broadcast packets 484
Interface port4.0.26
    input packets 139790, bytes 14753116, dropped 0, multicast packets 51008
    output packets 168688, bytes 17894012, multicast packets 60047, broadcast packets 321
### tcpdump logs
tcpdump: listening on eth1, link-type EN10MB (Ethernet), snapshot length 262144 bytes
100 packets captured
100 packets received by filter
0 packets dropped by kernel
tcpdump: listening on eth3, link-type EN10MB (Ethernet), snapshot length 262144 bytes
0 packets captured
0 packets received by filter
0 packets dropped by kernel
### captures
### /tmp/ckvlan30/27887-s2r5-eth1.pcap: 100 frames
    100  marker=s2r5       tags=2100        type=0x0800 dst=00:00:5e:00:53:ff src=00:00:5e:00:53:03
### /tmp/ckvlan30/27887-s2r5-eth3.pcap: 0 frames
