### 12:55:57 counters before
12:56:02 >>> show interface port3.0.13,port4.0.26 | include Interface|input packets|output packets
show interface port3.0.13,port4.0.26 | include Interface|input packets

|output packets

Interface port3.0.13
    input packets 2342, bytes 179736, dropped 0, multicast packets 2
    output packets 287949, bytes 31044664, multicast packets 108071, broadcast packets 484
Interface port4.0.26
    input packets 139487, bytes 14723776, dropped 0, multicast packets 51007
    output packets 168619, bytes 17887008, multicast packets 60046, broadcast packets 321
12:56:05 sent 100 x ip10 src=00:00:5e:00:53:02 dst=00:00:5e:00:53:ff vlan=2100 outer=3996 on eth2 in 0.52s
### 12:56:09 counters after
12:56:13 >>> show interface port3.0.13,port4.0.26 | include Interface|input packets|output packets
show interface port3.0.13,port4.0.26 | include Interface|input packets

|output packets

Interface port3.0.13
    input packets 2342, bytes 179736, dropped 0, multicast packets 2
    output packets 288082, bytes 31056964, multicast packets 108071, broadcast packets 484
Interface port4.0.26
    input packets 139620, bytes 14736564, dropped 0, multicast packets 51007
    output packets 168641, bytes 17889252, multicast packets 60046, broadcast packets 321
### tcpdump logs
tcpdump: listening on eth1, link-type EN10MB (Ethernet), snapshot length 262144 bytes
100 packets captured
100 packets received by filter
0 packets dropped by kernel
tcpdump: listening on eth3, link-type EN10MB (Ethernet), snapshot length 262144 bytes
0 packets captured
0 packets received by filter
0 packets dropped by kernel
### captures
### /tmp/ckvlan30/27887-s2r-eth1.pcap: 100 frames
    100  marker=s2r        tags=2100        type=0x0800 dst=00:00:5e:00:53:ff src=00:00:5e:00:53:02
### /tmp/ckvlan30/27887-s2r-eth3.pcap: 0 frames
