### 12:58:56 counters before
12:59:01 >>> show interface port3.0.13,port4.0.26 | include Interface|input packets|output packets
show interface port3.0.13,port4.0.26 | include Interface|input packets

|output packets

Interface port3.0.13
    input packets 2343, bytes 179910, dropped 0, multicast packets 3
    output packets 288654, bytes 31113136, multicast packets 108076, broadcast packets 493
Interface port4.0.26
    input packets 140121, bytes 14786960, dropped 0, multicast packets 51012
    output packets 168911, bytes 17916584, multicast packets 60052, broadcast packets 321
12:59:04 sent 100 x ip10 src=00:00:5e:00:53:01 dst=00:00:5e:00:53:ff vlan=2100 outer=None on eth1 in 0.51s
### 12:59:08 counters after
12:59:12 >>> show interface port3.0.13,port4.0.26 | include Interface|input packets|output packets
show interface port3.0.13,port4.0.26 | include Interface|input packets

|output packets

Interface port3.0.13
    input packets 2443, bytes 188910, dropped 0, multicast packets 3
    output packets 288715, bytes 31119408, multicast packets 108077, broadcast packets 493
Interface port4.0.26
    input packets 140157, bytes 14790656, dropped 0, multicast packets 51012
    output packets 169035, bytes 17928032, multicast packets 60052, broadcast packets 321
### tcpdump logs
tcpdump: listening on eth2, link-type EN10MB (Ethernet), snapshot length 262144 bytes
100 packets captured
100 packets received by filter
0 packets dropped by kernel
tcpdump: listening on eth3, link-type EN10MB (Ethernet), snapshot length 262144 bytes
0 packets captured
0 packets received by filter
0 packets dropped by kernel
### captures
### /tmp/ckvlan30/27887-s3f-eth2.pcap: 100 frames
    100  marker=s3f        tags=3996        type=0x0800 dst=00:00:5e:00:53:ff src=00:00:5e:00:53:01
### /tmp/ckvlan30/27887-s3f-eth3.pcap: 0 frames
