### 13:01:15 counters before
13:01:20 >>> show interface port3.0.13,port4.0.26 | include Interface|input packets|output packets
show interface port3.0.13,port4.0.26 | include Interface|input packets

|output packets

Interface port3.0.13
    input packets 2543, bytes 197910, dropped 0, multicast packets 3
    output packets 289450, bytes 31193336, multicast packets 108083, broadcast packets 493
Interface port4.0.26
    input packets 140633, bytes 14838520, dropped 0, multicast packets 51016
    output packets 169388, bytes 17962664, multicast packets 60057, broadcast packets 321
13:01:23 sent 100 x ip10 src=00:00:5e:00:53:02 dst=00:00:5e:00:53:ff vlan=2100 outer=3996 on eth2 in 0.50s
### 13:01:27 counters after
13:01:31 >>> show interface port3.0.13,port4.0.26 | include Interface|input packets|output packets
show interface port3.0.13,port4.0.26 | include Interface|input packets

|output packets

Interface port3.0.13
    input packets 2543, bytes 197910, dropped 0, multicast packets 3
    output packets 289606, bytes 31208036, multicast packets 108084, broadcast packets 493
Interface port4.0.26
    input packets 140767, bytes 14851376, dropped 0, multicast packets 51017
    output packets 169411, bytes 17964976, multicast packets 60058, broadcast packets 321
### tcpdump logs
tcpdump: listening on eth1, link-type EN10MB (Ethernet), snapshot length 262144 bytes
100 packets captured
100 packets received by filter
0 packets dropped by kernel
tcpdump: listening on eth3, link-type EN10MB (Ethernet), snapshot length 262144 bytes
0 packets captured
0 packets received by filter
0 packets dropped by kernel
### captures
### /tmp/ckvlan30/27887-s4r-eth1.pcap: 100 frames
    100  marker=s4r        tags=2100        type=0x0800 dst=00:00:5e:00:53:ff src=00:00:5e:00:53:02
### /tmp/ckvlan30/27887-s4r-eth3.pcap: 0 frames
