self-test OK: 'show clock ?' then Ctrl-U then CR executed nothing
12:47:49 >>> configure terminal
Enter configuration commands, one per line.  End with CNTL/Z.
12:47:51 >>> interface port1.0.20

12:47:53 >>> switchport ?
switchport ?
  access                Set the Layer2 interface as Access
  atmf-agentlink        Use the switchport for an ATMF agent link
  atmf-arealink         Use the switchport for an ATMF area link
  atmf-crosslink        Use the switchport for an ATMF cross link
  atmf-guestlink        Use the switchport for an ATMF guest link
  atmf-link             Use the switchport for an ATMF link
  block                 Prevent packet forwarding
  enable                Re-enables the vlan on the port
  mode                  Set the mode of the Layer2 interface
  port-security         Port-based learning limits
  private-vlan          Private VLAN
  remote-mirror-egress  Configure port as egress for traffic from
                        remote-mirror vlan
  resiliencylink        Use the switchport for the stack resiliency link
  trunk                 Set the Layer2 interface as trunk
  vlan                  Set the Layer2 interface as trunk
  vlan-stacking         Enable Vlan stacking
  voice                 Configure attached VoIP phones via LLDP-MED
  <cr>

[K[32CIE520-stk(config-if)#switchport 
12:47:55 >>> switchport vlan-stacking ?
switchport vlan-stacking ?
  customer-edge-port  Set the switching characteristics of the Layer2
                      interface to Customer-edge port
  provider-port       Set the switching characteristics of the Layer2
                      interface to Provider port

[K[46CIE520-stk(config-if)#switchport vlan-stacking 
12:47:57 >>> switchport vlan ?
switchport vlan ?
  translation  Set the VLAN translation of the Layer2 interface

[K[37CIE520-stk(config-if)#switchport vlan 
12:47:59 >>> switchport vlan-translation ?
switchport vlan-translation ?
% Unrecognized command
[K[49CIE520-stk(config-if)#switchport vlan-translation 
