12:52:04 >>> show vlan 3995
VLAN ID  Name            Type    State   Member ports                   
                                         (u)-Untagged, (t)-Tagged
======= ================ ======= ======= ====================================
3995    ck-svlan         STATIC  ACTIVE  port3.0.13(u) port4.0.26(t)
12:52:05 >>> show running-config interface port3.0.13
!
interface port3.0.13
 switchport
 switchport mode access
 switchport access vlan 3995
 switchport vlan-stacking customer-edge-port 
 shutdown
!
12:52:07 >>> show running-config interface port4.0.26
!
interface port4.0.26
 switchport
 switchport mode trunk
 switchport trunk allowed vlan add 3995
 switchport vlan-stacking provider-port 
 shutdown
!
12:52:08 >>> show interface port4.0.26 status
Port        Name               Status      Vlan      Duplex Speed   Type        
--------------------------------------------------------------------------------
port4.0.26  -                  disabled        trunk auto   auto    1000BASE-SX
