12:52:48 >>> configure terminal
Enter configuration commands, one per line.  End with CNTL/Z.
12:52:49 >>> interface port4.0.26
12:52:51 >>> switchport trunk native vlan 4000
12:52:52 >>> end
12:52:53 >>> show vlan 4000
VLAN ID  Name            Type    State   Member ports                   
                                         (u)-Untagged, (t)-Tagged
======= ================ ======= ======= ====================================
4000    sx-link          STATIC  ACTIVE  port4.0.26(u)
12:52:54 >>> show running-config interface port4.0.26
!
interface port4.0.26
 switchport
 switchport mode trunk
 switchport trunk allowed vlan add 3995
 switchport trunk native vlan 4000
 switchport vlan-stacking provider-port 
 shutdown
!
