12:47:07 >>> show license
Board region: Global

Feature licenses on stack member 1:

Index                         : 1
License name                  : Base License
Customer name                 : Base License
Type of license               : Full 
License issue date            : 28-Sep-2026
Features included             : 10G_SFP+, AMF-GUEST, AMF-Starter, BASE-AW+,
                                BW-UNLIMITED, CFM, EPSR-MASTER, G8032,
                                IPv6Basic, L3-FORWARDING, L3-MC-ROUTE, LAG-FULL,
                                MLDSnoop, MRP, No-License-Lock, RADIUS-100,
                                UDLD, UFO, VCStack, VLAN-TRANS-FULL, VRRP,
                                VlanDT

Index                         : 2
License name                  : AT-IE520-FL01
Customer name                 : ATL-NZ (Internal Use Only)
Quantity of licenses          : 1
Type of license               : Full 
License issue date            : 23-Jul-2026
Features included             : BGP-256, BGP-64, BGP-FULL, BGP4+, OSPF-256,
                                OSPFv3-256, PIM, PIM6, RIP-256, RIPNG,
                                RIPNG-256, VRF-LITE-8

Index                         : 3
License name                  : ACCESS
Customer name                 : ATI-EMEA (Use Only with permission)
Quantity of licenses          : 1
Type of license               : Full 
License issue date            : 16-Oct-2009
Features included             : ACCESS

Index                         : 4
License name                  : FULL
Customer name                 : ATL-NZ (Internal Use Only)
Quantity of licenses          : 1
Type of license               : Full 
License issue date            : 10-Apr-2026
Features included             : 10G_SFP+, ACCESS, AMF-APP-PROXY, AMF-CONTROL-10,
                                AMF-CONTROL-30, AMF-CONTROL-60, AMF-GUEST,
                                AMF-INTERMEDIATE, AMF-MASTER-120, AMF-MASTER-20,
                                AMF-MASTER-250, AMF-MASTER-40, AMF-MASTER-80,
                                AMF-Starter, BASE-AW+, BGP-256, BGP-5K, BGP-64,
                                BGP-FULL, BGP4+, BW-UNLIMITED, CFM,
                                CPU-L3-Route, Continuous POE, DPI_RMT_CLIENT,
                                EPSR-MASTER, FIREWALL, G8032, IPv6-6to4,
                                IPv6Basic, ISIS-FULL, L3-FORWARDING,
                                L3-MC-ROUTE, LAG-FULL, LICD Dev, MACSEC,
                                MLDSnoop, MODBUS, MRP, No-License-Lock,
                                No-Tier-Check, OSPF-128, OSPF-16, OSPF-256,
                                OSPF-64, OSPF-FULL, OSPFv3-256, OSPFv3-64,
                                OSPFv3-FULL, OpenFlow, PIM, PIM-100, PIM-1024,
                                PIM6, POE++, PROFINET, PTP-BOUND, PTP-ORD,
                                PTP-TRANS, RADIUS-100, RADIUS-3, RADIUS-FULL,
                                RIP, RIP-16, RIP-256, RIPNG, RIPNG-256, SES,
                                SFP+, STATIC-128, UDLD, UFO, VCS_Mixed-Mode,
                                VCStack, VLAN-TRANS-FULL, VLAN-TRANS-LITE, VPN,
                                VRF-LITE-63, VRF-LITE-8, VRF-LITE-FULL, VRRP,
                                VXLAN, VlanDT


Release licenses on stack member 1:
12:47:08 >>> show license brief
Board region: Global

Feature licenses on stack member 1:

--------------------------------------------------------------------------------
Index License name           Quantity     Customer name             
      Type                                Period                    
--------------------------------------------------------------------------------
1     Base License           -            Base License              
      Full                                N/A                       
2     AT-IE520-FL01          1            ATL-NZ (Internal Use Only)
      Full                                N/A                       
3     ACCESS                 1            ATI-EMEA (Use Only with permission)
      Full                                N/A                       
4     FULL                   1            ATL-NZ (Internal Use Only)
      Full                                N/A                       

Current enabled features for displayed licenses:
 10G_SFP+, ACCESS, AMF-APP-PROXY, AMF-CONTROL-10, AMF-CONTROL-30,
 AMF-CONTROL-60, AMF-GUEST, AMF-INTERMEDIATE, AMF-MASTER-120, AMF-MASTER-20,
 AMF-MASTER-250, AMF-MASTER-40, AMF-MASTER-80, AMF-Starter, BASE-AW+, BGP-256,
 BGP-5K, BGP-64, BGP-FULL, BGP4+, BW-UNLIMITED, CFM, CPU-L3-Route,
 Continuous POE, DPI_RMT_CLIENT, EPSR-MASTER, FIREWALL, G8032, IPv6-6to4,
 IPv6Basic, ISIS-FULL, L3-FORWARDING, L3-MC-ROUTE, LAG-FULL, LICD Dev, MACSEC,
 MLDSnoop, MODBUS, MRP, No-License-Lock, No-Tier-Check, OSPF-128, OSPF-16,
 OSPF-256, OSPF-64, OSPF-FULL, OSPFv3-256, OSPFv3-64, OSPFv3-FULL, OpenFlow,
 PIM, PIM-100, PIM-1024, PIM6, POE++, PROFINET, PTP-BOUND, PTP-ORD, PTP-TRANS,
 RADIUS-100, RADIUS-3, RADIUS-FULL, RIP, RIP-16, RIP-256, RIPNG, RIPNG-256, SES,
 SFP+, STATIC-128, UDLD, UFO, VCS_Mixed-Mode, VCStack, VLAN-TRANS-FULL,
 VLAN-TRANS-LITE, VPN, VRF-LITE-0, VRF-LITE-63, VRF-LITE-FULL, VRRP, VXLAN,
 VlanDT


Release licenses on stack member 1:

--------------------------------------------------------------------------------
Index License name           Quantity     Customer name             
      Type                   Version      Period                    
--------------------------------------------------------------------------------
