### 12:59:20 counters before
12:59:25 >>> show interface port3.0.13,port4.0.26 | include Interface|input packets|output packets
show interface port3.0.13,port4.0.26 | include Interface|input packets

|output packets

Interface port3.0.13
    input packets 2443, bytes 188910, dropped 0, multicast packets 3
    output packets 288781, bytes 31126132, multicast packets 108078, broadcast packets 493
Interface port4.0.26
    input packets 140197, bytes 14794728, dropped 0, multicast packets 51013
    output packets 169062, bytes 17930752, multicast packets 60053, broadcast packets 321
12:59:28 sent 100 x ip10 src=00:00:5e:00:53:02 dst=00:00:5e:00:53:ff vlan=2100 outer=3996 on eth2 in 0.51s
### 12:59:31 counters after
12:59:36 >>> show interface port3.0.13,port4.0.26 | include Interface|input packets|output packets
show interface port3.0.13,port4.0.26 | include Interface|input packets

|output packets

Interface port3.0.13
    input packets 2443, bytes 188910, dropped 0, multicast packets 3
    output packets 288936, bytes 31140764, multicast packets 108078, broadcast packets 493
Interface port4.0.26
    input packets 140330, bytes 14807516, dropped 0, multicast packets 51013
    output packets 169084, bytes 17932996, multicast packets 60053, broadcast packets 321
### tcpdump logs
tcpdump: listening on eth1, link-type EN10MB (Ethernet), snapshot length 262144 bytes
100 packets captured
100 packets received by filter
0 packets dropped by kernel
tcpdump: listening on eth3, link-type EN10MB (Ethernet), snapshot length 262144 bytes
0 packets captured
0 packets received by filter
0 packets dropped by kernel
### captures
### /tmp/ckvlan30/27887-s3r-eth1.pcap: 100 frames
    100  marker=s3r        tags=2100        type=0x0800 dst=00:00:5e:00:53:ff src=00:00:5e:00:53:02
### /tmp/ckvlan30/27887-s3r-eth3.pcap: 0 frames
