12:52:15 >>> show vlan 3995
VLAN ID  Name            Type    State   Member ports                   
                                         (u)-Untagged, (t)-Tagged
======= ================ ======= ======= ====================================
3995    ck-svlan         STATIC  ACTIVE  port1.0.2(t) port1.0.26(t)
12:52:16 >>> show vlan 3996
VLAN ID  Name            Type    State   Member ports                   
                                         (u)-Untagged, (t)-Tagged
======= ================ ======= ======= ====================================
3996    ck-wire          STATIC  ACTIVE  port1.0.2(t) port1.0.26(t)
12:52:17 >>> show running-config interface port1.0.2
!
interface port1.0.2
 switchport
 switchport mode trunk
 switchport trunk allowed vlan add 3995-3996
!
12:52:18 >>> show running-config interface port1.0.26
!
interface port1.0.26
 switchport
 switchport mode trunk
 switchport trunk allowed vlan add 3995-3996
!
12:52:19 >>> show interface port1.0.2,port1.0.26 status
Port        Name               Status      Vlan      Duplex Speed   Type        
--------------------------------------------------------------------------------
port1.0.2   -                  connected       trunk a-full a-1000  10GBASE-TM  
port1.0.26  -                  notconnect      trunk auto   auto    1000BASE-SX
