### 12:54:02 counters before
12:54:06 >>> show interface port3.0.13,port4.0.26 | include Interface|input packets|output packets
show interface port3.0.13,port4.0.26 | include Interface|input packets

|output packets

Interface port3.0.13
    input packets 2142, bytes 161736, dropped 0, multicast packets 2
    output packets 287561, bytes 31006992, multicast packets 108067, broadcast packets 484
Interface port4.0.26
    input packets 139038, bytes 14678684, dropped 0, multicast packets 51003
    output packets 168185, bytes 17844476, multicast packets 60042, broadcast packets 321
12:54:10 sent 100 x ip10 src=00:00:5e:00:53:01 dst=00:00:5e:00:53:ff vlan=2100 outer=None on eth1 in 0.52s
### 12:54:13 counters after
12:54:17 >>> show interface port3.0.13,port4.0.26 | include Interface|input packets|output packets
show interface port3.0.13,port4.0.26 | include Interface|input packets

|output packets

Interface port3.0.13
    input packets 2242, bytes 170736, dropped 0, multicast packets 2
    output packets 287583, bytes 31009192, multicast packets 108067, broadcast packets 484
Interface port4.0.26
    input packets 139072, bytes 14682140, dropped 0, multicast packets 51004
    output packets 168308, bytes 17856188, multicast packets 60043, broadcast packets 321
### tcpdump logs
tcpdump: listening on eth2, link-type EN10MB (Ethernet), snapshot length 262144 bytes
100 packets captured
100 packets received by filter
0 packets dropped by kernel
tcpdump: listening on eth3, link-type EN10MB (Ethernet), snapshot length 262144 bytes
0 packets captured
0 packets received by filter
0 packets dropped by kernel
### captures
### /tmp/ckvlan30/27887-s1f-eth2.pcap: 100 frames
    100  marker=s1f        tags=3995,2100   type=0x0800 dst=00:00:5e:00:53:ff src=00:00:5e:00:53:01
### /tmp/ckvlan30/27887-s1f-eth3.pcap: 0 frames
