12:51:10 >>> configure terminal
Enter configuration commands, one per line.  End with CNTL/Z.
12:51:11 >>> interface port3.0.13,port4.0.26
12:51:13 >>> shutdown
switch: port 15(port3.0.13) entered disabled state
switch: port 15(port3.0.13) entered disabled state
switch: port 82(port4.0.26) entered disabled state
IE520-stk(config-if)#switch: port 82(port4.0.26) entered disabled state
12:51:14 >>> exit
12:51:15 >>> vlan database
12:51:16 >>> vlan 3995 name ck-svlan
12:51:17 >>> vlan 3996 name ck-wire
12:51:18 >>> exit
12:51:20 >>> interface port3.0.13
12:51:21 >>> switchport access vlan 3995
12:51:22 >>> switchport vlan-stacking customer-edge-port
12:51:23 >>> exit
12:51:24 >>> interface port4.0.26
12:51:25 >>> switchport mode trunk
12:51:26 >>> switchport trunk allowed vlan add 3995
12:51:28 >>> switchport vlan-stacking provider-port
12:51:29 >>> end
12:51:30 >>> show interface port3.0.13,port4.0.26 switchport
^
% Invalid input detected at '^' marker.
!!! CLI error on 'show interface port3.0.13,port4.0.26 switchport' -- stopping
