self-test OK: 'show clock ?' then Ctrl-U then CR executed nothing
12:47:32 >>> configure terminal
Enter configuration commands, one per line.  End with CNTL/Z.
12:47:34 >>> vlan-stacking ?
vlan-stacking ?
% Unrecognized command
[K[32CIE520-stk(config)#vlan-stacking 
12:47:37 >>> vlan ?
vlan ?
  access-map  Configure VLAN Access Map
  classifier  Vlan classification commands
  database    Configure VLAN database
  filter      Configure VLAN Access Map Filter

[K[23CIE520-stk(config)#vlan 
12:47:39 >>> platform ?
platform ?
  acls-to-vlanclassifiers            Set the split between acls and vlan
                                     classifiers
  arp-ratelimit                      PPS limit for ARP packets processed by
                                     the CPU
  control-plane-prioritization       Set the control-plane-prioritization
  extended-acl-vlan-actions          Enable support for extended ACL VLAN
                                     actions
  fdb-chain-length                   Set fdb hash chain length 
  fdb-l3-hosts                       Allow L3 hosts to be stored in the FDB
                                     table
  inter-chip-header                  Configure the Inter-chip header
  jumboframe                         Enable forwarding of jumbo frames
  l2mc-overlap                       Enable support at layer 2 for overlapped
                                     multicast groups
  l2mc-table                         L2 multicast table options
  load-balancing                     Set load balancing algorithm for channels
  multicast-address-mismatch-action  Action to take when multicast packets
                                     have mismatched DA and DIP
  multicast-ratelimit                PPS limit, zero to remove limit
  port-tx-recovery                   Enable Port Tx Recovery
  routingratio                       Set the ratios of ipv4 and ipv6 routes
  sdn-route-ratio                    Set the route ratio for SDN applications
  stop-unreg-mc-flooding             Stop unregistered multicast packets from
                                     flooding out all ports on the VLAN. This
                                     feature breaks IPv6.
  vlan-stacking-tpid                 Set the Tag Protocol Identifier for
                                     vlan-stacking

[K[27CIE520-stk(config)#platform 
