### 12:55:34 counters before
12:55:38 >>> show interface port3.0.13,port4.0.26 | include Interface|input packets|output packets
show interface port3.0.13,port4.0.26 | include Interface|input packets

|output packets

Interface port3.0.13
    input packets 2242, bytes 170736, dropped 0, multicast packets 2
    output packets 287876, bytes 31037396, multicast packets 108070, broadcast packets 484
Interface port4.0.26
    input packets 139414, bytes 14716316, dropped 0, multicast packets 51006
    output packets 168470, bytes 17872644, multicast packets 60045, broadcast packets 321
12:55:42 sent 100 x ip10 src=00:00:5e:00:53:01 dst=00:00:5e:00:53:ff vlan=2100 outer=None on eth1 in 0.52s
### 12:55:45 counters after
12:55:49 >>> show interface port3.0.13,port4.0.26 | include Interface|input packets|output packets
show interface port3.0.13,port4.0.26 | include Interface|input packets

|output packets

Interface port3.0.13
    input packets 2342, bytes 179736, dropped 0, multicast packets 2
    output packets 287909, bytes 31040696, multicast packets 108070, broadcast packets 484
Interface port4.0.26
    input packets 139448, bytes 14719772, dropped 0, multicast packets 51007
    output packets 168593, bytes 17884356, multicast packets 60046, broadcast packets 321
### tcpdump logs
tcpdump: listening on eth2, link-type EN10MB (Ethernet), snapshot length 262144 bytes
100 packets captured
100 packets received by filter
0 packets dropped by kernel
tcpdump: listening on eth3, link-type EN10MB (Ethernet), snapshot length 262144 bytes
0 packets captured
0 packets received by filter
0 packets dropped by kernel
### captures
### /tmp/ckvlan30/27887-s2f-eth2.pcap: 100 frames
    100  marker=s2f        tags=3996,2100   type=0x0800 dst=00:00:5e:00:53:ff src=00:00:5e:00:53:01
### /tmp/ckvlan30/27887-s2f-eth3.pcap: 0 frames
