12:52:36 >>> configure terminal
Enter configuration commands, one per line.  End with CNTL/Z.
12:52:37 >>> interface port1.0.26
12:52:38 >>> switchport trunk native vlan 4000
12:52:39 >>> end
12:52:40 >>> show vlan 4000
VLAN ID  Name            Type    State   Member ports                   
                                         (u)-Untagged, (t)-Tagged
======= ================ ======= ======= ====================================
4000    sx-link          STATIC  ACTIVE  port1.0.26(u)
12:52:41 >>> show vlan 1
VLAN ID  Name            Type    State   Member ports                   
                                         (u)-Untagged, (t)-Tagged
======= ================ ======= ======= ====================================
1       default          STATIC  ACTIVE  sa3(u) port1.0.1(u) port1.0.2(u) 
                                         port1.0.3(u) port1.0.4(u) port1.0.5(u) 
                                         port1.0.6(u) port1.0.7(u) port1.0.8(u) 
                                         port1.0.9(u) port1.0.10(u) 
                                         port1.0.11(u) port1.0.12(u) 
                                         port1.0.13(u) port1.0.14(u) 
                                         port1.0.15(u) port1.0.16(u) 
                                         port1.0.17(u) port1.0.18(u) 
                                         port1.0.19(u) port1.0.20(u) 
                                         port1.0.21(u) port1.0.22(u) 
                                         port1.0.23(u) port1.0.24(u) 
                                         port1.0.25(u)
