### 12:54:31 counters before
12:54:36 >>> show interface port3.0.13,port4.0.26 | include Interface|input packets|output packets
show interface port3.0.13,port4.0.26 | include Interface|input packets

|output packets

Interface port3.0.13
    input packets 2242, bytes 170736, dropped 0, multicast packets 2
    output packets 287622, bytes 31013060, multicast packets 108068, broadcast packets 484
Interface port4.0.26
    input packets 139129, bytes 14687992, dropped 0, multicast packets 51004
    output packets 168346, bytes 17860064, multicast packets 60043, broadcast packets 321
12:54:39 sent 100 x ip10 src=00:00:5e:00:53:02 dst=00:00:5e:00:53:ff vlan=2100 outer=3995 on eth2 in 0.53s
### 12:54:43 counters after
12:54:47 >>> show interface port3.0.13,port4.0.26 | include Interface|input packets|output packets
show interface port3.0.13,port4.0.26 | include Interface|input packets

|output packets

Interface port3.0.13
    input packets 2242, bytes 170736, dropped 0, multicast packets 2
    output packets 287744, bytes 31024260, multicast packets 108068, broadcast packets 484
Interface port4.0.26
    input packets 139263, bytes 14700848, dropped 0, multicast packets 51005
    output packets 168368, bytes 17862308, multicast packets 60043, broadcast packets 321
### tcpdump logs
tcpdump: listening on eth1, link-type EN10MB (Ethernet), snapshot length 262144 bytes
100 packets captured
100 packets received by filter
0 packets dropped by kernel
tcpdump: listening on eth3, link-type EN10MB (Ethernet), snapshot length 262144 bytes
0 packets captured
0 packets received by filter
0 packets dropped by kernel
### captures
### /tmp/ckvlan30/27887-s1r-eth1.pcap: 100 frames
    100  marker=s1r        tags=2100        type=0x0800 dst=00:00:5e:00:53:ff src=00:00:5e:00:53:02
### /tmp/ckvlan30/27887-s1r-eth3.pcap: 0 frames
