self-test OK: 'show clock ?' then Ctrl-U then CR executed nothing
12:48:11 >>> -- ?
-- ?
% Unrecognized command
[K[13CIE520-stk#-- 
12:48:13 >>> show vlan ?
show vlan ?
  <1-4094>      VLAN id
  access-map    Show VLAN Access Map
  all           All VLANs(static and dynamic)
  auto          Auto configured VLANS
  brief         VLAN information for all bridges (static and dynamic)
  classifier    Vlan classification commands
  dynamic       Dynamic VLANS
  filter        Show VLAN Access Map Filter
  internal      Internal/reserved VLANs
  private-vlan  Display private VLAN information
  static        Static VLANs

[K[20CIE520-stk#show vlan 
12:48:15 >>> show platform ?
show platform ?
  bist        Display the BIST results
  classifier  Classifier
  counter     Display silicon counters
  diff        Compare the results of a show platform command across all
              instances
  full-debug  complete detailed debug information
  mem         Display silicon tables
  phy         Display silicon phy values
  port        Display port registers and configurations
  portstorm   Display the port storm results
  prbs        Display the PRBS results
  register    Display or modify silicon register values
  sensors     Integrated diagnostic sensors
  swtable     Display software tables
  table       Display software and silicon composite tables
  |           Output modifiers
  >           Output redirection
  >>          Output redirection (append)
  <cr>

[K[24CIE520-stk#show platform 
