13:01:57 >>> configure terminal
Enter configuration commands, one per line.  End with CNTL/Z.
13:01:59 >>> interface port3.0.13,port4.0.26
13:02:00 >>> shutdown
switch: port 15(port3.0.13) entered disabled state
switch: port 15(port3.0.13) entered disabled state
switch: port 82(port4.0.26) entered disabled state
IE520-stk(config-if)#switch: port 82(port4.0.26) entered disabled state
13:02:01 >>> exit
13:02:02 >>> interface port4.0.26
13:02:04 >>> no switchport vlan-stacking
13:02:05 >>> no switchport vlan translation all
13:02:06 >>> switchport trunk allowed vlan remove 3995
13:02:07 >>> no switchport trunk native vlan
13:02:08 >>> switchport mode access
13:02:09 >>> switchport access vlan 4000
13:02:11 >>> exit
13:02:12 >>> interface port3.0.13
13:02:13 >>> no switchport vlan translation all
13:02:14 >>> switchport trunk allowed vlan remove 3995
13:02:15 >>> no switchport trunk native vlan
13:02:16 >>> switchport mode access
13:02:17 >>> exit
13:02:19 >>> vlan database
13:02:20 >>> no vlan 3995-3996
13:02:21 >>> exit
13:02:22 >>> end
13:02:23 >>> show running-config interface port3.0.13
!
interface port3.0.13
 switchport
 switchport mode access
 shutdown
!
13:02:25 >>> show running-config interface port4.0.26
!
interface port4.0.26
 switchport
 switchport mode access
 switchport access vlan 4000
 shutdown
!
