13:02:40 >>> configure terminal
Enter configuration commands, one per line.  End with CNTL/Z.
13:02:42 >>> interface port1.0.26,port1.0.2
13:02:43 >>> switchport trunk allowed vlan remove 3995,3996
13:02:44 >>> exit
13:02:45 >>> interface port1.0.26
13:02:46 >>> no switchport trunk native vlan
13:02:47 >>> switchport mode access
13:02:49 >>> switchport access vlan 4000
13:02:50 >>> exit
13:02:51 >>> interface port1.0.2
13:02:52 >>> switchport mode access
13:02:53 >>> exit
13:02:54 >>> vlan database
13:02:55 >>> no vlan 3995-3996
13:02:57 >>> exit
13:02:58 >>> end
13:02:59 >>> show running-config interface port1.0.2
!
interface port1.0.2
 switchport
 switchport mode access
!
13:03:00 >>> show running-config interface port1.0.26
!
interface port1.0.26
 switchport
 switchport mode access
 switchport access vlan 4000
!
