19:58:06: ================ PowerGroup has been initialised ================
19:58:06: ======== Turning PowerGroup on
19:58:06: PowerGroup._pdu_cmd(on, [1], 3) called
19:58:06: Waiting for pdu lock
19:58:06: ...lock acquired
19:58:06: Power outlets are already in the desired state
19:58:06: ...lock released
19:58:06: Turning PowerGroup on: Success
20:05:51: ========= TestCase 1 Starting =========
20:06:14: ======== Turning PowerGroup off
20:06:14: PowerGroup._pdu_cmd(off, [1], 3) called
20:06:14: Waiting for pdu lock
20:06:14: ...lock acquired
20:06:14: HTTP POST was successfully executed
20:06:15: PowerGroup._pdu_cmd(status, [1], 3) called
20:06:15: Waiting for pdu lock
20:06:15: ...lock acquired
20:06:15: Current outlet status: {1: '0', 2: '1', 3: '1', 4: '1', 5: '1', 6: '1', 7: '1', 8: '1', 9: '1', 10: '0', 11: '0', 12: '0', 13: '0', 14: '0', 15: '0', 16: '0', 17: '1', 18: '0', 19: '0', 20: '0', 21: '0', 22: '0', 23: '0', 24: '0', 25: '0'}
20:06:15: ...lock released
20:06:15: Power outlets have been successfully turned off
20:06:15: ...lock released
20:06:15: Turning PowerGroup off: Success
20:06:30: ======== Turning PowerGroup on
20:06:30: PowerGroup._pdu_cmd(on, [1], 3) called
20:06:30: Waiting for pdu lock
20:06:30: ...lock acquired
20:06:30: Sleep 0 seconds to work around the x610 power supply issue
20:06:30: HTTP POST was successfully executed
20:06:33: PowerGroup._pdu_cmd(status, [1], 3) called
20:06:33: Waiting for pdu lock
20:06:33: ...lock acquired
20:06:33: Current outlet status: {1: '1', 2: '1', 3: '1', 4: '1', 5: '1', 6: '1', 7: '1', 8: '1', 9: '1', 10: '0', 11: '0', 12: '0', 13: '0', 14: '0', 15: '0', 16: '0', 17: '1', 18: '0', 19: '0', 20: '0', 21: '0', 22: '0', 23: '0', 24: '0', 25: '0'}
20:06:33: ...lock released
20:06:33: Power outlets have been successfully turned on
20:06:33: ...lock released
20:06:33: Turning PowerGroup on: Success
20:09:38: ========= TestCase 1 Tear Down =========
20:09:51: ========= TestCase 2 Starting =========
20:09:56: ======== Turning PowerGroup off
20:09:56: PowerGroup._pdu_cmd(off, [1], 3) called
20:09:56: Waiting for pdu lock
20:09:56: ...lock acquired
20:09:56: HTTP POST was successfully executed
20:09:57: PowerGroup._pdu_cmd(status, [1], 3) called
20:09:57: Waiting for pdu lock
20:09:57: ...lock acquired
20:09:57: Current outlet status: {1: '0', 2: '1', 3: '1', 4: '1', 5: '1', 6: '1', 7: '1', 8: '1', 9: '1', 10: '0', 11: '0', 12: '0', 13: '0', 14: '0', 15: '0', 16: '0', 17: '1', 18: '0', 19: '0', 20: '0', 21: '0', 22: '0', 23: '0', 24: '0', 25: '0'}
20:09:57: ...lock released
20:09:57: Power outlets have been successfully turned off
20:09:57: ...lock released
20:09:57: Turning PowerGroup off: Success
20:10:13: ======== Turning PowerGroup on
20:10:13: PowerGroup._pdu_cmd(on, [1], 3) called
20:10:13: Waiting for pdu lock
20:10:13: ...lock acquired
20:10:13: Sleep 0 seconds to work around the x610 power supply issue
20:10:13: HTTP POST was successfully executed
20:10:16: PowerGroup._pdu_cmd(status, [1], 3) called
20:10:16: Waiting for pdu lock
20:10:16: ...lock acquired
20:10:16: Current outlet status: {1: '1', 2: '1', 3: '1', 4: '1', 5: '1', 6: '1', 7: '1', 8: '1', 9: '1', 10: '0', 11: '0', 12: '0', 13: '0', 14: '0', 15: '0', 16: '0', 17: '1', 18: '0', 19: '0', 20: '0', 21: '0', 22: '0', 23: '0', 24: '0', 25: '0'}
20:10:16: ...lock released
20:10:16: Power outlets have been successfully turned on
20:10:16: ...lock released
20:10:16: Turning PowerGroup on: Success
20:12:46: ======== Turning PowerGroup off
20:12:46: PowerGroup._pdu_cmd(off, [1], 3) called
20:12:46: Waiting for pdu lock
20:12:46: ...lock acquired
20:12:46: HTTP POST was successfully executed
20:12:47: PowerGroup._pdu_cmd(status, [1], 3) called
20:12:47: Waiting for pdu lock
20:12:47: ...lock acquired
20:12:47: Current outlet status: {1: '0', 2: '1', 3: '1', 4: '1', 5: '1', 6: '1', 7: '1', 8: '1', 9: '1', 10: '0', 11: '0', 12: '0', 13: '0', 14: '0', 15: '0', 16: '0', 17: '1', 18: '0', 19: '0', 20: '0', 21: '0', 22: '0', 23: '0', 24: '0', 25: '0'}
20:12:47: ...lock released
20:12:47: Power outlets have been successfully turned off
20:12:47: ...lock released
20:12:47: Turning PowerGroup off: Success
20:13:03: ======== Turning PowerGroup on
20:13:03: PowerGroup._pdu_cmd(on, [1], 3) called
20:13:04: Waiting for pdu lock
20:13:04: ...lock acquired
20:13:04: Sleep 0 seconds to work around the x610 power supply issue
20:13:04: HTTP POST was successfully executed
20:13:07: PowerGroup._pdu_cmd(status, [1], 3) called
20:13:07: Waiting for pdu lock
20:13:07: ...lock acquired
20:13:07: Current outlet status: {1: '1', 2: '1', 3: '1', 4: '1', 5: '1', 6: '1', 7: '1', 8: '1', 9: '1', 10: '0', 11: '0', 12: '0', 13: '0', 14: '0', 15: '0', 16: '0', 17: '1', 18: '0', 19: '0', 20: '0', 21: '0', 22: '0', 23: '0', 24: '0', 25: '0'}
20:13:07: ...lock released
20:13:07: Power outlets have been successfully turned on
20:13:07: ...lock released
20:13:07: Turning PowerGroup on: Success
20:14:27: ======== Turning PowerGroup off
20:14:27: PowerGroup._pdu_cmd(off, [1], 3) called
20:14:27: Waiting for pdu lock
20:14:27: ...lock acquired
20:14:27: HTTP POST was successfully executed
20:14:28: PowerGroup._pdu_cmd(status, [1], 3) called
20:14:28: Waiting for pdu lock
20:14:28: ...lock acquired
20:14:28: Current outlet status: {1: '0', 2: '1', 3: '1', 4: '1', 5: '1', 6: '1', 7: '1', 8: '1', 9: '1', 10: '0', 11: '0', 12: '0', 13: '0', 14: '0', 15: '0', 16: '0', 17: '1', 18: '0', 19: '0', 20: '0', 21: '0', 22: '0', 23: '0', 24: '0', 25: '0'}
20:14:28: ...lock released
20:14:28: Power outlets have been successfully turned off
20:14:28: ...lock released
20:14:28: Turning PowerGroup off: Success
20:14:44: ======== Turning PowerGroup on
20:14:44: PowerGroup._pdu_cmd(on, [1], 3) called
20:14:44: Waiting for pdu lock
20:14:44: ...lock acquired
20:14:44: Sleep 0 seconds to work around the x610 power supply issue
20:14:44: HTTP POST was successfully executed
20:14:47: PowerGroup._pdu_cmd(status, [1], 3) called
20:14:47: Waiting for pdu lock
20:14:47: ...lock acquired
20:14:47: Current outlet status: {1: '1', 2: '1', 3: '1', 4: '1', 5: '1', 6: '1', 7: '1', 8: '1', 9: '1', 10: '0', 11: '0', 12: '0', 13: '0', 14: '0', 15: '0', 16: '0', 17: '1', 18: '0', 19: '0', 20: '0', 21: '0', 22: '0', 23: '0', 24: '0', 25: '0'}
20:14:47: ...lock released
20:14:47: Power outlets have been successfully turned on
20:14:47: ...lock released
20:14:47: Turning PowerGroup on: Success
20:16:07: ======== Turning PowerGroup off
20:16:07: PowerGroup._pdu_cmd(off, [1], 3) called
20:16:07: Waiting for pdu lock
20:16:07: ...lock acquired
20:16:07: HTTP POST was successfully executed
20:16:08: PowerGroup._pdu_cmd(status, [1], 3) called
20:16:08: Waiting for pdu lock
20:16:08: ...lock acquired
20:16:08: Current outlet status: {1: '0', 2: '1', 3: '1', 4: '1', 5: '1', 6: '1', 7: '1', 8: '1', 9: '1', 10: '0', 11: '0', 12: '0', 13: '0', 14: '0', 15: '0', 16: '0', 17: '1', 18: '0', 19: '0', 20: '0', 21: '0', 22: '0', 23: '0', 24: '0', 25: '0'}
20:16:08: ...lock released
20:16:08: Power outlets have been successfully turned off
20:16:08: ...lock released
20:16:08: Turning PowerGroup off: Success
20:16:24: ======== Turning PowerGroup on
20:16:24: PowerGroup._pdu_cmd(on, [1], 3) called
20:16:24: Waiting for pdu lock
20:16:24: ...lock acquired
20:16:24: Sleep 0 seconds to work around the x610 power supply issue
20:16:24: HTTP POST was successfully executed
20:16:27: PowerGroup._pdu_cmd(status, [1], 3) called
20:16:27: Waiting for pdu lock
20:16:27: ...lock acquired
20:16:27: Current outlet status: {1: '1', 2: '1', 3: '1', 4: '1', 5: '1', 6: '1', 7: '1', 8: '1', 9: '1', 10: '0', 11: '0', 12: '0', 13: '0', 14: '0', 15: '0', 16: '0', 17: '1', 18: '0', 19: '0', 20: '0', 21: '0', 22: '0', 23: '0', 24: '0', 25: '0'}
20:16:27: ...lock released
20:16:27: Power outlets have been successfully turned on
20:16:27: ...lock released
20:16:27: Turning PowerGroup on: Success
20:17:47: ======== Turning PowerGroup off
20:17:47: PowerGroup._pdu_cmd(off, [1], 3) called
20:17:47: Waiting for pdu lock
20:17:47: ...lock acquired
20:17:47: HTTP POST was successfully executed
20:17:48: PowerGroup._pdu_cmd(status, [1], 3) called
20:17:49: Waiting for pdu lock
20:17:49: ...lock acquired
20:17:49: Current outlet status: {1: '0', 2: '1', 3: '1', 4: '1', 5: '1', 6: '1', 7: '1', 8: '1', 9: '1', 10: '0', 11: '0', 12: '0', 13: '0', 14: '0', 15: '0', 16: '0', 17: '1', 18: '0', 19: '0', 20: '0', 21: '0', 22: '0', 23: '0', 24: '0', 25: '0'}
20:17:49: ...lock released
20:17:49: Power outlets have been successfully turned off
20:17:49: ...lock released
20:17:49: Turning PowerGroup off: Success
20:18:04: ======== Turning PowerGroup on
20:18:04: PowerGroup._pdu_cmd(on, [1], 3) called
20:18:04: Waiting for pdu lock
20:18:04: ...lock acquired
20:18:04: Sleep 0 seconds to work around the x610 power supply issue
20:18:04: HTTP POST was successfully executed
20:18:07: PowerGroup._pdu_cmd(status, [1], 3) called
20:18:07: Waiting for pdu lock
20:18:07: ...lock acquired
20:18:07: Current outlet status: {1: '1', 2: '1', 3: '1', 4: '1', 5: '1', 6: '1', 7: '1', 8: '1', 9: '1', 10: '0', 11: '0', 12: '0', 13: '0', 14: '0', 15: '0', 16: '0', 17: '1', 18: '0', 19: '0', 20: '0', 21: '0', 22: '0', 23: '0', 24: '0', 25: '0'}
20:18:07: ...lock released
20:18:07: Power outlets have been successfully turned on
20:18:07: ...lock released
20:18:07: Turning PowerGroup on: Success
20:19:27: ======== Turning PowerGroup off
20:19:27: PowerGroup._pdu_cmd(off, [1], 3) called
20:19:27: Waiting for pdu lock
20:19:27: ...lock acquired
20:19:27: HTTP POST was successfully executed
20:19:28: PowerGroup._pdu_cmd(status, [1], 3) called
20:19:28: Waiting for pdu lock
20:19:28: ...lock acquired
20:19:28: Current outlet status: {1: '0', 2: '1', 3: '1', 4: '1', 5: '1', 6: '1', 7: '1', 8: '1', 9: '1', 10: '0', 11: '0', 12: '0', 13: '0', 14: '0', 15: '0', 16: '0', 17: '1', 18: '0', 19: '0', 20: '0', 21: '0', 22: '0', 23: '0', 24: '0', 25: '0'}
20:19:28: ...lock released
20:19:28: Power outlets have been successfully turned off
20:19:28: ...lock released
20:19:28: Turning PowerGroup off: Success
20:19:45: ======== Turning PowerGroup on
20:19:45: PowerGroup._pdu_cmd(on, [1], 3) called
20:19:45: Waiting for pdu lock
20:19:45: ...lock acquired
20:19:45: Sleep 0 seconds to work around the x610 power supply issue
20:19:45: HTTP POST was successfully executed
20:19:48: PowerGroup._pdu_cmd(status, [1], 3) called
20:19:48: Waiting for pdu lock
20:19:48: ...lock acquired
20:19:48: Current outlet status: {1: '1', 2: '1', 3: '1', 4: '1', 5: '1', 6: '1', 7: '1', 8: '1', 9: '1', 10: '0', 11: '0', 12: '0', 13: '0', 14: '0', 15: '0', 16: '0', 17: '1', 18: '0', 19: '0', 20: '0', 21: '0', 22: '0', 23: '0', 24: '0', 25: '0'}
20:19:48: ...lock released
20:19:48: Power outlets have been successfully turned on
20:19:48: ...lock released
20:19:48: Turning PowerGroup on: Success
20:21:08: ======== Turning PowerGroup off
20:21:08: PowerGroup._pdu_cmd(off, [1], 3) called
20:21:08: Waiting for pdu lock
20:21:08: ...lock acquired
20:21:08: HTTP POST was successfully executed
20:21:09: PowerGroup._pdu_cmd(status, [1], 3) called
20:21:09: Waiting for pdu lock
20:21:09: ...lock acquired
20:21:09: Current outlet status: {1: '0', 2: '1', 3: '1', 4: '1', 5: '1', 6: '1', 7: '1', 8: '1', 9: '1', 10: '0', 11: '0', 12: '0', 13: '0', 14: '0', 15: '0', 16: '0', 17: '1', 18: '0', 19: '0', 20: '0', 21: '0', 22: '0', 23: '0', 24: '0', 25: '0'}
20:21:09: ...lock released
20:21:09: Power outlets have been successfully turned off
20:21:09: ...lock released
20:21:09: Turning PowerGroup off: Success
20:21:25: ======== Turning PowerGroup on
20:21:25: PowerGroup._pdu_cmd(on, [1], 3) called
20:21:25: Waiting for pdu lock
20:21:25: ...lock acquired
20:21:25: Sleep 0 seconds to work around the x610 power supply issue
20:21:25: HTTP POST was successfully executed
20:21:28: PowerGroup._pdu_cmd(status, [1], 3) called
20:21:28: Waiting for pdu lock
20:21:28: ...lock acquired
20:21:28: Current outlet status: {1: '1', 2: '1', 3: '1', 4: '1', 5: '1', 6: '1', 7: '1', 8: '1', 9: '1', 10: '0', 11: '0', 12: '0', 13: '0', 14: '0', 15: '0', 16: '0', 17: '1', 18: '0', 19: '0', 20: '0', 21: '0', 22: '0', 23: '0', 24: '0', 25: '0'}
20:21:28: ...lock released
20:21:28: Power outlets have been successfully turned on
20:21:28: ...lock released
20:21:28: Turning PowerGroup on: Success
20:22:48: ======== Turning PowerGroup off
20:22:48: PowerGroup._pdu_cmd(off, [1], 3) called
20:22:48: Waiting for pdu lock
20:22:48: ...lock acquired
20:22:48: HTTP POST was successfully executed
20:22:49: PowerGroup._pdu_cmd(status, [1], 3) called
20:22:49: Waiting for pdu lock
20:22:49: ...lock acquired
20:22:49: Current outlet status: {1: '0', 2: '1', 3: '1', 4: '1', 5: '1', 6: '1', 7: '1', 8: '1', 9: '1', 10: '0', 11: '0', 12: '0', 13: '0', 14: '0', 15: '0', 16: '0', 17: '1', 18: '0', 19: '0', 20: '0', 21: '0', 22: '0', 23: '0', 24: '0', 25: '0'}
20:22:49: ...lock released
20:22:49: Power outlets have been successfully turned off
20:22:49: ...lock released
20:22:49: Turning PowerGroup off: Success
20:23:05: ======== Turning PowerGroup on
20:23:05: PowerGroup._pdu_cmd(on, [1], 3) called
20:23:05: Waiting for pdu lock
20:23:05: ...lock acquired
20:23:05: Sleep 0 seconds to work around the x610 power supply issue
20:23:05: HTTP POST was successfully executed
20:23:08: PowerGroup._pdu_cmd(status, [1], 3) called
20:23:08: Waiting for pdu lock
20:23:08: ...lock acquired
20:23:08: Current outlet status: {1: '1', 2: '1', 3: '1', 4: '1', 5: '1', 6: '1', 7: '1', 8: '1', 9: '1', 10: '0', 11: '0', 12: '0', 13: '0', 14: '0', 15: '0', 16: '0', 17: '1', 18: '0', 19: '0', 20: '0', 21: '0', 22: '0', 23: '0', 24: '0', 25: '0'}
20:23:08: ...lock released
20:23:08: Power outlets have been successfully turned on
20:23:08: ...lock released
20:23:08: Turning PowerGroup on: Success
20:24:35: ======== Turning PowerGroup off
20:24:35: PowerGroup._pdu_cmd(off, [1], 3) called
20:24:35: Waiting for pdu lock
20:24:35: ...lock acquired
20:24:35: HTTP POST was successfully executed
20:24:36: PowerGroup._pdu_cmd(status, [1], 3) called
20:24:36: Waiting for pdu lock
20:24:36: ...lock acquired
20:24:36: Current outlet status: {1: '0', 2: '1', 3: '1', 4: '1', 5: '1', 6: '1', 7: '1', 8: '1', 9: '1', 10: '0', 11: '0', 12: '0', 13: '0', 14: '0', 15: '0', 16: '0', 17: '1', 18: '0', 19: '0', 20: '0', 21: '0', 22: '0', 23: '0', 24: '0', 25: '0'}
20:24:36: ...lock released
20:24:36: Power outlets have been successfully turned off
20:24:36: ...lock released
20:24:36: Turning PowerGroup off: Success
20:24:53: ======== Turning PowerGroup on
20:24:53: PowerGroup._pdu_cmd(on, [1], 3) called
20:24:54: Waiting for pdu lock
20:24:54: ...lock acquired
20:24:54: Sleep 0 seconds to work around the x610 power supply issue
20:24:54: HTTP POST was successfully executed
20:24:57: PowerGroup._pdu_cmd(status, [1], 3) called
20:24:57: Waiting for pdu lock
20:24:57: ...lock acquired
20:24:57: Current outlet status: {1: '1', 2: '1', 3: '1', 4: '1', 5: '1', 6: '1', 7: '1', 8: '1', 9: '1', 10: '0', 11: '0', 12: '0', 13: '0', 14: '0', 15: '0', 16: '0', 17: '1', 18: '0', 19: '0', 20: '0', 21: '0', 22: '0', 23: '0', 24: '0', 25: '0'}
20:24:57: ...lock released
20:24:57: Power outlets have been successfully turned on
20:24:57: ...lock released
20:24:57: Turning PowerGroup on: Success
20:26:10: ======== Turning PowerGroup off
20:26:10: PowerGroup._pdu_cmd(off, [1], 3) called
20:26:10: Waiting for pdu lock
20:26:10: ...lock acquired
20:26:10: HTTP POST was successfully executed
20:26:11: PowerGroup._pdu_cmd(status, [1], 3) called
20:26:11: Waiting for pdu lock
20:26:11: ...lock acquired
20:26:11: Current outlet status: {1: '0', 2: '1', 3: '1', 4: '1', 5: '1', 6: '1', 7: '1', 8: '1', 9: '1', 10: '0', 11: '0', 12: '0', 13: '0', 14: '0', 15: '0', 16: '0', 17: '1', 18: '0', 19: '0', 20: '0', 21: '0', 22: '0', 23: '0', 24: '0', 25: '0'}
20:26:11: ...lock released
20:26:11: Power outlets have been successfully turned off
20:26:11: ...lock released
20:26:11: Turning PowerGroup off: Success
20:26:27: ======== Turning PowerGroup on
20:26:27: PowerGroup._pdu_cmd(on, [1], 3) called
20:26:27: Waiting for pdu lock
20:26:27: ...lock acquired
20:26:27: Sleep 0 seconds to work around the x610 power supply issue
20:26:27: HTTP POST was successfully executed
20:26:30: PowerGroup._pdu_cmd(status, [1], 3) called
20:26:30: Waiting for pdu lock
20:26:30: ...lock acquired
20:26:30: Current outlet status: {1: '1', 2: '1', 3: '1', 4: '1', 5: '1', 6: '1', 7: '1', 8: '1', 9: '1', 10: '0', 11: '0', 12: '0', 13: '0', 14: '0', 15: '0', 16: '0', 17: '1', 18: '0', 19: '0', 20: '0', 21: '0', 22: '0', 23: '0', 24: '0', 25: '0'}
20:26:30: ...lock released
20:26:30: Power outlets have been successfully turned on
20:26:30: ...lock released
20:26:30: Turning PowerGroup on: Success
20:27:45: ======== Turning PowerGroup off
20:27:45: PowerGroup._pdu_cmd(off, [1], 3) called
20:27:45: Waiting for pdu lock
20:27:45: ...lock acquired
20:27:45: HTTP POST was successfully executed
20:27:46: PowerGroup._pdu_cmd(status, [1], 3) called
20:27:46: Waiting for pdu lock
20:27:46: ...lock acquired
20:27:46: Current outlet status: {1: '0', 2: '1', 3: '1', 4: '1', 5: '1', 6: '1', 7: '1', 8: '1', 9: '1', 10: '0', 11: '0', 12: '0', 13: '0', 14: '0', 15: '0', 16: '0', 17: '1', 18: '0', 19: '0', 20: '0', 21: '0', 22: '0', 23: '0', 24: '0', 25: '0'}
20:27:46: ...lock released
20:27:46: Power outlets have been successfully turned off
20:27:46: ...lock released
20:27:46: Turning PowerGroup off: Success
20:28:02: ======== Turning PowerGroup on
20:28:02: PowerGroup._pdu_cmd(on, [1], 3) called
20:28:02: Waiting for pdu lock
20:28:02: ...lock acquired
20:28:02: Sleep 0 seconds to work around the x610 power supply issue
20:28:03: HTTP POST was successfully executed
20:28:06: PowerGroup._pdu_cmd(status, [1], 3) called
20:28:06: Waiting for pdu lock
20:28:06: ...lock acquired
20:28:06: Current outlet status: {1: '1', 2: '1', 3: '1', 4: '1', 5: '1', 6: '1', 7: '1', 8: '1', 9: '1', 10: '0', 11: '0', 12: '0', 13: '0', 14: '0', 15: '0', 16: '0', 17: '1', 18: '0', 19: '0', 20: '0', 21: '0', 22: '0', 23: '0', 24: '0', 25: '0'}
20:28:06: ...lock released
20:28:06: Power outlets have been successfully turned on
20:28:06: ...lock released
20:28:06: Turning PowerGroup on: Success
20:29:39: ======== Turning PowerGroup off
20:29:39: PowerGroup._pdu_cmd(off, [1], 3) called
20:29:39: Waiting for pdu lock
20:29:39: ...lock acquired
20:29:39: HTTP POST was successfully executed
20:29:40: PowerGroup._pdu_cmd(status, [1], 3) called
20:29:40: Waiting for pdu lock
20:29:40: ...lock acquired
20:29:40: Current outlet status: {1: '0', 2: '1', 3: '1', 4: '1', 5: '1', 6: '1', 7: '1', 8: '1', 9: '1', 10: '0', 11: '0', 12: '0', 13: '0', 14: '0', 15: '0', 16: '0', 17: '1', 18: '0', 19: '0', 20: '0', 21: '0', 22: '0', 23: '0', 24: '0', 25: '0'}
20:29:40: ...lock released
20:29:40: Power outlets have been successfully turned off
20:29:40: ...lock released
20:29:40: Turning PowerGroup off: Success
20:29:55: ======== Turning PowerGroup on
20:29:55: PowerGroup._pdu_cmd(on, [1], 3) called
20:29:55: Waiting for pdu lock
20:29:55: ...lock acquired
20:29:55: Sleep 0 seconds to work around the x610 power supply issue
20:29:55: HTTP POST was successfully executed
20:29:58: PowerGroup._pdu_cmd(status, [1], 3) called
20:29:58: Waiting for pdu lock
20:29:58: ...lock acquired
20:29:58: Current outlet status: {1: '1', 2: '1', 3: '1', 4: '1', 5: '1', 6: '1', 7: '1', 8: '1', 9: '1', 10: '0', 11: '0', 12: '0', 13: '0', 14: '0', 15: '0', 16: '0', 17: '1', 18: '0', 19: '0', 20: '0', 21: '0', 22: '0', 23: '0', 24: '0', 25: '0'}
20:29:58: ...lock released
20:29:58: Power outlets have been successfully turned on
20:29:58: ...lock released
20:29:58: Turning PowerGroup on: Success
20:31:04: ======== Turning PowerGroup off
20:31:04: PowerGroup._pdu_cmd(off, [1], 3) called
20:31:04: Waiting for pdu lock
20:31:04: ...lock acquired
20:31:04: HTTP POST was successfully executed
20:31:05: PowerGroup._pdu_cmd(status, [1], 3) called
20:31:05: Waiting for pdu lock
20:31:05: ...lock acquired
20:31:05: Current outlet status: {1: '0', 2: '1', 3: '1', 4: '1', 5: '1', 6: '1', 7: '1', 8: '1', 9: '1', 10: '0', 11: '0', 12: '0', 13: '0', 14: '0', 15: '0', 16: '0', 17: '1', 18: '0', 19: '0', 20: '0', 21: '0', 22: '0', 23: '0', 24: '0', 25: '0'}
20:31:05: ...lock released
20:31:05: Power outlets have been successfully turned off
20:31:05: ...lock released
20:31:05: Turning PowerGroup off: Success
20:31:20: ======== Turning PowerGroup on
20:31:20: PowerGroup._pdu_cmd(on, [1], 3) called
20:31:20: Waiting for pdu lock
20:31:20: ...lock acquired
20:31:20: Sleep 0 seconds to work around the x610 power supply issue
20:31:20: HTTP POST was successfully executed
20:31:23: PowerGroup._pdu_cmd(status, [1], 3) called
20:31:23: Waiting for pdu lock
20:31:23: ...lock acquired
20:31:23: Current outlet status: {1: '1', 2: '1', 3: '1', 4: '1', 5: '1', 6: '1', 7: '1', 8: '1', 9: '1', 10: '0', 11: '0', 12: '0', 13: '0', 14: '0', 15: '0', 16: '0', 17: '1', 18: '0', 19: '0', 20: '0', 21: '0', 22: '0', 23: '0', 24: '0', 25: '0'}
20:31:23: ...lock released
20:31:23: Power outlets have been successfully turned on
20:31:23: ...lock released
20:31:23: Turning PowerGroup on: Success
20:32:35: ======== Turning PowerGroup off
20:32:35: PowerGroup._pdu_cmd(off, [1], 3) called
20:32:35: Waiting for pdu lock
20:32:35: ...lock acquired
20:32:35: HTTP POST was successfully executed
20:32:36: PowerGroup._pdu_cmd(status, [1], 3) called
20:32:36: Waiting for pdu lock
20:32:36: ...lock acquired
20:32:36: Current outlet status: {1: '0', 2: '1', 3: '1', 4: '1', 5: '1', 6: '1', 7: '1', 8: '1', 9: '1', 10: '0', 11: '0', 12: '0', 13: '0', 14: '0', 15: '0', 16: '0', 17: '1', 18: '0', 19: '0', 20: '0', 21: '0', 22: '0', 23: '0', 24: '0', 25: '0'}
20:32:36: ...lock released
20:32:36: Power outlets have been successfully turned off
20:32:36: ...lock released
20:32:36: Turning PowerGroup off: Success
20:32:55: ======== Turning PowerGroup on
20:32:55: PowerGroup._pdu_cmd(on, [1], 3) called
20:32:55: Waiting for pdu lock
20:32:55: ...lock acquired
20:32:55: Sleep 0 seconds to work around the x610 power supply issue
20:32:55: HTTP POST was successfully executed
20:32:58: PowerGroup._pdu_cmd(status, [1], 3) called
20:32:58: Waiting for pdu lock
20:32:58: ...lock acquired
20:32:58: Current outlet status: {1: '1', 2: '1', 3: '1', 4: '1', 5: '1', 6: '1', 7: '1', 8: '1', 9: '1', 10: '0', 11: '0', 12: '0', 13: '0', 14: '0', 15: '0', 16: '0', 17: '1', 18: '0', 19: '0', 20: '0', 21: '0', 22: '0', 23: '0', 24: '0', 25: '0'}
20:32:58: ...lock released
20:32:58: Power outlets have been successfully turned on
20:32:58: ...lock released
20:32:58: Turning PowerGroup on: Success
20:34:51: ======== Turning PowerGroup off
20:34:51: PowerGroup._pdu_cmd(off, [1], 3) called
20:34:51: Waiting for pdu lock
20:34:51: ...lock acquired
20:34:51: HTTP POST was successfully executed
20:34:52: PowerGroup._pdu_cmd(status, [1], 3) called
20:34:52: Waiting for pdu lock
20:34:52: ...lock acquired
20:34:52: Current outlet status: {1: '0', 2: '1', 3: '1', 4: '1', 5: '1', 6: '1', 7: '1', 8: '1', 9: '1', 10: '0', 11: '0', 12: '0', 13: '0', 14: '0', 15: '0', 16: '0', 17: '1', 18: '0', 19: '0', 20: '0', 21: '0', 22: '0', 23: '0', 24: '0', 25: '0'}
20:34:52: ...lock released
20:34:52: Power outlets have been successfully turned off
20:34:52: ...lock released
20:34:52: Turning PowerGroup off: Success
20:35:08: ======== Turning PowerGroup on
20:35:08: PowerGroup._pdu_cmd(on, [1], 3) called
20:35:08: Waiting for pdu lock
20:35:08: ...lock acquired
20:35:08: Sleep 0 seconds to work around the x610 power supply issue
20:35:08: HTTP POST was successfully executed
20:35:11: PowerGroup._pdu_cmd(status, [1], 3) called
20:35:11: Waiting for pdu lock
20:35:11: ...lock acquired
20:35:11: Current outlet status: {1: '1', 2: '1', 3: '1', 4: '1', 5: '1', 6: '1', 7: '1', 8: '1', 9: '1', 10: '0', 11: '0', 12: '0', 13: '0', 14: '0', 15: '0', 16: '0', 17: '1', 18: '0', 19: '0', 20: '0', 21: '0', 22: '0', 23: '0', 24: '0', 25: '0'}
20:35:11: ...lock released
20:35:11: Power outlets have been successfully turned on
20:35:11: ...lock released
20:35:11: Turning PowerGroup on: Success
20:42:07: ======== Turning PowerGroup off
20:42:07: PowerGroup._pdu_cmd(off, [1], 3) called
20:42:07: Waiting for pdu lock
20:42:07: ...lock acquired
20:42:07: HTTP POST was successfully executed
20:42:08: PowerGroup._pdu_cmd(status, [1], 3) called
20:42:08: Waiting for pdu lock
20:42:08: ...lock acquired
20:42:08: Current outlet status: {1: '0', 2: '1', 3: '1', 4: '1', 5: '1', 6: '1', 7: '1', 8: '1', 9: '1', 10: '0', 11: '0', 12: '0', 13: '0', 14: '0', 15: '0', 16: '0', 17: '1', 18: '0', 19: '0', 20: '0', 21: '0', 22: '0', 23: '0', 24: '0', 25: '0'}
20:42:08: ...lock released
20:42:08: Power outlets have been successfully turned off
20:42:08: ...lock released
20:42:08: Turning PowerGroup off: Success
20:42:23: ======== Turning PowerGroup on
20:42:23: PowerGroup._pdu_cmd(on, [1], 3) called
20:42:23: Waiting for pdu lock
20:42:23: ...lock acquired
20:42:23: Sleep 0 seconds to work around the x610 power supply issue
20:42:23: HTTP POST was successfully executed
20:42:26: PowerGroup._pdu_cmd(status, [1], 3) called
20:42:26: Waiting for pdu lock
20:42:26: ...lock acquired
20:42:26: Current outlet status: {1: '1', 2: '1', 3: '1', 4: '1', 5: '1', 6: '1', 7: '1', 8: '1', 9: '1', 10: '0', 11: '0', 12: '0', 13: '0', 14: '0', 15: '0', 16: '0', 17: '1', 18: '0', 19: '0', 20: '0', 21: '0', 22: '0', 23: '0', 24: '0', 25: '0'}
20:42:26: ...lock released
20:42:26: Power outlets have been successfully turned on
20:42:26: ...lock released
20:42:26: Turning PowerGroup on: Success
20:43:39: ======== Turning PowerGroup off
20:43:39: PowerGroup._pdu_cmd(off, [1], 3) called
20:43:39: Waiting for pdu lock
20:43:39: ...lock acquired
20:43:39: HTTP POST was successfully executed
20:43:40: PowerGroup._pdu_cmd(status, [1], 3) called
20:43:40: Waiting for pdu lock
20:43:40: ...lock acquired
20:43:40: Current outlet status: {1: '0', 2: '1', 3: '1', 4: '1', 5: '1', 6: '1', 7: '1', 8: '1', 9: '1', 10: '0', 11: '0', 12: '0', 13: '0', 14: '0', 15: '0', 16: '0', 17: '1', 18: '0', 19: '0', 20: '0', 21: '0', 22: '0', 23: '0', 24: '0', 25: '0'}
20:43:40: ...lock released
20:43:40: Power outlets have been successfully turned off
20:43:40: ...lock released
20:43:40: Turning PowerGroup off: Success
20:43:56: ======== Turning PowerGroup on
20:43:56: PowerGroup._pdu_cmd(on, [1], 3) called
20:43:56: Waiting for pdu lock
20:43:56: ...lock acquired
20:43:56: Sleep 0 seconds to work around the x610 power supply issue
20:43:56: HTTP POST was successfully executed
20:43:59: PowerGroup._pdu_cmd(status, [1], 3) called
20:43:59: Waiting for pdu lock
20:43:59: ...lock acquired
20:43:59: Current outlet status: {1: '1', 2: '1', 3: '1', 4: '1', 5: '1', 6: '1', 7: '1', 8: '1', 9: '1', 10: '0', 11: '0', 12: '0', 13: '0', 14: '0', 15: '0', 16: '0', 17: '1', 18: '0', 19: '0', 20: '0', 21: '0', 22: '0', 23: '0', 24: '0', 25: '0'}
20:43:59: ...lock released
20:43:59: Power outlets have been successfully turned on
20:43:59: ...lock released
20:43:59: Turning PowerGroup on: Success
20:48:55: ======== Turning PowerGroup off
20:48:55: PowerGroup._pdu_cmd(off, [1], 3) called
20:48:55: Waiting for pdu lock
20:48:55: ...lock acquired
20:48:55: HTTP POST was successfully executed
20:48:56: PowerGroup._pdu_cmd(status, [1], 3) called
20:48:56: Waiting for pdu lock
20:48:56: ...lock acquired
20:48:56: Current outlet status: {1: '0', 2: '1', 3: '1', 4: '1', 5: '1', 6: '1', 7: '1', 8: '1', 9: '1', 10: '0', 11: '0', 12: '0', 13: '0', 14: '0', 15: '0', 16: '0', 17: '1', 18: '0', 19: '0', 20: '0', 21: '0', 22: '0', 23: '0', 24: '0', 25: '0'}
20:48:56: ...lock released
20:48:56: Power outlets have been successfully turned off
20:48:56: ...lock released
20:48:56: Turning PowerGroup off: Success
20:49:03: ======== Turning PowerGroup off
20:49:03: PowerGroup._pdu_cmd(off, [1], 3) called
20:49:03: Waiting for pdu lock
20:49:03: ...lock acquired
20:49:03: Power outlets are already in the desired state
20:49:03: ...lock released
20:49:03: Turning PowerGroup off: Success
20:49:08: ======== Turning PowerGroup off
20:49:08: PowerGroup._pdu_cmd(off, [1], 3) called
20:49:08: Waiting for pdu lock
20:49:08: ...lock acquired
20:49:08: Power outlets are already in the desired state
20:49:08: ...lock released
20:49:08: Turning PowerGroup off: Success
20:49:23: ======== Turning PowerGroup on
20:49:23: PowerGroup._pdu_cmd(on, [1], 3) called
20:49:23: Waiting for pdu lock
20:49:23: ...lock acquired
20:49:23: Sleep 0 seconds to work around the x610 power supply issue
20:49:23: HTTP POST was successfully executed
20:49:26: PowerGroup._pdu_cmd(status, [1], 3) called
20:49:26: Waiting for pdu lock
20:49:26: ...lock acquired
20:49:26: Current outlet status: {1: '1', 2: '1', 3: '1', 4: '1', 5: '1', 6: '1', 7: '1', 8: '1', 9: '1', 10: '0', 11: '0', 12: '0', 13: '0', 14: '0', 15: '0', 16: '0', 17: '1', 18: '0', 19: '0', 20: '0', 21: '0', 22: '0', 23: '0', 24: '0', 25: '0'}
20:49:26: ...lock released
20:49:26: Power outlets have been successfully turned on
20:49:26: ...lock released
20:49:26: Turning PowerGroup on: Success
20:53:02: ========= TestCase 2 Tear Down =========
20:53:22: ======== Turning PowerGroup off
20:53:22: PowerGroup._pdu_cmd(off, [1], 3) called
20:53:22: Waiting for pdu lock
20:53:22: ...lock acquired
20:53:22: HTTP POST was successfully executed
20:53:23: PowerGroup._pdu_cmd(status, [1], 3) called
20:53:23: Waiting for pdu lock
20:53:23: ...lock acquired
20:53:23: Current outlet status: {1: '0', 2: '1', 3: '1', 4: '1', 5: '1', 6: '1', 7: '1', 8: '1', 9: '1', 10: '0', 11: '0', 12: '0', 13: '0', 14: '0', 15: '0', 16: '0', 17: '1', 18: '0', 19: '0', 20: '0', 21: '0', 22: '0', 23: '0', 24: '0', 25: '0'}
20:53:23: ...lock released
20:53:23: Power outlets have been successfully turned off
20:53:23: ...lock released
20:53:23: Turning PowerGroup off: Success
20:53:28: ======== Turning PowerGroup on
20:53:28: PowerGroup._pdu_cmd(on, [1], 3) called
20:53:28: Waiting for pdu lock
20:53:28: ...lock acquired
20:53:28: Sleep 8.50615930557251 seconds to work around the x610 power supply issue
20:53:37: HTTP POST was successfully executed
20:53:40: PowerGroup._pdu_cmd(status, [1], 3) called
20:53:40: Waiting for pdu lock
20:53:40: ...lock acquired
20:53:40: Current outlet status: {1: '1', 2: '1', 3: '1', 4: '1', 5: '1', 6: '1', 7: '1', 8: '1', 9: '1', 10: '0', 11: '0', 12: '0', 13: '0', 14: '0', 15: '0', 16: '0', 17: '1', 18: '0', 19: '0', 20: '0', 21: '0', 22: '0', 23: '0', 24: '0', 25: '0'}
20:53:40: ...lock released
20:53:40: Power outlets have been successfully turned on
20:53:40: ...lock released
20:53:40: Turning PowerGroup on: Success
