15:18:38: Waiting for pdu lock
15:18:38: ...lock acquired
15:18:38: (10.36.150.14, 1): status is ON
15:18:38: ...lock released
15:18:40: Waiting for pdu lock
15:18:40: ...lock acquired
15:18:40: (10.36.150.14, 1): status is ON
15:18:40: ...lock released
15:18:40: Waiting for pdu lock
15:18:40: ...lock acquired
15:18:40: (10.36.150.14, 1): status is ON
15:18:40: ...lock released
15:26:11: ========= TestCase 10 Starting =========
15:29:12: ========= TestCase 10 Tear Down =========
15:29:28: ========= TestCase 20 Starting =========
15:32:34: ========= TestCase 20 Tear Down =========
15:32:49: ========= TestCase 1 Starting =========
15:33:10: ========= TestCase 1 Tear Down =========
15:33:24: ========= TestCase 2 Starting =========
15:33:42: ========= TestCase 2 Tear Down =========
15:34:18: ========= TestCase 3 Starting =========
15:34:35: ========= TestCase 3 Tear Down =========
15:35:03: ========= TestCase 4 Starting =========
15:35:19: ========= TestCase 4 Tear Down =========
15:35:32: ========= TestCase 5 Starting =========
15:35:48: ========= TestCase 5 Tear Down =========
15:36:02: ========= TestCase 6 Starting =========
15:36:23: ========= TestCase 6 Tear Down =========
15:36:39: ========= TestCase 7 Starting =========
15:37:05: ========= TestCase 7 Tear Down =========
15:37:19: ========= TestCase 8 Starting =========
15:37:38: ========= TestCase 8 Tear Down =========
15:37:52: ========= TestCase 9 Starting =========
15:38:53: ========= TestCase 9 Tear Down =========
