1790731339.250 14:22:19 >>> show clock
show clock
UTC Time:   Wed, 30 Sep 2026 01:23:01 +0000
Timezone: UTC
Timezone Offset: +00:00
Summer time zone: None

IE520-stk#
1790731345.769 14:22:25 >>> show log | include mrpd|VCS
show log | include mrpd|VCS
7[r[999;999H[6n2026 Sep 30 01:13:18 daemon.notice IE520-stk-4 systemd[1]: /lib/systemd/system/mrp.service:5: PIDFile= references a path below legacy directory /var/run/, updating /var/run/mrpd.pid → /run/mrpd.pid; please update the unit file accordingly.
2026 Sep 30 01:13:19 user.notice IE520-stk-4 mrpd: starting mrpd version 4
2026 Sep 30 01:13:19 user.notice IE520-stk-4 mrpd: libmrp initialised
2026 Sep 30 01:13:30 user.notice IE520-stk-4 mrpd: PORT: Ring port port1.0.13 5013 added
2026 Sep 30 01:13:30 user.notice IE520-stk-4 mrpd: PORT: Ring port port4.0.26 20026 added
2026 Sep 30 01:13:30 user.notice IE520-stk-4 mrpd: ffffffff-ffff-ffff-ffff-ffffffffffff: Ring-id[1]: Ring opened
2026 Sep 30 01:13:30 user.notice IE520-stk-4 mrpd: FSM: ring_id=1 POWER_ON -> AC_STAT1 evt=MRP_ProtEvPowerOn
2026 Sep 30 01:13:30 user.notice IE520-stk-4 mrpd: FSM: ring_id=1 AC_STAT1 -> PRM_UP evt=MRP_ProtEvMAUTypeChangeInd
2026 Sep 30 01:13:30 user.notice IE520-stk-4 mrpd: FSM: PRM_RPort 5013 SEC_RPort 20026
2026 Sep 30 01:13:30 user.notice IE520-stk-4 mrpd: FSM: port 5013 state Up
2026 Sep 30 01:13:30 user.notice IE520-stk-4 mrpd: Started manager ring-id 1 ffffffff-ffff-ffff-ffff-ffffffffffff
2026 Sep 30 01:13:33 user.notice IE520-stk-4 mrpd: PORT: port 20026 set Blocked
2026 Sep 30 01:13:33 user.notice IE520-stk-4 mrpd: PORT: port 5013 set Forwarding
2026 Sep 30 01:13:34 user.notice IE520-stk-4 mrpd: EVENT: Rx MRP_LinkUp ring_id=1 port=port1.0.13 mac=84e3.2787.0780
2026 Sep 30 01:13:34 user.notice IE520-stk-4 mrpd: PORT: port4.0.26 link UP (0x11043)
2026 Sep 30 01:13:34 user.notice IE520-stk-4 mrpd: ffffffff-ffff-ffff-ffff-ffffffffffff: Ring-id[1]: Ring closed
2026 Sep 30 01:13:34 user.notice IE520-stk-4 mrpd: FSM: ring_id=1 PRM_UP -> CHK_RC evt=MRP_ProtEvMAUTypeChangeInd
2026 Sep 30 01:13:34 user.notice IE520-stk-4 mrpd: FSM: PRM_RPort 5013 SEC_RPort 20026
2026 Sep 30 01:13:34 user.notice IE520-stk-4 mrpd: FSM: port 20026 state Up
2026 Sep 30 01:13:34 user.notice IE520-stk-4 mrpd: EVENT: Rx MRP_LinkUp ring_id=1 port=port1.0.13 mac=84e3.2787.0780
2026 Sep 30 01:13:34 user.notice IE520-stk-4 mrpd[296]: Last message 'EVENT: Rx MRP_LinkUp' repeated 2 times, suppressed by syslog-ng on IE520-stk-4
2026 Sep 30 01:13:34 user.notice IE520-stk-4 mrpd: ffffffff-ffff-ffff-ffff-ffffffffffff: Ring-id[1]: Ring opened
2026 Sep 30 01:13:34 user.notice IE520-stk-4 mrpd: FSM: ring_id=1 CHK_RC -> CHK_RO evt=MRP_ProtEvTestTimerExpired
2026 Sep 30 01:13:34 user.notice IE520-stk-4 mrpd: PORT: port 20026 set Forwarding
2026 Sep 30 01:13:34 user.notice IE520-stk-4 mrpd: EVENT: Rx MRP_TopologyChange ring_id=1 port=port4.0.26
2026 Sep 30 01:13:34 user.notice IE520-stk-4 mrpd: EVENT: Rx MRP_TopologyChange ring_id=1 port=port1.0.13
2026 Sep 30 01:13:34 user.notice IE520-stk-4 mrpd: PORT: port 20026 set Blocked
2026 Sep 30 01:13:34 user.notice IE520-stk-4 mrpd: ffffffff-ffff-ffff-ffff-ffffffffffff: Ring-id[1]: Ring closed
2026 Sep 30 01:13:34 user.notice IE520-stk-4 mrpd: FSM: ring_id=1 CHK_RO -> CHK_RC evt=MRP_ProtEvTestRingInd
2026 Sep 30 01:13:34 user.notice IE520-stk-4 mrpd: EVENT: Rx MRP_TopologyChange ring_id=1 port=port4.0.26
2026 Sep 30 01:13:34 user.notice IE520-stk-4 mrpd: EVENT: Rx MRP_TopologyChange ring_id=1 port=port1.0.13
2026 Sep 30 01:13:34 user.notice IE520-stk-4 mrpd: EVENT: Rx MRP_TopologyChange ring_id=1 port=port4.0.26
2026 Sep 30 01:13:34 user.notice IE520-stk-4 mrpd: EVENT: Rx MRP_TopologyChange ring_id=1 port=port1.0.13
2026 Sep 30 01:13:34 user.notice IE520-stk-4 mrpd: EVENT: Rx MRP_TopologyChange ring_id=1 port=port4.0.26
2026 Sep 30 01:13:34 user.notice IE520-stk-4 mrpd: EVENT: Rx MRP_TopologyChange ring_id=1 port=port1.0.13
2026 Sep 30 01:14:08 user.notice IE520-stk-4 mrpd: ffffffff-ffff-ffff-ffff-ffffffffffff: Ring-id[1]: Ring opened
2026 Sep 30 01:14:08 user.notice IE520-stk-4 mrpd: FSM: ring_id=1 CHK_RC -> CHK_RO evt=MRP_ProtEvTestTimerExpired
2026 Sep 30 01:14:08 user.notice IE520-stk-4 mrpd: PORT: port 20026 set Forwarding
2026 Sep 30 01:14:08 user.notice IE520-stk-4 mrpd: ffffffff-ffff-ffff-ffff-ffffffffffff: Ring-id[1]: Ring closed
2026 Sep 30 01:14:08 user.notice IE520-stk-4 mrpd: FSM: ring_id=1 CHK_RO -> CHK_RC evt=MRP_ProtEvTestRingInd
2026 Sep 30 01:14:08 user.notice IE520-stk-4 mrpd: EVENT: Rx MRP_TopologyChange ring_id=1 port=port4.0.26
2026 Sep 30 01:14:08 user.notice IE520-stk-4 mrpd: EVENT: Rx MRP_TopologyChange ring_id=1 port=port1.0.13
2026 Sep 30 01:14:08 user.notice IE520-stk-4 mrpd: EVENT: Rx MRP_TopologyChange ring_id=1 port=port4.0.26
2026 Sep 30 01:14:08 user.notice IE520-stk-4 mrpd: EVENT: Rx MRP_TopologyChange ring_id=1 port=port1.0.13
2026 Sep 30 01:14:08 user.notice IE520-stk-4 mrpd: EVENT: Rx MRP_TopologyChange ring_id=1 port=port4.0.26
2026 Sep 30 01:14:08 user.notice IE520-stk-4 mrpd: EVENT: Rx MRP_TopologyChange ring_id=1 port=port1.0.13
2026 Sep 30 01:14:08 user.notice IE520-stk-4 mrpd: EVENT: Rx MRP_TopologyChange ring_id=1 port=port4.0.26
2026 Sep 30 01:14:08 user.notice IE520-stk-4 mrpd: EVENT: Rx MRP_TopologyChange ring_id=1 port=port1.0.13
2026 Sep 30 01:14:08 user.notice IE520-stk-4 mrpd: EVENT: Rx MRP_TopologyChange ring_id=1 port=port4.0.26
2026 Sep 30 01:14:08 user.notice IE520-stk-4 mrpd: EVENT: Rx MRP_TopologyChange ring_id=1 port=port1.0.13
2026 Sep 30 01:14:08 user.notice IE520-stk-4 mrpd: EVENT: Rx MRP_TopologyChange ring_id=1 port=port4.0.26
2026 Sep 30 01:14:08 user.notice IE520-stk-4 mrpd: EVENT: Rx MRP_TopologyChange ring_id=1 port=port1.0.13
2026 Sep 30 01:14:08 user.notice IE520-stk-4 mrpd: PORT: port 20026 set Blocked
2026 Sep 30 01:14:08 user.notice IE520-stk-4 mrpd: EVENT: Rx MRP_TopologyChange ring_id=1 port=port4.0.26
2026 Sep 30 01:14:08 user.notice IE520-stk-4 mrpd: EVENT: Rx MRP_TopologyChange ring_id=1 port=port1.0.13
2026 Sep 30 01:14:08 user.notice IE520-stk-4 mrpd: EVENT: Rx MRP_TopologyChange ring_id=1 port=port4.0.26
2026 Sep 30 01:14:08 user.notice IE520-stk-4 mrpd: EVENT: Rx MRP_TopologyChange ring_id=1 port=port1.0.13
2026 Sep 30 01:17:14 user.notice IE520-stk-4 VCS[661]: Link between Member 4 and Member 3 is down
2026 Sep 30 01:17:14 user.notice IE520-stk-4 VCS[661]: Link between Member 1 and Member 3 is down
2026 Sep 30 01:17:14 user.crit IE520-stk-4 VCS[661]: Contact with the Active Master has been lost
2026 Sep 30 01:17:14 user.crit IE520-stk-4 VCS[661]: Member 4 (84e3.2787.09c0) has become the Active Master
2026 Sep 30 01:17:14 user.notice IE520-stk-4 mrpd: PORT: Update ring port port1.0.13 with state to Forwarding
2026 Sep 30 01:17:14 user.notice IE520-stk-4 mrpd: PORT: Update ring port port4.0.26 with state to Blocked
2026 Sep 30 01:17:14 local6.notice IE520-stk-1 VCS[622]: Link down event on stack link port1.0.27
2026 Sep 30 01:17:14 user.notice IE520-stk-4 mrpd: FSM: refresh ring_id=1 state CHK_RC
2026 Sep 30 01:17:14 user.notice IE520-stk-4 mrpd: FSM: refresh Ports PRM 5013 Sec 20026
2026 Sep 30 01:17:14 user.notice IE520-stk-4 mrpd: PORT: port 5013 set Forwarding
2026 Sep 30 01:17:14 user.crit IE520-stk-4 VCS[661]: Stack Virtual MAC is 0000.cd37.0d6f
2026 Sep 30 01:17:14 user.notice IE520-stk-4 mrpd: PORT: Update ring port port4.0.26 with state to Forwarding
2026 Sep 30 01:17:14 user.notice IE520-stk-4 mrpd: ffffffff-ffff-ffff-ffff-ffffffffffff: Ring-id[1]: Ring opened
2026 Sep 30 01:17:14 user.notice IE520-stk-4 mrpd: FSM: ring_id=1 CHK_RC -> CHK_RO evt=MRP_ProtEvTestTimerExpired
2026 Sep 30 01:17:14 user.crit IE520-stk-4 VCS[661]: Member 3 (84e3.2787.0740) has left the stack
2026 Sep 30 01:17:14 local6.notice IE520-stk VCS[661]: Link down event on stack link port4.0.28
2026 Sep 30 01:17:18 user.notice IE520-stk mrpd: PORT: port 20026 set Blocked
2026 Sep 30 01:17:18 user.notice IE520-stk mrpd: FDB: Flush FDB entries for the ring ports with ifindices: {5013, 20026}
2026 Sep 30 01:17:18 user.notice IE520-stk mrpd: PORT: Update ring port port4.0.26 with state to Blocked
2026 Sep 30 01:17:18 user.notice IE520-stk mrpd: ffffffff-ffff-ffff-ffff-ffffffffffff: Ring-id[1]: Ring closed
2026 Sep 30 01:17:18 user.notice IE520-stk mrpd: FSM: ring_id=1 CHK_RO -> CHK_RC evt=MRP_ProtEvTestRingInd
2026 Sep 30 01:17:18 user.notice IE520-stk mrpd: PORT: Update ring port port4.0.26 with state to Forwarding
2026 Sep 30 01:17:18 user.notice IE520-stk mrpd: ffffffff-ffff-ffff-ffff-ffffffffffff: Ring-id[1]: Ring opened
2026 Sep 30 01:17:18 user.notice IE520-stk mrpd: FSM: ring_id=1 CHK_RC -> CHK_RO evt=MRP_ProtEvTestTimerExpired
2026 Sep 30 01:17:18 user.notice IE520-stk mrpd: PORT: port 20026 set Forwarding
2026 Sep 30 01:17:18 user.notice IE520-stk mrpd: PORT: port 20026 set Blocked
2026 Sep 30 01:17:18 user.notice IE520-stk mrpd: PORT: port 20026 set Forwarding
2026 Sep 30 01:17:18 user.notice IE520-stk mrpd: FDB: Flush FDB entries for the ring ports with ifindices: {5013, 20026}
2026 Sep 30 01:17:18 user.notice IE520-stk mrpd: PORT: Update ring port port4.0.26 with state to Blocked
2026 Sep 30 01:17:18 user.notice IE520-stk mrpd: ffffffff-ffff-ffff-ffff-ffffffffffff: Ring-id[1]: Ring closed
2026 Sep 30 01:17:18 user.notice IE520-stk mrpd: FSM: ring_id=1 CHK_RO -> CHK_RC evt=MRP_ProtEvTestRingInd
2026 Sep 30 01:17:18 user.notice IE520-stk mrpd: EVENT: Rx MRP_TopologyChange ring_id=1 port=port4.0.26
2026 Sep 30 01:17:18 user.notice IE520-stk mrpd: EVENT: Rx MRP_TopologyChange ring_id=1 port=port1.0.13
2026 Sep 30 01:17:18 user.notice IE520-stk mrpd: EVENT: Rx MRP_TopologyChange ring_id=1 port=port4.0.26
2026 Sep 30 01:17:18 user.notice IE520-stk mrpd: EVENT: Rx MRP_TopologyChange ring_id=1 port=port1.0.13
2026 Sep 30 01:17:18 user.notice IE520-stk mrpd: EVENT: Rx MRP_TopologyChange ring_id=1 port=port4.0.26
2026 Sep 30 01:17:18 user.notice IE520-stk mrpd: EVENT: Rx MRP_TopologyChange ring_id=1 port=port1.0.13
2026 Sep 30 01:17:18 user.notice IE520-stk mrpd: EVENT: Rx MRP_TopologyChange ring_id=1 port=port4.0.26
2026 Sep 30 01:17:18 user.notice IE520-stk mrpd: EVENT: Rx MRP_TopologyChange ring_id=1 port=port1.0.13
2026 Sep 30 01:17:18 user.notice IE520-stk mrpd: EVENT: Rx MRP_TopologyChange ring_id=1 port=port4.0.26
2026 Sep 30 01:17:18 user.notice IE520-stk mrpd: EVENT: Rx MRP_TopologyChange ring_id=1 port=port1.0.13
2026 Sep 30 01:17:18 user.notice IE520-stk mrpd: EVENT: Rx MRP_TopologyChange ring_id=1 port=port4.0.26
2026 Sep 30 01:17:18 user.notice IE520-stk mrpd: EVENT: Rx MRP_TopologyChange ring_id=1 port=port1.0.13
2026 Sep 30 01:17:18 user.notice IE520-stk mrpd: EVENT: Rx MRP_TopologyChange ring_id=1 port=port4.0.26
2026 Sep 30 01:17:18 user.notice IE520-stk mrpd: EVENT: Rx MRP_TopologyChange ring_id=1 port=port1.0.13
2026 Sep 30 01:17:18 user.notice IE520-stk mrpd: EVENT: Rx MRP_TopologyChange ring_id=1 port=port4.0.26
2026 Sep 30 01:17:18 user.notice IE520-stk mrpd: EVENT: Rx MRP_TopologyChange ring_id=1 port=port1.0.13
2026 Sep 30 01:17:18 user.notice IE520-stk mrpd: FDB: Flush FDB entries for the ring ports with ifindices: {5013, 20026}
2026 Sep 30 01:17:21 user.notice IE520-stk mrpd[296]: Last message 'FDB: Flush FDB entri' repeated 1 times, suppressed by syslog-ng on IE520-stk
2026 Sep 30 01:17:18 user.notice IE520-stk mrpd: PORT: port 20026 set Blocked
2026 Sep 30 01:17:18 user.notice IE520-stk mrpd: PORT: Update ring port port4.0.26 with state to Forwarding
2026 Sep 30 01:17:18 user.notice IE520-stk mrpd: ffffffff-ffff-ffff-ffff-ffffffffffff: Ring-id[1]: Ring opened
2026 Sep 30 01:17:18 user.notice IE520-stk mrpd: FSM: ring_id=1 CHK_RC -> CHK_RO evt=MRP_ProtEvTestTimerExpired
2026 Sep 30 01:17:18 user.notice IE520-stk mrpd: PORT: Update ring port port4.0.26 with state to Blocked
2026 Sep 30 01:17:18 user.notice IE520-stk mrpd: ffffffff-ffff-ffff-ffff-ffffffffffff: Ring-id[1]: Ring closed
2026 Sep 30 01:17:18 user.notice IE520-stk mrpd: FSM: ring_id=1 CHK_RO -> CHK_RC evt=MRP_ProtEvTestRingInd
2026 Sep 30 01:17:18 user.notice IE520-stk mrpd: EVENT: Rx MRP_TopologyChange ring_id=1 port=port4.0.26
2026 Sep 30 01:17:18 user.notice IE520-stk mrpd: EVENT: Rx MRP_TopologyChange ring_id=1 port=port1.0.13
2026 Sep 30 01:17:18 user.notice IE520-stk mrpd: EVENT: Rx MRP_TopologyChange ring_id=1 port=port4.0.26
2026 Sep 30 01:17:18 user.notice IE520-stk mrpd: EVENT: Rx MRP_TopologyChange ring_id=1 port=port1.0.13
2026 Sep 30 01:17:18 user.notice IE520-stk mrpd: EVENT: Rx MRP_TopologyChange ring_id=1 port=port4.0.26
2026 Sep 30 01:17:18 user.notice IE520-stk mrpd: EVENT: Rx MRP_TopologyChange ring_id=1 port=port1.0.13
2026 Sep 30 01:17:18 user.notice IE520-stk mrpd: EVENT: Rx MRP_TopologyChange ring_id=1 port=port4.0.26
2026 Sep 30 01:17:18 user.notice IE520-stk mrpd: EVENT: Rx MRP_TopologyChange ring_id=1 port=port1.0.13
2026 Sep 30 01:17:18 user.notice IE520-stk mrpd: EVENT: Rx MRP_TopologyChange ring_id=1 port=port4.0.26
2026 Sep 30 01:17:18 user.notice IE520-stk mrpd: EVENT: Rx MRP_TopologyChange ring_id=1 port=port1.0.13
2026 Sep 30 01:17:18 user.notice IE520-stk mrpd: FDB: Flush FDB entries for the ring ports with ifindices: {5013, 20026}
2026 Sep 30 01:17:18 user.notice IE520-stk mrpd: PORT: port 20026 set Forwarding
2026 Sep 30 01:17:18 user.notice IE520-stk mrpd: PORT: port 20026 set Blocked
2026 Sep 30 01:17:18 user.notice IE520-stk mrpd: PORT: Update ring port port4.0.26 with state to Forwarding
2026 Sep 30 01:17:18 user.notice IE520-stk mrpd: ffffffff-ffff-ffff-ffff-ffffffffffff: Ring-id[1]: Ring opened
2026 Sep 30 01:17:18 user.notice IE520-stk mrpd: FSM: ring_id=1 CHK_RC -> CHK_RO evt=MRP_ProtEvTestTimerExpired
2026 Sep 30 01:17:18 user.notice IE520-stk mrpd: FDB: Flush FDB entries for the ring ports with ifindices: {5013, 20026}
2026 Sep 30 01:17:18 user.notice IE520-stk mrpd: EVENT: Rx MRP_TopologyChange ring_id=1 port=port4.0.26
2026 Sep 30 01:17:18 user.notice IE520-stk mrpd: EVENT: Rx MRP_TopologyChange ring_id=1 port=port1.0.13
2026 Sep 30 01:17:18 user.notice IE520-stk mrpd: PORT: Update ring port port4.0.26 with state to Blocked
2026 Sep 30 01:17:18 user.notice IE520-stk mrpd: ffffffff-ffff-ffff-ffff-ffffffffffff: Ring-id[1]: Ring closed
2026 Sep 30 01:17:18 user.notice IE520-stk mrpd: FSM: ring_id=1 CHK_RO -> CHK_RC evt=MRP_ProtEvTestRingInd
2026 Sep 30 01:17:18 user.notice IE520-stk mrpd: EVENT: Rx MRP_TopologyChange ring_id=1 port=port4.0.26
2026 Sep 30 01:17:18 user.notice IE520-stk mrpd: EVENT: Rx MRP_TopologyChange ring_id=1 port=port1.0.13
2026 Sep 30 01:17:18 user.notice IE520-stk mrpd: EVENT: Rx MRP_TopologyChange ring_id=1 port=port4.0.26
2026 Sep 30 01:17:18 user.notice IE520-stk mrpd: EVENT: Rx MRP_TopologyChange ring_id=1 port=port1.0.13
2026 Sep 30 01:17:18 user.notice IE520-stk mrpd: EVENT: Rx MRP_TopologyChange ring_id=1 port=port4.0.26
2026 Sep 30 01:17:18 user.notice IE520-stk mrpd: EVENT: Rx MRP_TopologyChange ring_id=1 port=port1.0.13
2026 Sep 30 01:17:18 user.notice IE520-stk mrpd: PORT: port 20026 set Forwarding
2026 Sep 30 01:17:18 user.notice IE520-stk mrpd: PORT: port 20026 set Blocked
2026 Sep 30 01:17:18 user.notice IE520-stk mrpd: PORT: Update ring port port4.0.26 with state to Forwarding
2026 Sep 30 01:17:18 user.notice IE520-stk mrpd: ffffffff-ffff-ffff-ffff-ffffffffffff: Ring-id[1]: Ring opened
2026 Sep 30 01:17:18 user.notice IE520-stk mrpd: FSM: ring_id=1 CHK_RC -> CHK_RO evt=MRP_ProtEvTestTimerExpired
2026 Sep 30 01:17:18 user.notice IE520-stk mrpd: FDB: Flush FDB entries for the ring ports with ifindices: {5013, 20026}
2026 Sep 30 01:17:18 user.notice IE520-stk mrpd: EVENT: Rx MRP_TopologyChange ring_id=1 port=port4.0.26
2026 Sep 30 01:17:18 user.notice IE520-stk mrpd: EVENT: Rx MRP_TopologyChange ring_id=1 port=port1.0.13
2026 Sep 30 01:17:18 user.notice IE520-stk mrpd: PORT: Update ring port port4.0.26 with state to Blocked
2026 Sep 30 01:17:18 user.notice IE520-stk mrpd: ffffffff-ffff-ffff-ffff-ffffffffffff: Ring-id[1]: Ring closed
2026 Sep 30 01:17:18 user.notice IE520-stk mrpd: FSM: ring_id=1 CHK_RO -> CHK_RC evt=MRP_ProtEvTestRingInd
2026 Sep 30 01:17:18 user.notice IE520-stk mrpd: EVENT: Rx MRP_TopologyChange ring_id=1 port=port4.0.26
2026 Sep 30 01:17:18 user.notice IE520-stk mrpd: EVENT: Rx MRP_TopologyChange ring_id=1 port=port1.0.13
2026 Sep 30 01:17:18 user.notice IE520-stk mrpd: EVENT: Rx MRP_TopologyChange ring_id=1 port=port4.0.26
2026 Sep 30 01:17:18 user.notice IE520-stk mrpd: EVENT: Rx MRP_TopologyChange ring_id=1 port=port1.0.13
2026 Sep 30 01:17:18 user.notice IE520-stk mrpd: EVENT: Rx MRP_TopologyChange ring_id=1 port=port4.0.26
2026 Sep 30 01:17:18 user.notice IE520-stk mrpd: EVENT: Rx MRP_TopologyChange ring_id=1 port=port1.0.13
2026 Sep 30 01:17:18 user.notice IE520-stk mrpd: EVENT: Rx MRP_TopologyChange ring_id=1 port=port4.0.26
2026 Sep 30 01:17:18 user.notice IE520-stk mrpd: EVENT: Rx MRP_TopologyChange ring_id=1 port=port1.0.13
2026 Sep 30 01:17:18 user.notice IE520-stk mrpd: EVENT: Rx MRP_TopologyChange ring_id=1 port=port4.0.26
2026 Sep 30 01:17:18 user.notice IE520-stk mrpd: EVENT: Rx MRP_TopologyChange ring_id=1 port=port1.0.13
2026 Sep 30 01:17:18 user.notice IE520-stk mrpd: PORT: port 20026 set Forwarding
2026 Sep 30 01:17:18 user.notice IE520-stk mrpd: PORT: port 20026 set Blocked
2026 Sep 30 01:17:18 user.notice IE520-stk mrpd: PORT: Update ring port port4.0.26 with state to Forwarding
2026 Sep 30 01:17:18 user.notice IE520-stk mrpd: ffffffff-ffff-ffff-ffff-ffffffffffff: Ring-id[1]: Ring opened
2026 Sep 30 01:17:18 user.notice IE520-stk mrpd: FSM: ring_id=1 CHK_RC -> CHK_RO evt=MRP_ProtEvTestTimerExpired
2026 Sep 30 01:17:18 user.notice IE520-stk mrpd: FDB: Flush FDB entries for the ring ports with ifindices: {5013, 20026}
2026 Sep 30 01:17:18 user.notice IE520-stk mrpd: PORT: Update ring port port4.0.26 with state to Blocked
2026 Sep 30 01:17:18 user.notice IE520-stk mrpd: ffffffff-ffff-ffff-ffff-ffffffffffff: Ring-id[1]: Ring closed
2026 Sep 30 01:17:18 user.notice IE520-stk mrpd: FSM: ring_id=1 CHK_RO -> CHK_RC evt=MRP_ProtEvTestRingInd
2026 Sep 30 01:17:18 user.notice IE520-stk mrpd: EVENT: Rx MRP_TopologyChange ring_id=1 port=port4.0.26
2026 Sep 30 01:17:18 user.notice IE520-stk mrpd: EVENT: Rx MRP_TopologyChange ring_id=1 port=port1.0.13
2026 Sep 30 01:17:18 user.notice IE520-stk mrpd: EVENT: Rx MRP_TopologyChange ring_id=1 port=port4.0.26
2026 Sep 30 01:17:18 user.notice IE520-stk mrpd: EVENT: Rx MRP_TopologyChange ring_id=1 port=port1.0.13
2026 Sep 30 01:17:18 user.notice IE520-stk mrpd: EVENT: Rx MRP_TopologyChange ring_id=1 port=port4.0.26
2026 Sep 30 01:17:18 user.notice IE520-stk mrpd: EVENT: Rx MRP_TopologyChange ring_id=1 port=port1.0.13
2026 Sep 30 01:17:18 user.notice IE520-stk mrpd: EVENT: Rx MRP_TopologyChange ring_id=1 port=port4.0.26
2026 Sep 30 01:17:18 user.notice IE520-stk mrpd: EVENT: Rx MRP_TopologyChange ring_id=1 port=port1.0.13
2026 Sep 30 01:17:18 user.notice IE520-stk mrpd: EVENT: Rx MRP_TopologyChange ring_id=1 port=port4.0.26
2026 Sep 30 01:17:18 user.notice IE520-stk mrpd: EVENT: Rx MRP_TopologyChange ring_id=1 port=port1.0.13
2026 Sep 30 01:17:18 user.notice IE520-stk mrpd: EVENT: Rx MRP_TopologyChange ring_id=1 port=port4.0.26
2026 Sep 30 01:17:18 user.notice IE520-stk mrpd: EVENT: Rx MRP_TopologyChange ring_id=1 port=port1.0.13
2026 Sep 30 01:17:18 user.notice IE520-stk mrpd: PORT: port 20026 set Forwarding
2026 Sep 30 01:17:18 user.notice IE520-stk mrpd: PORT: port 20026 set Blocked
2026 Sep 30 01:17:19 user.notice IE520-stk mrpd: FDB: Flush FDB entries for the ring ports with ifindices: {5013, 20026}
2026 Sep 30 01:17:19 user.notice IE520-stk mrpd: EVENT: Rx MRP_TopologyChange ring_id=1 port=port4.0.26
2026 Sep 30 01:17:19 user.notice IE520-stk mrpd: EVENT: Rx MRP_TopologyChange ring_id=1 port=port1.0.13
2026 Sep 30 01:17:19 user.notice IE520-stk mrpd: EVENT: Rx MRP_TopologyChange ring_id=1 port=port4.0.26
2026 Sep 30 01:17:19 user.notice IE520-stk mrpd: EVENT: Rx MRP_TopologyChange ring_id=1 port=port1.0.13
2026 Sep 30 01:17:19 user.notice IE520-stk mrpd: EVENT: Rx MRP_TopologyChange ring_id=1 port=port4.0.26
2026 Sep 30 01:17:19 user.notice IE520-stk mrpd: EVENT: Rx MRP_TopologyChange ring_id=1 port=port1.0.13
2026 Sep 30 01:17:23 user.notice IE520-stk mrpd: PORT: Update ring port port4.0.26 with state to Forwarding
2026 Sep 30 01:17:23 user.notice IE520-stk mrpd: PORT: port 20026 set Forwarding
2026 Sep 30 01:17:23 user.notice IE520-stk mrpd: ffffffff-ffff-ffff-ffff-ffffffffffff: Ring-id[1]: Ring opened
2026 Sep 30 01:17:23 user.notice IE520-stk mrpd: FSM: ring_id=1 CHK_RC -> CHK_RO evt=MRP_ProtEvTestTimerExpired
2026 Sep 30 01:17:23 user.notice IE520-stk mrpd: PORT: Update ring port port4.0.26 with state to Blocked
2026 Sep 30 01:17:23 user.notice IE520-stk mrpd: ffffffff-ffff-ffff-ffff-ffffffffffff: Ring-id[1]: Ring closed
2026 Sep 30 01:17:23 user.notice IE520-stk mrpd: FSM: ring_id=1 CHK_RO -> CHK_RC evt=MRP_ProtEvTestRingInd
2026 Sep 30 01:17:23 user.notice IE520-stk mrpd: EVENT: Rx MRP_TopologyChange ring_id=1 port=port4.0.26
2026 Sep 30 01:17:23 user.notice IE520-stk mrpd: EVENT: Rx MRP_TopologyChange ring_id=1 port=port1.0.13
2026 Sep 30 01:17:23 user.notice IE520-stk mrpd: EVENT: Rx MRP_TopologyChange ring_id=1 port=port4.0.26
2026 Sep 30 01:17:23 user.notice IE520-stk mrpd: EVENT: Rx MRP_TopologyChange ring_id=1 port=port1.0.13
2026 Sep 30 01:17:23 user.notice IE520-stk mrpd: EVENT: Rx MRP_TopologyChange ring_id=1 port=port4.0.26
2026 Sep 30 01:17:23 user.notice IE520-stk mrpd: EVENT: Rx MRP_TopologyChange ring_id=1 port=port1.0.13
2026 Sep 30 01:17:23 user.notice IE520-stk mrpd: EVENT: Rx MRP_TopologyChange ring_id=1 port=port4.0.26
2026 Sep 30 01:17:23 user.notice IE520-stk mrpd: EVENT: Rx MRP_TopologyChange ring_id=1 port=port1.0.13
2026 Sep 30 01:17:23 user.notice IE520-stk mrpd: EVENT: Rx MRP_TopologyChange ring_id=1 port=port4.0.26
2026 Sep 30 01:17:23 user.notice IE520-stk mrpd: EVENT: Rx MRP_TopologyChange ring_id=1 port=port1.0.13
2026 Sep 30 01:17:23 user.notice IE520-stk mrpd: EVENT: Rx MRP_TopologyChange ring_id=1 port=port4.0.26
2026 Sep 30 01:17:23 user.notice IE520-stk mrpd: EVENT: Rx MRP_TopologyChange ring_id=1 port=port1.0.13
2026 Sep 30 01:17:23 user.notice IE520-stk mrpd: FDB: Flush FDB entries for the ring ports with ifindices: {5013, 20026}
2026 Sep 30 01:17:23 user.notice IE520-stk mrpd: PORT: port 20026 set Blocked
2026 Sep 30 01:17:23 user.notice IE520-stk mrpd: PORT: Update ring port port4.0.26 with state to Forwarding
2026 Sep 30 01:17:23 user.notice IE520-stk mrpd: ffffffff-ffff-ffff-ffff-ffffffffffff: Ring-id[1]: Ring opened
2026 Sep 30 01:17:23 user.notice IE520-stk mrpd: FSM: ring_id=1 CHK_RC -> CHK_RO evt=MRP_ProtEvTestTimerExpired
2026 Sep 30 01:17:23 user.notice IE520-stk mrpd: PORT: Update ring port port4.0.26 with state to Blocked
2026 Sep 30 01:17:23 user.notice IE520-stk mrpd: ffffffff-ffff-ffff-ffff-ffffffffffff: Ring-id[1]: Ring closed
2026 Sep 30 01:17:23 user.notice IE520-stk mrpd: FSM: ring_id=1 CHK_RO -> CHK_RC evt=MRP_ProtEvTestRingInd
2026 Sep 30 01:17:23 user.notice IE520-stk mrpd: EVENT: Rx MRP_TopologyChange ring_id=1 port=port4.0.26
2026 Sep 30 01:17:23 user.notice IE520-stk mrpd: EVENT: Rx MRP_TopologyChange ring_id=1 port=port1.0.13
2026 Sep 30 01:17:23 user.notice IE520-stk mrpd: EVENT: Rx MRP_TopologyChange ring_id=1 port=port4.0.26
2026 Sep 30 01:17:23 user.notice IE520-stk mrpd: EVENT: Rx MRP_TopologyChange ring_id=1 port=port1.0.13
2026 Sep 30 01:17:23 user.notice IE520-stk mrpd: EVENT: Rx MRP_TopologyChange ring_id=1 port=port4.0.26
2026 Sep 30 01:17:23 user.notice IE520-stk mrpd: FDB: Flush FDB entries for the ring ports with ifindices: {5013, 20026}
2026 Sep 30 01:17:23 user.notice IE520-stk mrpd: PORT: port 20026 set Forwarding
2026 Sep 30 01:17:23 user.notice IE520-stk mrpd: PORT: port 20026 set Blocked
2026 Sep 30 01:17:23 user.notice IE520-stk mrpd: EVENT: Rx MRP_TopologyChange ring_id=1 port=port1.0.13
2026 Sep 30 01:17:23 user.notice IE520-stk mrpd: EVENT: Rx MRP_TopologyChange ring_id=1 port=port4.0.26
2026 Sep 30 01:17:23 user.notice IE520-stk mrpd: EVENT: Rx MRP_TopologyChange ring_id=1 port=port1.0.13
2026 Sep 30 01:17:23 user.notice IE520-stk mrpd: EVENT: Rx MRP_TopologyChange ring_id=1 port=port4.0.26
2026 Sep 30 01:17:23 user.notice IE520-stk mrpd: EVENT: Rx MRP_TopologyChange ring_id=1 port=port1.0.13
2026 Sep 30 01:17:23 user.notice IE520-stk mrpd: EVENT: Rx MRP_TopologyChange ring_id=1 port=port4.0.26
2026 Sep 30 01:17:23 user.notice IE520-stk mrpd: EVENT: Rx MRP_TopologyChange ring_id=1 port=port1.0.13
2026 Sep 30 01:17:23 user.notice IE520-stk mrpd: FDB: Flush FDB entries for the ring ports with ifindices: {5013, 20026}
2026 Sep 30 01:17:23 user.notice IE520-stk mrpd: EVENT: Rx MRP_TopologyChange ring_id=1 port=port4.0.26
2026 Sep 30 01:17:23 user.notice IE520-stk mrpd: EVENT: Rx MRP_TopologyChange ring_id=1 port=port1.0.13
2026 Sep 30 01:19:08 local6.notice IE520-stk-1 VCS[622]: Link up event on stack link port1.0.27
2026 Sep 30 01:19:08 local6.notice IE520-stk VCS[661]: Link up event on stack link port4.0.28
2026 Sep 30 01:19:09 user.crit IE520-stk VCS[661]: Member 3 (84e3.2787.0740) has joined the stack
2026 Sep 30 01:19:09 user.notice IE520-stk VCS[661]: Link between Member 4 and Member 3 is up
2026 Sep 30 01:19:10 user.notice IE520-stk VCS[661]: Link between Member 1 and Member 3 is up
2026 Sep 30 01:20:05 user.notice IE520-stk mrpd: Updating late join member 3
2026 Sep 30 01:20:05 user.notice IE520-stk mrpd: PORT: Update ring port port4.0.26 with state to Blocked
2026 Sep 30 01:20:05 user.notice IE520-stk mrpd: PORT: Update ring port port1.0.13 with state to Forwarding
2026 Sep 30 01:20:05 user.notice IE520-stk mrpd: PORT: port 20026 set Blocked
2026 Sep 30 01:20:05 user.notice IE520-stk mrpd: PORT: port 5013 set Forwarding
2026 Sep 30 01:20:05 user.notice IE520-stk mrpd: PORT: Update ring port port4.0.26 with state to Forwarding
2026 Sep 30 01:20:05 user.notice IE520-stk mrpd: ffffffff-ffff-ffff-ffff-ffffffffffff: Ring-id[1]: Ring opened
2026 Sep 30 01:20:05 user.notice IE520-stk mrpd: FSM: ring_id=1 CHK_RC -> CHK_RO evt=MRP_ProtEvTestTimerExpired
2026 Sep 30 01:20:05 user.notice IE520-stk mrpd: PORT: Update ring port port4.0.26 with state to Blocked
2026 Sep 30 01:20:05 user.notice IE520-stk mrpd: ffffffff-ffff-ffff-ffff-ffffffffffff: Ring-id[1]: Ring closed
2026 Sep 30 01:20:05 user.notice IE520-stk mrpd: FSM: ring_id=1 CHK_RO -> CHK_RC evt=MRP_ProtEvTestRingInd
2026 Sep 30 01:20:05 user.notice IE520-stk mrpd: EVENT: Rx MRP_TopologyChange ring_id=1 port=port4.0.26
2026 Sep 30 01:20:05 user.notice IE520-stk mrpd: EVENT: Rx MRP_TopologyChange ring_id=1 port=port1.0.13
2026 Sep 30 01:20:05 user.notice IE520-stk mrpd: PORT: port 20026 set Forwarding
2026 Sep 30 01:20:05 user.notice IE520-stk mrpd: PORT: port 20026 set Blocked
2026 Sep 30 01:20:05 user.notice IE520-stk mrpd: EVENT: Rx MRP_TopologyChange ring_id=1 port=port4.0.26
2026 Sep 30 01:20:05 user.notice IE520-stk mrpd: EVENT: Rx MRP_TopologyChange ring_id=1 port=port1.0.13
2026 Sep 30 01:20:05 user.notice IE520-stk mrpd: EVENT: Rx MRP_TopologyChange ring_id=1 port=port4.0.26
2026 Sep 30 01:20:05 user.notice IE520-stk mrpd: EVENT: Rx MRP_TopologyChange ring_id=1 port=port1.0.13
2026 Sep 30 01:20:05 user.notice IE520-stk mrpd: EVENT: Rx MRP_TopologyChange ring_id=1 port=port4.0.26
2026 Sep 30 01:20:05 user.notice IE520-stk mrpd: EVENT: Rx MRP_TopologyChange ring_id=1 port=port1.0.13
2026 Sep 30 01:20:05 user.notice IE520-stk mrpd: EVENT: Rx MRP_TopologyChange ring_id=1 port=port4.0.26
2026 Sep 30 01:20:05 user.notice IE520-stk mrpd: EVENT: Rx MRP_TopologyChange ring_id=1 port=port1.0.13
2026 Sep 30 01:20:05 user.notice IE520-stk mrpd: FDB: Flush FDB entries for the ring ports with ifindices: {5013, 20026}
2026 Sep 30 01:23:05 user.notice IE520-stk IMISH[6313]: [manager@ttyS0]show log | include mrpd|VCS
IE520-stk#
