08:04:42 >>> configure terminal
configure terminal
Enter configuration commands, one per line.  End with CNTL/Z.
IE520-sa(config)#
08:04:43 >>> interface vlan3113
interface vlan3113
IE520-sa(config-if)#
08:04:43 >>> no ip pim dense-mode
no ip pim dense-mode
IE520-sa(config-vlan3113: left allmulticast mode
if)#
08:04:44 >>> no ip igmp
no ip igmp
IE520-sa(config-if)#
08:04:44 >>> no ip address 10.113.3.1/24
no ip address 10.113.3.1/24
IE520-sa(config-if)#
08:04:44 >>> interface vlan3112
interface vlan3112
IE520-sa(config-if)#
no ip pim dense-mode
IE520-sa(config-if)#vlan3112: left allmulticast mode

!!! no prompt within 60 s -- stopping
