08:06:17 >>> configure terminal
configure terminal
Enter configuration commands, one per line.  End with CNTL/Z.
IE520-stk(config)#
08:06:17 >>> interface vlan3112
interface vlan3112
IE520-stk(config-if)#
08:06:18 >>> no ip address 10.113.2.1/30
no ip address 10.113.2.1/30
IE520-stk(config-if)#
08:06:18 >>> interface port3.0.13
interface port3.0.13
IE520-stk(config-if)#
08:06:19 >>> no switchport access vlan
no switchport access vlan
IE520-stk(config-if)#
08:06:19 >>> interface port4.0.26
interface port4.0.26
IE520-stk(config-if)#
08:06:20 >>> switchport access vlan 4000
switchport access vlan 4000
IE520-stk(config-if)#
08:06:20 >>> exit
exit
IE520-stk(config)#
08:06:21 >>> no ip multicast-routing
no ip multicast-routing
IE520-stk(config)#
08:06:21 >>> vlan database
vlan database
IE520-stk(config-vlan)#
08:06:21 >>> no vlan 3111
no vlan 3111
IE520-stk(config-vlan)#
08:06:22 >>> no vlan 3112
no vlan 3112
IE520-stk(config-vlan)#
08:06:22 >>> exit
exit
IE520-stk(config)#
08:06:23 >>> no service pdm
no service pdm
% Save the config and restart for this change to take effect.
IE520-stk(config)#
!!! CLI error on 'no service pdm' -- stopping
