08:13:16 >>> show process | include pdm|pim
08:13:17 >>> show ip pim dense-mode interface
% PIM-DM protocol daemon is not running or feature license is not available
08:13:18 >>> show boot
Boot configuration
--------------------------------------------------------------------------------
Current software   : IE520-tb470.rel 
Current boot image : flash:/IE520-tb470.rel (file exists)
Backup  boot image : Not set 
Default boot config: flash:/default.cfg
Current boot config: flash:/tb470-bench.cfg (file exists)
Backup  boot config: Not set 
Autoboot status    : disabled
Boot Security Level: none
08:13:20 >>> show reboot history
<date> <time> <type> <description>
-------------------------------------------------------------------------
2026-09-30 19:09:16 Expected   CLI(user request)
2026-09-28 23:57:36 Unexpected System reboot
2026-09-28 23:51:59 Unexpected System reboot
2026-09-28 23:46:22 Unexpected System reboot
2026-09-28 23:41:38 Unexpected System reboot
2026-09-28 23:35:48 Unexpected System reboot
2026-09-28 19:59:41 Unexpected System reboot
2026-09-28 19:54:44 Unexpected System reboot
2026-09-24 22:27:45 Expected   CLI(user request)
2026-09-24 21:19:17 Expected   CLI(user request)
2026-09-24 19:50:54 Expected   CLI(user request)
2026-09-23 21:07:30 Unexpected System reboot
-------------------------------------------------------------------------
08:13:21 >>> show running-config
!
service password-encryption
!
hostname IE520-sa
!
no banner motd
!
username manager privilege 15 password 8 $5$bJob5N4D$VDlAWDKf4Z/shG0P/kPIysg5qD4cc1OidC4abIHlMg7
!
!
ssh server allow-users manager
service ssh
!
no service telnet
!
service http
!
no clock timezone
!
snmp-server
!
!
!
aaa authentication enable default local
aaa authentication login default local
!
!
!
stack virtual-chassis-id 3439
!
!
loop-protection loop-detect ldf-interval 1 fast-block
!
service onm
!
!
!
!
ip domain-lookup
!
!
!
no service dhcp-server
!
!
!
no ip multicast-routing
!
lldp run
!
spanning-tree mode rstp
!
no lacp global-passive-mode enable
no spanning-tree rstp enable
!
switch 1 provision ie520-28
!
vlan database
 vlan 10 name data
 vlan 4000 name sx-link
 vlan 10,4000 state enable
!
interface port1.0.1-1.0.8
 switchport
 switchport mode access
!
interface port1.0.9
 switchport
 switchport mode access
 static-channel-group 3
!
interface port1.0.10-1.0.12
 switchport
 switchport mode access
!
interface port1.0.13
 switchport
 switchport mode access
 static-channel-group 3
!
interface port1.0.14-1.0.25
 switchport
 switchport mode access
!
interface port1.0.26
 switchport
 switchport mode access
 switchport access vlan 4000
!
interface port1.0.27-1.0.28
 stackport
!
interface sa3
 switchport
 switchport mode access
!
interface vlan1
 ip address 10.38.215.41/27
 ipv6 enable
 ipv6 address dhcp
 ip dhcp-client vendor-identifying-class
 ip dhcp-client request vendor-identifying-specific
!
line con 0
 exec-timeout 0 0
line vty 0 7
!
end
