self-test OK: 'show clock ?' then Ctrl-U then CR executed nothing
18:30:33 >>> configure terminal
Enter configuration commands, one per line.  End with CNTL/Z.
18:30:36 >>> service ?
service ?
  advanced-vty            Enable advanced mode vty interface
  atmf-application-proxy  ATMF Application Proxy
  bfd                     Bidirectional Forwarding Detection (BFD)
  bgp                     Enable BGP service modes
  cloud-client            Cloud monitoring and management client
  dhcp-relay              Enable DHCP-Relay service globally
  dhcp-server             Enable DHCP server
  dhcp-snooping           Enable DHCP Snooping
  epsr                    Ethernet Protection Switching Ring (EPSR)
  flow                    IP Flow
  http                    HTTP server
  isis                    Intermediate System - Intermediate System (IS-IS)
  linkmon                 Link Health Monitoring
  mrp                     Media Redundancy Protocol
  netconf                 Netconf service
  onm                     OAM Network Management Daemon (ONMD) - CFM and
                          G.8032
  openflow                Openflow
  ospf                    Open Shortest Path First (OSPF)
  ospf6                   Open Shortest Path First (OSPF) for IPv6
  password-encryption     Encrypt system passwords
  pdm                     Dense Mode (PIM-DM)
  pim                     Protocol Independent Multicast (PIM)
  pim6                    Protocol Independent Multicast (PIM) for IPv6
  rip                     Routing Information Protocol (RIP)
  ripng                   Routing Information Protocol (RIP) for IPv6
  snmp-discovery          SNMP network node discovery
  ssh                     Enable SSH server
  statistics              Statistics monitoring
  stoat                   STOAT Device Discovery
  telnet                  Enable the telnet server
  terminal-length         System wide terminal length configuration
  test                    Test device functionality
  vrrp                    Virtual Router Redundancy Protocol (VRRP)

[K[25CIE520-sa(config)#service 
18:30:38 >>> ip pim ?
ip pim ?
  accept-register           Register accept filter at RP
  anycast-rp                Anycast Rendezvous-Point
  bsr-candidate             Candidate bootstrap router (candidate BSR)
  cisco-register-checksum   Calculate Register checksum over whole packet
                            (Cisco compatibility)
  crp-cisco-prefix          To be a C-RP working with Cisco BSR
  dense-mode                Dense Mode
  ignore-rp-set-priority    Ignore RP set priority value
  jp-timer                  Join/Prune timer
  nexthop-timer-interval    Nexthop Timer Interval
  register-rate-limit       Rate limit for PIM Registers
  register-rp-reachability  Enable RP reachability check for PIM Registers
  register-source           Source address for PIM Register
  register-suppression      Register Suppression for PIM Registers
  rp-address                PIM RP-address (Rendezvous Point)
  rp-candidate              PIMv2 RP-candidate
  rp-register-kat           KAT for (S,G) at RP from PIM Registers
  sparse-mode               Sparse Mode
  spt-threshold             Source-tree switching threshold
  ssm                       Configure Source Specific multicast
  vrf                       VRF instance

[K[24CIE520-sa(config)#ip pim 
