08:13:15 >>> show stack
Virtual Chassis Stacking summary information

ID   Pending ID  MAC address        Priority  Status  Role
1    -           84e3.2787.0ac0     128       Ready   Backup Member
2    -           -                  -         -       Provisioned
3    -           84e3.2787.0740     128       Ready   Active Master
4    -           84e3.2787.09c0     128       Ready   Backup Member

Operational Status                 Normal operation
Stack MAC address                  0000.cd37.0d6f (Virtual MAC)
08:13:17 >>> show process | include pdm|pim
08:13:18 >>> show ip pim dense-mode interface
% PIM-DM protocol daemon is not running or feature license is not available
08:13:20 >>> show boot
Boot configuration
--------------------------------------------------------------------------------
Current software   : IE520-tb470.rel 
Current boot image : flash:/IE520-tb470.rel (file exists)
Backup  boot image : Not set 
Default boot config: flash:/default.cfg
Current boot config: flash:/tb470-bench.cfg (file exists)
Backup  boot config: Not set 
Autoboot status    : disabled
Boot Security Level: none
08:13:22 >>> show reboot history
Stack member 1:
<date> <time> <type> <description>
-------------------------------------------------------------------------
2026-09-30 19:09:14 Expected   User Request
2026-09-30 04:16:07 Expected   User Request
2026-09-30 02:46:41 Expected   User Request
2026-09-30 01:45:30 Expected   User Request
2026-09-28 23:57:37 Unexpected System reboot
2026-09-28 23:52:01 Unexpected System reboot
2026-09-28 23:46:22 Unexpected System reboot
2026-09-28 23:41:37 Unexpected System reboot
2026-09-28 23:35:47 Unexpected System reboot
2026-09-28 19:59:46 Unexpected System reboot
2026-09-28 19:54:03 Unexpected System reboot
2026-09-24 22:34:52 Expected   User Request
2026-09-24 21:20:35 Expected   User Request
2026-09-22 23:24:36 Unexpected Rebooting due to VCS duplicate master
2026-09-22 23:08:50 Expected   CLI(user request)
2026-09-22 22:52:30 Expected   User Request
2026-09-22 21:16:57 Expected   User Request
2026-09-21 02:02:04 Expected   User Request
2026-09-20 22:27:56 Expected   User Request
2026-09-20 22:14:58 Expected   User Request
2026-09-20 22:09:24 Expected   User Request
2026-09-20 22:03:56 Expected   User Request
2026-09-20 21:58:28 Expected   User Request
2026-09-20 21:53:08 Expected   User Request
2026-09-20 21:47:33 Expected   User Request
2026-09-20 21:42:04 Expected   User Request
2026-09-20 21:36:35 Expected   User Request
2026-09-20 21:31:07 Expected   User Request
2026-09-20 21:25:32 Expected   User Request
2026-09-20 21:20:00 Expected   User Request
2026-09-20 21:14:29 Expected   User Request
2026-09-20 21:08:59 Expected   User Request
2026-09-20 21:03:21 Expected   User Request
2026-09-20 20:57:54 Expected   User Request
2026-09-20 20:52:22 Expected   User Request
2026-09-20 20:46:54 Expected   User Request
2026-09-20 20:41:26 Expected   User Request
2026-09-20 20:35:50 Expected   User Request
2026-09-20 20:30:19 Expected   User Request
2026-09-18 10:42:05 Expected   User Request
2026-09-18 10:25:24 Expected   User Request
2026-09-18 10:08:35 Expected   User Request
2026-09-18 09:51:33 Expected   User Request
2026-09-18 09:35:03 Expected   User Request
2026-09-18 09:18:27 Expected   User Request
2026-09-18 09:01:41 Expected   User Request
2026-09-18 08:44:58 Expected   User Request
2026-09-18 08:28:10 Expected   User Request
2026-09-18 08:11:22 Expected   User Request
2026-09-18 07:54:39 Expected   User Request
2026-09-18 07:37:58 Expected   User Request
2026-09-18 07:21:20 Expected   User Request
2026-09-18 07:04:44 Expected   User Request
2026-09-18 06:47:58 Expected   User Request
2026-09-18 06:31:12 Expected   User Request
2026-09-18 06:14:33 Expected   User Request
2026-09-18 05:58:00 Expected   User Request
2026-09-18 05:41:19 Expected   User Request
2026-09-18 05:24:34 Expected   User Request
2026-09-18 05:08:00 Expected   User Request
2026-09-18 04:51:17 Expected   User Request
2026-09-18 04:34:32 Expected   User Request
2026-09-18 04:18:08 Expected   User Request
2026-09-18 04:01:27 Expected   User Request
2026-09-18 03:49:22 Expected   User Request
2026-09-18 03:34:13 Expected   User Request
2026-09-18 02:01:40 Expected   User Request
2026-09-17 21:25:14 Unexpected Rebooting due to VCS duplicate master
2026-09-15 22:06:25 Unexpected System reboot
2026-09-15 19:00:01 Unexpected System reboot
2026-09-15 05:04:36 Unexpected System reboot
2026-09-15 00:27:30 Unexpected Rebooting due to VCS duplicate master
2026-09-14 21:20:06 Unexpected Rebooting due to VCS duplicate master
2026-09-14 21:17:15 Unexpected Rebooting due to VCS duplicate master
2026-09-14 02:35:54 Unexpected Rebooting due to VCS failover during HW configuration
2026-09-14 02:33:23 Unexpected Rebooting due to VCS duplicate master
2026-09-14 02:14:33 Expected   CLI(user request)
2026-09-13 20:17:46 Expected   User Request
2026-09-11 03:19:46 Expected   User Request
2026-09-11 03:05:41 Expected   User Request
2026-09-11 02:52:54 Expected   User Request
2026-09-10 22:21:29 Expected   User Request
2026-09-10 21:13:37 Expected   User Request
2026-09-09 20:48:07 Expected   User Request
2026-09-09 20:08:37 Expected   User Request
2026-09-08 01:29:08 Unexpected System reboot
2026-09-07 23:38:33 Unexpected Rebooting due to VCS duplicate master
2026-09-07 01:56:17 Unexpected Rebooting due to VCS duplicate master
2026-09-06 19:53:02 Unexpected Rebooting due to VCS failover during HW configuration
2026-09-06 19:50:25 Expected   CLI(user request)
2026-09-06 12:25:37 Unexpected System reboot
2026-09-06 00:33:27 Unexpected System reboot
2026-09-05 17:32:59 Unexpected System reboot
2026-09-05 16:58:01 Unexpected System reboot
2026-09-05 11:18:40 Unexpected System reboot
2026-09-04 15:19:13 Unexpected System reboot
2026-09-04 03:22:21 Expected   CLI(user request)
2026-09-04 01:35:42 Expected   CLI(user request)
2026-09-04 01:07:23 Unexpected System reboot
-------------------------------------------------------------------------


Stack member 3:
<date> <time> <type> <description>
-------------------------------------------------------------------------
2026-09-30 19:09:14 Expected   User Request
2026-09-30 04:16:07 Expected   User Request
2026-09-30 02:46:41 Expected   User Request
2026-09-30 01:45:30 Expected   User Request
2026-09-30 01:17:13 Expected   User Request
2026-09-30 01:03:39 Expected   User Request
2026-09-30 00:55:21 Expected   User Request
2026-09-28 23:57:45 Unexpected System reboot
2026-09-28 23:52:09 Unexpected System reboot
2026-09-28 23:46:32 Unexpected System reboot
2026-09-28 23:41:48 Unexpected System reboot
2026-09-28 23:35:56 Unexpected System reboot
2026-09-28 19:59:54 Unexpected System reboot
2026-09-28 19:54:50 Unexpected System reboot
2026-09-24 22:34:52 Expected   User Request
2026-09-24 21:20:36 Expected   User Request
2026-09-24 04:12:11 Expected   User Request
2026-09-22 22:52:30 Expected   User Request
2026-09-22 21:16:57 Expected   User Request
2026-09-21 01:52:30 Expected   User Request
2026-09-19 15:38:09 Expected   User Request
2026-09-19 15:26:55 Expected   User Request
2026-09-19 15:15:49 Expected   User Request
2026-09-19 15:04:34 Expected   User Request
2026-09-19 14:53:24 Expected   User Request
2026-09-19 14:42:08 Expected   User Request
2026-09-19 14:30:59 Expected   User Request
2026-09-19 14:19:51 Expected   User Request
2026-09-19 14:08:37 Expected   User Request
2026-09-19 13:57:27 Expected   User Request
2026-09-19 13:46:21 Expected   User Request
2026-09-19 13:35:08 Expected   User Request
2026-09-19 13:24:01 Expected   User Request
2026-09-19 13:12:45 Expected   User Request
2026-09-19 13:01:32 Expected   User Request
2026-09-19 12:50:22 Expected   User Request
2026-09-19 12:39:12 Expected   User Request
2026-09-19 12:28:02 Expected   User Request
2026-09-19 12:16:54 Expected   User Request
2026-09-19 12:05:40 Expected   User Request
2026-09-19 11:54:29 Expected   User Request
2026-09-19 11:43:18 Expected   User Request
2026-09-19 11:32:09 Expected   User Request
2026-09-19 11:20:52 Expected   User Request
2026-09-19 11:09:42 Expected   User Request
2026-09-19 10:58:35 Expected   User Request
2026-09-19 10:47:28 Expected   User Request
2026-09-19 10:36:10 Expected   User Request
2026-09-19 10:25:00 Expected   User Request
2026-09-19 10:13:48 Expected   User Request
2026-09-19 10:02:37 Expected   User Request
2026-09-19 09:51:27 Expected   User Request
2026-09-19 09:40:18 Expected   User Request
2026-09-19 09:29:13 Expected   User Request
2026-09-19 09:17:56 Expected   User Request
2026-09-19 09:06:45 Expected   User Request
2026-09-19 08:55:36 Expected   User Request
2026-09-19 08:44:19 Expected   User Request
2026-09-19 08:33:12 Expected   User Request
2026-09-19 08:21:51 Expected   User Request
2026-09-19 08:10:41 Expected   User Request
2026-09-19 07:59:33 Expected   User Request
2026-09-19 07:48:15 Expected   User Request
2026-09-19 07:37:03 Expected   User Request
2026-09-19 07:25:51 Expected   User Request
2026-09-19 07:14:41 Expected   User Request
2026-09-19 07:03:34 Expected   User Request
2026-09-19 06:52:20 Expected   User Request
2026-09-19 06:41:15 Expected   User Request
2026-09-19 06:30:00 Expected   User Request
2026-09-19 06:18:49 Expected   User Request
2026-09-19 06:07:36 Expected   User Request
2026-09-19 05:56:28 Expected   User Request
2026-09-19 05:45:27 Expected   User Request
2026-09-19 05:34:17 Expected   User Request
2026-09-19 05:23:02 Expected   User Request
2026-09-19 05:11:52 Expected   User Request
2026-09-19 05:00:38 Expected   User Request
2026-09-19 04:49:24 Expected   User Request
2026-09-19 04:38:13 Expected   User Request
2026-09-19 04:27:09 Expected   User Request
2026-09-19 04:15:57 Expected   User Request
2026-09-19 04:04:42 Expected   User Request
2026-09-19 03:53:38 Expected   User Request
2026-09-19 03:42:36 Expected   User Request
2026-09-19 03:31:27 Expected   User Request
2026-09-19 03:20:18 Expected   User Request
2026-09-19 03:09:15 Expected   User Request
2026-09-19 02:58:06 Expected   User Request
2026-09-19 02:46:56 Expected   User Request
2026-09-19 02:35:47 Expected   User Request
2026-09-19 02:24:39 Expected   User Request
2026-09-19 02:13:29 Expected   User Request
2026-09-19 02:02:18 Expected   User Request
2026-09-19 01:51:13 Expected   User Request
2026-09-19 01:40:03 Expected   User Request
2026-09-19 01:28:59 Expected   User Request
2026-09-19 01:17:49 Expected   User Request
2026-09-19 01:06:46 Expected   User Request
2026-09-19 00:55:35 Expected   User Request
-------------------------------------------------------------------------


Stack member 4:
<date> <time> <type> <description>
-------------------------------------------------------------------------
2026-09-30 19:09:14 Expected   User Request
2026-09-30 07:28:03 Unexpected System reboot
2026-09-30 04:16:07 Expected   User Request
2026-09-30 02:46:41 Expected   User Request
2026-09-30 01:45:30 Expected   User Request
2026-09-30 01:10:37 Expected   User Request
2026-09-28 23:57:38 Unexpected System reboot
2026-09-28 23:51:59 Unexpected System reboot
2026-09-28 23:46:25 Unexpected System reboot
2026-09-28 23:41:39 Unexpected System reboot
2026-09-28 23:35:50 Unexpected System reboot
2026-09-28 19:59:44 Unexpected System reboot
2026-09-28 19:54:07 Unexpected System reboot
2026-09-24 22:34:52 Expected   User Request
2026-09-24 21:20:35 Expected   User Request
2026-09-24 04:21:45 Expected   User Request
2026-09-22 23:24:58 Unexpected Rebooting due to VCS duplicate master
2026-09-22 23:18:07 Expected   CLI(user request)
2026-09-22 22:52:30 Expected   User Request
2026-09-22 21:16:57 Expected   User Request
2026-09-18 10:36:27 Expected   User Request
2026-09-18 10:19:44 Expected   User Request
2026-09-18 10:02:51 Expected   User Request
2026-09-18 09:46:07 Expected   User Request
2026-09-18 09:29:24 Expected   User Request
2026-09-18 09:12:50 Expected   User Request
2026-09-18 08:56:04 Expected   User Request
2026-09-18 08:39:19 Expected   User Request
2026-09-18 08:22:29 Expected   User Request
2026-09-18 08:05:47 Expected   User Request
2026-09-18 07:49:06 Expected   User Request
2026-09-18 07:32:20 Expected   User Request
2026-09-18 07:15:41 Expected   User Request
2026-09-18 06:58:59 Expected   User Request
2026-09-18 06:42:20 Expected   User Request
2026-09-18 06:25:34 Expected   User Request
2026-09-18 06:08:57 Expected   User Request
2026-09-18 05:52:25 Expected   User Request
2026-09-18 05:35:39 Expected   User Request
2026-09-18 05:18:58 Expected   User Request
2026-09-18 05:02:20 Expected   User Request
2026-09-18 04:45:38 Expected   User Request
2026-09-18 04:29:04 Expected   User Request
2026-09-18 04:12:30 Expected   User Request
2026-09-18 02:01:41 Expected   User Request
2026-09-17 21:25:21 Unexpected Rebooting due to VCS duplicate master
2026-09-14 21:19:55 Unexpected Rebooting due to VCS duplicate master
2026-09-14 02:33:25 Unexpected Rebooting due to VCS duplicate master
2026-09-14 02:19:13 Expected   CLI(user request)
2026-09-13 20:21:55 Unexpected Rebooting due to VCS duplicate member-ID
2026-09-13 20:19:50 Expected   CLI(user request)
2026-09-13 20:16:26 Unexpected Rebooting due to VCS duplicate master
2026-09-11 03:19:32 Expected   CLI(user request)
2026-09-10 20:57:21 Expected   CLI(user request)
2026-09-07 02:02:12 Expected   CLI(user request)
2026-09-07 01:58:17 Expected   CLI(user request)
2026-09-06 18:22:19 Unexpected System reboot
2026-09-06 11:02:00 Unexpected System reboot
2026-09-06 04:33:54 Unexpected System reboot
2026-09-05 11:14:48 Unexpected System reboot
2026-09-05 02:10:54 Unexpected System reboot
2026-09-04 21:50:30 Unexpected System reboot
2026-09-04 16:13:49 Unexpected System reboot
2026-09-04 07:57:25 Unexpected System reboot
2026-09-04 05:28:06 Unexpected System reboot
2026-09-04 03:44:14 Expected   CLI(user request)
2026-09-04 01:36:00 Expected   CLI(user request)
2026-09-04 01:09:02 Unexpected System reboot
-------------------------------------------------------------------------
08:13:24 >>> show running-config
!
service password-encryption
!
hostname IE520-stk
!
no banner motd
!
username manager privilege 15 password 8 $5$bJob5N4D$VDlAWDKf4Z/shG0P/kPIysg5qD4cc1OidC4abIHlMg7
!
!
ssh server allow-users manager
service ssh
!
no service telnet
!
service http
!
no clock timezone
!
snmp-server
!
!
!
aaa authentication enable default local
aaa authentication login default local
!
!
!
stack virtual-mac
stack virtual-chassis-id 3439
!
!
loop-protection loop-detect ldf-interval 1 fast-block
!
service onm
no service ospf
!
!
!
!
ip domain-lookup
!
!
!
no service dhcp-server
!
!
!
no ip multicast-routing
!
lldp run
!
spanning-tree mode rstp
!
no lacp global-passive-mode enable
no spanning-tree rstp enable
!
switch 1 provision ie520-28
switch 2 provision ie520-28
switch 3 provision ie520-28
switch 4 provision ie520-28
!
vlan database
 vlan 10 name data
 vlan 4000 name sx-link
 vlan 10,4000 state enable
!
interface port1.0.1
 switchport
 switchport mode access
!
interface port1.0.2
 switchport
 switchport mode access
 static-channel-group 2
!
interface port1.0.3-1.0.8
 switchport
 switchport mode access
!
interface port1.0.9
 switchport
 switchport mode access
 static-channel-group 2
!
interface port1.0.10-1.0.12
 switchport
 switchport mode access
!
interface port1.0.13
 switchport
 switchport mode access
 static-channel-group 3
!
interface port1.0.14-1.0.26
 switchport
 switchport mode access
!
interface port1.0.27-1.0.28
 stackport
!
interface port2.0.1-2.0.26
 switchport
 switchport mode access
!
interface port2.0.27-2.0.28
 stackport
!
interface port3.0.1
 switchport
 switchport mode access
!
interface port3.0.2
 switchport
 switchport mode access
 switchport access vlan 10
 static-channel-group 1
!
interface port3.0.3-3.0.26
 switchport
 switchport mode access
!
interface port3.0.27-3.0.28
 stackport
!
interface port4.0.1
 switchport
 switchport mode access
!
interface port4.0.2
 switchport
 switchport mode access
 switchport access vlan 10
 static-channel-group 1
!
interface port4.0.3-4.0.8
 switchport
 switchport mode access
!
interface port4.0.9
 switchport
 switchport mode access
 static-channel-group 3
!
interface port4.0.10-4.0.25
 switchport
 switchport mode access
!
interface port4.0.26
 switchport
 switchport mode access
 switchport access vlan 4000
!
interface port4.0.27-4.0.28
 stackport
!
interface sa1
 switchport
 switchport mode access
 switchport access vlan 10
!
interface sa2-3
 switchport
 switchport mode access
!
interface vlan1
 ip address 10.38.215.10/27
 ip address 10.38.215.40/27 secondary
 ip address 10.38.215.66/27 secondary
 ipv6 enable
 ipv6 address dhcp
 ip dhcp-client vendor-identifying-class
 ip dhcp-client request vendor-identifying-specific
!
interface vlan10
 ip address 10.10.10.1/27
!
ip route 10.38.215.64/27 10.10.10.2
!
line con 0
 exec-timeout 0 0
line vty 0 7
!
end
