08:06:30 >>> configure terminal
configure terminal
Enter configuration commands, one per line.  End with CNTL/Z.
IE520-sa(config)#
08:06:31 >>> interface vlan3112
interface vlan3112
IE520-sa(config-if)#
08:06:31 >>> no ip address 10.113.2.2/30
no ip address 10.113.2.2/30
IE520-sa(config-if)#
08:06:32 >>> interface port1.0.2
interface port1.0.2
IE520-sa(config-if)#
08:06:32 >>> no switchport access vlan
no switchport access vlan
IE520-sa(config-if)#
08:06:32 >>> interface port1.0.26
interface port1.0.26
IE520-sa(config-if)#
08:06:33 >>> switchport access vlan 4000
switchport access vlan 4000
IE520-sa(config-if)#
08:06:33 >>> exit
exit
IE520-sa(config)#
08:06:34 >>> no ip route 10.113.1.0/24 10.113.2.1
no ip route 10.113.1.0/24 10.113.2.1
IE520-sa(config)#
08:06:34 >>> no ip multicast-routing
no ip multicast-routing
IE520-sa(config)#
08:06:35 >>> vlan database
vlan database
IE520-sa(config-vlan)#
08:06:35 >>> no vlan 3112
no vlan 3112
IE520-sa(config-vlan)#
08:06:36 >>> no vlan 3113
no vlan 3113
IE520-sa(config-vlan)#
08:06:36 >>> exit
exit
IE520-sa(config)#
08:06:36 >>> no service pdm
no service pdm
% Save the config and restart for this change to take effect.
IE520-sa(config)#
!!! CLI error on 'no service pdm' -- stopping
