08:02:34 >>> show running-config
!
service password-encryption
!
hostname IE520-sa
!
no banner motd
!
username manager privilege 15 password 8 $5$bJob5N4D$VDlAWDKf4Z/shG0P/kPIysg5qD4cc1OidC4abIHlMg7
!
!
ssh server allow-users manager
service ssh
!
no service telnet
!
service http
!
no clock timezone
!
snmp-server
!
!
!
aaa authentication enable default local
aaa authentication login default local
!
!
!
stack virtual-chassis-id 3439
!
!
loop-protection loop-detect ldf-interval 1 fast-block
!
service pdm
service onm
!
!
!
!
ip domain-lookup
!
!
!
no service dhcp-server
!
!
!
ip multicast-routing
!
lldp run
!
spanning-tree mode rstp
!
no lacp global-passive-mode enable
no spanning-tree rstp enable
!
switch 1 provision ie520-28
!
vlan database
 vlan 10 name data
 vlan 4000 name sx-link
 vlan 10,3112-3113,4000 state enable
!
interface port1.0.1
 switchport
 switchport mode access
!
interface port1.0.2
 switchport
 switchport mode access
 switchport access vlan 3113
!
interface port1.0.3-1.0.8
 switchport
 switchport mode access
!
interface port1.0.9
 switchport
 switchport mode access
 static-channel-group 3
!
interface port1.0.10-1.0.12
 switchport
 switchport mode access
!
interface port1.0.13
 switchport
 switchport mode access
 static-channel-group 3
!
interface port1.0.14-1.0.25
 switchport
 switchport mode access
!
interface port1.0.26
 switchport
 switchport mode access
 switchport access vlan 3112
!
interface port1.0.27-1.0.28
 stackport
!
interface sa3
 switchport
 switchport mode access
!
interface vlan1
 ip address 10.38.215.41/27
 ipv6 enable
 ipv6 address dhcp
 ip dhcp-client vendor-identifying-class
 ip dhcp-client request vendor-identifying-specific
!
interface vlan3112
 ip address 10.113.2.2/30
 ip pim dense-mode
!
interface vlan3113
 ip address 10.113.3.1/24
 ip igmp
 ip pim dense-mode
!
ip route 10.113.1.0/24 10.113.2.1
!
line con 0
 exec-timeout 0 0
line vty 0 7
!
end
08:02:35 >>> show boot
Boot configuration
--------------------------------------------------------------------------------
Current software   : IE520-tb470.rel 
Current boot image : flash:/IE520-tb470.rel (file exists)
Backup  boot image : Not set 
Default boot config: flash:/default.cfg
Current boot config: flash:/tb470-bench.cfg (file exists)
Backup  boot config: Not set 
Autoboot status    : disabled
Boot Security Level: none
08:02:37 >>> show interface port1.0.2,port1.0.26 status
Port        Name               Status      Vlan      Duplex Speed   Type        
--------------------------------------------------------------------------------
port1.0.2   -                  connected        3113 a-full a-1000  10GBASE-TM  
port1.0.26  -                  connected        3112 a-full a-1000  1000BASE-SX
08:02:38 >>> show interface vlan3113
Interface vlan3113
  Scope: both
  Link is UP, administrative state is UP
  Hardware is VLAN, address is 84e3.2787.0780
  IPv4 address 10.113.3.1/24 broadcast 10.113.3.255
  index 3413 metric 1 mtu 1500
  arp ageing timeout 300
  <UP,BROADCAST,RUNNING,MULTICAST>
  VRF Binding: Not bound
  SNMP link-status traps: Disabled
  Router Advertisement is disabled
  Router Advertisement default routes are accepted
  Router Advertisement prefix info is accepted
    input packets 6, bytes 360, dropped 0, multicast packets 0
    output packets 48096, bytes 4559972, multicast packets 0, broadcast packets 0
  Time since last state change: 0 days 00:13:47
