18:35:55 >>> show ip pim dense-mode neighbor
Total number of neighbors: 1
Neighbor-Address Interface          Uptime/Expires    Ver
10.113.2.1       vlan3112           00:02:19/00:01:26 v2
18:35:56 >>> show ip pim dense-mode interface
Total configured interfaces: 2   Maximum allowed: 100
Total active interfaces:     2

Address          Interface VIFIndex Ver/   Nbr
                                    Mode   Count
10.113.2.2       vlan3112  3        v2/D   1     
10.113.3.1       vlan3113  4        v2/D   0
18:35:57 >>> show ip igmp groups
18:35:58 >>> show ip igmp interface vlan3113
Interface vlan3113 (Index 3413)
 IGMP Enabled, Active, Querier, Version 3 (default)
 Internet address is 10.113.3.1
 IGMP interface has 0 group-record states
 IGMP activity: 0 joins, 0 leaves
 IGMP robustness variable is 2 
 IGMP query interval is 125 seconds
 IGMP Startup query interval is 31 seconds
 IGMP Startup query count is 2 
 IGMP query holdtime is 500 milliseconds
 IGMP querier timeout is 255 seconds
 IGMP max query response time is 10 seconds
 Group Membership interval is 260 seconds
 IGMP last member query count is 2 
 Last member query response interval is 1000 milliseconds
 Strict IGMPv3 ToS checking is disabled on this interface
 Source Address checking is enabled
 Global Specific Query Flooding is enabled
 IGMP Snooping is globally enabled
 IGMP Snooping query solicitation is globally enabled for Root/Master Nodes
 IGMP Snooping query solicitation is globally disabled for Non Root/Master Nodes
  Num. query-solicit packets: 0 sent, 0 recvd 
 IGMP Snooping is enabled on this interface
 IGMP Snooping fast-leave is not enabled
 IGMP Snooping querier is not enabled
 IGMP Snooping report suppression is enabled
 IGMP Snooping source timer is globally disabled
 IGMP Snooping source timer is disabled
