T22652 run 1 -- working log (bench-runner) -- clean
=====================================================================================
Case:      AWPTCM-T22652 "S2166.1.10, S2166.1.11, S2166.1.12 - modbus -  read alarm information" (ck.db, Draft,
           /Modbus/Proj 2166 Modbus Support). Objective: "Able to retrieve alarm information. To get a list of alarm -
           apteryx -t /alarm-monitoring To check alarm setting - show alarm setting". 3 steps:
           1 "Read register 0x3600 for #1 Alarm Type" -> "Return 1 word ENUM"; 2 "Read register 0x3601 for #1 Alarm
           Configuration" -> "Return 1 word HEX"; 3 "Read register 0x3602 for #1 Alarm Status" -> "Return 1 word BOOL".
Run:       2026-10-08 13:21:37-13:22:37 NZDT (DUT clock UTC; offset 0)
Session:   tb470; consoles u2,u4,u5 (this case drove u5 only); Test Engineer terrenceb@terrenceb-dl; PDU 10.36.150.14
           (u2=6, u4=4, u5=5); constraints "Run now, no power cycles". Sentinel = parent (device-testing-8a).
           Queue row 1, case 3 of 6.
Tester:    bench-runner, by hand: tools/ckcon.py /dev/u5 115200 /tmp/modbus-1008/console-u5.log --stop-on-error;
           tools/mb.py --host 10.38.215.10 --log /tmp/modbus-1008/mb-22652.log --slave <u> read ...; tools/rc2cfg.py;
           tools/rcdiff.py. Driver work/22652.sh; stdout work/22652.out; client trace work/mb-22652.log.
Gates:     as T22650 run 1 (precheck CLEAR 13:10; probe 13:12 exit 4 = u2/u4 login_failed, sent as NEEDS TEST
           ENGINEER; u5 = master; eth1 -> port3.0.13; boot config flash:/tb470-bench.cfg). Pre-case running-config =
           group baseline (T22651 teardown IDENTICAL 13:20).

TOPOLOGY AS TESTED
  DUT   : stk_a IE520-stk (AT-IE520-28GSX VCStack): member 1 swi_a S/N 264A23061 MAC 84e3.2787.0ac0 Backup (u2);
          member 2 Provisioned only; member 3 swi_c S/N 264A23066 MAC 84e3.2787.0740 Active Master (u5, driven);
          member 4 swi_d S/N 264A23052 MAC 84e3.2787.09c0 Backup (u4). main-calanm (IE520-tb470.rel, built
          Tue Oct 6 19:44:28 UTC 2026), bootloader 9.2.0. vlan1 10.38.215.10/27.
  host  : tb470 eth1 10.38.215.1/27 -> stk_a port3.0.13 (1000BASE-T, VLAN 1). Modbus/TCP 502.
  config: 22652/stk_a.cfg (running-config after setup; startup not written)

STEP 0 -- baseline 13:21:42-13:21:44                                                               done
IE520-stk# show stack -> 1 Backup / 2 Provisioned / 3 Active Master / 4 Backup
IE520-stk# show scada modbus tcp server -> MODBUS is disabled;  host$ mb.py probe -> Connection refused

SETUP 13:21:49-13:21:55                                                                            done
IE520-stk(config)# scada modbus tcp server
IE520-stk# show scada modbus tcp server -> MODBUS is enabled / Write access: disabled / Port : 502
IE520-stk# show running-config | include scada -> scada modbus tcp server
Saved 22652/stk_a.cfg (186 config lines).

CLI REFERENCE 13:22:09-13:22:15 (full text in work/22652.out)
  show alarm facility settings: "Member output control: Disabled"; Global alarms EPSR, Loop detect, G8032, UFO "-";
    per member 1/3/4: External PSU 1 "-", External PSU 2 "-", Link down portN.0.1..portN.0.28 "-", Temperature "-".
    Order per member: #1 External PSU 1, #2 External PSU 2, #3..#30 Link down portN.0.1..28, #31 Temperature.
  show alarm facility status: "Active alarms ID" header only (no alarm has an output).
  show running-config | include alarm: (empty)
  show system environment: member 1 Temp 48 Ok, Power Input 1 Yes, Power Input 2 No;
                           member 3 Temp 42 Ok, Power Input 1 No,  Power Input 2 Yes;
                           member 4 Temp 44 Ok, Power Input 1 Yes, Power Input 2 No.
  show interface status: port1.0.1 / port3.0.1 / port4.0.1 notconnect (not present); port1.0.2 connected a-full
    a-1000 1000BASE-T; port3.0.2 connected (vlan 10) 1000BASE-T; port4.0.2 connected (vlan 10) 10GBASE-TM;
    port2.0.x "provisioned".

READS (TX bytes in work/mb-22652.log)
 The case's literal addresses, unit 1, 13:22:16-13:22:17:
  READ 0x3600 x1 ENUM -> EXCEPTION · READ 0x3601 x1 HEX -> EXCEPTION · READ 0x3602 x1 BOOL -> EXCEPTION
  -> not registers of this DUT. It reports Mapping Version 5 (T22650: 0x0000 = 5), whose alarm block is at 0x3000,
     addressed per stack member by unit id, 6 words per alarm [type, config, 0, 0, 0, status]. Steps graded there:
 Alarm #1 (External PSU 1), 13:22:17-13:22:19:
  unit 1: step1 READ 0x3000 ENUM -> ['0x0001'] 1 (External PSU) · step2 READ 0x3001 HEX -> '0000' ·
          step3 READ 0x3005 BOOL -> ['0x0000'] False · 0x3002 x3 -> [0, 0, 0]
  unit 3: step1 -> 1 · step2 -> '0000' · step3 -> ['0xffff'] True · reserved [0, 0, 0]
  unit 4: step1 -> 1 · step2 -> '0000' · step3 -> ['0x0000'] False · reserved [0, 0, 0]
  unit 0: 0x3000 x6 -> [1, 0, 0, 0, 0, 0xffff] = member 3's entry (unit 0 = the master's block)
 Neighbouring entries (consistency, not graded):
  #2 External PSU 2  0x3006 x6: unit 1 [1,0,0,0,0,0xffff] (CLI Power Input 2 No) · unit 3 [1,0,0,0,0,0] (Yes) ·
                                unit 4 [1,0,0,0,0,0xffff] (No)
  #3 Link down N.0.1 0x300c x6: [4,0,0,0,0,0xffff] on units 1, 3, 4 = portN.0.1 notconnect on every member
  #4 Link down N.0.2 0x3012 x6: [4,0,0,0,0,0] on units 1, 3, 4 = port1.0.2, 3.0.2, 4.0.2 all connected
  #31 Temperature    0x30b4 x6: [8,0,0,0,0,0] on units 1, 3, 4 = type 8 Temperature, not in alarm (48/42/44 Ok)
 Server statistics 13:22:24 (cumulative): holding registers 108 (28 this case); illegal data address 4 (+2),
  slave device failure 5 (+1) -- the three 0x3600-0x3602 reads.

STEP VERDICTS (at the DUT's Mapping-Version-5 address of each named item)
  1 #1 Alarm Type ............ PASS  (0x3000 = 1 External PSU on members 1, 3, 4 = the first per-member alarm in
                                       show alarm facility settings, "External PSU 1")
  2 #1 Alarm Configuration ... PASS  (0x3001 = 0x0000 = no LED/relay output = CLI Outputs "-" on every member)
  3 #1 Alarm Status .......... PASS  (0x3005 False / True / False on members 1 / 3 / 4 = the inverse of CLI
                                       "Power Input 1" Yes / No / Yes: alarm present exactly where the PSU input is absent)

TEARDOWN 13:22:30-13:22:37
IE520-stk(config)# no scada modbus tcp server
IE520-stk# show scada modbus tcp server -> MODBUS is disabled; show running-config | include scada -> (empty)
host$ mb.py probe -> Connection refused
rcdiff.py baseline-rc.out 22652-rc-after-teardown.out -> no output = IDENTICAL. Nothing written to startup; no
reload; no PDU. u5 at exec, terminal no monitor.

CAVEAT: the case text names 0x3600-0x3602 (an older register map); on this Mapping-Version-5 DUT they answer an
  exception, and alarm #1 lives at 0x3000/0x3001/0x3005. Step 2 shows only the "no output" value; a live
  configuration word (0x8000 = LED) is exercised by T22654.

VERDICT: PASS -- alarm #1 type (External PSU), configuration (0x0000 = "-") and status (False/True/False = Power Input 1 Yes/No/Yes) equal the CLI on members 1, 3, 4 at the map-v5 block 0x3000
