23:07:13: ================ PowerGroup has been initialised ================
23:07:13: ======== Turning PowerGroup on
23:07:13: PowerGroup._pdu_cmd(on, [1], 3) called
23:07:13: Waiting for pdu lock
23:07:13: ...lock acquired
23:07:13: Power outlets are already in the desired state
23:07:13: ...lock released
23:07:13: Turning PowerGroup on: Success
23:15:08: ========= TestCase 6 Starting =========
23:15:13: ======== Turning PowerGroup off
23:15:13: PowerGroup._pdu_cmd(off, [1], 3) called
23:15:13: Waiting for pdu lock
23:15:13: ...lock acquired
23:15:13: HTTP POST was successfully executed
23:15:14: PowerGroup._pdu_cmd(status, [1], 3) called
23:15:14: Waiting for pdu lock
23:15:14: ...lock acquired
23:15:14: Current outlet status: {1: '0', 2: '1', 3: '1', 4: '1', 5: '1', 6: '1', 7: '1', 8: '1', 9: '1', 10: '0', 11: '0', 12: '0', 13: '0', 14: '0', 15: '0', 16: '0', 17: '1', 18: '0', 19: '0', 20: '0', 21: '0', 22: '0', 23: '0', 24: '0', 25: '0'}
23:15:14: ...lock released
23:15:14: Power outlets have been successfully turned off
23:15:14: ...lock released
23:15:14: Turning PowerGroup off: Success
23:15:32: ======== Turning PowerGroup on
23:15:32: PowerGroup._pdu_cmd(on, [1], 3) called
23:15:32: Waiting for pdu lock
23:15:32: ...lock acquired
23:15:32: Sleep 0 seconds to work around the x610 power supply issue
23:15:32: HTTP POST was successfully executed
23:15:35: PowerGroup._pdu_cmd(status, [1], 3) called
23:15:35: Waiting for pdu lock
23:15:35: ...lock acquired
23:15:35: Current outlet status: {1: '1', 2: '1', 3: '1', 4: '1', 5: '1', 6: '1', 7: '1', 8: '1', 9: '1', 10: '0', 11: '0', 12: '0', 13: '0', 14: '0', 15: '0', 16: '0', 17: '1', 18: '0', 19: '0', 20: '0', 21: '0', 22: '0', 23: '0', 24: '0', 25: '0'}
23:15:35: ...lock released
23:15:35: Power outlets have been successfully turned on
23:15:35: ...lock released
23:15:35: Turning PowerGroup on: Success
23:18:34: ======== Turning PowerGroup off
23:18:34: PowerGroup._pdu_cmd(off, [1], 3) called
23:18:34: Waiting for pdu lock
23:18:34: ...lock acquired
23:18:34: HTTP POST was successfully executed
23:18:35: PowerGroup._pdu_cmd(status, [1], 3) called
23:18:35: Waiting for pdu lock
23:18:35: ...lock acquired
23:18:35: Current outlet status: {1: '0', 2: '1', 3: '1', 4: '1', 5: '1', 6: '1', 7: '1', 8: '1', 9: '1', 10: '0', 11: '0', 12: '0', 13: '0', 14: '0', 15: '0', 16: '0', 17: '1', 18: '0', 19: '0', 20: '0', 21: '0', 22: '0', 23: '0', 24: '0', 25: '0'}
23:18:35: ...lock released
23:18:35: Power outlets have been successfully turned off
23:18:35: ...lock released
23:18:35: Turning PowerGroup off: Success
23:18:50: ======== Turning PowerGroup on
23:18:50: PowerGroup._pdu_cmd(on, [1], 3) called
23:18:50: Waiting for pdu lock
23:18:50: ...lock acquired
23:18:51: Sleep 0 seconds to work around the x610 power supply issue
23:18:51: HTTP POST was successfully executed
23:18:54: PowerGroup._pdu_cmd(status, [1], 3) called
23:18:54: Waiting for pdu lock
23:18:54: ...lock acquired
23:18:54: Current outlet status: {1: '1', 2: '1', 3: '1', 4: '1', 5: '1', 6: '1', 7: '1', 8: '1', 9: '1', 10: '0', 11: '0', 12: '0', 13: '0', 14: '0', 15: '0', 16: '0', 17: '1', 18: '0', 19: '0', 20: '0', 21: '0', 22: '0', 23: '0', 24: '0', 25: '0'}
23:18:54: ...lock released
23:18:54: Power outlets have been successfully turned on
23:18:54: ...lock released
23:18:54: Turning PowerGroup on: Success
23:22:26: ======== Turning PowerGroup off
23:22:26: PowerGroup._pdu_cmd(off, [1], 3) called
23:22:26: Waiting for pdu lock
23:22:26: ...lock acquired
23:22:26: HTTP POST was successfully executed
23:22:27: PowerGroup._pdu_cmd(status, [1], 3) called
23:22:27: Waiting for pdu lock
23:22:27: ...lock acquired
23:22:27: Current outlet status: {1: '0', 2: '1', 3: '1', 4: '1', 5: '1', 6: '1', 7: '1', 8: '1', 9: '1', 10: '0', 11: '0', 12: '0', 13: '0', 14: '0', 15: '0', 16: '0', 17: '1', 18: '0', 19: '0', 20: '0', 21: '0', 22: '0', 23: '0', 24: '0', 25: '0'}
23:22:27: ...lock released
23:22:27: Power outlets have been successfully turned off
23:22:27: ...lock released
23:22:27: Turning PowerGroup off: Success
23:22:44: ======== Turning PowerGroup on
23:22:44: PowerGroup._pdu_cmd(on, [1], 3) called
23:22:44: Waiting for pdu lock
23:22:44: ...lock acquired
23:22:44: Sleep 0 seconds to work around the x610 power supply issue
23:22:44: HTTP POST was successfully executed
23:22:47: PowerGroup._pdu_cmd(status, [1], 3) called
23:22:47: Waiting for pdu lock
23:22:47: ...lock acquired
23:22:47: Current outlet status: {1: '1', 2: '1', 3: '1', 4: '1', 5: '1', 6: '1', 7: '1', 8: '1', 9: '1', 10: '0', 11: '0', 12: '0', 13: '0', 14: '0', 15: '0', 16: '0', 17: '1', 18: '0', 19: '0', 20: '0', 21: '0', 22: '0', 23: '0', 24: '0', 25: '0'}
23:22:47: ...lock released
23:22:47: Power outlets have been successfully turned on
23:22:47: ...lock released
23:22:47: Turning PowerGroup on: Success
23:26:49: ======== Turning PowerGroup off
23:26:49: PowerGroup._pdu_cmd(off, [1], 3) called
23:26:49: Waiting for pdu lock
23:26:49: ...lock acquired
23:26:49: HTTP POST was successfully executed
23:26:50: PowerGroup._pdu_cmd(status, [1], 3) called
23:26:50: Waiting for pdu lock
23:26:50: ...lock acquired
23:26:50: Current outlet status: {1: '0', 2: '1', 3: '1', 4: '1', 5: '1', 6: '1', 7: '1', 8: '1', 9: '1', 10: '0', 11: '0', 12: '0', 13: '0', 14: '0', 15: '0', 16: '0', 17: '1', 18: '0', 19: '0', 20: '0', 21: '0', 22: '0', 23: '0', 24: '0', 25: '0'}
23:26:50: ...lock released
23:26:50: Power outlets have been successfully turned off
23:26:50: ...lock released
23:26:50: Turning PowerGroup off: Success
23:27:06: ======== Turning PowerGroup on
23:27:06: PowerGroup._pdu_cmd(on, [1], 3) called
23:27:06: Waiting for pdu lock
23:27:06: ...lock acquired
23:27:06: Sleep 0 seconds to work around the x610 power supply issue
23:27:06: HTTP POST was successfully executed
23:27:09: PowerGroup._pdu_cmd(status, [1], 3) called
23:27:09: Waiting for pdu lock
23:27:09: ...lock acquired
23:27:10: Current outlet status: {1: '1', 2: '1', 3: '1', 4: '1', 5: '1', 6: '1', 7: '1', 8: '1', 9: '1', 10: '0', 11: '0', 12: '0', 13: '0', 14: '0', 15: '0', 16: '0', 17: '1', 18: '0', 19: '0', 20: '0', 21: '0', 22: '0', 23: '0', 24: '0', 25: '0'}
23:27:10: ...lock released
23:27:10: Power outlets have been successfully turned on
23:27:10: ...lock released
23:27:10: Turning PowerGroup on: Success
23:28:33: ======== Turning PowerGroup off
23:28:33: PowerGroup._pdu_cmd(off, [1], 3) called
23:28:33: Waiting for pdu lock
23:28:33: ...lock acquired
23:28:33: HTTP POST was successfully executed
23:28:34: PowerGroup._pdu_cmd(status, [1], 3) called
23:28:34: Waiting for pdu lock
23:28:34: ...lock acquired
23:28:34: Current outlet status: {1: '0', 2: '1', 3: '1', 4: '1', 5: '1', 6: '1', 7: '1', 8: '1', 9: '1', 10: '0', 11: '0', 12: '0', 13: '0', 14: '0', 15: '0', 16: '0', 17: '1', 18: '0', 19: '0', 20: '0', 21: '0', 22: '0', 23: '0', 24: '0', 25: '0'}
23:28:34: ...lock released
23:28:34: Power outlets have been successfully turned off
23:28:34: ...lock released
23:28:34: Turning PowerGroup off: Success
23:28:49: ======== Turning PowerGroup on
23:28:49: PowerGroup._pdu_cmd(on, [1], 3) called
23:28:49: Waiting for pdu lock
23:28:49: ...lock acquired
23:28:49: Sleep 0 seconds to work around the x610 power supply issue
23:28:49: HTTP POST was successfully executed
23:28:52: PowerGroup._pdu_cmd(status, [1], 3) called
23:28:53: Waiting for pdu lock
23:28:53: ...lock acquired
23:28:53: Current outlet status: {1: '1', 2: '1', 3: '1', 4: '1', 5: '1', 6: '1', 7: '1', 8: '1', 9: '1', 10: '0', 11: '0', 12: '0', 13: '0', 14: '0', 15: '0', 16: '0', 17: '1', 18: '0', 19: '0', 20: '0', 21: '0', 22: '0', 23: '0', 24: '0', 25: '0'}
23:28:53: ...lock released
23:28:53: Power outlets have been successfully turned on
23:28:53: ...lock released
23:28:53: Turning PowerGroup on: Success
23:35:30: ======== Turning PowerGroup off
23:35:30: PowerGroup._pdu_cmd(off, [1], 3) called
23:35:30: Waiting for pdu lock
23:35:30: ...lock acquired
23:35:30: HTTP POST was successfully executed
23:35:31: PowerGroup._pdu_cmd(status, [1], 3) called
23:35:31: Waiting for pdu lock
23:35:32: ...lock acquired
23:35:32: Current outlet status: {1: '0', 2: '1', 3: '1', 4: '1', 5: '1', 6: '1', 7: '1', 8: '1', 9: '1', 10: '0', 11: '0', 12: '0', 13: '0', 14: '0', 15: '0', 16: '0', 17: '1', 18: '0', 19: '0', 20: '0', 21: '0', 22: '0', 23: '0', 24: '0', 25: '0'}
23:35:32: ...lock released
23:35:32: Power outlets have been successfully turned off
23:35:32: ...lock released
23:35:32: Turning PowerGroup off: Success
23:35:47: ======== Turning PowerGroup on
23:35:48: PowerGroup._pdu_cmd(on, [1], 3) called
23:35:49: Waiting for pdu lock
23:35:49: ...lock acquired
23:35:49: Sleep 0 seconds to work around the x610 power supply issue
23:35:49: HTTP POST was successfully executed
23:35:52: PowerGroup._pdu_cmd(status, [1], 3) called
23:35:52: Waiting for pdu lock
23:35:52: ...lock acquired
23:35:52: Current outlet status: {1: '1', 2: '1', 3: '1', 4: '1', 5: '1', 6: '1', 7: '1', 8: '1', 9: '1', 10: '0', 11: '0', 12: '0', 13: '0', 14: '0', 15: '0', 16: '0', 17: '1', 18: '0', 19: '0', 20: '0', 21: '0', 22: '0', 23: '0', 24: '0', 25: '0'}
23:35:52: ...lock released
23:35:52: Power outlets have been successfully turned on
23:35:52: ...lock released
23:35:52: Turning PowerGroup on: Success
23:37:07: ======== Turning PowerGroup off
23:37:08: PowerGroup._pdu_cmd(off, [1], 3) called
23:37:08: Waiting for pdu lock
23:37:08: ...lock acquired
23:37:08: HTTP POST was successfully executed
23:37:09: PowerGroup._pdu_cmd(status, [1], 3) called
23:37:09: Waiting for pdu lock
23:37:09: ...lock acquired
23:37:09: Current outlet status: {1: '0', 2: '1', 3: '1', 4: '1', 5: '1', 6: '1', 7: '1', 8: '1', 9: '1', 10: '0', 11: '0', 12: '0', 13: '0', 14: '0', 15: '0', 16: '0', 17: '1', 18: '0', 19: '0', 20: '0', 21: '0', 22: '0', 23: '0', 24: '0', 25: '0'}
23:37:09: ...lock released
23:37:09: Power outlets have been successfully turned off
23:37:09: ...lock released
23:37:09: Turning PowerGroup off: Success
23:37:24: ======== Turning PowerGroup on
23:37:24: PowerGroup._pdu_cmd(on, [1], 3) called
23:37:24: Waiting for pdu lock
23:37:24: ...lock acquired
23:37:24: Sleep 0 seconds to work around the x610 power supply issue
23:37:24: HTTP POST was successfully executed
23:37:27: PowerGroup._pdu_cmd(status, [1], 3) called
23:37:27: Waiting for pdu lock
23:37:27: ...lock acquired
23:37:27: Current outlet status: {1: '1', 2: '1', 3: '1', 4: '1', 5: '1', 6: '1', 7: '1', 8: '1', 9: '1', 10: '0', 11: '0', 12: '0', 13: '0', 14: '0', 15: '0', 16: '0', 17: '1', 18: '0', 19: '0', 20: '0', 21: '0', 22: '0', 23: '0', 24: '0', 25: '0'}
23:37:27: ...lock released
23:37:27: Power outlets have been successfully turned on
23:37:27: ...lock released
23:37:28: Turning PowerGroup on: Success
23:41:55: ======== Turning PowerGroup off
23:41:55: PowerGroup._pdu_cmd(off, [1], 3) called
23:41:55: Waiting for pdu lock
23:41:55: ...lock acquired
23:41:55: HTTP POST was successfully executed
23:41:56: PowerGroup._pdu_cmd(status, [1], 3) called
23:41:56: Waiting for pdu lock
23:41:56: ...lock acquired
23:41:57: Current outlet status: {1: '0', 2: '1', 3: '1', 4: '1', 5: '1', 6: '1', 7: '1', 8: '1', 9: '1', 10: '0', 11: '0', 12: '0', 13: '0', 14: '0', 15: '0', 16: '0', 17: '1', 18: '0', 19: '0', 20: '0', 21: '0', 22: '0', 23: '0', 24: '0', 25: '0'}
23:41:57: ...lock released
23:41:57: Power outlets have been successfully turned off
23:41:57: ...lock released
23:41:57: Turning PowerGroup off: Success
23:42:12: ======== Turning PowerGroup on
23:42:12: PowerGroup._pdu_cmd(on, [1], 3) called
23:42:12: Waiting for pdu lock
23:42:12: ...lock acquired
23:42:12: Sleep 0 seconds to work around the x610 power supply issue
23:42:12: HTTP POST was successfully executed
23:42:15: PowerGroup._pdu_cmd(status, [1], 3) called
23:42:15: Waiting for pdu lock
23:42:15: ...lock acquired
23:42:15: Current outlet status: {1: '1', 2: '1', 3: '1', 4: '1', 5: '1', 6: '1', 7: '1', 8: '1', 9: '1', 10: '0', 11: '0', 12: '0', 13: '0', 14: '0', 15: '0', 16: '0', 17: '1', 18: '0', 19: '0', 20: '0', 21: '0', 22: '0', 23: '0', 24: '0', 25: '0'}
23:42:15: ...lock released
23:42:15: Power outlets have been successfully turned on
23:42:15: ...lock released
23:42:15: Turning PowerGroup on: Success
23:45:18: ========= TestCase 6 Tear Down =========
23:45:25: ======== Turning PowerGroup off
23:45:25: PowerGroup._pdu_cmd(off, [1], 3) called
23:45:25: Waiting for pdu lock
23:45:25: ...lock acquired
23:45:25: HTTP POST was successfully executed
23:45:26: PowerGroup._pdu_cmd(status, [1], 3) called
23:45:26: Waiting for pdu lock
23:45:26: ...lock acquired
23:45:26: Current outlet status: {1: '0', 2: '1', 3: '1', 4: '1', 5: '1', 6: '1', 7: '1', 8: '1', 9: '1', 10: '0', 11: '0', 12: '0', 13: '0', 14: '0', 15: '0', 16: '0', 17: '1', 18: '0', 19: '0', 20: '0', 21: '0', 22: '0', 23: '0', 24: '0', 25: '0'}
23:45:26: ...lock released
23:45:26: Power outlets have been successfully turned off
23:45:26: ...lock released
23:45:26: Turning PowerGroup off: Success
23:45:31: ======== Turning PowerGroup on
23:45:31: PowerGroup._pdu_cmd(on, [1], 3) called
23:45:31: Waiting for pdu lock
23:45:31: ...lock acquired
23:45:31: Sleep 8.763007879257202 seconds to work around the x610 power supply issue
23:45:40: HTTP POST was successfully executed
23:45:43: PowerGroup._pdu_cmd(status, [1], 3) called
23:45:43: Waiting for pdu lock
23:45:43: ...lock acquired
23:45:43: Current outlet status: {1: '1', 2: '1', 3: '1', 4: '1', 5: '1', 6: '1', 7: '1', 8: '1', 9: '1', 10: '0', 11: '0', 12: '0', 13: '0', 14: '0', 15: '0', 16: '0', 17: '1', 18: '0', 19: '0', 20: '0', 21: '0', 22: '0', 23: '0', 24: '0', 25: '0'}
23:45:43: ...lock released
23:45:43: Power outlets have been successfully turned on
23:45:43: ...lock released
23:45:43: Turning PowerGroup on: Success
