================================================================================
TEST 5700.2002 -- default/one-off boot, filenames, foreign release, bootloader version
================================================================================
Run:      2026-10-06 15:39:10-18:34:13 NZDT (device clock reads NZ wall time but is
          labelled UTC: `show clock` 15:42:37 "+0000" at host 15:43:12)
Bench:    tb470, console u0; Test Engineer terrenceb@terrenceb-dl
Tester:   runTestSuite.py (pristine AWPTCM 5700 suite) @ framework a5bb6a1, launched by bench-runner
Graded:   tester
Case:     AWPTCM 5700 bootloader suite, TestSet 2002 (test-5700.2002.py + library_5700.py,
          unedited), objective "default/one-off boot, filenames, foreign release, bootloader
          version", 26 steps (26 of 27 TestCases selected; one excluded by run-priority 10)
Build:    swi_a awplus_main-20261006-52 (x230-tb470.rel; build name
          x220-awplus_main-20261006-52.rel, build date Mon Oct 5 21:39:08 UTC 2026),
          bootloader 6.2.40 (build time Aug 24 2026 - 00:30:45 +0000)
Configs:  none captured -- the framework held the console for the whole run; device config = the
          framework's default.cfg plus what the TestSet logs in swi_a_2002.log (saved to startup:
          yes -- `copy run swi_a_5700_2002.cfg` + `boot conf swi_a_5700_2002.cfg`, the TestSet
          boot config every TestCase is compared against at tear-down)

VERDICT: PARTIAL -- 18 TestCases PASS, 7 UNSUPPORTED (no SD card slot), 2002.110 could not
         complete: the script raised NameError at library_5700.py:227 before its last part
  proven on the 6.2.40 bootloader:
      USB media detected .......................... PASS  (2002.2: usb: 28.8G usbstick)
      skip startup script (menu 5 -> 1) ........... PASS  (2002.10: "Skipping configuration at user request")
      odd filename ---w-z-03-09-a-y---.rel boots .. PASS  (2002.20 flash, 2002.22 usb:)
      foreign-platform release refused ............ PASS  (2002.30: "...not intended for this device.")
      default boot from USB ....................... PASS  (2002.42, .62, .102: "Reading usb:...")
      missing current release -> backup ........... PASS  (2002.50: "Error loading flash:mainrelease.rel")
      CLI-determined and flash default boots ...... PASS  (2002.60, 2002.100)
      no release at all -> boot fails ............. PASS  (2002.100: "ERROR: Boot failed...")
      bootloader version 6.2.40 (menu 6, at boot) . PASS  (2002.70)
      Boot Menu 0 Restart / B boot backup ......... PASS  (2002.80, 2002.90)
      one-off boot flash main/backup, reverts ..... PASS  (2002.110 parts 1-3)
      one-off boot from USB, reverts .............. PASS  (2002.112)
      one-off boot lists and boots flash releases . PASS  (2002.119, 2002.120: 2 releases)
      USB boot system needs a backup set .......... PASS  (2002.122)
      SD card variants (7 TestCases) .............. UNSUPPORTED  (no card: in `show file systems`)
NOT RUN: 2002.110 part 4, "Check one-off boot tftp copy and check default boot reverts to tftp
         boot". The pristine script raised `NameError: name 'copy' is not defined` at
         library_5700.py line 227 (called from test-5700.2002.py line 1016) as the part began, so
         nothing of part 4 was exercised. The framework recorded the TestCase FAIL (numPassed 9
         numFailed 1); the one failure is the script exception, not a device check (STEP 20).
UNBLOCK: add `import copy` to the top of library_5700.py in the runner dir (the NameError's own
         hint: "Did you forget to import 'copy'?"), then, as root in the runner dir with the bench
         as in TOPOLOGY, run `./test-5700.2002.py -s default.setup -u -v`. This edits the suite,
         which this run used unedited.
CAVEAT:  SD card boot paths were not exercised (the unit has no SD slot). 2002.119/.120 covered
         two releases on flash, not three: the third 36.5 MB copy gave "% Destination file system
         out of space" on the 95.6 MB flash. One build (-52) was used as every release file.

--------------------------------------------------------------------------------
TOPOLOGY AS TESTED
--------------------------------------------------------------------------------
  DUT     : swi_a (AT-x230-28GS V2, board 706 rev A-0) console u0 (/dev/u0, 9600 baud),
            S/N A10783G262900002, MAC 00:c2:8f:3f:0f:5d; standalone (not stackable);
            power PDU 10.36.150.14 outlet 1 (the framework power-cycles it)
  link    : tb470 eth3 10.38.215.65/27 <-> swi_a port1.0.1 (1000/full) -- CLI TFTP; the TestSet
            puts port1.0.1 in vlan2 with 10.38.215.74/27 for each copy and removes it after
  hub     : tb470 eth2 10.38.215.33/27 (MAC 00:f0:4d:00:77:17) <-> USB Ethernet adapter on a USB
            hub in swi_a's single USB port = the bootloader's eth0 (device 10.38.215.34/27,
            TFTP server 10.38.215.33). The same hub carries the USB stick (usb:, 28.8 GB).
  TFTP    : tb470 serves x230-tb470.rel (-> x230v2_28GS-tb470.rel, 36,553,967 B, -52) on both
            paths, and x250-tb470.rel (2002.30's foreign release)
  boot    : bootloader default boot source = TFTP x230-tb470.rel via the USB adapter (so every
            default boot prints the "forced to boot from a non-standard location" banner)
  setup   : default.setup -- swi_a /dev/u0 9600, PDU 10.36.150.14 outlet 1, portlink
            port1.0.1 <-> tb eth3, eth0 <-> hub_a, hub_a = [tb eth2, swi_a]
  tools   : runTestSuite.py, run on tb470 as root from the runner dir:
            `./runTestSuite.py -s default.setup -u -v` (this TestSet: test-5700.2002.py -s
            default.setup -u -v); framework logs test-5700.2002.log, swi_a_2002.log

STEP 0 -- TestSet setup: default.cfg reboot and configure()                 done
--------------------------------------------------------------------------------
  Pre-run state: bootloader default boot source TFTP x230-tb470.rel; Boot Security Level none;
  ACCESS licence present.
  The framework rebooted swi_a with this default.cfg (test-5700.2002.log, verbatim):
    line con 0
    length 0
    exec-timeout 0
    no stack 1 enable
    no stack virtual-mac
    no stack virtual-chassis-id
    hostname swi_a_5700_2002
    int port1.0.1-port1.0.28
    shutdown
    
  After that reboot (framework, 15:43:07):
swi_a_5700_2002# sh sys
  System Status                                           Tue Oct 06 15:42:32 2026
  Board      ID   Bay     Board Name                        Rev   Serial number
  --------------------------------------------------------------------------------
  Base       706  Base    AT-x230-28GS V2                   A-0   A10783G262900002
  --------------------------------------------------------------------------------
  RAM: Total: 506920 kB Free: 316712 kB
  Flash: 95.6MB Used: 69.4MB Available: 26.2MB
  --------------------------------------------------------------------------------
  Environment Status : Normal
  Uptime             : 0 days 00:02:32
  Bootloader version : 6.2.40                             <-- bootloader under test
  Current software   : x230-tb470.rel                     <-- booted from the TFTP default
  Software version   : awplus_main-20261006-52            <-- -52
  Build date         : Mon Oct 5 21:39:08 UTC 2026
  Current boot config: flash:/default.cfg (file exists)
swi_a_5700_2002# show version | grep "Build n"
  Build name : x220-awplus_main-20261006-52.rel
swi_a_5700_2002# show clock
  UTC Time:   Tue,  6 Oct 2026 15:42:37 +0000             <-- device clock
  Timezone: UTC
  Timezone Offset: +00:00
  Summer time zone: None
swi_a_5700_2002# show stack
  % The unit is not stackable, stacking commands are not allowed
  configure() clears boot system, then TFTPs the release to flash twice over port1.0.1:
swi_a_5700_2002(config)# no boot system
swi_a_5700_2002(config)# no boot system backup
swi_a_5700_2002# delete force mainrelease.rel
  Deleting...
  Successful operation
swi_a_5700_2002# copy tftp://10.38.215.65/x230-tb470.rel flash:/mainrelease.rel
  Copying...
  Successful operation
swi_a_5700_2002# copy tftp://10.38.215.65/x230-tb470.rel flash:/backuprelease.rel
  Copying...
  Successful operation
swi_a_5700_2002# dir *.rel
    36553967 -rw- Oct 06 2026 15:45:03  flash:/backuprelease.rel  <-- BACKUP_RELEASE
    36553967 -rw- Oct 06 2026 15:43:53  flash:/mainrelease.rel  <-- MAIN_RELEASE
  ... and saves the TestSet configuration as the boot config:
swi_a_5700_2002# delete force swi_a_5700_2002.cfg
  Deleting...
  Successful operation
swi_a_5700_2002# copy run swi_a_5700_2002.cfg
  Copying...
  Successful operation
swi_a_5700_2002(config)# boot conf swi_a_5700_2002.cfg
swi_a_5700_2002# show boot
  Boot configuration
  --------------------------------------------------------------------------------
  Current software   : x230-tb470.rel
  Current boot image : Not set
  Backup  boot image : Not set
  Default boot config: flash:/default.cfg
  Current boot config: flash:/swi_a_5700_2002.cfg (file exists)
  Backup  boot config: Not set
  Autoboot status    : disabled
  Boot Security Level: none
  TestSet running configuration (= flash:/swi_a_5700_2002.cfg), 15:46:22:
swi_a_5700_2002# show running-config
  !
  service password-encryption
  !
  hostname swi_a_5700_2002
  !
  no banner motd
  !
  username manager privilege 15 password 8 $1$bJoVec4D$JwOJGPr7YqoExA0GVasdE0
  !
  !
  no service ssh
  !
  no service telnet
  !
  service http
  !
  no clock timezone
  !
  snmp-server
  !
  !
  !
  aaa authentication enable default local
  aaa authentication login default local
  !
  !
  !
  !
  !
  !
  !
  !
  ip domain-lookup
  !
  !
  spanning-tree mode rstp
  !
  no lacp global-passive-mode enable
  !
  interface port1.0.1
   switchport
   switchport mode access
  !
  interface port1.0.2-1.0.28
   switchport
   switchport mode access
   shutdown
  !
  line con 0
   exec-timeout 0 0
   length 0
  line vty 0 7
  !
  end
  Every TestCase below ends with the framework comparing the running config after its
  tear-down against swi_a_5700_2002.cfg and checking the exception log (the last two
  assertion lines of each STEP).

STEP 1 -- TestCase 2002.1 "SD Card is present"                       UNSUPPORTED
--------------------------------------------------------------------------------
  Script method: 1. If DUT shows an SD card slot, fail if there is no SD card
  Framework assertions (test-5700.2002.log):
    2026-10-06 15:46:32: !!FAIL: DUT does not support SD Card
    2026-10-06 15:46:40: PASS: Configuration on swi_a after TestCase tear_down() is the same as the initial TestSet Configuration
    2026-10-06 15:46:42: PASS: swi_a contains no exceptions
  Device (15:46:28):
swi_a_5700_2002(config)# show file systems
   Size(b)  Free(b)  Type   Flags  Prefixes   S/D/V   Lcl/Ntwk  Avail
  -------------------------------------------------------------------
    95.6M    26.3M   flash     rw  flash:     static  local      Y  <-- flash:
        -        -   system    rw  system:    virtual local      -
    10.0M     9.7M   debug     rw  debug:     static  local      Y
    91.0K    79.0K   nvs       rw  nvs:       static  local      Y
    28.8G    28.8G   usbstick  rw  usb:       dynamic local      Y  <-- usb: -- no SD card (card:) file system
        -        -   fserver   rw  fserver:   dynamic network    N
        -        -   tftp      rw  tftp:      -       network    -
        -        -   scp       rw  scp:       -       network    -
        -        -   sftp      ro  sftp:      -       network    -
        -        -   http      ro  http:      -       network    -
        -        -   rsync     rw  rsync:     -       network    -
  => STEP 1 UNSUPPORTED: the unit has no SD card slot -- `show file systems` lists flash:, nvs:,
     usb: and no card: file system, and the script reports "DUT does not support SD Card".

STEP 2 -- TestCase 2002.2 "USB Media is present"                            PASS
--------------------------------------------------------------------------------
  Script method: 1. If DUT shows a USB slot, fail if there is no USB media
  Framework assertions (test-5700.2002.log):
    2026-10-06 15:46:55: PASS: DUT's USB slot is populated
    2026-10-06 15:47:03: PASS: Configuration on swi_a after TestCase tear_down() is the same as the initial TestSet Configuration
    2026-10-06 15:47:04: PASS: swi_a contains no exceptions
  Device (15:46:53):
swi_a_5700_2002# show file systems
    28.8G    28.8G   usbstick  rw  usb:       dynamic local      Y  <-- USB stick, 28.8G
  => STEP 2 PASS: the USB slot is populated: usb: is a mounted 28.8G usbstick file system.

STEP 3 -- TestCase 2002.10 "Skip Default config"                            PASS
--------------------------------------------------------------------------------
  Script method: 1. Check default and currrent boot config settings | 2. Add config 'log console
                 level alerts' to the current config | 3. Enter the Boot menu and select option 5 -
                 Special boot options | 4. Select option 1 - Skip startup script (Use system
                 defaults) | 5. On reboot check that the default boot config was used by checking
                 that 'log console level alerts' was not configured
  Framework assertions (test-5700.2002.log):
    2026-10-06 15:47:18: PASS: Default boot config is correct, default.cfg
    2026-10-06 15:47:19: PASS: Current boot config is correct, swi_a_5700_2002_10.cfg
    2026-10-06 15:47:24: PASS: Current config has been updated
    2026-10-06 15:50:42: PASS: correct message when setting skip startup script
    2026-10-06 15:50:44: PASS: default config has been loaded
    2026-10-06 15:53:40: PASS: config has been reverted
    2026-10-06 15:53:47: PASS: Configuration on swi_a after TestCase tear_down() is the same as the initial TestSet Configuration
    2026-10-06 15:53:49: PASS: swi_a contains no exceptions
  Device: the marker line is added and saved, then Boot Menu 5 -> 1 is used:
swi_a_5700_2002(config)# log console level alerts
swi_a_5700_2002# write
  Building configuration...
  [OK]
  log console level alerts                                <-- in the saved config
  5
  Special boot options menu:
    0. Return to previous menu
    ------------------------------------------------------
    1. Skip startup script (Use system defaults)
  1
  Option successfully set. Press 0 then 9 to boot with the default configuration  <-- "correct message"
  Or boot the system from an alternate source.
  ... reboot (0, 9) from the TFTP default; then:
  Skipping configuration at user request                  <-- startup config skipped
  awplus login:
  (show run excerpt: no 'log console level alerts', no hostname)
awplus# show run
  service password-encryption
  !
  no banner motd
  !
  username manager privilege 15 password 8 $1$bJoVec4D$JwOJGPr7YqoExA0GVasdE0
  no service ssh
  !
  no service telnet
  !
  service http
  !
  no clock timezone
  ... after the revert reboot (config back), the TestCase removes the marker:
swi_a_5700_2002(config)# no log console level alerts
  => STEP 3 PASS: Special boot option 1 makes the next boot skip the startup config ("Skipping
     configuration at user request", prompt awplus#, the saved 'log console level alerts' absent);
     the following boot used the config again ("config has been reverted").

STEP 4 -- TestCase 2002.20 "Filenames named ---w-z-03-09-a-y---.rel - Flash"
                                                                            PASS
--------------------------------------------------------------------------------
  Script method: 1. Create copies of the main release file called ---w-z-03-09-a-y---.rel and store
                 it in flash2. Set the Boot System current to a release file called
                 ---w-z-03-09-a-y---.rel | 3. Set the default Boot Source to flash | 4. Check the
                 release file ---w-z-03-09-a-y---.rel is used to boot from after each reboot
  Framework assertions (test-5700.2002.log):
    2026-10-06 15:55:28: PASS: command 'copy backuprelease.rel ---w-z-03-09-a-y---.rel' issued and output 'Successful operation' seen
    2026-10-06 15:55:32: PASS: Current boot image is correct, ---w-z-03-09-a-y---.rel
    2026-10-06 15:58:54: PASS: Current software is ---w-z-03-09-a-y---.rel
    2026-10-06 15:58:57: PASS: command 'move ---w-z-03-09-a-y---.rel mainrelease.rel' issued and output 'Successful operation' seen
    2026-10-06 16:02:26: PASS: Current software is x230-tb470.rel
    2026-10-06 16:02:38: PASS: Configuration on swi_a after TestCase tear_down() is the same as the initial TestSet Configuration
    2026-10-06 16:02:40: PASS: swi_a contains no exceptions
  Device: boot system set to the odd name, bootloader default set to flash, reboot:
swi_a_5700_2002(config)# boot system backup backuprelease.rel
swi_a_5700_2002(config)# boot system ---w-z-03-09-a-y---.rel
  Bootloader 6.2.40 loaded
  Press <Ctrl+B> for the Boot Menu
  Loading flash:---w-z-03-09-a-y---.rel...                <-- boots the odd-named file
  Verifying release... OK
  Booting...
  => STEP 4 PASS: a release named ---w-z-03-09-a-y---.rel is copied, set as boot system and loaded
     from flash by the 6.2.40 bootloader ("Loading flash:---w-z-03-09-a-y---.rel... Verifying
     release... OK"); show system then reports it as Current software.

STEP 5 -- TestCase 2002.21 "Filenames named ---w-z-03-09-a-y---.rel - SD Card"
                                                                     UNSUPPORTED
--------------------------------------------------------------------------------
  Script method: 1. Create copies of the main release file called ---w-z-03-09-a-y---.rel and store
                 it in flash and SD card2. Set the Boot System current to a release file called
                 ---w-z-03-09-a-y---.rel | 3. Set the default Boot Source to flash and to SD card
                 with a reboot in between | 4. Check the release file ---w-z-03-09-a-y---.rel is
                 used to boot from after each reboot
  Framework assertions (test-5700.2002.log):
    2026-10-06 16:02:44: !!FAIL: No SD card present, test unsupported
    2026-10-06 16:02:58: PASS: Configuration on swi_a after TestCase tear_down() is the same as the initial TestSet Configuration
    2026-10-06 16:02:59: PASS: swi_a contains no exceptions
  => STEP 5 UNSUPPORTED: SD card variant; no SD card slot on this unit (STEP 1).

STEP 6 -- TestCase 2002.22 "Filenames named ---w-z-03-09-a-y---.rel - USB media"
                                                                            PASS
--------------------------------------------------------------------------------
  Script method: 1. Create copies of the main release file called ---w-z-03-09-a-y---.rel and store
                 it in flash and USB media2. Set the Boot System current to a release file called
                 ---w-z-03-09-a-y---.rel | 3. Set the default Boot Source to flash and to USB media
                 with a reboot in between | 4. Check the release file ---w-z-03-09-a-y---.rel is
                 used to boot from after each reboot
  Framework assertions (test-5700.2002.log):
    2026-10-06 16:04:39: PASS: command 'copy backuprelease.rel ---w-z-03-09-a-y---.rel' issued and output 'Successful operation' seen
    2026-10-06 16:04:45: PASS: command 'copy backuprelease.rel usb:/---w-z-03-09-a-y---.rel' issued and output 'Successful operation' seen
    2026-10-06 16:04:49: PASS: Current boot image is correct, usb:/---w-z-03-09-a-y---.rel
    2026-10-06 16:08:15: PASS: Current software is ---w-z-03-09-a-y---.rel
    2026-10-06 16:08:18: PASS: command 'move ---w-z-03-09-a-y---.rel mainrelease.rel' issued and output 'Successful operation' seen
    2026-10-06 16:11:48: PASS: Current software is x230-tb470.rel
    2026-10-06 16:12:00: PASS: Configuration on swi_a after TestCase tear_down() is the same as the initial TestSet Configuration
    2026-10-06 16:12:02: PASS: swi_a contains no exceptions
  Device: boot from the USB copy:
  Bootloader 6.2.40 loaded
  Press <Ctrl+B> for the Boot Menu
  Warning: System has been forced to boot from a non-standard location
  To restore the system to default behaviour, enter the Boot Menu,
          Choose option 2, then option 9
  Reading usb:---w-z-03-09-a-y---.rel...                  <-- odd name read from usb:
  Verifying release... OK
  Booting...
  => STEP 6 PASS: the odd-named release on the USB stick is set as boot system
     ("usb:/---w-z-03-09-a-y---.rel") and the bootloader reads and verifies it from usb:; Current
     software is that file.

STEP 7 -- TestCase 2002.30 "Try release for different platform"             PASS
--------------------------------------------------------------------------------
  Script method: 1. From the Boot Menu, perform a one off TFTP boot using a release intended for a
                 different platform | 2. Check an error is reported
  Framework assertions (test-5700.2002.log):
    2026-10-06 16:14:15: PASS: correct error loading an invalid release
    2026-10-06 16:17:10: PASS: Current software is x230-tb470.rel
    2026-10-06 16:19:37: PASS: Configuration on swi_a after TestCase tear_down() is the same as the initial TestSet Configuration
    2026-10-06 16:19:39: PASS: swi_a contains no exceptions
  Method (device log): the foreign release is TFTP-copied to flash, then one-off booted from
  Boot Menu 1 -> Select device 1 (Flash):
swi_a_5700_2002# copy tftp://10.38.215.65/x250-tb470.rel flash:/x250-5.5.3-2.1.re
  l
  Copying...
  Successful operation
  1
  Select device:
    0. Return to previous menu
    ------------------------------------------------------
    1. Flash   (flash:)
    3. TFTP    (tftp://)
    4. YMODEM  (ymodem:)
    6. USB     (usb:)
  1
    Reading filesystem...
  Listing of usable files (root directory only)
    1. flash:x250-5.5.3-2.1.rel
  Enter selection (1-1, 0 to cancel) and press enter ==>
  1
  Warning: System has been forced to boot from a non-standard location
  To restore the system to default behaviour, enter the Boot Menu,
          Choose option 2, then option 9
  Reading flash:x250-5.5.3-2.1.rel...
  Verifying release... Error: This release file is not intended for this device.  <-- refused
  Restarting system in ...  5                             <-- unit restarts
  ... and the unit comes back on its default source:
  Bootloader 6.2.40 loaded
  Press <Ctrl+B> for the Boot Menu
  Warning: System has been forced to boot from a non-standard location
  To restore the system to default behaviour, enter the Boot Menu,
          Choose option 2, then option 9
  Loading tftp://10.38.215.33/x230-tb470.rel via USB Ethernet adapter...
  Verifying release...
  OK
  Booting...
  => STEP 7 PASS: the 6.2.40 bootloader refuses a release built for another platform ("Verifying
     release... Error: This release file is not intended for this device."), restarts, and the unit
     boots its own release again (Current software x230-tb470.rel).

STEP 8 -- TestCase 2002.41 "Boot default off sdcard"                 UNSUPPORTED
--------------------------------------------------------------------------------
  Script method: 1. Set Boot System default current to sd card and backup to flash, then reboot | 2.
                 Check Boot System to confirm device has booted from sd card
  Framework assertions (test-5700.2002.log):
    2026-10-06 16:19:43: !!FAIL: No SD card present, test unsupported
    2026-10-06 16:19:57: PASS: Configuration on swi_a after TestCase tear_down() is the same as the initial TestSet Configuration
    2026-10-06 16:19:59: PASS: swi_a contains no exceptions
  => STEP 8 UNSUPPORTED: SD card variant; no SD card slot on this unit (STEP 1).

STEP 9 -- TestCase 2002.42 "Boot default off usb"                           PASS
--------------------------------------------------------------------------------
  Script method: 1. Set Boot System default current to USB and backup to flash, then reboot | 2.
                 Check Boot System to confirm device has booted from USB
  Framework assertions (test-5700.2002.log):
    2026-10-06 16:20:12: PASS: command 'delete force usb:/mainreleaseusb.rel' issued and output 'Successful operation' seen
    2026-10-06 16:20:21: PASS: command 'copy mainrelease.rel usb:/mainreleaseusb.rel' issued and output 'Successful operation' seen
    2026-10-06 16:20:25: PASS: Current boot image is correct, usb:/mainreleaseusb.rel
    2026-10-06 16:20:27: PASS: Backup boot image is correct, backuprelease.rel
    2026-10-06 16:23:54: PASS: Current software is mainreleaseusb.rel
    2026-10-06 16:23:56: PASS: Current boot image is correct, usb:/mainreleaseusb.rel
    2026-10-06 16:23:57: PASS: Backup boot image is correct, backuprelease.rel
    2026-10-06 16:27:55: PASS: Configuration on swi_a after TestCase tear_down() is the same as the initial TestSet Configuration
    2026-10-06 16:27:57: PASS: swi_a contains no exceptions
  Device: reboot with boot system usb:/mainreleaseusb.rel, backup flash:
  Bootloader 6.2.40 loaded
  Press <Ctrl+B> for the Boot Menu
  Warning: System has been forced to boot from a non-standard location
  To restore the system to default behaviour, enter the Boot Menu,
          Choose option 2, then option 9
  Reading usb:mainreleaseusb.rel...                       <-- current = USB
  Verifying release... OK
  Booting...
  => STEP 9 PASS: with boot system on USB and backup on flash, the bootloader reads the USB release;
     Current software is mainreleaseusb.rel and both boot images read back as set.

STEP 10 -- TestCase 2002.50 "Boot fails with no release set"                PASS
--------------------------------------------------------------------------------
  Script method: 1. Set Boot System current and backup | 2. Set Boot Menu Default Boot from Boot
                 System current and backup and reboot | 3. Delete release file set as Boot System
                 current | 4. Check Boot System current is blank  and reboot | 5. Check boot fails
                 with appropriate error message
  Framework assertions (test-5700.2002.log):
    2026-10-06 16:30:31: PASS: Current boot image is correct, mainrelease.rel
    2026-10-06 16:30:32: PASS: Backup boot image is correct, backuprelease.rel
    2026-10-06 16:33:50: PASS: Current boot image is correct, mainrelease.rel
    2026-10-06 16:33:51: PASS: Backup boot image is correct, backuprelease.rel
    2026-10-06 16:33:54: PASS: Current boot image is correct, mainrelease.rel (file not found)
    2026-10-06 16:33:54: Check boot fails with appropriate error message
    2026-10-06 16:34:04: PASS: device is not booting
    2026-10-06 16:36:44: PASS: Current software is backuprelease.rel
    2026-10-06 16:37:14: PASS: Current boot image is correct, mainrelease.rel (file exists)
    2026-10-06 16:40:56: PASS: Configuration on swi_a after TestCase tear_down() is the same as the initial TestSet Configuration
    2026-10-06 16:40:58: PASS: swi_a contains no exceptions
  Device: bootloader default set to "9. Boot from default (determined by main CLI)"
  (menu 2 -> 9), then the current release is deleted and the unit rebooted:
  2
    NOTE: These settings are specific to the Bootloader.
    They are not related in any way to what may be configured
    by the 'boot system' command in the main software release.
  Select device:
    0. Return to previous menu
    ------------------------------------------------------
    1. Flash   (flash:)
    3. TFTP    (tftp://)
    4. YMODEM  (ymodem:)
    6. USB     (usb:)
    ------------------------------------------------------
    9. Boot from default (determined by
  main CLI)
  9
swi_a_5700_2002# delete force mainrelease.rel
  Deleting...
  Successful operation
swi_a_5700_2002# show boot
  Boot configuration
  --------------------------------------------------------------------------------
  Current software   : mainrelease.rel
  Current boot image : flash:/mainrelease.rel (file not found)  <-- current image gone
  Backup  boot image : flash:/backuprelease.rel (file exists)
  Default boot config: flash:/default.cfg
  Current boot config: flash:/swi_a_5700_2002_50.cfg (file exists)
  Backup  boot config: Not set
  Autoboot status    : disabled
  Boot Security Level: none
  Bootloader 6.2.40 loaded
  Press <Ctrl+B> for the Boot Menu
  Loading flash:mainrelease.rel...
  Error loading flash:mainrelease.rel                     <-- current fails
  Loading flash:backuprelease.rel...                      <-- falls back to backup
  => STEP 10 PASS: with the current release deleted, the bootloader reports "Error loading
     flash:mainrelease.rel" and loads the backup; the unit then runs backuprelease.rel. The script's
     "device is not booting" check matched that error line.

STEP 11 -- TestCase 2002.60 "Boot with release, same name as cli"           PASS
--------------------------------------------------------------------------------
  Script method: 1. Set Boot System current and backup | 2. Set Boot Menu Default Boot to boot from
                 TFTP and reboot | 3. Set Boot Menu Default Boot to boot from flash and reboot | 4.
                 Set Boot Menu Default Boot to boot from SD card and reboot | 5. Set Boot Menu
                 Default Boot to boot from USB and reboot
  Framework assertions (test-5700.2002.log):
    2026-10-06 16:41:18: PASS: Current boot image is correct, x230-tb470.rel
    2026-10-06 16:44:39: PASS: Current software is x230-tb470.rel
    2026-10-06 16:47:56: PASS: Current software is x230-tb470.rel
    2026-10-06 16:51:37: PASS: Configuration on swi_a after TestCase tear_down() is the same as the initial TestSet Configuration
    2026-10-06 16:51:39: PASS: swi_a contains no exceptions
  Device: boot system x230-tb470.rel; CLI-determined default, then bootloader default flash:
  Bootloader 6.2.40 loaded
  Press <Ctrl+B> for the Boot Menu
  Loading flash:x230-tb470.rel...                         <-- CLI boot system
  Verifying release... OK
  Booting...
  Bootloader 6.2.40 loaded
  Press <Ctrl+B> for the Boot Menu
  Warning: System has been forced to boot from a non-standard location
  To restore the system to default behaviour, enter the Boot Menu,
          Choose option 2, then option 9
  Reading flash:x230-tb470.rel...                         <-- bootloader default: flash
  Verifying release... OK
  Booting...
  => STEP 11 PASS: a flash release with the same name as the TFTP file (x230-tb470.rel) boots both
     through the CLI boot system setting and through the bootloader's flash default; Current
     software x230-tb470.rel each time. (The SD and USB parts of the method are 2002.61 and
     2002.62.)

STEP 12 -- TestCase 2002.61 "Boot with release, same name as cli - SD Card"
                                                                     UNSUPPORTED
--------------------------------------------------------------------------------
  Script method: 1. Set Boot System current and backup | 4. Set Boot Menu Default Boot to boot from
                 SD card and reboot
  Framework assertions (test-5700.2002.log):
    2026-10-06 16:51:43: !!FAIL: No SD card present, test unsupported
    2026-10-06 16:51:57: PASS: Configuration on swi_a after TestCase tear_down() is the same as the initial TestSet Configuration
    2026-10-06 16:51:59: PASS: swi_a contains no exceptions
  => STEP 12 UNSUPPORTED: SD card variant; no SD card slot on this unit (STEP 1).

STEP 13 -- TestCase 2002.62 "Boot with release, same name as cli - USB Media"
                                                                            PASS
--------------------------------------------------------------------------------
  Script method: 1. Set Boot System current and backup | 2. Set Boot Menu Default Boot to boot from
                 USB and reboot
  Framework assertions (test-5700.2002.log):
    2026-10-06 16:55:30: PASS: Current software is mainreleaseusb.rel
    2026-10-06 16:59:15: PASS: Configuration on swi_a after TestCase tear_down() is the same as the initial TestSet Configuration
    2026-10-06 16:59:17: PASS: swi_a contains no exceptions
  Device: bootloader default set to USB, reboot:
  Bootloader 6.2.40 loaded
  Press <Ctrl+B> for the Boot Menu
  Warning: System has been forced to boot from a non-standard location
  To restore the system to default behaviour, enter the Boot Menu,
          Choose option 2, then option 9
  Reading usb:mainreleaseusb.rel...                       <-- bootloader default: usb:
  Verifying release... OK
  Booting...
  => STEP 13 PASS: with the bootloader default boot source on USB the unit reads and boots
     mainreleaseusb.rel from the stick.

STEP 14 -- TestCase 2002.70 "Check bootloader version"                      PASS
--------------------------------------------------------------------------------
  Script method: 1. Show system information in Bootloader Menu and check the bootloader version | 2.
                 Restart from Bootloader Menu and check bootloader version is seen at boot time
  Framework assertions (test-5700.2002.log):
    2026-10-06 17:00:02: PASS: bootloader version seen in system information
    2026-10-06 17:00:22: PASS: bootloader version, 6.2.40, seen at boot
    2026-10-06 17:03:01: PASS: Configuration on swi_a after TestCase tear_down() is the same as the initial TestSet Configuration
    2026-10-06 17:03:03: PASS: swi_a contains no exceptions
  Device: Boot Menu 6 (System information), excerpt:
  6
  System information:
    System (Detected values)
    Product information
    ------------------------------------------------------
    Compatible software ..: AlliedwarePlus
    Serial ...............: A10783G262900002
    Manufacture date .....: 07152026
    Model Number .........: AT-x230-28GSv2
    Software Model Number.: 706
    Part Number...........: 844-001828-10
    Revision .............: A
    MAC address ..........: 00:c2:8f:3f:0f:5d
    Boot software information
    ------------------------------------------------------
    Version ..............: 6.2.40                        <-- bootloader version
    Build time ...........: Aug 24 2026 - 00:30:45 +0000
    Built by .............: maker
    Build host ...........:
    Build key ............: x220
    Compatible products:
      706 ................: AT-x230-28GS V2
  ... then Boot Menu 0 (Restart):
  0
  Bootloader 6.2.40 loaded                                <-- version at boot
  Press <Ctrl+B> for the Boot Menu
  => STEP 14 PASS: the bootloader reports Version 6.2.40 in its System information page (S/N and MAC
     match the unit) and prints "Bootloader 6.2.40 loaded" when it restarts.

STEP 15 -- TestCase 2002.80 "Restart from boot menu"                        PASS
--------------------------------------------------------------------------------
  Script method: 1. Enter Boot Menu and select option, 0. Restart and check the device boots
  Framework assertions (test-5700.2002.log):
    2026-10-06 17:04:09: PASS: device restarted from bootmenu
    2026-10-06 17:06:45: PASS: Configuration on swi_a after TestCase tear_down() is the same as the initial TestSet Configuration
    2026-10-06 17:06:47: PASS: swi_a contains no exceptions
  Device: Boot Menu 0 (Restart):
  0
  Bootloader 6.2.40 loaded                                <-- restarted
  Press <Ctrl+B> for the Boot Menu
  Warning: System has been forced to boot from a non-standard location
  To restore the system to default behaviour, enter the Boot Menu,
          Choose option 2, then option 9
  Loading tftp://10.38.215.33/x230-tb470.rel via USB Ethernet adapter...
  => STEP 15 PASS: Boot Menu option 0 restarts the unit ("Bootloader 6.2.40 loaded" again) and it
     boots from its default source.

STEP 16 -- TestCase 2002.90 "Boot from backup (b)"                          PASS
--------------------------------------------------------------------------------
  Script method: 1. Enter Boot Menu and select option, B. Boot backup software | 2. Check that the
                 current release loaded is the backup release
  Framework assertions (test-5700.2002.log):
    2026-10-06 17:07:02: PASS: Current boot image is correct, mainrelease.rel
    2026-10-06 17:07:03: PASS: Backup boot image is correct, backuprelease.rel
    2026-10-06 17:07:47: PASS: device booted
    2026-10-06 17:10:19: PASS: Current software is backuprelease.rel
    2026-10-06 17:10:27: PASS: Configuration on swi_a after TestCase tear_down() is the same as the initial TestSet Configuration
    2026-10-06 17:10:29: PASS: swi_a contains no exceptions
  Device: Boot Menu option B:
  b
  Loading flash:backuprelease.rel...                      <-- backup release
  Verifying release...
  => STEP 16 PASS: Boot Menu B loads the backup release ("Loading flash:backuprelease.rel...") and
     the unit runs backuprelease.rel.

STEP 17 -- TestCase 2002.100 "Test all options for default boot"            PASS
--------------------------------------------------------------------------------
  Script method: 1. Check menu return to Boot Menu | 2. Check default boot from flash - will boot to
                 current boot image when set | 3. Check default boot from CLI - will boot to backup
                 boot image when current boot image is not set | 4. Check default boot from CLI -
                 will boot to current boot image when backup boot image is not set | 5. Check
                 default boot from CLI - will fail to boot when both current boot image and backup
                 boot image are not set | 6. Check default boot from SD Card - boot using a file
                 from the SD Card, if supported | 7. Check default boot from USB - boot using a file
                 from the USB storage device, if supported
  Framework assertions (test-5700.2002.log):
    2026-10-06 17:11:17: PASS: Default Boot menu selected
    2026-10-06 17:11:18: PASS: return to Boot Menu
    2026-10-06 17:15:34: PASS: Current boot image is correct, backuprelease.rel
    2026-10-06 17:15:35: PASS: Current software is mainrelease.rel
    2026-10-06 17:19:02: PASS: Current software is mainrelease.rel
    2026-10-06 17:19:04: PASS: Current boot image is correct, mainrelease.rel
    2026-10-06 17:19:05: PASS: Backup boot image is correct, backuprelease.rel
    2026-10-06 17:19:09: PASS: Current boot image is correct, Not set
    2026-10-06 17:22:27: PASS: Current software is backuprelease.rel
    2026-10-06 17:22:29: PASS: Current boot image is correct, Not set
    2026-10-06 17:22:30: PASS: Backup boot image is correct, backuprelease.rel
    2026-10-06 17:25:53: PASS: Current software is mainrelease.rel
    2026-10-06 17:25:54: PASS: Current boot image is correct, mainrelease.rel
    2026-10-06 17:25:55: PASS: Backup boot image is correct, Not set
    2026-10-06 17:26:36: PASS: device is not booting
    2026-10-06 17:30:08: PASS: Current boot image is correct, Not set
    2026-10-06 17:30:09: PASS: Backup boot image is correct, Not set
    2026-10-06 17:30:10: PASS: Current software is x230-tb470.rel
    2026-10-06 17:33:52: PASS: Configuration on swi_a after TestCase tear_down() is the same as the initial TestSet Configuration
    2026-10-06 17:33:54: PASS: swi_a contains no exceptions
  Device: CLI default with current boot image unset -> backup is used:
  Enter selection ==> 9
  Error: There is no primary release file set             <-- no current
  Loading flash:backuprelease.rel...                      <-- backup used
  ... and with both current and backup unset:
  9
  Error: There is no primary release file set
  Error: There is no backup release file set
  ERROR: Boot failed. Please recover the system using the Boot Menu  <-- boot fails
  Restarting system in ...  5
  => STEP 17 PASS: every default-boot option behaves as the script expects: flash and CLI defaults
     boot the current image, the backup is used when no current is set, the current when no backup
     is set, and with neither set the bootloader stops with "ERROR: Boot failed. Please recover the
     system using the Boot Menu"; the TFTP default brings x230-tb470.rel back.

STEP 18 -- TestCase 2002.101 "Test all options for default boot - SD Card"
                                                                     UNSUPPORTED
--------------------------------------------------------------------------------
  Script method: 1. Check menu return to Boot Menu | 2. Check default boot from SD Card - boot using
                 a file from the SD Card
  Framework assertions (test-5700.2002.log):
    2026-10-06 17:33:58: !!FAIL: No SD card present, test unsupported
    2026-10-06 17:34:13: PASS: Configuration on swi_a after TestCase tear_down() is the same as the initial TestSet Configuration
    2026-10-06 17:34:15: PASS: swi_a contains no exceptions
  => STEP 18 UNSUPPORTED: SD card variant; no SD card slot on this unit (STEP 1).

STEP 19 -- TestCase 2002.102 "Test all options for default boot - USB Media"
                                                                            PASS
--------------------------------------------------------------------------------
  Script method: 1. Check menu return to Boot Menu | 2. Check default boot from USB - boot using a
                 file from the USB storage device
  Framework assertions (test-5700.2002.log):
    2026-10-06 17:34:41: PASS: command 'copy mainrelease.rel usb:/mainreleaseusb.rel' issued and output 'Successful operation' seen
    2026-10-06 17:38:03: PASS: Current software is mainreleaseusb.rel
    2026-10-06 17:38:18: PASS: command 'copy backuprelease.rel usb:/backupreleaseusb.rel' issued and output 'Successful operation' seen
    2026-10-06 17:41:45: PASS: Current software is backupreleaseusb.rel
    2026-10-06 17:45:28: PASS: Configuration on swi_a after TestCase tear_down() is the same as the initial TestSet Configuration
    2026-10-06 17:45:30: PASS: swi_a contains no exceptions
  Device: bootloader default USB, main then backup USB release:
  Bootloader 6.2.40 loaded
  Press <Ctrl+B> for the Boot Menu
  Warning: System has been forced to boot from a non-standard location
  To restore the system to default behaviour, enter the Boot Menu,
          Choose option 2, then option 9
  Reading usb:mainreleaseusb.rel...                       <-- usb main
  Verifying release... OK
  Booting...
  Reading usb:backupreleaseusb.rel...                     <-- usb backup
  Verifying release... OK
  Booting
  => STEP 19 PASS: the USB default boot reads mainreleaseusb.rel, and backupreleaseusb.rel when that
     is the selected file; Current software matches each time.

STEP 20 -- TestCase 2002.110 "Test all options for one-off boot"         NOT RUN
--------------------------------------------------------------------------------
  Script method: 1. Check menu return to Boot Menu | 2. Check one-off boot main release filesystem
                 and check default boot reverts to tftp boot | 3. Check one-off boot backup release
                 filesystem and check default boot reverts to tftp boot | 4. Check one-off boot tftp
                 copy and check default boot reverts to tftp boot
  Framework assertions (test-5700.2002.log):
    2026-10-06 17:46:15: PASS: One-off Boot menu selected
    2026-10-06 17:46:16: PASS: return to Boot Menu
    2026-10-06 17:47:56: PASS: One-off boot in progress
    2026-10-06 17:50:27: PASS: Current software is mainrelease.rel
    2026-10-06 17:53:19: PASS: Current software is x230-tb470.rel
    2026-10-06 17:54:00: PASS: One-off boot in progress
    2026-10-06 17:56:28: PASS: Current software is backuprelease.rel
    2026-10-06 17:59:22: PASS: Current software is x230-tb470.rel
    2026-10-06 17:59:23: Traceback (most recent call last):
    NameError: name 'copy' is not defined. Did you forget to import 'copy'?
    2026-10-06 17:59:23: !!FAIL: exception in TestCase main, aborting test
    2026-10-06 17:59:30: PASS: Configuration on swi_a after TestCase tear_down() is the same as the initial TestSet Configuration
    2026-10-06 17:59:30: Power cycle swi_a
    2026-10-06 17:59:53: Power cycle swi_a completed: Success
  Device, part 2 (Boot Menu 1 -> 1 Flash, file 1):
  1
    Reading filesystem...
  Listing of usable files (root directory only)
    1. flash:mainrelease.rel
    2. flash:backuprelease.rel
  Enter selection (1-2, 0 to cancel) and press enter ==>
  1
  Warning: System has been forced to boot from a non-standard location
  To restore the system to default behaviour, enter the Boot Menu,
          Choose option 2, then option 9
  Reading flash:mainrelease.rel...                        <-- one-off: main
  Verifying release... OK
  Device, part 3 (file 2):
    1. flash:mainrelease.rel
    2. flash:backuprelease.rel
  Enter selection (1-2, 0 to cancel) and press enter ==>
  2
  Warning: System has been forced to boot from a non-standard location
  To restore the system to default behaviour, enter the Boot Menu,
          Choose option 2, then option 9
  Reading flash:backuprelease.rel...                      <-- one-off: backup
  Verifying release... OK
  Part 4, test-5700.2002.log (verbatim lines; the traceback's File lines, which name the
  framework/ATTestCase.py, test-5700.2002.py line 1016 and library_5700.py line 227 frames,
  are left out):
    2026-10-06 17:59:22: Checking one-off boot tftp copy
    2026-10-06 17:59:23: Traceback (most recent call last):
        settingsDict = get_default_bootloader_settings_copy(self)
        bootloaderSettings = copy.deepcopy(ts.defaultBootloaderSettings) if hasattr(ts, 'defaultBootloaderSettings') else None
                             ^^^^
    NameError: name 'copy' is not defined. Did you forget to import 'copy'?
    2026-10-06 17:59:23: !!FAIL: exception in TestCase main, aborting test
  => STEP 20 NOT RUN: parts 1-3 PASS -- the one-off menu returns to the Boot Menu, a one-off boot of
     mainrelease.rel and of backuprelease.rel each runs once and the next boot reverts to the TFTP
     default (x230-tb470.rel). Part 4 (one-off boot of a TFTP copy) was not run: the script raised
     NameError (library_5700.py:227, `copy` not imported). Framework result FAIL (numPassed 9
     numFailed 1) = that exception; no device check failed.

STEP 21 -- TestCase 2002.111 "Test all options for one-off boot - SD Card"
                                                                     UNSUPPORTED
--------------------------------------------------------------------------------
  Script method: 1. Check menu return to Boot Menu | 2. Check one-off boot from SD Card and check
                 default boot reverts to tftp boot, if supported | 6. Check one-off boot from USB
                 storage device and check default boot reverts to tftp boot, if supported
  Framework assertions (test-5700.2002.log):
    2026-10-06 18:02:39: !!FAIL: No SD card present, test unsupported
    2026-10-06 18:02:53: PASS: Configuration on swi_a after TestCase tear_down() is the same as the initial TestSet Configuration
    2026-10-06 18:02:55: PASS: swi_a contains no exceptions
  => STEP 21 UNSUPPORTED: SD card variant; no SD card slot on this unit (STEP 1).

STEP 22 -- TestCase 2002.112 "Test all options for one-off boot - USB Media"
                                                                            PASS
--------------------------------------------------------------------------------
  Script method: 1. Check menu return to Boot Menu | 2. Check one-off boot from USB storage device
                 and check default boot reverts to tftp boot, if supported
  Framework assertions (test-5700.2002.log):
    2026-10-06 18:03:20: PASS: command 'copy mainrelease.rel usb:/mainreleaseusb.rel' issued and output 'Successful operation' seen
    2026-10-06 18:03:33: PASS: command 'copy backuprelease.rel usb:/backupreleaseusb.rel' issued and output 'Successful operation' seen
    2026-10-06 18:04:18: PASS: One-off boot in progress
    2026-10-06 18:06:47: PASS: Current software is mainreleaseusb.rel
    2026-10-06 18:07:31: PASS: One-off boot in progress
    2026-10-06 18:09:58: PASS: Current software is backupreleaseusb.rel
    2026-10-06 18:12:50: PASS: Current software is x230-tb470.rel
    2026-10-06 18:12:58: PASS: Configuration on swi_a after TestCase tear_down() is the same as the initial TestSet Configuration
    2026-10-06 18:13:00: PASS: swi_a contains no exceptions
  Device: Boot Menu 1 -> 6 (USB) lists the stick; file 2, later file 1:
  Listing of usable files (root directory only)
    1. usb:backupreleaseusb.rel
    2. usb:mainreleaseusb.rel
    3. usb:---w-z-03-09-a-y---.rel
    4. usb:x230-2.rel
  Enter selection (1-4, 0 to cancel) and press enter ==>
  2
  Reading usb:mainreleaseusb.rel...                       <-- one-off: usb main
  Verifying release... OK
  1
  Reading usb:backupreleaseusb.rel...                     <-- one-off: usb backup
  Verifying release... OK
  Booting...
  => STEP 22 PASS: a one-off boot from the USB stick works for both USB releases, and the following
     boot reverts to the TFTP default (Current software x230-tb470.rel).

STEP 23 -- TestCase 2002.119 "Test one-off boot can read all of the flash"  PASS
--------------------------------------------------------------------------------
  Script method: 1. Fill flash with release files | 2. Check one-off boot lists all release files
  Framework assertions (test-5700.2002.log):
    2026-10-06 18:15:10: PASS: One-off boot listed all 2 release files:
    2026-10-06 18:18:11: PASS: Configuration on swi_a after TestCase tear_down() is the same as the initial TestSet Configuration
    2026-10-06 18:18:13: PASS: swi_a contains no exceptions
  Device: filling flash with release copies stops at the third:
swi_a_5700_2002# copy mainrelease.rel release_copy_0.rel
  Copying...
  % Destination file system out of space                  <-- flash full
  test-5700.2002.log:
    2026-10-06 18:14:38: All release files:
    2026-10-06 18:14:38:    mainrelease.rel
    2026-10-06 18:14:38:    backuprelease.rel
    2026-10-06 18:15:10: PASS: One-off boot listed all 2 release files:
    2026-10-06 18:15:10:      1. flash:mainrelease.rel
    2026-10-06 18:15:10:      2. flash:backuprelease.rel
  => STEP 23 PASS: the one-off boot file list shows every release on flash (2 of 2); flash holds
     only two 36.5 MB releases, so the list was two long.

STEP 24 -- TestCase 2002.120 "Test one-off boot can boot from all of the flash"
                                                                            PASS
--------------------------------------------------------------------------------
  Script method: 1. Fill flash with release files | 2. Check one-off boot lists all release files |
                 3. Check one-off boot can boot each of the release files
  Framework assertions (test-5700.2002.log):
    2026-10-06 18:19:59: PASS: One-off boot listed all 2 release files:
    2026-10-06 18:23:35: PASS: Device is booting
    2026-10-06 18:26:05: PASS: Current software is backuprelease.rel
    2026-10-06 18:26:46: PASS: Device is booting
    2026-10-06 18:29:15: PASS: Current software is mainrelease.rel
    2026-10-06 18:29:23: PASS: Configuration on swi_a after TestCase tear_down() is the same as the initial TestSet Configuration
    2026-10-06 18:29:25: PASS: swi_a contains no exceptions
  Device: third copy refused, then one-off boot of each listed release:
swi_a_5700_2002# copy mainrelease.rel release_copy_0.rel
  Copying...
  % Destination file system out of space                  <-- flash full
  Warning: System has been forced to boot from a non-standard location
  To restore the system to default behaviour, enter the Boot Menu,
          Choose option 2, then option 9
  Reading flash:backuprelease.rel...                      <-- release 1
  Verifying release... OK
  Warning: System has been forced to boot from a non-standard location
  To restore the system to default behaviour, enter the Boot Menu,
          Choose option 2, then option 9
  Reading flash:mainrelease.rel...                        <-- release 2
  Verifying release... OK
  => STEP 24 PASS: the one-off boot lists and boots each release on flash (backuprelease.rel, then
     mainrelease.rel). Coverage is two releases: the third copy did not fit ("% Destination file
     system out of space").

STEP 25 -- TestCase 2002.121 "Test setting Boot System to SD Card without a backup"
                                                                     UNSUPPORTED
--------------------------------------------------------------------------------
  Script method: 1. Unset Boot System and Boot System Backup | 2. Set the Boot System current to a
                 release on SD card | 3. Check for the correct error message | 4. Set the Boot
                 System current to a release on SD card | 5. Check for the correct error message
  Framework assertions (test-5700.2002.log):
    2026-10-06 18:29:29: !!FAIL: No SD card present, test unsupported
    2026-10-06 18:29:43: PASS: Configuration on swi_a after TestCase tear_down() is the same as the initial TestSet Configuration
    2026-10-06 18:29:44: PASS: swi_a contains no exceptions
  => STEP 25 UNSUPPORTED: SD card variant; no SD card slot on this unit (STEP 1).

STEP 26 -- TestCase 2002.122 "Test setting Boot System to USB Media without a backup"
                                                                            PASS
--------------------------------------------------------------------------------
  Script method: 1. Unset Boot System and Boot System Backup | 2. Set the Boot System current to a
                 release on USB | 3. Check for the correct error message | 4. Set the Boot System
                 current to a release on USB | 5. Check for the correct error message
  Framework assertions (test-5700.2002.log):
    2026-10-06 18:30:10: PASS: command 'copy mainrelease.rel usb:/mainreleaseusb.rel' issued and output 'Successful operation' seen
    2026-10-06 18:30:24: PASS: command 'copy backuprelease.rel usb:/backupreleaseusb.rel' issued and output 'Successful operation' seen
    2026-10-06 18:30:25: PASS: correct error message when setting Boot System to external storage without a backup set.
    2026-10-06 18:34:09: PASS: Configuration on swi_a after TestCase tear_down() is the same as the initial TestSet Configuration
    2026-10-06 18:34:11: PASS: swi_a contains no exceptions
  Device: boot system cleared (current and backup), then:
swi_a_5700_2002(config)# boot system usb:/mainreleaseusb.rel
  % A backup file must be set before setting a current file on USB storage device  <-- expected refusal
  => STEP 26 PASS: AW+ refuses a USB release as boot system without a backup set ("% A backup file
     must be set before setting a current file on USB storage device") -- the error message the
     script expects.
================================================================================
