1790734417.049 15:13:37 >>> configure terminal
configure terminal
Enter configuration commands, one per line.  End with CNTL/Z.
IE520-sa(config)#
1790734417.851 15:13:37 >>> interface port1.0.26
interface port1.0.26
IE520-sa(config-if)#
1790734418.652 15:13:38 >>> shutdown
shutdown
switch: port 26(port1.0.26) entered disabled state
IE520-sa(config-if)#switch: port 26(port1.0.26) entered disabled state

1790734419.453 15:13:39 >>> end
end
IE520-sa#
1790734420.254 15:13:40 >>> show mrp ring
show mrp ring
Media Redundancy Protocol - Ring Information
MRP Ring 1
 Domain ID:                           ffffffff-ffff-ffff-ffff-ffffffffffff
 Domain Name:                         
 Ring Status:                         Enabled
 Running State:                       Running
 Role:                                Client
 Port1:                               port1.0.13
  Status:                             Forwarding
 Port2:                               port1.0.26
  Status:                             Blocking
 Vlan ID:
 Profile:                             200ms
  Link Down Interval:                 20ms
  Link Up Interval:                   20ms
  Link Change Count:                  4
  Blocked port state supported:       Yes

IE520-sa#
