TEST 942 -- ACL: Named IPv6 Hardware on port send-to-mirror IP
===========================================================================
Run: 2026-09-22 08:31:18  tb470
configure terminal
Enter configuration commands, one per line.  End with CNTL/Z.
IE520-stk(config)#ipv6 access-list v6sm
IE520-stk(config-ipv6-hw-acl)#send-to-mirror ipv6 any any
                                      ^
% Invalid input detected at '^' marker.

IE520-stk(config-ipv6-hw-acl)#exit
IE520-stk(config)#end
IE520-stk#  attempted: send-to-mirror ipv6 any any
  result: ["% Invalid input detected at '^' marker."]

  Available actions in the IPv6 hardware ACL sub-mode on this build:
    <1-65535> commit copy-to-cpu copy-to-mirror deny do exit help no
    permit send-to-cpu send-to-vlan-port show
  -> there is NO send-to-mirror action for IPv6 hardware ACLs.

VERDICT: UNMEASURED -- the action does not exist on this platform, so the
case cannot be exercised. The case text itself anticipates this:
  'Not available on all platforms.' / 'Parameter not available on 5.4.3
  Release builds'. copy-to-mirror IS present and is covered by T943.
