
===== opened /dev/u5 at 2026-09-22 08:05:28 =====

IE520-stk#
>>> terminal length 0
terminal length 0
IE520-stk#
>>> terminal no monitor
terminal no monitor
IE520-stk#
>>> terminal length 0
terminal length 0
IE520-stk#configure terminal
Enter configuration commands, one per line.  End with CNTL/Z.
IE520-stk(config)#ipv6 access-list ?
  WORD      Specify Hardware IPv6 access list NAME
  extended  Named IP extended access list
  standard  Named IP standard access list

[K[35CIE520-stk(config)#ipv6 access-list 

IE520-stk#end
            ^
% Invalid input detected at '^' marker.

IE520-stk#configure terminal
Enter configuration commands, one per line.  End with CNTL/Z.
IE520-stk(config)#ipv6 access-list standard ?
  WORD  IP access-list name

[K[44CIE520-stk(config)#ipv6 access-list standard 

IE520-stk#end
            ^
% Invalid input detected at '^' marker.

IE520-stk#configure terminal
Enter configuration commands, one per line.  End with CNTL/Z.
IE520-stk(config)#access-list ?
  <1-99>             IP standard access list
  <100-199>          IP extended access list
  <1300-1999>        IP standard access list (expanded range)
  <2000-2699>        IP extended access list (expanded range)
  <3000-3699>        Hardware IP access list
  <4000-4699>        Hardware MAC access list
  extended           Named IP extended access list
  hardware           Named IP hardware access list
  hardware-deny-log  Logging of packets denied by hardware access-list
  standard           Named IP standard access list

[K[30CIE520-stk(config)#access-list 

IE520-stk#end
            ^
% Invalid input detected at '^' marker.

IE520-stk#