
===== opened /dev/u5 at 2026-09-22 10:09:06 =====

IE520-stk#
>>> terminal length 0
terminal length 0
IE520-stk#
>>> terminal no monitor
terminal no monitor
IE520-stk#
>>> terminal length 0
terminal length 0
IE520-stk#
>>> show running-config interface port2.0.2
show running-config interface port2.0.2
!
interface port2.0.2
 switchport
 switchport mode access
!
IE520-stk#
>>> show running-config interface port1.0.2
show running-config interface port1.0.2
!
interface port1.0.2
 switchport
 switchport mode access
!
IE520-stk#
>>> show vlan brief
show vlan brief

VLAN ID  Name            Type    State   Member ports                   
                                         (u)-Untagged, (t)-Tagged
======= ================ ======= ======= ====================================
1       default          STATIC  ACTIVE  port1.0.1(u) port1.0.2(u) port1.0.3(u) 
                                         port1.0.4(u) port1.0.5(u) port1.0.6(u) 
                                         port1.0.7(u) port1.0.8(u) port1.0.9(u) 
                                         port1.0.10(u) port1.0.11(u) 
                                         port1.0.12(u) port1.0.13(u) 
                                         port1.0.14(u) port1.0.15(u) 
                                         port1.0.16(u) port1.0.17(u) 
                                         port1.0.18(u) port1.0.19(u) 
                                         port1.0.20(u) port1.0.21(u) 
                                         port1.0.22(u) port1.0.23(u) 
                                         port1.0.24(u) port1.0.25(u) 
                                         port1.0.26(u) port2.0.1(u) 
                                         port2.0.2(u) port2.0.3(u) port2.0.4(u) 
                                         port2.0.5(u) port2.0.6(u) port2.0.7(u) 
                                         port2.0.8(u) port2.0.9(u) 
                                         port2.0.10(u) port2.0.11(u) 
                                         port2.0.12(u) port2.0.13(u) 
                                         port2.0.14(u) port2.0.15(u) 
                                         port2.0.16(u) port2.0.17(u) 
                                         port2.0.18(u) port2.0.19(u) 
                                         port2.0.20(u) port2.0.21(u) 
                                         port2.0.22(u) port2.0.23(u) 
                                         port2.0.24(u) port2.0.25(u) 
                                         port2.0.26(u) port3.0.1(u) 
                                         port3.0.2(u) port3.0.3(u) port3.0.4(u) 
                                         port3.0.5(u) port3.0.6(u) port3.0.7(u) 
                                         port3.0.8(u) port3.0.9(u) 
                                         port3.0.10(u) port3.0.11(u) 
                                         port3.0.12(u) port3.0.13(u) 
                                         port3.0.14(u) port3.0.15(u) 
                                         port3.0.16(u) port3.0.17(u) 
                                         port3.0.18(u) port3.0.19(u) 
                                         port3.0.20(u) port3.0.21(u) 
                                         port3.0.22(u) port3.0.23(u) 
                                         port3.0.24(u) port3.0.25(u) 
                                         port3.0.26(u) port4.0.1(u) 
                                         port4.0.3(u) port4.0.4(u) port4.0.5(u) 
                                         port4.0.6(u) port4.0.7(u) port4.0.8(u) 
                                         port4.0.9(u) port4.0.10(u) 
                                         port4.0.11(u) port4.0.12(u) 
                                         port4.0.13(u) port4.0.14(u) 
                                         port4.0.15(u) port4.0.16(u) 
                                         port4.0.17(u) port4.0.18(u) 
                                         port4.0.19(u) port4.0.20(u) 
                                         port4.0.21(u) port4.0.22(u) 
                                         port4.0.23(u) port4.0.24(u) 
                                         port4.0.25(u) port4.0.26(u) 
10      data             STATIC  ACTIVE  po1(u) port4.0.2(u) 
IE520-stk#