
===== opened /dev/u5 at 2026-09-22 09:10:05 =====

IE520-stk#
>>> terminal length 0
terminal length 0
IE520-stk#
>>> terminal no monitor
terminal no monitor
IE520-stk#
>>> terminal length 0
terminal length 0
IE520-stk#
>>> configure terminal
configure terminal
Enter configuration commands, one per line.  End with CNTL/Z.
IE520-stk(config)#
>>> radius-server local
radius-server local
IE520-stk(config-radsrv)#
>>> no user 00f04d007717
no user 00f04d007717
IE520-stk(config-radsrv)#
>>> no user 00-f0-4d-00-77-17
no user 00-f0-4d-00-77-17
IE520-stk(config-radsrv)#
>>> no user 00:f0:4d:00:77:17
no user 00:f0:4d:00:77:17
IE520-stk(config-radsrv)#
>>> no user 00F04D007717
no user 00F04D007717
IE520-stk(config-radsrv)#
>>> no user 00f0.4d00.7717
no user 00f0.4d00.7717
IE520-stk(config-radsrv)#
>>> no user testuser
no user testuser
IE520-stk(config-radsrv)#
>>> no nas 127.0.0.1
no nas 127.0.0.1
IE520-stk(config-radsrv)#
>>> exit
exit
IE520-stk(config)#
>>> no radius-server local
no radius-server local
IE520-stk(config)#
>>> end
end
IE520-stk#
>>> show radius local-server user
show radius local-server user

IE520-stk#
>>> show running-config | include radius
show running-config | include radius
IE520-stk#
>>> show stack
show stack
Virtual Chassis Stacking summary information

ID   Pending ID  MAC address        Priority  Status  Role
1    -           84e3.2787.0ac0     128       Ready   Backup Member
2    -           84e3.2787.0780     2         Ready   Backup Member
3    -           84e3.2787.0740     128       Ready   Active Master
4    -           84e3.2787.09c0     128       Ready   Backup Member

Operational Status                 Normal operation
Stack MAC address                  0000.cd37.0d6f (Virtual MAC)
IE520-stk#