
===== opened /dev/u5 at 2026-09-22 09:00:45 =====

IE520-stk#
>>> terminal length 0
terminal length 0
IE520-stk#
>>> terminal no monitor
terminal no monitor
IE520-stk#
>>> terminal length 0
terminal length 0
IE520-stk#
>>> clear auth supplicant interface port2.0.2
clear auth supplicant interface port2.0.2
                 ^
% Invalid input detected at '^' marker.

IE520-stk#
>>> show auth supplicant
show auth supplicant
Interface port2.0.2
  authenticationMethod: mac
  totalSupplicantNum: 1
  authorizedSupplicantNum: 1
  untaggedVlansupplicantNum: 1
  taggedVlansupplicantNum: 0
    macBasedAuthenticationSupplicantNum: 1
    dot1xAuthenticationSupplicantNum: 0
    webBasedAuthenticationSupplicantNum: 0
    otherAuthenticationSupplicantNum: 0

  Supplicant name: 00-f0-4d-00-77-17
  Supplicant address: 00f0.4d00.7717
    authenticationMethod: MAC-based Authentication
    portStatus: Authorized - currentId: 1
    abort:F fail:F start:F timeout:F success:T
    PAE: state: Authenticated - portMode: Auto
    PAE: reAuthCount: 0 - rxRespId: 0
    PAE: quietPeriod: 60 - maxReauthReq: 2
    BE: state: Idle - reqCount: 0 - idFromServer: 0
    CD: adminControlledDirections: in - operControlledDirections: in
    CD: bridgeDetected: false
    KR: rxKey: false
    KT: keyAvailable: false - keyTxEnabled: false
    RADIUS server group (auth): radius
    RADIUS server (auth): 127.0.0.1
    Session timeout enabled: No

IE520-stk#
>>> show auth supplicant brief
show auth supplicant brief
Interface port2.0.2
  authenticationMethod: mac
  totalSupplicantNum: 2
  authorizedSupplicantNum: 1
  untaggedVlansupplicantNum: 1
  taggedVlansupplicantNum: 0
    macBasedAuthenticationSupplicantNum: 1
    dot1xAuthenticationSupplicantNum: 0
    webBasedAuthenticationSupplicantNum: 0
    otherAuthenticationSupplicantNum: 0

Interface   VID  Mode MAC Address    Status            IP Address      Username
=========== ==== ==== ============== ================= =============== ========
port2.0.2   1    M    00f0.4d00.7717 Authenticated     --              00-f0...
port2.0.2   1    M    0000.dead.beef Held              --              --

IE520-stk#