
===== opened /dev/u5 at 2026-09-22 08:28:11 =====

IE520-stk#
>>> terminal length 0
terminal length 0
IE520-stk#
>>> terminal no monitor
terminal no monitor
IE520-stk#
>>> terminal length 0
terminal length 0
IE520-stk#
>>> configure terminal
configure terminal
Enter configuration commands, one per line.  End with CNTL/Z.
IE520-stk(config)#
>>> ipv6 access-list v6glob
ipv6 access-list v6glob
IE520-stk(config-ipv6-hw-acl)#
>>> deny ipv6 2001:db8:7::/64 any
deny ipv6 2001:db8:7::/64 any
IE520-stk(config-ipv6-hw-acl)#
>>> permit ipv6 any any
permit ipv6 any any
IE520-stk(config-ipv6-hw-acl)#
>>> exit
exit
IE520-stk(config)#
>>> ipv6 traffic-filter v6glob
ipv6 traffic-filter v6glob
IE520-stk(config)#
>>> end
end
IE520-stk#
>>> show running-config interface port2.0.2
show running-config interface port2.0.2
!
interface port2.0.2
 switchport
 switchport mode access
!
IE520-stk#
>>> show running-config | include ipv6 traffic-filter
show running-config | include ipv6 traffic-filter
ipv6 traffic-filter v6glob
IE520-stk#
>>> show access-list counters
show access-list counters
Hardware ACL Packet Counters

Name: v6glob

	Rule: deny ipv6 2001:db8:7::/64 any
	Packet Hits: 10


	Rule: permit ipv6 any any
	Packet Hits: 10

IE520-stk#
>>> configure terminal
configure terminal
Enter configuration commands, one per line.  End with CNTL/Z.
IE520-stk(config)#
>>> no ipv6 traffic-filter v6glob
no ipv6 traffic-filter v6glob
IE520-stk(config)#
>>> no ipv6 access-list v6glob
no ipv6 access-list v6glob
IE520-stk(config)#
>>> end
end
IE520-stk#