
===== opened /dev/u5 at 2026-09-22 08:10:33 =====

IE520-stk#
>>> terminal length 0
terminal length 0
IE520-stk#
>>> terminal no monitor
terminal no monitor
IE520-stk#
>>> terminal length 0
terminal length 0
IE520-stk#configure terminal
Enter configuration commands, one per line.  End with CNTL/Z.
IE520-stk(config)#line vty 0 7
IE520-stk(config-line)#ipv6 access-class ?
% Unrecognized command
[K[41CIE520-stk(config-line)#ipv6 access-class 

IE520-stk#end
            ^
% Invalid input detected at '^' marker.

IE520-stk#
>>> configure terminal
configure terminal
Enter configuration commands, one per line.  End with CNTL/Z.
IE520-stk(config)#
>>> no ipv6 access-list standard v6std
no ipv6 access-list standard v6std
IE520-stk(config)#
>>> end
end
IE520-stk#
>>> show ipv6 access-list
show ipv6 access-list
IE520-stk#