
===== opened /dev/u5 at 2026-09-22 09:03:16 =====

IE520-stk#
>>> terminal length 0
terminal length 0
IE520-stk#
>>> terminal no monitor
terminal no monitor
IE520-stk#
>>> terminal length 0
terminal length 0
IE520-stk#
>>> show auth supplicant
show auth supplicant
Interface port2.0.2
  authenticationMethod: web
  totalSupplicantNum: 1
  authorizedSupplicantNum: 1
  untaggedVlansupplicantNum: 1
  taggedVlansupplicantNum: 0
    macBasedAuthenticationSupplicantNum: 0
    dot1xAuthenticationSupplicantNum: 0
    webBasedAuthenticationSupplicantNum: 1
    otherAuthenticationSupplicantNum: 0

  Supplicant name: testuser
  Supplicant address: 00f0.4d00.7717
    authenticationMethod: WEB-based Authentication
    portStatus: Authorized - currentId: 1
    abort:F fail:F start:F timeout:F success:T
    PAE: state: Authenticated - portMode: Auto
    PAE: reAuthCount: 0 - rxRespId: 0
    PAE: quietPeriod: 60 - maxReauthReq: 2
    BE: state: Idle - reqCount: 0 - idFromServer: 0
    CD: adminControlledDirections: in - operControlledDirections: in
    CD: bridgeDetected: false
    KR: rxKey: false
    KT: keyAvailable: false - keyTxEnabled: false
    RADIUS server group (auth): radius
    RADIUS server (auth): 127.0.0.1
    Session timeout enabled: No

IE520-stk#