
===== opened /dev/u5 at 2026-09-22 08:56:29 =====

IE520-stk#
>>> terminal length 0
terminal length 0
IE520-stk#
>>> terminal no monitor
terminal no monitor
IE520-stk#
>>> terminal length 0
terminal length 0
IE520-stk#
>>> configure terminal
configure terminal
Enter configuration commands, one per line.  End with CNTL/Z.
IE520-stk(config)#
>>> radius-server local
radius-server local
IE520-stk(config-radsrv)#
>>> end
end
IE520-stk#
>>> configure terminal
configure terminal
Enter configuration commands, one per line.  End with CNTL/Z.
IE520-stk(config)#
>>> radius-server local
radius-server local
IE520-stk(config-radsrv)#
>>> server enable
server enable
IE520-stk(config-radsrv)#
>>> exit
exit
IE520-stk(config)#
>>> end
end
IE520-stk#
>>> configure terminal
configure terminal
Enter configuration commands, one per line.  End with CNTL/Z.
IE520-stk(config)#
>>> radius-server local
radius-server local
IE520-stk(config-radsrv)#
>>> nas 127.0.0.1 key localkey
nas 127.0.0.1 key localkey
IE520-stk(config-radsrv)#
>>> exit
exit
IE520-stk(config)#
>>> end
end
IE520-stk#
>>> show radius local-server
show radius local-server
% Incomplete command.

IE520-stk#
>>> show radius local-server nas
show radius local-server nas
Total NAS: 1
Maximum NAS allowed by license: 1000
RADIUS Local Server Secure (TLS) Proxy:
  Trustpoints         : (None)
  Mutual Auth         : on
  Cert Name Check     : global default on
  Proxy Status        : not running (not configured)

                                                                         Message
NAS-Address      Shared-Key (encrypted)                            Authenticator
--------------------------------------------------------------------------------
127.0.0.1        jXi0YZsAvMP3tO8WI/h+U6FxnDK/fk1qY5QPp48OZjk=           optional

TLS Client Host/IP Address        Cert Name Check
-------------------------------------------------
IE520-stk#
>>> show radius local-server user
show radius local-server user

Total users: 2
Maximum users allowed by license: 5000

User-Name                                     Group             Vlan            
--------------------------------------------------------------------------------
00f04d007717                                                                    
testuser                                                                        
IE520-stk#