
===== opened /dev/u5 at 2026-09-22 08:29:46 =====

IE520-stk#
>>> terminal length 0
terminal length 0
IE520-stk#
>>> terminal no monitor
terminal no monitor
IE520-stk#
>>> terminal length 0
terminal length 0
IE520-stk#configure terminal
Enter configuration commands, one per line.  End with CNTL/Z.
IE520-stk(config)#ipv6 access-list v6probe
IE520-stk(config-ipv6-hw-acl)#?
IPv6 Hardware Access-list Configuration commands:
  <1-65535>          Sequence Number
  commit             Apply the newest version access-list to hardware
  copy-to-cpu        Specify packets to copy to the CPU
  copy-to-mirror     Specify packets to copy to the mirror port
  deny               Specify packets to reject
  do                 To run exec commands in config mode
  exit               End current mode and down to previous mode
  help               Description of the interactive help system
  no                 Negate a command or set its defaults
  permit             Specify packets to permit
  send-to-cpu        Specify packets to send to the CPU
  send-to-vlan-port  Specify packets to send to a port on a VLAN
  show               Show running system information

[K[30CIE520-stk(config-ipv6-hw-acl)#

IE520-stk#end
            ^
% Invalid input detected at '^' marker.

IE520-stk#configure terminal
Enter configuration commands, one per line.  End with CNTL/Z.
IE520-stk(config)#interface port3.0.2
IE520-stk(config-if)#mirror ?
  interface  Interface range

[K[28CIE520-stk(config-if)#mirror 

IE520-stk#end
            ^
% Invalid input detected at '^' marker.

IE520-stk#
>>> configure terminal
configure terminal
Enter configuration commands, one per line.  End with CNTL/Z.
IE520-stk(config)#
>>> no ipv6 access-list v6probe
no ipv6 access-list v6probe
IE520-stk(config)#
>>> end
end
IE520-stk#