
===== opened /dev/u5 at 2026-09-22 09:45:43 =====

IE520-stk#
>>> terminal length 0
terminal length 0
IE520-stk#
>>> terminal no monitor
terminal no monitor
IE520-stk#
>>> terminal length 0
terminal length 0
IE520-stk#
>>> configure terminal
configure terminal
Enter configuration commands, one per line.  End with CNTL/Z.
IE520-stk(config)#
>>> no policy-map qpm
no policy-map qpm
% Can't find policy-map list (qpm)
IE520-stk(config)#
>>> end
end
IE520-stk#
>>> configure terminal
configure terminal
Enter configuration commands, one per line.  End with CNTL/Z.
IE520-stk(config)#
>>> no class-map qcm
no class-map qcm
% Can't find class-map (qcm)
IE520-stk(config)#
>>> end
end
IE520-stk#
>>> configure terminal
configure terminal
Enter configuration commands, one per line.  End with CNTL/Z.
IE520-stk(config)#
>>> no access-list hardware qacl
no access-list hardware qacl
IE520-stk(config)#
>>> end
end
IE520-stk#
>>> show access-list
show access-list
IE520-stk#